2026-09-13 21:45:03,452 P2068655 INFO ---- Model: ----MSTGAD-dc92c2d8----random_seed : 1----req_loss_approach : Legendre-style----rec_lambda : 1.0----auxi_lambda : 0.2----Freq Domain : FITS_Legendre----Multi Fits : false----train : True----evaluate : False
2026-09-13 21:45:03,453 P2068655 INFO Load from /home/db2003/Desktop/Amr/Tests/Eadro/codes/chunks/TT
2026-09-13 21:45:18,500 P2068655 INFO Fewshot: training with 1.0 of the 70% of the data
2026-09-13 21:45:18,605 P2068655 INFO Trainable Parameters Breakdown:
2026-09-13 21:45:18,605 P2068655 INFO --------------------------------------------------------------------------------
2026-09-13 21:45:18,605 P2068655 INFO Reconstruction-Specific Parameters:
2026-09-13 21:45:18,605 P2068655 INFO node_emb.linear.weight                   | shape: (8, 7)                    | params: 56
2026-09-13 21:45:18,605 P2068655 INFO node_emb.linear.bias                     | shape: (8,)                      | params: 8
2026-09-13 21:45:18,605 P2068655 INFO log_emb.linear.weight                    | shape: (32, 60)                  | params: 1,920
2026-09-13 21:45:18,605 P2068655 INFO log_emb.linear.bias                      | shape: (32,)                     | params: 32
2026-09-13 21:45:18,605 P2068655 INFO egde_emb.linear.weight                   | shape: (8, 2)                    | params: 16
2026-09-13 21:45:18,605 P2068655 INFO egde_emb.linear.bias                     | shape: (8,)                      | params: 8
2026-09-13 21:45:18,606 P2068655 INFO dense_node.weight                        | shape: (7, 8)                    | params: 56
2026-09-13 21:45:18,606 P2068655 INFO dense_node.bias                          | shape: (7,)                      | params: 7
2026-09-13 21:45:18,606 P2068655 INFO dense_log.weight                         | shape: (60, 32)                  | params: 1,920
2026-09-13 21:45:18,606 P2068655 INFO dense_log.bias                           | shape: (60,)                     | params: 60
2026-09-13 21:45:18,606 P2068655 INFO dense_edge.weight                        | shape: (2, 8)                    | params: 16
2026-09-13 21:45:18,606 P2068655 INFO dense_edge.bias                          | shape: (2,)                      | params: 2
2026-09-13 21:45:18,606 P2068655 INFO linear_attn.Wq.weight                    | shape: (10, 10)                  | params: 100
2026-09-13 21:45:18,606 P2068655 INFO linear_attn.Wk.weight                    | shape: (10, 10)                  | params: 100
2026-09-13 21:45:18,606 P2068655 INFO linear_attn.Wv.weight                    | shape: (10, 10)                  | params: 100
2026-09-13 21:45:18,606 P2068655 INFO linear_attn.out.weight                   | shape: (10, 10)                  | params: 100
2026-09-13 21:45:18,606 P2068655 INFO linear_attn.out.bias                     | shape: (10,)                     | params: 10
2026-09-13 21:45:18,606 P2068655 INFO linear_attn.norm.weight                  | shape: (10,)                     | params: 10
2026-09-13 21:45:18,606 P2068655 INFO linear_attn.norm.bias                    | shape: (10,)                     | params: 10
2026-09-13 21:45:18,606 P2068655 INFO shared_fits.normlin_W                    | shape: (7, 7)                    | params: 49
2026-09-13 21:45:18,606 P2068655 INFO shared_fits.freq_upsampler.weight        | shape: (7, 7)                    | params: 49
2026-09-13 21:45:18,606 P2068655 INFO shared_fits.freq_upsampler.bias          | shape: (7,)                      | params: 7
2026-09-13 21:45:18,606 P2068655 INFO modality_proj.node.weight                | shape: (10, 8)                   | params: 80
2026-09-13 21:45:18,607 P2068655 INFO modality_proj.node.bias                  | shape: (10,)                     | params: 10
2026-09-13 21:45:18,607 P2068655 INFO modality_proj.log.weight                 | shape: (10, 32)                  | params: 320
2026-09-13 21:45:18,607 P2068655 INFO modality_proj.log.bias                   | shape: (10,)                     | params: 10
2026-09-13 21:45:18,607 P2068655 INFO modality_proj.edge.weight                | shape: (10, 8)                   | params: 80
2026-09-13 21:45:18,607 P2068655 INFO modality_proj.edge.bias                  | shape: (10,)                     | params: 10
2026-09-13 21:45:18,607 P2068655 INFO modality_proj_out.node.weight            | shape: (8, 10)                   | params: 80
2026-09-13 21:45:18,607 P2068655 INFO modality_proj_out.node.bias              | shape: (8,)                      | params: 8
2026-09-13 21:45:18,607 P2068655 INFO modality_proj_out.log.weight             | shape: (32, 10)                  | params: 320
2026-09-13 21:45:18,607 P2068655 INFO modality_proj_out.log.bias               | shape: (32,)                     | params: 32
2026-09-13 21:45:18,607 P2068655 INFO modality_proj_out.edge.weight            | shape: (8, 10)                   | params: 80
2026-09-13 21:45:18,607 P2068655 INFO modality_proj_out.edge.bias              | shape: (8,)                      | params: 8
2026-09-13 21:45:18,607 P2068655 INFO Subtotal: 5,674
2026-09-13 21:45:18,607 P2068655 INFO --------------------------------------------------------------------------------
2026-09-13 21:45:18,607 P2068655 INFO Common Parameters:
2026-09-13 21:45:18,607 P2068655 INFO show.0.weight                            | shape: (128, 69)                 | params: 8,832
2026-09-13 21:45:18,607 P2068655 INFO show.0.bias                              | shape: (128,)                    | params: 128
2026-09-13 21:45:18,607 P2068655 INFO show.2.weight                            | shape: (2, 128)                  | params: 256
2026-09-13 21:45:18,607 P2068655 INFO show.2.bias                              | shape: (2,)                      | params: 2
2026-09-13 21:45:18,607 P2068655 INFO Subtotal: 9,218
2026-09-13 21:45:18,608 P2068655 INFO --------------------------------------------------------------------------------
2026-09-13 21:45:18,608 P2068655 INFO Total Trainable Parameters: 14,892

2026-09-13 21:45:18,608 P2068655 INFO Trainable Parameters: 14892, reconstruction: 5674, common: 9218
2026-09-13 21:45:18,608 P2068655 INFO model : init weight
2026-09-13 21:45:18,608 P2068655 INFO Using GPU...
2026-09-13 21:45:18,615 P2068655 INFO optimizer : using AdaBelief
2026-09-13 21:45:18,615 P2068655 INFO ----------------------------------------------------------------------------------------------------
2026-09-13 21:45:18,615 P2068655 INFO 0/50 starting... lr: 0.001 para:1.0
2026-09-13 21:45:47,317 P2068655 INFO Epoch 0/50, all_loss:0.07198 cls_loss:40.90847 rec_loss:0.07198 [28.70s]; best loss:0.07198, patience : 0
2026-09-13 21:45:47,317 P2068655 INFO ----------------------------------------------------------------------------------------------------
2026-09-13 21:45:47,317 P2068655 INFO 1/50 starting... lr: 0.001 para:0.5
2026-09-13 21:46:28,001 P2068655 INFO Epoch 1/50, all_loss:2.08494 cls_loss:3.88897 rec_loss:0.28091 [40.68s]; best loss:2.08494, patience : 0
2026-09-13 21:46:28,002 P2068655 INFO ----------------------------------------------------------------------------------------------------
2026-09-13 21:46:28,002 P2068655 INFO 2/50 starting... lr: 0.001 para:0.3333333432674408
2026-09-13 21:46:58,466 P2068655 INFO Epoch 2/50, all_loss:1.58696 cls_loss:2.24238 rec_loss:0.27611 [30.46s]; best loss:1.58696, patience : 0
2026-09-13 21:47:16,628 P2068655 INFO pr:0.8487  rc:0.5003  auc:0.9870 ap:0.8980 f1: 0.6295 pred_right: 1075866 pred_wrong:20334 actu_right: 1061708 actu_wrong: 34492
2026-09-13 21:47:24,436 P2068655 INFO pr:0.8511  rc:0.4976  auc:0.9873 ap:0.8984 f1: 0.6280 pred_right: 461143 pred_wrong:8657 actu_right: 454992 actu_wrong: 14808
2026-09-13 21:47:24,443 P2068655 INFO ----------------------------------------------------------------------------------------------------
2026-09-13 21:47:24,444 P2068655 INFO 3/50 starting... lr: 0.001 para:0.25
2026-09-13 21:47:55,881 P2068655 INFO Epoch 3/50, all_loss:1.64267 cls_loss:2.09619 rec_loss:0.28212 [31.44s]; best loss:1.58696, patience : 1
2026-09-13 21:48:26,672 P2068655 INFO pr:0.9207  rc:0.4256  auc:0.9851 ap:0.8797 f1: 0.5821 pred_right: 1080255 pred_wrong:15945 actu_right: 1061709 actu_wrong: 34491
2026-09-13 21:48:33,672 P2068655 INFO pr:0.9163  rc:0.4229  auc:0.9854 ap:0.8779 f1: 0.5788 pred_right: 462965 pred_wrong:6835 actu_right: 454992 actu_wrong: 14808
2026-09-13 21:48:33,673 P2068655 INFO ----------------------------------------------------------------------------------------------------
2026-09-13 21:48:33,673 P2068655 INFO 4/50 starting... lr: 0.001 para:0.20000000298023224
2026-09-13 21:49:05,413 P2068655 INFO Epoch 4/50, all_loss:1.60808 cls_loss:1.93286 rec_loss:0.30896 [31.74s]; best loss:1.58696, patience : 1
2026-09-13 21:49:22,727 P2068655 INFO pr:0.8851  rc:0.5411  auc:0.9904 ap:0.9165 f1: 0.6716 pred_right: 1075115 pred_wrong:21085 actu_right: 1061711 actu_wrong: 34489
2026-09-13 21:49:30,394 P2068655 INFO pr:0.8874  rc:0.5384  auc:0.9906 ap:0.9168 f1: 0.6702 pred_right: 460815 pred_wrong:8985 actu_right: 454992 actu_wrong: 14808
2026-09-13 21:49:30,399 P2068655 INFO ----------------------------------------------------------------------------------------------------
2026-09-13 21:49:30,400 P2068655 INFO 5/50 starting... lr: 0.001 para:0.1666666716337204
2026-09-13 21:50:02,984 P2068655 INFO Epoch 5/50, all_loss:1.57768 cls_loss:1.81993 rec_loss:0.36643 [32.58s]; best loss:1.57768, patience : 0
2026-09-13 21:50:31,769 P2068655 INFO pr:0.8434  rc:0.6996  auc:0.9926 ap:0.9316 f1: 0.7648 pred_right: 1067596 pred_wrong:28604 actu_right: 1061713 actu_wrong: 34487
2026-09-13 21:50:39,242 P2068655 INFO pr:0.8456  rc:0.6983  auc:0.9926 ap:0.9306 f1: 0.7650 pred_right: 457571 pred_wrong:12229 actu_right: 454992 actu_wrong: 14808
2026-09-13 21:50:39,247 P2068655 INFO ----------------------------------------------------------------------------------------------------
2026-09-13 21:50:39,247 P2068655 INFO 6/50 starting... lr: 0.001 para:0.1428571492433548
2026-09-13 21:51:11,116 P2068655 INFO Epoch 6/50, all_loss:1.52401 cls_loss:1.70611 rec_loss:0.43137 [31.86s]; best loss:1.52401, patience : 0
2026-09-13 21:51:28,982 P2068655 INFO pr:0.9219  rc:0.6355  auc:0.9928 ap:0.9414 f1: 0.7524 pred_right: 1072422 pred_wrong:23778 actu_right: 1061710 actu_wrong: 34490
2026-09-13 21:51:36,026 P2068655 INFO pr:0.9221  rc:0.6359  auc:0.9925 ap:0.9411 f1: 0.7527 pred_right: 459589 pred_wrong:10211 actu_right: 454992 actu_wrong: 14808
2026-09-13 21:51:36,027 P2068655 INFO ----------------------------------------------------------------------------------------------------
2026-09-13 21:51:36,027 P2068655 INFO 7/50 starting... lr: 0.001 para:0.125
2026-09-13 21:52:08,243 P2068655 INFO Epoch 7/50, all_loss:1.48491 cls_loss:1.62779 rec_loss:0.48476 [32.21s]; best loss:1.48491, patience : 0
2026-09-13 21:52:33,345 P2068655 INFO pr:0.8771  rc:0.7185  auc:0.9947 ap:0.9503 f1: 0.7899 pred_right: 1067949 pred_wrong:28251 actu_right: 1061715 actu_wrong: 34485
2026-09-13 21:52:42,509 P2068655 INFO pr:0.8809  rc:0.7160  auc:0.9948 ap:0.9502 f1: 0.7899 pred_right: 457763 pred_wrong:12037 actu_right: 454992 actu_wrong: 14808
2026-09-13 21:52:42,515 P2068655 INFO ----------------------------------------------------------------------------------------------------
2026-09-13 21:52:42,515 P2068655 INFO 8/50 starting... lr: 0.001 para:0.1111111119389534
2026-09-13 21:53:14,912 P2068655 INFO Epoch 8/50, all_loss:1.41568 cls_loss:1.52540 rec_loss:0.53792 [32.39s]; best loss:1.41568, patience : 0
2026-09-13 21:53:31,144 P2068655 INFO pr:0.8848  rc:0.7220  auc:0.9947 ap:0.9544 f1: 0.7952 pred_right: 1068056 pred_wrong:28144 actu_right: 1061713 actu_wrong: 34487
2026-09-13 21:53:38,450 P2068655 INFO pr:0.8846  rc:0.7170  auc:0.9947 ap:0.9541 f1: 0.7921 pred_right: 457797 pred_wrong:12003 actu_right: 454992 actu_wrong: 14808
2026-09-13 21:53:38,456 P2068655 INFO ----------------------------------------------------------------------------------------------------
2026-09-13 21:53:38,456 P2068655 INFO 9/50 starting... lr: 0.001 para:0.10000000149011612
2026-09-13 21:54:12,358 P2068655 INFO Epoch 9/50, all_loss:1.30151 cls_loss:1.37823 rec_loss:0.61099 [33.90s]; best loss:1.30151, patience : 0
2026-09-13 21:54:25,297 P2068655 INFO pr:0.8368  rc:0.8415  auc:0.9968 ap:0.9639 f1: 0.8391 pred_right: 1061520 pred_wrong:34680 actu_right: 1061711 actu_wrong: 34489
2026-09-13 21:54:42,471 P2068655 INFO pr:0.8388  rc:0.8371  auc:0.9968 ap:0.9635 f1: 0.8379 pred_right: 455021 pred_wrong:14779 actu_right: 454992 actu_wrong: 14808
2026-09-13 21:54:42,483 P2068655 INFO ----------------------------------------------------------------------------------------------------
2026-09-13 21:54:42,484 P2068655 INFO 10/50 starting... lr: 0.001 para:0.09090909361839294
2026-09-13 21:55:16,765 P2068655 INFO Epoch 10/50, all_loss:1.24724 cls_loss:1.30222 rec_loss:0.69738 [34.27s]; best loss:1.24724, patience : 0
2026-09-13 21:55:34,159 P2068655 INFO pr:0.9398  rc:0.6876  auc:0.9966 ap:0.9684 f1: 0.7942 pred_right: 1070967 pred_wrong:25233 actu_right: 1061712 actu_wrong: 34488
2026-09-13 21:55:41,626 P2068655 INFO pr:0.9426  rc:0.6833  auc:0.9968 ap:0.9686 f1: 0.7923 pred_right: 459065 pred_wrong:10735 actu_right: 454992 actu_wrong: 14808
2026-09-13 21:55:41,627 P2068655 INFO ----------------------------------------------------------------------------------------------------
2026-09-13 21:55:41,627 P2068655 INFO 11/50 starting... lr: 0.001 para:0.0833333358168602
2026-09-13 21:56:15,832 P2068655 INFO Epoch 11/50, all_loss:1.14465 cls_loss:1.17766 rec_loss:0.78151 [34.20s]; best loss:1.14465, patience : 0
2026-09-13 21:56:31,407 P2068655 INFO pr:0.8448  rc:0.8986  auc:0.9976 ap:0.9704 f1: 0.8709 pred_right: 1059513 pred_wrong:36687 actu_right: 1061709 actu_wrong: 34491
2026-09-13 21:56:37,546 P2068655 INFO pr:0.8459  rc:0.8944  auc:0.9976 ap:0.9698 f1: 0.8695 pred_right: 454143 pred_wrong:15657 actu_right: 454992 actu_wrong: 14808
2026-09-13 21:56:37,551 P2068655 INFO ----------------------------------------------------------------------------------------------------
2026-09-13 21:56:37,551 P2068655 INFO 12/50 starting... lr: 0.001 para:0.07692307978868484
2026-09-13 21:57:21,834 P2068655 INFO Epoch 12/50, all_loss:1.05796 cls_loss:1.07265 rec_loss:0.88161 [44.28s]; best loss:1.05796, patience : 0
2026-09-13 21:57:38,669 P2068655 INFO pr:0.8686  rc:0.9065  auc:0.9976 ap:0.9746 f1: 0.8871 pred_right: 1060198 pred_wrong:36002 actu_right: 1061706 actu_wrong: 34494
2026-09-13 21:57:45,519 P2068655 INFO pr:0.8693  rc:0.9048  auc:0.9977 ap:0.9743 f1: 0.8867 pred_right: 454387 pred_wrong:15413 actu_right: 454992 actu_wrong: 14808
2026-09-13 21:57:45,525 P2068655 INFO ----------------------------------------------------------------------------------------------------
2026-09-13 21:57:45,525 P2068655 INFO 13/50 starting... lr: 0.001 para:0.0714285746216774
2026-09-13 21:58:18,296 P2068655 INFO Epoch 13/50, all_loss:1.00266 cls_loss:1.00448 rec_loss:0.97906 [32.76s]; best loss:1.00266, patience : 0
2026-09-13 21:58:36,145 P2068655 INFO pr:0.8726  rc:0.9296  auc:0.9979 ap:0.9806 f1: 0.9002 pred_right: 1059455 pred_wrong:36745 actu_right: 1061710 actu_wrong: 34490
2026-09-13 21:58:41,855 P2068655 INFO pr:0.8727  rc:0.9300  auc:0.9980 ap:0.9806 f1: 0.9005 pred_right: 454019 pred_wrong:15781 actu_right: 454992 actu_wrong: 14808
2026-09-13 21:58:41,860 P2068655 INFO ----------------------------------------------------------------------------------------------------
2026-09-13 21:58:41,860 P2068655 INFO 14/50 starting... lr: 0.001 para:0.06666667014360428
2026-09-13 21:59:24,987 P2068655 INFO Epoch 14/50, all_loss:0.88907 cls_loss:0.87793 rec_loss:1.04510 [43.12s]; best loss:0.88907, patience : 0
2026-09-13 21:59:41,688 P2068655 INFO pr:0.9273  rc:0.8523  auc:0.9985 ap:0.9839 f1: 0.8882 pred_right: 1064497 pred_wrong:31703 actu_right: 1061707 actu_wrong: 34493
2026-09-13 21:59:49,251 P2068655 INFO pr:0.9297  rc:0.8508  auc:0.9986 ap:0.9837 f1: 0.8885 pred_right: 456250 pred_wrong:13550 actu_right: 454992 actu_wrong: 14808
2026-09-13 21:59:49,252 P2068655 INFO ----------------------------------------------------------------------------------------------------
2026-09-13 21:59:49,252 P2068655 INFO 15/50 starting... lr: 0.001 para:0.0625
2026-09-13 22:00:21,867 P2068655 INFO Epoch 15/50, all_loss:0.87189 cls_loss:0.85625 rec_loss:1.10645 [32.61s]; best loss:0.87189, patience : 0
2026-09-13 22:00:40,790 P2068655 INFO pr:0.9447  rc:0.8256  auc:0.9987 ap:0.9851 f1: 0.8811 pred_right: 1066059 pred_wrong:30141 actu_right: 1061711 actu_wrong: 34489
2026-09-13 22:00:46,509 P2068655 INFO pr:0.9474  rc:0.8255  auc:0.9988 ap:0.9853 f1: 0.8822 pred_right: 456897 pred_wrong:12903 actu_right: 454992 actu_wrong: 14808
2026-09-13 22:00:46,510 P2068655 INFO ----------------------------------------------------------------------------------------------------
2026-09-13 22:00:46,510 P2068655 INFO 16/50 starting... lr: 0.001 para:0.05882352963089943
2026-09-13 22:01:28,889 P2068655 INFO Epoch 16/50, all_loss:0.82309 cls_loss:0.80293 rec_loss:1.14561 [42.37s]; best loss:0.82309, patience : 0
2026-09-13 22:01:44,882 P2068655 INFO pr:0.9127  rc:0.7644  auc:0.9971 ap:0.9712 f1: 0.8320 pred_right: 1067311 pred_wrong:28889 actu_right: 1061709 actu_wrong: 34491
2026-09-13 22:01:51,785 P2068655 INFO pr:0.9150  rc:0.7615  auc:0.9971 ap:0.9712 f1: 0.8312 pred_right: 457476 pred_wrong:12324 actu_right: 454992 actu_wrong: 14808
2026-09-13 22:01:51,786 P2068655 INFO ----------------------------------------------------------------------------------------------------
2026-09-13 22:01:51,786 P2068655 INFO 17/50 starting... lr: 0.001 para:0.0555555559694767
2026-09-13 22:02:24,833 P2068655 INFO Epoch 17/50, all_loss:0.83665 cls_loss:0.81832 rec_loss:1.14821 [33.05s]; best loss:0.82309, patience : 1
2026-09-13 22:02:42,253 P2068655 INFO pr:0.8976  rc:0.9203  auc:0.9981 ap:0.9827 f1: 0.9088 pred_right: 1060839 pred_wrong:35361 actu_right: 1061710 actu_wrong: 34490
2026-09-13 22:02:51,272 P2068655 INFO pr:0.9020  rc:0.9202  auc:0.9982 ap:0.9831 f1: 0.9110 pred_right: 454693 pred_wrong:15107 actu_right: 454992 actu_wrong: 14808
2026-09-13 22:02:51,277 P2068655 INFO ----------------------------------------------------------------------------------------------------
2026-09-13 22:02:51,277 P2068655 INFO 18/50 starting... lr: 0.001 para:0.05263157933950424
2026-09-13 22:03:31,677 P2068655 INFO Epoch 18/50, all_loss:0.77692 cls_loss:0.75458 rec_loss:1.17906 [40.39s]; best loss:0.77692, patience : 0
2026-09-13 22:03:48,198 P2068655 INFO pr:0.8624  rc:0.9697  auc:0.9984 ap:0.9855 f1: 0.9129 pred_right: 1057422 pred_wrong:38778 actu_right: 1061711 actu_wrong: 34489
2026-09-13 22:03:54,345 P2068655 INFO pr:0.8639  rc:0.9706  auc:0.9986 ap:0.9855 f1: 0.9141 pred_right: 453164 pred_wrong:16636 actu_right: 454992 actu_wrong: 14808
2026-09-13 22:03:54,351 P2068655 INFO ----------------------------------------------------------------------------------------------------
2026-09-13 22:03:54,351 P2068655 INFO 19/50 starting... lr: 0.001 para:0.05000000074505806
2026-09-13 22:04:27,099 P2068655 INFO Epoch 19/50, all_loss:0.80105 cls_loss:0.78213 rec_loss:1.16065 [32.75s]; best loss:0.77692, patience : 1
2026-09-13 22:04:43,849 P2068655 INFO pr:0.8816  rc:0.9636  auc:0.9989 ap:0.9864 f1: 0.9208 pred_right: 1058500 pred_wrong:37700 actu_right: 1061709 actu_wrong: 34491
2026-09-13 22:04:51,547 P2068655 INFO pr:0.8834  rc:0.9640  auc:0.9989 ap:0.9863 f1: 0.9219 pred_right: 453641 pred_wrong:16159 actu_right: 454992 actu_wrong: 14808
2026-09-13 22:04:51,553 P2068655 INFO ----------------------------------------------------------------------------------------------------
2026-09-13 22:04:51,553 P2068655 INFO 20/50 starting... lr: 0.001 para:0.0476190485060215
2026-09-13 22:05:33,316 P2068655 INFO Epoch 20/50, all_loss:0.79111 cls_loss:0.77158 rec_loss:1.18183 [41.76s]; best loss:0.77692, patience : 1
2026-09-13 22:05:51,479 P2068655 INFO pr:0.9397  rc:0.8801  auc:0.9985 ap:0.9870 f1: 0.9089 pred_right: 1063898 pred_wrong:32302 actu_right: 1061711 actu_wrong: 34489
2026-09-13 22:05:58,747 P2068655 INFO pr:0.9420  rc:0.8757  auc:0.9982 ap:0.9867 f1: 0.9076 pred_right: 456035 pred_wrong:13765 actu_right: 454992 actu_wrong: 14808
2026-09-13 22:05:58,748 P2068655 INFO ----------------------------------------------------------------------------------------------------
2026-09-13 22:05:58,748 P2068655 INFO 21/50 starting... lr: 0.001 para:0.04545454680919647
2026-09-13 22:06:30,192 P2068655 INFO Epoch 21/50, all_loss:0.78581 cls_loss:0.76714 rec_loss:1.17786 [31.44s]; best loss:0.77692, patience : 1
2026-09-13 22:06:47,737 P2068655 INFO pr:0.9075  rc:0.9379  auc:0.9987 ap:0.9859 f1: 0.9225 pred_right: 1060556 pred_wrong:35644 actu_right: 1061712 actu_wrong: 34488
2026-09-13 22:06:54,868 P2068655 INFO pr:0.9089  rc:0.9386  auc:0.9989 ap:0.9864 f1: 0.9235 pred_right: 454508 pred_wrong:15292 actu_right: 454992 actu_wrong: 14808
2026-09-13 22:06:54,874 P2068655 INFO ----------------------------------------------------------------------------------------------------
2026-09-13 22:06:54,874 P2068655 INFO 22/50 starting... lr: 0.001 para:0.043478261679410934
2026-09-13 22:07:26,127 P2068655 INFO Epoch 22/50, all_loss:0.70086 cls_loss:0.67725 rec_loss:1.22028 [31.24s]; best loss:0.70086, patience : 0
2026-09-13 22:07:56,741 P2068655 INFO pr:0.9090  rc:0.9522  auc:0.9987 ap:0.9887 f1: 0.9301 pred_right: 1060076 pred_wrong:36124 actu_right: 1061715 actu_wrong: 34485
2026-09-13 22:08:03,479 P2068655 INFO pr:0.9101  rc:0.9508  auc:0.9984 ap:0.9880 f1: 0.9300 pred_right: 454330 pred_wrong:15470 actu_right: 454992 actu_wrong: 14808
2026-09-13 22:08:03,484 P2068655 INFO ----------------------------------------------------------------------------------------------------
2026-09-13 22:08:03,485 P2068655 INFO 23/50 starting... lr: 0.001 para:0.0416666679084301
2026-09-13 22:08:35,546 P2068655 INFO Epoch 23/50, all_loss:0.69695 cls_loss:0.67344 rec_loss:1.23777 [32.05s]; best loss:0.69695, patience : 0
2026-09-13 22:08:52,015 P2068655 INFO pr:0.8897  rc:0.9725  auc:0.9991 ap:0.9886 f1: 0.9293 pred_right: 1058500 pred_wrong:37700 actu_right: 1061713 actu_wrong: 34487
2026-09-13 22:08:59,048 P2068655 INFO pr:0.8922  rc:0.9694  auc:0.9991 ap:0.9879 f1: 0.9292 pred_right: 453710 pred_wrong:16090 actu_right: 454992 actu_wrong: 14808
2026-09-13 22:08:59,049 P2068655 INFO ----------------------------------------------------------------------------------------------------
2026-09-13 22:08:59,049 P2068655 INFO 24/50 starting... lr: 0.001 para:0.03999999910593033
2026-09-13 22:09:31,861 P2068655 INFO Epoch 24/50, all_loss:0.67990 cls_loss:0.65738 rec_loss:1.22051 [32.81s]; best loss:0.67990, patience : 0
2026-09-13 22:10:01,141 P2068655 INFO pr:0.9522  rc:0.7887  auc:0.9986 ap:0.9866 f1: 0.8628 pred_right: 1067633 pred_wrong:28567 actu_right: 1061711 actu_wrong: 34489
2026-09-13 22:10:08,504 P2068655 INFO pr:0.9542  rc:0.7911  auc:0.9987 ap:0.9869 f1: 0.8651 pred_right: 457523 pred_wrong:12277 actu_right: 454992 actu_wrong: 14808
2026-09-13 22:10:08,505 P2068655 INFO ----------------------------------------------------------------------------------------------------
2026-09-13 22:10:08,505 P2068655 INFO 25/50 starting... lr: 0.001 para:0.03846153989434242
2026-09-13 22:10:41,348 P2068655 INFO Epoch 25/50, all_loss:0.65212 cls_loss:0.62867 rec_loss:1.23828 [32.84s]; best loss:0.65212, patience : 0
2026-09-13 22:10:58,860 P2068655 INFO pr:0.8994  rc:0.9602  auc:0.9985 ap:0.9885 f1: 0.9288 pred_right: 1059376 pred_wrong:36824 actu_right: 1061709 actu_wrong: 34491
2026-09-13 22:11:05,643 P2068655 INFO pr:0.9013  rc:0.9584  auc:0.9985 ap:0.9881 f1: 0.9289 pred_right: 454053 pred_wrong:15747 actu_right: 454992 actu_wrong: 14808
2026-09-13 22:11:05,644 P2068655 INFO ----------------------------------------------------------------------------------------------------
2026-09-13 22:11:05,644 P2068655 INFO 26/50 starting... lr: 0.001 para:0.03703703731298447
2026-09-13 22:11:39,872 P2068655 INFO Epoch 26/50, all_loss:0.69799 cls_loss:0.67728 rec_loss:1.23644 [34.23s]; best loss:0.65212, patience : 1
2026-09-13 22:11:54,489 P2068655 INFO pr:0.9154  rc:0.9355  auc:0.9984 ap:0.9891 f1: 0.9253 pred_right: 1060948 pred_wrong:35252 actu_right: 1061708 actu_wrong: 34492
2026-09-13 22:12:13,980 P2068655 INFO pr:0.9162  rc:0.9327  auc:0.9983 ap:0.9885 f1: 0.9244 pred_right: 454725 pred_wrong:15075 actu_right: 454992 actu_wrong: 14808
2026-09-13 22:12:13,982 P2068655 INFO ----------------------------------------------------------------------------------------------------
2026-09-13 22:12:13,982 P2068655 INFO 27/50 starting... lr: 0.001 para:0.0357142873108387
2026-09-13 22:12:46,160 P2068655 INFO Epoch 27/50, all_loss:0.62687 cls_loss:0.60396 rec_loss:1.24538 [32.17s]; best loss:0.62687, patience : 0
2026-09-13 22:13:03,182 P2068655 INFO pr:0.9030  rc:0.9572  auc:0.9991 ap:0.9899 f1: 0.9293 pred_right: 1059641 pred_wrong:36559 actu_right: 1061711 actu_wrong: 34489
2026-09-13 22:13:10,768 P2068655 INFO pr:0.9053  rc:0.9591  auc:0.9991 ap:0.9894 f1: 0.9314 pred_right: 454112 pred_wrong:15688 actu_right: 454992 actu_wrong: 14808
2026-09-13 22:13:10,769 P2068655 INFO ----------------------------------------------------------------------------------------------------
2026-09-13 22:13:10,769 P2068655 INFO 28/50 starting... lr: 0.001 para:0.03448275849223137
2026-09-13 22:13:45,051 P2068655 INFO Epoch 28/50, all_loss:0.61658 cls_loss:0.59392 rec_loss:1.25082 [34.26s]; best loss:0.61658, patience : 0
2026-09-13 22:13:59,859 P2068655 INFO pr:0.9486  rc:0.8868  auc:0.9990 ap:0.9895 f1: 0.9167 pred_right: 1063956 pred_wrong:32244 actu_right: 1061708 actu_wrong: 34492
2026-09-13 22:14:13,965 P2068655 INFO pr:0.9505  rc:0.8825  auc:0.9989 ap:0.9894 f1: 0.9153 pred_right: 456052 pred_wrong:13748 actu_right: 454992 actu_wrong: 14808
2026-09-13 22:14:13,967 P2068655 INFO ----------------------------------------------------------------------------------------------------
2026-09-13 22:14:13,967 P2068655 INFO 29/50 starting... lr: 0.001 para:0.03333333507180214
2026-09-13 22:14:51,038 P2068655 INFO Epoch 29/50, all_loss:0.59066 cls_loss:0.56787 rec_loss:1.25170 [37.06s]; best loss:0.59066, patience : 0
2026-09-13 22:15:08,274 P2068655 INFO pr:0.9188  rc:0.9293  auc:0.9983 ap:0.9878 f1: 0.9240 pred_right: 1061316 pred_wrong:34884 actu_right: 1061712 actu_wrong: 34488
2026-09-13 22:15:15,380 P2068655 INFO pr:0.9208  rc:0.9261  auc:0.9983 ap:0.9873 f1: 0.9235 pred_right: 454907 pred_wrong:14893 actu_right: 454992 actu_wrong: 14808
2026-09-13 22:15:15,381 P2068655 INFO ----------------------------------------------------------------------------------------------------
2026-09-13 22:15:15,381 P2068655 INFO 30/50 starting... lr: 0.001 para:0.032258063554763794
2026-09-13 22:15:48,563 P2068655 INFO Epoch 30/50, all_loss:0.60911 cls_loss:0.58688 rec_loss:1.27605 [33.18s]; best loss:0.59066, patience : 1
2026-09-13 22:16:05,216 P2068655 INFO pr:0.9351  rc:0.9451  auc:0.9992 ap:0.9922 f1: 0.9401 pred_right: 1061343 pred_wrong:34857 actu_right: 1061712 actu_wrong: 34488
2026-09-13 22:16:11,365 P2068655 INFO pr:0.9367  rc:0.9419  auc:0.9990 ap:0.9912 f1: 0.9393 pred_right: 454911 pred_wrong:14889 actu_right: 454992 actu_wrong: 14808
2026-09-13 22:16:11,370 P2068655 INFO ----------------------------------------------------------------------------------------------------
2026-09-13 22:16:11,370 P2068655 INFO 31/50 starting... lr: 0.001 para:0.03125
2026-09-13 22:16:54,799 P2068655 INFO Epoch 31/50, all_loss:0.61942 cls_loss:0.59767 rec_loss:1.29384 [43.43s]; best loss:0.59066, patience : 2
2026-09-13 22:17:11,116 P2068655 INFO pr:0.9311  rc:0.9217  auc:0.9992 ap:0.9914 f1: 0.9264 pred_right: 1062056 pred_wrong:34144 actu_right: 1061709 actu_wrong: 34491
2026-09-13 22:17:18,156 P2068655 INFO pr:0.9321  rc:0.9194  auc:0.9992 ap:0.9908 f1: 0.9257 pred_right: 455194 pred_wrong:14606 actu_right: 454992 actu_wrong: 14808
2026-09-13 22:17:18,157 P2068655 INFO ----------------------------------------------------------------------------------------------------
2026-09-13 22:17:18,158 P2068655 INFO 32/50 starting... lr: 0.001 para:0.03030303120613098
2026-09-13 22:17:52,598 P2068655 INFO Epoch 32/50, all_loss:0.57190 cls_loss:0.55022 rec_loss:1.26546 [34.43s]; best loss:0.57190, patience : 0
2026-09-13 22:18:09,839 P2068655 INFO pr:0.9189  rc:0.9599  auc:0.9993 ap:0.9907 f1: 0.9390 pred_right: 1060176 pred_wrong:36024 actu_right: 1061712 actu_wrong: 34488
2026-09-13 22:18:14,724 P2068655 INFO pr:0.9193  rc:0.9564  auc:0.9993 ap:0.9905 f1: 0.9375 pred_right: 454394 pred_wrong:15406 actu_right: 454992 actu_wrong: 14808
2026-09-13 22:18:14,725 P2068655 INFO ----------------------------------------------------------------------------------------------------
2026-09-13 22:18:14,725 P2068655 INFO 33/50 starting... lr: 0.001 para:0.029411764815449715
2026-09-13 22:18:57,411 P2068655 INFO Epoch 33/50, all_loss:0.56446 cls_loss:0.54229 rec_loss:1.29603 [42.68s]; best loss:0.56446, patience : 0
2026-09-13 22:19:13,261 P2068655 INFO pr:0.9172  rc:0.9681  auc:0.9992 ap:0.9916 f1: 0.9420 pred_right: 1059794 pred_wrong:36406 actu_right: 1061711 actu_wrong: 34489
2026-09-13 22:19:19,727 P2068655 INFO pr:0.9187  rc:0.9642  auc:0.9992 ap:0.9907 f1: 0.9409 pred_right: 454258 pred_wrong:15542 actu_right: 454992 actu_wrong: 14808
2026-09-13 22:19:19,732 P2068655 INFO ----------------------------------------------------------------------------------------------------
2026-09-13 22:19:19,733 P2068655 INFO 34/50 starting... lr: 0.001 para:0.02857142873108387
2026-09-13 22:19:53,043 P2068655 INFO Epoch 34/50, all_loss:0.54040 cls_loss:0.51826 rec_loss:1.29301 [33.30s]; best loss:0.54040, patience : 0
2026-09-13 22:20:11,173 P2068655 INFO pr:0.9601  rc:0.8706  auc:0.9988 ap:0.9921 f1: 0.9132 pred_right: 1064923 pred_wrong:31277 actu_right: 1061707 actu_wrong: 34493
2026-09-13 22:20:18,215 P2068655 INFO pr:0.9597  rc:0.8662  auc:0.9988 ap:0.9917 f1: 0.9105 pred_right: 456435 pred_wrong:13365 actu_right: 454992 actu_wrong: 14808
2026-09-13 22:20:18,217 P2068655 INFO ----------------------------------------------------------------------------------------------------
2026-09-13 22:20:18,217 P2068655 INFO 35/50 starting... lr: 0.001 para:0.02777777798473835
2026-09-13 22:20:59,840 P2068655 INFO Epoch 35/50, all_loss:0.56072 cls_loss:0.54031 rec_loss:1.27501 [41.62s]; best loss:0.54040, patience : 1
2026-09-13 22:21:16,694 P2068655 INFO pr:0.9301  rc:0.9528  auc:0.9990 ap:0.9920 f1: 0.9413 pred_right: 1060871 pred_wrong:35329 actu_right: 1061714 actu_wrong: 34486
2026-09-13 22:21:23,870 P2068655 INFO pr:0.9316  rc:0.9475  auc:0.9987 ap:0.9911 f1: 0.9395 pred_right: 454740 pred_wrong:15060 actu_right: 454992 actu_wrong: 14808
2026-09-13 22:21:23,871 P2068655 INFO ----------------------------------------------------------------------------------------------------
2026-09-13 22:21:23,871 P2068655 INFO 36/50 starting... lr: 0.001 para:0.027027027681469917
2026-09-13 22:21:56,604 P2068655 INFO Epoch 36/50, all_loss:0.57152 cls_loss:0.55121 rec_loss:1.30264 [32.73s]; best loss:0.54040, patience : 2
2026-09-13 22:22:14,229 P2068655 INFO pr:0.9502  rc:0.9154  auc:0.9987 ap:0.9927 f1: 0.9325 pred_right: 1062973 pred_wrong:33227 actu_right: 1061709 actu_wrong: 34491
2026-09-13 22:22:22,032 P2068655 INFO pr:0.9478  rc:0.9117  auc:0.9984 ap:0.9920 f1: 0.9294 pred_right: 455556 pred_wrong:14244 actu_right: 454992 actu_wrong: 14808
2026-09-13 22:22:22,033 P2068655 INFO ----------------------------------------------------------------------------------------------------
2026-09-13 22:22:22,033 P2068655 INFO 37/50 starting... lr: 0.001 para:0.02631578966975212
2026-09-13 22:23:00,058 P2068655 INFO Epoch 37/50, all_loss:0.53262 cls_loss:0.51178 rec_loss:1.30347 [38.00s]; best loss:0.53262, patience : 0
2026-09-13 22:23:22,409 P2068655 INFO pr:0.9286  rc:0.9628  auc:0.9994 ap:0.9910 f1: 0.9454 pred_right: 1060439 pred_wrong:35761 actu_right: 1061710 actu_wrong: 34490
2026-09-13 22:23:29,444 P2068655 INFO pr:0.9301  rc:0.9602  auc:0.9993 ap:0.9907 f1: 0.9449 pred_right: 454513 pred_wrong:15287 actu_right: 454992 actu_wrong: 14808
2026-09-13 22:23:29,450 P2068655 INFO ----------------------------------------------------------------------------------------------------
2026-09-13 22:23:29,451 P2068655 INFO 38/50 starting... lr: 0.001 para:0.025641025975346565
2026-09-13 22:24:00,849 P2068655 INFO Epoch 38/50, all_loss:0.54054 cls_loss:0.52034 rec_loss:1.30819 [31.40s]; best loss:0.53262, patience : 1
2026-09-13 22:24:18,493 P2068655 INFO pr:0.9518  rc:0.9179  auc:0.9991 ap:0.9929 f1: 0.9345 pred_right: 1062937 pred_wrong:33263 actu_right: 1061709 actu_wrong: 34491
2026-09-13 22:24:25,535 P2068655 INFO pr:0.9512  rc:0.9139  auc:0.9992 ap:0.9922 f1: 0.9322 pred_right: 455572 pred_wrong:14228 actu_right: 454992 actu_wrong: 14808
2026-09-13 22:24:25,536 P2068655 INFO ----------------------------------------------------------------------------------------------------
2026-09-13 22:24:25,537 P2068655 INFO 39/50 starting... lr: 0.001 para:0.02500000037252903
2026-09-13 22:24:56,645 P2068655 INFO Epoch 39/50, all_loss:0.49575 cls_loss:0.47426 rec_loss:1.33373 [31.10s]; best loss:0.49575, patience : 0
2026-09-13 22:25:27,183 P2068655 INFO pr:0.9538  rc:0.9259  auc:0.9995 ap:0.9932 f1: 0.9397 pred_right: 1062722 pred_wrong:33478 actu_right: 1061713 actu_wrong: 34487
2026-09-13 22:25:34,304 P2068655 INFO pr:0.9524  rc:0.9220  auc:0.9994 ap:0.9928 f1: 0.9369 pred_right: 455464 pred_wrong:14336 actu_right: 454992 actu_wrong: 14808
2026-09-13 22:25:34,305 P2068655 INFO ----------------------------------------------------------------------------------------------------
2026-09-13 22:25:34,305 P2068655 INFO 40/50 starting... lr: 0.001 para:0.024390242993831635
2026-09-13 22:26:05,154 P2068655 INFO Epoch 40/50, all_loss:0.50325 cls_loss:0.48216 rec_loss:1.34689 [30.85s]; best loss:0.49575, patience : 1
2026-09-13 22:26:22,356 P2068655 INFO pr:0.9541  rc:0.9278  auc:0.9990 ap:0.9917 f1: 0.9408 pred_right: 1062662 pred_wrong:33538 actu_right: 1061711 actu_wrong: 34489
2026-09-13 22:26:29,755 P2068655 INFO pr:0.9548  rc:0.9221  auc:0.9989 ap:0.9917 f1: 0.9381 pred_right: 455499 pred_wrong:14301 actu_right: 454992 actu_wrong: 14808
2026-09-13 22:26:29,756 P2068655 INFO ----------------------------------------------------------------------------------------------------
2026-09-13 22:26:29,756 P2068655 INFO 41/50 starting... lr: 0.001 para:0.02380952425301075
2026-09-13 22:27:02,504 P2068655 INFO Epoch 41/50, all_loss:0.54759 cls_loss:0.52912 rec_loss:1.30469 [32.75s]; best loss:0.49575, patience : 2
2026-09-13 22:27:32,072 P2068655 INFO pr:0.9533  rc:0.9171  auc:0.9989 ap:0.9936 f1: 0.9349 pred_right: 1063024 pred_wrong:33176 actu_right: 1061712 actu_wrong: 34488
2026-09-13 22:27:39,958 P2068655 INFO pr:0.9540  rc:0.9125  auc:0.9990 ap:0.9931 f1: 0.9328 pred_right: 455635 pred_wrong:14165 actu_right: 454992 actu_wrong: 14808
2026-09-13 22:27:39,959 P2068655 INFO ----------------------------------------------------------------------------------------------------
2026-09-13 22:27:39,959 P2068655 INFO 42/50 starting... lr: 0.001 para:0.023255813866853714
2026-09-13 22:28:10,823 P2068655 INFO Epoch 42/50, all_loss:0.52996 cls_loss:0.51059 rec_loss:1.34333 [30.86s]; best loss:0.49575, patience : 2
2026-09-13 22:28:28,124 P2068655 INFO pr:0.9301  rc:0.9668  auc:0.9994 ap:0.9925 f1: 0.9481 pred_right: 1060345 pred_wrong:35855 actu_right: 1061709 actu_wrong: 34491
2026-09-13 22:28:35,236 P2068655 INFO pr:0.9301  rc:0.9605  auc:0.9993 ap:0.9918 f1: 0.9450 pred_right: 454508 pred_wrong:15292 actu_right: 454992 actu_wrong: 14808
2026-09-13 22:28:35,242 P2068655 INFO ----------------------------------------------------------------------------------------------------
2026-09-13 22:28:35,242 P2068655 INFO 43/50 starting... lr: 0.001 para:0.022727273404598236
2026-09-13 22:29:08,350 P2068655 INFO Epoch 43/50, all_loss:0.51163 cls_loss:0.49227 rec_loss:1.34414 [33.11s]; best loss:0.49575, patience : 2
2026-09-13 22:29:27,583 P2068655 INFO pr:0.9708  rc:0.8535  auc:0.9993 ap:0.9929 f1: 0.9084 pred_right: 1065875 pred_wrong:30325 actu_right: 1061709 actu_wrong: 34491
2026-09-13 22:29:41,762 P2068655 INFO pr:0.9690  rc:0.8499  auc:0.9993 ap:0.9922 f1: 0.9056 pred_right: 456812 pred_wrong:12988 actu_right: 454992 actu_wrong: 14808
2026-09-13 22:29:41,763 P2068655 INFO ----------------------------------------------------------------------------------------------------
2026-09-13 22:29:41,763 P2068655 INFO 44/50 starting... lr: 0.001 para:0.02222222276031971
2026-09-13 22:30:14,427 P2068655 INFO Epoch 44/50, all_loss:0.50397 cls_loss:0.48506 rec_loss:1.33596 [32.66s]; best loss:0.49575, patience : 2
2026-09-13 22:30:30,883 P2068655 INFO pr:0.9393  rc:0.9505  auc:0.9995 ap:0.9930 f1: 0.9449 pred_right: 1061299 pred_wrong:34901 actu_right: 1061708 actu_wrong: 34492
2026-09-13 22:30:39,583 P2068655 INFO pr:0.9383  rc:0.9450  auc:0.9994 ap:0.9924 f1: 0.9417 pred_right: 454886 pred_wrong:14914 actu_right: 454992 actu_wrong: 14808
2026-09-13 22:30:39,584 P2068655 INFO ----------------------------------------------------------------------------------------------------
2026-09-13 22:30:39,585 P2068655 INFO 45/50 starting... lr: 0.001 para:0.021739130839705467
2026-09-13 22:31:14,247 P2068655 INFO Epoch 45/50, all_loss:0.44552 cls_loss:0.42565 rec_loss:1.33964 [34.66s]; best loss:0.44552, patience : 0
2026-09-13 22:31:29,534 P2068655 INFO pr:0.9312  rc:0.9611  auc:0.9991 ap:0.9926 f1: 0.9459 pred_right: 1060596 pred_wrong:35604 actu_right: 1061705 actu_wrong: 34495
2026-09-13 22:31:43,346 P2068655 INFO pr:0.9317  rc:0.9576  auc:0.9990 ap:0.9925 f1: 0.9445 pred_right: 454581 pred_wrong:15219 actu_right: 454992 actu_wrong: 14808
2026-09-13 22:31:43,349 P2068655 INFO ----------------------------------------------------------------------------------------------------
2026-09-13 22:31:43,349 P2068655 INFO 46/50 starting... lr: 0.001 para:0.021276595070958138
2026-09-13 22:32:21,222 P2068655 INFO Epoch 46/50, all_loss:0.48800 cls_loss:0.47000 rec_loss:1.31599 [37.87s]; best loss:0.44552, patience : 1
2026-09-13 22:32:37,951 P2068655 INFO pr:0.9484  rc:0.9155  auc:0.9990 ap:0.9927 f1: 0.9317 pred_right: 1062902 pred_wrong:33298 actu_right: 1061707 actu_wrong: 34493
2026-09-13 22:32:45,290 P2068655 INFO pr:0.9488  rc:0.9110  auc:0.9990 ap:0.9922 f1: 0.9295 pred_right: 455582 pred_wrong:14218 actu_right: 454992 actu_wrong: 14808
2026-09-13 22:32:45,291 P2068655 INFO ----------------------------------------------------------------------------------------------------
2026-09-13 22:32:45,291 P2068655 INFO 47/50 starting... lr: 0.001 para:0.02083333395421505
2026-09-13 22:33:21,702 P2068655 INFO Epoch 47/50, all_loss:0.51375 cls_loss:0.49628 rec_loss:1.33465 [36.41s]; best loss:0.44552, patience : 2
2026-09-13 22:33:37,610 P2068655 INFO pr:0.9533  rc:0.9363  auc:0.9988 ap:0.9936 f1: 0.9447 pred_right: 1062323 pred_wrong:33877 actu_right: 1061709 actu_wrong: 34491
2026-09-13 22:33:43,990 P2068655 INFO pr:0.9538  rc:0.9362  auc:0.9989 ap:0.9934 f1: 0.9449 pred_right: 455266 pred_wrong:14534 actu_right: 454992 actu_wrong: 14808
2026-09-13 22:33:43,992 P2068655 INFO ----------------------------------------------------------------------------------------------------
2026-09-13 22:33:43,992 P2068655 INFO 48/50 starting... lr: 0.001 para:0.020408162847161293
2026-09-13 22:34:30,810 P2068655 INFO Epoch 48/50, all_loss:0.45322 cls_loss:0.43435 rec_loss:1.35916 [46.82s]; best loss:0.44552, patience : 2
2026-09-13 22:34:48,757 P2068655 INFO pr:0.9322  rc:0.9729  auc:0.9996 ap:0.9943 f1: 0.9521 pred_right: 1060204 pred_wrong:35996 actu_right: 1061712 actu_wrong: 34488
2026-09-13 22:34:56,102 P2068655 INFO pr:0.9349  rc:0.9718  auc:0.9995 ap:0.9936 f1: 0.9530 pred_right: 454408 pred_wrong:15392 actu_right: 454992 actu_wrong: 14808
2026-09-13 22:34:56,107 P2068655 INFO ----------------------------------------------------------------------------------------------------
2026-09-13 22:34:56,107 P2068655 INFO 49/50 starting... lr: 0.001 para:0.019999999552965164
2026-09-13 22:35:30,939 P2068655 INFO Epoch 49/50, all_loss:0.44103 cls_loss:0.42216 rec_loss:1.36571 [34.82s]; best loss:0.44103, patience : 0
2026-09-13 22:35:48,411 P2068655 INFO pr:0.9517  rc:0.9051  auc:0.9993 ap:0.9931 f1: 0.9278 pred_right: 1063399 pred_wrong:32801 actu_right: 1061709 actu_wrong: 34491
2026-09-13 22:35:53,865 P2068655 INFO pr:0.9500  rc:0.9028  auc:0.9992 ap:0.9926 f1: 0.9258 pred_right: 455728 pred_wrong:14072 actu_right: 454992 actu_wrong: 14808
2026-09-13 22:35:53,866 P2068655 INFO saving model...
2026-09-13 22:35:53,866 P2068655 INFO FITS_Legendre - loss  best score:0.44103410840034485 at epoch 49
2026-09-13 22:35:53,873 P2068655 INFO FITS_Legendre - f1  best score:0.9521309800805856 at epoch 48
2026-09-13 22:35:53,881 P2068655 INFO Average training time per epoch: 34.97 seconds
2026-09-13 22:35:53,882 P2068655 INFO calculate scores...
2026-09-13 22:35:53,882 P2068655 INFO calculate label with loss...
2026-09-13 22:35:53,883 P2068655 INFO FITS_Legendre on ./result/server_only_exps/Ablations_updatedFreDF/FITS_Legendre-TT-Epochs50-Seed1-ExpNameRQ2z5_basis_degree_comparison-LPFLPF-Attnlinear_attn-NormLinTrue-RecLambda1.0-AuxiLambda0.2-lowshow-simplegraph-Degree7-BasisTypelaguerre loading...
2026-09-13 22:36:00,752 P2068655 INFO pr:0.9500  rc:0.9028  auc:0.9992 ap:0.9926 f1: 0.9258 pred_right: 455728 pred_wrong:14072 actu_right: 454992 actu_wrong: 14808
2026-09-13 22:36:29,250 P2068655 INFO pr:0.9500  rc:0.9028  auc:0.9992 ap:0.9926 f1: 0.9258 pred_right: 455728 pred_wrong:14072 actu_right: 454992 actu_wrong: 14808
2026-09-13 22:36:29,251 P2068655 INFO Performance Summary:
{'GPU': {'inference_time_per_sample_ms': 0.3317061028989667, 'throughput_samples_per_sec': 3014.7169173567686, 'peak_memory_mb': 87.724609375, 'energy_per_sample_joules': 0.016138994583497775}, 'CPU': {'inference_time_per_sample_ms': 1.5898886285337324, 'throughput_samples_per_sec': 628.9748741219978, 'peak_memory_mb': 5923.4140625, 'energy_per_sample_joules': 0.1033427608546926}}
2026-09-13 22:36:29,251 P2068655 INFO Starting clean-room hardware benchmarking...
2026-09-13 22:36:30,586 P2068655 INFO Performance with loss: pr:0.9500  rc:0.9028  auc:0.9992 ap:0.9926 f1: 0.9258 pred_right: 455728 pred_wrong:14072 actu_right: 454992 actu_wrong: 14808
2026-09-13 22:36:30,587 P2068655 INFO calculate label with f1...
2026-09-13 22:36:30,587 P2068655 INFO FITS_Legendre on ./result/server_only_exps/Ablations_updatedFreDF/FITS_Legendre-TT-Epochs50-Seed1-ExpNameRQ2z5_basis_degree_comparison-LPFLPF-Attnlinear_attn-NormLinTrue-RecLambda1.0-AuxiLambda0.2-lowshow-simplegraph-Degree7-BasisTypelaguerre loading...
2026-09-13 22:36:38,421 P2068655 INFO pr:0.9349  rc:0.9718  auc:0.9995 ap:0.9936 f1: 0.9530 pred_right: 454408 pred_wrong:15392 actu_right: 454992 actu_wrong: 14808
2026-09-13 22:36:49,681 P2068655 INFO pr:0.9349  rc:0.9718  auc:0.9995 ap:0.9936 f1: 0.9530 pred_right: 454408 pred_wrong:15392 actu_right: 454992 actu_wrong: 14808
2026-09-13 22:36:49,682 P2068655 INFO Performance Summary:
{'GPU': {'inference_time_per_sample_ms': 0.40478748273356774, 'throughput_samples_per_sec': 2470.4321221765713, 'peak_memory_mb': 87.220703125, 'energy_per_sample_joules': 0.020476781995301625}, 'CPU': {'inference_time_per_sample_ms': 0.598124083640518, 'throughput_samples_per_sec': 1671.893888494575, 'peak_memory_mb': 5511.0546875, 'energy_per_sample_joules': 0.03887806543663366}}
2026-09-13 22:36:49,682 P2068655 INFO Starting clean-room hardware benchmarking...
2026-09-13 22:36:50,837 P2068655 INFO Performance with f1: pr:0.9349  rc:0.9718  auc:0.9995 ap:0.9936 f1: 0.9530 pred_right: 454408 pred_wrong:15392 actu_right: 454992 actu_wrong: 14808
2026-09-13 22:36:50,838 P2068655 INFO Collecting case-study samples...
