2026-09-17 15:11:48,053 P1173631 INFO ---- Model: ----MSTGAD-0d1c2d61----random_seed : 3----req_loss_approach : FreDF-style----rec_lambda : 1.0----auxi_lambda : 0.2----Freq Domain : FITS_Legendre----Multi Fits : false----train : True----evaluate : False
2026-09-17 15:11:48,054 P1173631 INFO Load from /home/db2003/Desktop/Amr/Tests/Eadro/codes/chunks/TT
2026-09-17 15:12:03,407 P1173631 INFO Fewshot: training with 1.0 of the 70% of the data
2026-09-17 15:12:03,516 P1173631 INFO Trainable Parameters Breakdown:
2026-09-17 15:12:03,516 P1173631 INFO --------------------------------------------------------------------------------
2026-09-17 15:12:03,516 P1173631 INFO Reconstruction-Specific Parameters:
2026-09-17 15:12:03,516 P1173631 INFO node_emb.linear.weight                   | shape: (8, 7)                    | params: 56
2026-09-17 15:12:03,516 P1173631 INFO node_emb.linear.bias                     | shape: (8,)                      | params: 8
2026-09-17 15:12:03,517 P1173631 INFO log_emb.linear.weight                    | shape: (32, 60)                  | params: 1,920
2026-09-17 15:12:03,517 P1173631 INFO log_emb.linear.bias                      | shape: (32,)                     | params: 32
2026-09-17 15:12:03,517 P1173631 INFO egde_emb.linear.weight                   | shape: (8, 2)                    | params: 16
2026-09-17 15:12:03,517 P1173631 INFO egde_emb.linear.bias                     | shape: (8,)                      | params: 8
2026-09-17 15:12:03,517 P1173631 INFO dense_node.weight                        | shape: (7, 8)                    | params: 56
2026-09-17 15:12:03,517 P1173631 INFO dense_node.bias                          | shape: (7,)                      | params: 7
2026-09-17 15:12:03,517 P1173631 INFO dense_log.weight                         | shape: (60, 32)                  | params: 1,920
2026-09-17 15:12:03,517 P1173631 INFO dense_log.bias                           | shape: (60,)                     | params: 60
2026-09-17 15:12:03,517 P1173631 INFO dense_edge.weight                        | shape: (2, 8)                    | params: 16
2026-09-17 15:12:03,517 P1173631 INFO dense_edge.bias                          | shape: (2,)                      | params: 2
2026-09-17 15:12:03,517 P1173631 INFO linear_attn.Wq.weight                    | shape: (10, 10)                  | params: 100
2026-09-17 15:12:03,517 P1173631 INFO linear_attn.Wk.weight                    | shape: (10, 10)                  | params: 100
2026-09-17 15:12:03,517 P1173631 INFO linear_attn.Wv.weight                    | shape: (10, 10)                  | params: 100
2026-09-17 15:12:03,517 P1173631 INFO linear_attn.out.weight                   | shape: (10, 10)                  | params: 100
2026-09-17 15:12:03,517 P1173631 INFO linear_attn.out.bias                     | shape: (10,)                     | params: 10
2026-09-17 15:12:03,517 P1173631 INFO linear_attn.norm.weight                  | shape: (10,)                     | params: 10
2026-09-17 15:12:03,517 P1173631 INFO linear_attn.norm.bias                    | shape: (10,)                     | params: 10
2026-09-17 15:12:03,517 P1173631 INFO shared_fits.normlin_W                    | shape: (6, 6)                    | params: 36
2026-09-17 15:12:03,517 P1173631 INFO shared_fits.freq_upsampler.weight        | shape: (6, 6)                    | params: 36
2026-09-17 15:12:03,518 P1173631 INFO shared_fits.freq_upsampler.bias          | shape: (6,)                      | params: 6
2026-09-17 15:12:03,518 P1173631 INFO modality_proj.node.weight                | shape: (10, 8)                   | params: 80
2026-09-17 15:12:03,518 P1173631 INFO modality_proj.node.bias                  | shape: (10,)                     | params: 10
2026-09-17 15:12:03,518 P1173631 INFO modality_proj.log.weight                 | shape: (10, 32)                  | params: 320
2026-09-17 15:12:03,518 P1173631 INFO modality_proj.log.bias                   | shape: (10,)                     | params: 10
2026-09-17 15:12:03,518 P1173631 INFO modality_proj.edge.weight                | shape: (10, 8)                   | params: 80
2026-09-17 15:12:03,518 P1173631 INFO modality_proj.edge.bias                  | shape: (10,)                     | params: 10
2026-09-17 15:12:03,518 P1173631 INFO modality_proj_out.node.weight            | shape: (8, 10)                   | params: 80
2026-09-17 15:12:03,518 P1173631 INFO modality_proj_out.node.bias              | shape: (8,)                      | params: 8
2026-09-17 15:12:03,518 P1173631 INFO modality_proj_out.log.weight             | shape: (32, 10)                  | params: 320
2026-09-17 15:12:03,518 P1173631 INFO modality_proj_out.log.bias               | shape: (32,)                     | params: 32
2026-09-17 15:12:03,518 P1173631 INFO modality_proj_out.edge.weight            | shape: (8, 10)                   | params: 80
2026-09-17 15:12:03,518 P1173631 INFO modality_proj_out.edge.bias              | shape: (8,)                      | params: 8
2026-09-17 15:12:03,518 P1173631 INFO Subtotal: 5,647
2026-09-17 15:12:03,518 P1173631 INFO --------------------------------------------------------------------------------
2026-09-17 15:12:03,518 P1173631 INFO Common Parameters:
2026-09-17 15:12:03,518 P1173631 INFO show.0.weight                            | shape: (128, 69)                 | params: 8,832
2026-09-17 15:12:03,518 P1173631 INFO show.0.bias                              | shape: (128,)                    | params: 128
2026-09-17 15:12:03,518 P1173631 INFO show.2.weight                            | shape: (2, 128)                  | params: 256
2026-09-17 15:12:03,519 P1173631 INFO show.2.bias                              | shape: (2,)                      | params: 2
2026-09-17 15:12:03,519 P1173631 INFO Subtotal: 9,218
2026-09-17 15:12:03,519 P1173631 INFO --------------------------------------------------------------------------------
2026-09-17 15:12:03,519 P1173631 INFO Total Trainable Parameters: 14,865

2026-09-17 15:12:03,519 P1173631 INFO Trainable Parameters: 14865, reconstruction: 5647, common: 9218
2026-09-17 15:12:03,519 P1173631 INFO model : init weight
2026-09-17 15:12:03,520 P1173631 INFO Using GPU...
2026-09-17 15:12:03,526 P1173631 INFO optimizer : using AdaBelief
2026-09-17 15:12:03,526 P1173631 INFO ----------------------------------------------------------------------------------------------------
2026-09-17 15:12:03,526 P1173631 INFO 0/50 starting... lr: 0.001 para:1.0
2026-09-17 15:13:44,574 P1173631 INFO Epoch 0/50, all_loss:0.07175 cls_loss:29.21007 rec_loss:0.07175 [101.04s]; best loss:0.07175, patience : 0
2026-09-17 15:13:44,582 P1173631 INFO ----------------------------------------------------------------------------------------------------
2026-09-17 15:13:44,582 P1173631 INFO 1/50 starting... lr: 0.001 para:0.5
2026-09-17 15:15:26,029 P1173631 INFO Epoch 1/50, all_loss:1.90475 cls_loss:3.60017 rec_loss:0.20933 [101.44s]; best loss:1.90475, patience : 0
2026-09-17 15:15:26,029 P1173631 INFO ----------------------------------------------------------------------------------------------------
2026-09-17 15:15:26,030 P1173631 INFO 2/50 starting... lr: 0.001 para:0.3333333432674408
2026-09-17 15:17:05,296 P1173631 INFO Epoch 2/50, all_loss:1.55664 cls_loss:2.23336 rec_loss:0.20320 [99.25s]; best loss:1.55664, patience : 0
2026-09-17 15:17:55,071 P1173631 INFO pr:0.8680  rc:0.4880  auc:0.9868 ap:0.8918 f1: 0.6247 pred_right: 1076811 pred_wrong:19389 actu_right: 1061711 actu_wrong: 34489
2026-09-17 15:18:15,050 P1173631 INFO pr:0.8710  rc:0.4864  auc:0.9869 ap:0.8930 f1: 0.6242 pred_right: 461530 pred_wrong:8270 actu_right: 454992 actu_wrong: 14808
2026-09-17 15:18:15,059 P1173631 INFO ----------------------------------------------------------------------------------------------------
2026-09-17 15:18:15,061 P1173631 INFO 3/50 starting... lr: 0.001 para:0.25
2026-09-17 15:19:57,810 P1173631 INFO Epoch 3/50, all_loss:1.64857 cls_loss:2.13401 rec_loss:0.19222 [102.75s]; best loss:1.55664, patience : 1
2026-09-17 15:20:44,452 P1173631 INFO pr:0.8566  rc:0.5693  auc:0.9882 ap:0.9001 f1: 0.6840 pred_right: 1073277 pred_wrong:22923 actu_right: 1061711 actu_wrong: 34489
2026-09-17 15:21:03,080 P1173631 INFO pr:0.8654  rc:0.5691  auc:0.9884 ap:0.9014 f1: 0.6866 pred_right: 460062 pred_wrong:9738 actu_right: 454992 actu_wrong: 14808
2026-09-17 15:21:03,085 P1173631 INFO ----------------------------------------------------------------------------------------------------
2026-09-17 15:21:03,085 P1173631 INFO 4/50 starting... lr: 0.001 para:0.20000000298023224
2026-09-17 15:22:46,994 P1173631 INFO Epoch 4/50, all_loss:1.67924 cls_loss:2.05120 rec_loss:0.19138 [103.91s]; best loss:1.55664, patience : 2
2026-09-17 15:23:42,836 P1173631 INFO pr:0.8985  rc:0.5328  auc:0.9887 ap:0.9011 f1: 0.6689 pred_right: 1075749 pred_wrong:20451 actu_right: 1061712 actu_wrong: 34488
2026-09-17 15:24:01,253 P1173631 INFO pr:0.9039  rc:0.5356  auc:0.9887 ap:0.9018 f1: 0.6726 pred_right: 461026 pred_wrong:8774 actu_right: 454992 actu_wrong: 14808
2026-09-17 15:24:01,254 P1173631 INFO ----------------------------------------------------------------------------------------------------
2026-09-17 15:24:01,254 P1173631 INFO 5/50 starting... lr: 0.001 para:0.1666666716337204
2026-09-17 15:25:45,019 P1173631 INFO Epoch 5/50, all_loss:1.68246 cls_loss:1.97775 rec_loss:0.20602 [103.76s]; best loss:1.55664, patience : 3
2026-09-17 15:26:30,994 P1173631 INFO pr:0.9208  rc:0.5430  auc:0.9898 ap:0.9101 f1: 0.6832 pred_right: 1075861 pred_wrong:20339 actu_right: 1061711 actu_wrong: 34489
2026-09-17 15:26:49,347 P1173631 INFO pr:0.9252  rc:0.5467  auc:0.9899 ap:0.9113 f1: 0.6873 pred_right: 461049 pred_wrong:8751 actu_right: 454992 actu_wrong: 14808
2026-09-17 15:26:49,349 P1173631 INFO ----------------------------------------------------------------------------------------------------
2026-09-17 15:26:49,349 P1173631 INFO 6/50 starting... lr: 0.001 para:0.1428571492433548
2026-09-17 15:28:31,792 P1173631 INFO Epoch 6/50, all_loss:1.63137 cls_loss:1.86502 rec_loss:0.22946 [102.44s]; best loss:1.55664, patience : 3
2026-09-17 15:29:19,093 P1173631 INFO pr:0.8688  rc:0.6210  auc:0.9913 ap:0.9190 f1: 0.7243 pred_right: 1071551 pred_wrong:24649 actu_right: 1061713 actu_wrong: 34487
2026-09-17 15:29:37,362 P1173631 INFO pr:0.8722  rc:0.6199  auc:0.9912 ap:0.9191 f1: 0.7247 pred_right: 459275 pred_wrong:10525 actu_right: 454992 actu_wrong: 14808
2026-09-17 15:29:37,367 P1173631 INFO ----------------------------------------------------------------------------------------------------
2026-09-17 15:29:37,368 P1173631 INFO 7/50 starting... lr: 0.001 para:0.125
2026-09-17 15:31:20,054 P1173631 INFO Epoch 7/50, all_loss:1.55488 cls_loss:1.74223 rec_loss:0.24344 [102.68s]; best loss:1.55488, patience : 0
2026-09-17 15:32:15,528 P1173631 INFO pr:0.9016  rc:0.6301  auc:0.9914 ap:0.9250 f1: 0.7418 pred_right: 1072095 pred_wrong:24105 actu_right: 1061711 actu_wrong: 34489
2026-09-17 15:32:33,774 P1173631 INFO pr:0.9034  rc:0.6314  auc:0.9916 ap:0.9256 f1: 0.7433 pred_right: 459450 pred_wrong:10350 actu_right: 454992 actu_wrong: 14808
2026-09-17 15:32:33,782 P1173631 INFO ----------------------------------------------------------------------------------------------------
2026-09-17 15:32:33,783 P1173631 INFO 8/50 starting... lr: 0.001 para:0.1111111119389534
2026-09-17 15:34:17,684 P1173631 INFO Epoch 8/50, all_loss:1.55584 cls_loss:1.71908 rec_loss:0.24986 [103.90s]; best loss:1.55488, patience : 1
2026-09-17 15:35:03,883 P1173631 INFO pr:0.9029  rc:0.6263  auc:0.9925 ap:0.9307 f1: 0.7396 pred_right: 1072273 pred_wrong:23927 actu_right: 1061708 actu_wrong: 34492
2026-09-17 15:35:21,536 P1173631 INFO pr:0.9086  rc:0.6240  auc:0.9924 ap:0.9308 f1: 0.7399 pred_right: 459631 pred_wrong:10169 actu_right: 454992 actu_wrong: 14808
2026-09-17 15:35:21,537 P1173631 INFO ----------------------------------------------------------------------------------------------------
2026-09-17 15:35:21,538 P1173631 INFO 9/50 starting... lr: 0.001 para:0.10000000149011612
2026-09-17 15:37:06,875 P1173631 INFO Epoch 9/50, all_loss:1.51928 cls_loss:1.65980 rec_loss:0.25455 [105.33s]; best loss:1.51928, patience : 0
2026-09-17 15:37:53,256 P1173631 INFO pr:0.8658  rc:0.5954  auc:0.9923 ap:0.9249 f1: 0.7056 pred_right: 1072479 pred_wrong:23721 actu_right: 1061710 actu_wrong: 34490
2026-09-17 15:38:13,319 P1173631 INFO pr:0.8689  rc:0.5934  auc:0.9922 ap:0.9250 f1: 0.7052 pred_right: 459687 pred_wrong:10113 actu_right: 454992 actu_wrong: 14808
2026-09-17 15:38:13,320 P1173631 INFO ----------------------------------------------------------------------------------------------------
2026-09-17 15:38:13,320 P1173631 INFO 10/50 starting... lr: 0.001 para:0.09090909361839294
2026-09-17 15:39:58,174 P1173631 INFO Epoch 10/50, all_loss:1.52917 cls_loss:1.65662 rec_loss:0.25458 [104.85s]; best loss:1.51928, patience : 1
2026-09-17 15:40:50,607 P1173631 INFO pr:0.8391  rc:0.6924  auc:0.9923 ap:0.9295 f1: 0.7587 pred_right: 1067737 pred_wrong:28463 actu_right: 1061710 actu_wrong: 34490
2026-09-17 15:41:14,494 P1173631 INFO pr:0.8427  rc:0.6942  auc:0.9923 ap:0.9297 f1: 0.7613 pred_right: 457603 pred_wrong:12197 actu_right: 454992 actu_wrong: 14808
2026-09-17 15:41:14,500 P1173631 INFO ----------------------------------------------------------------------------------------------------
2026-09-17 15:41:14,500 P1173631 INFO 11/50 starting... lr: 0.001 para:0.0833333358168602
2026-09-17 15:42:53,564 P1173631 INFO Epoch 11/50, all_loss:1.49683 cls_loss:1.60940 rec_loss:0.25854 [99.05s]; best loss:1.49683, patience : 0
2026-09-17 15:43:45,762 P1173631 INFO pr:0.9038  rc:0.6646  auc:0.9934 ap:0.9365 f1: 0.7660 pred_right: 1070838 pred_wrong:25362 actu_right: 1061713 actu_wrong: 34487
2026-09-17 15:44:05,250 P1173631 INFO pr:0.9046  rc:0.6650  auc:0.9933 ap:0.9366 f1: 0.7666 pred_right: 458914 pred_wrong:10886 actu_right: 454992 actu_wrong: 14808
2026-09-17 15:44:05,255 P1173631 INFO ----------------------------------------------------------------------------------------------------
2026-09-17 15:44:05,258 P1173631 INFO 12/50 starting... lr: 0.001 para:0.07692307978868484
2026-09-17 15:45:57,721 P1173631 INFO Epoch 12/50, all_loss:1.49392 cls_loss:1.59627 rec_loss:0.26571 [112.45s]; best loss:1.49392, patience : 0
2026-09-17 15:46:46,330 P1173631 INFO pr:0.8894  rc:0.6680  auc:0.9930 ap:0.9353 f1: 0.7630 pred_right: 1070297 pred_wrong:25903 actu_right: 1061712 actu_wrong: 34488
2026-09-17 15:47:06,847 P1173631 INFO pr:0.8920  rc:0.6673  auc:0.9929 ap:0.9355 f1: 0.7635 pred_right: 458721 pred_wrong:11079 actu_right: 454992 actu_wrong: 14808
2026-09-17 15:47:06,848 P1173631 INFO ----------------------------------------------------------------------------------------------------
2026-09-17 15:47:06,848 P1173631 INFO 13/50 starting... lr: 0.001 para:0.0714285746216774
2026-09-17 15:48:51,640 P1173631 INFO Epoch 13/50, all_loss:1.50141 cls_loss:1.59623 rec_loss:0.26880 [104.79s]; best loss:1.49392, patience : 1
2026-09-17 15:49:38,418 P1173631 INFO pr:0.9086  rc:0.6601  auc:0.9932 ap:0.9357 f1: 0.7647 pred_right: 1071147 pred_wrong:25053 actu_right: 1061714 actu_wrong: 34486
2026-09-17 15:50:06,807 P1173631 INFO pr:0.9146  rc:0.6598  auc:0.9932 ap:0.9361 f1: 0.7666 pred_right: 459118 pred_wrong:10682 actu_right: 454992 actu_wrong: 14808
2026-09-17 15:50:06,808 P1173631 INFO ----------------------------------------------------------------------------------------------------
2026-09-17 15:50:06,808 P1173631 INFO 14/50 starting... lr: 0.001 para:0.06666667014360428
2026-09-17 15:51:44,803 P1173631 INFO Epoch 14/50, all_loss:1.47754 cls_loss:1.56324 rec_loss:0.27773 [97.99s]; best loss:1.47754, patience : 0
2026-09-17 15:52:40,081 P1173631 INFO pr:0.9257  rc:0.6534  auc:0.9936 ap:0.9403 f1: 0.7661 pred_right: 1071859 pred_wrong:24341 actu_right: 1061713 actu_wrong: 34487
2026-09-17 15:52:59,577 P1173631 INFO pr:0.9287  rc:0.6544  auc:0.9934 ap:0.9400 f1: 0.7678 pred_right: 459365 pred_wrong:10435 actu_right: 454992 actu_wrong: 14808
2026-09-17 15:52:59,583 P1173631 INFO ----------------------------------------------------------------------------------------------------
2026-09-17 15:52:59,583 P1173631 INFO 15/50 starting... lr: 0.001 para:0.0625
2026-09-17 15:54:46,252 P1173631 INFO Epoch 15/50, all_loss:1.46065 cls_loss:1.53930 rec_loss:0.28091 [106.66s]; best loss:1.46065, patience : 0
2026-09-17 15:55:33,965 P1173631 INFO pr:0.9190  rc:0.6809  auc:0.9941 ap:0.9440 f1: 0.7822 pred_right: 1070646 pred_wrong:25554 actu_right: 1061714 actu_wrong: 34486
2026-09-17 15:55:54,033 P1173631 INFO pr:0.9194  rc:0.6797  auc:0.9940 ap:0.9435 f1: 0.7816 pred_right: 458853 pred_wrong:10947 actu_right: 454992 actu_wrong: 14808
2026-09-17 15:55:54,039 P1173631 INFO ----------------------------------------------------------------------------------------------------
2026-09-17 15:55:54,039 P1173631 INFO 16/50 starting... lr: 0.001 para:0.05882352963089943
2026-09-17 15:57:38,016 P1173631 INFO Epoch 16/50, all_loss:1.44922 cls_loss:1.52157 rec_loss:0.29160 [103.97s]; best loss:1.44922, patience : 0
2026-09-17 15:58:26,167 P1173631 INFO pr:0.9057  rc:0.6938  auc:0.9937 ap:0.9414 f1: 0.7857 pred_right: 1069781 pred_wrong:26419 actu_right: 1061713 actu_wrong: 34487
2026-09-17 15:58:54,226 P1173631 INFO pr:0.9058  rc:0.6931  auc:0.9936 ap:0.9409 f1: 0.7853 pred_right: 458468 pred_wrong:11332 actu_right: 454992 actu_wrong: 14808
2026-09-17 15:58:54,234 P1173631 INFO ----------------------------------------------------------------------------------------------------
2026-09-17 15:58:54,234 P1173631 INFO 17/50 starting... lr: 0.001 para:0.0555555559694767
2026-09-17 16:00:30,833 P1173631 INFO Epoch 17/50, all_loss:1.43398 cls_loss:1.50118 rec_loss:0.29163 [96.59s]; best loss:1.43398, patience : 0
2026-09-17 16:01:25,626 P1173631 INFO pr:0.9238  rc:0.6918  auc:0.9946 ap:0.9471 f1: 0.7911 pred_right: 1070374 pred_wrong:25826 actu_right: 1061713 actu_wrong: 34487
2026-09-17 16:01:43,582 P1173631 INFO pr:0.9231  rc:0.6922  auc:0.9945 ap:0.9466 f1: 0.7911 pred_right: 458696 pred_wrong:11104 actu_right: 454992 actu_wrong: 14808
2026-09-17 16:01:43,588 P1173631 INFO ----------------------------------------------------------------------------------------------------
2026-09-17 16:01:43,588 P1173631 INFO 18/50 starting... lr: 0.001 para:0.05263157933950424
2026-09-17 16:03:31,663 P1173631 INFO Epoch 18/50, all_loss:1.41221 cls_loss:1.47422 rec_loss:0.29611 [108.07s]; best loss:1.41221, patience : 0
2026-09-17 16:04:16,655 P1173631 INFO pr:0.8944  rc:0.7082  auc:0.9940 ap:0.9440 f1: 0.7905 pred_right: 1068891 pred_wrong:27309 actu_right: 1061712 actu_wrong: 34488
2026-09-17 16:04:34,751 P1173631 INFO pr:0.8974  rc:0.7073  auc:0.9938 ap:0.9427 f1: 0.7911 pred_right: 458128 pred_wrong:11672 actu_right: 454992 actu_wrong: 14808
2026-09-17 16:04:34,752 P1173631 INFO ----------------------------------------------------------------------------------------------------
2026-09-17 16:04:34,753 P1173631 INFO 19/50 starting... lr: 0.001 para:0.05000000074505806
2026-09-17 16:06:20,046 P1173631 INFO Epoch 19/50, all_loss:1.41828 cls_loss:1.47701 rec_loss:0.30242 [105.29s]; best loss:1.41221, patience : 1
2026-09-17 16:07:06,283 P1173631 INFO pr:0.8733  rc:0.7444  auc:0.9945 ap:0.9475 f1: 0.8037 pred_right: 1066800 pred_wrong:29400 actu_right: 1061710 actu_wrong: 34490
2026-09-17 16:07:33,009 P1173631 INFO pr:0.8772  rc:0.7475  auc:0.9943 ap:0.9472 f1: 0.8072 pred_right: 457182 pred_wrong:12618 actu_right: 454992 actu_wrong: 14808
2026-09-17 16:07:33,018 P1173631 INFO ----------------------------------------------------------------------------------------------------
2026-09-17 16:07:33,018 P1173631 INFO 20/50 starting... lr: 0.001 para:0.0476190485060215
2026-09-17 16:09:10,750 P1173631 INFO Epoch 20/50, all_loss:1.42209 cls_loss:1.47797 rec_loss:0.30455 [97.73s]; best loss:1.41221, patience : 2
2026-09-17 16:10:07,469 P1173631 INFO pr:0.9196  rc:0.7105  auc:0.9945 ap:0.9467 f1: 0.8017 pred_right: 1069553 pred_wrong:26647 actu_right: 1061714 actu_wrong: 34486
2026-09-17 16:10:25,075 P1173631 INFO pr:0.9197  rc:0.7081  auc:0.9943 ap:0.9460 f1: 0.8001 pred_right: 458399 pred_wrong:11401 actu_right: 454992 actu_wrong: 14808
2026-09-17 16:10:25,076 P1173631 INFO ----------------------------------------------------------------------------------------------------
2026-09-17 16:10:25,076 P1173631 INFO 21/50 starting... lr: 0.001 para:0.04545454680919647
2026-09-17 16:12:09,179 P1173631 INFO Epoch 21/50, all_loss:1.40415 cls_loss:1.45626 rec_loss:0.30984 [104.10s]; best loss:1.40415, patience : 0
2026-09-17 16:12:53,415 P1173631 INFO pr:0.9069  rc:0.7182  auc:0.9944 ap:0.9458 f1: 0.8016 pred_right: 1068886 pred_wrong:27314 actu_right: 1061709 actu_wrong: 34491
2026-09-17 16:13:11,802 P1173631 INFO pr:0.9089  rc:0.7170  auc:0.9943 ap:0.9453 f1: 0.8017 pred_right: 458118 pred_wrong:11682 actu_right: 454992 actu_wrong: 14808
2026-09-17 16:13:11,807 P1173631 INFO ----------------------------------------------------------------------------------------------------
2026-09-17 16:13:11,807 P1173631 INFO 22/50 starting... lr: 0.001 para:0.043478261679410934
2026-09-17 16:14:56,415 P1173631 INFO Epoch 22/50, all_loss:1.40767 cls_loss:1.45728 rec_loss:0.31630 [104.61s]; best loss:1.40415, patience : 1
2026-09-17 16:15:42,887 P1173631 INFO pr:0.9110  rc:0.7260  auc:0.9948 ap:0.9499 f1: 0.8080 pred_right: 1068717 pred_wrong:27483 actu_right: 1061712 actu_wrong: 34488
2026-09-17 16:16:06,445 P1173631 INFO pr:0.9108  rc:0.7265  auc:0.9948 ap:0.9503 f1: 0.8083 pred_right: 457989 pred_wrong:11811 actu_right: 454992 actu_wrong: 14808
2026-09-17 16:16:06,457 P1173631 INFO ----------------------------------------------------------------------------------------------------
2026-09-17 16:16:06,457 P1173631 INFO 23/50 starting... lr: 0.001 para:0.0416666679084301
2026-09-17 16:17:45,865 P1173631 INFO Epoch 23/50, all_loss:1.37094 cls_loss:1.41643 rec_loss:0.32461 [99.40s]; best loss:1.37094, patience : 0
2026-09-17 16:18:38,822 P1173631 INFO pr:0.9436  rc:0.6729  auc:0.9950 ap:0.9497 f1: 0.7855 pred_right: 1071603 pred_wrong:24597 actu_right: 1061707 actu_wrong: 34493
2026-09-17 16:18:56,338 P1173631 INFO pr:0.9447  rc:0.6716  auc:0.9949 ap:0.9495 f1: 0.7851 pred_right: 459273 pred_wrong:10527 actu_right: 454992 actu_wrong: 14808
2026-09-17 16:18:56,340 P1173631 INFO ----------------------------------------------------------------------------------------------------
2026-09-17 16:18:56,340 P1173631 INFO 24/50 starting... lr: 0.001 para:0.03999999910593033
2026-09-17 16:20:42,565 P1173631 INFO Epoch 24/50, all_loss:1.35477 cls_loss:1.39767 rec_loss:0.32512 [106.22s]; best loss:1.35477, patience : 0
2026-09-17 16:21:26,698 P1173631 INFO pr:0.8431  rc:0.7832  auc:0.9947 ap:0.9490 f1: 0.8120 pred_right: 1064164 pred_wrong:32036 actu_right: 1061715 actu_wrong: 34485
2026-09-17 16:21:44,167 P1173631 INFO pr:0.8452  rc:0.7848  auc:0.9946 ap:0.9490 f1: 0.8139 pred_right: 456049 pred_wrong:13751 actu_right: 454992 actu_wrong: 14808
2026-09-17 16:21:44,174 P1173631 INFO ----------------------------------------------------------------------------------------------------
2026-09-17 16:21:44,174 P1173631 INFO 25/50 starting... lr: 0.001 para:0.03846153989434242
2026-09-17 16:23:30,871 P1173631 INFO Epoch 25/50, all_loss:1.35296 cls_loss:1.39372 rec_loss:0.33398 [106.69s]; best loss:1.35296, patience : 0
2026-09-17 16:24:17,505 P1173631 INFO pr:0.7861  rc:0.7745  auc:0.9941 ap:0.9452 f1: 0.7802 pred_right: 1062224 pred_wrong:33976 actu_right: 1061714 actu_wrong: 34486
2026-09-17 16:24:42,808 P1173631 INFO pr:0.7855  rc:0.7755  auc:0.9940 ap:0.9447 f1: 0.7805 pred_right: 455180 pred_wrong:14620 actu_right: 454992 actu_wrong: 14808
2026-09-17 16:24:42,811 P1173631 INFO ----------------------------------------------------------------------------------------------------
2026-09-17 16:24:42,811 P1173631 INFO 26/50 starting... lr: 0.001 para:0.03703703731298447
2026-09-17 16:26:23,060 P1173631 INFO Epoch 26/50, all_loss:1.34932 cls_loss:1.38821 rec_loss:0.33818 [100.24s]; best loss:1.34932, patience : 0
2026-09-17 16:27:16,550 P1173631 INFO pr:0.9048  rc:0.7255  auc:0.9940 ap:0.9445 f1: 0.8053 pred_right: 1068545 pred_wrong:27655 actu_right: 1061712 actu_wrong: 34488
2026-09-17 16:27:34,305 P1173631 INFO pr:0.9056  rc:0.7247  auc:0.9940 ap:0.9447 f1: 0.8051 pred_right: 457951 pred_wrong:11849 actu_right: 454992 actu_wrong: 14808
2026-09-17 16:27:34,306 P1173631 INFO ----------------------------------------------------------------------------------------------------
2026-09-17 16:27:34,307 P1173631 INFO 27/50 starting... lr: 0.001 para:0.0357142873108387
2026-09-17 16:29:20,112 P1173631 INFO Epoch 27/50, all_loss:1.36467 cls_loss:1.40257 rec_loss:0.34120 [105.80s]; best loss:1.34932, patience : 1
2026-09-17 16:30:05,010 P1173631 INFO pr:0.8895  rc:0.7443  auc:0.9940 ap:0.9444 f1: 0.8104 pred_right: 1067343 pred_wrong:28857 actu_right: 1061712 actu_wrong: 34488
2026-09-17 16:30:22,762 P1173631 INFO pr:0.8900  rc:0.7407  auc:0.9938 ap:0.9439 f1: 0.8085 pred_right: 457477 pred_wrong:12323 actu_right: 454992 actu_wrong: 14808
2026-09-17 16:30:22,764 P1173631 INFO ----------------------------------------------------------------------------------------------------
2026-09-17 16:30:22,764 P1173631 INFO 28/50 starting... lr: 0.001 para:0.03448275849223137
2026-09-17 16:32:09,414 P1173631 INFO Epoch 28/50, all_loss:1.34184 cls_loss:1.37740 rec_loss:0.34628 [106.64s]; best loss:1.34184, patience : 0
2026-09-17 16:32:57,944 P1173631 INFO pr:0.9493  rc:0.6866  auc:0.9946 ap:0.9520 f1: 0.7968 pred_right: 1071254 pred_wrong:24946 actu_right: 1061710 actu_wrong: 34490
2026-09-17 16:33:22,228 P1173631 INFO pr:0.9504  rc:0.6844  auc:0.9945 ap:0.9512 f1: 0.7957 pred_right: 459137 pred_wrong:10663 actu_right: 454992 actu_wrong: 14808
2026-09-17 16:33:22,229 P1173631 INFO ----------------------------------------------------------------------------------------------------
2026-09-17 16:33:22,229 P1173631 INFO 29/50 starting... lr: 0.001 para:0.03333333507180214
2026-09-17 16:35:06,611 P1173631 INFO Epoch 29/50, all_loss:1.31804 cls_loss:1.35158 rec_loss:0.34555 [104.37s]; best loss:1.31804, patience : 0
2026-09-17 16:35:55,131 P1173631 INFO pr:0.8380  rc:0.7930  auc:0.9952 ap:0.9533 f1: 0.8149 pred_right: 1063559 pred_wrong:32641 actu_right: 1061709 actu_wrong: 34491
2026-09-17 16:36:13,584 P1173631 INFO pr:0.8377  rc:0.7907  auc:0.9950 ap:0.9521 f1: 0.8135 pred_right: 455823 pred_wrong:13977 actu_right: 454992 actu_wrong: 14808
2026-09-17 16:36:13,594 P1173631 INFO ----------------------------------------------------------------------------------------------------
2026-09-17 16:36:13,595 P1173631 INFO 30/50 starting... lr: 0.001 para:0.032258063554763794
2026-09-17 16:38:01,430 P1173631 INFO Epoch 30/50, all_loss:1.30563 cls_loss:1.33759 rec_loss:0.34694 [107.83s]; best loss:1.30563, patience : 0
2026-09-17 16:38:47,728 P1173631 INFO pr:0.9153  rc:0.7345  auc:0.9951 ap:0.9524 f1: 0.8150 pred_right: 1068529 pred_wrong:27671 actu_right: 1061715 actu_wrong: 34485
2026-09-17 16:39:06,469 P1173631 INFO pr:0.9162  rc:0.7338  auc:0.9950 ap:0.9520 f1: 0.8149 pred_right: 457940 pred_wrong:11860 actu_right: 454992 actu_wrong: 14808
2026-09-17 16:39:06,481 P1173631 INFO ----------------------------------------------------------------------------------------------------
2026-09-17 16:39:06,482 P1173631 INFO 31/50 starting... lr: 0.001 para:0.03125
2026-09-17 16:40:52,544 P1173631 INFO Epoch 31/50, all_loss:1.29927 cls_loss:1.32967 rec_loss:0.35659 [106.05s]; best loss:1.29927, patience : 0
2026-09-17 16:41:44,072 P1173631 INFO pr:0.8910  rc:0.7575  auc:0.9952 ap:0.9535 f1: 0.8188 pred_right: 1066877 pred_wrong:29323 actu_right: 1061709 actu_wrong: 34491
2026-09-17 16:42:02,088 P1173631 INFO pr:0.8927  rc:0.7582  auc:0.9950 ap:0.9530 f1: 0.8200 pred_right: 457222 pred_wrong:12578 actu_right: 454992 actu_wrong: 14808
2026-09-17 16:42:02,094 P1173631 INFO ----------------------------------------------------------------------------------------------------
2026-09-17 16:42:02,094 P1173631 INFO 32/50 starting... lr: 0.001 para:0.03030303120613098
2026-09-17 16:43:49,153 P1173631 INFO Epoch 32/50, all_loss:1.31062 cls_loss:1.34025 rec_loss:0.36246 [107.06s]; best loss:1.29927, patience : 1
2026-09-17 16:44:33,061 P1173631 INFO pr:0.9273  rc:0.7302  auc:0.9955 ap:0.9558 f1: 0.8170 pred_right: 1069045 pred_wrong:27155 actu_right: 1061716 actu_wrong: 34484
2026-09-17 16:44:50,336 P1173631 INFO pr:0.9268  rc:0.7289  auc:0.9953 ap:0.9547 f1: 0.8161 pred_right: 458154 pred_wrong:11646 actu_right: 454992 actu_wrong: 14808
2026-09-17 16:44:50,337 P1173631 INFO ----------------------------------------------------------------------------------------------------
2026-09-17 16:44:50,338 P1173631 INFO 33/50 starting... lr: 0.001 para:0.029411764815449715
2026-09-17 16:46:38,730 P1173631 INFO Epoch 33/50, all_loss:1.31104 cls_loss:1.33977 rec_loss:0.36275 [108.39s]; best loss:1.29927, patience : 2
2026-09-17 16:47:22,758 P1173631 INFO pr:0.9013  rc:0.7464  auc:0.9953 ap:0.9552 f1: 0.8166 pred_right: 1067634 pred_wrong:28566 actu_right: 1061707 actu_wrong: 34493
2026-09-17 16:47:41,434 P1173631 INFO pr:0.9027  rc:0.7439  auc:0.9950 ap:0.9537 f1: 0.8156 pred_right: 457598 pred_wrong:12202 actu_right: 454992 actu_wrong: 14808
2026-09-17 16:47:41,435 P1173631 INFO ----------------------------------------------------------------------------------------------------
2026-09-17 16:47:41,435 P1173631 INFO 34/50 starting... lr: 0.001 para:0.02857142873108387
2026-09-17 16:49:28,687 P1173631 INFO Epoch 34/50, all_loss:1.28015 cls_loss:1.30690 rec_loss:0.37049 [107.24s]; best loss:1.28015, patience : 0
2026-09-17 16:50:22,589 P1173631 INFO pr:0.9049  rc:0.7477  auc:0.9950 ap:0.9528 f1: 0.8188 pred_right: 1067703 pred_wrong:28497 actu_right: 1061711 actu_wrong: 34489
2026-09-17 16:50:40,042 P1173631 INFO pr:0.9032  rc:0.7469  auc:0.9947 ap:0.9514 f1: 0.8176 pred_right: 457554 pred_wrong:12246 actu_right: 454992 actu_wrong: 14808
2026-09-17 16:50:40,047 P1173631 INFO ----------------------------------------------------------------------------------------------------
2026-09-17 16:50:40,047 P1173631 INFO 35/50 starting... lr: 0.001 para:0.02777777798473835
2026-09-17 16:52:26,353 P1173631 INFO Epoch 35/50, all_loss:1.29347 cls_loss:1.31963 rec_loss:0.37785 [106.31s]; best loss:1.28015, patience : 1
2026-09-17 16:53:10,173 P1173631 INFO pr:0.9082  rc:0.7476  auc:0.9956 ap:0.9567 f1: 0.8201 pred_right: 1067805 pred_wrong:28395 actu_right: 1061709 actu_wrong: 34491
2026-09-17 16:53:27,798 P1173631 INFO pr:0.9074  rc:0.7478  auc:0.9953 ap:0.9557 f1: 0.8199 pred_right: 457597 pred_wrong:12203 actu_right: 454992 actu_wrong: 14808
2026-09-17 16:53:27,806 P1173631 INFO ----------------------------------------------------------------------------------------------------
2026-09-17 16:53:27,806 P1173631 INFO 36/50 starting... lr: 0.001 para:0.027027027681469917
2026-09-17 16:55:15,501 P1173631 INFO Epoch 36/50, all_loss:1.27883 cls_loss:1.30388 rec_loss:0.37705 [107.69s]; best loss:1.27883, patience : 0
2026-09-17 16:56:00,884 P1173631 INFO pr:0.9007  rc:0.7576  auc:0.9955 ap:0.9561 f1: 0.8229 pred_right: 1067188 pred_wrong:29012 actu_right: 1061708 actu_wrong: 34492
2026-09-17 16:56:19,511 P1173631 INFO pr:0.9013  rc:0.7557  auc:0.9952 ap:0.9546 f1: 0.8221 pred_right: 457384 pred_wrong:12416 actu_right: 454992 actu_wrong: 14808
2026-09-17 16:56:19,516 P1173631 INFO ----------------------------------------------------------------------------------------------------
2026-09-17 16:56:19,516 P1173631 INFO 37/50 starting... lr: 0.001 para:0.02631578966975212
2026-09-17 16:58:08,207 P1173631 INFO Epoch 37/50, all_loss:1.28092 cls_loss:1.30493 rec_loss:0.39231 [108.69s]; best loss:1.27883, patience : 1
2026-09-17 16:59:01,952 P1173631 INFO pr:0.9269  rc:0.7226  auc:0.9953 ap:0.9531 f1: 0.8121 pred_right: 1069313 pred_wrong:26887 actu_right: 1061710 actu_wrong: 34490
2026-09-17 16:59:19,221 P1173631 INFO pr:0.9278  rc:0.7212  auc:0.9951 ap:0.9525 f1: 0.8116 pred_right: 458289 pred_wrong:11511 actu_right: 454992 actu_wrong: 14808
2026-09-17 16:59:19,222 P1173631 INFO ----------------------------------------------------------------------------------------------------
2026-09-17 16:59:19,223 P1173631 INFO 38/50 starting... lr: 0.001 para:0.025641025975346565
2026-09-17 17:01:08,939 P1173631 INFO Epoch 38/50, all_loss:1.25611 cls_loss:1.27883 rec_loss:0.39260 [109.71s]; best loss:1.25611, patience : 0
2026-09-17 17:01:50,864 P1173631 INFO pr:0.8867  rc:0.7680  auc:0.9950 ap:0.9535 f1: 0.8231 pred_right: 1066328 pred_wrong:29872 actu_right: 1061710 actu_wrong: 34490
2026-09-17 17:02:08,484 P1173631 INFO pr:0.8875  rc:0.7664  auc:0.9949 ap:0.9533 f1: 0.8225 pred_right: 457013 pred_wrong:12787 actu_right: 454992 actu_wrong: 14808
2026-09-17 17:02:08,489 P1173631 INFO ----------------------------------------------------------------------------------------------------
2026-09-17 17:02:08,489 P1173631 INFO 39/50 starting... lr: 0.001 para:0.02500000037252903
2026-09-17 17:03:54,294 P1173631 INFO Epoch 39/50, all_loss:1.26328 cls_loss:1.28535 rec_loss:0.40278 [105.80s]; best loss:1.25611, patience : 1
2026-09-17 17:04:39,827 P1173631 INFO pr:0.7352  rc:0.8070  auc:0.9946 ap:0.9492 f1: 0.7694 pred_right: 1058345 pred_wrong:37855 actu_right: 1061714 actu_wrong: 34486
2026-09-17 17:04:59,775 P1173631 INFO pr:0.7352  rc:0.8042  auc:0.9943 ap:0.9477 f1: 0.7682 pred_right: 453604 pred_wrong:16196 actu_right: 454992 actu_wrong: 14808
2026-09-17 17:04:59,777 P1173631 INFO ----------------------------------------------------------------------------------------------------
2026-09-17 17:04:59,777 P1173631 INFO 40/50 starting... lr: 0.001 para:0.024390242993831635
2026-09-17 17:06:48,395 P1173631 INFO Epoch 40/50, all_loss:1.25062 cls_loss:1.27184 rec_loss:0.40215 [108.61s]; best loss:1.25062, patience : 0
2026-09-17 17:07:41,620 P1173631 INFO pr:0.9471  rc:0.7013  auc:0.9954 ap:0.9563 f1: 0.8059 pred_right: 1070664 pred_wrong:25536 actu_right: 1061713 actu_wrong: 34487
2026-09-17 17:07:59,393 P1173631 INFO pr:0.9428  rc:0.7000  auc:0.9951 ap:0.9546 f1: 0.8034 pred_right: 458806 pred_wrong:10994 actu_right: 454992 actu_wrong: 14808
2026-09-17 17:07:59,394 P1173631 INFO ----------------------------------------------------------------------------------------------------
2026-09-17 17:07:59,394 P1173631 INFO 41/50 starting... lr: 0.001 para:0.02380952425301075
2026-09-17 17:09:50,128 P1173631 INFO Epoch 41/50, all_loss:1.23474 cls_loss:1.25496 rec_loss:0.40566 [110.73s]; best loss:1.23474, patience : 0
2026-09-17 17:10:32,601 P1173631 INFO pr:0.8977  rc:0.7674  auc:0.9952 ap:0.9538 f1: 0.8274 pred_right: 1066718 pred_wrong:29482 actu_right: 1061710 actu_wrong: 34490
2026-09-17 17:10:50,423 P1173631 INFO pr:0.9001  rc:0.7642  auc:0.9949 ap:0.9524 f1: 0.8266 pred_right: 457228 pred_wrong:12572 actu_right: 454992 actu_wrong: 14808
2026-09-17 17:10:50,430 P1173631 INFO ----------------------------------------------------------------------------------------------------
2026-09-17 17:10:50,430 P1173631 INFO 42/50 starting... lr: 0.001 para:0.023255813866853714
2026-09-17 17:12:39,730 P1173631 INFO Epoch 42/50, all_loss:1.22206 cls_loss:1.24148 rec_loss:0.40640 [109.29s]; best loss:1.22206, patience : 0
2026-09-17 17:13:26,476 P1173631 INFO pr:0.9360  rc:0.7198  auc:0.9949 ap:0.9548 f1: 0.8138 pred_right: 1069677 pred_wrong:26523 actu_right: 1061710 actu_wrong: 34490
2026-09-17 17:13:51,881 P1173631 INFO pr:0.9343  rc:0.7204  auc:0.9947 ap:0.9535 f1: 0.8135 pred_right: 458382 pred_wrong:11418 actu_right: 454992 actu_wrong: 14808
2026-09-17 17:13:51,882 P1173631 INFO ----------------------------------------------------------------------------------------------------
2026-09-17 17:13:51,889 P1173631 INFO 43/50 starting... lr: 0.001 para:0.022727273404598236
2026-09-17 17:15:39,454 P1173631 INFO Epoch 43/50, all_loss:1.24569 cls_loss:1.26528 rec_loss:0.40333 [107.56s]; best loss:1.22206, patience : 1
2026-09-17 17:16:22,487 P1173631 INFO pr:0.8445  rc:0.8023  auc:0.9959 ap:0.9582 f1: 0.8229 pred_right: 1063436 pred_wrong:32764 actu_right: 1061711 actu_wrong: 34489
2026-09-17 17:16:40,077 P1173631 INFO pr:0.8437  rc:0.8004  auc:0.9957 ap:0.9569 f1: 0.8215 pred_right: 455752 pred_wrong:14048 actu_right: 454992 actu_wrong: 14808
2026-09-17 17:16:40,078 P1173631 INFO ----------------------------------------------------------------------------------------------------
2026-09-17 17:16:40,079 P1173631 INFO 44/50 starting... lr: 0.001 para:0.02222222276031971
2026-09-17 17:18:28,320 P1173631 INFO Epoch 44/50, all_loss:1.23444 cls_loss:1.25333 rec_loss:0.40304 [108.24s]; best loss:1.22206, patience : 1
2026-09-17 17:19:10,671 P1173631 INFO pr:0.8538  rc:0.7865  auc:0.9956 ap:0.9564 f1: 0.8188 pred_right: 1064433 pred_wrong:31767 actu_right: 1061714 actu_wrong: 34486
2026-09-17 17:19:30,643 P1173631 INFO pr:0.8503  rc:0.7826  auc:0.9953 ap:0.9547 f1: 0.8150 pred_right: 456170 pred_wrong:13630 actu_right: 454992 actu_wrong: 14808
2026-09-17 17:19:30,644 P1173631 INFO ----------------------------------------------------------------------------------------------------
2026-09-17 17:19:30,644 P1173631 INFO 45/50 starting... lr: 0.001 para:0.021739130839705467
2026-09-17 17:21:18,268 P1173631 INFO Epoch 45/50, all_loss:1.23475 cls_loss:1.25320 rec_loss:0.40468 [107.62s]; best loss:1.22206, patience : 2
2026-09-17 17:22:10,723 P1173631 INFO pr:0.9212  rc:0.7531  auc:0.9958 ap:0.9588 f1: 0.8287 pred_right: 1068004 pred_wrong:28196 actu_right: 1061711 actu_wrong: 34489
2026-09-17 17:22:28,503 P1173631 INFO pr:0.9198  rc:0.7508  auc:0.9955 ap:0.9573 f1: 0.8267 pred_right: 457712 pred_wrong:12088 actu_right: 454992 actu_wrong: 14808
2026-09-17 17:22:28,508 P1173631 INFO ----------------------------------------------------------------------------------------------------
2026-09-17 17:22:28,508 P1173631 INFO 46/50 starting... lr: 0.001 para:0.021276595070958138
2026-09-17 17:24:19,099 P1173631 INFO Epoch 46/50, all_loss:1.20667 cls_loss:1.22390 rec_loss:0.41398 [110.58s]; best loss:1.20667, patience : 0
2026-09-17 17:25:01,511 P1173631 INFO pr:0.9217  rc:0.7500  auc:0.9959 ap:0.9580 f1: 0.8270 pred_right: 1068133 pred_wrong:28067 actu_right: 1061711 actu_wrong: 34489
2026-09-17 17:25:19,119 P1173631 INFO pr:0.9213  rc:0.7474  auc:0.9956 ap:0.9572 f1: 0.8252 pred_right: 457787 pred_wrong:12013 actu_right: 454992 actu_wrong: 14808
2026-09-17 17:25:19,120 P1173631 INFO ----------------------------------------------------------------------------------------------------
2026-09-17 17:25:19,120 P1173631 INFO 47/50 starting... lr: 0.001 para:0.02083333395421505
2026-09-17 17:27:08,192 P1173631 INFO Epoch 47/50, all_loss:1.20295 cls_loss:1.21971 rec_loss:0.41566 [109.06s]; best loss:1.20295, patience : 0
2026-09-17 17:27:51,711 P1173631 INFO pr:0.9419  rc:0.7332  auc:0.9959 ap:0.9596 f1: 0.8245 pred_right: 1069354 pred_wrong:26846 actu_right: 1061713 actu_wrong: 34487
2026-09-17 17:28:10,893 P1173631 INFO pr:0.9395  rc:0.7293  auc:0.9955 ap:0.9581 f1: 0.8211 pred_right: 458305 pred_wrong:11495 actu_right: 454992 actu_wrong: 14808
2026-09-17 17:28:10,894 P1173631 INFO ----------------------------------------------------------------------------------------------------
2026-09-17 17:28:10,895 P1173631 INFO 48/50 starting... lr: 0.001 para:0.020408162847161293
2026-09-17 17:30:00,867 P1173631 INFO Epoch 48/50, all_loss:1.21824 cls_loss:1.23479 rec_loss:0.42391 [109.97s]; best loss:1.20295, patience : 1
2026-09-17 17:30:49,611 P1173631 INFO pr:0.8809  rc:0.7585  auc:0.9954 ap:0.9534 f1: 0.8151 pred_right: 1066505 pred_wrong:29695 actu_right: 1061714 actu_wrong: 34486
2026-09-17 17:31:06,774 P1173631 INFO pr:0.8786  rc:0.7574  auc:0.9951 ap:0.9517 f1: 0.8135 pred_right: 457034 pred_wrong:12766 actu_right: 454992 actu_wrong: 14808
2026-09-17 17:31:06,775 P1173631 INFO ----------------------------------------------------------------------------------------------------
2026-09-17 17:31:06,775 P1173631 INFO 49/50 starting... lr: 0.001 para:0.019999999552965164
2026-09-17 17:32:58,263 P1173631 INFO Epoch 49/50, all_loss:1.19926 cls_loss:1.21502 rec_loss:0.42738 [111.48s]; best loss:1.19926, patience : 0
2026-09-17 17:33:41,279 P1173631 INFO pr:0.8692  rc:0.7978  auc:0.9962 ap:0.9621 f1: 0.8320 pred_right: 1064546 pred_wrong:31654 actu_right: 1061714 actu_wrong: 34486
2026-09-17 17:34:01,548 P1173631 INFO pr:0.8685  rc:0.7957  auc:0.9958 ap:0.9602 f1: 0.8305 pred_right: 456234 pred_wrong:13566 actu_right: 454992 actu_wrong: 14808
2026-09-17 17:34:01,560 P1173631 INFO saving model...
2026-09-17 17:34:01,562 P1173631 INFO FITS_Legendre - loss  best score:1.1992624998092651 at epoch 49
2026-09-17 17:34:01,585 P1173631 INFO FITS_Legendre - f1  best score:0.8319625037798609 at epoch 49
2026-09-17 17:34:01,604 P1173631 INFO Average training time per epoch: 105.40 seconds
2026-09-17 17:34:01,609 P1173631 INFO calculate scores...
2026-09-17 17:34:01,610 P1173631 INFO calculate label with loss...
2026-09-17 17:34:01,610 P1173631 INFO FITS_Legendre on ./result/server_only_exps/Ablations_updatedFreDF/FITS_Legendre-TT-Epochs50-Seed3-ExpNameRQ2z5_basis_degree_comparison-LPFLPF-Attnlinear_attn-NormLinTrue-RecLambda1.0-AuxiLambda0.2-lowshow-simplegraph-Degree3-BasisTypefourier loading...
2026-09-17 17:34:22,123 P1173631 INFO pr:0.8685  rc:0.7957  auc:0.9958 ap:0.9602 f1: 0.8305 pred_right: 456234 pred_wrong:13566 actu_right: 454992 actu_wrong: 14808
2026-09-17 17:34:40,128 P1173631 INFO pr:0.8685  rc:0.7957  auc:0.9958 ap:0.9602 f1: 0.8305 pred_right: 456234 pred_wrong:13566 actu_right: 454992 actu_wrong: 14808
2026-09-17 17:34:40,129 P1173631 INFO Performance Summary:
{'GPU': {'inference_time_per_sample_ms': 1.1309315800803674, 'throughput_samples_per_sec': 884.2267893243701, 'peak_memory_mb': 87.0107421875, 'energy_per_sample_joules': 0.06642752821918053}, 'CPU': {'inference_time_per_sample_ms': 0.985304797421093, 'throughput_samples_per_sec': 1014.9143723012106, 'peak_memory_mb': 5503.78515625, 'energy_per_sample_joules': 0.06404481183237104}}
2026-09-17 17:34:40,129 P1173631 INFO Starting clean-room hardware benchmarking...
2026-09-17 17:34:43,470 P1173631 INFO Performance with loss: pr:0.8685  rc:0.7957  auc:0.9958 ap:0.9602 f1: 0.8305 pred_right: 456234 pred_wrong:13566 actu_right: 454992 actu_wrong: 14808
2026-09-17 17:34:43,470 P1173631 INFO calculate label with f1...
2026-09-17 17:34:43,470 P1173631 INFO FITS_Legendre on ./result/server_only_exps/Ablations_updatedFreDF/FITS_Legendre-TT-Epochs50-Seed3-ExpNameRQ2z5_basis_degree_comparison-LPFLPF-Attnlinear_attn-NormLinTrue-RecLambda1.0-AuxiLambda0.2-lowshow-simplegraph-Degree3-BasisTypefourier loading...
2026-09-17 17:35:12,769 P1173631 INFO pr:0.8685  rc:0.7957  auc:0.9958 ap:0.9602 f1: 0.8305 pred_right: 456234 pred_wrong:13566 actu_right: 454992 actu_wrong: 14808
2026-09-17 17:35:53,244 P1173631 INFO pr:0.8685  rc:0.7957  auc:0.9958 ap:0.9602 f1: 0.8305 pred_right: 456234 pred_wrong:13566 actu_right: 454992 actu_wrong: 14808
2026-09-17 17:35:53,245 P1173631 INFO Performance Summary:
{'GPU': {'inference_time_per_sample_ms': 1.624755691195465, 'throughput_samples_per_sec': 615.4771486070122, 'peak_memory_mb': 86.5078125, 'energy_per_sample_joules': 0.10548807562871117}, 'CPU': {'inference_time_per_sample_ms': 2.2731117348172774, 'throughput_samples_per_sec': 439.9255807283862, 'peak_memory_mb': 5462.58984375, 'energy_per_sample_joules': 0.147752262763123}}
2026-09-17 17:35:53,245 P1173631 INFO Starting clean-room hardware benchmarking...
2026-09-17 17:35:56,478 P1173631 INFO Performance with f1: pr:0.8685  rc:0.7957  auc:0.9958 ap:0.9602 f1: 0.8305 pred_right: 456234 pred_wrong:13566 actu_right: 454992 actu_wrong: 14808
