2026-07-10 04:39:49,126 P1702306 INFO ---- Model: ----MSTGAD-a3bb0fd3----random_seed : 2----req_loss_approach : Legendre-style----rec_lambda : 1.0----auxi_lambda : 0.01----Freq Domain : FITS_Legendre----Multi Fits : false----train : True----evaluate : False
2026-07-10 04:39:49,126 P1702306 INFO Load from /home/db2003/Desktop/Amr/Tests/Eadro/codes/chunks/TT
2026-07-10 04:40:01,199 P1702306 INFO Fewshot: training with 1.0 of the 70% of the data
2026-07-10 04:40:10,258 P1702306 INFO Trainable Parameters Breakdown:
2026-07-10 04:40:10,259 P1702306 INFO --------------------------------------------------------------------------------
2026-07-10 04:40:10,259 P1702306 INFO Reconstruction-Specific Parameters:
2026-07-10 04:40:10,259 P1702306 INFO linear_attn.Wq.weight                    | shape: (10, 10)                  | params: 100
2026-07-10 04:40:10,259 P1702306 INFO linear_attn.Wk.weight                    | shape: (10, 10)                  | params: 100
2026-07-10 04:40:10,259 P1702306 INFO linear_attn.Wv.weight                    | shape: (10, 10)                  | params: 100
2026-07-10 04:40:10,259 P1702306 INFO linear_attn.out.weight                   | shape: (10, 10)                  | params: 100
2026-07-10 04:40:10,259 P1702306 INFO linear_attn.out.bias                     | shape: (10,)                     | params: 10
2026-07-10 04:40:10,259 P1702306 INFO linear_attn.norm.weight                  | shape: (10,)                     | params: 10
2026-07-10 04:40:10,259 P1702306 INFO linear_attn.norm.bias                    | shape: (10,)                     | params: 10
2026-07-10 04:40:10,259 P1702306 INFO shared_fits.normlin_W                    | shape: (5, 5)                    | params: 25
2026-07-10 04:40:10,259 P1702306 INFO shared_fits.freq_upsampler.weight        | shape: (5, 5)                    | params: 25
2026-07-10 04:40:10,259 P1702306 INFO shared_fits.freq_upsampler.bias          | shape: (5,)                      | params: 5
2026-07-10 04:40:10,259 P1702306 INFO modality_proj.node.weight                | shape: (10, 8)                   | params: 80
2026-07-10 04:40:10,259 P1702306 INFO modality_proj.node.bias                  | shape: (10,)                     | params: 10
2026-07-10 04:40:10,259 P1702306 INFO modality_proj.log.weight                 | shape: (10, 32)                  | params: 320
2026-07-10 04:40:10,259 P1702306 INFO modality_proj.log.bias                   | shape: (10,)                     | params: 10
2026-07-10 04:40:10,259 P1702306 INFO modality_proj.edge.weight                | shape: (10, 8)                   | params: 80
2026-07-10 04:40:10,259 P1702306 INFO modality_proj.edge.bias                  | shape: (10,)                     | params: 10
2026-07-10 04:40:10,260 P1702306 INFO modality_proj_out.node.weight            | shape: (8, 10)                   | params: 80
2026-07-10 04:40:10,260 P1702306 INFO modality_proj_out.node.bias              | shape: (8,)                      | params: 8
2026-07-10 04:40:10,260 P1702306 INFO modality_proj_out.log.weight             | shape: (32, 10)                  | params: 320
2026-07-10 04:40:10,260 P1702306 INFO modality_proj_out.log.bias               | shape: (32,)                     | params: 32
2026-07-10 04:40:10,260 P1702306 INFO modality_proj_out.edge.weight            | shape: (8, 10)                   | params: 80
2026-07-10 04:40:10,260 P1702306 INFO modality_proj_out.edge.bias              | shape: (8,)                      | params: 8
2026-07-10 04:40:10,260 P1702306 INFO Subtotal: 1,523
2026-07-10 04:40:10,260 P1702306 INFO --------------------------------------------------------------------------------
2026-07-10 04:40:10,260 P1702306 INFO Common Parameters:
2026-07-10 04:40:10,260 P1702306 INFO node_emb.linear.weight                   | shape: (8, 7)                    | params: 56
2026-07-10 04:40:10,260 P1702306 INFO node_emb.linear.bias                     | shape: (8,)                      | params: 8
2026-07-10 04:40:10,260 P1702306 INFO log_emb.linear.weight                    | shape: (32, 60)                  | params: 1,920
2026-07-10 04:40:10,260 P1702306 INFO log_emb.linear.bias                      | shape: (32,)                     | params: 32
2026-07-10 04:40:10,260 P1702306 INFO egde_emb.linear.weight                   | shape: (8, 2)                    | params: 16
2026-07-10 04:40:10,260 P1702306 INFO egde_emb.linear.bias                     | shape: (8,)                      | params: 8
2026-07-10 04:40:10,260 P1702306 INFO dense_node.weight                        | shape: (7, 8)                    | params: 56
2026-07-10 04:40:10,260 P1702306 INFO dense_node.bias                          | shape: (7,)                      | params: 7
2026-07-10 04:40:10,260 P1702306 INFO dense_log.weight                         | shape: (60, 32)                  | params: 1,920
2026-07-10 04:40:10,260 P1702306 INFO dense_log.bias                           | shape: (60,)                     | params: 60
2026-07-10 04:40:10,260 P1702306 INFO dense_edge.weight                        | shape: (2, 8)                    | params: 16
2026-07-10 04:40:10,260 P1702306 INFO dense_edge.bias                          | shape: (2,)                      | params: 2
2026-07-10 04:40:10,261 P1702306 INFO show.0.weight                            | shape: (128, 69)                 | params: 8,832
2026-07-10 04:40:10,261 P1702306 INFO show.0.bias                              | shape: (128,)                    | params: 128
2026-07-10 04:40:10,261 P1702306 INFO show.2.weight                            | shape: (2, 128)                  | params: 256
2026-07-10 04:40:10,261 P1702306 INFO show.2.bias                              | shape: (2,)                      | params: 2
2026-07-10 04:40:10,261 P1702306 INFO Subtotal: 13,319
2026-07-10 04:40:10,261 P1702306 INFO --------------------------------------------------------------------------------
2026-07-10 04:40:10,261 P1702306 INFO Total Trainable Parameters: 14,842

2026-07-10 04:40:10,261 P1702306 INFO Trainable Parameters: 14842, reconstruction: 1523, common: 13319
2026-07-10 04:40:10,261 P1702306 INFO model : init weight
2026-07-10 04:40:10,262 P1702306 INFO Using GPU...
2026-07-10 04:40:10,266 P1702306 INFO optimizer : using AdaBelief
2026-07-10 04:40:10,267 P1702306 INFO ----------------------------------------------------------------------------------------------------
2026-07-10 04:40:10,267 P1702306 INFO 0/50 starting... lr: 0.001 para:1.0
2026-07-10 04:40:37,505 P1702306 INFO Epoch 0/50, all_loss:0.06739 cls_loss:29.19705 rec_loss:0.06739 [27.23s]; best loss:0.06739, patience : 0
2026-07-10 04:40:37,505 P1702306 INFO ----------------------------------------------------------------------------------------------------
2026-07-10 04:40:37,506 P1702306 INFO 1/50 starting... lr: 0.001 para:0.5
2026-07-10 04:40:59,821 P1702306 INFO Epoch 1/50, all_loss:2.21025 cls_loss:4.20700 rec_loss:0.21351 [22.31s]; best loss:2.21025, patience : 0
2026-07-10 04:40:59,821 P1702306 INFO ----------------------------------------------------------------------------------------------------
2026-07-10 04:40:59,821 P1702306 INFO 2/50 starting... lr: 0.001 para:0.3333333432674408
2026-07-10 04:41:21,051 P1702306 INFO Epoch 2/50, all_loss:1.57305 cls_loss:2.22879 rec_loss:0.26156 [21.22s]; best loss:1.57305, patience : 0
2026-07-10 04:41:32,069 P1702306 INFO pr:0.9262  rc:0.4945  auc:0.9879 ap:0.9000 f1: 0.6448 pred_right: 1077783 pred_wrong:18417 actu_right: 1061707 actu_wrong: 34493
2026-07-10 04:41:36,822 P1702306 INFO pr:0.9232  rc:0.4965  auc:0.9881 ap:0.9004 f1: 0.6457 pred_right: 461836 pred_wrong:7964 actu_right: 454992 actu_wrong: 14808
2026-07-10 04:41:36,826 P1702306 INFO ----------------------------------------------------------------------------------------------------
2026-07-10 04:41:36,826 P1702306 INFO 3/50 starting... lr: 0.001 para:0.25
2026-07-10 04:41:57,358 P1702306 INFO Epoch 3/50, all_loss:1.57947 cls_loss:2.01832 rec_loss:0.26291 [20.53s]; best loss:1.57305, patience : 1
2026-07-10 04:42:16,928 P1702306 INFO pr:0.8976  rc:0.5478  auc:0.9898 ap:0.9080 f1: 0.6804 pred_right: 1075148 pred_wrong:21052 actu_right: 1061708 actu_wrong: 34492
2026-07-10 04:42:21,706 P1702306 INFO pr:0.9000  rc:0.5479  auc:0.9898 ap:0.9089 f1: 0.6811 pred_right: 460786 pred_wrong:9014 actu_right: 454992 actu_wrong: 14808
2026-07-10 04:42:21,710 P1702306 INFO ----------------------------------------------------------------------------------------------------
2026-07-10 04:42:21,710 P1702306 INFO 4/50 starting... lr: 0.001 para:0.20000000298023224
2026-07-10 04:42:42,576 P1702306 INFO Epoch 4/50, all_loss:1.57821 cls_loss:1.90497 rec_loss:0.27120 [20.86s]; best loss:1.57305, patience : 1
2026-07-10 04:42:53,645 P1702306 INFO pr:0.7993  rc:0.6303  auc:0.9906 ap:0.9142 f1: 0.7048 pred_right: 1068999 pred_wrong:27201 actu_right: 1061706 actu_wrong: 34494
2026-07-10 04:42:58,314 P1702306 INFO pr:0.8019  rc:0.6324  auc:0.9906 ap:0.9152 f1: 0.7072 pred_right: 458122 pred_wrong:11678 actu_right: 454992 actu_wrong: 14808
2026-07-10 04:42:58,319 P1702306 INFO ----------------------------------------------------------------------------------------------------
2026-07-10 04:42:58,319 P1702306 INFO 5/50 starting... lr: 0.001 para:0.1666666716337204
2026-07-10 04:43:20,685 P1702306 INFO Epoch 5/50, all_loss:1.59680 cls_loss:1.86184 rec_loss:0.27156 [22.37s]; best loss:1.57305, patience : 2
2026-07-10 04:43:30,168 P1702306 INFO pr:0.8929  rc:0.5815  auc:0.9907 ap:0.9142 f1: 0.7043 pred_right: 1073736 pred_wrong:22464 actu_right: 1061711 actu_wrong: 34489
2026-07-10 04:43:37,765 P1702306 INFO pr:0.8977  rc:0.5844  auc:0.9906 ap:0.9156 f1: 0.7080 pred_right: 460160 pred_wrong:9640 actu_right: 454992 actu_wrong: 14808
2026-07-10 04:43:37,767 P1702306 INFO ----------------------------------------------------------------------------------------------------
2026-07-10 04:43:37,768 P1702306 INFO 6/50 starting... lr: 0.001 para:0.1428571492433548
2026-07-10 04:44:03,637 P1702306 INFO Epoch 6/50, all_loss:1.56931 cls_loss:1.78584 rec_loss:0.27015 [25.86s]; best loss:1.56931, patience : 0
2026-07-10 04:44:14,400 P1702306 INFO pr:0.9338  rc:0.5510  auc:0.9913 ap:0.9197 f1: 0.6930 pred_right: 1075848 pred_wrong:20352 actu_right: 1061709 actu_wrong: 34491
2026-07-10 04:44:19,025 P1702306 INFO pr:0.9366  rc:0.5510  auc:0.9914 ap:0.9210 f1: 0.6938 pred_right: 461089 pred_wrong:8711 actu_right: 454992 actu_wrong: 14808
2026-07-10 04:44:19,026 P1702306 INFO ----------------------------------------------------------------------------------------------------
2026-07-10 04:44:19,027 P1702306 INFO 7/50 starting... lr: 0.001 para:0.125
2026-07-10 04:44:40,005 P1702306 INFO Epoch 7/50, all_loss:1.57389 cls_loss:1.76055 rec_loss:0.26723 [20.98s]; best loss:1.56931, patience : 1
2026-07-10 04:44:50,971 P1702306 INFO pr:0.8995  rc:0.5971  auc:0.9922 ap:0.9245 f1: 0.7177 pred_right: 1073307 pred_wrong:22893 actu_right: 1061710 actu_wrong: 34490
2026-07-10 04:44:56,640 P1702306 INFO pr:0.9042  rc:0.5990  auc:0.9920 ap:0.9254 f1: 0.7206 pred_right: 459990 pred_wrong:9810 actu_right: 454992 actu_wrong: 14808
2026-07-10 04:44:56,644 P1702306 INFO ----------------------------------------------------------------------------------------------------
2026-07-10 04:44:56,644 P1702306 INFO 8/50 starting... lr: 0.001 para:0.1111111119389534
2026-07-10 04:45:23,203 P1702306 INFO Epoch 8/50, all_loss:1.55537 cls_loss:1.71620 rec_loss:0.26867 [26.55s]; best loss:1.55537, patience : 0
2026-07-10 04:45:34,868 P1702306 INFO pr:0.8968  rc:0.6164  auc:0.9921 ap:0.9256 f1: 0.7306 pred_right: 1072492 pred_wrong:23708 actu_right: 1061707 actu_wrong: 34493
2026-07-10 04:45:39,469 P1702306 INFO pr:0.9000  rc:0.6191  auc:0.9920 ap:0.9269 f1: 0.7335 pred_right: 459614 pred_wrong:10186 actu_right: 454992 actu_wrong: 14808
2026-07-10 04:45:39,474 P1702306 INFO ----------------------------------------------------------------------------------------------------
2026-07-10 04:45:39,477 P1702306 INFO 9/50 starting... lr: 0.001 para:0.10000000149011612
2026-07-10 04:46:00,949 P1702306 INFO Epoch 9/50, all_loss:1.54174 cls_loss:1.68295 rec_loss:0.27082 [21.47s]; best loss:1.54174, patience : 0
2026-07-10 04:46:12,241 P1702306 INFO pr:0.9110  rc:0.5966  auc:0.9929 ap:0.9296 f1: 0.7210 pred_right: 1073615 pred_wrong:22585 actu_right: 1061712 actu_wrong: 34488
2026-07-10 04:46:16,958 P1702306 INFO pr:0.9126  rc:0.5991  auc:0.9926 ap:0.9303 f1: 0.7233 pred_right: 460079 pred_wrong:9721 actu_right: 454992 actu_wrong: 14808
2026-07-10 04:46:16,959 P1702306 INFO ----------------------------------------------------------------------------------------------------
2026-07-10 04:46:16,959 P1702306 INFO 10/50 starting... lr: 0.001 para:0.09090909361839294
2026-07-10 04:46:37,283 P1702306 INFO Epoch 10/50, all_loss:1.53473 cls_loss:1.66097 rec_loss:0.27235 [20.32s]; best loss:1.53473, patience : 0
2026-07-10 04:46:56,656 P1702306 INFO pr:0.9120  rc:0.6250  auc:0.9925 ap:0.9318 f1: 0.7417 pred_right: 1072562 pred_wrong:23638 actu_right: 1061709 actu_wrong: 34491
2026-07-10 04:47:01,500 P1702306 INFO pr:0.9137  rc:0.6255  auc:0.9923 ap:0.9326 f1: 0.7426 pred_right: 459663 pred_wrong:10137 actu_right: 454992 actu_wrong: 14808
2026-07-10 04:47:01,505 P1702306 INFO ----------------------------------------------------------------------------------------------------
2026-07-10 04:47:01,505 P1702306 INFO 11/50 starting... lr: 0.001 para:0.0833333358168602
2026-07-10 04:47:22,380 P1702306 INFO Epoch 11/50, all_loss:1.51822 cls_loss:1.63057 rec_loss:0.28230 [20.87s]; best loss:1.51822, patience : 0
2026-07-10 04:47:33,226 P1702306 INFO pr:0.8698  rc:0.6670  auc:0.9928 ap:0.9302 f1: 0.7550 pred_right: 1069758 pred_wrong:26442 actu_right: 1061715 actu_wrong: 34485
2026-07-10 04:47:37,977 P1702306 INFO pr:0.8755  rc:0.6665  auc:0.9927 ap:0.9310 f1: 0.7568 pred_right: 458527 pred_wrong:11273 actu_right: 454992 actu_wrong: 14808
2026-07-10 04:47:37,982 P1702306 INFO ----------------------------------------------------------------------------------------------------
2026-07-10 04:47:37,982 P1702306 INFO 12/50 starting... lr: 0.001 para:0.07692307978868484
2026-07-10 04:48:00,107 P1702306 INFO Epoch 12/50, all_loss:1.46889 cls_loss:1.56639 rec_loss:0.29889 [22.11s]; best loss:1.46889, patience : 0
2026-07-10 04:48:10,179 P1702306 INFO pr:0.9036  rc:0.6682  auc:0.9938 ap:0.9389 f1: 0.7682 pred_right: 1070698 pred_wrong:25502 actu_right: 1061711 actu_wrong: 34489
2026-07-10 04:48:14,433 P1702306 INFO pr:0.9044  rc:0.6677  auc:0.9935 ap:0.9387 f1: 0.7682 pred_right: 458868 pred_wrong:10932 actu_right: 454992 actu_wrong: 14808
2026-07-10 04:48:14,438 P1702306 INFO ----------------------------------------------------------------------------------------------------
2026-07-10 04:48:14,438 P1702306 INFO 13/50 starting... lr: 0.001 para:0.0714285746216774
2026-07-10 04:48:43,099 P1702306 INFO Epoch 13/50, all_loss:1.45678 cls_loss:1.54404 rec_loss:0.32238 [28.66s]; best loss:1.45678, patience : 0
2026-07-10 04:48:54,423 P1702306 INFO pr:0.8904  rc:0.7116  auc:0.9942 ap:0.9427 f1: 0.7910 pred_right: 1068638 pred_wrong:27562 actu_right: 1061713 actu_wrong: 34487
2026-07-10 04:48:59,119 P1702306 INFO pr:0.8932  rc:0.7144  auc:0.9941 ap:0.9434 f1: 0.7939 pred_right: 457956 pred_wrong:11844 actu_right: 454992 actu_wrong: 14808
2026-07-10 04:48:59,124 P1702306 INFO ----------------------------------------------------------------------------------------------------
2026-07-10 04:48:59,124 P1702306 INFO 14/50 starting... lr: 0.001 para:0.06666667014360428
2026-07-10 04:49:20,097 P1702306 INFO Epoch 14/50, all_loss:1.40688 cls_loss:1.48207 rec_loss:0.35417 [20.97s]; best loss:1.40688, patience : 0
2026-07-10 04:49:31,196 P1702306 INFO pr:0.8884  rc:0.7171  auc:0.9944 ap:0.9440 f1: 0.7936 pred_right: 1068358 pred_wrong:27842 actu_right: 1061707 actu_wrong: 34493
2026-07-10 04:49:36,849 P1702306 INFO pr:0.8906  rc:0.7203  auc:0.9941 ap:0.9444 f1: 0.7964 pred_right: 457824 pred_wrong:11976 actu_right: 454992 actu_wrong: 14808
2026-07-10 04:49:36,853 P1702306 INFO ----------------------------------------------------------------------------------------------------
2026-07-10 04:49:36,853 P1702306 INFO 15/50 starting... lr: 0.001 para:0.0625
2026-07-10 04:50:03,583 P1702306 INFO Epoch 15/50, all_loss:1.37433 cls_loss:1.43888 rec_loss:0.40617 [26.73s]; best loss:1.37433, patience : 0
2026-07-10 04:50:15,282 P1702306 INFO pr:0.8979  rc:0.7174  auc:0.9955 ap:0.9507 f1: 0.7976 pred_right: 1068643 pred_wrong:27557 actu_right: 1061710 actu_wrong: 34490
2026-07-10 04:50:20,120 P1702306 INFO pr:0.9015  rc:0.7168  auc:0.9953 ap:0.9506 f1: 0.7986 pred_right: 458026 pred_wrong:11774 actu_right: 454992 actu_wrong: 14808
2026-07-10 04:50:20,124 P1702306 INFO ----------------------------------------------------------------------------------------------------
2026-07-10 04:50:20,124 P1702306 INFO 16/50 starting... lr: 0.001 para:0.05882352963089943
2026-07-10 04:50:41,174 P1702306 INFO Epoch 16/50, all_loss:1.30653 cls_loss:1.35643 rec_loss:0.50813 [21.05s]; best loss:1.30653, patience : 0
2026-07-10 04:50:51,943 P1702306 INFO pr:0.9444  rc:0.6023  auc:0.9957 ap:0.9532 f1: 0.7355 pred_right: 1074204 pred_wrong:21996 actu_right: 1061709 actu_wrong: 34491
2026-07-10 04:50:56,423 P1702306 INFO pr:0.9478  rc:0.6039  auc:0.9955 ap:0.9532 f1: 0.7377 pred_right: 460364 pred_wrong:9436 actu_right: 454992 actu_wrong: 14808
2026-07-10 04:50:56,424 P1702306 INFO ----------------------------------------------------------------------------------------------------
2026-07-10 04:50:56,424 P1702306 INFO 17/50 starting... lr: 0.001 para:0.0555555559694767
2026-07-10 04:51:17,177 P1702306 INFO Epoch 17/50, all_loss:1.25412 cls_loss:1.29219 rec_loss:0.60706 [20.75s]; best loss:1.25412, patience : 0
2026-07-10 04:51:35,929 P1702306 INFO pr:0.8397  rc:0.8184  auc:0.9964 ap:0.9612 f1: 0.8289 pred_right: 1062590 pred_wrong:33610 actu_right: 1061713 actu_wrong: 34487
2026-07-10 04:51:40,988 P1702306 INFO pr:0.8389  rc:0.8165  auc:0.9963 ap:0.9609 f1: 0.8276 pred_right: 455387 pred_wrong:14413 actu_right: 454992 actu_wrong: 14808
2026-07-10 04:51:40,993 P1702306 INFO ----------------------------------------------------------------------------------------------------
2026-07-10 04:51:40,994 P1702306 INFO 18/50 starting... lr: 0.001 para:0.05263157933950424
2026-07-10 04:52:02,364 P1702306 INFO Epoch 18/50, all_loss:1.18821 cls_loss:1.21555 rec_loss:0.69609 [21.37s]; best loss:1.18821, patience : 0
2026-07-10 04:52:13,200 P1702306 INFO pr:0.9045  rc:0.7740  auc:0.9969 ap:0.9657 f1: 0.8342 pred_right: 1066690 pred_wrong:29510 actu_right: 1061712 actu_wrong: 34488
2026-07-10 04:52:18,021 P1702306 INFO pr:0.9032  rc:0.7708  auc:0.9969 ap:0.9659 f1: 0.8318 pred_right: 457163 pred_wrong:12637 actu_right: 454992 actu_wrong: 14808
2026-07-10 04:52:18,029 P1702306 INFO ----------------------------------------------------------------------------------------------------
2026-07-10 04:52:18,029 P1702306 INFO 19/50 starting... lr: 0.001 para:0.05000000074505806
2026-07-10 04:52:39,242 P1702306 INFO Epoch 19/50, all_loss:1.11181 cls_loss:1.12754 rec_loss:0.81294 [21.21s]; best loss:1.11181, patience : 0
2026-07-10 04:52:50,421 P1702306 INFO pr:0.9215  rc:0.7524  auc:0.9969 ap:0.9645 f1: 0.8284 pred_right: 1068040 pred_wrong:28160 actu_right: 1061712 actu_wrong: 34488
2026-07-10 04:52:54,741 P1702306 INFO pr:0.9228  rc:0.7514  auc:0.9967 ap:0.9645 f1: 0.8283 pred_right: 457743 pred_wrong:12057 actu_right: 454992 actu_wrong: 14808
2026-07-10 04:52:54,742 P1702306 INFO ----------------------------------------------------------------------------------------------------
2026-07-10 04:52:54,742 P1702306 INFO 20/50 starting... lr: 0.001 para:0.0476190485060215
2026-07-10 04:53:23,147 P1702306 INFO Epoch 20/50, all_loss:1.07766 cls_loss:1.08779 rec_loss:0.87520 [28.40s]; best loss:1.07766, patience : 0
2026-07-10 04:53:33,894 P1702306 INFO pr:0.9131  rc:0.7732  auc:0.9974 ap:0.9700 f1: 0.8373 pred_right: 1066992 pred_wrong:29208 actu_right: 1061709 actu_wrong: 34491
2026-07-10 04:53:38,278 P1702306 INFO pr:0.9138  rc:0.7697  auc:0.9973 ap:0.9700 f1: 0.8356 pred_right: 457328 pred_wrong:12472 actu_right: 454992 actu_wrong: 14808
2026-07-10 04:53:38,282 P1702306 INFO ----------------------------------------------------------------------------------------------------
2026-07-10 04:53:38,282 P1702306 INFO 21/50 starting... lr: 0.001 para:0.04545454680919647
2026-07-10 04:53:59,338 P1702306 INFO Epoch 21/50, all_loss:1.04279 cls_loss:1.04606 rec_loss:0.97416 [21.05s]; best loss:1.04279, patience : 0
2026-07-10 04:54:10,293 P1702306 INFO pr:0.8819  rc:0.8453  auc:0.9976 ap:0.9727 f1: 0.8632 pred_right: 1063138 pred_wrong:33062 actu_right: 1061710 actu_wrong: 34490
2026-07-10 04:54:14,822 P1702306 INFO pr:0.8878  rc:0.8406  auc:0.9977 ap:0.9734 f1: 0.8636 pred_right: 455779 pred_wrong:14021 actu_right: 454992 actu_wrong: 14808
2026-07-10 04:54:14,827 P1702306 INFO ----------------------------------------------------------------------------------------------------
2026-07-10 04:54:14,827 P1702306 INFO 22/50 starting... lr: 0.001 para:0.043478261679410934
2026-07-10 04:54:37,739 P1702306 INFO Epoch 22/50, all_loss:0.97204 cls_loss:0.96940 rec_loss:1.03004 [22.91s]; best loss:0.97204, patience : 0
2026-07-10 04:54:54,966 P1702306 INFO pr:0.8606  rc:0.8810  auc:0.9979 ap:0.9740 f1: 0.8707 pred_right: 1060886 pred_wrong:35314 actu_right: 1061707 actu_wrong: 34493
2026-07-10 04:54:59,399 P1702306 INFO pr:0.8614  rc:0.8797  auc:0.9978 ap:0.9735 f1: 0.8705 pred_right: 454677 pred_wrong:15123 actu_right: 454992 actu_wrong: 14808
2026-07-10 04:54:59,403 P1702306 INFO ----------------------------------------------------------------------------------------------------
2026-07-10 04:54:59,404 P1702306 INFO 23/50 starting... lr: 0.001 para:0.0416666679084301
2026-07-10 04:55:20,252 P1702306 INFO Epoch 23/50, all_loss:0.94367 cls_loss:0.93681 rec_loss:1.10140 [20.84s]; best loss:0.94367, patience : 0
2026-07-10 04:55:30,977 P1702306 INFO pr:0.9074  rc:0.8282  auc:0.9982 ap:0.9782 f1: 0.8660 pred_right: 1064720 pred_wrong:31480 actu_right: 1061707 actu_wrong: 34493
2026-07-10 04:55:35,460 P1702306 INFO pr:0.9082  rc:0.8269  auc:0.9981 ap:0.9782 f1: 0.8656 pred_right: 456318 pred_wrong:13482 actu_right: 454992 actu_wrong: 14808
2026-07-10 04:55:35,461 P1702306 INFO ----------------------------------------------------------------------------------------------------
2026-07-10 04:55:35,461 P1702306 INFO 24/50 starting... lr: 0.001 para:0.03999999910593033
2026-07-10 04:55:57,681 P1702306 INFO Epoch 24/50, all_loss:0.91287 cls_loss:0.90326 rec_loss:1.14354 [22.22s]; best loss:0.91287, patience : 0
2026-07-10 04:56:07,055 P1702306 INFO pr:0.9160  rc:0.8551  auc:0.9983 ap:0.9796 f1: 0.8845 pred_right: 1064007 pred_wrong:32193 actu_right: 1061712 actu_wrong: 34488
2026-07-10 04:56:12,139 P1702306 INFO pr:0.9206  rc:0.8521  auc:0.9982 ap:0.9795 f1: 0.8850 pred_right: 456093 pred_wrong:13707 actu_right: 454992 actu_wrong: 14808
2026-07-10 04:56:12,151 P1702306 INFO ----------------------------------------------------------------------------------------------------
2026-07-10 04:56:12,152 P1702306 INFO 25/50 starting... lr: 0.001 para:0.03846153989434242
2026-07-10 04:56:40,330 P1702306 INFO Epoch 25/50, all_loss:0.91899 cls_loss:0.90818 rec_loss:1.18929 [28.18s]; best loss:0.91287, patience : 1
2026-07-10 04:56:51,301 P1702306 INFO pr:0.9085  rc:0.8620  auc:0.9985 ap:0.9799 f1: 0.8847 pred_right: 1063476 pred_wrong:32724 actu_right: 1061711 actu_wrong: 34489
2026-07-10 04:56:56,099 P1702306 INFO pr:0.9110  rc:0.8622  auc:0.9984 ap:0.9800 f1: 0.8859 pred_right: 455785 pred_wrong:14015 actu_right: 454992 actu_wrong: 14808
2026-07-10 04:56:56,104 P1702306 INFO ----------------------------------------------------------------------------------------------------
2026-07-10 04:56:56,104 P1702306 INFO 26/50 starting... lr: 0.001 para:0.03703703731298447
2026-07-10 04:57:17,153 P1702306 INFO Epoch 26/50, all_loss:0.86280 cls_loss:0.84955 rec_loss:1.20720 [21.04s]; best loss:0.86280, patience : 0
2026-07-10 04:57:27,965 P1702306 INFO pr:0.8541  rc:0.9345  auc:0.9978 ap:0.9775 f1: 0.8925 pred_right: 1058462 pred_wrong:37738 actu_right: 1061708 actu_wrong: 34492
2026-07-10 04:57:32,905 P1702306 INFO pr:0.8588  rc:0.9331  auc:0.9978 ap:0.9778 f1: 0.8944 pred_right: 453710 pred_wrong:16090 actu_right: 454992 actu_wrong: 14808
2026-07-10 04:57:32,914 P1702306 INFO ----------------------------------------------------------------------------------------------------
2026-07-10 04:57:32,915 P1702306 INFO 27/50 starting... lr: 0.001 para:0.0357142873108387
2026-07-10 04:57:59,429 P1702306 INFO Epoch 27/50, all_loss:0.85688 cls_loss:0.84226 rec_loss:1.25156 [26.51s]; best loss:0.85688, patience : 0
2026-07-10 04:58:11,423 P1702306 INFO pr:0.9303  rc:0.8110  auc:0.9983 ap:0.9805 f1: 0.8666 pred_right: 1066135 pred_wrong:30065 actu_right: 1061712 actu_wrong: 34488
2026-07-10 04:58:16,125 P1702306 INFO pr:0.9313  rc:0.8082  auc:0.9983 ap:0.9810 f1: 0.8654 pred_right: 456949 pred_wrong:12851 actu_right: 454992 actu_wrong: 14808
2026-07-10 04:58:16,126 P1702306 INFO ----------------------------------------------------------------------------------------------------
2026-07-10 04:58:16,133 P1702306 INFO 28/50 starting... lr: 0.001 para:0.03448275849223137
2026-07-10 04:58:37,004 P1702306 INFO Epoch 28/50, all_loss:0.83025 cls_loss:0.81458 rec_loss:1.26912 [20.87s]; best loss:0.83025, patience : 0
2026-07-10 04:58:48,237 P1702306 INFO pr:0.9292  rc:0.8399  auc:0.9987 ap:0.9830 f1: 0.8823 pred_right: 1065024 pred_wrong:31176 actu_right: 1061708 actu_wrong: 34492
2026-07-10 04:58:52,695 P1702306 INFO pr:0.9346  rc:0.8329  auc:0.9985 ap:0.9829 f1: 0.8808 pred_right: 456604 pred_wrong:13196 actu_right: 454992 actu_wrong: 14808
2026-07-10 04:58:52,696 P1702306 INFO ----------------------------------------------------------------------------------------------------
2026-07-10 04:58:52,696 P1702306 INFO 29/50 starting... lr: 0.001 para:0.03333333507180214
2026-07-10 04:59:13,789 P1702306 INFO Epoch 29/50, all_loss:0.80758 cls_loss:0.79041 rec_loss:1.30561 [21.09s]; best loss:0.80758, patience : 0
2026-07-10 04:59:27,870 P1702306 INFO pr:0.8959  rc:0.9144  auc:0.9988 ap:0.9833 f1: 0.9050 pred_right: 1061001 pred_wrong:35199 actu_right: 1061710 actu_wrong: 34490
2026-07-10 04:59:36,705 P1702306 INFO pr:0.8994  rc:0.9113  auc:0.9987 ap:0.9836 f1: 0.9053 pred_right: 454795 pred_wrong:15005 actu_right: 454992 actu_wrong: 14808
2026-07-10 04:59:36,710 P1702306 INFO ----------------------------------------------------------------------------------------------------
2026-07-10 04:59:36,710 P1702306 INFO 30/50 starting... lr: 0.001 para:0.032258063554763794
2026-07-10 04:59:58,028 P1702306 INFO Epoch 30/50, all_loss:0.77877 cls_loss:0.76073 rec_loss:1.32008 [21.31s]; best loss:0.77877, patience : 0
2026-07-10 05:00:09,045 P1702306 INFO pr:0.8987  rc:0.9216  auc:0.9988 ap:0.9838 f1: 0.9100 pred_right: 1060836 pred_wrong:35364 actu_right: 1061714 actu_wrong: 34486
2026-07-10 05:00:13,655 P1702306 INFO pr:0.9029  rc:0.9208  auc:0.9987 ap:0.9840 f1: 0.9117 pred_right: 454698 pred_wrong:15102 actu_right: 454992 actu_wrong: 14808
2026-07-10 05:00:13,659 P1702306 INFO ----------------------------------------------------------------------------------------------------
2026-07-10 05:00:13,660 P1702306 INFO 31/50 starting... lr: 0.001 para:0.03125
2026-07-10 05:00:34,782 P1702306 INFO Epoch 31/50, all_loss:0.78618 cls_loss:0.76784 rec_loss:1.35474 [21.12s]; best loss:0.77877, patience : 1
2026-07-10 05:00:46,696 P1702306 INFO pr:0.8778  rc:0.9368  auc:0.9987 ap:0.9826 f1: 0.9064 pred_right: 1059393 pred_wrong:36807 actu_right: 1061711 actu_wrong: 34489
2026-07-10 05:00:50,667 P1702306 INFO pr:0.8811  rc:0.9343  auc:0.9986 ap:0.9832 f1: 0.9069 pred_right: 454098 pred_wrong:15702 actu_right: 454992 actu_wrong: 14808
2026-07-10 05:00:50,668 P1702306 INFO ----------------------------------------------------------------------------------------------------
2026-07-10 05:00:50,668 P1702306 INFO 32/50 starting... lr: 0.001 para:0.03030303120613098
2026-07-10 05:01:19,263 P1702306 INFO Epoch 32/50, all_loss:0.75038 cls_loss:0.73118 rec_loss:1.36463 [28.59s]; best loss:0.75038, patience : 0
2026-07-10 05:01:29,984 P1702306 INFO pr:0.8945  rc:0.9324  auc:0.9988 ap:0.9836 f1: 0.9130 pred_right: 1060251 pred_wrong:35949 actu_right: 1061714 actu_wrong: 34486
2026-07-10 05:01:34,470 P1702306 INFO pr:0.8964  rc:0.9301  auc:0.9988 ap:0.9843 f1: 0.9130 pred_right: 454436 pred_wrong:15364 actu_right: 454992 actu_wrong: 14808
2026-07-10 05:01:34,478 P1702306 INFO ----------------------------------------------------------------------------------------------------
2026-07-10 05:01:34,478 P1702306 INFO 33/50 starting... lr: 0.001 para:0.029411764815449715
2026-07-10 05:01:55,750 P1702306 INFO Epoch 33/50, all_loss:0.75238 cls_loss:0.73285 rec_loss:1.39659 [21.27s]; best loss:0.75038, patience : 1
2026-07-10 05:02:06,609 P1702306 INFO pr:0.9003  rc:0.9309  auc:0.9988 ap:0.9854 f1: 0.9153 pred_right: 1060541 pred_wrong:35659 actu_right: 1061713 actu_wrong: 34487
2026-07-10 05:02:11,340 P1702306 INFO pr:0.9049  rc:0.9296  auc:0.9985 ap:0.9855 f1: 0.9171 pred_right: 454587 pred_wrong:15213 actu_right: 454992 actu_wrong: 14808
2026-07-10 05:02:11,345 P1702306 INFO ----------------------------------------------------------------------------------------------------
2026-07-10 05:02:11,345 P1702306 INFO 34/50 starting... lr: 0.001 para:0.02857142873108387
2026-07-10 05:02:33,971 P1702306 INFO Epoch 34/50, all_loss:0.72786 cls_loss:0.70762 rec_loss:1.41599 [22.62s]; best loss:0.72786, patience : 0
2026-07-10 05:02:50,720 P1702306 INFO pr:0.9072  rc:0.9255  auc:0.9989 ap:0.9862 f1: 0.9162 pred_right: 1061017 pred_wrong:35183 actu_right: 1061712 actu_wrong: 34488
2026-07-10 05:02:55,469 P1702306 INFO pr:0.9081  rc:0.9234  auc:0.9988 ap:0.9859 f1: 0.9157 pred_right: 454742 pred_wrong:15058 actu_right: 454992 actu_wrong: 14808
2026-07-10 05:02:55,474 P1702306 INFO ----------------------------------------------------------------------------------------------------
2026-07-10 05:02:55,474 P1702306 INFO 35/50 starting... lr: 0.001 para:0.02777777798473835
2026-07-10 05:03:16,421 P1702306 INFO Epoch 35/50, all_loss:0.70678 cls_loss:0.68601 rec_loss:1.43382 [20.94s]; best loss:0.70678, patience : 0
2026-07-10 05:03:27,261 P1702306 INFO pr:0.9059  rc:0.9264  auc:0.9988 ap:0.9853 f1: 0.9161 pred_right: 1060929 pred_wrong:35271 actu_right: 1061710 actu_wrong: 34490
2026-07-10 05:03:31,693 P1702306 INFO pr:0.9098  rc:0.9228  auc:0.9988 ap:0.9856 f1: 0.9163 pred_right: 454780 pred_wrong:15020 actu_right: 454992 actu_wrong: 14808
2026-07-10 05:03:31,694 P1702306 INFO ----------------------------------------------------------------------------------------------------
2026-07-10 05:03:31,694 P1702306 INFO 36/50 starting... lr: 0.001 para:0.027027027681469917
2026-07-10 05:03:53,571 P1702306 INFO Epoch 36/50, all_loss:0.70875 cls_loss:0.68853 rec_loss:1.43671 [21.88s]; best loss:0.70678, patience : 1
2026-07-10 05:04:03,064 P1702306 INFO pr:0.9135  rc:0.9200  auc:0.9990 ap:0.9856 f1: 0.9167 pred_right: 1061467 pred_wrong:34733 actu_right: 1061710 actu_wrong: 34490
2026-07-10 05:04:10,378 P1702306 INFO pr:0.9136  rc:0.9188  auc:0.9989 ap:0.9856 f1: 0.9162 pred_right: 454908 pred_wrong:14892 actu_right: 454992 actu_wrong: 14808
2026-07-10 05:04:10,388 P1702306 INFO ----------------------------------------------------------------------------------------------------
2026-07-10 05:04:10,388 P1702306 INFO 37/50 starting... lr: 0.001 para:0.02631578966975212
2026-07-10 05:04:36,357 P1702306 INFO Epoch 37/50, all_loss:0.67580 cls_loss:0.65515 rec_loss:1.43961 [25.96s]; best loss:0.67580, patience : 0
2026-07-10 05:04:46,972 P1702306 INFO pr:0.9236  rc:0.8915  auc:0.9991 ap:0.9870 f1: 0.9072 pred_right: 1062905 pred_wrong:33295 actu_right: 1061706 actu_wrong: 34494
2026-07-10 05:04:51,613 P1702306 INFO pr:0.9248  rc:0.8892  auc:0.9991 ap:0.9871 f1: 0.9066 pred_right: 455562 pred_wrong:14238 actu_right: 454992 actu_wrong: 14808
2026-07-10 05:04:51,614 P1702306 INFO ----------------------------------------------------------------------------------------------------
2026-07-10 05:04:51,614 P1702306 INFO 38/50 starting... lr: 0.001 para:0.025641025975346565
2026-07-10 05:05:12,952 P1702306 INFO Epoch 38/50, all_loss:0.70188 cls_loss:0.68194 rec_loss:1.45933 [21.34s]; best loss:0.67580, patience : 1
2026-07-10 05:05:23,637 P1702306 INFO pr:0.9336  rc:0.8795  auc:0.9991 ap:0.9873 f1: 0.9057 pred_right: 1063709 pred_wrong:32491 actu_right: 1061711 actu_wrong: 34489
2026-07-10 05:05:29,385 P1702306 INFO pr:0.9331  rc:0.8766  auc:0.9990 ap:0.9866 f1: 0.9040 pred_right: 455888 pred_wrong:13912 actu_right: 454992 actu_wrong: 14808
2026-07-10 05:05:29,386 P1702306 INFO ----------------------------------------------------------------------------------------------------
2026-07-10 05:05:29,386 P1702306 INFO 39/50 starting... lr: 0.001 para:0.02500000037252903
2026-07-10 05:05:56,082 P1702306 INFO Epoch 39/50, all_loss:0.66624 cls_loss:0.64598 rec_loss:1.45645 [26.69s]; best loss:0.66624, patience : 0
2026-07-10 05:06:07,227 P1702306 INFO pr:0.9225  rc:0.9179  auc:0.9991 ap:0.9878 f1: 0.9202 pred_right: 1061887 pred_wrong:34313 actu_right: 1061715 actu_wrong: 34485
2026-07-10 05:06:11,646 P1702306 INFO pr:0.9235  rc:0.9150  auc:0.9990 ap:0.9877 f1: 0.9193 pred_right: 455128 pred_wrong:14672 actu_right: 454992 actu_wrong: 14808
2026-07-10 05:06:11,651 P1702306 INFO ----------------------------------------------------------------------------------------------------
2026-07-10 05:06:11,651 P1702306 INFO 40/50 starting... lr: 0.001 para:0.024390242993831635
2026-07-10 05:06:32,897 P1702306 INFO Epoch 40/50, all_loss:0.65213 cls_loss:0.63101 rec_loss:1.49702 [21.24s]; best loss:0.65213, patience : 0
2026-07-10 05:06:43,696 P1702306 INFO pr:0.9127  rc:0.9360  auc:0.9990 ap:0.9874 f1: 0.9242 pred_right: 1060831 pred_wrong:35369 actu_right: 1061709 actu_wrong: 34491
2026-07-10 05:06:48,075 P1702306 INFO pr:0.9144  rc:0.9330  auc:0.9989 ap:0.9872 f1: 0.9236 pred_right: 454691 pred_wrong:15109 actu_right: 454992 actu_wrong: 14808
2026-07-10 05:06:48,080 P1702306 INFO ----------------------------------------------------------------------------------------------------
2026-07-10 05:06:48,083 P1702306 INFO 41/50 starting... lr: 0.001 para:0.02380952425301075
2026-07-10 05:07:08,962 P1702306 INFO Epoch 41/50, all_loss:0.65142 cls_loss:0.63093 rec_loss:1.49170 [20.87s]; best loss:0.65142, patience : 0
2026-07-10 05:07:23,726 P1702306 INFO pr:0.9044  rc:0.9495  auc:0.9992 ap:0.9888 f1: 0.9264 pred_right: 1059990 pred_wrong:36210 actu_right: 1061709 actu_wrong: 34491
2026-07-10 05:07:31,691 P1702306 INFO pr:0.9058  rc:0.9491  auc:0.9991 ap:0.9883 f1: 0.9270 pred_right: 454283 pred_wrong:15517 actu_right: 454992 actu_wrong: 14808
2026-07-10 05:07:31,696 P1702306 INFO ----------------------------------------------------------------------------------------------------
2026-07-10 05:07:31,696 P1702306 INFO 42/50 starting... lr: 0.001 para:0.023255813866853714
2026-07-10 05:07:52,880 P1702306 INFO Epoch 42/50, all_loss:0.63701 cls_loss:0.61609 rec_loss:1.51572 [21.18s]; best loss:0.63701, patience : 0
2026-07-10 05:08:03,917 P1702306 INFO pr:0.8985  rc:0.9608  auc:0.9993 ap:0.9898 f1: 0.9286 pred_right: 1059321 pred_wrong:36879 actu_right: 1061712 actu_wrong: 34488
2026-07-10 05:08:08,435 P1702306 INFO pr:0.8993  rc:0.9595  auc:0.9991 ap:0.9891 f1: 0.9285 pred_right: 454000 pred_wrong:15800 actu_right: 454992 actu_wrong: 14808
2026-07-10 05:08:08,440 P1702306 INFO ----------------------------------------------------------------------------------------------------
2026-07-10 05:08:08,440 P1702306 INFO 43/50 starting... lr: 0.001 para:0.022727273404598236
2026-07-10 05:08:29,587 P1702306 INFO Epoch 43/50, all_loss:0.62785 cls_loss:0.60669 rec_loss:1.53763 [21.14s]; best loss:0.62785, patience : 0
2026-07-10 05:08:41,638 P1702306 INFO pr:0.9117  rc:0.9364  auc:0.9992 ap:0.9878 f1: 0.9239 pred_right: 1060782 pred_wrong:35418 actu_right: 1061718 actu_wrong: 34482
2026-07-10 05:08:45,424 P1702306 INFO pr:0.9102  rc:0.9329  auc:0.9991 ap:0.9869 f1: 0.9214 pred_right: 454622 pred_wrong:15178 actu_right: 454992 actu_wrong: 14808
2026-07-10 05:08:45,425 P1702306 INFO ----------------------------------------------------------------------------------------------------
2026-07-10 05:08:45,425 P1702306 INFO 44/50 starting... lr: 0.001 para:0.02222222276031971
2026-07-10 05:09:13,589 P1702306 INFO Epoch 44/50, all_loss:0.62686 cls_loss:0.60643 rec_loss:1.52577 [28.16s]; best loss:0.62686, patience : 0
2026-07-10 05:09:24,317 P1702306 INFO pr:0.9135  rc:0.9512  auc:0.9992 ap:0.9891 f1: 0.9320 pred_right: 1060285 pred_wrong:35915 actu_right: 1061708 actu_wrong: 34492
2026-07-10 05:09:28,811 P1702306 INFO pr:0.9137  rc:0.9470  auc:0.9991 ap:0.9889 f1: 0.9301 pred_right: 454453 pred_wrong:15347 actu_right: 454992 actu_wrong: 14808
2026-07-10 05:09:28,816 P1702306 INFO ----------------------------------------------------------------------------------------------------
2026-07-10 05:09:28,816 P1702306 INFO 45/50 starting... lr: 0.001 para:0.021739130839705467
2026-07-10 05:09:49,854 P1702306 INFO Epoch 45/50, all_loss:0.60768 cls_loss:0.58715 rec_loss:1.53123 [21.03s]; best loss:0.60768, patience : 0
2026-07-10 05:10:00,706 P1702306 INFO pr:0.9320  rc:0.9123  auc:0.9993 ap:0.9901 f1: 0.9220 pred_right: 1062440 pred_wrong:33760 actu_right: 1061710 actu_wrong: 34490
2026-07-10 05:10:05,423 P1702306 INFO pr:0.9306  rc:0.9124  auc:0.9992 ap:0.9897 f1: 0.9214 pred_right: 455282 pred_wrong:14518 actu_right: 454992 actu_wrong: 14808
2026-07-10 05:10:05,425 P1702306 INFO ----------------------------------------------------------------------------------------------------
2026-07-10 05:10:05,425 P1702306 INFO 46/50 starting... lr: 0.001 para:0.021276595070958138
2026-07-10 05:10:26,059 P1702306 INFO Epoch 46/50, all_loss:0.57891 cls_loss:0.55768 rec_loss:1.55520 [20.63s]; best loss:0.57891, patience : 0
2026-07-10 05:10:45,450 P1702306 INFO pr:0.9190  rc:0.9436  auc:0.9991 ap:0.9900 f1: 0.9311 pred_right: 1060791 pred_wrong:35409 actu_right: 1061712 actu_wrong: 34488
2026-07-10 05:10:49,937 P1702306 INFO pr:0.9198  rc:0.9400  auc:0.9991 ap:0.9899 f1: 0.9298 pred_right: 454668 pred_wrong:15132 actu_right: 454992 actu_wrong: 14808
2026-07-10 05:10:49,938 P1702306 INFO ----------------------------------------------------------------------------------------------------
2026-07-10 05:10:49,938 P1702306 INFO 47/50 starting... lr: 0.001 para:0.02083333395421505
2026-07-10 05:11:11,074 P1702306 INFO Epoch 47/50, all_loss:0.58267 cls_loss:0.56174 rec_loss:1.56650 [21.14s]; best loss:0.57891, patience : 1
2026-07-10 05:11:21,964 P1702306 INFO pr:0.9254  rc:0.9399  auc:0.9993 ap:0.9894 f1: 0.9326 pred_right: 1061169 pred_wrong:35031 actu_right: 1061713 actu_wrong: 34487
2026-07-10 05:11:26,874 P1702306 INFO pr:0.9238  rc:0.9387  auc:0.9993 ap:0.9886 f1: 0.9312 pred_right: 454753 pred_wrong:15047 actu_right: 454992 actu_wrong: 14808
2026-07-10 05:11:26,878 P1702306 INFO ----------------------------------------------------------------------------------------------------
2026-07-10 05:11:26,879 P1702306 INFO 48/50 starting... lr: 0.001 para:0.020408162847161293
2026-07-10 05:11:47,824 P1702306 INFO Epoch 48/50, all_loss:0.58293 cls_loss:0.56270 rec_loss:1.55415 [20.94s]; best loss:0.57891, patience : 2
2026-07-10 05:11:58,378 P1702306 INFO pr:0.9345  rc:0.9107  auc:0.9993 ap:0.9886 f1: 0.9224 pred_right: 1062590 pred_wrong:33610 actu_right: 1061712 actu_wrong: 34488
2026-07-10 05:12:02,635 P1702306 INFO pr:0.9355  rc:0.9065  auc:0.9992 ap:0.9882 f1: 0.9208 pred_right: 455450 pred_wrong:14350 actu_right: 454992 actu_wrong: 14808
2026-07-10 05:12:02,636 P1702306 INFO ----------------------------------------------------------------------------------------------------
2026-07-10 05:12:02,636 P1702306 INFO 49/50 starting... lr: 0.001 para:0.019999999552965164
2026-07-10 05:12:32,217 P1702306 INFO Epoch 49/50, all_loss:0.55597 cls_loss:0.53534 rec_loss:1.56710 [29.58s]; best loss:0.55597, patience : 0
2026-07-10 05:12:43,553 P1702306 INFO pr:0.9346  rc:0.9072  auc:0.9992 ap:0.9896 f1: 0.9207 pred_right: 1062727 pred_wrong:33473 actu_right: 1061714 actu_wrong: 34486
2026-07-10 05:12:48,260 P1702306 INFO pr:0.9330  rc:0.9049  auc:0.9991 ap:0.9892 f1: 0.9187 pred_right: 455437 pred_wrong:14363 actu_right: 454992 actu_wrong: 14808
2026-07-10 05:12:48,261 P1702306 INFO saving model...
2026-07-10 05:12:48,261 P1702306 INFO FITS_Legendre - loss  best score:0.5559719204902649 at epoch 49
2026-07-10 05:12:48,267 P1702306 INFO FITS_Legendre - f1  best score:0.9325929974970512 at epoch 47
2026-07-10 05:12:48,272 P1702306 INFO Average training time per epoch: 22.88 seconds
2026-07-10 05:12:48,273 P1702306 INFO calculate scores...
2026-07-10 05:12:48,273 P1702306 INFO calculate label with loss...
2026-07-10 05:12:48,273 P1702306 INFO FITS_Legendre on ./result/server_only_exps/Sensitivity/FITS_Legendre-TT-Epochs50-Seed2-ExpNameRQ3_sensitivity-LPFLPF-Attnlinear_attn-NormLinTrue-RecLambda1.0-AuxiLambda0.01-Degree5 loading...
2026-07-10 05:12:52,858 P1702306 INFO pr:0.9330  rc:0.9049  auc:0.9991 ap:0.9892 f1: 0.9187 pred_right: 455437 pred_wrong:14363 actu_right: 454992 actu_wrong: 14808
2026-07-10 05:13:07,746 P1702306 INFO pr:0.9330  rc:0.9049  auc:0.9991 ap:0.9892 f1: 0.9187 pred_right: 455437 pred_wrong:14363 actu_right: 454992 actu_wrong: 14808
2026-07-10 05:13:07,747 P1702306 INFO Performance Summary:
{'GPU': {'inference_time_per_sample_ms': 0.22840972795278416, 'throughput_samples_per_sec': 4378.097242017273, 'peak_memory_mb': 139.2978515625, 'energy_per_sample_joules': 0.012913486584402582}, 'CPU': {'inference_time_per_sample_ms': 0.8203406284651992, 'throughput_samples_per_sec': 1219.0058194130054, 'peak_memory_mb': 5605.875, 'energy_per_sample_joules': 0.053322140850237947}}
2026-07-10 05:13:07,747 P1702306 INFO Starting clean-room hardware benchmarking...
2026-07-10 05:13:08,667 P1702306 INFO Performance with loss: pr:0.9330  rc:0.9049  auc:0.9991 ap:0.9892 f1: 0.9187 pred_right: 455437 pred_wrong:14363 actu_right: 454992 actu_wrong: 14808
2026-07-10 05:13:08,667 P1702306 INFO calculate label with f1...
2026-07-10 05:13:08,667 P1702306 INFO FITS_Legendre on ./result/server_only_exps/Sensitivity/FITS_Legendre-TT-Epochs50-Seed2-ExpNameRQ3_sensitivity-LPFLPF-Attnlinear_attn-NormLinTrue-RecLambda1.0-AuxiLambda0.01-Degree5 loading...
2026-07-10 05:13:13,285 P1702306 INFO pr:0.9238  rc:0.9387  auc:0.9993 ap:0.9886 f1: 0.9312 pred_right: 454753 pred_wrong:15047 actu_right: 454992 actu_wrong: 14808
2026-07-10 05:13:27,428 P1702306 INFO pr:0.9238  rc:0.9387  auc:0.9993 ap:0.9886 f1: 0.9312 pred_right: 454753 pred_wrong:15047 actu_right: 454992 actu_wrong: 14808
2026-07-10 05:13:27,432 P1702306 INFO Performance Summary:
{'GPU': {'inference_time_per_sample_ms': 0.2321563755740528, 'throughput_samples_per_sec': 4307.441471410385, 'peak_memory_mb': 138.791015625, 'energy_per_sample_joules': 0.013644758817989381}, 'CPU': {'inference_time_per_sample_ms': 0.7748268091309084, 'throughput_samples_per_sec': 1290.6109961807583, 'peak_memory_mb': 5728.078125, 'energy_per_sample_joules': 0.05036374259350905}}
2026-07-10 05:13:27,432 P1702306 INFO Starting clean-room hardware benchmarking...
2026-07-10 05:13:28,377 P1702306 INFO Performance with f1: pr:0.9238  rc:0.9387  auc:0.9993 ap:0.9886 f1: 0.9312 pred_right: 454753 pred_wrong:15047 actu_right: 454992 actu_wrong: 14808
