2026-07-17 19:28:32,859 P3707969 INFO ---- Model: ----MSTGAD-627606ab----random_seed : 1----req_loss_approach : Normal-Recreation----rec_lambda : 1.0----auxi_lambda : 0.2----Freq Domain : AnoFusion----Multi Fits : false----train : True----evaluate : False
2026-07-17 19:28:32,859 P3707969 INFO Load from /home/db2003/Desktop/Amr/Tests/Eadro/codes/chunks/TT
2026-07-17 19:28:44,451 P3707969 INFO Fewshot: training with 1.0 of the 70% of the data
2026-07-17 19:28:44,599 P3707969 INFO Trainable Parameters Breakdown:
2026-07-17 19:28:44,599 P3707969 INFO --------------------------------------------------------------------------------
2026-07-17 19:28:44,599 P3707969 INFO Reconstruction-Specific Parameters:
2026-07-17 19:28:44,600 P3707969 INFO AnoFusion.metric_proj.weight             | shape: (10, 7)                   | params: 70
2026-07-17 19:28:44,600 P3707969 INFO AnoFusion.metric_proj.bias               | shape: (10,)                     | params: 10
2026-07-17 19:28:44,600 P3707969 INFO AnoFusion.log_proj.weight                | shape: (10, 60)                  | params: 600
2026-07-17 19:28:44,600 P3707969 INFO AnoFusion.log_proj.bias                  | shape: (10,)                     | params: 10
2026-07-17 19:28:44,600 P3707969 INFO AnoFusion.trace_proj.weight              | shape: (10, 2)                   | params: 20
2026-07-17 19:28:44,600 P3707969 INFO AnoFusion.trace_proj.bias                | shape: (10,)                     | params: 10
2026-07-17 19:28:44,600 P3707969 INFO AnoFusion.anofusion.GTN.weight           | shape: (1, 1)                    | params: 1
2026-07-17 19:28:44,600 P3707969 INFO AnoFusion.anofusion.GTN.layers.0.layer1.weight | shape: (1, 2, 2, 1, 1)           | params: 4
2026-07-17 19:28:44,600 P3707969 INFO AnoFusion.anofusion.GTN.layers.0.layer2.weight | shape: (1, 2, 2, 1, 1)           | params: 4
2026-07-17 19:28:44,600 P3707969 INFO AnoFusion.anofusion.GTN.layers.1.layer1.weight | shape: (1, 2, 2, 1, 1)           | params: 4
2026-07-17 19:28:44,600 P3707969 INFO AnoFusion.anofusion.GTN.layers.2.layer1.weight | shape: (1, 2, 2, 1, 1)           | params: 4
2026-07-17 19:28:44,600 P3707969 INFO AnoFusion.anofusion.GTN.layers.3.layer1.weight | shape: (1, 2, 2, 1, 1)           | params: 4
2026-07-17 19:28:44,600 P3707969 INFO AnoFusion.anofusion.GTN.layers.4.layer1.weight | shape: (1, 2, 2, 1, 1)           | params: 4
2026-07-17 19:28:44,600 P3707969 INFO AnoFusion.anofusion.GAT_GRU.weight       | shape: (1, 1)                    | params: 1
2026-07-17 19:28:44,600 P3707969 INFO AnoFusion.anofusion.GAT_GRU.soft         | shape: (2,)                      | params: 2
2026-07-17 19:28:44,600 P3707969 INFO AnoFusion.anofusion.GAT_GRU.gru.weight_ih_l0 | shape: (60, 20)                  | params: 1,200
2026-07-17 19:28:44,600 P3707969 INFO AnoFusion.anofusion.GAT_GRU.gru.weight_hh_l0 | shape: (60, 20)                  | params: 1,200
2026-07-17 19:28:44,600 P3707969 INFO AnoFusion.anofusion.GAT_GRU.gru.bias_ih_l0 | shape: (60,)                     | params: 60
2026-07-17 19:28:44,600 P3707969 INFO AnoFusion.anofusion.GAT_GRU.gru.bias_hh_l0 | shape: (60,)                     | params: 60
2026-07-17 19:28:44,600 P3707969 INFO AnoFusion.anofusion.GAT_GRU.BN.weight    | shape: (10,)                     | params: 10
2026-07-17 19:28:44,600 P3707969 INFO AnoFusion.anofusion.GAT_GRU.BN.bias      | shape: (10,)                     | params: 10
2026-07-17 19:28:44,600 P3707969 INFO AnoFusion.anofusion.GAT_GRU.linear.weight | shape: (20, 20)                  | params: 400
2026-07-17 19:28:44,601 P3707969 INFO AnoFusion.anofusion.GAT_GRU.linear.bias  | shape: (20,)                     | params: 20
2026-07-17 19:28:44,601 P3707969 INFO AnoFusion.anofusion.GAT_GRU.gat_layer.subnet.attention_module.0.b | shape: (20,)                     | params: 20
2026-07-17 19:28:44,601 P3707969 INFO AnoFusion.anofusion.GAT_GRU.gat_layer.subnet.attention_module.0.W.weight | shape: (20, 30)                  | params: 600
2026-07-17 19:28:44,601 P3707969 INFO AnoFusion.anofusion.GAT_GRU.gat_layer.subnet.attention_module.1.b | shape: (20,)                     | params: 20
2026-07-17 19:28:44,601 P3707969 INFO AnoFusion.anofusion.GAT_GRU.gat_layer.subnet.attention_module.1.W.weight | shape: (20, 30)                  | params: 600
2026-07-17 19:28:44,601 P3707969 INFO AnoFusion.anofusion.GAT_GRU.gat_layer.subnet.attention_module.2.b | shape: (20,)                     | params: 20
2026-07-17 19:28:44,601 P3707969 INFO AnoFusion.anofusion.GAT_GRU.gat_layer.subnet.attention_module.2.W.weight | shape: (20, 30)                  | params: 600
2026-07-17 19:28:44,601 P3707969 INFO AnoFusion.anofusion.GAT_GRU.gat_layer.subnet.attention_module.3.b | shape: (20,)                     | params: 20
2026-07-17 19:28:44,601 P3707969 INFO AnoFusion.anofusion.GAT_GRU.gat_layer.subnet.attention_module.3.W.weight | shape: (20, 30)                  | params: 600
2026-07-17 19:28:44,601 P3707969 INFO AnoFusion.anofusion.GAT_GRU.gat_layer.subnet.attention_module.4.b | shape: (20,)                     | params: 20
2026-07-17 19:28:44,601 P3707969 INFO AnoFusion.anofusion.GAT_GRU.gat_layer.subnet.attention_module.4.W.weight | shape: (20, 30)                  | params: 600
2026-07-17 19:28:44,601 P3707969 INFO AnoFusion.anofusion.GAT_GRU.gat_layer.subnet.attention_module.5.b | shape: (20,)                     | params: 20
2026-07-17 19:28:44,601 P3707969 INFO AnoFusion.anofusion.GAT_GRU.gat_layer.subnet.attention_module.5.W.weight | shape: (20, 30)                  | params: 600
2026-07-17 19:28:44,601 P3707969 INFO AnoFusion.anofusion.GAT_GRU.gat_layer.subnet.out_att.b | shape: (20,)                     | params: 20
2026-07-17 19:28:44,601 P3707969 INFO AnoFusion.anofusion.GAT_GRU.gat_layer.subnet.out_att.W.weight | shape: (20, 120)                 | params: 2,400
2026-07-17 19:28:44,601 P3707969 INFO AnoFusion.anofusion.linT.weight          | shape: (5, 10)                   | params: 50
2026-07-17 19:28:44,601 P3707969 INFO AnoFusion.anofusion.linT.bias            | shape: (5,)                      | params: 5
2026-07-17 19:28:44,601 P3707969 INFO AnoFusion.anofusion.lin1.weight          | shape: (64, 270)                 | params: 17,280
2026-07-17 19:28:44,601 P3707969 INFO AnoFusion.anofusion.lin1.bias            | shape: (64,)                     | params: 64
2026-07-17 19:28:44,601 P3707969 INFO AnoFusion.anofusion.lin2.weight          | shape: (2, 64)                   | params: 128
2026-07-17 19:28:44,601 P3707969 INFO AnoFusion.anofusion.lin2.bias            | shape: (2,)                      | params: 2
2026-07-17 19:28:44,601 P3707969 INFO AnoFusion.post_proj.weight               | shape: (69, 20)                  | params: 1,380
2026-07-17 19:28:44,602 P3707969 INFO AnoFusion.post_proj.bias                 | shape: (69,)                     | params: 69
2026-07-17 19:28:44,602 P3707969 INFO Subtotal: 28,826
2026-07-17 19:28:44,602 P3707969 INFO --------------------------------------------------------------------------------
2026-07-17 19:28:44,602 P3707969 INFO Common Parameters:
2026-07-17 19:28:44,602 P3707969 INFO node_emb.linear.weight                   | shape: (8, 7)                    | params: 56
2026-07-17 19:28:44,602 P3707969 INFO node_emb.linear.bias                     | shape: (8,)                      | params: 8
2026-07-17 19:28:44,602 P3707969 INFO log_emb.linear.weight                    | shape: (32, 60)                  | params: 1,920
2026-07-17 19:28:44,602 P3707969 INFO log_emb.linear.bias                      | shape: (32,)                     | params: 32
2026-07-17 19:28:44,602 P3707969 INFO egde_emb.linear.weight                   | shape: (8, 2)                    | params: 16
2026-07-17 19:28:44,602 P3707969 INFO egde_emb.linear.bias                     | shape: (8,)                      | params: 8
2026-07-17 19:28:44,602 P3707969 INFO dense_node.weight                        | shape: (7, 8)                    | params: 56
2026-07-17 19:28:44,602 P3707969 INFO dense_node.bias                          | shape: (7,)                      | params: 7
2026-07-17 19:28:44,602 P3707969 INFO dense_log.weight                         | shape: (60, 32)                  | params: 1,920
2026-07-17 19:28:44,602 P3707969 INFO dense_log.bias                           | shape: (60,)                     | params: 60
2026-07-17 19:28:44,602 P3707969 INFO dense_edge.weight                        | shape: (2, 8)                    | params: 16
2026-07-17 19:28:44,602 P3707969 INFO dense_edge.bias                          | shape: (2,)                      | params: 2
2026-07-17 19:28:44,602 P3707969 INFO show.0.weight                            | shape: (2, 69)                   | params: 138
2026-07-17 19:28:44,602 P3707969 INFO show.0.bias                              | shape: (2,)                      | params: 2
2026-07-17 19:28:44,602 P3707969 INFO Subtotal: 4,241
2026-07-17 19:28:44,602 P3707969 INFO --------------------------------------------------------------------------------
2026-07-17 19:28:44,602 P3707969 INFO Total Trainable Parameters: 33,067

2026-07-17 19:28:44,602 P3707969 INFO Trainable Parameters: 33067, reconstruction: 28826, common: 4241
2026-07-17 19:28:44,603 P3707969 INFO model : init weight
2026-07-17 19:28:44,603 P3707969 INFO Using GPU...
2026-07-17 19:28:44,622 P3707969 INFO optimizer : using AdaBelief
2026-07-17 19:28:44,622 P3707969 INFO ----------------------------------------------------------------------------------------------------
2026-07-17 19:28:44,622 P3707969 INFO 0/50 starting... lr: 0.001 para:1.0
2026-07-17 19:29:05,666 P3707969 INFO Epoch 0/50, all_loss:7.12135 cls_loss:7.12135 rec_loss:0.19106 [21.04s]; best loss:7.12135, patience : 0
2026-07-17 19:29:05,666 P3707969 INFO ----------------------------------------------------------------------------------------------------
2026-07-17 19:29:05,666 P3707969 INFO 1/50 starting... lr: 0.001 para:0.5
2026-07-17 19:29:30,915 P3707969 INFO Epoch 1/50, all_loss:3.91315 cls_loss:3.91315 rec_loss:0.25715 [25.24s]; best loss:3.91315, patience : 0
2026-07-17 19:29:30,918 P3707969 INFO ----------------------------------------------------------------------------------------------------
2026-07-17 19:29:30,919 P3707969 INFO 2/50 starting... lr: 0.001 para:0.3333333432674408
2026-07-17 19:29:53,544 P3707969 INFO Epoch 2/50, all_loss:3.01533 cls_loss:3.01533 rec_loss:0.29857 [22.62s]; best loss:3.01533, patience : 0
2026-07-17 19:30:03,223 P3707969 INFO pr:0.8204  rc:0.4494  auc:0.9859 ap:0.8715 f1: 0.5807 pred_right: 1077306 pred_wrong:18894 actu_right: 1061711 actu_wrong: 34489
2026-07-17 19:30:07,319 P3707969 INFO pr:0.8259  rc:0.4470  auc:0.9856 ap:0.8711 f1: 0.5801 pred_right: 461786 pred_wrong:8014 actu_right: 454992 actu_wrong: 14808
2026-07-17 19:30:07,325 P3707969 INFO ----------------------------------------------------------------------------------------------------
2026-07-17 19:30:07,325 P3707969 INFO 3/50 starting... lr: 0.001 para:0.25
2026-07-17 19:30:27,939 P3707969 INFO Epoch 3/50, all_loss:2.49976 cls_loss:2.49976 rec_loss:0.32950 [20.61s]; best loss:2.49976, patience : 0
2026-07-17 19:30:37,936 P3707969 INFO pr:0.7026  rc:0.6586  auc:0.9899 ap:0.9012 f1: 0.6799 pred_right: 1063864 pred_wrong:32336 actu_right: 1061707 actu_wrong: 34493
2026-07-17 19:30:43,457 P3707969 INFO pr:0.7073  rc:0.6549  auc:0.9897 ap:0.9012 f1: 0.6801 pred_right: 456088 pred_wrong:13712 actu_right: 454992 actu_wrong: 14808
2026-07-17 19:30:43,462 P3707969 INFO ----------------------------------------------------------------------------------------------------
2026-07-17 19:30:43,462 P3707969 INFO 4/50 starting... lr: 0.001 para:0.20000000298023224
2026-07-17 19:31:09,558 P3707969 INFO Epoch 4/50, all_loss:2.24270 cls_loss:2.24270 rec_loss:0.34812 [26.09s]; best loss:2.24270, patience : 0
2026-07-17 19:31:19,947 P3707969 INFO pr:0.7892  rc:0.5920  auc:0.9913 ap:0.9099 f1: 0.6766 pred_right: 1070329 pred_wrong:25871 actu_right: 1061713 actu_wrong: 34487
2026-07-17 19:31:23,992 P3707969 INFO pr:0.7930  rc:0.5918  auc:0.9910 ap:0.9096 f1: 0.6778 pred_right: 458750 pred_wrong:11050 actu_right: 454992 actu_wrong: 14808
2026-07-17 19:31:23,993 P3707969 INFO ----------------------------------------------------------------------------------------------------
2026-07-17 19:31:24,000 P3707969 INFO 5/50 starting... lr: 0.001 para:0.1666666716337204
2026-07-17 19:31:44,447 P3707969 INFO Epoch 5/50, all_loss:2.09235 cls_loss:2.09235 rec_loss:0.36129 [20.44s]; best loss:2.09235, patience : 0
2026-07-17 19:31:54,963 P3707969 INFO pr:0.8896  rc:0.5403  auc:0.9926 ap:0.9208 f1: 0.6723 pred_right: 1075251 pred_wrong:20949 actu_right: 1061711 actu_wrong: 34489
2026-07-17 19:31:59,114 P3707969 INFO pr:0.8948  rc:0.5402  auc:0.9924 ap:0.9202 f1: 0.6737 pred_right: 460861 pred_wrong:8939 actu_right: 454992 actu_wrong: 14808
2026-07-17 19:31:59,115 P3707969 INFO ----------------------------------------------------------------------------------------------------
2026-07-17 19:31:59,115 P3707969 INFO 6/50 starting... lr: 0.001 para:0.1428571492433548
2026-07-17 19:32:20,880 P3707969 INFO Epoch 6/50, all_loss:1.98567 cls_loss:1.98567 rec_loss:0.36873 [21.76s]; best loss:1.98567, patience : 0
2026-07-17 19:32:29,919 P3707969 INFO pr:0.8544  rc:0.5702  auc:0.9931 ap:0.9231 f1: 0.6840 pred_right: 1073184 pred_wrong:23016 actu_right: 1061710 actu_wrong: 34490
2026-07-17 19:32:38,387 P3707969 INFO pr:0.8631  rc:0.5735  auc:0.9929 ap:0.9229 f1: 0.6891 pred_right: 459961 pred_wrong:9839 actu_right: 454992 actu_wrong: 14808
2026-07-17 19:32:38,400 P3707969 INFO ----------------------------------------------------------------------------------------------------
2026-07-17 19:32:38,400 P3707969 INFO 7/50 starting... lr: 0.001 para:0.125
2026-07-17 19:33:02,956 P3707969 INFO Epoch 7/50, all_loss:1.90836 cls_loss:1.90836 rec_loss:0.37670 [24.55s]; best loss:1.90836, patience : 0
2026-07-17 19:33:13,183 P3707969 INFO pr:0.9248  rc:0.5121  auc:0.9940 ap:0.9315 f1: 0.6592 pred_right: 1077103 pred_wrong:19097 actu_right: 1061713 actu_wrong: 34487
2026-07-17 19:33:17,142 P3707969 INFO pr:0.9304  rc:0.5094  auc:0.9938 ap:0.9310 f1: 0.6583 pred_right: 461693 pred_wrong:8107 actu_right: 454992 actu_wrong: 14808
2026-07-17 19:33:17,143 P3707969 INFO ----------------------------------------------------------------------------------------------------
2026-07-17 19:33:17,143 P3707969 INFO 8/50 starting... lr: 0.001 para:0.1111111119389534
2026-07-17 19:33:38,025 P3707969 INFO Epoch 8/50, all_loss:1.79906 cls_loss:1.79906 rec_loss:0.38030 [20.87s]; best loss:1.79906, patience : 0
2026-07-17 19:33:48,124 P3707969 INFO pr:0.7483  rc:0.7975  auc:0.9946 ap:0.9360 f1: 0.7721 pred_right: 1059441 pred_wrong:36759 actu_right: 1061709 actu_wrong: 34491
2026-07-17 19:33:52,249 P3707969 INFO pr:0.7460  rc:0.7905  auc:0.9943 ap:0.9339 f1: 0.7676 pred_right: 454108 pred_wrong:15692 actu_right: 454992 actu_wrong: 14808
2026-07-17 19:33:52,257 P3707969 INFO ----------------------------------------------------------------------------------------------------
2026-07-17 19:33:52,257 P3707969 INFO 9/50 starting... lr: 0.001 para:0.10000000149011612
2026-07-17 19:34:21,375 P3707969 INFO Epoch 9/50, all_loss:1.72148 cls_loss:1.72148 rec_loss:0.39267 [29.11s]; best loss:1.72148, patience : 0
2026-07-17 19:34:32,481 P3707969 INFO pr:0.7533  rc:0.8151  auc:0.9952 ap:0.9419 f1: 0.7830 pred_right: 1058882 pred_wrong:37318 actu_right: 1061711 actu_wrong: 34489
2026-07-17 19:34:36,736 P3707969 INFO pr:0.7507  rc:0.8052  auc:0.9948 ap:0.9402 f1: 0.7770 pred_right: 453917 pred_wrong:15883 actu_right: 454992 actu_wrong: 14808
2026-07-17 19:34:36,742 P3707969 INFO ----------------------------------------------------------------------------------------------------
2026-07-17 19:34:36,742 P3707969 INFO 10/50 starting... lr: 0.001 para:0.09090909361839294
2026-07-17 19:34:57,224 P3707969 INFO Epoch 10/50, all_loss:1.63005 cls_loss:1.63005 rec_loss:0.38824 [20.48s]; best loss:1.63005, patience : 0
2026-07-17 19:35:07,790 P3707969 INFO pr:0.8701  rc:0.6932  auc:0.9960 ap:0.9500 f1: 0.7716 pred_right: 1068719 pred_wrong:27481 actu_right: 1061709 actu_wrong: 34491
2026-07-17 19:35:12,317 P3707969 INFO pr:0.8711  rc:0.6806  auc:0.9956 ap:0.9487 f1: 0.7642 pred_right: 458229 pred_wrong:11571 actu_right: 454992 actu_wrong: 14808
2026-07-17 19:35:12,318 P3707969 INFO ----------------------------------------------------------------------------------------------------
2026-07-17 19:35:12,325 P3707969 INFO 11/50 starting... lr: 0.001 para:0.0833333358168602
2026-07-17 19:35:34,245 P3707969 INFO Epoch 11/50, all_loss:1.57871 cls_loss:1.57871 rec_loss:0.39255 [21.91s]; best loss:1.57871, patience : 0
2026-07-17 19:35:43,067 P3707969 INFO pr:0.8171  rc:0.8254  auc:0.9964 ap:0.9536 f1: 0.8212 pred_right: 1061356 pred_wrong:34844 actu_right: 1061708 actu_wrong: 34492
2026-07-17 19:35:48,796 P3707969 INFO pr:0.8152  rc:0.8161  auc:0.9962 ap:0.9520 f1: 0.8157 pred_right: 454976 pred_wrong:14824 actu_right: 454992 actu_wrong: 14808
2026-07-17 19:35:48,809 P3707969 INFO ----------------------------------------------------------------------------------------------------
2026-07-17 19:35:48,810 P3707969 INFO 12/50 starting... lr: 0.001 para:0.07692307978868484
2026-07-17 19:36:16,230 P3707969 INFO Epoch 12/50, all_loss:1.49833 cls_loss:1.49833 rec_loss:0.39478 [27.41s]; best loss:1.49833, patience : 0
2026-07-17 19:36:26,191 P3707969 INFO pr:0.8256  rc:0.8084  auc:0.9966 ap:0.9548 f1: 0.8169 pred_right: 1062427 pred_wrong:33773 actu_right: 1061709 actu_wrong: 34491
2026-07-17 19:36:30,366 P3707969 INFO pr:0.8274  rc:0.8023  auc:0.9964 ap:0.9539 f1: 0.8147 pred_right: 455440 pred_wrong:14360 actu_right: 454992 actu_wrong: 14808
2026-07-17 19:36:30,367 P3707969 INFO ----------------------------------------------------------------------------------------------------
2026-07-17 19:36:30,367 P3707969 INFO 13/50 starting... lr: 0.001 para:0.0714285746216774
2026-07-17 19:36:51,143 P3707969 INFO Epoch 13/50, all_loss:1.41897 cls_loss:1.41897 rec_loss:0.38671 [20.77s]; best loss:1.41897, patience : 0
2026-07-17 19:37:01,488 P3707969 INFO pr:0.8399  rc:0.8288  auc:0.9971 ap:0.9596 f1: 0.8343 pred_right: 1062165 pred_wrong:34035 actu_right: 1061709 actu_wrong: 34491
2026-07-17 19:37:06,030 P3707969 INFO pr:0.8372  rc:0.8167  auc:0.9969 ap:0.9582 f1: 0.8268 pred_right: 455354 pred_wrong:14446 actu_right: 454992 actu_wrong: 14808
2026-07-17 19:37:06,037 P3707969 INFO ----------------------------------------------------------------------------------------------------
2026-07-17 19:37:06,038 P3707969 INFO 14/50 starting... lr: 0.001 para:0.06666667014360428
2026-07-17 19:37:33,517 P3707969 INFO Epoch 14/50, all_loss:1.36422 cls_loss:1.36422 rec_loss:0.39964 [27.47s]; best loss:1.36422, patience : 0
2026-07-17 19:37:44,961 P3707969 INFO pr:0.8519  rc:0.7975  auc:0.9971 ap:0.9604 f1: 0.8238 pred_right: 1063914 pred_wrong:32286 actu_right: 1061712 actu_wrong: 34488
2026-07-17 19:37:49,449 P3707969 INFO pr:0.8528  rc:0.7910  auc:0.9968 ap:0.9595 f1: 0.8207 pred_right: 456065 pred_wrong:13735 actu_right: 454992 actu_wrong: 14808
2026-07-17 19:37:49,449 P3707969 INFO ----------------------------------------------------------------------------------------------------
2026-07-17 19:37:49,450 P3707969 INFO 15/50 starting... lr: 0.001 para:0.0625
2026-07-17 19:38:10,417 P3707969 INFO Epoch 15/50, all_loss:1.28957 cls_loss:1.28957 rec_loss:0.41282 [20.96s]; best loss:1.28957, patience : 0
2026-07-17 19:38:20,808 P3707969 INFO pr:0.8595  rc:0.7913  auc:0.9973 ap:0.9609 f1: 0.8240 pred_right: 1064446 pred_wrong:31754 actu_right: 1061713 actu_wrong: 34487
2026-07-17 19:38:25,034 P3707969 INFO pr:0.8614  rc:0.7823  auc:0.9971 ap:0.9598 f1: 0.8199 pred_right: 456352 pred_wrong:13448 actu_right: 454992 actu_wrong: 14808
2026-07-17 19:38:25,035 P3707969 INFO ----------------------------------------------------------------------------------------------------
2026-07-17 19:38:25,035 P3707969 INFO 16/50 starting... lr: 0.001 para:0.05882352963089943
2026-07-17 19:38:46,893 P3707969 INFO Epoch 16/50, all_loss:1.26529 cls_loss:1.26529 rec_loss:0.41870 [21.85s]; best loss:1.26529, patience : 0
2026-07-17 19:38:56,068 P3707969 INFO pr:0.8424  rc:0.8521  auc:0.9975 ap:0.9638 f1: 0.8472 pred_right: 1061316 pred_wrong:34884 actu_right: 1061713 actu_wrong: 34487
2026-07-17 19:39:03,500 P3707969 INFO pr:0.8417  rc:0.8439  auc:0.9974 ap:0.9634 f1: 0.8428 pred_right: 454954 pred_wrong:14846 actu_right: 454992 actu_wrong: 14808
2026-07-17 19:39:03,514 P3707969 INFO ----------------------------------------------------------------------------------------------------
2026-07-17 19:39:03,514 P3707969 INFO 17/50 starting... lr: 0.001 para:0.0555555559694767
2026-07-17 19:39:29,229 P3707969 INFO Epoch 17/50, all_loss:1.21634 cls_loss:1.21634 rec_loss:0.41816 [25.71s]; best loss:1.21634, patience : 0
2026-07-17 19:39:39,517 P3707969 INFO pr:0.8483  rc:0.8244  auc:0.9974 ap:0.9623 f1: 0.8362 pred_right: 1062684 pred_wrong:33516 actu_right: 1061715 actu_wrong: 34485
2026-07-17 19:39:43,816 P3707969 INFO pr:0.8484  rc:0.8136  auc:0.9973 ap:0.9611 f1: 0.8306 pred_right: 455599 pred_wrong:14201 actu_right: 454992 actu_wrong: 14808
2026-07-17 19:39:43,817 P3707969 INFO ----------------------------------------------------------------------------------------------------
2026-07-17 19:39:43,817 P3707969 INFO 18/50 starting... lr: 0.001 para:0.05263157933950424
2026-07-17 19:40:04,828 P3707969 INFO Epoch 18/50, all_loss:1.16521 cls_loss:1.16521 rec_loss:0.42334 [21.01s]; best loss:1.16521, patience : 0
2026-07-17 19:40:15,482 P3707969 INFO pr:0.8514  rc:0.8518  auc:0.9977 ap:0.9659 f1: 0.8516 pred_right: 1061697 pred_wrong:34503 actu_right: 1061710 actu_wrong: 34490
2026-07-17 19:40:22,160 P3707969 INFO pr:0.8510  rc:0.8445  auc:0.9974 ap:0.9650 f1: 0.8478 pred_right: 455105 pred_wrong:14695 actu_right: 454992 actu_wrong: 14808
2026-07-17 19:40:22,166 P3707969 INFO ----------------------------------------------------------------------------------------------------
2026-07-17 19:40:22,166 P3707969 INFO 19/50 starting... lr: 0.001 para:0.05000000074505806
2026-07-17 19:40:49,545 P3707969 INFO Epoch 19/50, all_loss:1.14187 cls_loss:1.14187 rec_loss:0.41781 [27.37s]; best loss:1.14187, patience : 0
2026-07-17 19:40:59,876 P3707969 INFO pr:0.8578  rc:0.8716  auc:0.9978 ap:0.9680 f1: 0.8646 pred_right: 1061163 pred_wrong:35037 actu_right: 1061716 actu_wrong: 34484
2026-07-17 19:41:04,302 P3707969 INFO pr:0.8570  rc:0.8666  auc:0.9978 ap:0.9676 f1: 0.8617 pred_right: 454826 pred_wrong:14974 actu_right: 454992 actu_wrong: 14808
2026-07-17 19:41:04,309 P3707969 INFO ----------------------------------------------------------------------------------------------------
2026-07-17 19:41:04,309 P3707969 INFO 20/50 starting... lr: 0.001 para:0.0476190485060215
2026-07-17 19:41:25,460 P3707969 INFO Epoch 20/50, all_loss:1.10454 cls_loss:1.10454 rec_loss:0.41959 [21.14s]; best loss:1.10454, patience : 0
2026-07-17 19:41:36,157 P3707969 INFO pr:0.8400  rc:0.9127  auc:0.9980 ap:0.9696 f1: 0.8748 pred_right: 1058730 pred_wrong:37470 actu_right: 1061714 actu_wrong: 34486
2026-07-17 19:41:40,378 P3707969 INFO pr:0.8392  rc:0.9066  auc:0.9979 ap:0.9687 f1: 0.8716 pred_right: 453803 pred_wrong:15997 actu_right: 454992 actu_wrong: 14808
2026-07-17 19:41:40,384 P3707969 INFO ----------------------------------------------------------------------------------------------------
2026-07-17 19:41:40,384 P3707969 INFO 21/50 starting... lr: 0.001 para:0.04545454680919647
2026-07-17 19:42:02,691 P3707969 INFO Epoch 21/50, all_loss:1.08767 cls_loss:1.08767 rec_loss:0.41962 [22.30s]; best loss:1.08767, patience : 0
2026-07-17 19:42:11,784 P3707969 INFO pr:0.8425  rc:0.9099  auc:0.9980 ap:0.9708 f1: 0.8749 pred_right: 1058948 pred_wrong:37252 actu_right: 1061709 actu_wrong: 34491
2026-07-17 19:42:18,508 P3707969 INFO pr:0.8421  rc:0.9063  auc:0.9979 ap:0.9699 f1: 0.8730 pred_right: 453862 pred_wrong:15938 actu_right: 454992 actu_wrong: 14808
2026-07-17 19:42:18,521 P3707969 INFO ----------------------------------------------------------------------------------------------------
2026-07-17 19:42:18,521 P3707969 INFO 22/50 starting... lr: 0.001 para:0.043478261679410934
2026-07-17 19:42:44,715 P3707969 INFO Epoch 22/50, all_loss:1.04734 cls_loss:1.04734 rec_loss:0.43006 [26.19s]; best loss:1.04734, patience : 0
2026-07-17 19:42:55,817 P3707969 INFO pr:0.8459  rc:0.9149  auc:0.9981 ap:0.9709 f1: 0.8791 pred_right: 1058901 pred_wrong:37299 actu_right: 1061713 actu_wrong: 34487
2026-07-17 19:43:00,163 P3707969 INFO pr:0.8461  rc:0.9098  auc:0.9979 ap:0.9703 f1: 0.8768 pred_right: 453877 pred_wrong:15923 actu_right: 454992 actu_wrong: 14808
2026-07-17 19:43:00,169 P3707969 INFO ----------------------------------------------------------------------------------------------------
2026-07-17 19:43:00,169 P3707969 INFO 23/50 starting... lr: 0.001 para:0.0416666679084301
2026-07-17 19:43:21,217 P3707969 INFO Epoch 23/50, all_loss:1.03137 cls_loss:1.03137 rec_loss:0.42047 [21.04s]; best loss:1.03137, patience : 0
2026-07-17 19:43:31,769 P3707969 INFO pr:0.8415  rc:0.9236  auc:0.9981 ap:0.9718 f1: 0.8807 pred_right: 1058347 pred_wrong:37853 actu_right: 1061710 actu_wrong: 34490
2026-07-17 19:43:38,336 P3707969 INFO pr:0.8413  rc:0.9208  auc:0.9980 ap:0.9712 f1: 0.8792 pred_right: 453592 pred_wrong:16208 actu_right: 454992 actu_wrong: 14808
2026-07-17 19:43:38,341 P3707969 INFO ----------------------------------------------------------------------------------------------------
2026-07-17 19:43:38,342 P3707969 INFO 24/50 starting... lr: 0.001 para:0.03999999910593033
2026-07-17 19:44:05,869 P3707969 INFO Epoch 24/50, all_loss:1.00861 cls_loss:1.00861 rec_loss:0.41847 [27.52s]; best loss:1.00861, patience : 0
2026-07-17 19:44:16,504 P3707969 INFO pr:0.8495  rc:0.8967  auc:0.9979 ap:0.9699 f1: 0.8724 pred_right: 1059795 pred_wrong:36405 actu_right: 1061711 actu_wrong: 34489
2026-07-17 19:44:20,713 P3707969 INFO pr:0.8494  rc:0.8865  auc:0.9978 ap:0.9690 f1: 0.8676 pred_right: 454345 pred_wrong:15455 actu_right: 454992 actu_wrong: 14808
2026-07-17 19:44:20,714 P3707969 INFO ----------------------------------------------------------------------------------------------------
2026-07-17 19:44:20,714 P3707969 INFO 25/50 starting... lr: 0.001 para:0.03846153989434242
2026-07-17 19:44:41,734 P3707969 INFO Epoch 25/50, all_loss:0.99850 cls_loss:0.99850 rec_loss:0.41942 [21.01s]; best loss:0.99850, patience : 0
2026-07-17 19:44:52,311 P3707969 INFO pr:0.8581  rc:0.9182  auc:0.9983 ap:0.9742 f1: 0.8871 pred_right: 1059292 pred_wrong:36908 actu_right: 1061707 actu_wrong: 34493
2026-07-17 19:44:56,632 P3707969 INFO pr:0.8586  rc:0.9158  auc:0.9980 ap:0.9733 f1: 0.8863 pred_right: 454006 pred_wrong:15794 actu_right: 454992 actu_wrong: 14808
2026-07-17 19:44:56,638 P3707969 INFO ----------------------------------------------------------------------------------------------------
2026-07-17 19:44:56,638 P3707969 INFO 26/50 starting... lr: 0.001 para:0.03703703731298447
2026-07-17 19:45:18,979 P3707969 INFO Epoch 26/50, all_loss:0.97195 cls_loss:0.97195 rec_loss:0.41624 [22.34s]; best loss:0.97195, patience : 0
2026-07-17 19:45:28,054 P3707969 INFO pr:0.8858  rc:0.8730  auc:0.9983 ap:0.9736 f1: 0.8794 pred_right: 1062203 pred_wrong:33997 actu_right: 1061705 actu_wrong: 34495
2026-07-17 19:45:35,444 P3707969 INFO pr:0.8878  rc:0.8666  auc:0.9981 ap:0.9730 f1: 0.8770 pred_right: 455346 pred_wrong:14454 actu_right: 454992 actu_wrong: 14808
2026-07-17 19:45:35,446 P3707969 INFO ----------------------------------------------------------------------------------------------------
2026-07-17 19:45:35,446 P3707969 INFO 27/50 starting... lr: 0.001 para:0.0357142873108387
2026-07-17 19:46:02,401 P3707969 INFO Epoch 27/50, all_loss:0.94700 cls_loss:0.94700 rec_loss:0.40957 [26.95s]; best loss:0.94700, patience : 0
2026-07-17 19:46:12,954 P3707969 INFO pr:0.8695  rc:0.9044  auc:0.9982 ap:0.9741 f1: 0.8866 pred_right: 1060325 pred_wrong:35875 actu_right: 1061710 actu_wrong: 34490
2026-07-17 19:46:17,688 P3707969 INFO pr:0.8703  rc:0.8992  auc:0.9980 ap:0.9730 f1: 0.8845 pred_right: 454500 pred_wrong:15300 actu_right: 454992 actu_wrong: 14808
2026-07-17 19:46:17,689 P3707969 INFO ----------------------------------------------------------------------------------------------------
2026-07-17 19:46:17,689 P3707969 INFO 28/50 starting... lr: 0.001 para:0.03448275849223137
2026-07-17 19:46:38,763 P3707969 INFO Epoch 28/50, all_loss:0.93939 cls_loss:0.93939 rec_loss:0.41761 [21.07s]; best loss:0.93939, patience : 0
2026-07-17 19:46:49,525 P3707969 INFO pr:0.8790  rc:0.8796  auc:0.9984 ap:0.9747 f1: 0.8793 pred_right: 1061684 pred_wrong:34516 actu_right: 1061710 actu_wrong: 34490
2026-07-17 19:46:54,160 P3707969 INFO pr:0.8815  rc:0.8730  auc:0.9982 ap:0.9739 f1: 0.8772 pred_right: 455135 pred_wrong:14665 actu_right: 454992 actu_wrong: 14808
2026-07-17 19:46:54,161 P3707969 INFO ----------------------------------------------------------------------------------------------------
2026-07-17 19:46:54,162 P3707969 INFO 29/50 starting... lr: 0.001 para:0.03333333507180214
2026-07-17 19:47:21,732 P3707969 INFO Epoch 29/50, all_loss:0.93901 cls_loss:0.93901 rec_loss:0.41812 [27.56s]; best loss:0.93901, patience : 0
2026-07-17 19:47:33,493 P3707969 INFO pr:0.8789  rc:0.9046  auc:0.9984 ap:0.9753 f1: 0.8916 pred_right: 1060708 pred_wrong:35492 actu_right: 1061715 actu_wrong: 34485
2026-07-17 19:47:37,834 P3707969 INFO pr:0.8804  rc:0.9003  auc:0.9981 ap:0.9740 f1: 0.8902 pred_right: 454658 pred_wrong:15142 actu_right: 454992 actu_wrong: 14808
2026-07-17 19:47:37,840 P3707969 INFO ----------------------------------------------------------------------------------------------------
2026-07-17 19:47:37,841 P3707969 INFO 30/50 starting... lr: 0.001 para:0.032258063554763794
2026-07-17 19:47:58,654 P3707969 INFO Epoch 30/50, all_loss:0.91220 cls_loss:0.91220 rec_loss:0.41915 [20.81s]; best loss:0.91220, patience : 0
2026-07-17 19:48:09,286 P3707969 INFO pr:0.8565  rc:0.9337  auc:0.9984 ap:0.9748 f1: 0.8934 pred_right: 1058598 pred_wrong:37602 actu_right: 1061708 actu_wrong: 34492
2026-07-17 19:48:13,520 P3707969 INFO pr:0.8567  rc:0.9294  auc:0.9981 ap:0.9738 f1: 0.8916 pred_right: 453736 pred_wrong:16064 actu_right: 454992 actu_wrong: 14808
2026-07-17 19:48:13,527 P3707969 INFO ----------------------------------------------------------------------------------------------------
2026-07-17 19:48:13,527 P3707969 INFO 31/50 starting... lr: 0.001 para:0.03125
2026-07-17 19:48:36,128 P3707969 INFO Epoch 31/50, all_loss:0.90036 cls_loss:0.90036 rec_loss:0.41616 [22.60s]; best loss:0.90036, patience : 0
2026-07-17 19:48:44,991 P3707969 INFO pr:0.8564  rc:0.9293  auc:0.9983 ap:0.9749 f1: 0.8913 pred_right: 1058774 pred_wrong:37426 actu_right: 1061710 actu_wrong: 34490
2026-07-17 19:48:49,386 P3707969 INFO pr:0.8547  rc:0.9242  auc:0.9981 ap:0.9734 f1: 0.8881 pred_right: 453788 pred_wrong:16012 actu_right: 454992 actu_wrong: 14808
2026-07-17 19:48:49,387 P3707969 INFO ----------------------------------------------------------------------------------------------------
2026-07-17 19:48:49,388 P3707969 INFO 32/50 starting... lr: 0.001 para:0.03030303120613098
2026-07-17 19:49:17,816 P3707969 INFO Epoch 32/50, all_loss:0.89645 cls_loss:0.89645 rec_loss:0.41790 [28.42s]; best loss:0.89645, patience : 0
2026-07-17 19:49:28,253 P3707969 INFO pr:0.8718  rc:0.9144  auc:0.9984 ap:0.9755 f1: 0.8926 pred_right: 1060027 pred_wrong:36173 actu_right: 1061709 actu_wrong: 34491
2026-07-17 19:49:32,566 P3707969 INFO pr:0.8729  rc:0.9100  auc:0.9982 ap:0.9748 f1: 0.8911 pred_right: 454363 pred_wrong:15437 actu_right: 454992 actu_wrong: 14808
2026-07-17 19:49:32,566 P3707969 INFO ----------------------------------------------------------------------------------------------------
2026-07-17 19:49:32,567 P3707969 INFO 33/50 starting... lr: 0.001 para:0.029411764815449715
2026-07-17 19:49:53,929 P3707969 INFO Epoch 33/50, all_loss:0.88644 cls_loss:0.88644 rec_loss:0.42150 [21.36s]; best loss:0.88644, patience : 0
2026-07-17 19:50:04,105 P3707969 INFO pr:0.8591  rc:0.9262  auc:0.9985 ap:0.9760 f1: 0.8913 pred_right: 1059016 pred_wrong:37184 actu_right: 1061710 actu_wrong: 34490
2026-07-17 19:50:08,348 P3707969 INFO pr:0.8577  rc:0.9207  auc:0.9983 ap:0.9748 f1: 0.8881 pred_right: 453906 pred_wrong:15894 actu_right: 454992 actu_wrong: 14808
2026-07-17 19:50:08,349 P3707969 INFO ----------------------------------------------------------------------------------------------------
2026-07-17 19:50:08,349 P3707969 INFO 34/50 starting... lr: 0.001 para:0.02857142873108387
2026-07-17 19:50:32,881 P3707969 INFO Epoch 34/50, all_loss:0.87992 cls_loss:0.87992 rec_loss:0.42121 [24.51s]; best loss:0.87992, patience : 0
2026-07-17 19:50:48,594 P3707969 INFO pr:0.8575  rc:0.9206  auc:0.9983 ap:0.9749 f1: 0.8880 pred_right: 1059174 pred_wrong:37026 actu_right: 1061711 actu_wrong: 34489
2026-07-17 19:50:53,355 P3707969 INFO pr:0.8594  rc:0.9165  auc:0.9981 ap:0.9738 f1: 0.8870 pred_right: 454009 pred_wrong:15791 actu_right: 454992 actu_wrong: 14808
2026-07-17 19:50:53,356 P3707969 INFO ----------------------------------------------------------------------------------------------------
2026-07-17 19:50:53,356 P3707969 INFO 35/50 starting... lr: 0.001 para:0.02777777798473835
2026-07-17 19:51:14,447 P3707969 INFO Epoch 35/50, all_loss:0.86092 cls_loss:0.86092 rec_loss:0.42091 [21.08s]; best loss:0.86092, patience : 0
2026-07-17 19:51:25,274 P3707969 INFO pr:0.8558  rc:0.9355  auc:0.9985 ap:0.9767 f1: 0.8939 pred_right: 1058498 pred_wrong:37702 actu_right: 1061711 actu_wrong: 34489
2026-07-17 19:51:29,949 P3707969 INFO pr:0.8578  rc:0.9323  auc:0.9984 ap:0.9761 f1: 0.8935 pred_right: 453707 pred_wrong:16093 actu_right: 454992 actu_wrong: 14808
2026-07-17 19:51:29,956 P3707969 INFO ----------------------------------------------------------------------------------------------------
2026-07-17 19:51:29,956 P3707969 INFO 36/50 starting... lr: 0.001 para:0.027027027681469917
2026-07-17 19:51:52,302 P3707969 INFO Epoch 36/50, all_loss:0.86149 cls_loss:0.86149 rec_loss:0.42436 [22.35s]; best loss:0.86092, patience : 1
2026-07-17 19:52:01,161 P3707969 INFO pr:0.8672  rc:0.9411  auc:0.9986 ap:0.9787 f1: 0.9026 pred_right: 1058769 pred_wrong:37431 actu_right: 1061711 actu_wrong: 34489
2026-07-17 19:52:05,053 P3707969 INFO pr:0.8676  rc:0.9374  auc:0.9983 ap:0.9777 f1: 0.9012 pred_right: 453801 pred_wrong:15999 actu_right: 454992 actu_wrong: 14808
2026-07-17 19:52:05,065 P3707969 INFO ----------------------------------------------------------------------------------------------------
2026-07-17 19:52:05,066 P3707969 INFO 37/50 starting... lr: 0.001 para:0.02631578966975212
2026-07-17 19:52:34,269 P3707969 INFO Epoch 37/50, all_loss:0.84424 cls_loss:0.84424 rec_loss:0.41875 [29.20s]; best loss:0.84424, patience : 0
2026-07-17 19:52:44,443 P3707969 INFO pr:0.8787  rc:0.8965  auc:0.9984 ap:0.9761 f1: 0.8875 pred_right: 1061010 pred_wrong:35190 actu_right: 1061711 actu_wrong: 34489
2026-07-17 19:52:48,748 P3707969 INFO pr:0.8792  rc:0.8895  auc:0.9981 ap:0.9751 f1: 0.8843 pred_right: 454818 pred_wrong:14982 actu_right: 454992 actu_wrong: 14808
2026-07-17 19:52:48,749 P3707969 INFO ----------------------------------------------------------------------------------------------------
2026-07-17 19:52:48,749 P3707969 INFO 38/50 starting... lr: 0.001 para:0.025641025975346565
2026-07-17 19:53:09,973 P3707969 INFO Epoch 38/50, all_loss:0.84416 cls_loss:0.84416 rec_loss:0.42594 [21.22s]; best loss:0.84416, patience : 0
2026-07-17 19:53:20,638 P3707969 INFO pr:0.8606  rc:0.9472  auc:0.9986 ap:0.9777 f1: 0.9018 pred_right: 1058237 pred_wrong:37963 actu_right: 1061709 actu_wrong: 34491
2026-07-17 19:53:24,970 P3707969 INFO pr:0.8620  rc:0.9439  auc:0.9984 ap:0.9763 f1: 0.9011 pred_right: 453585 pred_wrong:16215 actu_right: 454992 actu_wrong: 14808
2026-07-17 19:53:24,971 P3707969 INFO ----------------------------------------------------------------------------------------------------
2026-07-17 19:53:24,971 P3707969 INFO 39/50 starting... lr: 0.001 para:0.02500000037252903
2026-07-17 19:53:51,706 P3707969 INFO Epoch 39/50, all_loss:0.83596 cls_loss:0.83596 rec_loss:0.42362 [26.73s]; best loss:0.83596, patience : 0
2026-07-17 19:54:05,700 P3707969 INFO pr:0.8636  rc:0.9371  auc:0.9986 ap:0.9784 f1: 0.8988 pred_right: 1058774 pred_wrong:37426 actu_right: 1061709 actu_wrong: 34491
2026-07-17 19:54:10,496 P3707969 INFO pr:0.8639  rc:0.9336  auc:0.9985 ap:0.9770 f1: 0.8974 pred_right: 453797 pred_wrong:16003 actu_right: 454992 actu_wrong: 14808
2026-07-17 19:54:10,496 P3707969 INFO ----------------------------------------------------------------------------------------------------
2026-07-17 19:54:10,497 P3707969 INFO 40/50 starting... lr: 0.001 para:0.024390242993831635
2026-07-17 19:54:31,719 P3707969 INFO Epoch 40/50, all_loss:0.82457 cls_loss:0.82457 rec_loss:0.42514 [21.21s]; best loss:0.82457, patience : 0
2026-07-17 19:54:41,946 P3707969 INFO pr:0.8844  rc:0.9037  auc:0.9986 ap:0.9776 f1: 0.8940 pred_right: 1060958 pred_wrong:35242 actu_right: 1061712 actu_wrong: 34488
2026-07-17 19:54:46,541 P3707969 INFO pr:0.8848  rc:0.8992  auc:0.9984 ap:0.9765 f1: 0.8920 pred_right: 454750 pred_wrong:15050 actu_right: 454992 actu_wrong: 14808
2026-07-17 19:54:46,542 P3707969 INFO ----------------------------------------------------------------------------------------------------
2026-07-17 19:54:46,542 P3707969 INFO 41/50 starting... lr: 0.001 para:0.02380952425301075
2026-07-17 19:55:08,768 P3707969 INFO Epoch 41/50, all_loss:0.80332 cls_loss:0.80332 rec_loss:0.42654 [22.22s]; best loss:0.80332, patience : 0
2026-07-17 19:55:17,754 P3707969 INFO pr:0.8979  rc:0.8617  auc:0.9985 ap:0.9779 f1: 0.8794 pred_right: 1063102 pred_wrong:33098 actu_right: 1061710 actu_wrong: 34490
2026-07-17 19:55:22,777 P3707969 INFO pr:0.8986  rc:0.8528  auc:0.9983 ap:0.9768 f1: 0.8751 pred_right: 455746 pred_wrong:14054 actu_right: 454992 actu_wrong: 14808
2026-07-17 19:55:22,779 P3707969 INFO ----------------------------------------------------------------------------------------------------
2026-07-17 19:55:22,779 P3707969 INFO 42/50 starting... lr: 0.001 para:0.023255813866853714
2026-07-17 19:55:50,943 P3707969 INFO Epoch 42/50, all_loss:0.80823 cls_loss:0.80823 rec_loss:0.42590 [28.16s]; best loss:0.80332, patience : 1
2026-07-17 19:56:01,488 P3707969 INFO pr:0.8759  rc:0.9230  auc:0.9987 ap:0.9793 f1: 0.8988 pred_right: 1059860 pred_wrong:36340 actu_right: 1061711 actu_wrong: 34489
2026-07-17 19:56:05,911 P3707969 INFO pr:0.8762  rc:0.9181  auc:0.9985 ap:0.9778 f1: 0.8967 pred_right: 454285 pred_wrong:15515 actu_right: 454992 actu_wrong: 14808
2026-07-17 19:56:05,912 P3707969 INFO ----------------------------------------------------------------------------------------------------
2026-07-17 19:56:05,912 P3707969 INFO 43/50 starting... lr: 0.001 para:0.022727273404598236
2026-07-17 19:56:27,376 P3707969 INFO Epoch 43/50, all_loss:0.80583 cls_loss:0.80583 rec_loss:0.42784 [21.46s]; best loss:0.80332, patience : 1
2026-07-17 19:56:37,990 P3707969 INFO pr:0.8684  rc:0.9310  auc:0.9985 ap:0.9777 f1: 0.8986 pred_right: 1059226 pred_wrong:36974 actu_right: 1061710 actu_wrong: 34490
2026-07-17 19:56:42,716 P3707969 INFO pr:0.8696  rc:0.9298  auc:0.9983 ap:0.9766 f1: 0.8987 pred_right: 453967 pred_wrong:15833 actu_right: 454992 actu_wrong: 14808
2026-07-17 19:56:42,717 P3707969 INFO ----------------------------------------------------------------------------------------------------
2026-07-17 19:56:42,717 P3707969 INFO 44/50 starting... lr: 0.001 para:0.02222222276031971
2026-07-17 19:57:06,895 P3707969 INFO Epoch 44/50, all_loss:0.79231 cls_loss:0.79231 rec_loss:0.43637 [24.17s]; best loss:0.79231, patience : 0
2026-07-17 19:57:23,585 P3707969 INFO pr:0.8774  rc:0.9265  auc:0.9987 ap:0.9796 f1: 0.9013 pred_right: 1059780 pred_wrong:36420 actu_right: 1061709 actu_wrong: 34491
2026-07-17 19:57:28,126 P3707969 INFO pr:0.8783  rc:0.9215  auc:0.9984 ap:0.9786 f1: 0.8994 pred_right: 454265 pred_wrong:15535 actu_right: 454992 actu_wrong: 14808
2026-07-17 19:57:28,127 P3707969 INFO ----------------------------------------------------------------------------------------------------
2026-07-17 19:57:28,127 P3707969 INFO 45/50 starting... lr: 0.001 para:0.021739130839705467
2026-07-17 19:57:48,912 P3707969 INFO Epoch 45/50, all_loss:0.78692 cls_loss:0.78692 rec_loss:0.43787 [20.78s]; best loss:0.78692, patience : 0
2026-07-17 19:57:59,424 P3707969 INFO pr:0.8941  rc:0.8836  auc:0.9986 ap:0.9786 f1: 0.8888 pred_right: 1062120 pred_wrong:34080 actu_right: 1061713 actu_wrong: 34487
2026-07-17 19:58:03,799 P3707969 INFO pr:0.8965  rc:0.8770  auc:0.9985 ap:0.9780 f1: 0.8866 pred_right: 455314 pred_wrong:14486 actu_right: 454992 actu_wrong: 14808
2026-07-17 19:58:03,800 P3707969 INFO ----------------------------------------------------------------------------------------------------
2026-07-17 19:58:03,800 P3707969 INFO 46/50 starting... lr: 0.001 para:0.021276595070958138
2026-07-17 19:58:25,284 P3707969 INFO Epoch 46/50, all_loss:0.78428 cls_loss:0.78428 rec_loss:0.42765 [21.48s]; best loss:0.78428, patience : 0
2026-07-17 19:58:35,904 P3707969 INFO pr:0.8663  rc:0.9404  auc:0.9986 ap:0.9786 f1: 0.9018 pred_right: 1058763 pred_wrong:37437 actu_right: 1061713 actu_wrong: 34487
2026-07-17 19:58:39,968 P3707969 INFO pr:0.8667  rc:0.9377  auc:0.9984 ap:0.9777 f1: 0.9008 pred_right: 453779 pred_wrong:16021 actu_right: 454992 actu_wrong: 14808
2026-07-17 19:58:39,969 P3707969 INFO ----------------------------------------------------------------------------------------------------
2026-07-17 19:58:39,969 P3707969 INFO 47/50 starting... lr: 0.001 para:0.02083333395421505
2026-07-17 19:59:09,139 P3707969 INFO Epoch 47/50, all_loss:0.77585 cls_loss:0.77585 rec_loss:0.43677 [29.16s]; best loss:0.77585, patience : 0
2026-07-17 19:59:19,189 P3707969 INFO pr:0.8983  rc:0.8695  auc:0.9986 ap:0.9781 f1: 0.8837 pred_right: 1062823 pred_wrong:33377 actu_right: 1061714 actu_wrong: 34486
2026-07-17 19:59:23,473 P3707969 INFO pr:0.8976  rc:0.8643  auc:0.9985 ap:0.9775 f1: 0.8806 pred_right: 455542 pred_wrong:14258 actu_right: 454992 actu_wrong: 14808
2026-07-17 19:59:23,474 P3707969 INFO ----------------------------------------------------------------------------------------------------
2026-07-17 19:59:23,474 P3707969 INFO 48/50 starting... lr: 0.001 para:0.020408162847161293
2026-07-17 19:59:44,618 P3707969 INFO Epoch 48/50, all_loss:0.77997 cls_loss:0.77997 rec_loss:0.43877 [21.14s]; best loss:0.77585, patience : 1
2026-07-17 19:59:54,740 P3707969 INFO pr:0.8771  rc:0.9396  auc:0.9987 ap:0.9807 f1: 0.9073 pred_right: 1059254 pred_wrong:36946 actu_right: 1061712 actu_wrong: 34488
2026-07-17 19:59:59,049 P3707969 INFO pr:0.8783  rc:0.9353  auc:0.9986 ap:0.9800 f1: 0.9059 pred_right: 454031 pred_wrong:15769 actu_right: 454992 actu_wrong: 14808
2026-07-17 19:59:59,055 P3707969 INFO ----------------------------------------------------------------------------------------------------
2026-07-17 19:59:59,055 P3707969 INFO 49/50 starting... lr: 0.001 para:0.019999999552965164
2026-07-17 20:00:20,609 P3707969 INFO Epoch 49/50, all_loss:0.76594 cls_loss:0.76594 rec_loss:0.43671 [21.55s]; best loss:0.76594, patience : 0
2026-07-17 20:00:39,025 P3707969 INFO pr:0.8628  rc:0.9457  auc:0.9987 ap:0.9791 f1: 0.9023 pred_right: 1058401 pred_wrong:37799 actu_right: 1061714 actu_wrong: 34486
2026-07-17 20:00:43,847 P3707969 INFO pr:0.8627  rc:0.9440  auc:0.9985 ap:0.9780 f1: 0.9015 pred_right: 453596 pred_wrong:16204 actu_right: 454992 actu_wrong: 14808
2026-07-17 20:00:43,847 P3707969 INFO saving model...
2026-07-17 20:00:43,847 P3707969 INFO AnoFusion - loss  best score:0.7659386992454529 at epoch 49
2026-07-17 20:00:43,855 P3707969 INFO AnoFusion - f1  best score:0.9072710474003975 at epoch 48
2026-07-17 20:00:43,862 P3707969 INFO Average training time per epoch: 23.48 seconds
2026-07-17 20:00:43,862 P3707969 INFO calculate scores...
2026-07-17 20:00:43,863 P3707969 INFO calculate label with loss...
2026-07-17 20:00:43,863 P3707969 INFO AnoFusion on ./result/AnoFusion-TT-Epochs50-Seed1ExpNameRQ1_main-lowshow loading...
2026-07-17 20:00:48,133 P3707969 INFO pr:0.8627  rc:0.9440  auc:0.9985 ap:0.9780 f1: 0.9015 pred_right: 453596 pred_wrong:16204 actu_right: 454992 actu_wrong: 14808
2026-07-17 20:01:05,847 P3707969 INFO pr:0.8627  rc:0.9440  auc:0.9985 ap:0.9780 f1: 0.9015 pred_right: 453596 pred_wrong:16204 actu_right: 454992 actu_wrong: 14808
2026-07-17 20:01:05,848 P3707969 INFO Performance Summary:
{'GPU': {'inference_time_per_sample_ms': 0.21063103484231488, 'throughput_samples_per_sec': 4747.638451041329, 'peak_memory_mb': 105.19140625, 'energy_per_sample_joules': 0.01981332423899461}, 'CPU': {'inference_time_per_sample_ms': 0.9807936907088305, 'throughput_samples_per_sec': 1019.5824152144463, 'peak_memory_mb': 5377.12890625, 'energy_per_sample_joules': 0.06375158989607398}}
2026-07-17 20:01:05,848 P3707969 INFO Starting clean-room hardware benchmarking...
2026-07-17 20:01:06,859 P3707969 INFO Performance with loss: pr:0.8627  rc:0.9440  auc:0.9985 ap:0.9780 f1: 0.9015 pred_right: 453596 pred_wrong:16204 actu_right: 454992 actu_wrong: 14808
2026-07-17 20:01:06,859 P3707969 INFO calculate label with f1...
2026-07-17 20:01:06,860 P3707969 INFO AnoFusion on ./result/AnoFusion-TT-Epochs50-Seed1ExpNameRQ1_main-lowshow loading...
2026-07-17 20:01:11,440 P3707969 INFO pr:0.8783  rc:0.9353  auc:0.9986 ap:0.9800 f1: 0.9059 pred_right: 454031 pred_wrong:15769 actu_right: 454992 actu_wrong: 14808
2026-07-17 20:01:28,909 P3707969 INFO pr:0.8783  rc:0.9353  auc:0.9986 ap:0.9800 f1: 0.9059 pred_right: 454031 pred_wrong:15769 actu_right: 454992 actu_wrong: 14808
2026-07-17 20:01:28,910 P3707969 INFO Performance Summary:
{'GPU': {'inference_time_per_sample_ms': 0.22767839924476177, 'throughput_samples_per_sec': 4392.160184352698, 'peak_memory_mb': 105.19091796875, 'energy_per_sample_joules': 0.020246073974441198}, 'CPU': {'inference_time_per_sample_ms': 0.966785600073165, 'throughput_samples_per_sec': 1034.355497148821, 'peak_memory_mb': 5396.40234375, 'energy_per_sample_joules': 0.06284106400475573}}
2026-07-17 20:01:28,910 P3707969 INFO Starting clean-room hardware benchmarking...
2026-07-17 20:01:29,981 P3707969 INFO Performance with f1: pr:0.8783  rc:0.9353  auc:0.9986 ap:0.9800 f1: 0.9059 pred_right: 454031 pred_wrong:15769 actu_right: 454992 actu_wrong: 14808
