2026-07-24 14:47:46,468 P1041969 INFO ---- Model: ----MSTGAD-edd06766----random_seed : 3----req_loss_approach : Legendre-style----rec_lambda : 1.0----auxi_lambda : 0.2----Freq Domain : FITS_Legendre----Multi Fits : false----train : True----evaluate : False
2026-07-24 14:47:46,468 P1041969 INFO Load from /home/db2003/Desktop/Amr/Tests/Eadro/codes/chunks/TT
2026-07-24 14:47:58,993 P1041969 INFO Fewshot: training with 1.0 of the 70% of the data
2026-07-24 14:47:59,080 P1041969 INFO Trainable Parameters Breakdown:
2026-07-24 14:47:59,080 P1041969 INFO --------------------------------------------------------------------------------
2026-07-24 14:47:59,080 P1041969 INFO Reconstruction-Specific Parameters:
2026-07-24 14:47:59,080 P1041969 INFO node_emb.linear.weight                   | shape: (8, 7)                    | params: 56
2026-07-24 14:47:59,080 P1041969 INFO node_emb.linear.bias                     | shape: (8,)                      | params: 8
2026-07-24 14:47:59,080 P1041969 INFO log_emb.linear.weight                    | shape: (32, 60)                  | params: 1,920
2026-07-24 14:47:59,080 P1041969 INFO log_emb.linear.bias                      | shape: (32,)                     | params: 32
2026-07-24 14:47:59,080 P1041969 INFO egde_emb.linear.weight                   | shape: (8, 2)                    | params: 16
2026-07-24 14:47:59,080 P1041969 INFO egde_emb.linear.bias                     | shape: (8,)                      | params: 8
2026-07-24 14:47:59,080 P1041969 INFO dense_node.weight                        | shape: (7, 8)                    | params: 56
2026-07-24 14:47:59,080 P1041969 INFO dense_node.bias                          | shape: (7,)                      | params: 7
2026-07-24 14:47:59,080 P1041969 INFO dense_log.weight                         | shape: (60, 32)                  | params: 1,920
2026-07-24 14:47:59,080 P1041969 INFO dense_log.bias                           | shape: (60,)                     | params: 60
2026-07-24 14:47:59,081 P1041969 INFO dense_edge.weight                        | shape: (2, 8)                    | params: 16
2026-07-24 14:47:59,081 P1041969 INFO dense_edge.bias                          | shape: (2,)                      | params: 2
2026-07-24 14:47:59,081 P1041969 INFO linear_attn.Wq.weight                    | shape: (10, 10)                  | params: 100
2026-07-24 14:47:59,081 P1041969 INFO linear_attn.Wk.weight                    | shape: (10, 10)                  | params: 100
2026-07-24 14:47:59,081 P1041969 INFO linear_attn.Wv.weight                    | shape: (10, 10)                  | params: 100
2026-07-24 14:47:59,081 P1041969 INFO linear_attn.out.weight                   | shape: (10, 10)                  | params: 100
2026-07-24 14:47:59,081 P1041969 INFO linear_attn.out.bias                     | shape: (10,)                     | params: 10
2026-07-24 14:47:59,081 P1041969 INFO linear_attn.norm.weight                  | shape: (10,)                     | params: 10
2026-07-24 14:47:59,081 P1041969 INFO linear_attn.norm.bias                    | shape: (10,)                     | params: 10
2026-07-24 14:47:59,081 P1041969 INFO shared_fits.normlin_W                    | shape: (5, 5)                    | params: 25
2026-07-24 14:47:59,081 P1041969 INFO shared_fits.freq_upsampler.weight        | shape: (5, 5)                    | params: 25
2026-07-24 14:47:59,081 P1041969 INFO shared_fits.freq_upsampler.bias          | shape: (5,)                      | params: 5
2026-07-24 14:47:59,081 P1041969 INFO modality_proj.node.weight                | shape: (10, 8)                   | params: 80
2026-07-24 14:47:59,081 P1041969 INFO modality_proj.node.bias                  | shape: (10,)                     | params: 10
2026-07-24 14:47:59,081 P1041969 INFO modality_proj.log.weight                 | shape: (10, 32)                  | params: 320
2026-07-24 14:47:59,081 P1041969 INFO modality_proj.log.bias                   | shape: (10,)                     | params: 10
2026-07-24 14:47:59,081 P1041969 INFO modality_proj.edge.weight                | shape: (10, 8)                   | params: 80
2026-07-24 14:47:59,081 P1041969 INFO modality_proj.edge.bias                  | shape: (10,)                     | params: 10
2026-07-24 14:47:59,081 P1041969 INFO modality_proj_out.node.weight            | shape: (8, 10)                   | params: 80
2026-07-24 14:47:59,082 P1041969 INFO modality_proj_out.node.bias              | shape: (8,)                      | params: 8
2026-07-24 14:47:59,082 P1041969 INFO modality_proj_out.log.weight             | shape: (32, 10)                  | params: 320
2026-07-24 14:47:59,082 P1041969 INFO modality_proj_out.log.bias               | shape: (32,)                     | params: 32
2026-07-24 14:47:59,082 P1041969 INFO modality_proj_out.edge.weight            | shape: (8, 10)                   | params: 80
2026-07-24 14:47:59,082 P1041969 INFO modality_proj_out.edge.bias              | shape: (8,)                      | params: 8
2026-07-24 14:47:59,082 P1041969 INFO Subtotal: 5,624
2026-07-24 14:47:59,082 P1041969 INFO --------------------------------------------------------------------------------
2026-07-24 14:47:59,082 P1041969 INFO Common Parameters:
2026-07-24 14:47:59,082 P1041969 INFO show.0.weight                            | shape: (128, 69)                 | params: 8,832
2026-07-24 14:47:59,082 P1041969 INFO show.0.bias                              | shape: (128,)                    | params: 128
2026-07-24 14:47:59,082 P1041969 INFO show.2.weight                            | shape: (2, 128)                  | params: 256
2026-07-24 14:47:59,082 P1041969 INFO show.2.bias                              | shape: (2,)                      | params: 2
2026-07-24 14:47:59,082 P1041969 INFO Subtotal: 9,218
2026-07-24 14:47:59,082 P1041969 INFO --------------------------------------------------------------------------------
2026-07-24 14:47:59,082 P1041969 INFO Total Trainable Parameters: 14,842

2026-07-24 14:47:59,082 P1041969 INFO Trainable Parameters: 14842, reconstruction: 5624, common: 9218
2026-07-24 14:47:59,082 P1041969 INFO model : init weight
2026-07-24 14:47:59,083 P1041969 INFO Using GPU...
2026-07-24 14:47:59,089 P1041969 INFO optimizer : using AdaBelief
2026-07-24 14:47:59,089 P1041969 INFO ----------------------------------------------------------------------------------------------------
2026-07-24 14:47:59,089 P1041969 INFO 0/50 starting... lr: 0.001 para:1.0
2026-07-24 14:48:18,730 P1041969 INFO Epoch 0/50, all_loss:0.08576 cls_loss:28.61418 rec_loss:0.08576 [19.64s]; best loss:0.08576, patience : 0
2026-07-24 14:48:18,730 P1041969 INFO ----------------------------------------------------------------------------------------------------
2026-07-24 14:48:18,730 P1041969 INFO 1/50 starting... lr: 0.001 para:0.5
2026-07-24 14:48:46,399 P1041969 INFO Epoch 1/50, all_loss:1.85327 cls_loss:3.47925 rec_loss:0.22730 [27.66s]; best loss:1.85327, patience : 0
2026-07-24 14:48:46,399 P1041969 INFO ----------------------------------------------------------------------------------------------------
2026-07-24 14:48:46,399 P1041969 INFO 2/50 starting... lr: 0.001 para:0.3333333432674408
2026-07-24 14:49:06,331 P1041969 INFO Epoch 2/50, all_loss:1.48748 cls_loss:2.11595 rec_loss:0.23052 [19.93s]; best loss:1.48748, patience : 0
2026-07-24 14:49:17,037 P1041969 INFO pr:0.9589  rc:0.4599  auc:0.9878 ap:0.8992 f1: 0.6217 pred_right: 1079657 pred_wrong:16543 actu_right: 1061711 actu_wrong: 34489
2026-07-24 14:49:21,641 P1041969 INFO pr:0.9537  rc:0.4594  auc:0.9880 ap:0.8996 f1: 0.6201 pred_right: 462667 pred_wrong:7133 actu_right: 454992 actu_wrong: 14808
2026-07-24 14:49:21,645 P1041969 INFO ----------------------------------------------------------------------------------------------------
2026-07-24 14:49:21,645 P1041969 INFO 3/50 starting... lr: 0.001 para:0.25
2026-07-24 14:49:41,840 P1041969 INFO Epoch 3/50, all_loss:1.51234 cls_loss:1.93240 rec_loss:0.25214 [20.19s]; best loss:1.48748, patience : 1
2026-07-24 14:49:52,759 P1041969 INFO pr:0.9233  rc:0.5348  auc:0.9908 ap:0.9184 f1: 0.6773 pred_right: 1076219 pred_wrong:19981 actu_right: 1061706 actu_wrong: 34494
2026-07-24 14:49:56,862 P1041969 INFO pr:0.9208  rc:0.5353  auc:0.9908 ap:0.9188 f1: 0.6770 pred_right: 461192 pred_wrong:8608 actu_right: 454992 actu_wrong: 14808
2026-07-24 14:49:56,867 P1041969 INFO ----------------------------------------------------------------------------------------------------
2026-07-24 14:49:56,867 P1041969 INFO 4/50 starting... lr: 0.001 para:0.20000000298023224
2026-07-24 14:50:25,279 P1041969 INFO Epoch 4/50, all_loss:1.48546 cls_loss:1.78569 rec_loss:0.28456 [28.41s]; best loss:1.48546, patience : 0
2026-07-24 14:50:35,630 P1041969 INFO pr:0.8919  rc:0.6400  auc:0.9912 ap:0.9294 f1: 0.7452 pred_right: 1071450 pred_wrong:24750 actu_right: 1061709 actu_wrong: 34491
2026-07-24 14:50:40,236 P1041969 INFO pr:0.8968  rc:0.6390  auc:0.9913 ap:0.9293 f1: 0.7462 pred_right: 459249 pred_wrong:10551 actu_right: 454992 actu_wrong: 14808
2026-07-24 14:50:40,241 P1041969 INFO ----------------------------------------------------------------------------------------------------
2026-07-24 14:50:40,241 P1041969 INFO 5/50 starting... lr: 0.001 para:0.1666666716337204
2026-07-24 14:51:00,431 P1041969 INFO Epoch 5/50, all_loss:1.45653 cls_loss:1.68735 rec_loss:0.30246 [20.19s]; best loss:1.45653, patience : 0
2026-07-24 14:51:10,938 P1041969 INFO pr:0.8803  rc:0.6722  auc:0.9926 ap:0.9358 f1: 0.7623 pred_right: 1069867 pred_wrong:26333 actu_right: 1061713 actu_wrong: 34487
2026-07-24 14:51:15,438 P1041969 INFO pr:0.8867  rc:0.6720  auc:0.9927 ap:0.9362 f1: 0.7645 pred_right: 458577 pred_wrong:11223 actu_right: 454992 actu_wrong: 14808
2026-07-24 14:51:15,442 P1041969 INFO ----------------------------------------------------------------------------------------------------
2026-07-24 14:51:15,443 P1041969 INFO 6/50 starting... lr: 0.001 para:0.1428571492433548
2026-07-24 14:51:34,930 P1041969 INFO Epoch 6/50, all_loss:1.43398 cls_loss:1.61817 rec_loss:0.32885 [19.48s]; best loss:1.43398, patience : 0
2026-07-24 14:51:53,875 P1041969 INFO pr:0.9146  rc:0.6564  auc:0.9935 ap:0.9402 f1: 0.7642 pred_right: 1071449 pred_wrong:24751 actu_right: 1061711 actu_wrong: 34489
2026-07-24 14:51:58,635 P1041969 INFO pr:0.9156  rc:0.6555  auc:0.9934 ap:0.9401 f1: 0.7640 pred_right: 459199 pred_wrong:10601 actu_right: 454992 actu_wrong: 14808
2026-07-24 14:51:58,640 P1041969 INFO ----------------------------------------------------------------------------------------------------
2026-07-24 14:51:58,640 P1041969 INFO 7/50 starting... lr: 0.001 para:0.125
2026-07-24 14:52:19,025 P1041969 INFO Epoch 7/50, all_loss:1.39372 cls_loss:1.54304 rec_loss:0.34845 [20.38s]; best loss:1.39372, patience : 0
2026-07-24 14:52:30,145 P1041969 INFO pr:0.9179  rc:0.6648  auc:0.9939 ap:0.9444 f1: 0.7711 pred_right: 1071221 pred_wrong:24979 actu_right: 1061710 actu_wrong: 34490
2026-07-24 14:52:34,873 P1041969 INFO pr:0.9202  rc:0.6638  auc:0.9938 ap:0.9441 f1: 0.7713 pred_right: 459118 pred_wrong:10682 actu_right: 454992 actu_wrong: 14808
2026-07-24 14:52:34,878 P1041969 INFO ----------------------------------------------------------------------------------------------------
2026-07-24 14:52:34,878 P1041969 INFO 8/50 starting... lr: 0.001 para:0.1111111119389534
2026-07-24 14:52:55,111 P1041969 INFO Epoch 8/50, all_loss:1.36974 cls_loss:1.49359 rec_loss:0.37892 [20.23s]; best loss:1.36974, patience : 0
2026-07-24 14:53:06,636 P1041969 INFO pr:0.8830  rc:0.7177  auc:0.9943 ap:0.9488 f1: 0.7918 pred_right: 1068166 pred_wrong:28034 actu_right: 1061710 actu_wrong: 34490
2026-07-24 14:53:10,137 P1041969 INFO pr:0.8848  rc:0.7154  auc:0.9944 ap:0.9484 f1: 0.7911 pred_right: 457826 pred_wrong:11974 actu_right: 454992 actu_wrong: 14808
2026-07-24 14:53:10,140 P1041969 INFO ----------------------------------------------------------------------------------------------------
2026-07-24 14:53:10,140 P1041969 INFO 9/50 starting... lr: 0.001 para:0.10000000149011612
2026-07-24 14:53:37,052 P1041969 INFO Epoch 9/50, all_loss:1.32222 cls_loss:1.42486 rec_loss:0.39854 [26.91s]; best loss:1.32222, patience : 0
2026-07-24 14:53:47,420 P1041969 INFO pr:0.8671  rc:0.7596  auc:0.9943 ap:0.9515 f1: 0.8098 pred_right: 1065977 pred_wrong:30223 actu_right: 1061703 actu_wrong: 34497
2026-07-24 14:53:51,921 P1041969 INFO pr:0.8716  rc:0.7573  auc:0.9943 ap:0.9515 f1: 0.8104 pred_right: 456934 pred_wrong:12866 actu_right: 454992 actu_wrong: 14808
2026-07-24 14:53:51,925 P1041969 INFO ----------------------------------------------------------------------------------------------------
2026-07-24 14:53:51,926 P1041969 INFO 10/50 starting... lr: 0.001 para:0.09090909361839294
2026-07-24 14:54:11,961 P1041969 INFO Epoch 10/50, all_loss:1.34035 cls_loss:1.43136 rec_loss:0.43027 [20.04s]; best loss:1.32222, patience : 1
2026-07-24 14:54:22,604 P1041969 INFO pr:0.9238  rc:0.7026  auc:0.9955 ap:0.9544 f1: 0.7982 pred_right: 1069963 pred_wrong:26237 actu_right: 1061704 actu_wrong: 34496
2026-07-24 14:54:27,120 P1041969 INFO pr:0.9230  rc:0.6996  auc:0.9953 ap:0.9532 f1: 0.7959 pred_right: 458576 pred_wrong:11224 actu_right: 454992 actu_wrong: 14808
2026-07-24 14:54:27,121 P1041969 INFO ----------------------------------------------------------------------------------------------------
2026-07-24 14:54:27,121 P1041969 INFO 11/50 starting... lr: 0.001 para:0.0833333358168602
2026-07-24 14:54:48,435 P1041969 INFO Epoch 11/50, all_loss:1.29532 cls_loss:1.37271 rec_loss:0.44404 [21.31s]; best loss:1.29532, patience : 0
2026-07-24 14:54:57,751 P1041969 INFO pr:0.8997  rc:0.7216  auc:0.9945 ap:0.9524 f1: 0.8009 pred_right: 1068541 pred_wrong:27659 actu_right: 1061713 actu_wrong: 34487
2026-07-24 14:55:05,277 P1041969 INFO pr:0.8982  rc:0.7216  auc:0.9946 ap:0.9516 f1: 0.8003 pred_right: 457904 pred_wrong:11896 actu_right: 454992 actu_wrong: 14808
2026-07-24 14:55:05,280 P1041969 INFO ----------------------------------------------------------------------------------------------------
2026-07-24 14:55:05,281 P1041969 INFO 12/50 starting... lr: 0.001 para:0.07692307978868484
2026-07-24 14:55:30,443 P1041969 INFO Epoch 12/50, all_loss:1.24844 cls_loss:1.31285 rec_loss:0.47547 [25.16s]; best loss:1.24844, patience : 0
2026-07-24 14:55:41,225 P1041969 INFO pr:0.8598  rc:0.7822  auc:0.9955 ap:0.9561 f1: 0.8192 pred_right: 1064820 pred_wrong:31380 actu_right: 1061711 actu_wrong: 34489
2026-07-24 14:55:45,591 P1041969 INFO pr:0.8592  rc:0.7819  auc:0.9954 ap:0.9556 f1: 0.8188 pred_right: 456324 pred_wrong:13476 actu_right: 454992 actu_wrong: 14808
2026-07-24 14:55:45,595 P1041969 INFO ----------------------------------------------------------------------------------------------------
2026-07-24 14:55:45,598 P1041969 INFO 13/50 starting... lr: 0.001 para:0.0714285746216774
2026-07-24 14:56:05,821 P1041969 INFO Epoch 13/50, all_loss:1.29410 cls_loss:1.35273 rec_loss:0.53193 [20.22s]; best loss:1.24844, patience : 1
2026-07-24 14:56:16,408 P1041969 INFO pr:0.9226  rc:0.7293  auc:0.9961 ap:0.9622 f1: 0.8146 pred_right: 1068942 pred_wrong:27258 actu_right: 1061716 actu_wrong: 34484
2026-07-24 14:56:20,932 P1041969 INFO pr:0.9258  rc:0.7248  auc:0.9959 ap:0.9617 f1: 0.8131 pred_right: 458207 pred_wrong:11593 actu_right: 454992 actu_wrong: 14808
2026-07-24 14:56:20,932 P1041969 INFO ----------------------------------------------------------------------------------------------------
2026-07-24 14:56:20,933 P1041969 INFO 14/50 starting... lr: 0.001 para:0.06666667014360428
2026-07-24 14:56:40,457 P1041969 INFO Epoch 14/50, all_loss:1.18559 cls_loss:1.22971 rec_loss:0.56779 [19.52s]; best loss:1.18559, patience : 0
2026-07-24 14:57:00,504 P1041969 INFO pr:0.8427  rc:0.8473  auc:0.9968 ap:0.9660 f1: 0.8450 pred_right: 1061520 pred_wrong:34680 actu_right: 1061711 actu_wrong: 34489
2026-07-24 14:57:05,060 P1041969 INFO pr:0.8450  rc:0.8436  auc:0.9965 ap:0.9650 f1: 0.8443 pred_right: 455017 pred_wrong:14783 actu_right: 454992 actu_wrong: 14808
2026-07-24 14:57:05,064 P1041969 INFO ----------------------------------------------------------------------------------------------------
2026-07-24 14:57:05,064 P1041969 INFO 15/50 starting... lr: 0.001 para:0.0625
2026-07-24 14:57:25,105 P1041969 INFO Epoch 15/50, all_loss:1.12701 cls_loss:1.16014 rec_loss:0.63017 [20.03s]; best loss:1.12701, patience : 0
2026-07-24 14:57:35,235 P1041969 INFO pr:0.8968  rc:0.8011  auc:0.9968 ap:0.9693 f1: 0.8462 pred_right: 1065391 pred_wrong:30809 actu_right: 1061713 actu_wrong: 34487
2026-07-24 14:57:39,638 P1041969 INFO pr:0.9000  rc:0.7995  auc:0.9968 ap:0.9683 f1: 0.8468 pred_right: 456646 pred_wrong:13154 actu_right: 454992 actu_wrong: 14808
2026-07-24 14:57:39,643 P1041969 INFO ----------------------------------------------------------------------------------------------------
2026-07-24 14:57:39,643 P1041969 INFO 16/50 starting... lr: 0.001 para:0.05882352963089943
2026-07-24 14:57:59,427 P1041969 INFO Epoch 16/50, all_loss:1.06631 cls_loss:1.08966 rec_loss:0.69267 [19.78s]; best loss:1.06631, patience : 0
2026-07-24 14:58:11,170 P1041969 INFO pr:0.9016  rc:0.8065  auc:0.9972 ap:0.9689 f1: 0.8514 pred_right: 1065345 pred_wrong:30855 actu_right: 1061709 actu_wrong: 34491
2026-07-24 14:58:14,850 P1041969 INFO pr:0.9032  rc:0.8037  auc:0.9971 ap:0.9682 f1: 0.8505 pred_right: 456623 pred_wrong:13177 actu_right: 454992 actu_wrong: 14808
2026-07-24 14:58:14,854 P1041969 INFO ----------------------------------------------------------------------------------------------------
2026-07-24 14:58:14,854 P1041969 INFO 17/50 starting... lr: 0.001 para:0.0555555559694767
2026-07-24 14:58:42,219 P1041969 INFO Epoch 17/50, all_loss:0.98375 cls_loss:0.99745 rec_loss:0.75085 [27.36s]; best loss:0.98375, patience : 0
2026-07-24 14:58:53,021 P1041969 INFO pr:0.8996  rc:0.8254  auc:0.9980 ap:0.9754 f1: 0.8609 pred_right: 1064560 pred_wrong:31640 actu_right: 1061715 actu_wrong: 34485
2026-07-24 14:58:57,301 P1041969 INFO pr:0.8997  rc:0.8227  auc:0.9980 ap:0.9743 f1: 0.8595 pred_right: 456260 pred_wrong:13540 actu_right: 454992 actu_wrong: 14808
2026-07-24 14:58:57,305 P1041969 INFO ----------------------------------------------------------------------------------------------------
2026-07-24 14:58:57,306 P1041969 INFO 18/50 starting... lr: 0.001 para:0.05263157933950424
2026-07-24 14:59:16,692 P1041969 INFO Epoch 18/50, all_loss:0.90584 cls_loss:0.91166 rec_loss:0.80105 [19.38s]; best loss:0.90584, patience : 0
2026-07-24 14:59:27,126 P1041969 INFO pr:0.8881  rc:0.9001  auc:0.9983 ap:0.9787 f1: 0.8941 pred_right: 1061248 pred_wrong:34952 actu_right: 1061713 actu_wrong: 34487
2026-07-24 14:59:31,326 P1041969 INFO pr:0.8909  rc:0.8992  auc:0.9982 ap:0.9784 f1: 0.8950 pred_right: 454855 pred_wrong:14945 actu_right: 454992 actu_wrong: 14808
2026-07-24 14:59:31,330 P1041969 INFO ----------------------------------------------------------------------------------------------------
2026-07-24 14:59:31,330 P1041969 INFO 19/50 starting... lr: 0.001 para:0.05000000074505806
2026-07-24 14:59:50,481 P1041969 INFO Epoch 19/50, all_loss:0.90866 cls_loss:0.91003 rec_loss:0.88259 [19.15s]; best loss:0.90584, patience : 1
2026-07-24 15:00:00,684 P1041969 INFO pr:0.9131  rc:0.8778  auc:0.9985 ap:0.9820 f1: 0.8951 pred_right: 1063048 pred_wrong:33152 actu_right: 1061712 actu_wrong: 34488
2026-07-24 15:00:11,789 P1041969 INFO pr:0.9142  rc:0.8791  auc:0.9984 ap:0.9816 f1: 0.8963 pred_right: 455562 pred_wrong:14238 actu_right: 454992 actu_wrong: 14808
2026-07-24 15:00:11,798 P1041969 INFO ----------------------------------------------------------------------------------------------------
2026-07-24 15:00:11,798 P1041969 INFO 20/50 starting... lr: 0.001 para:0.0476190485060215
2026-07-24 15:00:32,242 P1041969 INFO Epoch 20/50, all_loss:0.84788 cls_loss:0.84350 rec_loss:0.93543 [20.44s]; best loss:0.84788, patience : 0
2026-07-24 15:00:42,423 P1041969 INFO pr:0.8873  rc:0.8985  auc:0.9980 ap:0.9808 f1: 0.8929 pred_right: 1061280 pred_wrong:34920 actu_right: 1061713 actu_wrong: 34487
2026-07-24 15:00:46,671 P1041969 INFO pr:0.8893  rc:0.9021  auc:0.9982 ap:0.9807 f1: 0.8957 pred_right: 454780 pred_wrong:15020 actu_right: 454992 actu_wrong: 14808
2026-07-24 15:00:46,672 P1041969 INFO ----------------------------------------------------------------------------------------------------
2026-07-24 15:00:46,672 P1041969 INFO 21/50 starting... lr: 0.001 para:0.04545454680919647
2026-07-24 15:01:05,681 P1041969 INFO Epoch 21/50, all_loss:0.81183 cls_loss:0.80434 rec_loss:0.96918 [19.00s]; best loss:0.81183, patience : 0
2026-07-24 15:01:16,134 P1041969 INFO pr:0.9041  rc:0.9088  auc:0.9980 ap:0.9817 f1: 0.9064 pred_right: 1061530 pred_wrong:34670 actu_right: 1061710 actu_wrong: 34490
2026-07-24 15:01:20,505 P1041969 INFO pr:0.9073  rc:0.9069  auc:0.9982 ap:0.9819 f1: 0.9071 pred_right: 454999 pred_wrong:14801 actu_right: 454992 actu_wrong: 14808
2026-07-24 15:01:20,510 P1041969 INFO ----------------------------------------------------------------------------------------------------
2026-07-24 15:01:20,510 P1041969 INFO 22/50 starting... lr: 0.001 para:0.043478261679410934
2026-07-24 15:01:40,069 P1041969 INFO Epoch 22/50, all_loss:0.82136 cls_loss:0.81217 rec_loss:1.02344 [19.56s]; best loss:0.81183, patience : 1
2026-07-24 15:01:58,487 P1041969 INFO pr:0.8685  rc:0.9598  auc:0.9986 ap:0.9840 f1: 0.9119 pred_right: 1058083 pred_wrong:38117 actu_right: 1061712 actu_wrong: 34488
2026-07-24 15:02:02,767 P1041969 INFO pr:0.8688  rc:0.9589  auc:0.9986 ap:0.9828 f1: 0.9116 pred_right: 453456 pred_wrong:16344 actu_right: 454992 actu_wrong: 14808
2026-07-24 15:02:02,772 P1041969 INFO ----------------------------------------------------------------------------------------------------
2026-07-24 15:02:02,772 P1041969 INFO 23/50 starting... lr: 0.001 para:0.0416666679084301
2026-07-24 15:02:21,493 P1041969 INFO Epoch 23/50, all_loss:0.73243 cls_loss:0.71881 rec_loss:1.04578 [18.72s]; best loss:0.73243, patience : 0
2026-07-24 15:02:31,815 P1041969 INFO pr:0.9059  rc:0.9399  auc:0.9990 ap:0.9873 f1: 0.9226 pred_right: 1060415 pred_wrong:35785 actu_right: 1061711 actu_wrong: 34489
2026-07-24 15:02:35,911 P1041969 INFO pr:0.9053  rc:0.9379  auc:0.9989 ap:0.9865 f1: 0.9213 pred_right: 454460 pred_wrong:15340 actu_right: 454992 actu_wrong: 14808
2026-07-24 15:02:35,915 P1041969 INFO ----------------------------------------------------------------------------------------------------
2026-07-24 15:02:35,915 P1041969 INFO 24/50 starting... lr: 0.001 para:0.03999999910593033
2026-07-24 15:02:54,867 P1041969 INFO Epoch 24/50, all_loss:0.70068 cls_loss:0.68451 rec_loss:1.08870 [18.95s]; best loss:0.70068, patience : 0
2026-07-24 15:03:05,815 P1041969 INFO pr:0.9110  rc:0.9121  auc:0.9985 ap:0.9857 f1: 0.9115 pred_right: 1061664 pred_wrong:34536 actu_right: 1061708 actu_wrong: 34492
2026-07-24 15:03:09,466 P1041969 INFO pr:0.9100  rc:0.9126  auc:0.9983 ap:0.9849 f1: 0.9113 pred_right: 454950 pred_wrong:14850 actu_right: 454992 actu_wrong: 14808
2026-07-24 15:03:09,467 P1041969 INFO ----------------------------------------------------------------------------------------------------
2026-07-24 15:03:09,467 P1041969 INFO 25/50 starting... lr: 0.001 para:0.03846153989434242
2026-07-24 15:03:34,943 P1041969 INFO Epoch 25/50, all_loss:0.65641 cls_loss:0.63804 rec_loss:1.11549 [25.47s]; best loss:0.65641, patience : 0
2026-07-24 15:03:45,312 P1041969 INFO pr:0.8984  rc:0.9535  auc:0.9991 ap:0.9875 f1: 0.9251 pred_right: 1059598 pred_wrong:36602 actu_right: 1061714 actu_wrong: 34486
2026-07-24 15:03:49,563 P1041969 INFO pr:0.8986  rc:0.9493  auc:0.9991 ap:0.9871 f1: 0.9232 pred_right: 454156 pred_wrong:15644 actu_right: 454992 actu_wrong: 14808
2026-07-24 15:03:49,568 P1041969 INFO ----------------------------------------------------------------------------------------------------
2026-07-24 15:03:49,568 P1041969 INFO 26/50 starting... lr: 0.001 para:0.03703703731298447
2026-07-24 15:04:09,060 P1041969 INFO Epoch 26/50, all_loss:0.64619 cls_loss:0.62732 rec_loss:1.13674 [19.49s]; best loss:0.64619, patience : 0
2026-07-24 15:04:19,243 P1041969 INFO pr:0.9090  rc:0.9510  auc:0.9989 ap:0.9889 f1: 0.9296 pred_right: 1060122 pred_wrong:36078 actu_right: 1061715 actu_wrong: 34485
2026-07-24 15:04:23,367 P1041969 INFO pr:0.9081  rc:0.9461  auc:0.9990 ap:0.9878 f1: 0.9267 pred_right: 454373 pred_wrong:15427 actu_right: 454992 actu_wrong: 14808
2026-07-24 15:04:23,372 P1041969 INFO ----------------------------------------------------------------------------------------------------
2026-07-24 15:04:23,372 P1041969 INFO 27/50 starting... lr: 0.001 para:0.0357142873108387
2026-07-24 15:04:42,486 P1041969 INFO Epoch 27/50, all_loss:0.62773 cls_loss:0.60793 rec_loss:1.16249 [19.11s]; best loss:0.62773, patience : 0
2026-07-24 15:04:52,970 P1041969 INFO pr:0.9394  rc:0.8828  auc:0.9992 ap:0.9892 f1: 0.9102 pred_right: 1063791 pred_wrong:32409 actu_right: 1061714 actu_wrong: 34486
2026-07-24 15:04:56,837 P1041969 INFO pr:0.9409  rc:0.8842  auc:0.9991 ap:0.9887 f1: 0.9117 pred_right: 455885 pred_wrong:13915 actu_right: 454992 actu_wrong: 14808
2026-07-24 15:04:56,838 P1041969 INFO ----------------------------------------------------------------------------------------------------
2026-07-24 15:04:56,838 P1041969 INFO 28/50 starting... lr: 0.001 para:0.03448275849223137
2026-07-24 15:05:23,584 P1041969 INFO Epoch 28/50, all_loss:0.60304 cls_loss:0.58220 rec_loss:1.18655 [26.74s]; best loss:0.60304, patience : 0
2026-07-24 15:05:33,680 P1041969 INFO pr:0.9349  rc:0.9118  auc:0.9988 ap:0.9895 f1: 0.9232 pred_right: 1062561 pred_wrong:33639 actu_right: 1061711 actu_wrong: 34489
2026-07-24 15:05:37,877 P1041969 INFO pr:0.9350  rc:0.9105  auc:0.9988 ap:0.9893 f1: 0.9226 pred_right: 455379 pred_wrong:14421 actu_right: 454992 actu_wrong: 14808
2026-07-24 15:05:37,878 P1041969 INFO ----------------------------------------------------------------------------------------------------
2026-07-24 15:05:37,878 P1041969 INFO 29/50 starting... lr: 0.001 para:0.03333333507180214
2026-07-24 15:05:56,937 P1041969 INFO Epoch 29/50, all_loss:0.64205 cls_loss:0.62227 rec_loss:1.21586 [19.06s]; best loss:0.60304, patience : 1
2026-07-24 15:06:07,137 P1041969 INFO pr:0.9280  rc:0.9422  auc:0.9991 ap:0.9908 f1: 0.9350 pred_right: 1061186 pred_wrong:35014 actu_right: 1061713 actu_wrong: 34487
2026-07-24 15:06:11,458 P1041969 INFO pr:0.9261  rc:0.9398  auc:0.9990 ap:0.9900 f1: 0.9329 pred_right: 454773 pred_wrong:15027 actu_right: 454992 actu_wrong: 14808
2026-07-24 15:06:11,463 P1041969 INFO ----------------------------------------------------------------------------------------------------
2026-07-24 15:06:11,463 P1041969 INFO 30/50 starting... lr: 0.001 para:0.032258063554763794
2026-07-24 15:06:30,349 P1041969 INFO Epoch 30/50, all_loss:0.55906 cls_loss:0.53746 rec_loss:1.20708 [18.88s]; best loss:0.55906, patience : 0
2026-07-24 15:06:43,631 P1041969 INFO pr:0.9204  rc:0.9495  auc:0.9992 ap:0.9902 f1: 0.9347 pred_right: 1060618 pred_wrong:35582 actu_right: 1061707 actu_wrong: 34493
2026-07-24 15:06:52,879 P1041969 INFO pr:0.9201  rc:0.9450  auc:0.9991 ap:0.9900 f1: 0.9324 pred_right: 454592 pred_wrong:15208 actu_right: 454992 actu_wrong: 14808
2026-07-24 15:06:52,880 P1041969 INFO ----------------------------------------------------------------------------------------------------
2026-07-24 15:06:52,881 P1041969 INFO 31/50 starting... lr: 0.001 para:0.03125
2026-07-24 15:07:12,216 P1041969 INFO Epoch 31/50, all_loss:0.57308 cls_loss:0.55168 rec_loss:1.23632 [19.34s]; best loss:0.55906, patience : 1
2026-07-24 15:07:22,091 P1041969 INFO pr:0.9119  rc:0.9541  auc:0.9990 ap:0.9899 f1: 0.9325 pred_right: 1060107 pred_wrong:36093 actu_right: 1061705 actu_wrong: 34495
2026-07-24 15:07:26,181 P1041969 INFO pr:0.9128  rc:0.9523  auc:0.9989 ap:0.9890 f1: 0.9321 pred_right: 454351 pred_wrong:15449 actu_right: 454992 actu_wrong: 14808
2026-07-24 15:07:26,182 P1041969 INFO ----------------------------------------------------------------------------------------------------
2026-07-24 15:07:26,182 P1041969 INFO 32/50 starting... lr: 0.001 para:0.03030303120613098
2026-07-24 15:07:45,455 P1041969 INFO Epoch 32/50, all_loss:0.60193 cls_loss:0.58186 rec_loss:1.24443 [19.27s]; best loss:0.55906, patience : 2
2026-07-24 15:07:55,522 P1041969 INFO pr:0.9217  rc:0.9364  auc:0.9986 ap:0.9893 f1: 0.9290 pred_right: 1061160 pred_wrong:35040 actu_right: 1061710 actu_wrong: 34490
2026-07-24 15:07:59,971 P1041969 INFO pr:0.9222  rc:0.9352  auc:0.9987 ap:0.9891 f1: 0.9286 pred_right: 454784 pred_wrong:15016 actu_right: 454992 actu_wrong: 14808
2026-07-24 15:07:59,972 P1041969 INFO ----------------------------------------------------------------------------------------------------
2026-07-24 15:07:59,972 P1041969 INFO 33/50 starting... lr: 0.001 para:0.029411764815449715
2026-07-24 15:08:21,913 P1041969 INFO Epoch 33/50, all_loss:0.54514 cls_loss:0.52338 rec_loss:1.26299 [21.93s]; best loss:0.54514, patience : 0
2026-07-24 15:08:36,857 P1041969 INFO pr:0.9371  rc:0.9404  auc:0.9994 ap:0.9922 f1: 0.9388 pred_right: 1061594 pred_wrong:34606 actu_right: 1061715 actu_wrong: 34485
2026-07-24 15:08:41,229 P1041969 INFO pr:0.9368  rc:0.9360  auc:0.9994 ap:0.9911 f1: 0.9364 pred_right: 455004 pred_wrong:14796 actu_right: 454992 actu_wrong: 14808
2026-07-24 15:08:41,234 P1041969 INFO ----------------------------------------------------------------------------------------------------
2026-07-24 15:08:41,234 P1041969 INFO 34/50 starting... lr: 0.001 para:0.02857142873108387
2026-07-24 15:09:00,204 P1041969 INFO Epoch 34/50, all_loss:0.52364 cls_loss:0.50141 rec_loss:1.27934 [18.97s]; best loss:0.52364, patience : 0
2026-07-24 15:09:10,433 P1041969 INFO pr:0.9383  rc:0.9115  auc:0.9990 ap:0.9911 f1: 0.9247 pred_right: 1062699 pred_wrong:33501 actu_right: 1061714 actu_wrong: 34486
2026-07-24 15:09:14,756 P1041969 INFO pr:0.9371  rc:0.9090  auc:0.9991 ap:0.9901 f1: 0.9228 pred_right: 455437 pred_wrong:14363 actu_right: 454992 actu_wrong: 14808
2026-07-24 15:09:14,757 P1041969 INFO ----------------------------------------------------------------------------------------------------
2026-07-24 15:09:14,757 P1041969 INFO 35/50 starting... lr: 0.001 para:0.02777777798473835
2026-07-24 15:09:34,161 P1041969 INFO Epoch 35/50, all_loss:0.52511 cls_loss:0.50337 rec_loss:1.28610 [19.40s]; best loss:0.52364, patience : 1
2026-07-24 15:09:44,642 P1041969 INFO pr:0.9368  rc:0.9175  auc:0.9989 ap:0.9914 f1: 0.9270 pred_right: 1062419 pred_wrong:33781 actu_right: 1061710 actu_wrong: 34490
2026-07-24 15:09:48,744 P1041969 INFO pr:0.9362  rc:0.9155  auc:0.9989 ap:0.9905 f1: 0.9257 pred_right: 455320 pred_wrong:14480 actu_right: 454992 actu_wrong: 14808
2026-07-24 15:09:48,745 P1041969 INFO ----------------------------------------------------------------------------------------------------
2026-07-24 15:09:48,745 P1041969 INFO 36/50 starting... lr: 0.001 para:0.027027027681469917
2026-07-24 15:10:15,535 P1041969 INFO Epoch 36/50, all_loss:0.51687 cls_loss:0.49456 rec_loss:1.32028 [26.79s]; best loss:0.51687, patience : 0
2026-07-24 15:10:25,546 P1041969 INFO pr:0.9353  rc:0.9557  auc:0.9995 ap:0.9931 f1: 0.9454 pred_right: 1060962 pred_wrong:35238 actu_right: 1061713 actu_wrong: 34487
2026-07-24 15:10:29,769 P1041969 INFO pr:0.9326  rc:0.9516  auc:0.9994 ap:0.9921 f1: 0.9420 pred_right: 454691 pred_wrong:15109 actu_right: 454992 actu_wrong: 14808
2026-07-24 15:10:29,773 P1041969 INFO ----------------------------------------------------------------------------------------------------
2026-07-24 15:10:29,773 P1041969 INFO 37/50 starting... lr: 0.001 para:0.02631578966975212
2026-07-24 15:10:49,302 P1041969 INFO Epoch 37/50, all_loss:0.52123 cls_loss:0.49956 rec_loss:1.32295 [19.53s]; best loss:0.51687, patience : 1
2026-07-24 15:10:59,854 P1041969 INFO pr:0.9263  rc:0.9706  auc:0.9993 ap:0.9936 f1: 0.9479 pred_right: 1060064 pred_wrong:36136 actu_right: 1061711 actu_wrong: 34489
2026-07-24 15:11:04,110 P1041969 INFO pr:0.9255  rc:0.9652  auc:0.9992 ap:0.9926 f1: 0.9449 pred_right: 454358 pred_wrong:15442 actu_right: 454992 actu_wrong: 14808
2026-07-24 15:11:04,115 P1041969 INFO ----------------------------------------------------------------------------------------------------
2026-07-24 15:11:04,115 P1041969 INFO 38/50 starting... lr: 0.001 para:0.025641025975346565
2026-07-24 15:11:23,017 P1041969 INFO Epoch 38/50, all_loss:0.50798 cls_loss:0.48538 rec_loss:1.36690 [18.90s]; best loss:0.50798, patience : 0
2026-07-24 15:11:33,472 P1041969 INFO pr:0.9442  rc:0.9394  auc:0.9994 ap:0.9930 f1: 0.9418 pred_right: 1061884 pred_wrong:34316 actu_right: 1061710 actu_wrong: 34490
2026-07-24 15:11:44,438 P1041969 INFO pr:0.9430  rc:0.9348  auc:0.9993 ap:0.9917 f1: 0.9389 pred_right: 455120 pred_wrong:14680 actu_right: 454992 actu_wrong: 14808
2026-07-24 15:11:44,439 P1041969 INFO ----------------------------------------------------------------------------------------------------
2026-07-24 15:11:44,439 P1041969 INFO 39/50 starting... lr: 0.001 para:0.02500000037252903
2026-07-24 15:12:04,573 P1041969 INFO Epoch 39/50, all_loss:0.47409 cls_loss:0.45117 rec_loss:1.36783 [20.13s]; best loss:0.47409, patience : 0
2026-07-24 15:12:14,714 P1041969 INFO pr:0.9351  rc:0.9534  auc:0.9995 ap:0.9932 f1: 0.9442 pred_right: 1061034 pred_wrong:35166 actu_right: 1061711 actu_wrong: 34489
2026-07-24 15:12:18,812 P1041969 INFO pr:0.9332  rc:0.9504  auc:0.9994 ap:0.9918 f1: 0.9418 pred_right: 454719 pred_wrong:15081 actu_right: 454992 actu_wrong: 14808
2026-07-24 15:12:18,813 P1041969 INFO ----------------------------------------------------------------------------------------------------
2026-07-24 15:12:18,813 P1041969 INFO 40/50 starting... lr: 0.001 para:0.024390242993831635
2026-07-24 15:12:38,081 P1041969 INFO Epoch 40/50, all_loss:0.52094 cls_loss:0.49949 rec_loss:1.37899 [19.27s]; best loss:0.47409, patience : 1
2026-07-24 15:12:48,368 P1041969 INFO pr:0.9343  rc:0.9510  auc:0.9995 ap:0.9925 f1: 0.9426 pred_right: 1061092 pred_wrong:35108 actu_right: 1061709 actu_wrong: 34491
2026-07-24 15:12:52,615 P1041969 INFO pr:0.9329  rc:0.9475  auc:0.9994 ap:0.9913 f1: 0.9401 pred_right: 454759 pred_wrong:15041 actu_right: 454992 actu_wrong: 14808
2026-07-24 15:12:52,616 P1041969 INFO ----------------------------------------------------------------------------------------------------
2026-07-24 15:12:52,616 P1041969 INFO 41/50 starting... lr: 0.001 para:0.02380952425301075
2026-07-24 15:13:12,388 P1041969 INFO Epoch 41/50, all_loss:0.49835 cls_loss:0.47592 rec_loss:1.41792 [19.77s]; best loss:0.47409, patience : 1
2026-07-24 15:13:29,509 P1041969 INFO pr:0.9241  rc:0.9704  auc:0.9994 ap:0.9936 f1: 0.9467 pred_right: 1059983 pred_wrong:36217 actu_right: 1061710 actu_wrong: 34490
2026-07-24 15:13:33,763 P1041969 INFO pr:0.9223  rc:0.9667  auc:0.9993 ap:0.9924 f1: 0.9440 pred_right: 454279 pred_wrong:15521 actu_right: 454992 actu_wrong: 14808
2026-07-24 15:13:33,764 P1041969 INFO ----------------------------------------------------------------------------------------------------
2026-07-24 15:13:33,764 P1041969 INFO 42/50 starting... lr: 0.001 para:0.023255813866853714
2026-07-24 15:13:52,904 P1041969 INFO Epoch 42/50, all_loss:0.46427 cls_loss:0.44152 rec_loss:1.41964 [19.14s]; best loss:0.46427, patience : 0
2026-07-24 15:14:03,123 P1041969 INFO pr:0.9471  rc:0.9503  auc:0.9995 ap:0.9937 f1: 0.9487 pred_right: 1061590 pred_wrong:34610 actu_right: 1061709 actu_wrong: 34491
2026-07-24 15:14:07,437 P1041969 INFO pr:0.9443  rc:0.9452  auc:0.9994 ap:0.9927 f1: 0.9448 pred_right: 454978 pred_wrong:14822 actu_right: 454992 actu_wrong: 14808
2026-07-24 15:14:07,442 P1041969 INFO ----------------------------------------------------------------------------------------------------
2026-07-24 15:14:07,442 P1041969 INFO 43/50 starting... lr: 0.001 para:0.022727273404598236
2026-07-24 15:14:26,473 P1041969 INFO Epoch 43/50, all_loss:0.46345 cls_loss:0.44119 rec_loss:1.42045 [19.03s]; best loss:0.46345, patience : 0
2026-07-24 15:14:37,099 P1041969 INFO pr:0.9376  rc:0.9691  auc:0.9996 ap:0.9949 f1: 0.9531 pred_right: 1060550 pred_wrong:35650 actu_right: 1061710 actu_wrong: 34490
2026-07-24 15:14:40,870 P1041969 INFO pr:0.9365  rc:0.9646  auc:0.9995 ap:0.9939 f1: 0.9504 pred_right: 454548 pred_wrong:15252 actu_right: 454992 actu_wrong: 14808
2026-07-24 15:14:40,874 P1041969 INFO ----------------------------------------------------------------------------------------------------
2026-07-24 15:14:40,875 P1041969 INFO 44/50 starting... lr: 0.001 para:0.02222222276031971
2026-07-24 15:15:07,069 P1041969 INFO Epoch 44/50, all_loss:0.41146 cls_loss:0.38766 rec_loss:1.45843 [26.19s]; best loss:0.41146, patience : 0
2026-07-24 15:15:17,185 P1041969 INFO pr:0.9465  rc:0.9567  auc:0.9994 ap:0.9949 f1: 0.9516 pred_right: 1061339 pred_wrong:34861 actu_right: 1061710 actu_wrong: 34490
2026-07-24 15:15:21,567 P1041969 INFO pr:0.9447  rc:0.9493  auc:0.9995 ap:0.9940 f1: 0.9470 pred_right: 454920 pred_wrong:14880 actu_right: 454992 actu_wrong: 14808
2026-07-24 15:15:21,568 P1041969 INFO ----------------------------------------------------------------------------------------------------
2026-07-24 15:15:21,568 P1041969 INFO 45/50 starting... lr: 0.001 para:0.021739130839705467
2026-07-24 15:15:40,577 P1041969 INFO Epoch 45/50, all_loss:0.46516 cls_loss:0.44330 rec_loss:1.44862 [19.01s]; best loss:0.41146, patience : 1
2026-07-24 15:15:50,887 P1041969 INFO pr:0.9376  rc:0.9700  auc:0.9996 ap:0.9949 f1: 0.9535 pred_right: 1060518 pred_wrong:35682 actu_right: 1061710 actu_wrong: 34490
2026-07-24 15:15:55,306 P1041969 INFO pr:0.9355  rc:0.9639  auc:0.9995 ap:0.9938 f1: 0.9495 pred_right: 454543 pred_wrong:15257 actu_right: 454992 actu_wrong: 14808
2026-07-24 15:15:55,310 P1041969 INFO ----------------------------------------------------------------------------------------------------
2026-07-24 15:15:55,310 P1041969 INFO 46/50 starting... lr: 0.001 para:0.021276595070958138
2026-07-24 15:16:14,821 P1041969 INFO Epoch 46/50, all_loss:0.43200 cls_loss:0.40949 rec_loss:1.46732 [19.51s]; best loss:0.41146, patience : 1
2026-07-24 15:16:24,155 P1041969 INFO pr:0.9428  rc:0.9564  auc:0.9990 ap:0.9940 f1: 0.9495 pred_right: 1061210 pred_wrong:34990 actu_right: 1061709 actu_wrong: 34491
2026-07-24 15:16:32,309 P1041969 INFO pr:0.9409  rc:0.9520  auc:0.9991 ap:0.9928 f1: 0.9464 pred_right: 454818 pred_wrong:14982 actu_right: 454992 actu_wrong: 14808
2026-07-24 15:16:32,310 P1041969 INFO ----------------------------------------------------------------------------------------------------
2026-07-24 15:16:32,311 P1041969 INFO 47/50 starting... lr: 0.001 para:0.02083333395421505
2026-07-24 15:16:55,497 P1041969 INFO Epoch 47/50, all_loss:0.47293 cls_loss:0.45079 rec_loss:1.51363 [23.19s]; best loss:0.41146, patience : 2
2026-07-24 15:17:05,602 P1041969 INFO pr:0.9378  rc:0.9513  auc:0.9992 ap:0.9931 f1: 0.9445 pred_right: 1061211 pred_wrong:34989 actu_right: 1061710 actu_wrong: 34490
2026-07-24 15:17:09,627 P1041969 INFO pr:0.9362  rc:0.9469  auc:0.9993 ap:0.9922 f1: 0.9415 pred_right: 454823 pred_wrong:14977 actu_right: 454992 actu_wrong: 14808
2026-07-24 15:17:09,628 P1041969 INFO ----------------------------------------------------------------------------------------------------
2026-07-24 15:17:09,628 P1041969 INFO 48/50 starting... lr: 0.001 para:0.020408162847161293
2026-07-24 15:17:28,869 P1041969 INFO Epoch 48/50, all_loss:0.43504 cls_loss:0.41283 rec_loss:1.50116 [19.24s]; best loss:0.41146, patience : 2
2026-07-24 15:17:38,965 P1041969 INFO pr:0.9477  rc:0.9284  auc:0.9994 ap:0.9936 f1: 0.9380 pred_right: 1062407 pred_wrong:33793 actu_right: 1061706 actu_wrong: 34494
2026-07-24 15:17:43,226 P1041969 INFO pr:0.9464  rc:0.9184  auc:0.9994 ap:0.9928 f1: 0.9322 pred_right: 455429 pred_wrong:14371 actu_right: 454992 actu_wrong: 14808
2026-07-24 15:17:43,227 P1041969 INFO ----------------------------------------------------------------------------------------------------
2026-07-24 15:17:43,227 P1041969 INFO 49/50 starting... lr: 0.001 para:0.019999999552965164
2026-07-24 15:18:01,832 P1041969 INFO Epoch 49/50, all_loss:0.43699 cls_loss:0.41574 rec_loss:1.47827 [18.60s]; best loss:0.41146, patience : 3
2026-07-24 15:18:21,005 P1041969 INFO pr:0.9330  rc:0.9761  auc:0.9995 ap:0.9950 f1: 0.9541 pred_right: 1060111 pred_wrong:36089 actu_right: 1061707 actu_wrong: 34493
2026-07-24 15:18:25,333 P1041969 INFO pr:0.9307  rc:0.9720  auc:0.9994 ap:0.9941 f1: 0.9509 pred_right: 454336 pred_wrong:15464 actu_right: 454992 actu_wrong: 14808
2026-07-24 15:18:25,338 P1041969 INFO saving model...
2026-07-24 15:18:25,338 P1041969 INFO FITS_Legendre - loss  best score:0.4114568531513214 at epoch 44
2026-07-24 15:18:25,345 P1041969 INFO FITS_Legendre - f1  best score:0.9540676093054886 at epoch 49
2026-07-24 15:18:25,350 P1041969 INFO Average training time per epoch: 20.95 seconds
2026-07-24 15:18:25,351 P1041969 INFO calculate scores...
2026-07-24 15:18:25,351 P1041969 INFO calculate label with loss...
2026-07-24 15:18:25,351 P1041969 INFO FITS_Legendre on ./result/server_only_exps/Basis_updatedFreDF/FITS_Legendre-TT-Epochs50-Seed3-ExpNameRQ2_basis_comparison-BasisTypelaguerre-lowshow-simplegraph loading...
2026-07-24 15:18:29,800 P1041969 INFO pr:0.9447  rc:0.9493  auc:0.9995 ap:0.9940 f1: 0.9470 pred_right: 454920 pred_wrong:14880 actu_right: 454992 actu_wrong: 14808
2026-07-24 15:18:37,842 P1041969 INFO pr:0.9447  rc:0.9493  auc:0.9995 ap:0.9940 f1: 0.9470 pred_right: 454920 pred_wrong:14880 actu_right: 454992 actu_wrong: 14808
2026-07-24 15:18:37,842 P1041969 INFO Performance Summary:
{'GPU': {'inference_time_per_sample_ms': 0.22239728154599597, 'throughput_samples_per_sec': 4496.457839090902, 'peak_memory_mb': 87.724609375, 'energy_per_sample_joules': 0.011671298136893098}, 'CPU': {'inference_time_per_sample_ms': 0.427552164627408, 'throughput_samples_per_sec': 2338.8958885787742, 'peak_memory_mb': 5423.0703125, 'energy_per_sample_joules': 0.027790890700781522}}
2026-07-24 15:18:37,843 P1041969 INFO Starting clean-room hardware benchmarking...
2026-07-24 15:18:38,667 P1041969 INFO Performance with loss: pr:0.9447  rc:0.9493  auc:0.9995 ap:0.9940 f1: 0.9470 pred_right: 454920 pred_wrong:14880 actu_right: 454992 actu_wrong: 14808
2026-07-24 15:18:38,667 P1041969 INFO calculate label with f1...
2026-07-24 15:18:38,667 P1041969 INFO FITS_Legendre on ./result/server_only_exps/Basis_updatedFreDF/FITS_Legendre-TT-Epochs50-Seed3-ExpNameRQ2_basis_comparison-BasisTypelaguerre-lowshow-simplegraph loading...
2026-07-24 15:18:43,135 P1041969 INFO pr:0.9307  rc:0.9720  auc:0.9994 ap:0.9941 f1: 0.9509 pred_right: 454336 pred_wrong:15464 actu_right: 454992 actu_wrong: 14808
2026-07-24 15:18:51,067 P1041969 INFO pr:0.9307  rc:0.9720  auc:0.9994 ap:0.9941 f1: 0.9509 pred_right: 454336 pred_wrong:15464 actu_right: 454992 actu_wrong: 14808
2026-07-24 15:18:51,068 P1041969 INFO Performance Summary:
{'GPU': {'inference_time_per_sample_ms': 0.221813796664215, 'throughput_samples_per_sec': 4508.285846230813, 'peak_memory_mb': 87.220703125, 'energy_per_sample_joules': 0.01205790889356506}, 'CPU': {'inference_time_per_sample_ms': 0.42249766337748373, 'throughput_samples_per_sec': 2366.8769952617286, 'peak_memory_mb': 5425.01953125, 'energy_per_sample_joules': 0.027462348119536444}}
2026-07-24 15:18:51,068 P1041969 INFO Starting clean-room hardware benchmarking...
2026-07-24 15:18:51,891 P1041969 INFO Performance with f1: pr:0.9307  rc:0.9720  auc:0.9994 ap:0.9941 f1: 0.9509 pred_right: 454336 pred_wrong:15464 actu_right: 454992 actu_wrong: 14808
