2026-09-14 23:40:04,087 P3307884 INFO ---- Model: ----MSTGAD-ef85d97b----random_seed : 1----req_loss_approach : FreDF-style----rec_lambda : 1.0----auxi_lambda : 0.2----Freq Domain : FITS_Legendre----Multi Fits : false----train : True----evaluate : False
2026-09-14 23:40:04,088 P3307884 INFO Load from /home/db2003/Desktop/Amr/Tests/Eadro/codes/chunks/TT
2026-09-14 23:40:22,223 P3307884 INFO Fewshot: training with 1.0 of the 70% of the data
2026-09-14 23:40:22,313 P3307884 INFO Trainable Parameters Breakdown:
2026-09-14 23:40:22,313 P3307884 INFO --------------------------------------------------------------------------------
2026-09-14 23:40:22,313 P3307884 INFO Reconstruction-Specific Parameters:
2026-09-14 23:40:22,313 P3307884 INFO node_emb.linear.weight                   | shape: (8, 7)                    | params: 56
2026-09-14 23:40:22,313 P3307884 INFO node_emb.linear.bias                     | shape: (8,)                      | params: 8
2026-09-14 23:40:22,313 P3307884 INFO log_emb.linear.weight                    | shape: (32, 60)                  | params: 1,920
2026-09-14 23:40:22,313 P3307884 INFO log_emb.linear.bias                      | shape: (32,)                     | params: 32
2026-09-14 23:40:22,313 P3307884 INFO egde_emb.linear.weight                   | shape: (8, 2)                    | params: 16
2026-09-14 23:40:22,314 P3307884 INFO egde_emb.linear.bias                     | shape: (8,)                      | params: 8
2026-09-14 23:40:22,314 P3307884 INFO dense_node.weight                        | shape: (7, 8)                    | params: 56
2026-09-14 23:40:22,314 P3307884 INFO dense_node.bias                          | shape: (7,)                      | params: 7
2026-09-14 23:40:22,314 P3307884 INFO dense_log.weight                         | shape: (60, 32)                  | params: 1,920
2026-09-14 23:40:22,314 P3307884 INFO dense_log.bias                           | shape: (60,)                     | params: 60
2026-09-14 23:40:22,314 P3307884 INFO dense_edge.weight                        | shape: (2, 8)                    | params: 16
2026-09-14 23:40:22,314 P3307884 INFO dense_edge.bias                          | shape: (2,)                      | params: 2
2026-09-14 23:40:22,314 P3307884 INFO linear_attn.Wq.weight                    | shape: (10, 10)                  | params: 100
2026-09-14 23:40:22,314 P3307884 INFO linear_attn.Wk.weight                    | shape: (10, 10)                  | params: 100
2026-09-14 23:40:22,314 P3307884 INFO linear_attn.Wv.weight                    | shape: (10, 10)                  | params: 100
2026-09-14 23:40:22,314 P3307884 INFO linear_attn.out.weight                   | shape: (10, 10)                  | params: 100
2026-09-14 23:40:22,314 P3307884 INFO linear_attn.out.bias                     | shape: (10,)                     | params: 10
2026-09-14 23:40:22,314 P3307884 INFO linear_attn.norm.weight                  | shape: (10,)                     | params: 10
2026-09-14 23:40:22,314 P3307884 INFO linear_attn.norm.bias                    | shape: (10,)                     | params: 10
2026-09-14 23:40:22,314 P3307884 INFO shared_fits.normlin_W                    | shape: (14, 14)                  | params: 196
2026-09-14 23:40:22,314 P3307884 INFO shared_fits.freq_upsampler.weight        | shape: (14, 14)                  | params: 196
2026-09-14 23:40:22,314 P3307884 INFO shared_fits.freq_upsampler.bias          | shape: (14,)                     | params: 14
2026-09-14 23:40:22,314 P3307884 INFO modality_proj.node.weight                | shape: (10, 8)                   | params: 80
2026-09-14 23:40:22,314 P3307884 INFO modality_proj.node.bias                  | shape: (10,)                     | params: 10
2026-09-14 23:40:22,314 P3307884 INFO modality_proj.log.weight                 | shape: (10, 32)                  | params: 320
2026-09-14 23:40:22,314 P3307884 INFO modality_proj.log.bias                   | shape: (10,)                     | params: 10
2026-09-14 23:40:22,314 P3307884 INFO modality_proj.edge.weight                | shape: (10, 8)                   | params: 80
2026-09-14 23:40:22,314 P3307884 INFO modality_proj.edge.bias                  | shape: (10,)                     | params: 10
2026-09-14 23:40:22,314 P3307884 INFO modality_proj_out.node.weight            | shape: (8, 10)                   | params: 80
2026-09-14 23:40:22,315 P3307884 INFO modality_proj_out.node.bias              | shape: (8,)                      | params: 8
2026-09-14 23:40:22,315 P3307884 INFO modality_proj_out.log.weight             | shape: (32, 10)                  | params: 320
2026-09-14 23:40:22,315 P3307884 INFO modality_proj_out.log.bias               | shape: (32,)                     | params: 32
2026-09-14 23:40:22,315 P3307884 INFO modality_proj_out.edge.weight            | shape: (8, 10)                   | params: 80
2026-09-14 23:40:22,315 P3307884 INFO modality_proj_out.edge.bias              | shape: (8,)                      | params: 8
2026-09-14 23:40:22,315 P3307884 INFO Subtotal: 5,975
2026-09-14 23:40:22,315 P3307884 INFO --------------------------------------------------------------------------------
2026-09-14 23:40:22,315 P3307884 INFO Common Parameters:
2026-09-14 23:40:22,315 P3307884 INFO show.0.weight                            | shape: (128, 69)                 | params: 8,832
2026-09-14 23:40:22,315 P3307884 INFO show.0.bias                              | shape: (128,)                    | params: 128
2026-09-14 23:40:22,315 P3307884 INFO show.2.weight                            | shape: (2, 128)                  | params: 256
2026-09-14 23:40:22,315 P3307884 INFO show.2.bias                              | shape: (2,)                      | params: 2
2026-09-14 23:40:22,315 P3307884 INFO Subtotal: 9,218
2026-09-14 23:40:22,315 P3307884 INFO --------------------------------------------------------------------------------
2026-09-14 23:40:22,315 P3307884 INFO Total Trainable Parameters: 15,193

2026-09-14 23:40:22,315 P3307884 INFO Trainable Parameters: 15193, reconstruction: 5975, common: 9218
2026-09-14 23:40:22,315 P3307884 INFO model : init weight
2026-09-14 23:40:22,316 P3307884 INFO Using GPU...
2026-09-14 23:40:22,320 P3307884 INFO optimizer : using AdaBelief
2026-09-14 23:40:22,320 P3307884 INFO ----------------------------------------------------------------------------------------------------
2026-09-14 23:40:22,320 P3307884 INFO 0/50 starting... lr: 0.001 para:1.0
2026-09-14 23:41:33,956 P3307884 INFO Epoch 0/50, all_loss:0.06718 cls_loss:45.42366 rec_loss:0.06718 [71.63s]; best loss:0.06718, patience : 0
2026-09-14 23:41:33,957 P3307884 INFO ----------------------------------------------------------------------------------------------------
2026-09-14 23:41:33,957 P3307884 INFO 1/50 starting... lr: 0.001 para:0.5
2026-09-14 23:42:45,706 P3307884 INFO Epoch 1/50, all_loss:2.07905 cls_loss:3.91296 rec_loss:0.24515 [71.74s]; best loss:2.07905, patience : 0
2026-09-14 23:42:45,707 P3307884 INFO ----------------------------------------------------------------------------------------------------
2026-09-14 23:42:45,707 P3307884 INFO 2/50 starting... lr: 0.001 para:0.3333333432674408
2026-09-14 23:43:50,242 P3307884 INFO Epoch 2/50, all_loss:1.50080 cls_loss:2.12241 rec_loss:0.25758 [64.53s]; best loss:1.50080, patience : 0
2026-09-14 23:44:17,566 P3307884 INFO pr:0.9460  rc:0.5006  auc:0.9904 ap:0.9135 f1: 0.6548 pred_right: 1077949 pred_wrong:18251 actu_right: 1061714 actu_wrong: 34486
2026-09-14 23:44:36,663 P3307884 INFO pr:0.9463  rc:0.5024  auc:0.9904 ap:0.9145 f1: 0.6563 pred_right: 461939 pred_wrong:7861 actu_right: 454992 actu_wrong: 14808
2026-09-14 23:44:36,676 P3307884 INFO ----------------------------------------------------------------------------------------------------
2026-09-14 23:44:36,677 P3307884 INFO 3/50 starting... lr: 0.001 para:0.25
2026-09-14 23:45:43,220 P3307884 INFO Epoch 3/50, all_loss:1.41400 cls_loss:1.79642 rec_loss:0.26674 [66.54s]; best loss:1.41400, patience : 0
2026-09-14 23:46:12,021 P3307884 INFO pr:0.9045  rc:0.6336  auc:0.9912 ap:0.9257 f1: 0.7452 pred_right: 1072044 pred_wrong:24156 actu_right: 1061712 actu_wrong: 34488
2026-09-14 23:46:22,863 P3307884 INFO pr:0.9090  rc:0.6345  auc:0.9912 ap:0.9267 f1: 0.7473 pred_right: 459465 pred_wrong:10335 actu_right: 454992 actu_wrong: 14808
2026-09-14 23:46:22,870 P3307884 INFO ----------------------------------------------------------------------------------------------------
2026-09-14 23:46:22,870 P3307884 INFO 4/50 starting... lr: 0.001 para:0.20000000298023224
2026-09-14 23:47:37,944 P3307884 INFO Epoch 4/50, all_loss:1.42328 cls_loss:1.71618 rec_loss:0.25171 [75.07s]; best loss:1.41400, patience : 1
2026-09-14 23:48:06,356 P3307884 INFO pr:0.8545  rc:0.6676  auc:0.9922 ap:0.9288 f1: 0.7496 pred_right: 1069256 pred_wrong:26944 actu_right: 1061713 actu_wrong: 34487
2026-09-14 23:48:18,312 P3307884 INFO pr:0.8573  rc:0.6663  auc:0.9920 ap:0.9290 f1: 0.7498 pred_right: 458290 pred_wrong:11510 actu_right: 454992 actu_wrong: 14808
2026-09-14 23:48:18,317 P3307884 INFO ----------------------------------------------------------------------------------------------------
2026-09-14 23:48:18,317 P3307884 INFO 5/50 starting... lr: 0.001 para:0.1666666716337204
2026-09-14 23:49:30,359 P3307884 INFO Epoch 5/50, all_loss:1.45874 cls_loss:1.69984 rec_loss:0.25322 [72.04s]; best loss:1.41400, patience : 2
2026-09-14 23:49:58,529 P3307884 INFO pr:0.8395  rc:0.7043  auc:0.9927 ap:0.9333 f1: 0.7659 pred_right: 1067268 pred_wrong:28932 actu_right: 1061715 actu_wrong: 34485
2026-09-14 23:50:10,588 P3307884 INFO pr:0.8398  rc:0.7039  auc:0.9926 ap:0.9333 f1: 0.7659 pred_right: 457387 pred_wrong:12413 actu_right: 454992 actu_wrong: 14808
2026-09-14 23:50:10,593 P3307884 INFO ----------------------------------------------------------------------------------------------------
2026-09-14 23:50:10,593 P3307884 INFO 6/50 starting... lr: 0.001 para:0.1428571492433548
2026-09-14 23:51:23,925 P3307884 INFO Epoch 6/50, all_loss:1.46746 cls_loss:1.67063 rec_loss:0.24844 [73.33s]; best loss:1.41400, patience : 3
2026-09-14 23:51:51,672 P3307884 INFO pr:0.8932  rc:0.6581  auc:0.9927 ap:0.9346 f1: 0.7578 pred_right: 1070788 pred_wrong:25412 actu_right: 1061708 actu_wrong: 34492
2026-09-14 23:52:03,588 P3307884 INFO pr:0.8969  rc:0.6582  auc:0.9927 ap:0.9350 f1: 0.7592 pred_right: 458934 pred_wrong:10866 actu_right: 454992 actu_wrong: 14808
2026-09-14 23:52:03,589 P3307884 INFO ----------------------------------------------------------------------------------------------------
2026-09-14 23:52:03,589 P3307884 INFO 7/50 starting... lr: 0.001 para:0.125
2026-09-14 23:53:17,726 P3307884 INFO Epoch 7/50, all_loss:1.46407 cls_loss:1.63714 rec_loss:0.25259 [74.14s]; best loss:1.41400, patience : 3
2026-09-14 23:53:45,735 P3307884 INFO pr:0.8436  rc:0.7088  auc:0.9923 ap:0.9328 f1: 0.7703 pred_right: 1067219 pred_wrong:28981 actu_right: 1061709 actu_wrong: 34491
2026-09-14 23:53:57,937 P3307884 INFO pr:0.8485  rc:0.7102  auc:0.9923 ap:0.9328 f1: 0.7732 pred_right: 457407 pred_wrong:12393 actu_right: 454992 actu_wrong: 14808
2026-09-14 23:53:57,943 P3307884 INFO ----------------------------------------------------------------------------------------------------
2026-09-14 23:53:57,943 P3307884 INFO 8/50 starting... lr: 0.001 para:0.1111111119389534
2026-09-14 23:55:12,452 P3307884 INFO Epoch 8/50, all_loss:1.44699 cls_loss:1.59607 rec_loss:0.25432 [74.51s]; best loss:1.41400, patience : 3
2026-09-14 23:55:40,364 P3307884 INFO pr:0.8917  rc:0.6884  auc:0.9931 ap:0.9360 f1: 0.7770 pred_right: 1069576 pred_wrong:26624 actu_right: 1061714 actu_wrong: 34486
2026-09-14 23:55:52,395 P3307884 INFO pr:0.8922  rc:0.6896  auc:0.9930 ap:0.9362 f1: 0.7779 pred_right: 458355 pred_wrong:11445 actu_right: 454992 actu_wrong: 14808
2026-09-14 23:55:52,401 P3307884 INFO ----------------------------------------------------------------------------------------------------
2026-09-14 23:55:52,401 P3307884 INFO 9/50 starting... lr: 0.001 para:0.10000000149011612
2026-09-14 23:57:06,456 P3307884 INFO Epoch 9/50, all_loss:1.49090 cls_loss:1.62832 rec_loss:0.25419 [74.05s]; best loss:1.41400, patience : 4
2026-09-14 23:57:34,244 P3307884 INFO pr:0.8800  rc:0.6924  auc:0.9935 ap:0.9390 f1: 0.7750 pred_right: 1069066 pred_wrong:27134 actu_right: 1061712 actu_wrong: 34488
2026-09-14 23:57:45,994 P3307884 INFO pr:0.8831  rc:0.6936  auc:0.9934 ap:0.9391 f1: 0.7770 pred_right: 458169 pred_wrong:11631 actu_right: 454992 actu_wrong: 14808
2026-09-14 23:57:45,995 P3307884 INFO ----------------------------------------------------------------------------------------------------
2026-09-14 23:57:45,995 P3307884 INFO 10/50 starting... lr: 0.001 para:0.09090909361839294
2026-09-14 23:58:55,592 P3307884 INFO Epoch 10/50, all_loss:1.46469 cls_loss:1.58504 rec_loss:0.26119 [69.60s]; best loss:1.41400, patience : 4
2026-09-14 23:59:29,392 P3307884 INFO pr:0.8583  rc:0.7191  auc:0.9936 ap:0.9409 f1: 0.7826 pred_right: 1067305 pred_wrong:28895 actu_right: 1061712 actu_wrong: 34488
2026-09-14 23:59:41,228 P3307884 INFO pr:0.8591  rc:0.7214  auc:0.9936 ap:0.9413 f1: 0.7843 pred_right: 457365 pred_wrong:12435 actu_right: 454992 actu_wrong: 14808
2026-09-14 23:59:41,234 P3307884 INFO ----------------------------------------------------------------------------------------------------
2026-09-14 23:59:41,235 P3307884 INFO 11/50 starting... lr: 0.001 para:0.0833333358168602
2026-09-15 00:00:48,293 P3307884 INFO Epoch 11/50, all_loss:1.43584 cls_loss:1.54234 rec_loss:0.26439 [67.06s]; best loss:1.41400, patience : 4
2026-09-15 00:01:25,576 P3307884 INFO pr:0.8887  rc:0.6923  auc:0.9933 ap:0.9398 f1: 0.7783 pred_right: 1069336 pred_wrong:26864 actu_right: 1061714 actu_wrong: 34486
2026-09-15 00:01:37,164 P3307884 INFO pr:0.8911  rc:0.6948  auc:0.9933 ap:0.9404 f1: 0.7808 pred_right: 458254 pred_wrong:11546 actu_right: 454992 actu_wrong: 14808
2026-09-15 00:01:37,165 P3307884 INFO ----------------------------------------------------------------------------------------------------
2026-09-15 00:01:37,165 P3307884 INFO 12/50 starting... lr: 0.001 para:0.07692307978868484
2026-09-15 00:02:45,024 P3307884 INFO Epoch 12/50, all_loss:1.43205 cls_loss:1.52916 rec_loss:0.26674 [67.86s]; best loss:1.41400, patience : 4
2026-09-15 00:03:21,344 P3307884 INFO pr:0.9089  rc:0.6799  auc:0.9936 ap:0.9404 f1: 0.7779 pred_right: 1070400 pred_wrong:25800 actu_right: 1061712 actu_wrong: 34488
2026-09-15 00:03:33,545 P3307884 INFO pr:0.9102  rc:0.6800  auc:0.9935 ap:0.9402 f1: 0.7785 pred_right: 458737 pred_wrong:11063 actu_right: 454992 actu_wrong: 14808
2026-09-15 00:03:33,546 P3307884 INFO ----------------------------------------------------------------------------------------------------
2026-09-15 00:03:33,546 P3307884 INFO 13/50 starting... lr: 0.001 para:0.0714285746216774
2026-09-15 00:04:39,500 P3307884 INFO Epoch 13/50, all_loss:1.42973 cls_loss:1.51866 rec_loss:0.27358 [65.95s]; best loss:1.41400, patience : 4
2026-09-15 00:05:07,750 P3307884 INFO pr:0.9140  rc:0.6728  auc:0.9941 ap:0.9442 f1: 0.7750 pred_right: 1070816 pred_wrong:25384 actu_right: 1061715 actu_wrong: 34485
2026-09-15 00:05:28,116 P3307884 INFO pr:0.9158  rc:0.6713  auc:0.9940 ap:0.9438 f1: 0.7747 pred_right: 458945 pred_wrong:10855 actu_right: 454992 actu_wrong: 14808
2026-09-15 00:05:28,117 P3307884 INFO ----------------------------------------------------------------------------------------------------
2026-09-15 00:05:28,117 P3307884 INFO 14/50 starting... lr: 0.001 para:0.06666667014360428
2026-09-15 00:06:33,179 P3307884 INFO Epoch 14/50, all_loss:1.41001 cls_loss:1.49085 rec_loss:0.27828 [65.06s]; best loss:1.41001, patience : 0
2026-09-15 00:07:01,185 P3307884 INFO pr:0.8977  rc:0.6911  auc:0.9938 ap:0.9428 f1: 0.7810 pred_right: 1069651 pred_wrong:26549 actu_right: 1061711 actu_wrong: 34489
2026-09-15 00:07:14,937 P3307884 INFO pr:0.9010  rc:0.6878  auc:0.9937 ap:0.9428 f1: 0.7801 pred_right: 458496 pred_wrong:11304 actu_right: 454992 actu_wrong: 14808
2026-09-15 00:07:14,940 P3307884 INFO ----------------------------------------------------------------------------------------------------
2026-09-15 00:07:14,940 P3307884 INFO 15/50 starting... lr: 0.001 para:0.0625
2026-09-15 00:08:27,423 P3307884 INFO Epoch 15/50, all_loss:1.38842 cls_loss:1.46245 rec_loss:0.27801 [72.48s]; best loss:1.38842, patience : 0
2026-09-15 00:08:55,905 P3307884 INFO pr:0.8982  rc:0.7132  auc:0.9944 ap:0.9464 f1: 0.7951 pred_right: 1068815 pred_wrong:27385 actu_right: 1061711 actu_wrong: 34489
2026-09-15 00:09:08,131 P3307884 INFO pr:0.8979  rc:0.7114  auc:0.9942 ap:0.9462 f1: 0.7939 pred_right: 458067 pred_wrong:11733 actu_right: 454992 actu_wrong: 14808
2026-09-15 00:09:08,136 P3307884 INFO ----------------------------------------------------------------------------------------------------
2026-09-15 00:09:08,136 P3307884 INFO 16/50 starting... lr: 0.001 para:0.05882352963089943
2026-09-15 00:10:20,699 P3307884 INFO Epoch 16/50, all_loss:1.40934 cls_loss:1.47955 rec_loss:0.28598 [72.56s]; best loss:1.38842, patience : 1
2026-09-15 00:10:49,175 P3307884 INFO pr:0.8835  rc:0.7194  auc:0.9939 ap:0.9464 f1: 0.7930 pred_right: 1068112 pred_wrong:28088 actu_right: 1061704 actu_wrong: 34496
2026-09-15 00:11:01,246 P3307884 INFO pr:0.8857  rc:0.7214  auc:0.9939 ap:0.9462 f1: 0.7952 pred_right: 457738 pred_wrong:12062 actu_right: 454992 actu_wrong: 14808
2026-09-15 00:11:01,247 P3307884 INFO ----------------------------------------------------------------------------------------------------
2026-09-15 00:11:01,247 P3307884 INFO 17/50 starting... lr: 0.001 para:0.0555555559694767
2026-09-15 00:12:15,393 P3307884 INFO Epoch 17/50, all_loss:1.38040 cls_loss:1.44442 rec_loss:0.29202 [74.14s]; best loss:1.38040, patience : 0
2026-09-15 00:12:43,181 P3307884 INFO pr:0.9254  rc:0.6931  auc:0.9940 ap:0.9479 f1: 0.7926 pred_right: 1070370 pred_wrong:25830 actu_right: 1061709 actu_wrong: 34491
2026-09-15 00:12:55,496 P3307884 INFO pr:0.9293  rc:0.6960  auc:0.9940 ap:0.9480 f1: 0.7959 pred_right: 458709 pred_wrong:11091 actu_right: 454992 actu_wrong: 14808
2026-09-15 00:12:55,497 P3307884 INFO ----------------------------------------------------------------------------------------------------
2026-09-15 00:12:55,497 P3307884 INFO 18/50 starting... lr: 0.001 para:0.05263157933950424
2026-09-15 00:14:09,209 P3307884 INFO Epoch 18/50, all_loss:1.38885 cls_loss:1.44993 rec_loss:0.28932 [73.71s]; best loss:1.38040, patience : 1
2026-09-15 00:14:37,436 P3307884 INFO pr:0.9281  rc:0.6948  auc:0.9944 ap:0.9481 f1: 0.7947 pred_right: 1070380 pred_wrong:25820 actu_right: 1061711 actu_wrong: 34489
2026-09-15 00:14:49,433 P3307884 INFO pr:0.9280  rc:0.6915  auc:0.9942 ap:0.9473 f1: 0.7925 pred_right: 458766 pred_wrong:11034 actu_right: 454992 actu_wrong: 14808
2026-09-15 00:14:49,434 P3307884 INFO ----------------------------------------------------------------------------------------------------
2026-09-15 00:14:49,434 P3307884 INFO 19/50 starting... lr: 0.001 para:0.05000000074505806
2026-09-15 00:16:05,536 P3307884 INFO Epoch 19/50, all_loss:1.33991 cls_loss:1.39507 rec_loss:0.29184 [76.10s]; best loss:1.33991, patience : 0
2026-09-15 00:16:33,620 P3307884 INFO pr:0.9283  rc:0.7092  auc:0.9945 ap:0.9490 f1: 0.8041 pred_right: 1069848 pred_wrong:26352 actu_right: 1061708 actu_wrong: 34492
2026-09-15 00:16:45,641 P3307884 INFO pr:0.9294  rc:0.7077  auc:0.9944 ap:0.9489 f1: 0.8035 pred_right: 458525 pred_wrong:11275 actu_right: 454992 actu_wrong: 14808
2026-09-15 00:16:45,647 P3307884 INFO ----------------------------------------------------------------------------------------------------
2026-09-15 00:16:45,649 P3307884 INFO 20/50 starting... lr: 0.001 para:0.0476190485060215
2026-09-15 00:17:58,134 P3307884 INFO Epoch 20/50, all_loss:1.35764 cls_loss:1.41062 rec_loss:0.29795 [72.48s]; best loss:1.33991, patience : 1
2026-09-15 00:18:26,259 P3307884 INFO pr:0.9232  rc:0.7172  auc:0.9949 ap:0.9516 f1: 0.8073 pred_right: 1069405 pred_wrong:26795 actu_right: 1061708 actu_wrong: 34492
2026-09-15 00:18:38,119 P3307884 INFO pr:0.9252  rc:0.7145  auc:0.9947 ap:0.9512 f1: 0.8063 pred_right: 458365 pred_wrong:11435 actu_right: 454992 actu_wrong: 14808
2026-09-15 00:18:38,125 P3307884 INFO ----------------------------------------------------------------------------------------------------
2026-09-15 00:18:38,126 P3307884 INFO 21/50 starting... lr: 0.001 para:0.04545454680919647
2026-09-15 00:19:47,232 P3307884 INFO Epoch 21/50, all_loss:1.31023 cls_loss:1.35809 rec_loss:0.30508 [69.09s]; best loss:1.31023, patience : 0
2026-09-15 00:20:23,342 P3307884 INFO pr:0.9151  rc:0.7280  auc:0.9951 ap:0.9529 f1: 0.8109 pred_right: 1068764 pred_wrong:27436 actu_right: 1061712 actu_wrong: 34488
2026-09-15 00:20:35,002 P3307884 INFO pr:0.9163  rc:0.7282  auc:0.9948 ap:0.9522 f1: 0.8115 pred_right: 458032 pred_wrong:11768 actu_right: 454992 actu_wrong: 14808
2026-09-15 00:20:35,007 P3307884 INFO ----------------------------------------------------------------------------------------------------
2026-09-15 00:20:35,007 P3307884 INFO 22/50 starting... lr: 0.001 para:0.043478261679410934
2026-09-15 00:21:42,157 P3307884 INFO Epoch 22/50, all_loss:1.30203 cls_loss:1.34704 rec_loss:0.31188 [67.14s]; best loss:1.30203, patience : 0
2026-09-15 00:22:19,924 P3307884 INFO pr:0.9140  rc:0.7470  auc:0.9950 ap:0.9544 f1: 0.8221 pred_right: 1068014 pred_wrong:28186 actu_right: 1061713 actu_wrong: 34487
2026-09-15 00:22:31,547 P3307884 INFO pr:0.9153  rc:0.7468  auc:0.9948 ap:0.9535 f1: 0.8225 pred_right: 457719 pred_wrong:12081 actu_right: 454992 actu_wrong: 14808
2026-09-15 00:22:31,553 P3307884 INFO ----------------------------------------------------------------------------------------------------
2026-09-15 00:22:31,553 P3307884 INFO 23/50 starting... lr: 0.001 para:0.0416666679084301
2026-09-15 00:23:39,244 P3307884 INFO Epoch 23/50, all_loss:1.28005 cls_loss:1.32187 rec_loss:0.31807 [67.69s]; best loss:1.28005, patience : 0
2026-09-15 00:24:14,860 P3307884 INFO pr:0.9091  rc:0.7494  auc:0.9952 ap:0.9540 f1: 0.8216 pred_right: 1067770 pred_wrong:28430 actu_right: 1061712 actu_wrong: 34488
2026-09-15 00:24:26,679 P3307884 INFO pr:0.9102  rc:0.7494  auc:0.9948 ap:0.9526 f1: 0.8220 pred_right: 457608 pred_wrong:12192 actu_right: 454992 actu_wrong: 14808
2026-09-15 00:24:26,680 P3307884 INFO ----------------------------------------------------------------------------------------------------
2026-09-15 00:24:26,687 P3307884 INFO 24/50 starting... lr: 0.001 para:0.03999999910593033
2026-09-15 00:25:33,720 P3307884 INFO Epoch 24/50, all_loss:1.29197 cls_loss:1.33241 rec_loss:0.32151 [67.03s]; best loss:1.28005, patience : 1
2026-09-15 00:26:05,696 P3307884 INFO pr:0.8583  rc:0.7801  auc:0.9948 ap:0.9503 f1: 0.8173 pred_right: 1064854 pred_wrong:31346 actu_right: 1061711 actu_wrong: 34489
2026-09-15 00:26:22,267 P3307884 INFO pr:0.8578  rc:0.7779  auc:0.9946 ap:0.9501 f1: 0.8159 pred_right: 456372 pred_wrong:13428 actu_right: 454992 actu_wrong: 14808
2026-09-15 00:26:22,268 P3307884 INFO ----------------------------------------------------------------------------------------------------
2026-09-15 00:26:22,268 P3307884 INFO 25/50 starting... lr: 0.001 para:0.03846153989434242
2026-09-15 00:27:28,331 P3307884 INFO Epoch 25/50, all_loss:1.26311 cls_loss:1.30045 rec_loss:0.32958 [66.06s]; best loss:1.26311, patience : 0
2026-09-15 00:27:56,319 P3307884 INFO pr:0.9124  rc:0.7451  auc:0.9948 ap:0.9544 f1: 0.8203 pred_right: 1068034 pred_wrong:28166 actu_right: 1061710 actu_wrong: 34490
2026-09-15 00:28:17,220 P3307884 INFO pr:0.9131  rc:0.7411  auc:0.9946 ap:0.9532 f1: 0.8182 pred_right: 457782 pred_wrong:12018 actu_right: 454992 actu_wrong: 14808
2026-09-15 00:28:17,222 P3307884 INFO ----------------------------------------------------------------------------------------------------
2026-09-15 00:28:17,222 P3307884 INFO 26/50 starting... lr: 0.001 para:0.03703703731298447
2026-09-15 00:29:25,318 P3307884 INFO Epoch 26/50, all_loss:1.27210 cls_loss:1.30818 rec_loss:0.33398 [68.09s]; best loss:1.26311, patience : 1
2026-09-15 00:29:53,797 P3307884 INFO pr:0.8491  rc:0.7670  auc:0.9947 ap:0.9499 f1: 0.8060 pred_right: 1065047 pred_wrong:31153 actu_right: 1061713 actu_wrong: 34487
2026-09-15 00:30:05,251 P3307884 INFO pr:0.8492  rc:0.7674  auc:0.9945 ap:0.9490 f1: 0.8062 pred_right: 456418 pred_wrong:13382 actu_right: 454992 actu_wrong: 14808
2026-09-15 00:30:05,254 P3307884 INFO ----------------------------------------------------------------------------------------------------
2026-09-15 00:30:05,254 P3307884 INFO 27/50 starting... lr: 0.001 para:0.0357142873108387
2026-09-15 00:31:18,910 P3307884 INFO Epoch 27/50, all_loss:1.24490 cls_loss:1.27857 rec_loss:0.33562 [73.65s]; best loss:1.24490, patience : 0
2026-09-15 00:31:47,327 P3307884 INFO pr:0.9180  rc:0.7508  auc:0.9958 ap:0.9587 f1: 0.8260 pred_right: 1067997 pred_wrong:28203 actu_right: 1061715 actu_wrong: 34485
2026-09-15 00:31:59,981 P3307884 INFO pr:0.9175  rc:0.7497  auc:0.9955 ap:0.9578 f1: 0.8251 pred_right: 457701 pred_wrong:12099 actu_right: 454992 actu_wrong: 14808
2026-09-15 00:31:59,986 P3307884 INFO ----------------------------------------------------------------------------------------------------
2026-09-15 00:31:59,986 P3307884 INFO 28/50 starting... lr: 0.001 para:0.03448275849223137
2026-09-15 00:33:13,952 P3307884 INFO Epoch 28/50, all_loss:1.24316 cls_loss:1.27534 rec_loss:0.34189 [73.96s]; best loss:1.24316, patience : 0
2026-09-15 00:33:42,654 P3307884 INFO pr:0.8498  rc:0.7945  auc:0.9956 ap:0.9557 f1: 0.8212 pred_right: 1063957 pred_wrong:32243 actu_right: 1061712 actu_wrong: 34488
2026-09-15 00:33:54,802 P3307884 INFO pr:0.8501  rc:0.7920  auc:0.9953 ap:0.9544 f1: 0.8200 pred_right: 456004 pred_wrong:13796 actu_right: 454992 actu_wrong: 14808
2026-09-15 00:33:54,803 P3307884 INFO ----------------------------------------------------------------------------------------------------
2026-09-15 00:33:54,803 P3307884 INFO 29/50 starting... lr: 0.001 para:0.03333333507180214
2026-09-15 00:35:10,595 P3307884 INFO Epoch 29/50, all_loss:1.23262 cls_loss:1.26332 rec_loss:0.34223 [75.78s]; best loss:1.23262, patience : 0
2026-09-15 00:35:38,866 P3307884 INFO pr:0.8951  rc:0.7668  auc:0.9946 ap:0.9523 f1: 0.8260 pred_right: 1066657 pred_wrong:29543 actu_right: 1061714 actu_wrong: 34486
2026-09-15 00:35:51,325 P3307884 INFO pr:0.8967  rc:0.7640  auc:0.9944 ap:0.9513 f1: 0.8251 pred_right: 457182 pred_wrong:12618 actu_right: 454992 actu_wrong: 14808
2026-09-15 00:35:51,330 P3307884 INFO ----------------------------------------------------------------------------------------------------
2026-09-15 00:35:51,330 P3307884 INFO 30/50 starting... lr: 0.001 para:0.032258063554763794
2026-09-15 00:37:06,537 P3307884 INFO Epoch 30/50, all_loss:1.24008 cls_loss:1.26999 rec_loss:0.34266 [75.21s]; best loss:1.23262, patience : 1
2026-09-15 00:37:34,335 P3307884 INFO pr:0.9322  rc:0.7354  auc:0.9959 ap:0.9604 f1: 0.8222 pred_right: 1068993 pred_wrong:27207 actu_right: 1061712 actu_wrong: 34488
2026-09-15 00:37:46,428 P3307884 INFO pr:0.9298  rc:0.7299  auc:0.9957 ap:0.9592 f1: 0.8178 pred_right: 458175 pred_wrong:11625 actu_right: 454992 actu_wrong: 14808
2026-09-15 00:37:46,429 P3307884 INFO ----------------------------------------------------------------------------------------------------
2026-09-15 00:37:46,429 P3307884 INFO 31/50 starting... lr: 0.001 para:0.03125
2026-09-15 00:39:02,156 P3307884 INFO Epoch 31/50, all_loss:1.21164 cls_loss:1.23948 rec_loss:0.34883 [75.72s]; best loss:1.21164, patience : 0
2026-09-15 00:39:29,908 P3307884 INFO pr:0.9326  rc:0.7345  auc:0.9952 ap:0.9568 f1: 0.8218 pred_right: 1069035 pred_wrong:27165 actu_right: 1061708 actu_wrong: 34492
2026-09-15 00:39:41,681 P3307884 INFO pr:0.9295  rc:0.7349  auc:0.9951 ap:0.9557 f1: 0.8209 pred_right: 458092 pred_wrong:11708 actu_right: 454992 actu_wrong: 14808
2026-09-15 00:39:41,682 P3307884 INFO ----------------------------------------------------------------------------------------------------
2026-09-15 00:39:41,682 P3307884 INFO 32/50 starting... lr: 0.001 para:0.03030303120613098
2026-09-15 00:40:57,457 P3307884 INFO Epoch 32/50, all_loss:1.20306 cls_loss:1.22966 rec_loss:0.35184 [75.77s]; best loss:1.20306, patience : 0
2026-09-15 00:41:25,463 P3307884 INFO pr:0.9288  rc:0.7552  auc:0.9957 ap:0.9589 f1: 0.8330 pred_right: 1068157 pred_wrong:28043 actu_right: 1061712 actu_wrong: 34488
2026-09-15 00:41:37,344 P3307884 INFO pr:0.9299  rc:0.7515  auc:0.9955 ap:0.9579 f1: 0.8312 pred_right: 457833 pred_wrong:11967 actu_right: 454992 actu_wrong: 14808
2026-09-15 00:41:37,350 P3307884 INFO ----------------------------------------------------------------------------------------------------
2026-09-15 00:41:37,352 P3307884 INFO 33/50 starting... lr: 0.001 para:0.029411764815449715
2026-09-15 00:42:48,320 P3307884 INFO Epoch 33/50, all_loss:1.20485 cls_loss:1.23073 rec_loss:0.35084 [70.96s]; best loss:1.20306, patience : 1
2026-09-15 00:43:18,608 P3307884 INFO pr:0.9016  rc:0.7755  auc:0.9957 ap:0.9584 f1: 0.8338 pred_right: 1066535 pred_wrong:29665 actu_right: 1061712 actu_wrong: 34488
2026-09-15 00:43:30,785 P3307884 INFO pr:0.9001  rc:0.7711  auc:0.9955 ap:0.9571 f1: 0.8307 pred_right: 457114 pred_wrong:12686 actu_right: 454992 actu_wrong: 14808
2026-09-15 00:43:30,791 P3307884 INFO ----------------------------------------------------------------------------------------------------
2026-09-15 00:43:30,792 P3307884 INFO 34/50 starting... lr: 0.001 para:0.02857142873108387
2026-09-15 00:44:36,168 P3307884 INFO Epoch 34/50, all_loss:1.21350 cls_loss:1.23881 rec_loss:0.35303 [65.38s]; best loss:1.20306, patience : 2
2026-09-15 00:45:12,726 P3307884 INFO pr:0.9138  rc:0.7692  auc:0.9958 ap:0.9605 f1: 0.8353 pred_right: 1067170 pred_wrong:29030 actu_right: 1061711 actu_wrong: 34489
2026-09-15 00:45:24,691 P3307884 INFO pr:0.9139  rc:0.7688  auc:0.9956 ap:0.9592 f1: 0.8351 pred_right: 457343 pred_wrong:12457 actu_right: 454992 actu_wrong: 14808
2026-09-15 00:45:24,697 P3307884 INFO ----------------------------------------------------------------------------------------------------
2026-09-15 00:45:24,697 P3307884 INFO 35/50 starting... lr: 0.001 para:0.02777777798473835
2026-09-15 00:46:33,320 P3307884 INFO Epoch 35/50, all_loss:1.18082 cls_loss:1.20462 rec_loss:0.34794 [68.62s]; best loss:1.18082, patience : 0
2026-09-15 00:47:09,773 P3307884 INFO pr:0.9171  rc:0.7727  auc:0.9963 ap:0.9622 f1: 0.8387 pred_right: 1067142 pred_wrong:29058 actu_right: 1061710 actu_wrong: 34490
2026-09-15 00:47:21,578 P3307884 INFO pr:0.9175  rc:0.7688  auc:0.9960 ap:0.9611 f1: 0.8366 pred_right: 457391 pred_wrong:12409 actu_right: 454992 actu_wrong: 14808
2026-09-15 00:47:21,588 P3307884 INFO ----------------------------------------------------------------------------------------------------
2026-09-15 00:47:21,588 P3307884 INFO 36/50 starting... lr: 0.001 para:0.027027027681469917
2026-09-15 00:48:29,692 P3307884 INFO Epoch 36/50, all_loss:1.18436 cls_loss:1.20740 rec_loss:0.35494 [68.10s]; best loss:1.18082, patience : 1
2026-09-15 00:49:03,928 P3307884 INFO pr:0.9240  rc:0.7563  auc:0.9957 ap:0.9612 f1: 0.8318 pred_right: 1067967 pred_wrong:28233 actu_right: 1061707 actu_wrong: 34493
2026-09-15 00:49:18,614 P3307884 INFO pr:0.9236  rc:0.7536  auc:0.9956 ap:0.9602 f1: 0.8300 pred_right: 457718 pred_wrong:12082 actu_right: 454992 actu_wrong: 14808
2026-09-15 00:49:18,615 P3307884 INFO ----------------------------------------------------------------------------------------------------
2026-09-15 00:49:18,615 P3307884 INFO 37/50 starting... lr: 0.001 para:0.02631578966975212
2026-09-15 00:50:25,658 P3307884 INFO Epoch 37/50, all_loss:1.18412 cls_loss:1.20653 rec_loss:0.35509 [67.04s]; best loss:1.18082, patience : 1
2026-09-15 00:50:53,471 P3307884 INFO pr:0.9073  rc:0.7771  auc:0.9960 ap:0.9605 f1: 0.8372 pred_right: 1066663 pred_wrong:29537 actu_right: 1061715 actu_wrong: 34485
2026-09-15 00:51:14,516 P3307884 INFO pr:0.9084  rc:0.7726  auc:0.9957 ap:0.9593 f1: 0.8350 pred_right: 457205 pred_wrong:12595 actu_right: 454992 actu_wrong: 14808
2026-09-15 00:51:14,518 P3307884 INFO ----------------------------------------------------------------------------------------------------
2026-09-15 00:51:14,519 P3307884 INFO 38/50 starting... lr: 0.001 para:0.025641025975346565
2026-09-15 00:52:20,245 P3307884 INFO Epoch 38/50, all_loss:1.17658 cls_loss:1.19824 rec_loss:0.35340 [65.72s]; best loss:1.17658, patience : 0
2026-09-15 00:52:49,591 P3307884 INFO pr:0.9299  rc:0.7608  auc:0.9960 ap:0.9619 f1: 0.8369 pred_right: 1067986 pred_wrong:28214 actu_right: 1061713 actu_wrong: 34487
2026-09-15 00:53:00,476 P3307884 INFO pr:0.9284  rc:0.7571  auc:0.9957 ap:0.9604 f1: 0.8341 pred_right: 457725 pred_wrong:12075 actu_right: 454992 actu_wrong: 14808
2026-09-15 00:53:00,477 P3307884 INFO ----------------------------------------------------------------------------------------------------
2026-09-15 00:53:00,477 P3307884 INFO 39/50 starting... lr: 0.001 para:0.02500000037252903
2026-09-15 00:54:13,023 P3307884 INFO Epoch 39/50, all_loss:1.17131 cls_loss:1.19221 rec_loss:0.35604 [72.54s]; best loss:1.17131, patience : 0
2026-09-15 00:54:40,657 P3307884 INFO pr:0.9160  rc:0.7779  auc:0.9963 ap:0.9631 f1: 0.8413 pred_right: 1066911 pred_wrong:29289 actu_right: 1061712 actu_wrong: 34488
2026-09-15 00:54:53,227 P3307884 INFO pr:0.9156  rc:0.7771  auc:0.9961 ap:0.9619 f1: 0.8407 pred_right: 457231 pred_wrong:12569 actu_right: 454992 actu_wrong: 14808
2026-09-15 00:54:53,232 P3307884 INFO ----------------------------------------------------------------------------------------------------
2026-09-15 00:54:53,232 P3307884 INFO 40/50 starting... lr: 0.001 para:0.024390242993831635
2026-09-15 00:56:05,462 P3307884 INFO Epoch 40/50, all_loss:1.16379 cls_loss:1.18396 rec_loss:0.35670 [72.22s]; best loss:1.16379, patience : 0
2026-09-15 00:56:33,723 P3307884 INFO pr:0.9178  rc:0.7774  auc:0.9963 ap:0.9631 f1: 0.8418 pred_right: 1066988 pred_wrong:29212 actu_right: 1061712 actu_wrong: 34488
2026-09-15 00:56:45,531 P3307884 INFO pr:0.9169  rc:0.7739  auc:0.9961 ap:0.9621 f1: 0.8394 pred_right: 457302 pred_wrong:12498 actu_right: 454992 actu_wrong: 14808
2026-09-15 00:56:45,536 P3307884 INFO ----------------------------------------------------------------------------------------------------
2026-09-15 00:56:45,537 P3307884 INFO 41/50 starting... lr: 0.001 para:0.02380952425301075
2026-09-15 00:58:00,398 P3307884 INFO Epoch 41/50, all_loss:1.17458 cls_loss:1.19465 rec_loss:0.35138 [74.86s]; best loss:1.16379, patience : 1
2026-09-15 00:58:28,463 P3307884 INFO pr:0.9478  rc:0.7358  auc:0.9961 ap:0.9616 f1: 0.8285 pred_right: 1069423 pred_wrong:26777 actu_right: 1061711 actu_wrong: 34489
2026-09-15 00:58:40,301 P3307884 INFO pr:0.9502  rc:0.7322  auc:0.9959 ap:0.9604 f1: 0.8271 pred_right: 458389 pred_wrong:11411 actu_right: 454992 actu_wrong: 14808
2026-09-15 00:58:40,302 P3307884 INFO ----------------------------------------------------------------------------------------------------
2026-09-15 00:58:40,303 P3307884 INFO 42/50 starting... lr: 0.001 para:0.023255813866853714
2026-09-15 00:59:55,218 P3307884 INFO Epoch 42/50, all_loss:1.15310 cls_loss:1.17209 rec_loss:0.35540 [74.91s]; best loss:1.15310, patience : 0
2026-09-15 01:00:23,039 P3307884 INFO pr:0.9289  rc:0.7629  auc:0.9963 ap:0.9625 f1: 0.8377 pred_right: 1067878 pred_wrong:28322 actu_right: 1061715 actu_wrong: 34485
2026-09-15 01:00:35,182 P3307884 INFO pr:0.9282  rc:0.7599  auc:0.9961 ap:0.9614 f1: 0.8356 pred_right: 457677 pred_wrong:12123 actu_right: 454992 actu_wrong: 14808
2026-09-15 01:00:35,184 P3307884 INFO ----------------------------------------------------------------------------------------------------
2026-09-15 01:00:35,184 P3307884 INFO 43/50 starting... lr: 0.001 para:0.022727273404598236
2026-09-15 01:01:49,269 P3307884 INFO Epoch 43/50, all_loss:1.14790 cls_loss:1.16620 rec_loss:0.36098 [74.08s]; best loss:1.14790, patience : 0
2026-09-15 01:02:16,958 P3307884 INFO pr:0.8838  rc:0.7963  auc:0.9964 ap:0.9632 f1: 0.8378 pred_right: 1065124 pred_wrong:31076 actu_right: 1061710 actu_wrong: 34490
2026-09-15 01:02:28,811 P3307884 INFO pr:0.8837  rc:0.7902  auc:0.9961 ap:0.9616 f1: 0.8343 pred_right: 456559 pred_wrong:13241 actu_right: 454992 actu_wrong: 14808
2026-09-15 01:02:28,812 P3307884 INFO ----------------------------------------------------------------------------------------------------
2026-09-15 01:02:28,813 P3307884 INFO 44/50 starting... lr: 0.001 para:0.02222222276031971
2026-09-15 01:03:42,595 P3307884 INFO Epoch 44/50, all_loss:1.14641 cls_loss:1.16429 rec_loss:0.35970 [73.78s]; best loss:1.14641, patience : 0
2026-09-15 01:04:10,898 P3307884 INFO pr:0.9200  rc:0.7794  auc:0.9962 ap:0.9630 f1: 0.8439 pred_right: 1066980 pred_wrong:29220 actu_right: 1061711 actu_wrong: 34489
2026-09-15 01:04:22,521 P3307884 INFO pr:0.9174  rc:0.7779  auc:0.9961 ap:0.9614 f1: 0.8419 pred_right: 457244 pred_wrong:12556 actu_right: 454992 actu_wrong: 14808
2026-09-15 01:04:22,526 P3307884 INFO ----------------------------------------------------------------------------------------------------
2026-09-15 01:04:22,526 P3307884 INFO 45/50 starting... lr: 0.001 para:0.021739130839705467
2026-09-15 01:05:28,374 P3307884 INFO Epoch 45/50, all_loss:1.16166 cls_loss:1.17939 rec_loss:0.36347 [65.85s]; best loss:1.14641, patience : 1
2026-09-15 01:06:05,661 P3307884 INFO pr:0.9239  rc:0.7749  auc:0.9964 ap:0.9647 f1: 0.8429 pred_right: 1067273 pred_wrong:28927 actu_right: 1061712 actu_wrong: 34488
2026-09-15 01:06:17,383 P3307884 INFO pr:0.9217  rc:0.7729  auc:0.9962 ap:0.9636 f1: 0.8408 pred_right: 457383 pred_wrong:12417 actu_right: 454992 actu_wrong: 14808
2026-09-15 01:06:17,384 P3307884 INFO ----------------------------------------------------------------------------------------------------
2026-09-15 01:06:17,385 P3307884 INFO 46/50 starting... lr: 0.001 para:0.021276595070958138
2026-09-15 01:07:25,808 P3307884 INFO Epoch 46/50, all_loss:1.13078 cls_loss:1.14739 rec_loss:0.36689 [68.42s]; best loss:1.13078, patience : 0
2026-09-15 01:08:02,984 P3307884 INFO pr:0.8929  rc:0.7968  auc:0.9963 ap:0.9627 f1: 0.8421 pred_right: 1065423 pred_wrong:30777 actu_right: 1061710 actu_wrong: 34490
2026-09-15 01:08:14,663 P3307884 INFO pr:0.8953  rc:0.7952  auc:0.9962 ap:0.9623 f1: 0.8423 pred_right: 456648 pred_wrong:13152 actu_right: 454992 actu_wrong: 14808
2026-09-15 01:08:14,664 P3307884 INFO ----------------------------------------------------------------------------------------------------
2026-09-15 01:08:14,665 P3307884 INFO 47/50 starting... lr: 0.001 para:0.02083333395421505
2026-09-15 01:09:22,439 P3307884 INFO Epoch 47/50, all_loss:1.15013 cls_loss:1.16667 rec_loss:0.37316 [67.77s]; best loss:1.13078, patience : 1
2026-09-15 01:09:58,537 P3307884 INFO pr:0.9219  rc:0.7821  auc:0.9964 ap:0.9641 f1: 0.8463 pred_right: 1066938 pred_wrong:29262 actu_right: 1061710 actu_wrong: 34490
2026-09-15 01:10:10,967 P3307884 INFO pr:0.9210  rc:0.7797  auc:0.9962 ap:0.9627 f1: 0.8445 pred_right: 457263 pred_wrong:12537 actu_right: 454992 actu_wrong: 14808
2026-09-15 01:10:10,972 P3307884 INFO ----------------------------------------------------------------------------------------------------
2026-09-15 01:10:10,973 P3307884 INFO 48/50 starting... lr: 0.001 para:0.020408162847161293
2026-09-15 01:11:18,105 P3307884 INFO Epoch 48/50, all_loss:1.12927 cls_loss:1.14499 rec_loss:0.37486 [67.13s]; best loss:1.12927, patience : 0
2026-09-15 01:11:47,859 P3307884 INFO pr:0.9225  rc:0.7806  auc:0.9966 ap:0.9657 f1: 0.8456 pred_right: 1067016 pred_wrong:29184 actu_right: 1061708 actu_wrong: 34492
2026-09-15 01:12:06,800 P3307884 INFO pr:0.9219  rc:0.7806  auc:0.9964 ap:0.9647 f1: 0.8454 pred_right: 457262 pred_wrong:12538 actu_right: 454992 actu_wrong: 14808
2026-09-15 01:12:06,801 P3307884 INFO ----------------------------------------------------------------------------------------------------
2026-09-15 01:12:06,808 P3307884 INFO 49/50 starting... lr: 0.001 para:0.019999999552965164
2026-09-15 01:13:14,135 P3307884 INFO Epoch 49/50, all_loss:1.14634 cls_loss:1.16212 rec_loss:0.37317 [67.33s]; best loss:1.12927, patience : 1
2026-09-15 01:13:42,355 P3307884 INFO pr:0.9025  rc:0.7903  auc:0.9961 ap:0.9610 f1: 0.8427 pred_right: 1066001 pred_wrong:30199 actu_right: 1061715 actu_wrong: 34485
2026-09-15 01:13:58,505 P3307884 INFO pr:0.9028  rc:0.7886  auc:0.9959 ap:0.9604 f1: 0.8418 pred_right: 456866 pred_wrong:12934 actu_right: 454992 actu_wrong: 14808
2026-09-15 01:13:58,507 P3307884 INFO saving model...
2026-09-15 01:13:58,507 P3307884 INFO FITS_Legendre - loss  best score:1.1292705535888672 at epoch 48
2026-09-15 01:13:58,555 P3307884 INFO FITS_Legendre - f1  best score:0.8462793324131007 at epoch 47
2026-09-15 01:13:58,570 P3307884 INFO Average training time per epoch: 70.69 seconds
2026-09-15 01:13:58,572 P3307884 INFO calculate scores...
2026-09-15 01:13:58,575 P3307884 INFO calculate label with loss...
2026-09-15 01:13:58,575 P3307884 INFO FITS_Legendre on ./result/server_only_exps/Ablations_updatedFreDF/FITS_Legendre-TT-Epochs50-Seed1-ExpNameRQ2z5_basis_degree_comparison-LPFLPF-Attnlinear_attn-NormLinTrue-RecLambda1.0-AuxiLambda0.2-lowshow-simplegraph-Degree7-BasisTypefourier loading...
2026-09-15 01:14:14,687 P3307884 INFO pr:0.9219  rc:0.7806  auc:0.9964 ap:0.9647 f1: 0.8454 pred_right: 457262 pred_wrong:12538 actu_right: 454992 actu_wrong: 14808
2026-09-15 01:14:27,606 P3307884 INFO pr:0.9219  rc:0.7806  auc:0.9964 ap:0.9647 f1: 0.8454 pred_right: 457262 pred_wrong:12538 actu_right: 454992 actu_wrong: 14808
2026-09-15 01:14:27,607 P3307884 INFO Performance Summary:
{'GPU': {'inference_time_per_sample_ms': 0.872002087668628, 'throughput_samples_per_sec': 1146.7862452870786, 'peak_memory_mb': 86.8818359375, 'energy_per_sample_joules': 0.05067204131442398}, 'CPU': {'inference_time_per_sample_ms': 0.6926799340582058, 'throughput_samples_per_sec': 1443.6682092713402, 'peak_memory_mb': 5054.15234375, 'energy_per_sample_joules': 0.045024195713783376}}
2026-09-15 01:14:27,607 P3307884 INFO Starting clean-room hardware benchmarking...
2026-09-15 01:14:30,915 P3307884 INFO Performance with loss: pr:0.9219  rc:0.7806  auc:0.9964 ap:0.9647 f1: 0.8454 pred_right: 457262 pred_wrong:12538 actu_right: 454992 actu_wrong: 14808
2026-09-15 01:14:30,915 P3307884 INFO calculate label with f1...
2026-09-15 01:14:30,915 P3307884 INFO FITS_Legendre on ./result/server_only_exps/Ablations_updatedFreDF/FITS_Legendre-TT-Epochs50-Seed1-ExpNameRQ2z5_basis_degree_comparison-LPFLPF-Attnlinear_attn-NormLinTrue-RecLambda1.0-AuxiLambda0.2-lowshow-simplegraph-Degree7-BasisTypefourier loading...
2026-09-15 01:14:42,629 P3307884 INFO pr:0.9210  rc:0.7797  auc:0.9962 ap:0.9627 f1: 0.8445 pred_right: 457263 pred_wrong:12537 actu_right: 454992 actu_wrong: 14808
2026-09-15 01:14:55,154 P3307884 INFO pr:0.9210  rc:0.7797  auc:0.9962 ap:0.9627 f1: 0.8445 pred_right: 457263 pred_wrong:12537 actu_right: 454992 actu_wrong: 14808
2026-09-15 01:14:55,155 P3307884 INFO Performance Summary:
{'GPU': {'inference_time_per_sample_ms': 0.6253335000179392, 'throughput_samples_per_sec': 1599.1466952775002, 'peak_memory_mb': 86.376953125, 'energy_per_sample_joules': 0.04160187442244345}, 'CPU': {'inference_time_per_sample_ms': 0.6705575777660419, 'throughput_samples_per_sec': 1491.2962483124768, 'peak_memory_mb': 5069.52734375, 'energy_per_sample_joules': 0.043586242554792716}}
2026-09-15 01:14:55,155 P3307884 INFO Starting clean-room hardware benchmarking...
2026-09-15 01:14:58,332 P3307884 INFO Performance with f1: pr:0.9210  rc:0.7797  auc:0.9962 ap:0.9627 f1: 0.8445 pred_right: 457263 pred_wrong:12537 actu_right: 454992 actu_wrong: 14808
