2026-07-23 02:01:39,452 P3711159 INFO ---- Model: ----MSTGAD-2d38a055----random_seed : 1----req_loss_approach : Legendre-style----rec_lambda : 1.0----auxi_lambda : 0.01----Freq Domain : FITS_Legendre----Multi Fits : false----train : True----evaluate : False
2026-07-23 02:01:39,453 P3711159 INFO Load from /home/db2003/Desktop/Amr/Tests/Eadro/codes/chunks/TT
2026-07-23 02:01:51,153 P3711159 INFO Fewshot: training with 1.0 of the 70% of the data
2026-07-23 02:01:51,241 P3711159 INFO Trainable Parameters Breakdown:
2026-07-23 02:01:51,241 P3711159 INFO --------------------------------------------------------------------------------
2026-07-23 02:01:51,241 P3711159 INFO Reconstruction-Specific Parameters:
2026-07-23 02:01:51,241 P3711159 INFO node_emb.linear.weight                   | shape: (8, 7)                    | params: 56
2026-07-23 02:01:51,241 P3711159 INFO node_emb.linear.bias                     | shape: (8,)                      | params: 8
2026-07-23 02:01:51,241 P3711159 INFO log_emb.linear.weight                    | shape: (32, 60)                  | params: 1,920
2026-07-23 02:01:51,241 P3711159 INFO log_emb.linear.bias                      | shape: (32,)                     | params: 32
2026-07-23 02:01:51,241 P3711159 INFO egde_emb.linear.weight                   | shape: (8, 2)                    | params: 16
2026-07-23 02:01:51,241 P3711159 INFO egde_emb.linear.bias                     | shape: (8,)                      | params: 8
2026-07-23 02:01:51,241 P3711159 INFO dense_node.weight                        | shape: (7, 8)                    | params: 56
2026-07-23 02:01:51,241 P3711159 INFO dense_node.bias                          | shape: (7,)                      | params: 7
2026-07-23 02:01:51,241 P3711159 INFO dense_log.weight                         | shape: (60, 32)                  | params: 1,920
2026-07-23 02:01:51,241 P3711159 INFO dense_log.bias                           | shape: (60,)                     | params: 60
2026-07-23 02:01:51,241 P3711159 INFO dense_edge.weight                        | shape: (2, 8)                    | params: 16
2026-07-23 02:01:51,241 P3711159 INFO dense_edge.bias                          | shape: (2,)                      | params: 2
2026-07-23 02:01:51,241 P3711159 INFO linear_attn.Wq.weight                    | shape: (10, 10)                  | params: 100
2026-07-23 02:01:51,241 P3711159 INFO linear_attn.Wk.weight                    | shape: (10, 10)                  | params: 100
2026-07-23 02:01:51,242 P3711159 INFO linear_attn.Wv.weight                    | shape: (10, 10)                  | params: 100
2026-07-23 02:01:51,242 P3711159 INFO linear_attn.out.weight                   | shape: (10, 10)                  | params: 100
2026-07-23 02:01:51,242 P3711159 INFO linear_attn.out.bias                     | shape: (10,)                     | params: 10
2026-07-23 02:01:51,242 P3711159 INFO linear_attn.norm.weight                  | shape: (10,)                     | params: 10
2026-07-23 02:01:51,242 P3711159 INFO linear_attn.norm.bias                    | shape: (10,)                     | params: 10
2026-07-23 02:01:51,242 P3711159 INFO shared_fits.normlin_W                    | shape: (5, 5)                    | params: 25
2026-07-23 02:01:51,242 P3711159 INFO shared_fits.freq_upsampler.weight        | shape: (5, 5)                    | params: 25
2026-07-23 02:01:51,242 P3711159 INFO shared_fits.freq_upsampler.bias          | shape: (5,)                      | params: 5
2026-07-23 02:01:51,242 P3711159 INFO modality_proj.node.weight                | shape: (10, 8)                   | params: 80
2026-07-23 02:01:51,242 P3711159 INFO modality_proj.node.bias                  | shape: (10,)                     | params: 10
2026-07-23 02:01:51,242 P3711159 INFO modality_proj.log.weight                 | shape: (10, 32)                  | params: 320
2026-07-23 02:01:51,242 P3711159 INFO modality_proj.log.bias                   | shape: (10,)                     | params: 10
2026-07-23 02:01:51,242 P3711159 INFO modality_proj.edge.weight                | shape: (10, 8)                   | params: 80
2026-07-23 02:01:51,242 P3711159 INFO modality_proj.edge.bias                  | shape: (10,)                     | params: 10
2026-07-23 02:01:51,242 P3711159 INFO modality_proj_out.node.weight            | shape: (8, 10)                   | params: 80
2026-07-23 02:01:51,242 P3711159 INFO modality_proj_out.node.bias              | shape: (8,)                      | params: 8
2026-07-23 02:01:51,242 P3711159 INFO modality_proj_out.log.weight             | shape: (32, 10)                  | params: 320
2026-07-23 02:01:51,242 P3711159 INFO modality_proj_out.log.bias               | shape: (32,)                     | params: 32
2026-07-23 02:01:51,242 P3711159 INFO modality_proj_out.edge.weight            | shape: (8, 10)                   | params: 80
2026-07-23 02:01:51,242 P3711159 INFO modality_proj_out.edge.bias              | shape: (8,)                      | params: 8
2026-07-23 02:01:51,242 P3711159 INFO Subtotal: 5,624
2026-07-23 02:01:51,242 P3711159 INFO --------------------------------------------------------------------------------
2026-07-23 02:01:51,243 P3711159 INFO Common Parameters:
2026-07-23 02:01:51,243 P3711159 INFO show.0.weight                            | shape: (128, 69)                 | params: 8,832
2026-07-23 02:01:51,243 P3711159 INFO show.0.bias                              | shape: (128,)                    | params: 128
2026-07-23 02:01:51,243 P3711159 INFO show.2.weight                            | shape: (2, 128)                  | params: 256
2026-07-23 02:01:51,243 P3711159 INFO show.2.bias                              | shape: (2,)                      | params: 2
2026-07-23 02:01:51,243 P3711159 INFO Subtotal: 9,218
2026-07-23 02:01:51,243 P3711159 INFO --------------------------------------------------------------------------------
2026-07-23 02:01:51,243 P3711159 INFO Total Trainable Parameters: 14,842

2026-07-23 02:01:51,243 P3711159 INFO Trainable Parameters: 14842, reconstruction: 5624, common: 9218
2026-07-23 02:01:51,243 P3711159 INFO model : init weight
2026-07-23 02:01:51,244 P3711159 INFO Using GPU...
2026-07-23 02:01:51,249 P3711159 INFO optimizer : using AdaBelief
2026-07-23 02:01:51,250 P3711159 INFO ----------------------------------------------------------------------------------------------------
2026-07-23 02:01:51,250 P3711159 INFO 0/50 starting... lr: 0.001 para:1.0
2026-07-23 02:02:12,209 P3711159 INFO Epoch 0/50, all_loss:0.07234 cls_loss:29.88671 rec_loss:0.07234 [20.95s]; best loss:0.07234, patience : 0
2026-07-23 02:02:12,209 P3711159 INFO ----------------------------------------------------------------------------------------------------
2026-07-23 02:02:12,209 P3711159 INFO 1/50 starting... lr: 0.001 para:0.5
2026-07-23 02:02:33,382 P3711159 INFO Epoch 1/50, all_loss:1.95793 cls_loss:3.71538 rec_loss:0.20048 [21.17s]; best loss:1.95793, patience : 0
2026-07-23 02:02:33,382 P3711159 INFO ----------------------------------------------------------------------------------------------------
2026-07-23 02:02:33,382 P3711159 INFO 2/50 starting... lr: 0.001 para:0.3333333432674408
2026-07-23 02:02:59,267 P3711159 INFO Epoch 2/50, all_loss:1.62448 cls_loss:2.32912 rec_loss:0.21519 [25.88s]; best loss:1.62448, patience : 0
2026-07-23 02:03:10,122 P3711159 INFO pr:0.9047  rc:0.4420  auc:0.9851 ap:0.8825 f1: 0.5938 pred_right: 1079353 pred_wrong:16847 actu_right: 1061712 actu_wrong: 34488
2026-07-23 02:03:14,585 P3711159 INFO pr:0.9096  rc:0.4417  auc:0.9854 ap:0.8838 f1: 0.5947 pred_right: 462609 pred_wrong:7191 actu_right: 454992 actu_wrong: 14808
2026-07-23 02:03:14,589 P3711159 INFO ----------------------------------------------------------------------------------------------------
2026-07-23 02:03:14,589 P3711159 INFO 3/50 starting... lr: 0.001 para:0.25
2026-07-23 02:03:34,710 P3711159 INFO Epoch 3/50, all_loss:1.71495 cls_loss:2.21475 rec_loss:0.21557 [20.12s]; best loss:1.62448, patience : 1
2026-07-23 02:03:45,631 P3711159 INFO pr:0.8219  rc:0.5421  auc:0.9870 ap:0.8932 f1: 0.6533 pred_right: 1073449 pred_wrong:22751 actu_right: 1061708 actu_wrong: 34492
2026-07-23 02:03:50,090 P3711159 INFO pr:0.8267  rc:0.5409  auc:0.9873 ap:0.8944 f1: 0.6539 pred_right: 460112 pred_wrong:9688 actu_right: 454992 actu_wrong: 14808
2026-07-23 02:03:50,094 P3711159 INFO ----------------------------------------------------------------------------------------------------
2026-07-23 02:03:50,094 P3711159 INFO 4/50 starting... lr: 0.001 para:0.20000000298023224
2026-07-23 02:04:10,484 P3711159 INFO Epoch 4/50, all_loss:1.71766 cls_loss:2.09264 rec_loss:0.21776 [20.39s]; best loss:1.62448, patience : 2
2026-07-23 02:04:19,929 P3711159 INFO pr:0.8209  rc:0.5704  auc:0.9880 ap:0.8973 f1: 0.6731 pred_right: 1072237 pred_wrong:23963 actu_right: 1061714 actu_wrong: 34486
2026-07-23 02:04:30,567 P3711159 INFO pr:0.8269  rc:0.5679  auc:0.9881 ap:0.8982 f1: 0.6733 pred_right: 459631 pred_wrong:10169 actu_right: 454992 actu_wrong: 14808
2026-07-23 02:04:30,576 P3711159 INFO ----------------------------------------------------------------------------------------------------
2026-07-23 02:04:30,576 P3711159 INFO 5/50 starting... lr: 0.001 para:0.1666666716337204
2026-07-23 02:04:53,139 P3711159 INFO Epoch 5/50, all_loss:1.74520 cls_loss:2.04978 rec_loss:0.22233 [22.56s]; best loss:1.62448, patience : 3
2026-07-23 02:05:03,902 P3711159 INFO pr:0.9547  rc:0.4774  auc:0.9880 ap:0.9002 f1: 0.6365 pred_right: 1078953 pred_wrong:17247 actu_right: 1061714 actu_wrong: 34486
2026-07-23 02:05:08,471 P3711159 INFO pr:0.9582  rc:0.4784  auc:0.9878 ap:0.9006 f1: 0.6382 pred_right: 462407 pred_wrong:7393 actu_right: 454992 actu_wrong: 14808
2026-07-23 02:05:08,472 P3711159 INFO ----------------------------------------------------------------------------------------------------
2026-07-23 02:05:08,472 P3711159 INFO 6/50 starting... lr: 0.001 para:0.1428571492433548
2026-07-23 02:05:28,722 P3711159 INFO Epoch 6/50, all_loss:1.75934 cls_loss:2.01263 rec_loss:0.23964 [20.25s]; best loss:1.62448, patience : 4
2026-07-23 02:05:40,715 P3711159 INFO pr:0.9189  rc:0.5534  auc:0.9901 ap:0.9126 f1: 0.6908 pred_right: 1075427 pred_wrong:20773 actu_right: 1061707 actu_wrong: 34493
2026-07-23 02:05:44,436 P3711159 INFO pr:0.9262  rc:0.5560  auc:0.9900 ap:0.9135 f1: 0.6949 pred_right: 460911 pred_wrong:8889 actu_right: 454992 actu_wrong: 14808
2026-07-23 02:05:44,440 P3711159 INFO ----------------------------------------------------------------------------------------------------
2026-07-23 02:05:44,440 P3711159 INFO 7/50 starting... lr: 0.001 para:0.125
2026-07-23 02:06:11,976 P3711159 INFO Epoch 7/50, all_loss:1.72378 cls_loss:1.93321 rec_loss:0.25776 [27.54s]; best loss:1.62448, patience : 4
2026-07-23 02:06:22,610 P3711159 INFO pr:0.8944  rc:0.5887  auc:0.9910 ap:0.9180 f1: 0.7101 pred_right: 1073496 pred_wrong:22704 actu_right: 1061707 actu_wrong: 34493
2026-07-23 02:06:27,043 P3711159 INFO pr:0.9018  rc:0.5914  auc:0.9911 ap:0.9191 f1: 0.7143 pred_right: 460089 pred_wrong:9711 actu_right: 454992 actu_wrong: 14808
2026-07-23 02:06:27,047 P3711159 INFO ----------------------------------------------------------------------------------------------------
2026-07-23 02:06:27,047 P3711159 INFO 8/50 starting... lr: 0.001 para:0.1111111119389534
2026-07-23 02:06:47,517 P3711159 INFO Epoch 8/50, all_loss:1.69691 cls_loss:1.87508 rec_loss:0.27155 [20.47s]; best loss:1.62448, patience : 4
2026-07-23 02:06:58,004 P3711159 INFO pr:0.9168  rc:0.5792  auc:0.9916 ap:0.9211 f1: 0.7099 pred_right: 1074410 pred_wrong:21790 actu_right: 1061712 actu_wrong: 34488
2026-07-23 02:07:02,317 P3711159 INFO pr:0.9243  rc:0.5812  auc:0.9916 ap:0.9223 f1: 0.7136 pred_right: 460489 pred_wrong:9311 actu_right: 454992 actu_wrong: 14808
2026-07-23 02:07:02,318 P3711159 INFO ----------------------------------------------------------------------------------------------------
2026-07-23 02:07:02,318 P3711159 INFO 9/50 starting... lr: 0.001 para:0.10000000149011612
2026-07-23 02:07:22,392 P3711159 INFO Epoch 9/50, all_loss:1.61076 cls_loss:1.75619 rec_loss:0.30191 [20.07s]; best loss:1.61076, patience : 0
2026-07-23 02:07:40,075 P3711159 INFO pr:0.8568  rc:0.6283  auc:0.9919 ap:0.9261 f1: 0.7250 pred_right: 1070911 pred_wrong:25289 actu_right: 1061714 actu_wrong: 34486
2026-07-23 02:07:45,528 P3711159 INFO pr:0.8660  rc:0.6327  auc:0.9920 ap:0.9270 f1: 0.7312 pred_right: 458981 pred_wrong:10819 actu_right: 454992 actu_wrong: 14808
2026-07-23 02:07:45,533 P3711159 INFO ----------------------------------------------------------------------------------------------------
2026-07-23 02:07:45,533 P3711159 INFO 10/50 starting... lr: 0.001 para:0.09090909361839294
2026-07-23 02:08:06,051 P3711159 INFO Epoch 10/50, all_loss:1.59808 cls_loss:1.72601 rec_loss:0.31883 [20.51s]; best loss:1.59808, patience : 0
2026-07-23 02:08:16,937 P3711159 INFO pr:0.9030  rc:0.6627  auc:0.9930 ap:0.9333 f1: 0.7644 pred_right: 1070889 pred_wrong:25311 actu_right: 1061709 actu_wrong: 34491
2026-07-23 02:08:21,520 P3711159 INFO pr:0.9105  rc:0.6611  auc:0.9929 ap:0.9345 f1: 0.7660 pred_right: 459048 pred_wrong:10752 actu_right: 454992 actu_wrong: 14808
2026-07-23 02:08:21,527 P3711159 INFO ----------------------------------------------------------------------------------------------------
2026-07-23 02:08:21,527 P3711159 INFO 11/50 starting... lr: 0.001 para:0.0833333358168602
2026-07-23 02:08:41,876 P3711159 INFO Epoch 11/50, all_loss:1.53705 cls_loss:1.64692 rec_loss:0.32844 [20.35s]; best loss:1.53705, patience : 0
2026-07-23 02:08:53,468 P3711159 INFO pr:0.8928  rc:0.6646  auc:0.9928 ap:0.9352 f1: 0.7620 pred_right: 1070529 pred_wrong:25671 actu_right: 1061714 actu_wrong: 34486
2026-07-23 02:08:57,582 P3711159 INFO pr:0.9012  rc:0.6643  auc:0.9929 ap:0.9362 f1: 0.7648 pred_right: 458884 pred_wrong:10916 actu_right: 454992 actu_wrong: 14808
2026-07-23 02:08:57,583 P3711159 INFO ----------------------------------------------------------------------------------------------------
2026-07-23 02:08:57,583 P3711159 INFO 12/50 starting... lr: 0.001 para:0.07692307978868484
2026-07-23 02:09:25,222 P3711159 INFO Epoch 12/50, all_loss:1.51028 cls_loss:1.60723 rec_loss:0.34685 [27.63s]; best loss:1.51028, patience : 0
2026-07-23 02:09:35,845 P3711159 INFO pr:0.8479  rc:0.6595  auc:0.9924 ap:0.9307 f1: 0.7419 pred_right: 1069374 pred_wrong:26826 actu_right: 1061709 actu_wrong: 34491
2026-07-23 02:09:40,248 P3711159 INFO pr:0.8513  rc:0.6571  auc:0.9923 ap:0.9303 f1: 0.7417 pred_right: 458370 pred_wrong:11430 actu_right: 454992 actu_wrong: 14808
2026-07-23 02:09:40,249 P3711159 INFO ----------------------------------------------------------------------------------------------------
2026-07-23 02:09:40,249 P3711159 INFO 13/50 starting... lr: 0.001 para:0.0714285746216774
2026-07-23 02:10:00,891 P3711159 INFO Epoch 13/50, all_loss:1.47954 cls_loss:1.56486 rec_loss:0.37030 [20.64s]; best loss:1.47954, patience : 0
2026-07-23 02:10:11,591 P3711159 INFO pr:0.9193  rc:0.6876  auc:0.9935 ap:0.9430 f1: 0.7867 pred_right: 1070404 pred_wrong:25796 actu_right: 1061715 actu_wrong: 34485
2026-07-23 02:10:16,306 P3711159 INFO pr:0.9268  rc:0.6867  auc:0.9937 ap:0.9437 f1: 0.7889 pred_right: 458829 pred_wrong:10971 actu_right: 454992 actu_wrong: 14808
2026-07-23 02:10:16,310 P3711159 INFO ----------------------------------------------------------------------------------------------------
2026-07-23 02:10:16,310 P3711159 INFO 14/50 starting... lr: 0.001 para:0.06666667014360428
2026-07-23 02:10:36,664 P3711159 INFO Epoch 14/50, all_loss:1.44207 cls_loss:1.51584 rec_loss:0.40929 [20.35s]; best loss:1.44207, patience : 0
2026-07-23 02:10:55,078 P3711159 INFO pr:0.8397  rc:0.7240  auc:0.9941 ap:0.9420 f1: 0.7775 pred_right: 1066463 pred_wrong:29737 actu_right: 1061711 actu_wrong: 34489
2026-07-23 02:10:59,615 P3711159 INFO pr:0.8438  rc:0.7275  auc:0.9940 ap:0.9418 f1: 0.7814 pred_right: 457033 pred_wrong:12767 actu_right: 454992 actu_wrong: 14808
2026-07-23 02:10:59,616 P3711159 INFO ----------------------------------------------------------------------------------------------------
2026-07-23 02:10:59,617 P3711159 INFO 15/50 starting... lr: 0.001 para:0.0625
2026-07-23 02:11:19,976 P3711159 INFO Epoch 15/50, all_loss:1.43803 cls_loss:1.50273 rec_loss:0.46760 [20.36s]; best loss:1.43803, patience : 0
2026-07-23 02:11:30,567 P3711159 INFO pr:0.8999  rc:0.7064  auc:0.9947 ap:0.9481 f1: 0.7915 pred_right: 1069131 pred_wrong:27069 actu_right: 1061713 actu_wrong: 34487
2026-07-23 02:11:35,198 P3711159 INFO pr:0.9042  rc:0.7071  auc:0.9947 ap:0.9482 f1: 0.7936 pred_right: 458219 pred_wrong:11581 actu_right: 454992 actu_wrong: 14808
2026-07-23 02:11:35,202 P3711159 INFO ----------------------------------------------------------------------------------------------------
2026-07-23 02:11:35,202 P3711159 INFO 16/50 starting... lr: 0.001 para:0.05882352963089943
2026-07-23 02:11:57,414 P3711159 INFO Epoch 16/50, all_loss:1.39685 cls_loss:1.45177 rec_loss:0.51812 [22.21s]; best loss:1.39685, patience : 0
2026-07-23 02:12:06,775 P3711159 INFO pr:0.9139  rc:0.7136  auc:0.9956 ap:0.9547 f1: 0.8014 pred_right: 1069272 pred_wrong:26928 actu_right: 1061712 actu_wrong: 34488
2026-07-23 02:12:11,688 P3711159 INFO pr:0.9189  rc:0.7116  auc:0.9955 ap:0.9543 f1: 0.8021 pred_right: 458333 pred_wrong:11467 actu_right: 454992 actu_wrong: 14808
2026-07-23 02:12:11,701 P3711159 INFO ----------------------------------------------------------------------------------------------------
2026-07-23 02:12:11,701 P3711159 INFO 17/50 starting... lr: 0.001 para:0.0555555559694767
2026-07-23 02:12:38,918 P3711159 INFO Epoch 17/50, all_loss:1.35423 cls_loss:1.40074 rec_loss:0.56360 [27.21s]; best loss:1.35423, patience : 0
2026-07-23 02:12:49,727 P3711159 INFO pr:0.8594  rc:0.7515  auc:0.9948 ap:0.9509 f1: 0.8019 pred_right: 1066042 pred_wrong:30158 actu_right: 1061713 actu_wrong: 34487
2026-07-23 02:12:54,305 P3711159 INFO pr:0.8581  rc:0.7512  auc:0.9949 ap:0.9506 f1: 0.8011 pred_right: 456837 pred_wrong:12963 actu_right: 454992 actu_wrong: 14808
2026-07-23 02:12:54,309 P3711159 INFO ----------------------------------------------------------------------------------------------------
2026-07-23 02:12:54,309 P3711159 INFO 18/50 starting... lr: 0.001 para:0.05263157933950424
2026-07-23 02:13:14,430 P3711159 INFO Epoch 18/50, all_loss:1.36147 cls_loss:1.40314 rec_loss:0.61144 [20.12s]; best loss:1.35423, patience : 1
2026-07-23 02:13:25,035 P3711159 INFO pr:0.9436  rc:0.6834  auc:0.9955 ap:0.9563 f1: 0.7927 pred_right: 1071218 pred_wrong:24982 actu_right: 1061708 actu_wrong: 34492
2026-07-23 02:13:31,387 P3711159 INFO pr:0.9477  rc:0.6814  auc:0.9954 ap:0.9560 f1: 0.7928 pred_right: 459153 pred_wrong:10647 actu_right: 454992 actu_wrong: 14808
2026-07-23 02:13:31,390 P3711159 INFO ----------------------------------------------------------------------------------------------------
2026-07-23 02:13:31,390 P3711159 INFO 19/50 starting... lr: 0.001 para:0.05000000074505806
2026-07-23 02:13:57,511 P3711159 INFO Epoch 19/50, all_loss:1.29161 cls_loss:1.32583 rec_loss:0.64148 [26.12s]; best loss:1.29161, patience : 0
2026-07-23 02:14:08,584 P3711159 INFO pr:0.9232  rc:0.7147  auc:0.9960 ap:0.9583 f1: 0.8057 pred_right: 1069498 pred_wrong:26702 actu_right: 1061711 actu_wrong: 34489
2026-07-23 02:14:13,233 P3711159 INFO pr:0.9272  rc:0.7160  auc:0.9959 ap:0.9585 f1: 0.8080 pred_right: 458365 pred_wrong:11435 actu_right: 454992 actu_wrong: 14808
2026-07-23 02:14:13,237 P3711159 INFO ----------------------------------------------------------------------------------------------------
2026-07-23 02:14:13,237 P3711159 INFO 20/50 starting... lr: 0.001 para:0.0476190485060215
2026-07-23 02:14:33,706 P3711159 INFO Epoch 20/50, all_loss:1.24321 cls_loss:1.27067 rec_loss:0.69399 [20.46s]; best loss:1.24321, patience : 0
2026-07-23 02:14:44,546 P3711159 INFO pr:0.9007  rc:0.7517  auc:0.9962 ap:0.9598 f1: 0.8194 pred_right: 1067418 pred_wrong:28782 actu_right: 1061712 actu_wrong: 34488
2026-07-23 02:14:49,196 P3711159 INFO pr:0.9024  rc:0.7520  auc:0.9960 ap:0.9594 f1: 0.8204 pred_right: 457459 pred_wrong:12341 actu_right: 454992 actu_wrong: 14808
2026-07-23 02:14:49,201 P3711159 INFO ----------------------------------------------------------------------------------------------------
2026-07-23 02:14:49,201 P3711159 INFO 21/50 starting... lr: 0.001 para:0.04545454680919647
2026-07-23 02:15:09,551 P3711159 INFO Epoch 21/50, all_loss:1.25693 cls_loss:1.28235 rec_loss:0.72317 [20.35s]; best loss:1.24321, patience : 1
2026-07-23 02:15:21,562 P3711159 INFO pr:0.8930  rc:0.7749  auc:0.9966 ap:0.9613 f1: 0.8298 pred_right: 1066271 pred_wrong:29929 actu_right: 1061711 actu_wrong: 34489
2026-07-23 02:15:31,638 P3711159 INFO pr:0.8977  rc:0.7734  auc:0.9965 ap:0.9614 f1: 0.8309 pred_right: 457043 pred_wrong:12757 actu_right: 454992 actu_wrong: 14808
2026-07-23 02:15:31,645 P3711159 INFO ----------------------------------------------------------------------------------------------------
2026-07-23 02:15:31,645 P3711159 INFO 22/50 starting... lr: 0.001 para:0.043478261679410934
2026-07-23 02:15:52,729 P3711159 INFO Epoch 22/50, all_loss:1.20843 cls_loss:1.22815 rec_loss:0.77460 [21.08s]; best loss:1.20843, patience : 0
2026-07-23 02:16:03,199 P3711159 INFO pr:0.8984  rc:0.7675  auc:0.9962 ap:0.9632 f1: 0.8278 pred_right: 1066733 pred_wrong:29467 actu_right: 1061706 actu_wrong: 34494
2026-07-23 02:16:07,606 P3711159 INFO pr:0.8997  rc:0.7647  auc:0.9963 ap:0.9629 f1: 0.8267 pred_right: 457213 pred_wrong:12587 actu_right: 454992 actu_wrong: 14808
2026-07-23 02:16:07,607 P3711159 INFO ----------------------------------------------------------------------------------------------------
2026-07-23 02:16:07,607 P3711159 INFO 23/50 starting... lr: 0.001 para:0.0416666679084301
2026-07-23 02:16:28,753 P3711159 INFO Epoch 23/50, all_loss:1.19679 cls_loss:1.21304 rec_loss:0.82296 [21.14s]; best loss:1.19679, patience : 0
2026-07-23 02:16:40,759 P3711159 INFO pr:0.9308  rc:0.7320  auc:0.9965 ap:0.9634 f1: 0.8195 pred_right: 1069077 pred_wrong:27123 actu_right: 1061712 actu_wrong: 34488
2026-07-23 02:16:44,393 P3711159 INFO pr:0.9344  rc:0.7288  auc:0.9964 ap:0.9625 f1: 0.8189 pred_right: 458250 pred_wrong:11550 actu_right: 454992 actu_wrong: 14808
2026-07-23 02:16:44,393 P3711159 INFO ----------------------------------------------------------------------------------------------------
2026-07-23 02:16:44,394 P3711159 INFO 24/50 starting... lr: 0.001 para:0.03999999910593033
2026-07-23 02:17:11,693 P3711159 INFO Epoch 24/50, all_loss:1.19149 cls_loss:1.20412 rec_loss:0.88839 [27.30s]; best loss:1.19149, patience : 0
2026-07-23 02:17:22,561 P3711159 INFO pr:0.8851  rc:0.7845  auc:0.9961 ap:0.9641 f1: 0.8318 pred_right: 1065632 pred_wrong:30568 actu_right: 1061710 actu_wrong: 34490
2026-07-23 02:17:27,018 P3711159 INFO pr:0.8841  rc:0.7812  auc:0.9961 ap:0.9633 f1: 0.8295 pred_right: 456716 pred_wrong:13084 actu_right: 454992 actu_wrong: 14808
2026-07-23 02:17:27,022 P3711159 INFO ----------------------------------------------------------------------------------------------------
2026-07-23 02:17:27,022 P3711159 INFO 25/50 starting... lr: 0.001 para:0.03846153989434242
2026-07-23 02:17:47,626 P3711159 INFO Epoch 25/50, all_loss:1.14931 cls_loss:1.15785 rec_loss:0.93582 [20.60s]; best loss:1.14931, patience : 0
2026-07-23 02:17:58,239 P3711159 INFO pr:0.9241  rc:0.7291  auc:0.9961 ap:0.9635 f1: 0.8151 pred_right: 1068990 pred_wrong:27210 actu_right: 1061711 actu_wrong: 34489
2026-07-23 02:18:02,923 P3711159 INFO pr:0.9248  rc:0.7199  auc:0.9959 ap:0.9627 f1: 0.8096 pred_right: 458272 pred_wrong:11528 actu_right: 454992 actu_wrong: 14808
2026-07-23 02:18:02,924 P3711159 INFO ----------------------------------------------------------------------------------------------------
2026-07-23 02:18:02,924 P3711159 INFO 26/50 starting... lr: 0.001 para:0.03703703731298447
2026-07-23 02:18:23,366 P3711159 INFO Epoch 26/50, all_loss:1.12457 cls_loss:1.12838 rec_loss:1.02558 [20.44s]; best loss:1.12457, patience : 0
2026-07-23 02:18:41,229 P3711159 INFO pr:0.9091  rc:0.7964  auc:0.9971 ap:0.9678 f1: 0.8490 pred_right: 1065990 pred_wrong:30210 actu_right: 1061714 actu_wrong: 34486
2026-07-23 02:18:46,451 P3711159 INFO pr:0.9119  rc:0.7911  auc:0.9969 ap:0.9673 f1: 0.8472 pred_right: 456954 pred_wrong:12846 actu_right: 454992 actu_wrong: 14808
2026-07-23 02:18:46,456 P3711159 INFO ----------------------------------------------------------------------------------------------------
2026-07-23 02:18:46,456 P3711159 INFO 27/50 starting... lr: 0.001 para:0.0357142873108387
2026-07-23 02:19:07,631 P3711159 INFO Epoch 27/50, all_loss:1.10394 cls_loss:1.10407 rec_loss:1.10051 [21.17s]; best loss:1.10394, patience : 0
2026-07-23 02:19:18,408 P3711159 INFO pr:0.8677  rc:0.8469  auc:0.9975 ap:0.9715 f1: 0.8572 pred_right: 1062531 pred_wrong:33669 actu_right: 1061704 actu_wrong: 34496
2026-07-23 02:19:22,811 P3711159 INFO pr:0.8699  rc:0.8456  auc:0.9975 ap:0.9714 f1: 0.8576 pred_right: 455406 pred_wrong:14394 actu_right: 454992 actu_wrong: 14808
2026-07-23 02:19:22,815 P3711159 INFO ----------------------------------------------------------------------------------------------------
2026-07-23 02:19:22,816 P3711159 INFO 28/50 starting... lr: 0.001 para:0.03448275849223137
2026-07-23 02:19:43,666 P3711159 INFO Epoch 28/50, all_loss:1.08689 cls_loss:1.08411 rec_loss:1.16473 [20.85s]; best loss:1.08689, patience : 0
2026-07-23 02:19:54,830 P3711159 INFO pr:0.9342  rc:0.7582  auc:0.9972 ap:0.9706 f1: 0.8371 pred_right: 1068207 pred_wrong:27993 actu_right: 1061711 actu_wrong: 34489
2026-07-23 02:19:58,829 P3711159 INFO pr:0.9389  rc:0.7549  auc:0.9971 ap:0.9702 f1: 0.8369 pred_right: 457894 pred_wrong:11906 actu_right: 454992 actu_wrong: 14808
2026-07-23 02:19:58,830 P3711159 INFO ----------------------------------------------------------------------------------------------------
2026-07-23 02:19:58,830 P3711159 INFO 29/50 starting... lr: 0.001 para:0.03333333507180214
2026-07-23 02:20:26,460 P3711159 INFO Epoch 29/50, all_loss:1.04255 cls_loss:1.03632 rec_loss:1.22314 [27.63s]; best loss:1.04255, patience : 0
2026-07-23 02:20:37,109 P3711159 INFO pr:0.9003  rc:0.8278  auc:0.9976 ap:0.9712 f1: 0.8625 pred_right: 1064486 pred_wrong:31714 actu_right: 1061710 actu_wrong: 34490
2026-07-23 02:20:41,462 P3711159 INFO pr:0.9031  rc:0.8243  auc:0.9975 ap:0.9708 f1: 0.8619 pred_right: 456285 pred_wrong:13515 actu_right: 454992 actu_wrong: 14808
2026-07-23 02:20:41,470 P3711159 INFO ----------------------------------------------------------------------------------------------------
2026-07-23 02:20:41,470 P3711159 INFO 30/50 starting... lr: 0.001 para:0.032258063554763794
2026-07-23 02:21:02,203 P3711159 INFO Epoch 30/50, all_loss:1.03829 cls_loss:1.02969 rec_loss:1.29646 [20.73s]; best loss:1.03829, patience : 0
2026-07-23 02:21:12,802 P3711159 INFO pr:0.9231  rc:0.7979  auc:0.9975 ap:0.9735 f1: 0.8560 pred_right: 1066387 pred_wrong:29813 actu_right: 1061709 actu_wrong: 34491
2026-07-23 02:21:17,464 P3711159 INFO pr:0.9240  rc:0.7910  auc:0.9974 ap:0.9732 f1: 0.8524 pred_right: 457124 pred_wrong:12676 actu_right: 454992 actu_wrong: 14808
2026-07-23 02:21:17,465 P3711159 INFO ----------------------------------------------------------------------------------------------------
2026-07-23 02:21:17,465 P3711159 INFO 31/50 starting... lr: 0.001 para:0.03125
2026-07-23 02:21:37,792 P3711159 INFO Epoch 31/50, all_loss:1.02263 cls_loss:1.01192 rec_loss:1.35474 [20.32s]; best loss:1.02263, patience : 0
2026-07-23 02:21:56,547 P3711159 INFO pr:0.8844  rc:0.8607  auc:0.9974 ap:0.9747 f1: 0.8724 pred_right: 1062631 pred_wrong:33569 actu_right: 1061709 actu_wrong: 34491
2026-07-23 02:22:01,134 P3711159 INFO pr:0.8904  rc:0.8622  auc:0.9976 ap:0.9752 f1: 0.8761 pred_right: 455460 pred_wrong:14340 actu_right: 454992 actu_wrong: 14808
2026-07-23 02:22:01,141 P3711159 INFO ----------------------------------------------------------------------------------------------------
2026-07-23 02:22:01,141 P3711159 INFO 32/50 starting... lr: 0.001 para:0.03030303120613098
2026-07-23 02:22:22,128 P3711159 INFO Epoch 32/50, all_loss:0.98923 cls_loss:0.97535 rec_loss:1.43336 [20.98s]; best loss:0.98923, patience : 0
2026-07-23 02:22:33,048 P3711159 INFO pr:0.8526  rc:0.8896  auc:0.9979 ap:0.9743 f1: 0.8707 pred_right: 1060214 pred_wrong:35986 actu_right: 1061712 actu_wrong: 34488
2026-07-23 02:22:37,627 P3711159 INFO pr:0.8501  rc:0.8887  auc:0.9977 ap:0.9740 f1: 0.8690 pred_right: 454320 pred_wrong:15480 actu_right: 454992 actu_wrong: 14808
2026-07-23 02:22:37,628 P3711159 INFO ----------------------------------------------------------------------------------------------------
2026-07-23 02:22:37,628 P3711159 INFO 33/50 starting... lr: 0.001 para:0.029411764815449715
2026-07-23 02:22:59,662 P3711159 INFO Epoch 33/50, all_loss:0.94942 cls_loss:0.93341 rec_loss:1.47794 [22.03s]; best loss:0.94942, patience : 0
2026-07-23 02:23:08,821 P3711159 INFO pr:0.9312  rc:0.8123  auc:0.9982 ap:0.9792 f1: 0.8677 pred_right: 1066113 pred_wrong:30087 actu_right: 1061711 actu_wrong: 34489
2026-07-23 02:23:14,300 P3711159 INFO pr:0.9344  rc:0.8067  auc:0.9981 ap:0.9789 f1: 0.8658 pred_right: 457016 pred_wrong:12784 actu_right: 454992 actu_wrong: 14808
2026-07-23 02:23:14,302 P3711159 INFO ----------------------------------------------------------------------------------------------------
2026-07-23 02:23:14,302 P3711159 INFO 34/50 starting... lr: 0.001 para:0.02857142873108387
2026-07-23 02:23:41,459 P3711159 INFO Epoch 34/50, all_loss:0.95263 cls_loss:0.93542 rec_loss:1.53779 [27.16s]; best loss:0.94942, patience : 1
2026-07-23 02:23:51,974 P3711159 INFO pr:0.8997  rc:0.8553  auc:0.9982 ap:0.9784 f1: 0.8770 pred_right: 1063411 pred_wrong:32789 actu_right: 1061711 actu_wrong: 34489
2026-07-23 02:23:56,261 P3711159 INFO pr:0.9000  rc:0.8526  auc:0.9981 ap:0.9782 f1: 0.8757 pred_right: 455771 pred_wrong:14029 actu_right: 454992 actu_wrong: 14808
2026-07-23 02:23:56,265 P3711159 INFO ----------------------------------------------------------------------------------------------------
2026-07-23 02:23:56,265 P3711159 INFO 35/50 starting... lr: 0.001 para:0.02777777798473835
2026-07-23 02:24:17,206 P3711159 INFO Epoch 35/50, all_loss:0.93920 cls_loss:0.92053 rec_loss:1.59252 [20.94s]; best loss:0.93920, patience : 0
2026-07-23 02:24:28,020 P3711159 INFO pr:0.9049  rc:0.8576  auc:0.9983 ap:0.9785 f1: 0.8807 pred_right: 1063513 pred_wrong:32687 actu_right: 1061710 actu_wrong: 34490
2026-07-23 02:24:33,886 P3711159 INFO pr:0.9055  rc:0.8553  auc:0.9980 ap:0.9774 f1: 0.8797 pred_right: 455814 pred_wrong:13986 actu_right: 454992 actu_wrong: 14808
2026-07-23 02:24:33,890 P3711159 INFO ----------------------------------------------------------------------------------------------------
2026-07-23 02:24:33,890 P3711159 INFO 36/50 starting... lr: 0.001 para:0.027027027681469917
2026-07-23 02:24:59,744 P3711159 INFO Epoch 36/50, all_loss:0.90388 cls_loss:0.88414 rec_loss:1.61443 [25.85s]; best loss:0.90388, patience : 0
2026-07-23 02:25:10,516 P3711159 INFO pr:0.9124  rc:0.8359  auc:0.9974 ap:0.9767 f1: 0.8725 pred_right: 1064600 pred_wrong:31600 actu_right: 1061710 actu_wrong: 34490
2026-07-23 02:25:15,007 P3711159 INFO pr:0.9154  rc:0.8335  auc:0.9973 ap:0.9763 f1: 0.8725 pred_right: 456316 pred_wrong:13484 actu_right: 454992 actu_wrong: 14808
2026-07-23 02:25:15,008 P3711159 INFO ----------------------------------------------------------------------------------------------------
2026-07-23 02:25:15,008 P3711159 INFO 37/50 starting... lr: 0.001 para:0.02631578966975212
2026-07-23 02:25:35,916 P3711159 INFO Epoch 37/50, all_loss:0.88122 cls_loss:0.86063 rec_loss:1.64301 [20.90s]; best loss:0.88122, patience : 0
2026-07-23 02:25:46,251 P3711159 INFO pr:0.9147  rc:0.8523  auc:0.9983 ap:0.9811 f1: 0.8824 pred_right: 1064064 pred_wrong:32136 actu_right: 1061712 actu_wrong: 34488
2026-07-23 02:25:50,801 P3711159 INFO pr:0.9182  rc:0.8466  auc:0.9983 ap:0.9810 f1: 0.8810 pred_right: 456146 pred_wrong:13654 actu_right: 454992 actu_wrong: 14808
2026-07-23 02:25:50,805 P3711159 INFO ----------------------------------------------------------------------------------------------------
2026-07-23 02:25:50,805 P3711159 INFO 38/50 starting... lr: 0.001 para:0.025641025975346565
2026-07-23 02:26:11,757 P3711159 INFO Epoch 38/50, all_loss:0.84543 cls_loss:0.82326 rec_loss:1.68813 [20.95s]; best loss:0.84543, patience : 0
2026-07-23 02:26:22,504 P3711159 INFO pr:0.9047  rc:0.8425  auc:0.9982 ap:0.9772 f1: 0.8725 pred_right: 1064086 pred_wrong:32114 actu_right: 1061714 actu_wrong: 34486
2026-07-23 02:26:32,826 P3711159 INFO pr:0.9064  rc:0.8335  auc:0.9979 ap:0.9769 f1: 0.8684 pred_right: 456183 pred_wrong:13617 actu_right: 454992 actu_wrong: 14808
2026-07-23 02:26:32,828 P3711159 INFO ----------------------------------------------------------------------------------------------------
2026-07-23 02:26:32,828 P3711159 INFO 39/50 starting... lr: 0.001 para:0.02500000037252903
2026-07-23 02:26:54,830 P3711159 INFO Epoch 39/50, all_loss:0.86412 cls_loss:0.84273 rec_loss:1.69863 [22.00s]; best loss:0.84543, patience : 1
2026-07-23 02:27:05,355 P3711159 INFO pr:0.9195  rc:0.8441  auc:0.9986 ap:0.9806 f1: 0.8802 pred_right: 1064536 pred_wrong:31664 actu_right: 1061707 actu_wrong: 34493
2026-07-23 02:27:09,865 P3711159 INFO pr:0.9214  rc:0.8396  auc:0.9984 ap:0.9803 f1: 0.8786 pred_right: 456307 pred_wrong:13493 actu_right: 454992 actu_wrong: 14808
2026-07-23 02:27:09,866 P3711159 INFO ----------------------------------------------------------------------------------------------------
2026-07-23 02:27:09,866 P3711159 INFO 40/50 starting... lr: 0.001 para:0.024390242993831635
2026-07-23 02:27:31,031 P3711159 INFO Epoch 40/50, all_loss:0.83401 cls_loss:0.81215 rec_loss:1.70856 [21.16s]; best loss:0.83401, patience : 0
2026-07-23 02:27:43,022 P3711159 INFO pr:0.8883  rc:0.8951  auc:0.9984 ap:0.9807 f1: 0.8917 pred_right: 1061449 pred_wrong:34751 actu_right: 1061711 actu_wrong: 34489
2026-07-23 02:27:46,636 P3711159 INFO pr:0.8882  rc:0.8914  auc:0.9983 ap:0.9800 f1: 0.8898 pred_right: 454939 pred_wrong:14861 actu_right: 454992 actu_wrong: 14808
2026-07-23 02:27:46,640 P3711159 INFO ----------------------------------------------------------------------------------------------------
2026-07-23 02:27:46,640 P3711159 INFO 41/50 starting... lr: 0.001 para:0.02380952425301075
2026-07-23 02:28:13,740 P3711159 INFO Epoch 41/50, all_loss:0.82771 cls_loss:0.80583 rec_loss:1.72509 [27.10s]; best loss:0.82771, patience : 0
2026-07-23 02:28:24,170 P3711159 INFO pr:0.8892  rc:0.9160  auc:0.9983 ap:0.9808 f1: 0.9024 pred_right: 1060673 pred_wrong:35527 actu_right: 1061714 actu_wrong: 34486
2026-07-23 02:28:28,481 P3711159 INFO pr:0.8882  rc:0.9124  auc:0.9983 ap:0.9802 f1: 0.9001 pred_right: 454588 pred_wrong:15212 actu_right: 454992 actu_wrong: 14808
2026-07-23 02:28:28,485 P3711159 INFO ----------------------------------------------------------------------------------------------------
2026-07-23 02:28:28,485 P3711159 INFO 42/50 starting... lr: 0.001 para:0.023255813866853714
2026-07-23 02:28:49,452 P3711159 INFO Epoch 42/50, all_loss:0.81079 cls_loss:0.78934 rec_loss:1.71188 [20.96s]; best loss:0.81079, patience : 0
2026-07-23 02:29:00,260 P3711159 INFO pr:0.9065  rc:0.8849  auc:0.9984 ap:0.9823 f1: 0.8956 pred_right: 1062532 pred_wrong:33668 actu_right: 1061710 actu_wrong: 34490
2026-07-23 02:29:04,872 P3711159 INFO pr:0.9044  rc:0.8806  auc:0.9983 ap:0.9814 f1: 0.8923 pred_right: 455381 pred_wrong:14419 actu_right: 454992 actu_wrong: 14808
2026-07-23 02:29:04,873 P3711159 INFO ----------------------------------------------------------------------------------------------------
2026-07-23 02:29:04,873 P3711159 INFO 43/50 starting... lr: 0.001 para:0.022727273404598236
2026-07-23 02:29:25,172 P3711159 INFO Epoch 43/50, all_loss:0.80687 cls_loss:0.78488 rec_loss:1.75235 [20.29s]; best loss:0.80687, patience : 0
2026-07-23 02:29:44,239 P3711159 INFO pr:0.9173  rc:0.8726  auc:0.9985 ap:0.9829 f1: 0.8944 pred_right: 1063392 pred_wrong:32808 actu_right: 1061713 actu_wrong: 34487
2026-07-23 02:29:48,986 P3711159 INFO pr:0.9181  rc:0.8682  auc:0.9984 ap:0.9828 f1: 0.8925 pred_right: 455796 pred_wrong:14004 actu_right: 454992 actu_wrong: 14808
2026-07-23 02:29:48,987 P3711159 INFO ----------------------------------------------------------------------------------------------------
2026-07-23 02:29:48,987 P3711159 INFO 44/50 starting... lr: 0.001 para:0.02222222276031971
2026-07-23 02:30:09,950 P3711159 INFO Epoch 44/50, all_loss:0.80279 cls_loss:0.78093 rec_loss:1.76431 [20.96s]; best loss:0.80279, patience : 0
2026-07-23 02:30:20,952 P3711159 INFO pr:0.8998  rc:0.8827  auc:0.9981 ap:0.9802 f1: 0.8912 pred_right: 1062368 pred_wrong:33832 actu_right: 1061713 actu_wrong: 34487
2026-07-23 02:30:25,441 P3711159 INFO pr:0.8990  rc:0.8805  auc:0.9980 ap:0.9795 f1: 0.8897 pred_right: 455296 pred_wrong:14504 actu_right: 454992 actu_wrong: 14808
2026-07-23 02:30:25,441 P3711159 INFO ----------------------------------------------------------------------------------------------------
2026-07-23 02:30:25,442 P3711159 INFO 45/50 starting... lr: 0.001 para:0.021739130839705467
2026-07-23 02:30:46,617 P3711159 INFO Epoch 45/50, all_loss:0.77912 cls_loss:0.75675 rec_loss:1.78589 [21.17s]; best loss:0.77912, patience : 0
2026-07-23 02:30:57,463 P3711159 INFO pr:0.9109  rc:0.8865  auc:0.9987 ap:0.9836 f1: 0.8985 pred_right: 1062639 pred_wrong:33561 actu_right: 1061715 actu_wrong: 34485
2026-07-23 02:31:01,572 P3711159 INFO pr:0.9109  rc:0.8812  auc:0.9985 ap:0.9828 f1: 0.8958 pred_right: 455474 pred_wrong:14326 actu_right: 454992 actu_wrong: 14808
2026-07-23 02:31:01,573 P3711159 INFO ----------------------------------------------------------------------------------------------------
2026-07-23 02:31:01,573 P3711159 INFO 46/50 starting... lr: 0.001 para:0.021276595070958138
2026-07-23 02:31:29,353 P3711159 INFO Epoch 46/50, all_loss:0.76737 cls_loss:0.74546 rec_loss:1.77563 [27.78s]; best loss:0.76737, patience : 0
2026-07-23 02:31:40,237 P3711159 INFO pr:0.9183  rc:0.8926  auc:0.9989 ap:0.9855 f1: 0.9053 pred_right: 1062671 pred_wrong:33529 actu_right: 1061707 actu_wrong: 34493
2026-07-23 02:31:44,724 P3711159 INFO pr:0.9154  rc:0.8899  auc:0.9987 ap:0.9845 f1: 0.9024 pred_right: 455405 pred_wrong:14395 actu_right: 454992 actu_wrong: 14808
2026-07-23 02:31:44,729 P3711159 INFO ----------------------------------------------------------------------------------------------------
2026-07-23 02:31:44,729 P3711159 INFO 47/50 starting... lr: 0.001 para:0.02083333395421505
2026-07-23 02:32:05,609 P3711159 INFO Epoch 47/50, all_loss:0.74461 cls_loss:0.72231 rec_loss:1.79280 [20.88s]; best loss:0.74461, patience : 0
2026-07-23 02:32:16,658 P3711159 INFO pr:0.8850  rc:0.9018  auc:0.9983 ap:0.9793 f1: 0.8934 pred_right: 1061063 pred_wrong:35137 actu_right: 1061717 actu_wrong: 34483
2026-07-23 02:32:21,310 P3711159 INFO pr:0.8843  rc:0.9003  auc:0.9982 ap:0.9791 f1: 0.8923 pred_right: 454724 pred_wrong:15076 actu_right: 454992 actu_wrong: 14808
2026-07-23 02:32:21,310 P3711159 INFO ----------------------------------------------------------------------------------------------------
2026-07-23 02:32:21,311 P3711159 INFO 48/50 starting... lr: 0.001 para:0.020408162847161293
2026-07-23 02:32:45,444 P3711159 INFO Epoch 48/50, all_loss:0.75659 cls_loss:0.73427 rec_loss:1.82777 [24.13s]; best loss:0.74461, patience : 1
2026-07-23 02:32:59,768 P3711159 INFO pr:0.8823  rc:0.9427  auc:0.9984 ap:0.9850 f1: 0.9115 pred_right: 1059355 pred_wrong:36845 actu_right: 1061713 actu_wrong: 34487
2026-07-23 02:33:04,265 P3711159 INFO pr:0.8824  rc:0.9426  auc:0.9983 ap:0.9844 f1: 0.9115 pred_right: 453982 pred_wrong:15818 actu_right: 454992 actu_wrong: 14808
2026-07-23 02:33:04,269 P3711159 INFO ----------------------------------------------------------------------------------------------------
2026-07-23 02:33:04,270 P3711159 INFO 49/50 starting... lr: 0.001 para:0.019999999552965164
2026-07-23 02:33:24,798 P3711159 INFO Epoch 49/50, all_loss:0.71644 cls_loss:0.69356 rec_loss:1.83725 [20.52s]; best loss:0.71644, patience : 0
2026-07-23 02:33:35,296 P3711159 INFO pr:0.9017  rc:0.9144  auc:0.9990 ap:0.9849 f1: 0.9080 pred_right: 1061228 pred_wrong:34972 actu_right: 1061712 actu_wrong: 34488
2026-07-23 02:33:39,906 P3711159 INFO pr:0.9014  rc:0.9127  auc:0.9987 ap:0.9841 f1: 0.9070 pred_right: 454806 pred_wrong:14994 actu_right: 454992 actu_wrong: 14808
2026-07-23 02:33:39,907 P3711159 INFO saving model...
2026-07-23 02:33:39,907 P3711159 INFO FITS_Legendre - loss  best score:0.7164353728294373 at epoch 49
2026-07-23 02:33:39,913 P3711159 INFO FITS_Legendre - f1  best score:0.9115123647170975 at epoch 48
2026-07-23 02:33:39,919 P3711159 INFO Average training time per epoch: 22.25 seconds
2026-07-23 02:33:39,920 P3711159 INFO calculate scores...
2026-07-23 02:33:39,920 P3711159 INFO calculate label with loss...
2026-07-23 02:33:39,920 P3711159 INFO FITS_Legendre on ./result/server_only_exps/Sensitivity/FITS_Legendre-TT-Epochs50-Seed1-ExpNameRQ3_sensitivity_auxi_lambda-LPFLPF-Attnlinear_attn-NormLinTrue-RecLambda1.0-AuxiLambda0.01-Degree5-lowshow-simplegraph loading...
2026-07-23 02:33:44,460 P3711159 INFO pr:0.9014  rc:0.9127  auc:0.9987 ap:0.9841 f1: 0.9070 pred_right: 454806 pred_wrong:14994 actu_right: 454992 actu_wrong: 14808
2026-07-23 02:33:53,164 P3711159 INFO pr:0.9014  rc:0.9127  auc:0.9987 ap:0.9841 f1: 0.9070 pred_right: 454806 pred_wrong:14994 actu_right: 454992 actu_wrong: 14808
2026-07-23 02:33:53,164 P3711159 INFO Performance Summary:
{'GPU': {'inference_time_per_sample_ms': 0.22729408097732492, 'throughput_samples_per_sec': 4399.5866311176005, 'peak_memory_mb': 87.724609375, 'energy_per_sample_joules': 0.012081589580268727}, 'CPU': {'inference_time_per_sample_ms': 0.46641496785335784, 'throughput_samples_per_sec': 2144.0135264149644, 'peak_memory_mb': 5572.625, 'energy_per_sample_joules': 0.030316972910468257}}
2026-07-23 02:33:53,165 P3711159 INFO Starting clean-room hardware benchmarking...
2026-07-23 02:33:54,106 P3711159 INFO Performance with loss: pr:0.9014  rc:0.9127  auc:0.9987 ap:0.9841 f1: 0.9070 pred_right: 454806 pred_wrong:14994 actu_right: 454992 actu_wrong: 14808
2026-07-23 02:33:54,106 P3711159 INFO calculate label with f1...
2026-07-23 02:33:54,107 P3711159 INFO FITS_Legendre on ./result/server_only_exps/Sensitivity/FITS_Legendre-TT-Epochs50-Seed1-ExpNameRQ3_sensitivity_auxi_lambda-LPFLPF-Attnlinear_attn-NormLinTrue-RecLambda1.0-AuxiLambda0.01-Degree5-lowshow-simplegraph loading...
2026-07-23 02:33:58,746 P3711159 INFO pr:0.8824  rc:0.9426  auc:0.9983 ap:0.9844 f1: 0.9115 pred_right: 453982 pred_wrong:15818 actu_right: 454992 actu_wrong: 14808
2026-07-23 02:34:07,215 P3711159 INFO pr:0.8824  rc:0.9426  auc:0.9983 ap:0.9844 f1: 0.9115 pred_right: 453982 pred_wrong:15818 actu_right: 454992 actu_wrong: 14808
2026-07-23 02:34:07,216 P3711159 INFO Performance Summary:
{'GPU': {'inference_time_per_sample_ms': 0.23380665127637054, 'throughput_samples_per_sec': 4277.038290146641, 'peak_memory_mb': 87.220703125, 'energy_per_sample_joules': 0.012699792780704256}, 'CPU': {'inference_time_per_sample_ms': 0.4566037695936166, 'throughput_samples_per_sec': 2190.0826637721657, 'peak_memory_mb': 5579.82421875, 'energy_per_sample_joules': 0.02967924502358508}}
2026-07-23 02:34:07,216 P3711159 INFO Starting clean-room hardware benchmarking...
2026-07-23 02:34:07,961 P3711159 INFO Performance with f1: pr:0.8824  rc:0.9426  auc:0.9983 ap:0.9844 f1: 0.9115 pred_right: 453982 pred_wrong:15818 actu_right: 454992 actu_wrong: 14808
