2026-07-20 19:43:21,671 P1988676 INFO ---- Model: ----MSTGAD-4c704e2e----random_seed : 1----req_loss_approach : Normal-Recreation----rec_lambda : 1.0----auxi_lambda : 0.2----Freq Domain : Art----Multi Fits : false----train : True----evaluate : False
2026-07-20 19:43:21,671 P1988676 INFO Load from /home/db2003/Desktop/Amr/Tests/Eadro/codes/chunks/TT
2026-07-20 19:43:31,658 P1988676 INFO Fewshot: training with 1.0 of the 70% of the data
2026-07-20 19:43:31,755 P1988676 INFO Trainable Parameters Breakdown:
2026-07-20 19:43:31,755 P1988676 INFO --------------------------------------------------------------------------------
2026-07-20 19:43:31,755 P1988676 INFO Reconstruction-Specific Parameters:
2026-07-20 19:43:31,755 P1988676 INFO Art_Model.metric_proj.weight             | shape: (8, 7)                    | params: 56
2026-07-20 19:43:31,755 P1988676 INFO Art_Model.metric_proj.bias               | shape: (8,)                      | params: 8
2026-07-20 19:43:31,755 P1988676 INFO Art_Model.log_proj.weight                | shape: (32, 60)                  | params: 1,920
2026-07-20 19:43:31,755 P1988676 INFO Art_Model.log_proj.bias                  | shape: (32,)                     | params: 32
2026-07-20 19:43:31,755 P1988676 INFO Art_Model.trace_proj.weight              | shape: (8, 2)                    | params: 16
2026-07-20 19:43:31,755 P1988676 INFO Art_Model.trace_proj.bias                | shape: (8,)                      | params: 8
2026-07-20 19:43:31,755 P1988676 INFO Art_Model.model.extractor.TFEncoder.transformer_encoder_layer.self_attn.in_proj_weight | shape: (81, 27)                  | params: 2,187
2026-07-20 19:43:31,755 P1988676 INFO Art_Model.model.extractor.TFEncoder.transformer_encoder_layer.self_attn.in_proj_bias | shape: (81,)                     | params: 81
2026-07-20 19:43:31,755 P1988676 INFO Art_Model.model.extractor.TFEncoder.transformer_encoder_layer.self_attn.out_proj.weight | shape: (27, 27)                  | params: 729
2026-07-20 19:43:31,755 P1988676 INFO Art_Model.model.extractor.TFEncoder.transformer_encoder_layer.self_attn.out_proj.bias | shape: (27,)                     | params: 27
2026-07-20 19:43:31,755 P1988676 INFO Art_Model.model.extractor.TFEncoder.transformer_encoder_layer.linear1.weight | shape: (54, 27)                  | params: 1,458
2026-07-20 19:43:31,755 P1988676 INFO Art_Model.model.extractor.TFEncoder.transformer_encoder_layer.linear1.bias | shape: (54,)                     | params: 54
2026-07-20 19:43:31,756 P1988676 INFO Art_Model.model.extractor.TFEncoder.transformer_encoder_layer.linear2.weight | shape: (27, 54)                  | params: 1,458
2026-07-20 19:43:31,756 P1988676 INFO Art_Model.model.extractor.TFEncoder.transformer_encoder_layer.linear2.bias | shape: (27,)                     | params: 27
2026-07-20 19:43:31,756 P1988676 INFO Art_Model.model.extractor.TFEncoder.transformer_encoder_layer.norm1.weight | shape: (27,)                     | params: 27
2026-07-20 19:43:31,756 P1988676 INFO Art_Model.model.extractor.TFEncoder.transformer_encoder_layer.norm1.bias | shape: (27,)                     | params: 27
2026-07-20 19:43:31,756 P1988676 INFO Art_Model.model.extractor.TFEncoder.transformer_encoder_layer.norm2.weight | shape: (27,)                     | params: 27
2026-07-20 19:43:31,756 P1988676 INFO Art_Model.model.extractor.TFEncoder.transformer_encoder_layer.norm2.bias | shape: (27,)                     | params: 27
2026-07-20 19:43:31,756 P1988676 INFO Art_Model.model.extractor.TFEncoder.transformer_encoder.layers.0.self_attn.in_proj_weight | shape: (81, 27)                  | params: 2,187
2026-07-20 19:43:31,756 P1988676 INFO Art_Model.model.extractor.TFEncoder.transformer_encoder.layers.0.self_attn.in_proj_bias | shape: (81,)                     | params: 81
2026-07-20 19:43:31,756 P1988676 INFO Art_Model.model.extractor.TFEncoder.transformer_encoder.layers.0.self_attn.out_proj.weight | shape: (27, 27)                  | params: 729
2026-07-20 19:43:31,756 P1988676 INFO Art_Model.model.extractor.TFEncoder.transformer_encoder.layers.0.self_attn.out_proj.bias | shape: (27,)                     | params: 27
2026-07-20 19:43:31,756 P1988676 INFO Art_Model.model.extractor.TFEncoder.transformer_encoder.layers.0.linear1.weight | shape: (54, 27)                  | params: 1,458
2026-07-20 19:43:31,756 P1988676 INFO Art_Model.model.extractor.TFEncoder.transformer_encoder.layers.0.linear1.bias | shape: (54,)                     | params: 54
2026-07-20 19:43:31,756 P1988676 INFO Art_Model.model.extractor.TFEncoder.transformer_encoder.layers.0.linear2.weight | shape: (27, 54)                  | params: 1,458
2026-07-20 19:43:31,756 P1988676 INFO Art_Model.model.extractor.TFEncoder.transformer_encoder.layers.0.linear2.bias | shape: (27,)                     | params: 27
2026-07-20 19:43:31,756 P1988676 INFO Art_Model.model.extractor.TFEncoder.transformer_encoder.layers.0.norm1.weight | shape: (27,)                     | params: 27
2026-07-20 19:43:31,756 P1988676 INFO Art_Model.model.extractor.TFEncoder.transformer_encoder.layers.0.norm1.bias | shape: (27,)                     | params: 27
2026-07-20 19:43:31,756 P1988676 INFO Art_Model.model.extractor.TFEncoder.transformer_encoder.layers.0.norm2.weight | shape: (27,)                     | params: 27
2026-07-20 19:43:31,756 P1988676 INFO Art_Model.model.extractor.TFEncoder.transformer_encoder.layers.0.norm2.bias | shape: (27,)                     | params: 27
2026-07-20 19:43:31,756 P1988676 INFO Art_Model.model.extractor.GRUEncoder.weight_ih_l0 | shape: (96, 48)                  | params: 4,608
2026-07-20 19:43:31,756 P1988676 INFO Art_Model.model.extractor.GRUEncoder.weight_hh_l0 | shape: (96, 32)                  | params: 3,072
2026-07-20 19:43:31,756 P1988676 INFO Art_Model.model.extractor.GraphEncoder.input_conv.lin_rel.weight | shape: (64, 32)                  | params: 2,048
2026-07-20 19:43:31,756 P1988676 INFO Art_Model.model.extractor.GraphEncoder.input_conv.lin_rel.bias | shape: (64,)                     | params: 64
2026-07-20 19:43:31,756 P1988676 INFO Art_Model.model.extractor.GraphEncoder.input_conv.lin_root.weight | shape: (64, 32)                  | params: 2,048
2026-07-20 19:43:31,756 P1988676 INFO Art_Model.model.extractor.GraphEncoder.convs.0.lin_rel.weight | shape: (32, 64)                  | params: 2,048
2026-07-20 19:43:31,756 P1988676 INFO Art_Model.model.extractor.GraphEncoder.convs.0.lin_rel.bias | shape: (32,)                     | params: 32
2026-07-20 19:43:31,756 P1988676 INFO Art_Model.model.extractor.GraphEncoder.convs.0.lin_root.weight | shape: (32, 64)                  | params: 2,048
2026-07-20 19:43:31,756 P1988676 INFO Art_Model.model.regressor.mlp.weight     | shape: (48, 32)                  | params: 1,536
2026-07-20 19:43:31,756 P1988676 INFO Art_Model.model.regressor.mlp.bias       | shape: (48,)                     | params: 48
2026-07-20 19:43:31,756 P1988676 INFO Art_Model.out.weight                     | shape: (69, 48)                  | params: 3,312
2026-07-20 19:43:31,756 P1988676 INFO Art_Model.out.bias                       | shape: (69,)                     | params: 69
2026-07-20 19:43:31,756 P1988676 INFO Subtotal: 35,231
2026-07-20 19:43:31,757 P1988676 INFO --------------------------------------------------------------------------------
2026-07-20 19:43:31,757 P1988676 INFO Common Parameters:
2026-07-20 19:43:31,757 P1988676 INFO show.0.weight                            | shape: (128, 69)                 | params: 8,832
2026-07-20 19:43:31,757 P1988676 INFO show.0.bias                              | shape: (128,)                    | params: 128
2026-07-20 19:43:31,757 P1988676 INFO show.2.weight                            | shape: (2, 128)                  | params: 256
2026-07-20 19:43:31,757 P1988676 INFO show.2.bias                              | shape: (2,)                      | params: 2
2026-07-20 19:43:31,757 P1988676 INFO Subtotal: 9,218
2026-07-20 19:43:31,757 P1988676 INFO --------------------------------------------------------------------------------
2026-07-20 19:43:31,757 P1988676 INFO Total Trainable Parameters: 44,449

2026-07-20 19:43:31,757 P1988676 INFO Trainable Parameters: 44449, reconstruction: 35231, common: 9218
2026-07-20 19:43:31,757 P1988676 INFO model : init weight
2026-07-20 19:43:31,757 P1988676 INFO Using GPU...
2026-07-20 19:43:31,772 P1988676 INFO optimizer : using AdaBelief
2026-07-20 19:43:31,772 P1988676 INFO ----------------------------------------------------------------------------------------------------
2026-07-20 19:43:31,772 P1988676 INFO 0/50 starting... lr: 0.001 para:1.0
2026-07-20 19:43:58,102 P1988676 INFO Epoch 0/50, all_loss:0.00831 cls_loss:31.90857 rec_loss:0.00831 [26.33s]; best loss:0.00831, patience : 0
2026-07-20 19:43:58,103 P1988676 INFO ----------------------------------------------------------------------------------------------------
2026-07-20 19:43:58,103 P1988676 INFO 1/50 starting... lr: 0.001 para:0.5
2026-07-20 19:44:16,866 P1988676 INFO Epoch 1/50, all_loss:2.71700 cls_loss:5.36687 rec_loss:0.06713 [18.76s]; best loss:2.71700, patience : 0
2026-07-20 19:44:16,866 P1988676 INFO ----------------------------------------------------------------------------------------------------
2026-07-20 19:44:16,866 P1988676 INFO 2/50 starting... lr: 0.001 para:0.3333333432674408
2026-07-20 19:44:35,508 P1988676 INFO Epoch 2/50, all_loss:0.79866 cls_loss:1.16286 rec_loss:0.07024 [18.64s]; best loss:0.79866, patience : 0
2026-07-20 19:44:43,583 P1988676 INFO pr:0.8367  rc:0.9696  auc:0.9977 ap:0.9721 f1: 0.8983 pred_right: 1056229 pred_wrong:39971 actu_right: 1061711 actu_wrong: 34489
2026-07-20 19:44:46,617 P1988676 INFO pr:0.8403  rc:0.9689  auc:0.9978 ap:0.9730 f1: 0.9000 pred_right: 452726 pred_wrong:17074 actu_right: 454992 actu_wrong: 14808
2026-07-20 19:44:46,621 P1988676 INFO ----------------------------------------------------------------------------------------------------
2026-07-20 19:44:46,621 P1988676 INFO 3/50 starting... lr: 0.001 para:0.25
2026-07-20 19:45:06,072 P1988676 INFO Epoch 3/50, all_loss:0.67668 cls_loss:0.88370 rec_loss:0.05563 [19.44s]; best loss:0.67668, patience : 0
2026-07-20 19:45:21,286 P1988676 INFO pr:0.8424  rc:0.9841  auc:0.9983 ap:0.9782 f1: 0.9078 pred_right: 1055911 pred_wrong:40289 actu_right: 1061711 actu_wrong: 34489
2026-07-20 19:45:25,488 P1988676 INFO pr:0.8426  rc:0.9827  auc:0.9985 ap:0.9788 f1: 0.9073 pred_right: 452530 pred_wrong:17270 actu_right: 454992 actu_wrong: 14808
2026-07-20 19:45:25,493 P1988676 INFO ----------------------------------------------------------------------------------------------------
2026-07-20 19:45:25,493 P1988676 INFO 4/50 starting... lr: 0.001 para:0.20000000298023224
2026-07-20 19:45:44,384 P1988676 INFO Epoch 4/50, all_loss:0.61062 cls_loss:0.75167 rec_loss:0.04646 [18.89s]; best loss:0.61062, patience : 0
2026-07-20 19:45:52,239 P1988676 INFO pr:0.8333  rc:0.9932  auc:0.9986 ap:0.9795 f1: 0.9062 pred_right: 1055093 pred_wrong:41107 actu_right: 1061711 actu_wrong: 34489
2026-07-20 19:45:55,359 P1988676 INFO pr:0.8340  rc:0.9910  auc:0.9987 ap:0.9802 f1: 0.9057 pred_right: 452206 pred_wrong:17594 actu_right: 454992 actu_wrong: 14808
2026-07-20 19:45:55,360 P1988676 INFO ----------------------------------------------------------------------------------------------------
2026-07-20 19:45:55,360 P1988676 INFO 5/50 starting... lr: 0.001 para:0.1666666716337204
2026-07-20 19:46:14,335 P1988676 INFO Epoch 5/50, all_loss:0.58140 cls_loss:0.68948 rec_loss:0.04100 [18.97s]; best loss:0.58140, patience : 0
2026-07-20 19:46:22,186 P1988676 INFO pr:0.8763  rc:0.9825  auc:0.9987 ap:0.9824 f1: 0.9263 pred_right: 1057527 pred_wrong:38673 actu_right: 1061708 actu_wrong: 34492
2026-07-20 19:46:25,487 P1988676 INFO pr:0.8773  rc:0.9793  auc:0.9987 ap:0.9824 f1: 0.9255 pred_right: 453270 pred_wrong:16530 actu_right: 454992 actu_wrong: 14808
2026-07-20 19:46:25,491 P1988676 INFO ----------------------------------------------------------------------------------------------------
2026-07-20 19:46:25,491 P1988676 INFO 6/50 starting... lr: 0.001 para:0.1428571492433548
2026-07-20 19:46:44,738 P1988676 INFO Epoch 6/50, all_loss:0.56607 cls_loss:0.65424 rec_loss:0.03705 [19.24s]; best loss:0.56607, patience : 0
2026-07-20 19:46:58,638 P1988676 INFO pr:0.8709  rc:0.9906  auc:0.9991 ap:0.9850 f1: 0.9269 pred_right: 1056971 pred_wrong:39229 actu_right: 1061709 actu_wrong: 34491
2026-07-20 19:47:03,019 P1988676 INFO pr:0.8745  rc:0.9899  auc:0.9991 ap:0.9848 f1: 0.9286 pred_right: 453038 pred_wrong:16762 actu_right: 454992 actu_wrong: 14808
2026-07-20 19:47:03,024 P1988676 INFO ----------------------------------------------------------------------------------------------------
2026-07-20 19:47:03,025 P1988676 INFO 7/50 starting... lr: 0.001 para:0.125
2026-07-20 19:47:21,971 P1988676 INFO Epoch 7/50, all_loss:0.53917 cls_loss:0.61135 rec_loss:0.03388 [18.94s]; best loss:0.53917, patience : 0
2026-07-20 19:47:30,854 P1988676 INFO pr:0.8846  rc:0.9879  auc:0.9990 ap:0.9839 f1: 0.9334 pred_right: 1057680 pred_wrong:38520 actu_right: 1061708 actu_wrong: 34492
2026-07-20 19:47:34,402 P1988676 INFO pr:0.8868  rc:0.9856  auc:0.9991 ap:0.9843 f1: 0.9336 pred_right: 453342 pred_wrong:16458 actu_right: 454992 actu_wrong: 14808
2026-07-20 19:47:34,407 P1988676 INFO ----------------------------------------------------------------------------------------------------
2026-07-20 19:47:34,407 P1988676 INFO 8/50 starting... lr: 0.001 para:0.1111111119389534
2026-07-20 19:47:53,007 P1988676 INFO Epoch 8/50, all_loss:0.52553 cls_loss:0.58732 rec_loss:0.03116 [18.59s]; best loss:0.52553, patience : 0
2026-07-20 19:48:01,894 P1988676 INFO pr:0.8859  rc:0.9929  auc:0.9991 ap:0.9865 f1: 0.9363 pred_right: 1057544 pred_wrong:38656 actu_right: 1061711 actu_wrong: 34489
2026-07-20 19:48:05,638 P1988676 INFO pr:0.8881  rc:0.9914  auc:0.9992 ap:0.9864 f1: 0.9369 pred_right: 453270 pred_wrong:16530 actu_right: 454992 actu_wrong: 14808
2026-07-20 19:48:05,643 P1988676 INFO ----------------------------------------------------------------------------------------------------
2026-07-20 19:48:05,643 P1988676 INFO 9/50 starting... lr: 0.001 para:0.10000000149011612
2026-07-20 19:48:24,830 P1988676 INFO Epoch 9/50, all_loss:0.50774 cls_loss:0.56118 rec_loss:0.02680 [19.18s]; best loss:0.50774, patience : 0
2026-07-20 19:48:40,436 P1988676 INFO pr:0.8901  rc:0.9850  auc:0.9990 ap:0.9865 f1: 0.9352 pred_right: 1058034 pred_wrong:38166 actu_right: 1061711 actu_wrong: 34489
2026-07-20 19:48:44,309 P1988676 INFO pr:0.8922  rc:0.9836  auc:0.9991 ap:0.9860 f1: 0.9357 pred_right: 453475 pred_wrong:16325 actu_right: 454992 actu_wrong: 14808
2026-07-20 19:48:44,310 P1988676 INFO ----------------------------------------------------------------------------------------------------
2026-07-20 19:48:44,310 P1988676 INFO 10/50 starting... lr: 0.001 para:0.09090909361839294
2026-07-20 19:49:03,488 P1988676 INFO Epoch 10/50, all_loss:0.49630 cls_loss:0.54326 rec_loss:0.02674 [19.17s]; best loss:0.49630, patience : 0
2026-07-20 19:49:12,008 P1988676 INFO pr:0.8881  rc:0.9936  auc:0.9992 ap:0.9884 f1: 0.9379 pred_right: 1057613 pred_wrong:38587 actu_right: 1061710 actu_wrong: 34490
2026-07-20 19:49:15,511 P1988676 INFO pr:0.8894  rc:0.9926  auc:0.9992 ap:0.9885 f1: 0.9382 pred_right: 453275 pred_wrong:16525 actu_right: 454992 actu_wrong: 14808
2026-07-20 19:49:15,516 P1988676 INFO ----------------------------------------------------------------------------------------------------
2026-07-20 19:49:15,516 P1988676 INFO 11/50 starting... lr: 0.001 para:0.0833333358168602
2026-07-20 19:49:35,964 P1988676 INFO Epoch 11/50, all_loss:0.47101 cls_loss:0.51140 rec_loss:0.02664 [20.44s]; best loss:0.47101, patience : 0
2026-07-20 19:49:45,043 P1988676 INFO pr:0.8882  rc:0.9930  auc:0.9994 ap:0.9906 f1: 0.9376 pred_right: 1057642 pred_wrong:38558 actu_right: 1061711 actu_wrong: 34489
2026-07-20 19:49:48,936 P1988676 INFO pr:0.8895  rc:0.9927  auc:0.9994 ap:0.9903 f1: 0.9383 pred_right: 453274 pred_wrong:16526 actu_right: 454992 actu_wrong: 14808
2026-07-20 19:49:48,937 P1988676 INFO ----------------------------------------------------------------------------------------------------
2026-07-20 19:49:48,937 P1988676 INFO 12/50 starting... lr: 0.001 para:0.07692307978868484
2026-07-20 19:50:12,586 P1988676 INFO Epoch 12/50, all_loss:0.46776 cls_loss:0.50459 rec_loss:0.02579 [23.64s]; best loss:0.46776, patience : 0
2026-07-20 19:50:26,690 P1988676 INFO pr:0.9005  rc:0.9893  auc:0.9994 ap:0.9915 f1: 0.9428 pred_right: 1058311 pred_wrong:37889 actu_right: 1061712 actu_wrong: 34488
2026-07-20 19:50:30,031 P1988676 INFO pr:0.9036  rc:0.9870  auc:0.9995 ap:0.9915 f1: 0.9435 pred_right: 453625 pred_wrong:16175 actu_right: 454992 actu_wrong: 14808
2026-07-20 19:50:30,036 P1988676 INFO ----------------------------------------------------------------------------------------------------
2026-07-20 19:50:30,036 P1988676 INFO 13/50 starting... lr: 0.001 para:0.0714285746216774
2026-07-20 19:50:50,488 P1988676 INFO Epoch 13/50, all_loss:0.44738 cls_loss:0.47979 rec_loss:0.02599 [20.45s]; best loss:0.44738, patience : 0
2026-07-20 19:50:58,567 P1988676 INFO pr:0.8808  rc:0.9950  auc:0.9994 ap:0.9911 f1: 0.9344 pred_right: 1057245 pred_wrong:38955 actu_right: 1061717 actu_wrong: 34483
2026-07-20 19:51:01,988 P1988676 INFO pr:0.8826  rc:0.9944  auc:0.9994 ap:0.9910 f1: 0.9352 pred_right: 453117 pred_wrong:16683 actu_right: 454992 actu_wrong: 14808
2026-07-20 19:51:01,989 P1988676 INFO ----------------------------------------------------------------------------------------------------
2026-07-20 19:51:01,989 P1988676 INFO 14/50 starting... lr: 0.001 para:0.06666667014360428
2026-07-20 19:51:22,548 P1988676 INFO Epoch 14/50, all_loss:0.43687 cls_loss:0.46624 rec_loss:0.02574 [20.55s]; best loss:0.43687, patience : 0
2026-07-20 19:51:31,845 P1988676 INFO pr:0.9000  rc:0.9932  auc:0.9995 ap:0.9929 f1: 0.9443 pred_right: 1058134 pred_wrong:38066 actu_right: 1061709 actu_wrong: 34491
2026-07-20 19:51:35,402 P1988676 INFO pr:0.9003  rc:0.9932  auc:0.9995 ap:0.9925 f1: 0.9445 pred_right: 453463 pred_wrong:16337 actu_right: 454992 actu_wrong: 14808
2026-07-20 19:51:35,411 P1988676 INFO ----------------------------------------------------------------------------------------------------
2026-07-20 19:51:35,411 P1988676 INFO 15/50 starting... lr: 0.001 para:0.0625
2026-07-20 19:52:01,785 P1988676 INFO Epoch 15/50, all_loss:0.41343 cls_loss:0.43925 rec_loss:0.02611 [26.36s]; best loss:0.41343, patience : 0
2026-07-20 19:52:11,853 P1988676 INFO pr:0.9084  rc:0.9927  auc:0.9996 ap:0.9940 f1: 0.9487 pred_right: 1058508 pred_wrong:37692 actu_right: 1061710 actu_wrong: 34490
2026-07-20 19:52:15,230 P1988676 INFO pr:0.9113  rc:0.9919  auc:0.9996 ap:0.9941 f1: 0.9499 pred_right: 453683 pred_wrong:16117 actu_right: 454992 actu_wrong: 14808
2026-07-20 19:52:15,235 P1988676 INFO ----------------------------------------------------------------------------------------------------
2026-07-20 19:52:15,235 P1988676 INFO 16/50 starting... lr: 0.001 para:0.05882352963089943
2026-07-20 19:52:35,580 P1988676 INFO Epoch 16/50, all_loss:0.39254 cls_loss:0.41541 rec_loss:0.02662 [20.34s]; best loss:0.39254, patience : 0
2026-07-20 19:52:43,437 P1988676 INFO pr:0.9162  rc:0.9826  auc:0.9995 ap:0.9939 f1: 0.9483 pred_right: 1059208 pred_wrong:36992 actu_right: 1061709 actu_wrong: 34491
2026-07-20 19:52:47,290 P1988676 INFO pr:0.9166  rc:0.9807  auc:0.9995 ap:0.9938 f1: 0.9475 pred_right: 453956 pred_wrong:15844 actu_right: 454992 actu_wrong: 14808
2026-07-20 19:52:47,291 P1988676 INFO ----------------------------------------------------------------------------------------------------
2026-07-20 19:52:47,291 P1988676 INFO 17/50 starting... lr: 0.001 para:0.0555555559694767
2026-07-20 19:53:07,855 P1988676 INFO Epoch 17/50, all_loss:0.39348 cls_loss:0.41502 rec_loss:0.02738 [20.56s]; best loss:0.39254, patience : 1
2026-07-20 19:53:16,623 P1988676 INFO pr:0.9218  rc:0.9844  auc:0.9996 ap:0.9949 f1: 0.9521 pred_right: 1059376 pred_wrong:36824 actu_right: 1061715 actu_wrong: 34485
2026-07-20 19:53:21,511 P1988676 INFO pr:0.9209  rc:0.9839  auc:0.9997 ap:0.9948 f1: 0.9514 pred_right: 453979 pred_wrong:15821 actu_right: 454992 actu_wrong: 14808
2026-07-20 19:53:21,515 P1988676 INFO ----------------------------------------------------------------------------------------------------
2026-07-20 19:53:21,516 P1988676 INFO 18/50 starting... lr: 0.001 para:0.05263157933950424
2026-07-20 19:53:48,137 P1988676 INFO Epoch 18/50, all_loss:0.37502 cls_loss:0.39430 rec_loss:0.02805 [26.62s]; best loss:0.37502, patience : 0
2026-07-20 19:53:56,930 P1988676 INFO pr:0.9306  rc:0.9820  auc:0.9995 ap:0.9954 f1: 0.9556 pred_right: 1059805 pred_wrong:36395 actu_right: 1061709 actu_wrong: 34491
2026-07-20 19:54:00,493 P1988676 INFO pr:0.9312  rc:0.9781  auc:0.9995 ap:0.9953 f1: 0.9541 pred_right: 454247 pred_wrong:15553 actu_right: 454992 actu_wrong: 14808
2026-07-20 19:54:00,498 P1988676 INFO ----------------------------------------------------------------------------------------------------
2026-07-20 19:54:00,498 P1988676 INFO 19/50 starting... lr: 0.001 para:0.05000000074505806
2026-07-20 19:54:20,886 P1988676 INFO Epoch 19/50, all_loss:0.36205 cls_loss:0.37959 rec_loss:0.02877 [20.38s]; best loss:0.36205, patience : 0
2026-07-20 19:54:29,514 P1988676 INFO pr:0.8953  rc:0.9965  auc:0.9996 ap:0.9954 f1: 0.9432 pred_right: 1057814 pred_wrong:38386 actu_right: 1061710 actu_wrong: 34490
2026-07-20 19:54:32,979 P1988676 INFO pr:0.8967  rc:0.9947  auc:0.9997 ap:0.9952 f1: 0.9432 pred_right: 453374 pred_wrong:16426 actu_right: 454992 actu_wrong: 14808
2026-07-20 19:54:32,980 P1988676 INFO ----------------------------------------------------------------------------------------------------
2026-07-20 19:54:32,980 P1988676 INFO 20/50 starting... lr: 0.001 para:0.0476190485060215
2026-07-20 19:54:53,328 P1988676 INFO Epoch 20/50, all_loss:0.35210 cls_loss:0.36813 rec_loss:0.03150 [20.34s]; best loss:0.35210, patience : 0
2026-07-20 19:55:03,315 P1988676 INFO pr:0.9043  rc:0.9968  auc:0.9997 ap:0.9960 f1: 0.9483 pred_right: 1058186 pred_wrong:38014 actu_right: 1061712 actu_wrong: 34488
2026-07-20 19:55:05,969 P1988676 INFO pr:0.9042  rc:0.9962  auc:0.9997 ap:0.9959 f1: 0.9479 pred_right: 453486 pred_wrong:16314 actu_right: 454992 actu_wrong: 14808
2026-07-20 19:55:05,970 P1988676 INFO ----------------------------------------------------------------------------------------------------
2026-07-20 19:55:05,970 P1988676 INFO 21/50 starting... lr: 0.001 para:0.04545454680919647
2026-07-20 19:55:34,155 P1988676 INFO Epoch 21/50, all_loss:0.33849 cls_loss:0.35321 rec_loss:0.02923 [28.18s]; best loss:0.33849, patience : 0
2026-07-20 19:55:42,769 P1988676 INFO pr:0.9171  rc:0.9930  auc:0.9996 ap:0.9956 f1: 0.9535 pred_right: 1058855 pred_wrong:37345 actu_right: 1061710 actu_wrong: 34490
2026-07-20 19:55:46,307 P1988676 INFO pr:0.9165  rc:0.9914  auc:0.9996 ap:0.9953 f1: 0.9525 pred_right: 453782 pred_wrong:16018 actu_right: 454992 actu_wrong: 14808
2026-07-20 19:55:46,307 P1988676 INFO ----------------------------------------------------------------------------------------------------
2026-07-20 19:55:46,308 P1988676 INFO 22/50 starting... lr: 0.001 para:0.043478261679410934
2026-07-20 19:56:06,808 P1988676 INFO Epoch 22/50, all_loss:0.32852 cls_loss:0.34219 rec_loss:0.02782 [20.50s]; best loss:0.32852, patience : 0
2026-07-20 19:56:15,354 P1988676 INFO pr:0.9258  rc:0.9927  auc:0.9997 ap:0.9965 f1: 0.9581 pred_right: 1059223 pred_wrong:36977 actu_right: 1061713 actu_wrong: 34487
2026-07-20 19:56:18,957 P1988676 INFO pr:0.9266  rc:0.9912  auc:0.9997 ap:0.9963 f1: 0.9578 pred_right: 453960 pred_wrong:15840 actu_right: 454992 actu_wrong: 14808
2026-07-20 19:56:18,963 P1988676 INFO ----------------------------------------------------------------------------------------------------
2026-07-20 19:56:18,963 P1988676 INFO 23/50 starting... lr: 0.001 para:0.0416666679084301
2026-07-20 19:56:39,945 P1988676 INFO Epoch 23/50, all_loss:0.32135 cls_loss:0.33403 rec_loss:0.02971 [20.98s]; best loss:0.32135, patience : 0
2026-07-20 19:56:50,003 P1988676 INFO pr:0.9027  rc:0.9972  auc:0.9997 ap:0.9966 f1: 0.9476 pred_right: 1058100 pred_wrong:38100 actu_right: 1061711 actu_wrong: 34489
2026-07-20 19:56:52,845 P1988676 INFO pr:0.9027  rc:0.9966  auc:0.9997 ap:0.9962 f1: 0.9473 pred_right: 453451 pred_wrong:16349 actu_right: 454992 actu_wrong: 14808
2026-07-20 19:56:52,846 P1988676 INFO ----------------------------------------------------------------------------------------------------
2026-07-20 19:56:52,846 P1988676 INFO 24/50 starting... lr: 0.001 para:0.03999999910593033
2026-07-20 19:57:19,981 P1988676 INFO Epoch 24/50, all_loss:0.30756 cls_loss:0.31915 rec_loss:0.02958 [27.13s]; best loss:0.30756, patience : 0
2026-07-20 19:57:28,601 P1988676 INFO pr:0.8984  rc:0.9979  auc:0.9998 ap:0.9968 f1: 0.9455 pred_right: 1057888 pred_wrong:38312 actu_right: 1061711 actu_wrong: 34489
2026-07-20 19:57:32,137 P1988676 INFO pr:0.8978  rc:0.9974  auc:0.9997 ap:0.9961 f1: 0.9450 pred_right: 453348 pred_wrong:16452 actu_right: 454992 actu_wrong: 14808
2026-07-20 19:57:32,137 P1988676 INFO ----------------------------------------------------------------------------------------------------
2026-07-20 19:57:32,138 P1988676 INFO 25/50 starting... lr: 0.001 para:0.03846153989434242
2026-07-20 19:57:52,930 P1988676 INFO Epoch 25/50, all_loss:0.30082 cls_loss:0.31167 rec_loss:0.02955 [20.79s]; best loss:0.30082, patience : 0
2026-07-20 19:58:02,133 P1988676 INFO pr:0.9090  rc:0.9969  auc:0.9997 ap:0.9967 f1: 0.9509 pred_right: 1058378 pred_wrong:37822 actu_right: 1061713 actu_wrong: 34487
2026-07-20 19:58:05,735 P1988676 INFO pr:0.9105  rc:0.9957  auc:0.9997 ap:0.9963 f1: 0.9512 pred_right: 453606 pred_wrong:16194 actu_right: 454992 actu_wrong: 14808
2026-07-20 19:58:05,736 P1988676 INFO ----------------------------------------------------------------------------------------------------
2026-07-20 19:58:05,743 P1988676 INFO 26/50 starting... lr: 0.001 para:0.03703703731298447
2026-07-20 19:58:26,557 P1988676 INFO Epoch 26/50, all_loss:0.29869 cls_loss:0.30902 rec_loss:0.03006 [20.81s]; best loss:0.29869, patience : 0
2026-07-20 19:58:35,801 P1988676 INFO pr:0.9078  rc:0.9974  auc:0.9998 ap:0.9974 f1: 0.9505 pred_right: 1058308 pred_wrong:37892 actu_right: 1061710 actu_wrong: 34490
2026-07-20 19:58:38,539 P1988676 INFO pr:0.9072  rc:0.9968  auc:0.9997 ap:0.9970 f1: 0.9499 pred_right: 453529 pred_wrong:16271 actu_right: 454992 actu_wrong: 14808
2026-07-20 19:58:38,540 P1988676 INFO ----------------------------------------------------------------------------------------------------
2026-07-20 19:58:38,540 P1988676 INFO 27/50 starting... lr: 0.001 para:0.0357142873108387
2026-07-20 19:59:06,013 P1988676 INFO Epoch 27/50, all_loss:0.28548 cls_loss:0.29495 rec_loss:0.02981 [27.47s]; best loss:0.28548, patience : 0
2026-07-20 19:59:14,647 P1988676 INFO pr:0.9320  rc:0.9924  auc:0.9998 ap:0.9972 f1: 0.9613 pred_right: 1059478 pred_wrong:36722 actu_right: 1061713 actu_wrong: 34487
2026-07-20 19:59:18,182 P1988676 INFO pr:0.9302  rc:0.9900  auc:0.9997 ap:0.9966 f1: 0.9592 pred_right: 454040 pred_wrong:15760 actu_right: 454992 actu_wrong: 14808
2026-07-20 19:59:18,187 P1988676 INFO ----------------------------------------------------------------------------------------------------
2026-07-20 19:59:18,187 P1988676 INFO 28/50 starting... lr: 0.001 para:0.03448275849223137
2026-07-20 19:59:39,105 P1988676 INFO Epoch 28/50, all_loss:0.28640 cls_loss:0.29562 rec_loss:0.02816 [20.92s]; best loss:0.28548, patience : 1
2026-07-20 19:59:47,432 P1988676 INFO pr:0.9147  rc:0.9967  auc:0.9997 ap:0.9976 f1: 0.9539 pred_right: 1058612 pred_wrong:37588 actu_right: 1061707 actu_wrong: 34493
2026-07-20 19:59:51,190 P1988676 INFO pr:0.9136  rc:0.9957  auc:0.9997 ap:0.9971 f1: 0.9529 pred_right: 453660 pred_wrong:16140 actu_right: 454992 actu_wrong: 14808
2026-07-20 19:59:51,191 P1988676 INFO ----------------------------------------------------------------------------------------------------
2026-07-20 19:59:51,191 P1988676 INFO 29/50 starting... lr: 0.001 para:0.03333333507180214
2026-07-20 20:00:12,049 P1988676 INFO Epoch 29/50, all_loss:0.27732 cls_loss:0.28586 rec_loss:0.02973 [20.85s]; best loss:0.27732, patience : 0
2026-07-20 20:00:20,498 P1988676 INFO pr:0.9228  rc:0.9963  auc:0.9998 ap:0.9977 f1: 0.9581 pred_right: 1058960 pred_wrong:37240 actu_right: 1061706 actu_wrong: 34494
2026-07-20 20:00:23,446 P1988676 INFO pr:0.9217  rc:0.9955  auc:0.9998 ap:0.9973 f1: 0.9571 pred_right: 453806 pred_wrong:15994 actu_right: 454992 actu_wrong: 14808
2026-07-20 20:00:23,447 P1988676 INFO ----------------------------------------------------------------------------------------------------
2026-07-20 20:00:23,447 P1988676 INFO 30/50 starting... lr: 0.001 para:0.032258063554763794
2026-07-20 20:00:51,010 P1988676 INFO Epoch 30/50, all_loss:0.26983 cls_loss:0.27786 rec_loss:0.02906 [27.56s]; best loss:0.26983, patience : 0
2026-07-20 20:01:00,076 P1988676 INFO pr:0.9330  rc:0.9940  auc:0.9998 ap:0.9975 f1: 0.9625 pred_right: 1059457 pred_wrong:36743 actu_right: 1061711 actu_wrong: 34489
2026-07-20 20:01:04,037 P1988676 INFO pr:0.9294  rc:0.9908  auc:0.9997 ap:0.9970 f1: 0.9591 pred_right: 454013 pred_wrong:15787 actu_right: 454992 actu_wrong: 14808
2026-07-20 20:01:04,042 P1988676 INFO ----------------------------------------------------------------------------------------------------
2026-07-20 20:01:04,042 P1988676 INFO 31/50 starting... lr: 0.001 para:0.03125
2026-07-20 20:01:24,590 P1988676 INFO Epoch 31/50, all_loss:0.26203 cls_loss:0.26950 rec_loss:0.03042 [20.54s]; best loss:0.26203, patience : 0
2026-07-20 20:01:33,621 P1988676 INFO pr:0.9436  rc:0.9919  auc:0.9997 ap:0.9978 f1: 0.9672 pred_right: 1059944 pred_wrong:36256 actu_right: 1061711 actu_wrong: 34489
2026-07-20 20:01:37,217 P1988676 INFO pr:0.9440  rc:0.9884  auc:0.9998 ap:0.9975 f1: 0.9657 pred_right: 454295 pred_wrong:15505 actu_right: 454992 actu_wrong: 14808
2026-07-20 20:01:37,223 P1988676 INFO ----------------------------------------------------------------------------------------------------
2026-07-20 20:01:37,223 P1988676 INFO 32/50 starting... lr: 0.001 para:0.03030303120613098
2026-07-20 20:01:58,233 P1988676 INFO Epoch 32/50, all_loss:0.26246 cls_loss:0.26954 rec_loss:0.03560 [21.01s]; best loss:0.26203, patience : 1
2026-07-20 20:02:06,891 P1988676 INFO pr:0.9356  rc:0.9921  auc:0.9998 ap:0.9979 f1: 0.9630 pred_right: 1059626 pred_wrong:36574 actu_right: 1061710 actu_wrong: 34490
2026-07-20 20:02:10,072 P1988676 INFO pr:0.9364  rc:0.9893  auc:0.9998 ap:0.9975 f1: 0.9621 pred_right: 454155 pred_wrong:15645 actu_right: 454992 actu_wrong: 14808
2026-07-20 20:02:10,072 P1988676 INFO ----------------------------------------------------------------------------------------------------
2026-07-20 20:02:10,073 P1988676 INFO 33/50 starting... lr: 0.001 para:0.029411764815449715
2026-07-20 20:02:37,808 P1988676 INFO Epoch 33/50, all_loss:0.24636 cls_loss:0.25275 rec_loss:0.03530 [27.73s]; best loss:0.24636, patience : 0
2026-07-20 20:02:47,095 P1988676 INFO pr:0.9426  rc:0.9931  auc:0.9998 ap:0.9981 f1: 0.9672 pred_right: 1059866 pred_wrong:36334 actu_right: 1061712 actu_wrong: 34488
2026-07-20 20:02:50,738 P1988676 INFO pr:0.9399  rc:0.9903  auc:0.9998 ap:0.9978 f1: 0.9645 pred_right: 454197 pred_wrong:15603 actu_right: 454992 actu_wrong: 14808
2026-07-20 20:02:50,743 P1988676 INFO ----------------------------------------------------------------------------------------------------
2026-07-20 20:02:50,743 P1988676 INFO 34/50 starting... lr: 0.001 para:0.02857142873108387
2026-07-20 20:03:11,180 P1988676 INFO Epoch 34/50, all_loss:0.23681 cls_loss:0.24277 rec_loss:0.03427 [20.43s]; best loss:0.23681, patience : 0
2026-07-20 20:03:20,486 P1988676 INFO pr:0.9389  rc:0.9941  auc:0.9999 ap:0.9981 f1: 0.9657 pred_right: 1059683 pred_wrong:36517 actu_right: 1061712 actu_wrong: 34488
2026-07-20 20:03:24,345 P1988676 INFO pr:0.9359  rc:0.9914  auc:0.9998 ap:0.9977 f1: 0.9628 pred_right: 454115 pred_wrong:15685 actu_right: 454992 actu_wrong: 14808
2026-07-20 20:03:24,346 P1988676 INFO ----------------------------------------------------------------------------------------------------
2026-07-20 20:03:24,346 P1988676 INFO 35/50 starting... lr: 0.001 para:0.02777777798473835
2026-07-20 20:03:44,935 P1988676 INFO Epoch 35/50, all_loss:0.24247 cls_loss:0.24846 rec_loss:0.03280 [20.59s]; best loss:0.23681, patience : 1
2026-07-20 20:03:53,785 P1988676 INFO pr:0.9476  rc:0.9917  auc:0.9999 ap:0.9980 f1: 0.9692 pred_right: 1060099 pred_wrong:36101 actu_right: 1061706 actu_wrong: 34494
2026-07-20 20:03:57,327 P1988676 INFO pr:0.9425  rc:0.9893  auc:0.9998 ap:0.9974 f1: 0.9653 pred_right: 454257 pred_wrong:15543 actu_right: 454992 actu_wrong: 14808
2026-07-20 20:03:57,332 P1988676 INFO ----------------------------------------------------------------------------------------------------
2026-07-20 20:03:57,332 P1988676 INFO 36/50 starting... lr: 0.001 para:0.027027027681469917
2026-07-20 20:04:24,913 P1988676 INFO Epoch 36/50, all_loss:0.24072 cls_loss:0.24648 rec_loss:0.03318 [27.58s]; best loss:0.23681, patience : 1
2026-07-20 20:04:33,675 P1988676 INFO pr:0.9495  rc:0.9905  auc:0.9999 ap:0.9983 f1: 0.9695 pred_right: 1060225 pred_wrong:35975 actu_right: 1061713 actu_wrong: 34487
2026-07-20 20:04:37,312 P1988676 INFO pr:0.9475  rc:0.9879  auc:0.9998 ap:0.9979 f1: 0.9673 pred_right: 454361 pred_wrong:15439 actu_right: 454992 actu_wrong: 14808
2026-07-20 20:04:37,317 P1988676 INFO ----------------------------------------------------------------------------------------------------
2026-07-20 20:04:37,317 P1988676 INFO 37/50 starting... lr: 0.001 para:0.02631578966975212
2026-07-20 20:04:57,816 P1988676 INFO Epoch 37/50, all_loss:0.23155 cls_loss:0.23682 rec_loss:0.03675 [20.49s]; best loss:0.23155, patience : 0
2026-07-20 20:05:06,406 P1988676 INFO pr:0.9522  rc:0.9916  auc:0.9998 ap:0.9985 f1: 0.9715 pred_right: 1060283 pred_wrong:35917 actu_right: 1061711 actu_wrong: 34489
2026-07-20 20:05:09,970 P1988676 INFO pr:0.9486  rc:0.9887  auc:0.9998 ap:0.9981 f1: 0.9682 pred_right: 454366 pred_wrong:15434 actu_right: 454992 actu_wrong: 14808
2026-07-20 20:05:09,975 P1988676 INFO ----------------------------------------------------------------------------------------------------
2026-07-20 20:05:09,975 P1988676 INFO 38/50 starting... lr: 0.001 para:0.025641025975346565
2026-07-20 20:05:31,539 P1988676 INFO Epoch 38/50, all_loss:0.23220 cls_loss:0.23754 rec_loss:0.02956 [21.56s]; best loss:0.23155, patience : 1
2026-07-20 20:05:39,558 P1988676 INFO pr:0.9516  rc:0.9932  auc:0.9998 ap:0.9985 f1: 0.9720 pred_right: 1060206 pred_wrong:35994 actu_right: 1061714 actu_wrong: 34486
2026-07-20 20:05:42,762 P1988676 INFO pr:0.9471  rc:0.9909  auc:0.9998 ap:0.9982 f1: 0.9685 pred_right: 454307 pred_wrong:15493 actu_right: 454992 actu_wrong: 14808
2026-07-20 20:05:42,766 P1988676 INFO ----------------------------------------------------------------------------------------------------
2026-07-20 20:05:42,767 P1988676 INFO 39/50 starting... lr: 0.001 para:0.02500000037252903
2026-07-20 20:06:10,012 P1988676 INFO Epoch 39/50, all_loss:0.21892 cls_loss:0.22368 rec_loss:0.03336 [27.24s]; best loss:0.21892, patience : 0
2026-07-20 20:06:19,558 P1988676 INFO pr:0.9303  rc:0.9969  auc:0.9998 ap:0.9981 f1: 0.9624 pred_right: 1059242 pred_wrong:36958 actu_right: 1061709 actu_wrong: 34491
2026-07-20 20:06:23,502 P1988676 INFO pr:0.9285  rc:0.9948  auc:0.9998 ap:0.9976 f1: 0.9605 pred_right: 453935 pred_wrong:15865 actu_right: 454992 actu_wrong: 14808
2026-07-20 20:06:23,502 P1988676 INFO ----------------------------------------------------------------------------------------------------
2026-07-20 20:06:23,503 P1988676 INFO 40/50 starting... lr: 0.001 para:0.024390242993831635
2026-07-20 20:06:44,179 P1988676 INFO Epoch 40/50, all_loss:0.21995 cls_loss:0.22456 rec_loss:0.03526 [20.68s]; best loss:0.21892, patience : 1
2026-07-20 20:06:52,826 P1988676 INFO pr:0.9284  rc:0.9978  auc:0.9999 ap:0.9987 f1: 0.9619 pred_right: 1059136 pred_wrong:37064 actu_right: 1061712 actu_wrong: 34488
2026-07-20 20:06:56,457 P1988676 INFO pr:0.9260  rc:0.9965  auc:0.9998 ap:0.9983 f1: 0.9600 pred_right: 453865 pred_wrong:15935 actu_right: 454992 actu_wrong: 14808
2026-07-20 20:06:56,458 P1988676 INFO ----------------------------------------------------------------------------------------------------
2026-07-20 20:06:56,465 P1988676 INFO 41/50 starting... lr: 0.001 para:0.02380952425301075
2026-07-20 20:07:18,942 P1988676 INFO Epoch 41/50, all_loss:0.21850 cls_loss:0.22300 rec_loss:0.03416 [22.47s]; best loss:0.21850, patience : 0
2026-07-20 20:07:25,782 P1988676 INFO pr:0.9613  rc:0.9859  auc:0.9998 ap:0.9984 f1: 0.9735 pred_right: 1060827 pred_wrong:35373 actu_right: 1061711 actu_wrong: 34489
2026-07-20 20:07:29,012 P1988676 INFO pr:0.9560  rc:0.9837  auc:0.9999 ap:0.9981 f1: 0.9696 pred_right: 454564 pred_wrong:15236 actu_right: 454992 actu_wrong: 14808
2026-07-20 20:07:29,017 P1988676 INFO ----------------------------------------------------------------------------------------------------
2026-07-20 20:07:29,017 P1988676 INFO 42/50 starting... lr: 0.001 para:0.023255813866853714
2026-07-20 20:07:56,684 P1988676 INFO Epoch 42/50, all_loss:0.20820 cls_loss:0.21229 rec_loss:0.03653 [27.66s]; best loss:0.20820, patience : 0
2026-07-20 20:08:06,184 P1988676 INFO pr:0.9465  rc:0.9947  auc:0.9999 ap:0.9985 f1: 0.9700 pred_right: 1059954 pred_wrong:36246 actu_right: 1061708 actu_wrong: 34492
2026-07-20 20:08:09,933 P1988676 INFO pr:0.9438  rc:0.9939  auc:0.9999 ap:0.9981 f1: 0.9682 pred_right: 454206 pred_wrong:15594 actu_right: 454992 actu_wrong: 14808
2026-07-20 20:08:09,934 P1988676 INFO ----------------------------------------------------------------------------------------------------
2026-07-20 20:08:09,934 P1988676 INFO 43/50 starting... lr: 0.001 para:0.022727273404598236
2026-07-20 20:08:30,585 P1988676 INFO Epoch 43/50, all_loss:0.20892 cls_loss:0.21300 rec_loss:0.03317 [20.65s]; best loss:0.20820, patience : 1
2026-07-20 20:08:39,757 P1988676 INFO pr:0.9458  rc:0.9944  auc:0.9999 ap:0.9986 f1: 0.9695 pred_right: 1059934 pred_wrong:36266 actu_right: 1061707 actu_wrong: 34493
2026-07-20 20:08:43,887 P1988676 INFO pr:0.9430  rc:0.9925  auc:0.9999 ap:0.9983 f1: 0.9671 pred_right: 454214 pred_wrong:15586 actu_right: 454992 actu_wrong: 14808
2026-07-20 20:08:43,888 P1988676 INFO ----------------------------------------------------------------------------------------------------
2026-07-20 20:08:43,888 P1988676 INFO 44/50 starting... lr: 0.001 para:0.02222222276031971
2026-07-20 20:09:05,764 P1988676 INFO Epoch 44/50, all_loss:0.20019 cls_loss:0.20400 rec_loss:0.03272 [21.87s]; best loss:0.20019, patience : 0
2026-07-20 20:09:12,666 P1988676 INFO pr:0.9401  rc:0.9957  auc:0.9999 ap:0.9986 f1: 0.9671 pred_right: 1059671 pred_wrong:36529 actu_right: 1061710 actu_wrong: 34490
2026-07-20 20:09:15,736 P1988676 INFO pr:0.9364  rc:0.9945  auc:0.9998 ap:0.9982 f1: 0.9646 pred_right: 454073 pred_wrong:15727 actu_right: 454992 actu_wrong: 14808
2026-07-20 20:09:15,737 P1988676 INFO ----------------------------------------------------------------------------------------------------
2026-07-20 20:09:15,737 P1988676 INFO 45/50 starting... lr: 0.001 para:0.021739130839705467
2026-07-20 20:09:43,358 P1988676 INFO Epoch 45/50, all_loss:0.19703 cls_loss:0.20059 rec_loss:0.03677 [27.61s]; best loss:0.19703, patience : 0
2026-07-20 20:09:51,928 P1988676 INFO pr:0.9566  rc:0.9949  auc:0.9999 ap:0.9988 f1: 0.9754 pred_right: 1060330 pred_wrong:35870 actu_right: 1061709 actu_wrong: 34491
2026-07-20 20:09:55,284 P1988676 INFO pr:0.9544  rc:0.9920  auc:0.9999 ap:0.9983 f1: 0.9728 pred_right: 454408 pred_wrong:15392 actu_right: 454992 actu_wrong: 14808
2026-07-20 20:09:55,289 P1988676 INFO ----------------------------------------------------------------------------------------------------
2026-07-20 20:09:55,289 P1988676 INFO 46/50 starting... lr: 0.001 para:0.021276595070958138
2026-07-20 20:10:15,784 P1988676 INFO Epoch 46/50, all_loss:0.19341 cls_loss:0.19685 rec_loss:0.03486 [20.49s]; best loss:0.19341, patience : 0
2026-07-20 20:10:23,911 P1988676 INFO pr:0.9320  rc:0.9979  auc:0.9998 ap:0.9986 f1: 0.9638 pred_right: 1059270 pred_wrong:36930 actu_right: 1061710 actu_wrong: 34490
2026-07-20 20:10:27,707 P1988676 INFO pr:0.9279  rc:0.9966  auc:0.9998 ap:0.9981 f1: 0.9610 pred_right: 453896 pred_wrong:15904 actu_right: 454992 actu_wrong: 14808
2026-07-20 20:10:27,708 P1988676 INFO ----------------------------------------------------------------------------------------------------
2026-07-20 20:10:27,708 P1988676 INFO 47/50 starting... lr: 0.001 para:0.02083333395421505
2026-07-20 20:10:49,875 P1988676 INFO Epoch 47/50, all_loss:0.19476 cls_loss:0.19816 rec_loss:0.03526 [22.17s]; best loss:0.19341, patience : 1
2026-07-20 20:10:56,709 P1988676 INFO pr:0.9473  rc:0.9968  auc:0.9999 ap:0.9988 f1: 0.9714 pred_right: 1059913 pred_wrong:36287 actu_right: 1061714 actu_wrong: 34486
2026-07-20 20:10:59,990 P1988676 INFO pr:0.9442  rc:0.9952  auc:0.9998 ap:0.9983 f1: 0.9690 pred_right: 454192 pred_wrong:15608 actu_right: 454992 actu_wrong: 14808
2026-07-20 20:10:59,991 P1988676 INFO ----------------------------------------------------------------------------------------------------
2026-07-20 20:10:59,991 P1988676 INFO 48/50 starting... lr: 0.001 para:0.020408162847161293
2026-07-20 20:11:28,469 P1988676 INFO Epoch 48/50, all_loss:0.19231 cls_loss:0.19551 rec_loss:0.03879 [28.47s]; best loss:0.19231, patience : 0
2026-07-20 20:11:37,971 P1988676 INFO pr:0.9489  rc:0.9961  auc:0.9998 ap:0.9990 f1: 0.9719 pred_right: 1059994 pred_wrong:36206 actu_right: 1061711 actu_wrong: 34489
2026-07-20 20:11:41,941 P1988676 INFO pr:0.9453  rc:0.9941  auc:0.9998 ap:0.9986 f1: 0.9691 pred_right: 454227 pred_wrong:15573 actu_right: 454992 actu_wrong: 14808
2026-07-20 20:11:41,942 P1988676 INFO ----------------------------------------------------------------------------------------------------
2026-07-20 20:11:41,949 P1988676 INFO 49/50 starting... lr: 0.001 para:0.019999999552965164
2026-07-20 20:12:02,506 P1988676 INFO Epoch 49/50, all_loss:0.18445 cls_loss:0.18741 rec_loss:0.03962 [20.55s]; best loss:0.18445, patience : 0
2026-07-20 20:12:12,037 P1988676 INFO pr:0.9390  rc:0.9973  auc:0.9999 ap:0.9989 f1: 0.9673 pred_right: 1059569 pred_wrong:36631 actu_right: 1061711 actu_wrong: 34489
2026-07-20 20:12:15,752 P1988676 INFO pr:0.9332  rc:0.9959  auc:0.9999 ap:0.9984 f1: 0.9635 pred_right: 453997 pred_wrong:15803 actu_right: 454992 actu_wrong: 14808
2026-07-20 20:12:15,753 P1988676 INFO saving model...
2026-07-20 20:12:15,753 P1988676 INFO Art - loss  best score:0.1844535917043686 at epoch 49
2026-07-20 20:12:15,769 P1988676 INFO Art - f1  best score:0.9753983030371939 at epoch 45
2026-07-20 20:12:15,775 P1988676 INFO Average training time per epoch: 22.22 seconds
2026-07-20 20:12:15,776 P1988676 INFO calculate scores...
2026-07-20 20:12:15,776 P1988676 INFO calculate label with loss...
2026-07-20 20:12:15,776 P1988676 INFO Art on ./result/Art-TT-Epochs50-Seed1ExpNameRQ1_main-lowshow-simplegraph loading...
2026-07-20 20:12:19,515 P1988676 INFO pr:0.9332  rc:0.9959  auc:0.9999 ap:0.9984 f1: 0.9635 pred_right: 453997 pred_wrong:15803 actu_right: 454992 actu_wrong: 14808
2026-07-20 20:12:32,754 P1988676 INFO pr:0.9330  rc:0.9959  auc:0.9999 ap:0.9984 f1: 0.9634 pred_right: 453994 pred_wrong:15806 actu_right: 454992 actu_wrong: 14808
2026-07-20 20:12:32,755 P1988676 INFO Performance Summary:
{'GPU': {'inference_time_per_sample_ms': 0.17720284357957808, 'throughput_samples_per_sec': 5643.250298920406, 'peak_memory_mb': 480.7412109375, 'energy_per_sample_joules': 0.020207946477549716}, 'CPU': {'inference_time_per_sample_ms': 0.7257799056586387, 'throughput_samples_per_sec': 1377.8281710520891, 'peak_memory_mb': 5446.16796875, 'energy_per_sample_joules': 0.047175693867811515}}
2026-07-20 20:12:32,755 P1988676 INFO Starting clean-room hardware benchmarking...
2026-07-20 20:12:33,638 P1988676 INFO Performance with loss: pr:0.9332  rc:0.9959  auc:0.9999 ap:0.9984 f1: 0.9635 pred_right: 453997 pred_wrong:15803 actu_right: 454992 actu_wrong: 14808
2026-07-20 20:12:33,638 P1988676 INFO calculate label with f1...
2026-07-20 20:12:33,638 P1988676 INFO Art on ./result/Art-TT-Epochs50-Seed1ExpNameRQ1_main-lowshow-simplegraph loading...
2026-07-20 20:12:37,534 P1988676 INFO pr:0.9544  rc:0.9920  auc:0.9999 ap:0.9983 f1: 0.9728 pred_right: 454408 pred_wrong:15392 actu_right: 454992 actu_wrong: 14808
2026-07-20 20:12:49,441 P1988676 INFO pr:0.9543  rc:0.9921  auc:0.9999 ap:0.9983 f1: 0.9728 pred_right: 454405 pred_wrong:15395 actu_right: 454992 actu_wrong: 14808
2026-07-20 20:12:49,445 P1988676 INFO Performance Summary:
{'GPU': {'inference_time_per_sample_ms': 0.18923079165470724, 'throughput_samples_per_sec': 5284.552219306452, 'peak_memory_mb': 480.3681640625, 'energy_per_sample_joules': 0.020813116312517938}, 'CPU': {'inference_time_per_sample_ms': 0.650164303631788, 'throughput_samples_per_sec': 1538.0727524012711, 'peak_memory_mb': 5505.0390625, 'energy_per_sample_joules': 0.04226067973606622}}
2026-07-20 20:12:49,445 P1988676 INFO Starting clean-room hardware benchmarking...
2026-07-20 20:12:50,296 P1988676 INFO Performance with f1: pr:0.9544  rc:0.9920  auc:0.9999 ap:0.9983 f1: 0.9728 pred_right: 454408 pred_wrong:15392 actu_right: 454992 actu_wrong: 14808
