2026-07-22 09:38:52,059 P3200668 INFO ---- Model: ----MSTGAD-92518156----random_seed : 3----req_loss_approach : Legendre-style----rec_lambda : 1.0----auxi_lambda : 1.0----Freq Domain : FITS_Legendre----Multi Fits : false----train : True----evaluate : False
2026-07-22 09:38:52,060 P3200668 INFO Load from /home/db2003/Desktop/Amr/Tests/Eadro/codes/chunks/TT
2026-07-22 09:39:03,596 P3200668 INFO Fewshot: training with 1.0 of the 70% of the data
2026-07-22 09:39:03,686 P3200668 INFO Trainable Parameters Breakdown:
2026-07-22 09:39:03,686 P3200668 INFO --------------------------------------------------------------------------------
2026-07-22 09:39:03,686 P3200668 INFO Reconstruction-Specific Parameters:
2026-07-22 09:39:03,686 P3200668 INFO node_emb.linear.weight                   | shape: (8, 7)                    | params: 56
2026-07-22 09:39:03,686 P3200668 INFO node_emb.linear.bias                     | shape: (8,)                      | params: 8
2026-07-22 09:39:03,686 P3200668 INFO log_emb.linear.weight                    | shape: (32, 60)                  | params: 1,920
2026-07-22 09:39:03,686 P3200668 INFO log_emb.linear.bias                      | shape: (32,)                     | params: 32
2026-07-22 09:39:03,686 P3200668 INFO egde_emb.linear.weight                   | shape: (8, 2)                    | params: 16
2026-07-22 09:39:03,686 P3200668 INFO egde_emb.linear.bias                     | shape: (8,)                      | params: 8
2026-07-22 09:39:03,686 P3200668 INFO dense_node.weight                        | shape: (7, 8)                    | params: 56
2026-07-22 09:39:03,686 P3200668 INFO dense_node.bias                          | shape: (7,)                      | params: 7
2026-07-22 09:39:03,686 P3200668 INFO dense_log.weight                         | shape: (60, 32)                  | params: 1,920
2026-07-22 09:39:03,686 P3200668 INFO dense_log.bias                           | shape: (60,)                     | params: 60
2026-07-22 09:39:03,686 P3200668 INFO dense_edge.weight                        | shape: (2, 8)                    | params: 16
2026-07-22 09:39:03,686 P3200668 INFO dense_edge.bias                          | shape: (2,)                      | params: 2
2026-07-22 09:39:03,686 P3200668 INFO linear_attn.Wq.weight                    | shape: (10, 10)                  | params: 100
2026-07-22 09:39:03,686 P3200668 INFO linear_attn.Wk.weight                    | shape: (10, 10)                  | params: 100
2026-07-22 09:39:03,686 P3200668 INFO linear_attn.Wv.weight                    | shape: (10, 10)                  | params: 100
2026-07-22 09:39:03,686 P3200668 INFO linear_attn.out.weight                   | shape: (10, 10)                  | params: 100
2026-07-22 09:39:03,687 P3200668 INFO linear_attn.out.bias                     | shape: (10,)                     | params: 10
2026-07-22 09:39:03,687 P3200668 INFO linear_attn.norm.weight                  | shape: (10,)                     | params: 10
2026-07-22 09:39:03,687 P3200668 INFO linear_attn.norm.bias                    | shape: (10,)                     | params: 10
2026-07-22 09:39:03,687 P3200668 INFO shared_fits.normlin_W                    | shape: (5, 5)                    | params: 25
2026-07-22 09:39:03,687 P3200668 INFO shared_fits.freq_upsampler.weight        | shape: (5, 5)                    | params: 25
2026-07-22 09:39:03,687 P3200668 INFO shared_fits.freq_upsampler.bias          | shape: (5,)                      | params: 5
2026-07-22 09:39:03,687 P3200668 INFO modality_proj.node.weight                | shape: (10, 8)                   | params: 80
2026-07-22 09:39:03,687 P3200668 INFO modality_proj.node.bias                  | shape: (10,)                     | params: 10
2026-07-22 09:39:03,687 P3200668 INFO modality_proj.log.weight                 | shape: (10, 32)                  | params: 320
2026-07-22 09:39:03,687 P3200668 INFO modality_proj.log.bias                   | shape: (10,)                     | params: 10
2026-07-22 09:39:03,687 P3200668 INFO modality_proj.edge.weight                | shape: (10, 8)                   | params: 80
2026-07-22 09:39:03,687 P3200668 INFO modality_proj.edge.bias                  | shape: (10,)                     | params: 10
2026-07-22 09:39:03,687 P3200668 INFO modality_proj_out.node.weight            | shape: (8, 10)                   | params: 80
2026-07-22 09:39:03,687 P3200668 INFO modality_proj_out.node.bias              | shape: (8,)                      | params: 8
2026-07-22 09:39:03,687 P3200668 INFO modality_proj_out.log.weight             | shape: (32, 10)                  | params: 320
2026-07-22 09:39:03,687 P3200668 INFO modality_proj_out.log.bias               | shape: (32,)                     | params: 32
2026-07-22 09:39:03,687 P3200668 INFO modality_proj_out.edge.weight            | shape: (8, 10)                   | params: 80
2026-07-22 09:39:03,687 P3200668 INFO modality_proj_out.edge.bias              | shape: (8,)                      | params: 8
2026-07-22 09:39:03,687 P3200668 INFO Subtotal: 5,624
2026-07-22 09:39:03,687 P3200668 INFO --------------------------------------------------------------------------------
2026-07-22 09:39:03,687 P3200668 INFO Common Parameters:
2026-07-22 09:39:03,687 P3200668 INFO show.0.weight                            | shape: (128, 69)                 | params: 8,832
2026-07-22 09:39:03,687 P3200668 INFO show.0.bias                              | shape: (128,)                    | params: 128
2026-07-22 09:39:03,688 P3200668 INFO show.2.weight                            | shape: (2, 128)                  | params: 256
2026-07-22 09:39:03,688 P3200668 INFO show.2.bias                              | shape: (2,)                      | params: 2
2026-07-22 09:39:03,688 P3200668 INFO Subtotal: 9,218
2026-07-22 09:39:03,688 P3200668 INFO --------------------------------------------------------------------------------
2026-07-22 09:39:03,688 P3200668 INFO Total Trainable Parameters: 14,842

2026-07-22 09:39:03,688 P3200668 INFO Trainable Parameters: 14842, reconstruction: 5624, common: 9218
2026-07-22 09:39:03,688 P3200668 INFO model : init weight
2026-07-22 09:39:03,688 P3200668 INFO Using GPU...
2026-07-22 09:39:03,694 P3200668 INFO optimizer : using AdaBelief
2026-07-22 09:39:03,694 P3200668 INFO ----------------------------------------------------------------------------------------------------
2026-07-22 09:39:03,694 P3200668 INFO 0/50 starting... lr: 0.001 para:1.0
2026-07-22 09:39:24,013 P3200668 INFO Epoch 0/50, all_loss:0.12767 cls_loss:24.64746 rec_loss:0.12767 [20.32s]; best loss:0.12767, patience : 0
2026-07-22 09:39:24,013 P3200668 INFO ----------------------------------------------------------------------------------------------------
2026-07-22 09:39:24,013 P3200668 INFO 1/50 starting... lr: 0.001 para:0.5
2026-07-22 09:39:51,249 P3200668 INFO Epoch 1/50, all_loss:2.07115 cls_loss:3.78767 rec_loss:0.35463 [27.23s]; best loss:2.07115, patience : 0
2026-07-22 09:39:51,249 P3200668 INFO ----------------------------------------------------------------------------------------------------
2026-07-22 09:39:51,249 P3200668 INFO 2/50 starting... lr: 0.001 para:0.3333333432674408
2026-07-22 09:40:12,181 P3200668 INFO Epoch 2/50, all_loss:1.50946 cls_loss:2.04400 rec_loss:0.44038 [20.93s]; best loss:1.50946, patience : 0
2026-07-22 09:40:23,199 P3200668 INFO pr:0.8543  rc:0.5758  auc:0.9899 ap:0.9139 f1: 0.6880 pred_right: 1072954 pred_wrong:23246 actu_right: 1061711 actu_wrong: 34489
2026-07-22 09:40:27,734 P3200668 INFO pr:0.8566  rc:0.5727  auc:0.9897 ap:0.9139 f1: 0.6865 pred_right: 459899 pred_wrong:9901 actu_right: 454992 actu_wrong: 14808
2026-07-22 09:40:27,738 P3200668 INFO ----------------------------------------------------------------------------------------------------
2026-07-22 09:40:27,742 P3200668 INFO 3/50 starting... lr: 0.001 para:0.25
2026-07-22 09:40:48,768 P3200668 INFO Epoch 3/50, all_loss:1.47955 cls_loss:1.81308 rec_loss:0.47899 [21.02s]; best loss:1.47955, patience : 0
2026-07-22 09:40:57,978 P3200668 INFO pr:0.8923  rc:0.6156  auc:0.9917 ap:0.9304 f1: 0.7286 pred_right: 1072401 pred_wrong:23799 actu_right: 1061706 actu_wrong: 34494
2026-07-22 09:41:09,149 P3200668 INFO pr:0.8975  rc:0.6169  auc:0.9917 ap:0.9308 f1: 0.7312 pred_right: 459622 pred_wrong:10178 actu_right: 454992 actu_wrong: 14808
2026-07-22 09:41:09,158 P3200668 INFO ----------------------------------------------------------------------------------------------------
2026-07-22 09:41:09,158 P3200668 INFO 4/50 starting... lr: 0.001 para:0.20000000298023224
2026-07-22 09:41:31,773 P3200668 INFO Epoch 4/50, all_loss:1.42604 cls_loss:1.65609 rec_loss:0.50583 [22.61s]; best loss:1.42604, patience : 0
2026-07-22 09:41:42,471 P3200668 INFO pr:0.8773  rc:0.6754  auc:0.9931 ap:0.9391 f1: 0.7633 pred_right: 1069647 pred_wrong:26553 actu_right: 1061709 actu_wrong: 34491
2026-07-22 09:41:46,789 P3200668 INFO pr:0.8800  rc:0.6702  auc:0.9932 ap:0.9394 f1: 0.7609 pred_right: 458522 pred_wrong:11278 actu_right: 454992 actu_wrong: 14808
2026-07-22 09:41:46,793 P3200668 INFO ----------------------------------------------------------------------------------------------------
2026-07-22 09:41:46,793 P3200668 INFO 5/50 starting... lr: 0.001 para:0.1666666716337204
2026-07-22 09:42:07,400 P3200668 INFO Epoch 5/50, all_loss:1.34774 cls_loss:1.50819 rec_loss:0.54547 [20.60s]; best loss:1.34774, patience : 0
2026-07-22 09:42:18,538 P3200668 INFO pr:0.8771  rc:0.7356  auc:0.9951 ap:0.9511 f1: 0.8001 pred_right: 1067279 pred_wrong:28921 actu_right: 1061713 actu_wrong: 34487
2026-07-22 09:42:23,361 P3200668 INFO pr:0.8830  rc:0.7322  auc:0.9951 ap:0.9509 f1: 0.8005 pred_right: 457521 pred_wrong:12279 actu_right: 454992 actu_wrong: 14808
2026-07-22 09:42:23,365 P3200668 INFO ----------------------------------------------------------------------------------------------------
2026-07-22 09:42:23,365 P3200668 INFO 6/50 starting... lr: 0.001 para:0.1428571492433548
2026-07-22 09:42:50,351 P3200668 INFO Epoch 6/50, all_loss:1.22367 cls_loss:1.32321 rec_loss:0.62646 [26.98s]; best loss:1.22367, patience : 0
2026-07-22 09:43:01,074 P3200668 INFO pr:0.8971  rc:0.7340  auc:0.9962 ap:0.9628 f1: 0.8074 pred_right: 1067981 pred_wrong:28219 actu_right: 1061711 actu_wrong: 34489
2026-07-22 09:43:05,368 P3200668 INFO pr:0.8988  rc:0.7333  auc:0.9963 ap:0.9629 f1: 0.8076 pred_right: 457720 pred_wrong:12080 actu_right: 454992 actu_wrong: 14808
2026-07-22 09:43:05,372 P3200668 INFO ----------------------------------------------------------------------------------------------------
2026-07-22 09:43:05,372 P3200668 INFO 7/50 starting... lr: 0.001 para:0.125
2026-07-22 09:43:25,955 P3200668 INFO Epoch 7/50, all_loss:1.06507 cls_loss:1.10668 rec_loss:0.77379 [20.58s]; best loss:1.06507, patience : 0
2026-07-22 09:43:36,620 P3200668 INFO pr:0.8826  rc:0.8382  auc:0.9969 ap:0.9726 f1: 0.8598 pred_right: 1063445 pred_wrong:32755 actu_right: 1061710 actu_wrong: 34490
2026-07-22 09:43:41,049 P3200668 INFO pr:0.8913  rc:0.8356  auc:0.9969 ap:0.9731 f1: 0.8626 pred_right: 455917 pred_wrong:13883 actu_right: 454992 actu_wrong: 14808
2026-07-22 09:43:41,053 P3200668 INFO ----------------------------------------------------------------------------------------------------
2026-07-22 09:43:41,054 P3200668 INFO 8/50 starting... lr: 0.001 para:0.1111111119389534
2026-07-22 09:44:01,145 P3200668 INFO Epoch 8/50, all_loss:0.92572 cls_loss:0.93112 rec_loss:0.88258 [20.09s]; best loss:0.92572, patience : 0
2026-07-22 09:44:20,316 P3200668 INFO pr:0.9119  rc:0.8497  auc:0.9979 ap:0.9788 f1: 0.8797 pred_right: 1064064 pred_wrong:32136 actu_right: 1061710 actu_wrong: 34490
2026-07-22 09:44:24,947 P3200668 INFO pr:0.9134  rc:0.8483  auc:0.9978 ap:0.9782 f1: 0.8797 pred_right: 456047 pred_wrong:13753 actu_right: 454992 actu_wrong: 14808
2026-07-22 09:44:24,951 P3200668 INFO ----------------------------------------------------------------------------------------------------
2026-07-22 09:44:24,951 P3200668 INFO 9/50 starting... lr: 0.001 para:0.10000000149011612
2026-07-22 09:44:45,941 P3200668 INFO Epoch 9/50, all_loss:0.84260 cls_loss:0.83214 rec_loss:0.93677 [20.99s]; best loss:0.84260, patience : 0
2026-07-22 09:44:56,661 P3200668 INFO pr:0.8879  rc:0.9296  auc:0.9985 ap:0.9802 f1: 0.9083 pred_right: 1060081 pred_wrong:36119 actu_right: 1061703 actu_wrong: 34497
2026-07-22 09:45:01,182 P3200668 INFO pr:0.8917  rc:0.9269  auc:0.9985 ap:0.9796 f1: 0.9090 pred_right: 454407 pred_wrong:15393 actu_right: 454992 actu_wrong: 14808
2026-07-22 09:45:01,186 P3200668 INFO ----------------------------------------------------------------------------------------------------
2026-07-22 09:45:01,187 P3200668 INFO 10/50 starting... lr: 0.001 para:0.09090909361839294
2026-07-22 09:45:21,836 P3200668 INFO Epoch 10/50, all_loss:0.76722 cls_loss:0.74713 rec_loss:0.96814 [20.65s]; best loss:0.76722, patience : 0
2026-07-22 09:45:32,763 P3200668 INFO pr:0.9209  rc:0.8900  auc:0.9982 ap:0.9856 f1: 0.9052 pred_right: 1062858 pred_wrong:33342 actu_right: 1061704 actu_wrong: 34496
2026-07-22 09:45:36,884 P3200668 INFO pr:0.9223  rc:0.8886  auc:0.9983 ap:0.9853 f1: 0.9051 pred_right: 455533 pred_wrong:14267 actu_right: 454992 actu_wrong: 14808
2026-07-22 09:45:36,885 P3200668 INFO ----------------------------------------------------------------------------------------------------
2026-07-22 09:45:36,885 P3200668 INFO 11/50 starting... lr: 0.001 para:0.0833333358168602
2026-07-22 09:46:04,731 P3200668 INFO Epoch 11/50, all_loss:0.74226 cls_loss:0.71899 rec_loss:0.99820 [27.84s]; best loss:0.74226, patience : 0
2026-07-22 09:46:15,439 P3200668 INFO pr:0.9018  rc:0.9266  auc:0.9982 ap:0.9862 f1: 0.9140 pred_right: 1060767 pred_wrong:35433 actu_right: 1061713 actu_wrong: 34487
2026-07-22 09:46:19,843 P3200668 INFO pr:0.9069  rc:0.9227  auc:0.9983 ap:0.9861 f1: 0.9147 pred_right: 454734 pred_wrong:15066 actu_right: 454992 actu_wrong: 14808
2026-07-22 09:46:19,847 P3200668 INFO ----------------------------------------------------------------------------------------------------
2026-07-22 09:46:19,847 P3200668 INFO 12/50 starting... lr: 0.001 para:0.07692307978868484
2026-07-22 09:46:40,164 P3200668 INFO Epoch 12/50, all_loss:0.70201 cls_loss:0.67588 rec_loss:1.01552 [20.31s]; best loss:0.70201, patience : 0
2026-07-22 09:46:50,912 P3200668 INFO pr:0.9004  rc:0.9443  auc:0.9983 ap:0.9872 f1: 0.9218 pred_right: 1060030 pred_wrong:36170 actu_right: 1061711 actu_wrong: 34489
2026-07-22 09:46:55,666 P3200668 INFO pr:0.9021  rc:0.9424  auc:0.9983 ap:0.9862 f1: 0.9218 pred_right: 454330 pred_wrong:15470 actu_right: 454992 actu_wrong: 14808
2026-07-22 09:46:55,670 P3200668 INFO ----------------------------------------------------------------------------------------------------
2026-07-22 09:46:55,671 P3200668 INFO 13/50 starting... lr: 0.001 para:0.0714285746216774
2026-07-22 09:47:17,012 P3200668 INFO Epoch 13/50, all_loss:0.68418 cls_loss:0.65739 rec_loss:1.03238 [21.34s]; best loss:0.68418, patience : 0
2026-07-22 09:47:33,574 P3200668 INFO pr:0.9549  rc:0.8402  auc:0.9988 ap:0.9894 f1: 0.8939 pred_right: 1065861 pred_wrong:30339 actu_right: 1061716 actu_wrong: 34484
2026-07-22 09:47:38,096 P3200668 INFO pr:0.9526  rc:0.8395  auc:0.9988 ap:0.9890 f1: 0.8925 pred_right: 456749 pred_wrong:13051 actu_right: 454992 actu_wrong: 14808
2026-07-22 09:47:38,097 P3200668 INFO ----------------------------------------------------------------------------------------------------
2026-07-22 09:47:38,097 P3200668 INFO 14/50 starting... lr: 0.001 para:0.06666667014360428
2026-07-22 09:47:58,515 P3200668 INFO Epoch 14/50, all_loss:0.66837 cls_loss:0.64143 rec_loss:1.04552 [20.41s]; best loss:0.66837, patience : 0
2026-07-22 09:48:08,858 P3200668 INFO pr:0.8750  rc:0.9709  auc:0.9990 ap:0.9882 f1: 0.9205 pred_right: 1057933 pred_wrong:38267 actu_right: 1061711 actu_wrong: 34489
2026-07-22 09:48:13,521 P3200668 INFO pr:0.8767  rc:0.9700  auc:0.9989 ap:0.9874 f1: 0.9210 pred_right: 453415 pred_wrong:16385 actu_right: 454992 actu_wrong: 14808
2026-07-22 09:48:13,522 P3200668 INFO ----------------------------------------------------------------------------------------------------
2026-07-22 09:48:13,522 P3200668 INFO 15/50 starting... lr: 0.001 para:0.0625
2026-07-22 09:48:35,381 P3200668 INFO Epoch 15/50, all_loss:0.62409 cls_loss:0.59438 rec_loss:1.06962 [21.86s]; best loss:0.62409, patience : 0
2026-07-22 09:48:44,302 P3200668 INFO pr:0.8935  rc:0.9683  auc:0.9990 ap:0.9872 f1: 0.9294 pred_right: 1058827 pred_wrong:37373 actu_right: 1061713 actu_wrong: 34487
2026-07-22 09:48:48,918 P3200668 INFO pr:0.8922  rc:0.9641  auc:0.9989 ap:0.9857 f1: 0.9268 pred_right: 453800 pred_wrong:16000 actu_right: 454992 actu_wrong: 14808
2026-07-22 09:48:48,927 P3200668 INFO ----------------------------------------------------------------------------------------------------
2026-07-22 09:48:48,927 P3200668 INFO 16/50 starting... lr: 0.001 para:0.05882352963089943
2026-07-22 09:49:16,782 P3200668 INFO Epoch 16/50, all_loss:0.62844 cls_loss:0.59975 rec_loss:1.08753 [27.85s]; best loss:0.62409, patience : 1
2026-07-22 09:49:27,313 P3200668 INFO pr:0.9195  rc:0.9337  auc:0.9989 ap:0.9901 f1: 0.9265 pred_right: 1061174 pred_wrong:35026 actu_right: 1061709 actu_wrong: 34491
2026-07-22 09:49:31,870 P3200668 INFO pr:0.9188  rc:0.9313  auc:0.9989 ap:0.9890 f1: 0.9250 pred_right: 454791 pred_wrong:15009 actu_right: 454992 actu_wrong: 14808
2026-07-22 09:49:31,871 P3200668 INFO ----------------------------------------------------------------------------------------------------
2026-07-22 09:49:31,871 P3200668 INFO 17/50 starting... lr: 0.001 para:0.0555555559694767
2026-07-22 09:49:52,310 P3200668 INFO Epoch 17/50, all_loss:0.57997 cls_loss:0.54948 rec_loss:1.09839 [20.44s]; best loss:0.57997, patience : 0
2026-07-22 09:50:03,085 P3200668 INFO pr:0.9061  rc:0.9617  auc:0.9992 ap:0.9900 f1: 0.9330 pred_right: 1059599 pred_wrong:36601 actu_right: 1061715 actu_wrong: 34485
2026-07-22 09:50:08,792 P3200668 INFO pr:0.9059  rc:0.9590  auc:0.9991 ap:0.9891 f1: 0.9317 pred_right: 454124 pred_wrong:15676 actu_right: 454992 actu_wrong: 14808
2026-07-22 09:50:08,795 P3200668 INFO ----------------------------------------------------------------------------------------------------
2026-07-22 09:50:08,796 P3200668 INFO 18/50 starting... lr: 0.001 para:0.05263157933950424
2026-07-22 09:50:35,450 P3200668 INFO Epoch 18/50, all_loss:0.59641 cls_loss:0.56829 rec_loss:1.10255 [26.65s]; best loss:0.57997, patience : 1
2026-07-22 09:50:46,055 P3200668 INFO pr:0.9405  rc:0.8911  auc:0.9989 ap:0.9880 f1: 0.9152 pred_right: 1063523 pred_wrong:32677 actu_right: 1061713 actu_wrong: 34487
2026-07-22 09:50:50,673 P3200668 INFO pr:0.9403  rc:0.8861  auc:0.9988 ap:0.9872 f1: 0.9124 pred_right: 455846 pred_wrong:13954 actu_right: 454992 actu_wrong: 14808
2026-07-22 09:50:50,674 P3200668 INFO ----------------------------------------------------------------------------------------------------
2026-07-22 09:50:50,674 P3200668 INFO 19/50 starting... lr: 0.001 para:0.05000000074505806
2026-07-22 09:51:11,667 P3200668 INFO Epoch 19/50, all_loss:0.57658 cls_loss:0.54767 rec_loss:1.12594 [20.99s]; best loss:0.57658, patience : 0
2026-07-22 09:51:22,307 P3200668 INFO pr:0.9314  rc:0.9423  auc:0.9992 ap:0.9913 f1: 0.9368 pred_right: 1061311 pred_wrong:34889 actu_right: 1061712 actu_wrong: 34488
2026-07-22 09:51:26,668 P3200668 INFO pr:0.9292  rc:0.9396  auc:0.9992 ap:0.9904 f1: 0.9344 pred_right: 454826 pred_wrong:14974 actu_right: 454992 actu_wrong: 14808
2026-07-22 09:51:26,672 P3200668 INFO ----------------------------------------------------------------------------------------------------
2026-07-22 09:51:26,673 P3200668 INFO 20/50 starting... lr: 0.001 para:0.0476190485060215
2026-07-22 09:51:47,633 P3200668 INFO Epoch 20/50, all_loss:0.51721 cls_loss:0.48689 rec_loss:1.12345 [20.96s]; best loss:0.51721, patience : 0
2026-07-22 09:52:03,052 P3200668 INFO pr:0.9081  rc:0.9728  auc:0.9992 ap:0.9919 f1: 0.9393 pred_right: 1059256 pred_wrong:36944 actu_right: 1061713 actu_wrong: 34487
2026-07-22 09:52:10,458 P3200668 INFO pr:0.9090  rc:0.9696  auc:0.9992 ap:0.9906 f1: 0.9383 pred_right: 454005 pred_wrong:15795 actu_right: 454992 actu_wrong: 14808
2026-07-22 09:52:10,462 P3200668 INFO ----------------------------------------------------------------------------------------------------
2026-07-22 09:52:10,462 P3200668 INFO 21/50 starting... lr: 0.001 para:0.04545454680919647
2026-07-22 09:52:31,845 P3200668 INFO Epoch 21/50, all_loss:0.55563 cls_loss:0.52729 rec_loss:1.15079 [21.38s]; best loss:0.51721, patience : 1
2026-07-22 09:52:42,373 P3200668 INFO pr:0.9392  rc:0.9192  auc:0.9993 ap:0.9894 f1: 0.9291 pred_right: 1062447 pred_wrong:33753 actu_right: 1061710 actu_wrong: 34490
2026-07-22 09:52:46,744 P3200668 INFO pr:0.9400  rc:0.9176  auc:0.9991 ap:0.9886 f1: 0.9287 pred_right: 455345 pred_wrong:14455 actu_right: 454992 actu_wrong: 14808
2026-07-22 09:52:46,745 P3200668 INFO ----------------------------------------------------------------------------------------------------
2026-07-22 09:52:46,745 P3200668 INFO 22/50 starting... lr: 0.001 para:0.043478261679410934
2026-07-22 09:53:07,676 P3200668 INFO Epoch 22/50, all_loss:0.53785 cls_loss:0.50864 rec_loss:1.18041 [20.93s]; best loss:0.51721, patience : 1
2026-07-22 09:53:19,807 P3200668 INFO pr:0.9059  rc:0.9775  auc:0.9994 ap:0.9925 f1: 0.9403 pred_right: 1058988 pred_wrong:37212 actu_right: 1061712 actu_wrong: 34488
2026-07-22 09:53:23,550 P3200668 INFO pr:0.9059  rc:0.9741  auc:0.9993 ap:0.9908 f1: 0.9387 pred_right: 453877 pred_wrong:15923 actu_right: 454992 actu_wrong: 14808
2026-07-22 09:53:23,554 P3200668 INFO ----------------------------------------------------------------------------------------------------
2026-07-22 09:53:23,554 P3200668 INFO 23/50 starting... lr: 0.001 para:0.0416666679084301
2026-07-22 09:53:51,351 P3200668 INFO Epoch 23/50, all_loss:0.54832 cls_loss:0.52195 rec_loss:1.15483 [27.80s]; best loss:0.51721, patience : 2
2026-07-22 09:54:02,141 P3200668 INFO pr:0.9343  rc:0.9506  auc:0.9993 ap:0.9929 f1: 0.9424 pred_right: 1061110 pred_wrong:35090 actu_right: 1061711 actu_wrong: 34489
2026-07-22 09:54:06,535 P3200668 INFO pr:0.9308  rc:0.9459  auc:0.9992 ap:0.9915 f1: 0.9383 pred_right: 454751 pred_wrong:15049 actu_right: 454992 actu_wrong: 14808
2026-07-22 09:54:06,539 P3200668 INFO ----------------------------------------------------------------------------------------------------
2026-07-22 09:54:06,539 P3200668 INFO 24/50 starting... lr: 0.001 para:0.03999999910593033
2026-07-22 09:54:27,048 P3200668 INFO Epoch 24/50, all_loss:0.50131 cls_loss:0.47248 rec_loss:1.19330 [20.50s]; best loss:0.50131, patience : 0
2026-07-22 09:54:37,828 P3200668 INFO pr:0.9314  rc:0.9467  auc:0.9993 ap:0.9915 f1: 0.9390 pred_right: 1061141 pred_wrong:35059 actu_right: 1061708 actu_wrong: 34492
2026-07-22 09:54:42,334 P3200668 INFO pr:0.9303  rc:0.9396  auc:0.9991 ap:0.9900 f1: 0.9349 pred_right: 454843 pred_wrong:14957 actu_right: 454992 actu_wrong: 14808
2026-07-22 09:54:42,334 P3200668 INFO ----------------------------------------------------------------------------------------------------
2026-07-22 09:54:42,335 P3200668 INFO 25/50 starting... lr: 0.001 para:0.03846153989434242
2026-07-22 09:55:02,474 P3200668 INFO Epoch 25/50, all_loss:0.52057 cls_loss:0.49292 rec_loss:1.21185 [20.14s]; best loss:0.50131, patience : 1
2026-07-22 09:55:21,727 P3200668 INFO pr:0.9282  rc:0.9697  auc:0.9993 ap:0.9932 f1: 0.9485 pred_right: 1060171 pred_wrong:36029 actu_right: 1061714 actu_wrong: 34486
2026-07-22 09:55:26,304 P3200668 INFO pr:0.9267  rc:0.9643  auc:0.9993 ap:0.9925 f1: 0.9452 pred_right: 454391 pred_wrong:15409 actu_right: 454992 actu_wrong: 14808
2026-07-22 09:55:26,308 P3200668 INFO ----------------------------------------------------------------------------------------------------
2026-07-22 09:55:26,308 P3200668 INFO 26/50 starting... lr: 0.001 para:0.03703703731298447
2026-07-22 09:55:46,878 P3200668 INFO Epoch 26/50, all_loss:0.45981 cls_loss:0.43021 rec_loss:1.22920 [20.57s]; best loss:0.45981, patience : 0
2026-07-22 09:55:57,797 P3200668 INFO pr:0.9167  rc:0.9757  auc:0.9992 ap:0.9931 f1: 0.9453 pred_right: 1059494 pred_wrong:36706 actu_right: 1061715 actu_wrong: 34485
2026-07-22 09:56:02,375 P3200668 INFO pr:0.9189  rc:0.9722  auc:0.9991 ap:0.9920 f1: 0.9448 pred_right: 454133 pred_wrong:15667 actu_right: 454992 actu_wrong: 14808
2026-07-22 09:56:02,376 P3200668 INFO ----------------------------------------------------------------------------------------------------
2026-07-22 09:56:02,376 P3200668 INFO 27/50 starting... lr: 0.001 para:0.0357142873108387
2026-07-22 09:56:22,923 P3200668 INFO Epoch 27/50, all_loss:0.47690 cls_loss:0.44920 rec_loss:1.22476 [20.55s]; best loss:0.45981, patience : 1
2026-07-22 09:56:33,872 P3200668 INFO pr:0.9346  rc:0.9684  auc:0.9994 ap:0.9940 f1: 0.9512 pred_right: 1060468 pred_wrong:35732 actu_right: 1061714 actu_wrong: 34486
2026-07-22 09:56:37,933 P3200668 INFO pr:0.9344  rc:0.9616  auc:0.9993 ap:0.9930 f1: 0.9478 pred_right: 454561 pred_wrong:15239 actu_right: 454992 actu_wrong: 14808
2026-07-22 09:56:37,937 P3200668 INFO ----------------------------------------------------------------------------------------------------
2026-07-22 09:56:37,937 P3200668 INFO 28/50 starting... lr: 0.001 para:0.03448275849223137
2026-07-22 09:57:05,707 P3200668 INFO Epoch 28/50, all_loss:0.42927 cls_loss:0.40084 rec_loss:1.22544 [27.76s]; best loss:0.42927, patience : 0
2026-07-22 09:57:16,326 P3200668 INFO pr:0.9343  rc:0.9631  auc:0.9994 ap:0.9937 f1: 0.9485 pred_right: 1060647 pred_wrong:35553 actu_right: 1061711 actu_wrong: 34489
2026-07-22 09:57:20,649 P3200668 INFO pr:0.9320  rc:0.9586  auc:0.9993 ap:0.9922 f1: 0.9451 pred_right: 454569 pred_wrong:15231 actu_right: 454992 actu_wrong: 14808
2026-07-22 09:57:20,650 P3200668 INFO ----------------------------------------------------------------------------------------------------
2026-07-22 09:57:20,650 P3200668 INFO 29/50 starting... lr: 0.001 para:0.03333333507180214
2026-07-22 09:57:41,092 P3200668 INFO Epoch 29/50, all_loss:0.41908 cls_loss:0.39072 rec_loss:1.24159 [20.44s]; best loss:0.41908, patience : 0
2026-07-22 09:57:51,780 P3200668 INFO pr:0.9582  rc:0.9203  auc:0.9994 ap:0.9936 f1: 0.9388 pred_right: 1063077 pred_wrong:33123 actu_right: 1061713 actu_wrong: 34487
2026-07-22 09:57:56,134 P3200668 INFO pr:0.9564  rc:0.9137  auc:0.9992 ap:0.9926 f1: 0.9346 pred_right: 455653 pred_wrong:14147 actu_right: 454992 actu_wrong: 14808
2026-07-22 09:57:56,135 P3200668 INFO ----------------------------------------------------------------------------------------------------
2026-07-22 09:57:56,135 P3200668 INFO 30/50 starting... lr: 0.001 para:0.032258063554763794
2026-07-22 09:58:22,725 P3200668 INFO Epoch 30/50, all_loss:0.45245 cls_loss:0.42566 rec_loss:1.25589 [26.59s]; best loss:0.41908, patience : 1
2026-07-22 09:58:34,309 P3200668 INFO pr:0.9286  rc:0.9691  auc:0.9994 ap:0.9939 f1: 0.9484 pred_right: 1060203 pred_wrong:35997 actu_right: 1061707 actu_wrong: 34493
2026-07-22 09:58:38,660 P3200668 INFO pr:0.9260  rc:0.9660  auc:0.9992 ap:0.9923 f1: 0.9456 pred_right: 454352 pred_wrong:15448 actu_right: 454992 actu_wrong: 14808
2026-07-22 09:58:38,661 P3200668 INFO ----------------------------------------------------------------------------------------------------
2026-07-22 09:58:38,661 P3200668 INFO 31/50 starting... lr: 0.001 para:0.03125
2026-07-22 09:58:59,224 P3200668 INFO Epoch 31/50, all_loss:0.44262 cls_loss:0.41599 rec_loss:1.26816 [20.56s]; best loss:0.41908, patience : 1
2026-07-22 09:59:09,640 P3200668 INFO pr:0.9184  rc:0.9852  auc:0.9995 ap:0.9948 f1: 0.9506 pred_right: 1059197 pred_wrong:37003 actu_right: 1061705 actu_wrong: 34495
2026-07-22 09:59:13,990 P3200668 INFO pr:0.9148  rc:0.9803  auc:0.9994 ap:0.9931 f1: 0.9464 pred_right: 453931 pred_wrong:15869 actu_right: 454992 actu_wrong: 14808
2026-07-22 09:59:13,991 P3200668 INFO ----------------------------------------------------------------------------------------------------
2026-07-22 09:59:13,991 P3200668 INFO 32/50 starting... lr: 0.001 para:0.03030303120613098
2026-07-22 09:59:35,169 P3200668 INFO Epoch 32/50, all_loss:0.44078 cls_loss:0.41487 rec_loss:1.26994 [21.18s]; best loss:0.41908, patience : 1
2026-07-22 09:59:44,250 P3200668 INFO pr:0.9562  rc:0.9360  auc:0.9994 ap:0.9948 f1: 0.9460 pred_right: 1062442 pred_wrong:33758 actu_right: 1061710 actu_wrong: 34490
2026-07-22 09:59:51,688 P3200668 INFO pr:0.9532  rc:0.9278  auc:0.9991 ap:0.9932 f1: 0.9404 pred_right: 455387 pred_wrong:14413 actu_right: 454992 actu_wrong: 14808
2026-07-22 09:59:51,690 P3200668 INFO ----------------------------------------------------------------------------------------------------
2026-07-22 09:59:51,690 P3200668 INFO 33/50 starting... lr: 0.001 para:0.029411764815449715
2026-07-22 10:00:16,778 P3200668 INFO Epoch 33/50, all_loss:0.41742 cls_loss:0.39163 rec_loss:1.26837 [25.08s]; best loss:0.41742, patience : 0
2026-07-22 10:00:27,270 P3200668 INFO pr:0.9448  rc:0.9631  auc:0.9995 ap:0.9946 f1: 0.9539 pred_right: 1061044 pred_wrong:35156 actu_right: 1061715 actu_wrong: 34485
2026-07-22 10:00:31,815 P3200668 INFO pr:0.9435  rc:0.9584  auc:0.9993 ap:0.9931 f1: 0.9509 pred_right: 454758 pred_wrong:15042 actu_right: 454992 actu_wrong: 14808
2026-07-22 10:00:31,819 P3200668 INFO ----------------------------------------------------------------------------------------------------
2026-07-22 10:00:31,819 P3200668 INFO 34/50 starting... lr: 0.001 para:0.02857142873108387
2026-07-22 10:00:51,983 P3200668 INFO Epoch 34/50, all_loss:0.42769 cls_loss:0.40296 rec_loss:1.26838 [20.16s]; best loss:0.41742, patience : 1
2026-07-22 10:01:02,710 P3200668 INFO pr:0.9604  rc:0.9354  auc:0.9993 ap:0.9948 f1: 0.9477 pred_right: 1062612 pred_wrong:33588 actu_right: 1061714 actu_wrong: 34486
2026-07-22 10:01:08,465 P3200668 INFO pr:0.9589  rc:0.9288  auc:0.9993 ap:0.9937 f1: 0.9436 pred_right: 455458 pred_wrong:14342 actu_right: 454992 actu_wrong: 14808
2026-07-22 10:01:08,465 P3200668 INFO ----------------------------------------------------------------------------------------------------
2026-07-22 10:01:08,466 P3200668 INFO 35/50 starting... lr: 0.001 para:0.02777777798473835
2026-07-22 10:01:34,375 P3200668 INFO Epoch 35/50, all_loss:0.41650 cls_loss:0.39111 rec_loss:1.30532 [25.90s]; best loss:0.41650, patience : 0
2026-07-22 10:01:45,032 P3200668 INFO pr:0.9475  rc:0.9478  auc:0.9992 ap:0.9945 f1: 0.9477 pred_right: 1061697 pred_wrong:34503 actu_right: 1061710 actu_wrong: 34490
2026-07-22 10:01:49,366 P3200668 INFO pr:0.9477  rc:0.9437  auc:0.9992 ap:0.9933 f1: 0.9457 pred_right: 455055 pred_wrong:14745 actu_right: 454992 actu_wrong: 14808
2026-07-22 10:01:49,367 P3200668 INFO ----------------------------------------------------------------------------------------------------
2026-07-22 10:01:49,367 P3200668 INFO 36/50 starting... lr: 0.001 para:0.027027027681469917
2026-07-22 10:02:09,916 P3200668 INFO Epoch 36/50, all_loss:0.40105 cls_loss:0.37576 rec_loss:1.31148 [20.54s]; best loss:0.40105, patience : 0
2026-07-22 10:02:20,775 P3200668 INFO pr:0.9433  rc:0.9715  auc:0.9994 ap:0.9952 f1: 0.9572 pred_right: 1060680 pred_wrong:35520 actu_right: 1061713 actu_wrong: 34487
2026-07-22 10:02:25,220 P3200668 INFO pr:0.9413  rc:0.9639  auc:0.9992 ap:0.9935 f1: 0.9525 pred_right: 454637 pred_wrong:15163 actu_right: 454992 actu_wrong: 14808
2026-07-22 10:02:25,224 P3200668 INFO ----------------------------------------------------------------------------------------------------
2026-07-22 10:02:25,224 P3200668 INFO 37/50 starting... lr: 0.001 para:0.02631578966975212
2026-07-22 10:02:45,563 P3200668 INFO Epoch 37/50, all_loss:0.40142 cls_loss:0.37650 rec_loss:1.32367 [20.34s]; best loss:0.40105, patience : 1
2026-07-22 10:03:00,845 P3200668 INFO pr:0.9438  rc:0.9727  auc:0.9996 ap:0.9958 f1: 0.9580 pred_right: 1060658 pred_wrong:35542 actu_right: 1061711 actu_wrong: 34489
2026-07-22 10:03:08,111 P3200668 INFO pr:0.9406  rc:0.9652  auc:0.9994 ap:0.9944 f1: 0.9527 pred_right: 454605 pred_wrong:15195 actu_right: 454992 actu_wrong: 14808
2026-07-22 10:03:08,116 P3200668 INFO ----------------------------------------------------------------------------------------------------
2026-07-22 10:03:08,116 P3200668 INFO 38/50 starting... lr: 0.001 para:0.025641025975346565
2026-07-22 10:03:28,897 P3200668 INFO Epoch 38/50, all_loss:0.38358 cls_loss:0.35901 rec_loss:1.31699 [20.78s]; best loss:0.38358, patience : 0
2026-07-22 10:03:39,945 P3200668 INFO pr:0.9464  rc:0.9610  auc:0.9994 ap:0.9951 f1: 0.9537 pred_right: 1061178 pred_wrong:35022 actu_right: 1061710 actu_wrong: 34490
2026-07-22 10:03:44,540 P3200668 INFO pr:0.9434  rc:0.9549  auc:0.9993 ap:0.9940 f1: 0.9491 pred_right: 454811 pred_wrong:14989 actu_right: 454992 actu_wrong: 14808
2026-07-22 10:03:44,541 P3200668 INFO ----------------------------------------------------------------------------------------------------
2026-07-22 10:03:44,541 P3200668 INFO 39/50 starting... lr: 0.001 para:0.02500000037252903
2026-07-22 10:04:05,164 P3200668 INFO Epoch 39/50, all_loss:0.37649 cls_loss:0.35213 rec_loss:1.32677 [20.62s]; best loss:0.37649, patience : 0
2026-07-22 10:04:17,045 P3200668 INFO pr:0.9376  rc:0.9677  auc:0.9995 ap:0.9952 f1: 0.9524 pred_right: 1060606 pred_wrong:35594 actu_right: 1061711 actu_wrong: 34489
2026-07-22 10:04:20,785 P3200668 INFO pr:0.9363  rc:0.9633  auc:0.9993 ap:0.9937 f1: 0.9496 pred_right: 454566 pred_wrong:15234 actu_right: 454992 actu_wrong: 14808
2026-07-22 10:04:20,786 P3200668 INFO ----------------------------------------------------------------------------------------------------
2026-07-22 10:04:20,786 P3200668 INFO 40/50 starting... lr: 0.001 para:0.024390242993831635
2026-07-22 10:04:49,328 P3200668 INFO Epoch 40/50, all_loss:0.35669 cls_loss:0.33264 rec_loss:1.31906 [28.54s]; best loss:0.35669, patience : 0
2026-07-22 10:04:59,978 P3200668 INFO pr:0.9507  rc:0.9554  auc:0.9993 ap:0.9954 f1: 0.9530 pred_right: 1061539 pred_wrong:34661 actu_right: 1061709 actu_wrong: 34491
2026-07-22 10:05:04,513 P3200668 INFO pr:0.9475  rc:0.9491  auc:0.9992 ap:0.9942 f1: 0.9483 pred_right: 454967 pred_wrong:14833 actu_right: 454992 actu_wrong: 14808
2026-07-22 10:05:04,514 P3200668 INFO ----------------------------------------------------------------------------------------------------
2026-07-22 10:05:04,514 P3200668 INFO 41/50 starting... lr: 0.001 para:0.02380952425301075
2026-07-22 10:05:24,960 P3200668 INFO Epoch 41/50, all_loss:0.35131 cls_loss:0.32717 rec_loss:1.34127 [20.44s]; best loss:0.35131, patience : 0
2026-07-22 10:05:35,414 P3200668 INFO pr:0.9448  rc:0.9666  auc:0.9994 ap:0.9951 f1: 0.9556 pred_right: 1060916 pred_wrong:35284 actu_right: 1061710 actu_wrong: 34490
2026-07-22 10:05:39,893 P3200668 INFO pr:0.9432  rc:0.9608  auc:0.9992 ap:0.9936 f1: 0.9519 pred_right: 454717 pred_wrong:15083 actu_right: 454992 actu_wrong: 14808
2026-07-22 10:05:39,893 P3200668 INFO ----------------------------------------------------------------------------------------------------
2026-07-22 10:05:39,893 P3200668 INFO 42/50 starting... lr: 0.001 para:0.023255813866853714
2026-07-22 10:06:00,056 P3200668 INFO Epoch 42/50, all_loss:0.39227 cls_loss:0.36986 rec_loss:1.33339 [20.16s]; best loss:0.35131, patience : 1
2026-07-22 10:06:19,825 P3200668 INFO pr:0.9604  rc:0.9279  auc:0.9994 ap:0.9949 f1: 0.9438 pred_right: 1062875 pred_wrong:33325 actu_right: 1061709 actu_wrong: 34491
2026-07-22 10:06:24,347 P3200668 INFO pr:0.9569  rc:0.9202  auc:0.9991 ap:0.9931 f1: 0.9382 pred_right: 455561 pred_wrong:14239 actu_right: 454992 actu_wrong: 14808
2026-07-22 10:06:24,348 P3200668 INFO ----------------------------------------------------------------------------------------------------
2026-07-22 10:06:24,348 P3200668 INFO 43/50 starting... lr: 0.001 para:0.022727273404598236
2026-07-22 10:06:44,727 P3200668 INFO Epoch 43/50, all_loss:0.36768 cls_loss:0.34415 rec_loss:1.37959 [20.38s]; best loss:0.35131, patience : 1
2026-07-22 10:06:55,026 P3200668 INFO pr:0.9546  rc:0.9600  auc:0.9993 ap:0.9957 f1: 0.9573 pred_right: 1061514 pred_wrong:34686 actu_right: 1061710 actu_wrong: 34490
2026-07-22 10:06:59,555 P3200668 INFO pr:0.9527  rc:0.9536  auc:0.9992 ap:0.9944 f1: 0.9532 pred_right: 454978 pred_wrong:14822 actu_right: 454992 actu_wrong: 14808
2026-07-22 10:06:59,555 P3200668 INFO ----------------------------------------------------------------------------------------------------
2026-07-22 10:06:59,556 P3200668 INFO 44/50 starting... lr: 0.001 para:0.02222222276031971
2026-07-22 10:07:21,200 P3200668 INFO Epoch 44/50, all_loss:0.34475 cls_loss:0.32141 rec_loss:1.37133 [21.64s]; best loss:0.34475, patience : 0
2026-07-22 10:07:30,605 P3200668 INFO pr:0.9636  rc:0.9516  auc:0.9996 ap:0.9964 f1: 0.9576 pred_right: 1062141 pred_wrong:34059 actu_right: 1061710 actu_wrong: 34490
2026-07-22 10:07:34,562 P3200668 INFO pr:0.9600  rc:0.9447  auc:0.9993 ap:0.9950 f1: 0.9523 pred_right: 455228 pred_wrong:14572 actu_right: 454992 actu_wrong: 14808
2026-07-22 10:07:34,563 P3200668 INFO ----------------------------------------------------------------------------------------------------
2026-07-22 10:07:34,563 P3200668 INFO 45/50 starting... lr: 0.001 para:0.021739130839705467
2026-07-22 10:08:02,442 P3200668 INFO Epoch 45/50, all_loss:0.38499 cls_loss:0.36320 rec_loss:1.36536 [27.88s]; best loss:0.34475, patience : 1
2026-07-22 10:08:13,416 P3200668 INFO pr:0.9494  rc:0.9717  auc:0.9995 ap:0.9963 f1: 0.9604 pred_right: 1060898 pred_wrong:35302 actu_right: 1061710 actu_wrong: 34490
2026-07-22 10:08:17,866 P3200668 INFO pr:0.9464  rc:0.9630  auc:0.9993 ap:0.9946 f1: 0.9546 pred_right: 454732 pred_wrong:15068 actu_right: 454992 actu_wrong: 14808
2026-07-22 10:08:17,870 P3200668 INFO ----------------------------------------------------------------------------------------------------
2026-07-22 10:08:17,870 P3200668 INFO 46/50 starting... lr: 0.001 para:0.021276595070958138
2026-07-22 10:08:38,577 P3200668 INFO Epoch 46/50, all_loss:0.34247 cls_loss:0.31955 rec_loss:1.39656 [20.70s]; best loss:0.34247, patience : 0
2026-07-22 10:08:49,172 P3200668 INFO pr:0.9522  rc:0.9575  auc:0.9995 ap:0.9957 f1: 0.9549 pred_right: 1061518 pred_wrong:34682 actu_right: 1061709 actu_wrong: 34491
2026-07-22 10:08:53,434 P3200668 INFO pr:0.9485  rc:0.9514  auc:0.9993 ap:0.9942 f1: 0.9500 pred_right: 454946 pred_wrong:14854 actu_right: 454992 actu_wrong: 14808
2026-07-22 10:08:53,435 P3200668 INFO ----------------------------------------------------------------------------------------------------
2026-07-22 10:08:53,435 P3200668 INFO 47/50 starting... lr: 0.001 para:0.02083333395421505
2026-07-22 10:09:18,382 P3200668 INFO Epoch 47/50, all_loss:0.34504 cls_loss:0.32272 rec_loss:1.39446 [24.95s]; best loss:0.34247, patience : 1
2026-07-22 10:09:31,261 P3200668 INFO pr:0.9532  rc:0.9605  auc:0.9996 ap:0.9958 f1: 0.9568 pred_right: 1061445 pred_wrong:34755 actu_right: 1061710 actu_wrong: 34490
2026-07-22 10:09:35,516 P3200668 INFO pr:0.9494  rc:0.9542  auc:0.9994 ap:0.9941 f1: 0.9518 pred_right: 454917 pred_wrong:14883 actu_right: 454992 actu_wrong: 14808
2026-07-22 10:09:35,517 P3200668 INFO ----------------------------------------------------------------------------------------------------
2026-07-22 10:09:35,517 P3200668 INFO 48/50 starting... lr: 0.001 para:0.020408162847161293
2026-07-22 10:09:56,019 P3200668 INFO Epoch 48/50, all_loss:0.34893 cls_loss:0.32746 rec_loss:1.37989 [20.50s]; best loss:0.34247, patience : 2
2026-07-22 10:10:06,606 P3200668 INFO pr:0.9715  rc:0.9065  auc:0.9994 ap:0.9958 f1: 0.9379 pred_right: 1064014 pred_wrong:32186 actu_right: 1061706 actu_wrong: 34494
2026-07-22 10:10:11,018 P3200668 INFO pr:0.9670  rc:0.8968  auc:0.9992 ap:0.9942 f1: 0.9306 pred_right: 456067 pred_wrong:13733 actu_right: 454992 actu_wrong: 14808
2026-07-22 10:10:11,019 P3200668 INFO ----------------------------------------------------------------------------------------------------
2026-07-22 10:10:11,019 P3200668 INFO 49/50 starting... lr: 0.001 para:0.019999999552965164
2026-07-22 10:10:32,319 P3200668 INFO Epoch 49/50, all_loss:0.35530 cls_loss:0.33422 rec_loss:1.38828 [21.30s]; best loss:0.34247, patience : 3
2026-07-22 10:10:41,365 P3200668 INFO pr:0.9440  rc:0.9814  auc:0.9996 ap:0.9965 f1: 0.9623 pred_right: 1060338 pred_wrong:35862 actu_right: 1061707 actu_wrong: 34493
2026-07-22 10:10:47,368 P3200668 INFO pr:0.9430  rc:0.9756  auc:0.9993 ap:0.9949 f1: 0.9590 pred_right: 454481 pred_wrong:15319 actu_right: 454992 actu_wrong: 14808
2026-07-22 10:10:47,376 P3200668 INFO saving model...
2026-07-22 10:10:47,376 P3200668 INFO FITS_Legendre - loss  best score:0.3424675762653351 at epoch 46
2026-07-22 10:10:47,387 P3200668 INFO FITS_Legendre - f1  best score:0.9623196645583114 at epoch 49
2026-07-22 10:10:47,396 P3200668 INFO Average training time per epoch: 22.38 seconds
2026-07-22 10:10:47,398 P3200668 INFO calculate scores...
2026-07-22 10:10:47,398 P3200668 INFO calculate label with loss...
2026-07-22 10:10:47,398 P3200668 INFO FITS_Legendre on ./result/server_only_exps/Sensitivity/FITS_Legendre-TT-Epochs50-Seed3-ExpNameRQ3_sensitivity_auxi_lambda-LPFLPF-Attnlinear_attn-NormLinTrue-RecLambda1.0-AuxiLambda1.0-Degree5-lowshow-simplegraph loading...
2026-07-22 10:10:58,004 P3200668 INFO pr:0.9485  rc:0.9514  auc:0.9993 ap:0.9942 f1: 0.9500 pred_right: 454946 pred_wrong:14854 actu_right: 454992 actu_wrong: 14808
2026-07-22 10:11:06,809 P3200668 INFO pr:0.9485  rc:0.9514  auc:0.9993 ap:0.9942 f1: 0.9500 pred_right: 454946 pred_wrong:14854 actu_right: 454992 actu_wrong: 14808
2026-07-22 10:11:06,810 P3200668 INFO Performance Summary:
{'GPU': {'inference_time_per_sample_ms': 0.5706519984213547, 'throughput_samples_per_sec': 1752.3814912878404, 'peak_memory_mb': 87.724609375, 'energy_per_sample_joules': 0.02771257299933625}, 'CPU': {'inference_time_per_sample_ms': 0.47190367285885026, 'throughput_samples_per_sec': 2119.0765351366676, 'peak_memory_mb': 5331.5234375, 'energy_per_sample_joules': 0.030673738735825268}}
2026-07-22 10:11:06,810 P3200668 INFO Starting clean-room hardware benchmarking...
2026-07-22 10:11:07,765 P3200668 INFO Performance with loss: pr:0.9485  rc:0.9514  auc:0.9993 ap:0.9942 f1: 0.9500 pred_right: 454946 pred_wrong:14854 actu_right: 454992 actu_wrong: 14808
2026-07-22 10:11:07,765 P3200668 INFO calculate label with f1...
2026-07-22 10:11:07,765 P3200668 INFO FITS_Legendre on ./result/server_only_exps/Sensitivity/FITS_Legendre-TT-Epochs50-Seed3-ExpNameRQ3_sensitivity_auxi_lambda-LPFLPF-Attnlinear_attn-NormLinTrue-RecLambda1.0-AuxiLambda1.0-Degree5-lowshow-simplegraph loading...
2026-07-22 10:11:12,116 P3200668 INFO pr:0.9430  rc:0.9756  auc:0.9993 ap:0.9949 f1: 0.9590 pred_right: 454481 pred_wrong:15319 actu_right: 454992 actu_wrong: 14808
2026-07-22 10:11:20,644 P3200668 INFO pr:0.9430  rc:0.9756  auc:0.9993 ap:0.9949 f1: 0.9590 pred_right: 454481 pred_wrong:15319 actu_right: 454992 actu_wrong: 14808
2026-07-22 10:11:20,645 P3200668 INFO Performance Summary:
{'GPU': {'inference_time_per_sample_ms': 0.21809042789358496, 'throughput_samples_per_sec': 4585.253968541618, 'peak_memory_mb': 87.220703125, 'energy_per_sample_joules': 0.01184241927983561}, 'CPU': {'inference_time_per_sample_ms': 0.45776716192882727, 'throughput_samples_per_sec': 2184.5166782747033, 'peak_memory_mb': 5333.46875, 'energy_per_sample_joules': 0.02975486552537377}}
2026-07-22 10:11:20,645 P3200668 INFO Starting clean-room hardware benchmarking...
2026-07-22 10:11:21,602 P3200668 INFO Performance with f1: pr:0.9430  rc:0.9756  auc:0.9993 ap:0.9949 f1: 0.9590 pred_right: 454481 pred_wrong:15319 actu_right: 454992 actu_wrong: 14808
