2026-09-14 03:59:01,648 P2348932 INFO ---- Model: ----MSTGAD-9503d92f----random_seed : 2----req_loss_approach : Legendre-style----rec_lambda : 1.0----auxi_lambda : 0.2----Freq Domain : FITS_Legendre----Multi Fits : false----train : True----evaluate : False
2026-09-14 03:59:01,649 P2348932 INFO Load from /home/db2003/Desktop/Amr/Tests/Eadro/codes/chunks/TT
2026-09-14 03:59:17,471 P2348932 INFO Fewshot: training with 1.0 of the 70% of the data
2026-09-14 03:59:17,569 P2348932 INFO Trainable Parameters Breakdown:
2026-09-14 03:59:17,570 P2348932 INFO --------------------------------------------------------------------------------
2026-09-14 03:59:17,570 P2348932 INFO Reconstruction-Specific Parameters:
2026-09-14 03:59:17,570 P2348932 INFO node_emb.linear.weight                   | shape: (8, 7)                    | params: 56
2026-09-14 03:59:17,570 P2348932 INFO node_emb.linear.bias                     | shape: (8,)                      | params: 8
2026-09-14 03:59:17,570 P2348932 INFO log_emb.linear.weight                    | shape: (32, 60)                  | params: 1,920
2026-09-14 03:59:17,570 P2348932 INFO log_emb.linear.bias                      | shape: (32,)                     | params: 32
2026-09-14 03:59:17,570 P2348932 INFO egde_emb.linear.weight                   | shape: (8, 2)                    | params: 16
2026-09-14 03:59:17,570 P2348932 INFO egde_emb.linear.bias                     | shape: (8,)                      | params: 8
2026-09-14 03:59:17,570 P2348932 INFO dense_node.weight                        | shape: (7, 8)                    | params: 56
2026-09-14 03:59:17,570 P2348932 INFO dense_node.bias                          | shape: (7,)                      | params: 7
2026-09-14 03:59:17,570 P2348932 INFO dense_log.weight                         | shape: (60, 32)                  | params: 1,920
2026-09-14 03:59:17,570 P2348932 INFO dense_log.bias                           | shape: (60,)                     | params: 60
2026-09-14 03:59:17,570 P2348932 INFO dense_edge.weight                        | shape: (2, 8)                    | params: 16
2026-09-14 03:59:17,570 P2348932 INFO dense_edge.bias                          | shape: (2,)                      | params: 2
2026-09-14 03:59:17,570 P2348932 INFO linear_attn.Wq.weight                    | shape: (10, 10)                  | params: 100
2026-09-14 03:59:17,571 P2348932 INFO linear_attn.Wk.weight                    | shape: (10, 10)                  | params: 100
2026-09-14 03:59:17,571 P2348932 INFO linear_attn.Wv.weight                    | shape: (10, 10)                  | params: 100
2026-09-14 03:59:17,571 P2348932 INFO linear_attn.out.weight                   | shape: (10, 10)                  | params: 100
2026-09-14 03:59:17,571 P2348932 INFO linear_attn.out.bias                     | shape: (10,)                     | params: 10
2026-09-14 03:59:17,571 P2348932 INFO linear_attn.norm.weight                  | shape: (10,)                     | params: 10
2026-09-14 03:59:17,571 P2348932 INFO linear_attn.norm.bias                    | shape: (10,)                     | params: 10
2026-09-14 03:59:17,571 P2348932 INFO shared_fits.normlin_W                    | shape: (3, 3)                    | params: 9
2026-09-14 03:59:17,571 P2348932 INFO shared_fits.freq_upsampler.weight        | shape: (3, 3)                    | params: 9
2026-09-14 03:59:17,571 P2348932 INFO shared_fits.freq_upsampler.bias          | shape: (3,)                      | params: 3
2026-09-14 03:59:17,571 P2348932 INFO modality_proj.node.weight                | shape: (10, 8)                   | params: 80
2026-09-14 03:59:17,571 P2348932 INFO modality_proj.node.bias                  | shape: (10,)                     | params: 10
2026-09-14 03:59:17,571 P2348932 INFO modality_proj.log.weight                 | shape: (10, 32)                  | params: 320
2026-09-14 03:59:17,571 P2348932 INFO modality_proj.log.bias                   | shape: (10,)                     | params: 10
2026-09-14 03:59:17,571 P2348932 INFO modality_proj.edge.weight                | shape: (10, 8)                   | params: 80
2026-09-14 03:59:17,571 P2348932 INFO modality_proj.edge.bias                  | shape: (10,)                     | params: 10
2026-09-14 03:59:17,571 P2348932 INFO modality_proj_out.node.weight            | shape: (8, 10)                   | params: 80
2026-09-14 03:59:17,571 P2348932 INFO modality_proj_out.node.bias              | shape: (8,)                      | params: 8
2026-09-14 03:59:17,571 P2348932 INFO modality_proj_out.log.weight             | shape: (32, 10)                  | params: 320
2026-09-14 03:59:17,572 P2348932 INFO modality_proj_out.log.bias               | shape: (32,)                     | params: 32
2026-09-14 03:59:17,572 P2348932 INFO modality_proj_out.edge.weight            | shape: (8, 10)                   | params: 80
2026-09-14 03:59:17,572 P2348932 INFO modality_proj_out.edge.bias              | shape: (8,)                      | params: 8
2026-09-14 03:59:17,572 P2348932 INFO Subtotal: 5,590
2026-09-14 03:59:17,572 P2348932 INFO --------------------------------------------------------------------------------
2026-09-14 03:59:17,572 P2348932 INFO Common Parameters:
2026-09-14 03:59:17,572 P2348932 INFO show.0.weight                            | shape: (128, 69)                 | params: 8,832
2026-09-14 03:59:17,572 P2348932 INFO show.0.bias                              | shape: (128,)                    | params: 128
2026-09-14 03:59:17,572 P2348932 INFO show.2.weight                            | shape: (2, 128)                  | params: 256
2026-09-14 03:59:17,572 P2348932 INFO show.2.bias                              | shape: (2,)                      | params: 2
2026-09-14 03:59:17,572 P2348932 INFO Subtotal: 9,218
2026-09-14 03:59:17,572 P2348932 INFO --------------------------------------------------------------------------------
2026-09-14 03:59:17,572 P2348932 INFO Total Trainable Parameters: 14,808

2026-09-14 03:59:17,572 P2348932 INFO Trainable Parameters: 14808, reconstruction: 5590, common: 9218
2026-09-14 03:59:17,572 P2348932 INFO model : init weight
2026-09-14 03:59:17,573 P2348932 INFO Using GPU...
2026-09-14 03:59:17,579 P2348932 INFO optimizer : using AdaBelief
2026-09-14 03:59:17,580 P2348932 INFO ----------------------------------------------------------------------------------------------------
2026-09-14 03:59:17,580 P2348932 INFO 0/50 starting... lr: 0.001 para:1.0
2026-09-14 03:59:48,886 P2348932 INFO Epoch 0/50, all_loss:0.09173 cls_loss:29.98986 rec_loss:0.09173 [31.30s]; best loss:0.09173, patience : 0
2026-09-14 03:59:48,887 P2348932 INFO ----------------------------------------------------------------------------------------------------
2026-09-14 03:59:48,887 P2348932 INFO 1/50 starting... lr: 0.001 para:0.5
2026-09-14 04:00:20,014 P2348932 INFO Epoch 1/50, all_loss:2.09173 cls_loss:3.96654 rec_loss:0.21693 [31.12s]; best loss:2.09173, patience : 0
2026-09-14 04:00:20,014 P2348932 INFO ----------------------------------------------------------------------------------------------------
2026-09-14 04:00:20,014 P2348932 INFO 2/50 starting... lr: 0.001 para:0.3333333432674408
2026-09-14 04:01:01,192 P2348932 INFO Epoch 2/50, all_loss:1.52468 cls_loss:2.15873 rec_loss:0.25658 [41.17s]; best loss:1.52468, patience : 0
2026-09-14 04:01:17,091 P2348932 INFO pr:0.9108  rc:0.4989  auc:0.9892 ap:0.9081 f1: 0.6447 pred_right: 1077309 pred_wrong:18891 actu_right: 1061715 actu_wrong: 34485
2026-09-14 04:01:24,089 P2348932 INFO pr:0.9118  rc:0.4991  auc:0.9895 ap:0.9093 f1: 0.6450 pred_right: 461695 pred_wrong:8105 actu_right: 454992 actu_wrong: 14808
2026-09-14 04:01:24,094 P2348932 INFO ----------------------------------------------------------------------------------------------------
2026-09-14 04:01:24,094 P2348932 INFO 3/50 starting... lr: 0.001 para:0.25
2026-09-14 04:01:57,577 P2348932 INFO Epoch 3/50, all_loss:1.46921 cls_loss:1.85450 rec_loss:0.31334 [33.48s]; best loss:1.46921, patience : 0
2026-09-14 04:02:15,497 P2348932 INFO pr:0.8200  rc:0.6414  auc:0.9919 ap:0.9247 f1: 0.7198 pred_right: 1069226 pred_wrong:26974 actu_right: 1061714 actu_wrong: 34486
2026-09-14 04:02:22,947 P2348932 INFO pr:0.8235  rc:0.6402  auc:0.9922 ap:0.9255 f1: 0.7204 pred_right: 458288 pred_wrong:11512 actu_right: 454992 actu_wrong: 14808
2026-09-14 04:02:22,954 P2348932 INFO ----------------------------------------------------------------------------------------------------
2026-09-14 04:02:22,954 P2348932 INFO 4/50 starting... lr: 0.001 para:0.20000000298023224
2026-09-14 04:03:05,766 P2348932 INFO Epoch 4/50, all_loss:1.39982 cls_loss:1.65751 rec_loss:0.36902 [42.81s]; best loss:1.39982, patience : 0
2026-09-14 04:03:23,897 P2348932 INFO pr:0.9522  rc:0.5360  auc:0.9939 ap:0.9381 f1: 0.6859 pred_right: 1076785 pred_wrong:19415 actu_right: 1061709 actu_wrong: 34491
2026-09-14 04:03:30,768 P2348932 INFO pr:0.9501  rc:0.5347  auc:0.9941 ap:0.9386 f1: 0.6843 pred_right: 461466 pred_wrong:8334 actu_right: 454992 actu_wrong: 14808
2026-09-14 04:03:30,769 P2348932 INFO ----------------------------------------------------------------------------------------------------
2026-09-14 04:03:30,770 P2348932 INFO 5/50 starting... lr: 0.001 para:0.1666666716337204
2026-09-14 04:04:04,752 P2348932 INFO Epoch 5/50, all_loss:1.30592 cls_loss:1.48224 rec_loss:0.42434 [33.98s]; best loss:1.30592, patience : 0
2026-09-14 04:04:22,510 P2348932 INFO pr:0.7979  rc:0.8078  auc:0.9953 ap:0.9516 f1: 0.8028 pred_right: 1061284 pred_wrong:34916 actu_right: 1061710 actu_wrong: 34490
2026-09-14 04:04:29,817 P2348932 INFO pr:0.8031  rc:0.8104  auc:0.9955 ap:0.9521 f1: 0.8067 pred_right: 454856 pred_wrong:14944 actu_right: 454992 actu_wrong: 14808
2026-09-14 04:04:29,823 P2348932 INFO ----------------------------------------------------------------------------------------------------
2026-09-14 04:04:29,823 P2348932 INFO 6/50 starting... lr: 0.001 para:0.1428571492433548
2026-09-14 04:05:12,268 P2348932 INFO Epoch 6/50, all_loss:1.18361 cls_loss:1.29682 rec_loss:0.50439 [42.44s]; best loss:1.18361, patience : 0
2026-09-14 04:05:29,795 P2348932 INFO pr:0.8105  rc:0.8631  auc:0.9966 ap:0.9623 f1: 0.8360 pred_right: 1059473 pred_wrong:36727 actu_right: 1061711 actu_wrong: 34489
2026-09-14 04:05:37,030 P2348932 INFO pr:0.8159  rc:0.8647  auc:0.9968 ap:0.9625 f1: 0.8396 pred_right: 454106 pred_wrong:15694 actu_right: 454992 actu_wrong: 14808
2026-09-14 04:05:37,036 P2348932 INFO ----------------------------------------------------------------------------------------------------
2026-09-14 04:05:37,036 P2348932 INFO 7/50 starting... lr: 0.001 para:0.125
2026-09-14 04:06:10,957 P2348932 INFO Epoch 7/50, all_loss:1.06313 cls_loss:1.13132 rec_loss:0.58576 [33.92s]; best loss:1.06313, patience : 0
2026-09-14 04:06:29,458 P2348932 INFO pr:0.8706  rc:0.8514  auc:0.9977 ap:0.9704 f1: 0.8609 pred_right: 1062471 pred_wrong:33729 actu_right: 1061711 actu_wrong: 34489
2026-09-14 04:06:38,092 P2348932 INFO pr:0.8734  rc:0.8499  auc:0.9978 ap:0.9702 f1: 0.8615 pred_right: 455391 pred_wrong:14409 actu_right: 454992 actu_wrong: 14808
2026-09-14 04:06:38,097 P2348932 INFO ----------------------------------------------------------------------------------------------------
2026-09-14 04:06:38,097 P2348932 INFO 8/50 starting... lr: 0.001 para:0.1111111119389534
2026-09-14 04:07:20,328 P2348932 INFO Epoch 8/50, all_loss:0.93093 cls_loss:0.96157 rec_loss:0.68580 [42.22s]; best loss:0.93093, patience : 0
2026-09-14 04:07:37,109 P2348932 INFO pr:0.8800  rc:0.9130  auc:0.9983 ap:0.9792 f1: 0.8962 pred_right: 1060420 pred_wrong:35780 actu_right: 1061713 actu_wrong: 34487
2026-09-14 04:07:43,693 P2348932 INFO pr:0.8835  rc:0.9142  auc:0.9983 ap:0.9793 f1: 0.8986 pred_right: 454476 pred_wrong:15324 actu_right: 454992 actu_wrong: 14808
2026-09-14 04:07:43,699 P2348932 INFO ----------------------------------------------------------------------------------------------------
2026-09-14 04:07:43,699 P2348932 INFO 9/50 starting... lr: 0.001 para:0.10000000149011612
2026-09-14 04:08:17,167 P2348932 INFO Epoch 9/50, all_loss:0.84624 cls_loss:0.85846 rec_loss:0.73625 [33.46s]; best loss:0.84624, patience : 0
2026-09-14 04:08:34,575 P2348932 INFO pr:0.9219  rc:0.8132  auc:0.9984 ap:0.9794 f1: 0.8642 pred_right: 1065777 pred_wrong:30423 actu_right: 1061712 actu_wrong: 34488
2026-09-14 04:08:43,703 P2348932 INFO pr:0.9223  rc:0.8148  auc:0.9983 ap:0.9791 f1: 0.8653 pred_right: 456718 pred_wrong:13082 actu_right: 454992 actu_wrong: 14808
2026-09-14 04:08:43,704 P2348932 INFO ----------------------------------------------------------------------------------------------------
2026-09-14 04:08:43,704 P2348932 INFO 10/50 starting... lr: 0.001 para:0.09090909361839294
2026-09-14 04:09:25,547 P2348932 INFO Epoch 10/50, all_loss:0.81585 cls_loss:0.82241 rec_loss:0.75026 [41.83s]; best loss:0.81585, patience : 0
2026-09-14 04:09:42,509 P2348932 INFO pr:0.8970  rc:0.9240  auc:0.9985 ap:0.9838 f1: 0.9103 pred_right: 1060676 pred_wrong:35524 actu_right: 1061712 actu_wrong: 34488
2026-09-14 04:09:49,351 P2348932 INFO pr:0.8975  rc:0.9245  auc:0.9986 ap:0.9837 f1: 0.9108 pred_right: 454547 pred_wrong:15253 actu_right: 454992 actu_wrong: 14808
2026-09-14 04:09:49,357 P2348932 INFO ----------------------------------------------------------------------------------------------------
2026-09-14 04:09:49,359 P2348932 INFO 11/50 starting... lr: 0.001 para:0.0833333358168602
2026-09-14 04:10:23,053 P2348932 INFO Epoch 11/50, all_loss:0.74620 cls_loss:0.74328 rec_loss:0.77837 [33.69s]; best loss:0.74620, patience : 0
2026-09-14 04:10:40,988 P2348932 INFO pr:0.9058  rc:0.9324  auc:0.9988 ap:0.9845 f1: 0.9189 pred_right: 1060699 pred_wrong:35501 actu_right: 1061711 actu_wrong: 34489
2026-09-14 04:10:49,162 P2348932 INFO pr:0.9074  rc:0.9320  auc:0.9988 ap:0.9845 f1: 0.9195 pred_right: 454591 pred_wrong:15209 actu_right: 454992 actu_wrong: 14808
2026-09-14 04:10:49,167 P2348932 INFO ----------------------------------------------------------------------------------------------------
2026-09-14 04:10:49,167 P2348932 INFO 12/50 starting... lr: 0.001 para:0.07692307978868484
2026-09-14 04:11:30,575 P2348932 INFO Epoch 12/50, all_loss:0.69675 cls_loss:0.68919 rec_loss:0.78745 [41.40s]; best loss:0.69675, patience : 0
2026-09-14 04:11:47,946 P2348932 INFO pr:0.9208  rc:0.8915  auc:0.9987 ap:0.9849 f1: 0.9059 pred_right: 1062810 pred_wrong:33390 actu_right: 1061711 actu_wrong: 34489
2026-09-14 04:11:54,943 P2348932 INFO pr:0.9235  rc:0.8892  auc:0.9988 ap:0.9851 f1: 0.9060 pred_right: 455542 pred_wrong:14258 actu_right: 454992 actu_wrong: 14808
2026-09-14 04:11:54,944 P2348932 INFO ----------------------------------------------------------------------------------------------------
2026-09-14 04:11:54,944 P2348932 INFO 13/50 starting... lr: 0.001 para:0.0714285746216774
2026-09-14 04:12:29,286 P2348932 INFO Epoch 13/50, all_loss:0.67645 cls_loss:0.66759 rec_loss:0.79159 [34.33s]; best loss:0.67645, patience : 0
2026-09-14 04:12:47,606 P2348932 INFO pr:0.9030  rc:0.9461  auc:0.9990 ap:0.9867 f1: 0.9240 pred_right: 1060067 pred_wrong:36133 actu_right: 1061711 actu_wrong: 34489
2026-09-14 04:12:55,316 P2348932 INFO pr:0.9034  rc:0.9456  auc:0.9990 ap:0.9866 f1: 0.9240 pred_right: 454299 pred_wrong:15501 actu_right: 454992 actu_wrong: 14808
2026-09-14 04:12:55,321 P2348932 INFO ----------------------------------------------------------------------------------------------------
2026-09-14 04:12:55,321 P2348932 INFO 14/50 starting... lr: 0.001 para:0.06666667014360428
2026-09-14 04:13:38,454 P2348932 INFO Epoch 14/50, all_loss:0.67112 cls_loss:0.66122 rec_loss:0.80970 [43.13s]; best loss:0.67112, patience : 0
2026-09-14 04:13:55,146 P2348932 INFO pr:0.9384  rc:0.8798  auc:0.9990 ap:0.9881 f1: 0.9082 pred_right: 1063870 pred_wrong:32330 actu_right: 1061716 actu_wrong: 34484
2026-09-14 04:14:02,762 P2348932 INFO pr:0.9390  rc:0.8780  auc:0.9990 ap:0.9879 f1: 0.9074 pred_right: 455954 pred_wrong:13846 actu_right: 454992 actu_wrong: 14808
2026-09-14 04:14:02,763 P2348932 INFO ----------------------------------------------------------------------------------------------------
2026-09-14 04:14:02,769 P2348932 INFO 15/50 starting... lr: 0.001 para:0.0625
2026-09-14 04:14:36,778 P2348932 INFO Epoch 15/50, all_loss:0.63289 cls_loss:0.61984 rec_loss:0.82868 [34.00s]; best loss:0.63289, patience : 0
2026-09-14 04:14:55,074 P2348932 INFO pr:0.8921  rc:0.9636  auc:0.9992 ap:0.9885 f1: 0.9265 pred_right: 1058940 pred_wrong:37260 actu_right: 1061706 actu_wrong: 34494
2026-09-14 04:15:01,664 P2348932 INFO pr:0.8935  rc:0.9623  auc:0.9992 ap:0.9881 f1: 0.9266 pred_right: 453851 pred_wrong:15949 actu_right: 454992 actu_wrong: 14808
2026-09-14 04:15:01,669 P2348932 INFO ----------------------------------------------------------------------------------------------------
2026-09-14 04:15:01,669 P2348932 INFO 16/50 starting... lr: 0.001 para:0.05882352963089943
2026-09-14 04:15:45,053 P2348932 INFO Epoch 16/50, all_loss:0.60221 cls_loss:0.58766 rec_loss:0.83498 [43.38s]; best loss:0.60221, patience : 0
2026-09-14 04:16:02,134 P2348932 INFO pr:0.9313  rc:0.8973  auc:0.9991 ap:0.9880 f1: 0.9140 pred_right: 1062971 pred_wrong:33229 actu_right: 1061712 actu_wrong: 34488
2026-09-14 04:16:09,099 P2348932 INFO pr:0.9330  rc:0.8937  auc:0.9991 ap:0.9882 f1: 0.9129 pred_right: 455616 pred_wrong:14184 actu_right: 454992 actu_wrong: 14808
2026-09-14 04:16:09,100 P2348932 INFO ----------------------------------------------------------------------------------------------------
2026-09-14 04:16:09,101 P2348932 INFO 17/50 starting... lr: 0.001 para:0.0555555559694767
2026-09-14 04:16:42,863 P2348932 INFO Epoch 17/50, all_loss:0.58323 cls_loss:0.56726 rec_loss:0.85474 [33.76s]; best loss:0.58323, patience : 0
2026-09-14 04:17:01,973 P2348932 INFO pr:0.9006  rc:0.9595  auc:0.9992 ap:0.9905 f1: 0.9291 pred_right: 1059457 pred_wrong:36743 actu_right: 1061712 actu_wrong: 34488
2026-09-14 04:17:08,299 P2348932 INFO pr:0.9025  rc:0.9580  auc:0.9992 ap:0.9901 f1: 0.9294 pred_right: 454081 pred_wrong:15719 actu_right: 454992 actu_wrong: 14808
2026-09-14 04:17:08,303 P2348932 INFO ----------------------------------------------------------------------------------------------------
2026-09-14 04:17:08,303 P2348932 INFO 18/50 starting... lr: 0.001 para:0.05263157933950424
2026-09-14 04:17:52,253 P2348932 INFO Epoch 18/50, all_loss:0.58239 cls_loss:0.56650 rec_loss:0.86841 [43.94s]; best loss:0.58239, patience : 0
2026-09-14 04:18:09,166 P2348932 INFO pr:0.9390  rc:0.8996  auc:0.9992 ap:0.9897 f1: 0.9189 pred_right: 1063161 pred_wrong:33039 actu_right: 1061712 actu_wrong: 34488
2026-09-14 04:18:15,973 P2348932 INFO pr:0.9403  rc:0.8974  auc:0.9991 ap:0.9896 f1: 0.9184 pred_right: 455668 pred_wrong:14132 actu_right: 454992 actu_wrong: 14808
2026-09-14 04:18:15,974 P2348932 INFO ----------------------------------------------------------------------------------------------------
2026-09-14 04:18:15,974 P2348932 INFO 19/50 starting... lr: 0.001 para:0.05000000074505806
2026-09-14 04:18:50,506 P2348932 INFO Epoch 19/50, all_loss:0.55507 cls_loss:0.53759 rec_loss:0.88720 [34.52s]; best loss:0.55507, patience : 0
2026-09-14 04:19:09,511 P2348932 INFO pr:0.9421  rc:0.9140  auc:0.9992 ap:0.9913 f1: 0.9278 pred_right: 1062740 pred_wrong:33460 actu_right: 1061711 actu_wrong: 34489
2026-09-14 04:19:15,547 P2348932 INFO pr:0.9422  rc:0.9115  auc:0.9992 ap:0.9911 f1: 0.9266 pred_right: 455475 pred_wrong:14325 actu_right: 454992 actu_wrong: 14808
2026-09-14 04:19:15,548 P2348932 INFO ----------------------------------------------------------------------------------------------------
2026-09-14 04:19:15,555 P2348932 INFO 20/50 starting... lr: 0.001 para:0.0476190485060215
2026-09-14 04:19:58,621 P2348932 INFO Epoch 20/50, all_loss:0.55719 cls_loss:0.53971 rec_loss:0.90677 [43.06s]; best loss:0.55507, patience : 1
2026-09-14 04:20:15,646 P2348932 INFO pr:0.9222  rc:0.9597  auc:0.9994 ap:0.9925 f1: 0.9406 pred_right: 1060306 pred_wrong:35894 actu_right: 1061709 actu_wrong: 34491
2026-09-14 04:20:23,240 P2348932 INFO pr:0.9237  rc:0.9563  auc:0.9993 ap:0.9920 f1: 0.9397 pred_right: 454469 pred_wrong:15331 actu_right: 454992 actu_wrong: 14808
2026-09-14 04:20:23,246 P2348932 INFO ----------------------------------------------------------------------------------------------------
2026-09-14 04:20:23,246 P2348932 INFO 21/50 starting... lr: 0.001 para:0.04545454680919647
2026-09-14 04:20:56,074 P2348932 INFO Epoch 21/50, all_loss:0.53522 cls_loss:0.51701 rec_loss:0.91757 [32.82s]; best loss:0.53522, patience : 0
2026-09-14 04:21:13,851 P2348932 INFO pr:0.9235  rc:0.9578  auc:0.9994 ap:0.9913 f1: 0.9404 pred_right: 1060432 pred_wrong:35768 actu_right: 1061712 actu_wrong: 34488
2026-09-14 04:21:21,127 P2348932 INFO pr:0.9258  rc:0.9545  auc:0.9993 ap:0.9909 f1: 0.9399 pred_right: 454534 pred_wrong:15266 actu_right: 454992 actu_wrong: 14808
2026-09-14 04:21:21,128 P2348932 INFO ----------------------------------------------------------------------------------------------------
2026-09-14 04:21:21,128 P2348932 INFO 22/50 starting... lr: 0.001 para:0.043478261679410934
2026-09-14 04:22:04,054 P2348932 INFO Epoch 22/50, all_loss:0.49706 cls_loss:0.47732 rec_loss:0.93134 [42.92s]; best loss:0.49706, patience : 0
2026-09-14 04:22:20,526 P2348932 INFO pr:0.8955  rc:0.9798  auc:0.9994 ap:0.9921 f1: 0.9357 pred_right: 1058461 pred_wrong:37739 actu_right: 1061710 actu_wrong: 34490
2026-09-14 04:22:27,713 P2348932 INFO pr:0.8966  rc:0.9772  auc:0.9993 ap:0.9912 f1: 0.9351 pred_right: 453661 pred_wrong:16139 actu_right: 454992 actu_wrong: 14808
2026-09-14 04:22:27,715 P2348932 INFO ----------------------------------------------------------------------------------------------------
2026-09-14 04:22:27,715 P2348932 INFO 23/50 starting... lr: 0.001 para:0.0416666679084301
2026-09-14 04:23:02,545 P2348932 INFO Epoch 23/50, all_loss:0.54307 cls_loss:0.52579 rec_loss:0.94049 [34.83s]; best loss:0.49706, patience : 1
2026-09-14 04:23:19,999 P2348932 INFO pr:0.9417  rc:0.9227  auc:0.9992 ap:0.9918 f1: 0.9321 pred_right: 1062403 pred_wrong:33797 actu_right: 1061709 actu_wrong: 34491
2026-09-14 04:23:28,085 P2348932 INFO pr:0.9408  rc:0.9218  auc:0.9993 ap:0.9916 f1: 0.9312 pred_right: 455291 pred_wrong:14509 actu_right: 454992 actu_wrong: 14808
2026-09-14 04:23:28,086 P2348932 INFO ----------------------------------------------------------------------------------------------------
2026-09-14 04:23:28,086 P2348932 INFO 24/50 starting... lr: 0.001 para:0.03999999910593033
2026-09-14 04:24:11,312 P2348932 INFO Epoch 24/50, all_loss:0.49523 cls_loss:0.47594 rec_loss:0.95816 [43.22s]; best loss:0.49523, patience : 0
2026-09-14 04:24:27,924 P2348932 INFO pr:0.9364  rc:0.9383  auc:0.9988 ap:0.9915 f1: 0.9374 pred_right: 1061643 pred_wrong:34557 actu_right: 1061712 actu_wrong: 34488
2026-09-14 04:24:35,447 P2348932 INFO pr:0.9377  rc:0.9335  auc:0.9988 ap:0.9910 f1: 0.9356 pred_right: 455058 pred_wrong:14742 actu_right: 454992 actu_wrong: 14808
2026-09-14 04:24:35,448 P2348932 INFO ----------------------------------------------------------------------------------------------------
2026-09-14 04:24:35,448 P2348932 INFO 25/50 starting... lr: 0.001 para:0.03846153989434242
2026-09-14 04:25:09,062 P2348932 INFO Epoch 25/50, all_loss:0.47535 cls_loss:0.45563 rec_loss:0.96830 [33.61s]; best loss:0.47535, patience : 0
2026-09-14 04:25:27,244 P2348932 INFO pr:0.9438  rc:0.9441  auc:0.9995 ap:0.9935 f1: 0.9440 pred_right: 1061699 pred_wrong:34501 actu_right: 1061710 actu_wrong: 34490
2026-09-14 04:25:34,846 P2348932 INFO pr:0.9415  rc:0.9400  auc:0.9994 ap:0.9930 f1: 0.9408 pred_right: 455015 pred_wrong:14785 actu_right: 454992 actu_wrong: 14808
2026-09-14 04:25:34,850 P2348932 INFO ----------------------------------------------------------------------------------------------------
2026-09-14 04:25:34,850 P2348932 INFO 26/50 starting... lr: 0.001 para:0.03703703731298447
2026-09-14 04:26:18,188 P2348932 INFO Epoch 26/50, all_loss:0.44572 cls_loss:0.42475 rec_loss:0.99088 [43.33s]; best loss:0.44572, patience : 0
2026-09-14 04:26:35,006 P2348932 INFO pr:0.9198  rc:0.9693  auc:0.9994 ap:0.9931 f1: 0.9439 pred_right: 1059853 pred_wrong:36347 actu_right: 1061709 actu_wrong: 34491
2026-09-14 04:26:42,173 P2348932 INFO pr:0.9190  rc:0.9673  auc:0.9993 ap:0.9923 f1: 0.9425 pred_right: 454213 pred_wrong:15587 actu_right: 454992 actu_wrong: 14808
2026-09-14 04:26:42,174 P2348932 INFO ----------------------------------------------------------------------------------------------------
2026-09-14 04:26:42,175 P2348932 INFO 27/50 starting... lr: 0.001 para:0.0357142873108387
2026-09-14 04:27:15,593 P2348932 INFO Epoch 27/50, all_loss:0.45055 cls_loss:0.43031 rec_loss:0.99700 [33.42s]; best loss:0.44572, patience : 1
2026-09-14 04:27:33,769 P2348932 INFO pr:0.9233  rc:0.9738  auc:0.9995 ap:0.9940 f1: 0.9479 pred_right: 1059825 pred_wrong:36375 actu_right: 1061710 actu_wrong: 34490
2026-09-14 04:27:41,773 P2348932 INFO pr:0.9237  rc:0.9694  auc:0.9994 ap:0.9934 f1: 0.9460 pred_right: 454260 pred_wrong:15540 actu_right: 454992 actu_wrong: 14808
2026-09-14 04:27:41,777 P2348932 INFO ----------------------------------------------------------------------------------------------------
2026-09-14 04:27:41,777 P2348932 INFO 28/50 starting... lr: 0.001 para:0.03448275849223137
2026-09-14 04:28:24,529 P2348932 INFO Epoch 28/50, all_loss:0.43804 cls_loss:0.41764 rec_loss:1.00937 [42.75s]; best loss:0.43804, patience : 0
2026-09-14 04:28:41,457 P2348932 INFO pr:0.9380  rc:0.9557  auc:0.9995 ap:0.9936 f1: 0.9467 pred_right: 1061063 pred_wrong:35137 actu_right: 1061713 actu_wrong: 34487
2026-09-14 04:28:48,412 P2348932 INFO pr:0.9380  rc:0.9519  auc:0.9994 ap:0.9928 f1: 0.9449 pred_right: 454772 pred_wrong:15028 actu_right: 454992 actu_wrong: 14808
2026-09-14 04:28:48,414 P2348932 INFO ----------------------------------------------------------------------------------------------------
2026-09-14 04:28:48,414 P2348932 INFO 29/50 starting... lr: 0.001 para:0.03333333507180214
2026-09-14 04:29:21,636 P2348932 INFO Epoch 29/50, all_loss:0.42846 cls_loss:0.40817 rec_loss:1.01685 [33.22s]; best loss:0.42846, patience : 0
2026-09-14 04:29:39,873 P2348932 INFO pr:0.9468  rc:0.9479  auc:0.9995 ap:0.9943 f1: 0.9474 pred_right: 1061669 pred_wrong:34531 actu_right: 1061710 actu_wrong: 34490
2026-09-14 04:29:48,280 P2348932 INFO pr:0.9473  rc:0.9448  auc:0.9994 ap:0.9938 f1: 0.9461 pred_right: 455031 pred_wrong:14769 actu_right: 454992 actu_wrong: 14808
2026-09-14 04:29:48,280 P2348932 INFO ----------------------------------------------------------------------------------------------------
2026-09-14 04:29:48,281 P2348932 INFO 30/50 starting... lr: 0.001 para:0.032258063554763794
2026-09-14 04:30:31,564 P2348932 INFO Epoch 30/50, all_loss:0.42171 cls_loss:0.40164 rec_loss:1.02396 [43.28s]; best loss:0.42171, patience : 0
2026-09-14 04:30:47,992 P2348932 INFO pr:0.9214  rc:0.9812  auc:0.9995 ap:0.9946 f1: 0.9504 pred_right: 1059470 pred_wrong:36730 actu_right: 1061710 actu_wrong: 34490
2026-09-14 04:30:54,888 P2348932 INFO pr:0.9216  rc:0.9766  auc:0.9993 ap:0.9936 f1: 0.9483 pred_right: 454108 pred_wrong:15692 actu_right: 454992 actu_wrong: 14808
2026-09-14 04:30:54,894 P2348932 INFO ----------------------------------------------------------------------------------------------------
2026-09-14 04:30:54,894 P2348932 INFO 31/50 starting... lr: 0.001 para:0.03125
2026-09-14 04:31:28,411 P2348932 INFO Epoch 31/50, all_loss:0.42355 cls_loss:0.40379 rec_loss:1.03597 [33.52s]; best loss:0.42171, patience : 1
2026-09-14 04:31:45,937 P2348932 INFO pr:0.9384  rc:0.9599  auc:0.9996 ap:0.9942 f1: 0.9490 pred_right: 1060919 pred_wrong:35281 actu_right: 1061709 actu_wrong: 34491
2026-09-14 04:31:54,118 P2348932 INFO pr:0.9379  rc:0.9562  auc:0.9994 ap:0.9932 f1: 0.9469 pred_right: 454703 pred_wrong:15097 actu_right: 454992 actu_wrong: 14808
2026-09-14 04:31:54,119 P2348932 INFO ----------------------------------------------------------------------------------------------------
2026-09-14 04:31:54,119 P2348932 INFO 32/50 starting... lr: 0.001 para:0.03030303120613098
2026-09-14 04:32:36,591 P2348932 INFO Epoch 32/50, all_loss:0.42701 cls_loss:0.40718 rec_loss:1.06176 [42.47s]; best loss:0.42171, patience : 2
2026-09-14 04:32:53,426 P2348932 INFO pr:0.9452  rc:0.9556  auc:0.9995 ap:0.9947 f1: 0.9504 pred_right: 1061332 pred_wrong:34868 actu_right: 1061713 actu_wrong: 34487
2026-09-14 04:33:00,224 P2348932 INFO pr:0.9439  rc:0.9516  auc:0.9994 ap:0.9939 f1: 0.9477 pred_right: 454872 pred_wrong:14928 actu_right: 454992 actu_wrong: 14808
2026-09-14 04:33:00,225 P2348932 INFO ----------------------------------------------------------------------------------------------------
2026-09-14 04:33:00,225 P2348932 INFO 33/50 starting... lr: 0.001 para:0.029411764815449715
2026-09-14 04:33:34,248 P2348932 INFO Epoch 33/50, all_loss:0.42353 cls_loss:0.40460 rec_loss:1.04808 [34.02s]; best loss:0.42171, patience : 2
2026-09-14 04:33:52,074 P2348932 INFO pr:0.9192  rc:0.9816  auc:0.9996 ap:0.9944 f1: 0.9494 pred_right: 1059369 pred_wrong:36831 actu_right: 1061710 actu_wrong: 34490
2026-09-14 04:33:59,627 P2348932 INFO pr:0.9192  rc:0.9776  auc:0.9994 ap:0.9934 f1: 0.9475 pred_right: 454051 pred_wrong:15749 actu_right: 454992 actu_wrong: 14808
2026-09-14 04:33:59,627 P2348932 INFO ----------------------------------------------------------------------------------------------------
2026-09-14 04:33:59,634 P2348932 INFO 34/50 starting... lr: 0.001 para:0.02857142873108387
2026-09-14 04:34:43,205 P2348932 INFO Epoch 34/50, all_loss:0.41520 cls_loss:0.39564 rec_loss:1.07994 [43.57s]; best loss:0.41520, patience : 0
2026-09-14 04:34:59,673 P2348932 INFO pr:0.9364  rc:0.9628  auc:0.9996 ap:0.9942 f1: 0.9494 pred_right: 1060737 pred_wrong:35463 actu_right: 1061710 actu_wrong: 34490
2026-09-14 04:35:06,777 P2348932 INFO pr:0.9328  rc:0.9594  auc:0.9994 ap:0.9933 f1: 0.9459 pred_right: 454569 pred_wrong:15231 actu_right: 454992 actu_wrong: 14808
2026-09-14 04:35:06,778 P2348932 INFO ----------------------------------------------------------------------------------------------------
2026-09-14 04:35:06,778 P2348932 INFO 35/50 starting... lr: 0.001 para:0.02777777798473835
2026-09-14 04:35:40,586 P2348932 INFO Epoch 35/50, all_loss:0.40733 cls_loss:0.38826 rec_loss:1.07487 [33.80s]; best loss:0.40733, patience : 0
2026-09-14 04:35:59,466 P2348932 INFO pr:0.9338  rc:0.9580  auc:0.9995 ap:0.9946 f1: 0.9457 pred_right: 1060814 pred_wrong:35386 actu_right: 1061708 actu_wrong: 34492
2026-09-14 04:36:05,285 P2348932 INFO pr:0.9294  rc:0.9553  auc:0.9994 ap:0.9937 f1: 0.9422 pred_right: 454579 pred_wrong:15221 actu_right: 454992 actu_wrong: 14808
2026-09-14 04:36:05,285 P2348932 INFO ----------------------------------------------------------------------------------------------------
2026-09-14 04:36:05,286 P2348932 INFO 36/50 starting... lr: 0.001 para:0.027027027681469917
2026-09-14 04:36:48,595 P2348932 INFO Epoch 36/50, all_loss:0.37846 cls_loss:0.35893 rec_loss:1.08149 [43.30s]; best loss:0.37846, patience : 0
2026-09-14 04:37:05,077 P2348932 INFO pr:0.9722  rc:0.8914  auc:0.9996 ap:0.9952 f1: 0.9301 pred_right: 1064576 pred_wrong:31624 actu_right: 1061710 actu_wrong: 34490
2026-09-14 04:37:11,962 P2348932 INFO pr:0.9698  rc:0.8882  auc:0.9994 ap:0.9943 f1: 0.9272 pred_right: 456237 pred_wrong:13563 actu_right: 454992 actu_wrong: 14808
2026-09-14 04:37:11,963 P2348932 INFO ----------------------------------------------------------------------------------------------------
2026-09-14 04:37:11,963 P2348932 INFO 37/50 starting... lr: 0.001 para:0.02631578966975212
2026-09-14 04:37:45,535 P2348932 INFO Epoch 37/50, all_loss:0.38711 cls_loss:0.36808 rec_loss:1.09146 [33.57s]; best loss:0.37846, patience : 1
2026-09-14 04:38:03,451 P2348932 INFO pr:0.9331  rc:0.9810  auc:0.9995 ap:0.9957 f1: 0.9564 pred_right: 1059939 pred_wrong:36261 actu_right: 1061710 actu_wrong: 34490
2026-09-14 04:38:11,389 P2348932 INFO pr:0.9320  rc:0.9763  auc:0.9995 ap:0.9950 f1: 0.9537 pred_right: 454289 pred_wrong:15511 actu_right: 454992 actu_wrong: 14808
2026-09-14 04:38:11,393 P2348932 INFO ----------------------------------------------------------------------------------------------------
2026-09-14 04:38:11,393 P2348932 INFO 38/50 starting... lr: 0.001 para:0.025641025975346565
2026-09-14 04:38:54,333 P2348932 INFO Epoch 38/50, all_loss:0.36892 cls_loss:0.34934 rec_loss:1.11317 [42.93s]; best loss:0.36892, patience : 0
2026-09-14 04:39:11,715 P2348932 INFO pr:0.9646  rc:0.9303  auc:0.9996 ap:0.9957 f1: 0.9471 pred_right: 1062938 pred_wrong:33262 actu_right: 1061713 actu_wrong: 34487
2026-09-14 04:39:18,465 P2348932 INFO pr:0.9609  rc:0.9252  auc:0.9994 ap:0.9947 f1: 0.9427 pred_right: 455543 pred_wrong:14257 actu_right: 454992 actu_wrong: 14808
2026-09-14 04:39:18,467 P2348932 INFO ----------------------------------------------------------------------------------------------------
2026-09-14 04:39:18,467 P2348932 INFO 39/50 starting... lr: 0.001 para:0.02500000037252903
2026-09-14 04:39:52,847 P2348932 INFO Epoch 39/50, all_loss:0.37050 cls_loss:0.35173 rec_loss:1.10247 [34.38s]; best loss:0.36892, patience : 1
2026-09-14 04:40:11,784 P2348932 INFO pr:0.9466  rc:0.9583  auc:0.9995 ap:0.9951 f1: 0.9524 pred_right: 1061285 pred_wrong:34915 actu_right: 1061711 actu_wrong: 34489
2026-09-14 04:40:17,722 P2348932 INFO pr:0.9461  rc:0.9564  auc:0.9993 ap:0.9943 f1: 0.9512 pred_right: 454831 pred_wrong:14969 actu_right: 454992 actu_wrong: 14808
2026-09-14 04:40:17,723 P2348932 INFO ----------------------------------------------------------------------------------------------------
2026-09-14 04:40:17,730 P2348932 INFO 40/50 starting... lr: 0.001 para:0.024390242993831635
2026-09-14 04:41:01,513 P2348932 INFO Epoch 40/50, all_loss:0.39748 cls_loss:0.37940 rec_loss:1.12069 [43.78s]; best loss:0.36892, patience : 2
2026-09-14 04:41:17,899 P2348932 INFO pr:0.9645  rc:0.9221  auc:0.9994 ap:0.9952 f1: 0.9428 pred_right: 1063226 pred_wrong:32974 actu_right: 1061709 actu_wrong: 34491
2026-09-14 04:41:25,314 P2348932 INFO pr:0.9619  rc:0.9174  auc:0.9992 ap:0.9945 f1: 0.9391 pred_right: 455677 pred_wrong:14123 actu_right: 454992 actu_wrong: 14808
2026-09-14 04:41:25,315 P2348932 INFO ----------------------------------------------------------------------------------------------------
2026-09-14 04:41:25,315 P2348932 INFO 41/50 starting... lr: 0.001 para:0.02380952425301075
2026-09-14 04:41:58,650 P2348932 INFO Epoch 41/50, all_loss:0.37437 cls_loss:0.35635 rec_loss:1.11307 [33.33s]; best loss:0.36892, patience : 2
2026-09-14 04:42:16,651 P2348932 INFO pr:0.9411  rc:0.9753  auc:0.9997 ap:0.9955 f1: 0.9579 pred_right: 1060456 pred_wrong:35744 actu_right: 1061709 actu_wrong: 34491
2026-09-14 04:42:24,021 P2348932 INFO pr:0.9399  rc:0.9712  auc:0.9995 ap:0.9944 f1: 0.9553 pred_right: 454499 pred_wrong:15301 actu_right: 454992 actu_wrong: 14808
2026-09-14 04:42:24,026 P2348932 INFO ----------------------------------------------------------------------------------------------------
2026-09-14 04:42:24,026 P2348932 INFO 42/50 starting... lr: 0.001 para:0.023255813866853714
2026-09-14 04:43:07,035 P2348932 INFO Epoch 42/50, all_loss:0.36840 cls_loss:0.35058 rec_loss:1.11682 [43.00s]; best loss:0.36840, patience : 0
2026-09-14 04:43:23,643 P2348932 INFO pr:0.9587  rc:0.9516  auc:0.9995 ap:0.9958 f1: 0.9552 pred_right: 1061966 pred_wrong:34234 actu_right: 1061712 actu_wrong: 34488
2026-09-14 04:43:30,633 P2348932 INFO pr:0.9561  rc:0.9479  auc:0.9992 ap:0.9948 f1: 0.9520 pred_right: 455119 pred_wrong:14681 actu_right: 454992 actu_wrong: 14808
2026-09-14 04:43:30,634 P2348932 INFO ----------------------------------------------------------------------------------------------------
2026-09-14 04:43:30,635 P2348932 INFO 43/50 starting... lr: 0.001 para:0.022727273404598236
2026-09-14 04:44:04,373 P2348932 INFO Epoch 43/50, all_loss:0.33436 cls_loss:0.31579 rec_loss:1.13300 [33.73s]; best loss:0.33436, patience : 0
2026-09-14 04:44:22,101 P2348932 INFO pr:0.9350  rc:0.9785  auc:0.9995 ap:0.9957 f1: 0.9562 pred_right: 1060112 pred_wrong:36088 actu_right: 1061715 actu_wrong: 34485
2026-09-14 04:44:30,044 P2348932 INFO pr:0.9339  rc:0.9757  auc:0.9993 ap:0.9946 f1: 0.9544 pred_right: 454330 pred_wrong:15470 actu_right: 454992 actu_wrong: 14808
2026-09-14 04:44:30,045 P2348932 INFO ----------------------------------------------------------------------------------------------------
2026-09-14 04:44:30,045 P2348932 INFO 44/50 starting... lr: 0.001 para:0.02222222276031971
2026-09-14 04:45:12,405 P2348932 INFO Epoch 44/50, all_loss:0.33936 cls_loss:0.32098 rec_loss:1.14806 [42.36s]; best loss:0.33436, patience : 1
2026-09-14 04:45:29,583 P2348932 INFO pr:0.9490  rc:0.9749  auc:0.9996 ap:0.9961 f1: 0.9618 pred_right: 1060776 pred_wrong:35424 actu_right: 1061715 actu_wrong: 34485
2026-09-14 04:45:36,804 P2348932 INFO pr:0.9469  rc:0.9689  auc:0.9996 ap:0.9951 f1: 0.9578 pred_right: 454648 pred_wrong:15152 actu_right: 454992 actu_wrong: 14808
2026-09-14 04:45:36,810 P2348932 INFO ----------------------------------------------------------------------------------------------------
2026-09-14 04:45:36,810 P2348932 INFO 45/50 starting... lr: 0.001 para:0.021739130839705467
2026-09-14 04:46:10,441 P2348932 INFO Epoch 45/50, all_loss:0.33480 cls_loss:0.31679 rec_loss:1.14527 [33.63s]; best loss:0.33436, patience : 1
2026-09-14 04:46:27,922 P2348932 INFO pr:0.9486  rc:0.9513  auc:0.9996 ap:0.9946 f1: 0.9500 pred_right: 1061615 pred_wrong:34585 actu_right: 1061712 actu_wrong: 34488
2026-09-14 04:46:35,398 P2348932 INFO pr:0.9457  rc:0.9464  auc:0.9994 ap:0.9937 f1: 0.9461 pred_right: 454982 pred_wrong:14818 actu_right: 454992 actu_wrong: 14808
2026-09-14 04:46:35,399 P2348932 INFO ----------------------------------------------------------------------------------------------------
2026-09-14 04:46:35,399 P2348932 INFO 46/50 starting... lr: 0.001 para:0.021276595070958138
2026-09-14 04:47:18,877 P2348932 INFO Epoch 46/50, all_loss:0.33200 cls_loss:0.31417 rec_loss:1.15222 [43.47s]; best loss:0.33200, patience : 0
2026-09-14 04:47:35,620 P2348932 INFO pr:0.9512  rc:0.9708  auc:0.9996 ap:0.9960 f1: 0.9609 pred_right: 1060999 pred_wrong:35201 actu_right: 1061712 actu_wrong: 34488
2026-09-14 04:47:42,754 P2348932 INFO pr:0.9464  rc:0.9654  auc:0.9995 ap:0.9948 f1: 0.9558 pred_right: 454696 pred_wrong:15104 actu_right: 454992 actu_wrong: 14808
2026-09-14 04:47:42,755 P2348932 INFO ----------------------------------------------------------------------------------------------------
2026-09-14 04:47:42,755 P2348932 INFO 47/50 starting... lr: 0.001 para:0.02083333395421505
2026-09-14 04:48:16,973 P2348932 INFO Epoch 47/50, all_loss:0.31334 cls_loss:0.29492 rec_loss:1.17870 [34.21s]; best loss:0.31334, patience : 0
2026-09-14 04:48:34,463 P2348932 INFO pr:0.9402  rc:0.9608  auc:0.9996 ap:0.9953 f1: 0.9504 pred_right: 1060960 pred_wrong:35240 actu_right: 1061713 actu_wrong: 34487
2026-09-14 04:48:41,670 P2348932 INFO pr:0.9357  rc:0.9566  auc:0.9994 ap:0.9941 f1: 0.9460 pred_right: 454660 pred_wrong:15140 actu_right: 454992 actu_wrong: 14808
2026-09-14 04:48:41,671 P2348932 INFO ----------------------------------------------------------------------------------------------------
2026-09-14 04:48:41,671 P2348932 INFO 48/50 starting... lr: 0.001 para:0.020408162847161293
2026-09-14 04:49:24,921 P2348932 INFO Epoch 48/50, all_loss:0.32694 cls_loss:0.30932 rec_loss:1.17282 [43.25s]; best loss:0.31334, patience : 1
2026-09-14 04:49:41,744 P2348932 INFO pr:0.9452  rc:0.9740  auc:0.9997 ap:0.9960 f1: 0.9593 pred_right: 1060658 pred_wrong:35542 actu_right: 1061709 actu_wrong: 34491
2026-09-14 04:49:49,293 P2348932 INFO pr:0.9435  rc:0.9714  auc:0.9995 ap:0.9950 f1: 0.9572 pred_right: 454554 pred_wrong:15246 actu_right: 454992 actu_wrong: 14808
2026-09-14 04:49:49,295 P2348932 INFO ----------------------------------------------------------------------------------------------------
2026-09-14 04:49:49,295 P2348932 INFO 49/50 starting... lr: 0.001 para:0.019999999552965164
2026-09-14 04:50:22,645 P2348932 INFO Epoch 49/50, all_loss:0.36175 cls_loss:0.34550 rec_loss:1.15787 [33.35s]; best loss:0.31334, patience : 2
2026-09-14 04:50:39,929 P2348932 INFO pr:0.9446  rc:0.9778  auc:0.9996 ap:0.9962 f1: 0.9609 pred_right: 1060504 pred_wrong:35696 actu_right: 1061715 actu_wrong: 34485
2026-09-14 04:50:48,306 P2348932 INFO pr:0.9425  rc:0.9722  auc:0.9995 ap:0.9952 f1: 0.9571 pred_right: 454524 pred_wrong:15276 actu_right: 454992 actu_wrong: 14808
2026-09-14 04:50:48,307 P2348932 INFO saving model...
2026-09-14 04:50:48,307 P2348932 INFO FITS_Legendre - loss  best score:0.3133353590965271 at epoch 47
2026-09-14 04:50:48,313 P2348932 INFO FITS_Legendre - f1  best score:0.961793188287631 at epoch 44
2026-09-14 04:50:48,319 P2348932 INFO Average training time per epoch: 38.04 seconds
2026-09-14 04:50:48,320 P2348932 INFO calculate scores...
2026-09-14 04:50:48,320 P2348932 INFO calculate label with loss...
2026-09-14 04:50:48,320 P2348932 INFO FITS_Legendre on ./result/server_only_exps/Ablations_updatedFreDF/FITS_Legendre-TT-Epochs50-Seed2-ExpNameRQ2z5_basis_degree_comparison-LPFLPF-Attnlinear_attn-NormLinTrue-RecLambda1.0-AuxiLambda0.2-lowshow-simplegraph-Degree3-BasisTypelegendre loading...
2026-09-14 04:50:53,559 P2348932 INFO pr:0.9357  rc:0.9566  auc:0.9994 ap:0.9941 f1: 0.9460 pred_right: 454660 pred_wrong:15140 actu_right: 454992 actu_wrong: 14808
2026-09-14 04:51:19,957 P2348932 INFO pr:0.9357  rc:0.9566  auc:0.9994 ap:0.9941 f1: 0.9460 pred_right: 454660 pred_wrong:15140 actu_right: 454992 actu_wrong: 14808
2026-09-14 04:51:19,958 P2348932 INFO Performance Summary:
{'GPU': {'inference_time_per_sample_ms': 0.2610515817845867, 'throughput_samples_per_sec': 3830.660565869221, 'peak_memory_mb': 87.724609375, 'energy_per_sample_joules': 0.013017467651479306}, 'CPU': {'inference_time_per_sample_ms': 1.4502145255884813, 'throughput_samples_per_sec': 689.5531539336988, 'peak_memory_mb': 5440.23828125, 'energy_per_sample_joules': 0.09426394416325128}}
2026-09-14 04:51:19,958 P2348932 INFO Starting clean-room hardware benchmarking...
2026-09-14 04:51:21,618 P2348932 INFO Performance with loss: pr:0.9357  rc:0.9566  auc:0.9994 ap:0.9941 f1: 0.9460 pred_right: 454660 pred_wrong:15140 actu_right: 454992 actu_wrong: 14808
2026-09-14 04:51:21,618 P2348932 INFO calculate label with f1...
2026-09-14 04:51:21,618 P2348932 INFO FITS_Legendre on ./result/server_only_exps/Ablations_updatedFreDF/FITS_Legendre-TT-Epochs50-Seed2-ExpNameRQ2z5_basis_degree_comparison-LPFLPF-Attnlinear_attn-NormLinTrue-RecLambda1.0-AuxiLambda0.2-lowshow-simplegraph-Degree3-BasisTypelegendre loading...
2026-09-14 04:51:29,056 P2348932 INFO pr:0.9469  rc:0.9689  auc:0.9996 ap:0.9951 f1: 0.9578 pred_right: 454648 pred_wrong:15152 actu_right: 454992 actu_wrong: 14808
2026-09-14 04:51:41,231 P2348932 INFO pr:0.9469  rc:0.9689  auc:0.9996 ap:0.9951 f1: 0.9578 pred_right: 454648 pred_wrong:15152 actu_right: 454992 actu_wrong: 14808
2026-09-14 04:51:41,232 P2348932 INFO Performance Summary:
{'GPU': {'inference_time_per_sample_ms': 0.38372414519948334, 'throughput_samples_per_sec': 2606.0387716288706, 'peak_memory_mb': 87.220703125, 'energy_per_sample_joules': 0.019692339407492286}, 'CPU': {'inference_time_per_sample_ms': 0.6545778257017432, 'throughput_samples_per_sec': 1527.7022238386176, 'peak_memory_mb': 5495.265625, 'energy_per_sample_joules': 0.0425475586706133}}
2026-09-14 04:51:41,232 P2348932 INFO Starting clean-room hardware benchmarking...
2026-09-14 04:51:42,555 P2348932 INFO Performance with f1: pr:0.9469  rc:0.9689  auc:0.9996 ap:0.9951 f1: 0.9578 pred_right: 454648 pred_wrong:15152 actu_right: 454992 actu_wrong: 14808
2026-09-14 04:51:42,555 P2348932 INFO Collecting case-study samples...
