2026-07-24 22:17:40,087 P1389047 INFO ---- Model: ----MSTGAD-a8fd7e71----random_seed : 3----req_loss_approach : Legendre-style----rec_lambda : 1.0----auxi_lambda : 0.2----Freq Domain : DLinear----Multi Fits : false----train : True----evaluate : False
2026-07-24 22:17:40,087 P1389047 INFO Load from /home/db2003/Desktop/Amr/Tests/Eadro/codes/chunks/TT
2026-07-24 22:17:57,340 P1389047 INFO Fewshot: training with 1.0 of the 70% of the data
2026-07-24 22:17:57,435 P1389047 INFO Trainable Parameters Breakdown:
2026-07-24 22:17:57,435 P1389047 INFO --------------------------------------------------------------------------------
2026-07-24 22:17:57,435 P1389047 INFO Reconstruction-Specific Parameters:
2026-07-24 22:17:57,435 P1389047 INFO node_emb.linear.weight                   | shape: (8, 7)                    | params: 56
2026-07-24 22:17:57,435 P1389047 INFO node_emb.linear.bias                     | shape: (8,)                      | params: 8
2026-07-24 22:17:57,435 P1389047 INFO log_emb.linear.weight                    | shape: (32, 60)                  | params: 1,920
2026-07-24 22:17:57,435 P1389047 INFO log_emb.linear.bias                      | shape: (32,)                     | params: 32
2026-07-24 22:17:57,435 P1389047 INFO egde_emb.linear.weight                   | shape: (8, 2)                    | params: 16
2026-07-24 22:17:57,435 P1389047 INFO egde_emb.linear.bias                     | shape: (8,)                      | params: 8
2026-07-24 22:17:57,435 P1389047 INFO dense_node.weight                        | shape: (7, 8)                    | params: 56
2026-07-24 22:17:57,435 P1389047 INFO dense_node.bias                          | shape: (7,)                      | params: 7
2026-07-24 22:17:57,435 P1389047 INFO dense_log.weight                         | shape: (60, 32)                  | params: 1,920
2026-07-24 22:17:57,435 P1389047 INFO dense_log.bias                           | shape: (60,)                     | params: 60
2026-07-24 22:17:57,435 P1389047 INFO dense_edge.weight                        | shape: (2, 8)                    | params: 16
2026-07-24 22:17:57,435 P1389047 INFO dense_edge.bias                          | shape: (2,)                      | params: 2
2026-07-24 22:17:57,436 P1389047 INFO linear_attn.Wq.weight                    | shape: (10, 10)                  | params: 100
2026-07-24 22:17:57,436 P1389047 INFO linear_attn.Wk.weight                    | shape: (10, 10)                  | params: 100
2026-07-24 22:17:57,436 P1389047 INFO linear_attn.Wv.weight                    | shape: (10, 10)                  | params: 100
2026-07-24 22:17:57,436 P1389047 INFO linear_attn.out.weight                   | shape: (10, 10)                  | params: 100
2026-07-24 22:17:57,436 P1389047 INFO linear_attn.out.bias                     | shape: (10,)                     | params: 10
2026-07-24 22:17:57,436 P1389047 INFO linear_attn.norm.weight                  | shape: (10,)                     | params: 10
2026-07-24 22:17:57,436 P1389047 INFO linear_attn.norm.bias                    | shape: (10,)                     | params: 10
2026-07-24 22:17:57,436 P1389047 INFO shared_fits.Linear_Seasonal.weight       | shape: (10, 10)                  | params: 100
2026-07-24 22:17:57,436 P1389047 INFO shared_fits.Linear_Seasonal.bias         | shape: (10,)                     | params: 10
2026-07-24 22:17:57,436 P1389047 INFO shared_fits.Linear_Trend.weight          | shape: (10, 10)                  | params: 100
2026-07-24 22:17:57,436 P1389047 INFO shared_fits.Linear_Trend.bias            | shape: (10,)                     | params: 10
2026-07-24 22:17:57,436 P1389047 INFO modality_proj.node.weight                | shape: (10, 8)                   | params: 80
2026-07-24 22:17:57,436 P1389047 INFO modality_proj.node.bias                  | shape: (10,)                     | params: 10
2026-07-24 22:17:57,436 P1389047 INFO modality_proj.log.weight                 | shape: (10, 32)                  | params: 320
2026-07-24 22:17:57,436 P1389047 INFO modality_proj.log.bias                   | shape: (10,)                     | params: 10
2026-07-24 22:17:57,436 P1389047 INFO modality_proj.edge.weight                | shape: (10, 8)                   | params: 80
2026-07-24 22:17:57,436 P1389047 INFO modality_proj.edge.bias                  | shape: (10,)                     | params: 10
2026-07-24 22:17:57,436 P1389047 INFO modality_proj_out.node.weight            | shape: (8, 10)                   | params: 80
2026-07-24 22:17:57,436 P1389047 INFO modality_proj_out.node.bias              | shape: (8,)                      | params: 8
2026-07-24 22:17:57,436 P1389047 INFO modality_proj_out.log.weight             | shape: (32, 10)                  | params: 320
2026-07-24 22:17:57,437 P1389047 INFO modality_proj_out.log.bias               | shape: (32,)                     | params: 32
2026-07-24 22:17:57,437 P1389047 INFO modality_proj_out.edge.weight            | shape: (8, 10)                   | params: 80
2026-07-24 22:17:57,437 P1389047 INFO modality_proj_out.edge.bias              | shape: (8,)                      | params: 8
2026-07-24 22:17:57,437 P1389047 INFO Subtotal: 5,789
2026-07-24 22:17:57,437 P1389047 INFO --------------------------------------------------------------------------------
2026-07-24 22:17:57,437 P1389047 INFO Common Parameters:
2026-07-24 22:17:57,437 P1389047 INFO show.0.weight                            | shape: (128, 69)                 | params: 8,832
2026-07-24 22:17:57,437 P1389047 INFO show.0.bias                              | shape: (128,)                    | params: 128
2026-07-24 22:17:57,437 P1389047 INFO show.2.weight                            | shape: (2, 128)                  | params: 256
2026-07-24 22:17:57,437 P1389047 INFO show.2.bias                              | shape: (2,)                      | params: 2
2026-07-24 22:17:57,437 P1389047 INFO Subtotal: 9,218
2026-07-24 22:17:57,437 P1389047 INFO --------------------------------------------------------------------------------
2026-07-24 22:17:57,437 P1389047 INFO Total Trainable Parameters: 15,007

2026-07-24 22:17:57,437 P1389047 INFO Trainable Parameters: 15007, reconstruction: 5789, common: 9218
2026-07-24 22:17:57,437 P1389047 INFO model : init weight
2026-07-24 22:17:57,438 P1389047 INFO Using GPU...
2026-07-24 22:17:57,442 P1389047 INFO optimizer : using AdaBelief
2026-07-24 22:17:57,442 P1389047 INFO ----------------------------------------------------------------------------------------------------
2026-07-24 22:17:57,442 P1389047 INFO 0/50 starting... lr: 0.001 para:1.0
2026-07-24 22:18:17,803 P1389047 INFO Epoch 0/50, all_loss:0.09116 cls_loss:40.45845 rec_loss:0.09116 [20.36s]; best loss:0.09116, patience : 0
2026-07-24 22:18:17,803 P1389047 INFO ----------------------------------------------------------------------------------------------------
2026-07-24 22:18:17,803 P1389047 INFO 1/50 starting... lr: 0.001 para:0.5
2026-07-24 22:18:37,306 P1389047 INFO Epoch 1/50, all_loss:2.15253 cls_loss:4.09721 rec_loss:0.20786 [19.50s]; best loss:2.15253, patience : 0
2026-07-24 22:18:37,306 P1389047 INFO ----------------------------------------------------------------------------------------------------
2026-07-24 22:18:37,306 P1389047 INFO 2/50 starting... lr: 0.001 para:0.3333333432674408
2026-07-24 22:18:56,866 P1389047 INFO Epoch 2/50, all_loss:1.57432 cls_loss:2.23695 rec_loss:0.24904 [19.56s]; best loss:1.57432, patience : 0
2026-07-24 22:19:08,178 P1389047 INFO pr:0.8314  rc:0.5627  auc:0.9864 ap:0.8976 f1: 0.6711 pred_right: 1072859 pred_wrong:23341 actu_right: 1061713 actu_wrong: 34487
2026-07-24 22:19:12,426 P1389047 INFO pr:0.8387  rc:0.5613  auc:0.9868 ap:0.8995 f1: 0.6725 pred_right: 459889 pred_wrong:9911 actu_right: 454992 actu_wrong: 14808
2026-07-24 22:19:12,430 P1389047 INFO ----------------------------------------------------------------------------------------------------
2026-07-24 22:19:12,430 P1389047 INFO 3/50 starting... lr: 0.001 para:0.25
2026-07-24 22:19:40,722 P1389047 INFO Epoch 3/50, all_loss:1.51050 cls_loss:1.92207 rec_loss:0.27579 [28.29s]; best loss:1.51050, patience : 0
2026-07-24 22:19:51,673 P1389047 INFO pr:0.9280  rc:0.5293  auc:0.9911 ap:0.9175 f1: 0.6741 pred_right: 1076529 pred_wrong:19671 actu_right: 1061710 actu_wrong: 34490
2026-07-24 22:19:56,164 P1389047 INFO pr:0.9345  rc:0.5307  auc:0.9912 ap:0.9191 f1: 0.6769 pred_right: 461391 pred_wrong:8409 actu_right: 454992 actu_wrong: 14808
2026-07-24 22:19:56,169 P1389047 INFO ----------------------------------------------------------------------------------------------------
2026-07-24 22:19:56,169 P1389047 INFO 4/50 starting... lr: 0.001 para:0.20000000298023224
2026-07-24 22:20:16,164 P1389047 INFO Epoch 4/50, all_loss:1.47585 cls_loss:1.77028 rec_loss:0.29814 [19.99s]; best loss:1.47585, patience : 0
2026-07-24 22:20:26,903 P1389047 INFO pr:0.8807  rc:0.6156  auc:0.9930 ap:0.9285 f1: 0.7247 pred_right: 1072093 pred_wrong:24107 actu_right: 1061709 actu_wrong: 34491
2026-07-24 22:20:31,820 P1389047 INFO pr:0.8852  rc:0.6145  auc:0.9931 ap:0.9294 f1: 0.7254 pred_right: 459521 pred_wrong:10279 actu_right: 454992 actu_wrong: 14808
2026-07-24 22:20:31,825 P1389047 INFO ----------------------------------------------------------------------------------------------------
2026-07-24 22:20:31,828 P1389047 INFO 5/50 starting... lr: 0.001 para:0.1666666716337204
2026-07-24 22:20:53,752 P1389047 INFO Epoch 5/50, all_loss:1.37604 cls_loss:1.57796 rec_loss:0.36649 [21.92s]; best loss:1.37604, patience : 0
2026-07-24 22:21:11,489 P1389047 INFO pr:0.8507  rc:0.7342  auc:0.9954 ap:0.9485 f1: 0.7882 pred_right: 1066438 pred_wrong:29762 actu_right: 1061712 actu_wrong: 34488
2026-07-24 22:21:16,291 P1389047 INFO pr:0.8581  rc:0.7328  auc:0.9955 ap:0.9495 f1: 0.7906 pred_right: 457154 pred_wrong:12646 actu_right: 454992 actu_wrong: 14808
2026-07-24 22:21:16,296 P1389047 INFO ----------------------------------------------------------------------------------------------------
2026-07-24 22:21:16,296 P1389047 INFO 6/50 starting... lr: 0.001 para:0.1428571492433548
2026-07-24 22:21:36,352 P1389047 INFO Epoch 6/50, all_loss:1.21056 cls_loss:1.33646 rec_loss:0.45519 [20.05s]; best loss:1.21056, patience : 0
2026-07-24 22:21:47,428 P1389047 INFO pr:0.8632  rc:0.8098  auc:0.9969 ap:0.9645 f1: 0.8357 pred_right: 1063843 pred_wrong:32357 actu_right: 1061707 actu_wrong: 34493
2026-07-24 22:21:51,984 P1389047 INFO pr:0.8702  rc:0.8085  auc:0.9969 ap:0.9656 f1: 0.8382 pred_right: 456042 pred_wrong:13758 actu_right: 454992 actu_wrong: 14808
2026-07-24 22:21:51,988 P1389047 INFO ----------------------------------------------------------------------------------------------------
2026-07-24 22:21:51,989 P1389047 INFO 7/50 starting... lr: 0.001 para:0.125
2026-07-24 22:22:13,347 P1389047 INFO Epoch 7/50, all_loss:1.05012 cls_loss:1.12258 rec_loss:0.54289 [21.36s]; best loss:1.05012, patience : 0
2026-07-24 22:22:23,013 P1389047 INFO pr:0.8944  rc:0.8071  auc:0.9976 ap:0.9721 f1: 0.8485 pred_right: 1065074 pred_wrong:31126 actu_right: 1061708 actu_wrong: 34492
2026-07-24 22:22:30,909 P1389047 INFO pr:0.8984  rc:0.8071  auc:0.9976 ap:0.9725 f1: 0.8503 pred_right: 456497 pred_wrong:13303 actu_right: 454992 actu_wrong: 14808
2026-07-24 22:22:30,917 P1389047 INFO ----------------------------------------------------------------------------------------------------
2026-07-24 22:22:30,918 P1389047 INFO 8/50 starting... lr: 0.001 para:0.1111111119389534
2026-07-24 22:22:55,827 P1389047 INFO Epoch 8/50, all_loss:0.94775 cls_loss:0.99049 rec_loss:0.60581 [24.91s]; best loss:0.94775, patience : 0
2026-07-24 22:23:06,595 P1389047 INFO pr:0.8742  rc:0.8730  auc:0.9977 ap:0.9756 f1: 0.8736 pred_right: 1061756 pred_wrong:34444 actu_right: 1061708 actu_wrong: 34492
2026-07-24 22:23:11,301 P1389047 INFO pr:0.8795  rc:0.8697  auc:0.9977 ap:0.9765 f1: 0.8746 pred_right: 455157 pred_wrong:14643 actu_right: 454992 actu_wrong: 14808
2026-07-24 22:23:11,306 P1389047 INFO ----------------------------------------------------------------------------------------------------
2026-07-24 22:23:11,306 P1389047 INFO 9/50 starting... lr: 0.001 para:0.10000000149011612
2026-07-24 22:23:31,471 P1389047 INFO Epoch 9/50, all_loss:0.89326 cls_loss:0.92046 rec_loss:0.64849 [20.16s]; best loss:0.89326, patience : 0
2026-07-24 22:23:42,412 P1389047 INFO pr:0.8901  rc:0.8769  auc:0.9977 ap:0.9792 f1: 0.8835 pred_right: 1062221 pred_wrong:33979 actu_right: 1061712 actu_wrong: 34488
2026-07-24 22:23:47,354 P1389047 INFO pr:0.8932  rc:0.8751  auc:0.9975 ap:0.9794 f1: 0.8840 pred_right: 455292 pred_wrong:14508 actu_right: 454992 actu_wrong: 14808
2026-07-24 22:23:47,362 P1389047 INFO ----------------------------------------------------------------------------------------------------
2026-07-24 22:23:47,363 P1389047 INFO 10/50 starting... lr: 0.001 para:0.09090909361839294
2026-07-24 22:24:11,483 P1389047 INFO Epoch 10/50, all_loss:0.80894 cls_loss:0.82072 rec_loss:0.69106 [24.11s]; best loss:0.80894, patience : 0
2026-07-24 22:24:24,565 P1389047 INFO pr:0.8840  rc:0.9077  auc:0.9984 ap:0.9803 f1: 0.8957 pred_right: 1060784 pred_wrong:35416 actu_right: 1061710 actu_wrong: 34490
2026-07-24 22:24:29,214 P1389047 INFO pr:0.8873  rc:0.9072  auc:0.9984 ap:0.9807 f1: 0.8972 pred_right: 454660 pred_wrong:15140 actu_right: 454992 actu_wrong: 14808
2026-07-24 22:24:29,218 P1389047 INFO ----------------------------------------------------------------------------------------------------
2026-07-24 22:24:29,218 P1389047 INFO 11/50 starting... lr: 0.001 para:0.0833333358168602
2026-07-24 22:24:49,484 P1389047 INFO Epoch 11/50, all_loss:0.76259 cls_loss:0.76690 rec_loss:0.71520 [20.26s]; best loss:0.76259, patience : 0
2026-07-24 22:25:00,378 P1389047 INFO pr:0.8890  rc:0.9306  auc:0.9988 ap:0.9839 f1: 0.9093 pred_right: 1060090 pred_wrong:36110 actu_right: 1061707 actu_wrong: 34493
2026-07-24 22:25:04,903 P1389047 INFO pr:0.8916  rc:0.9298  auc:0.9987 ap:0.9840 f1: 0.9103 pred_right: 454357 pred_wrong:15443 actu_right: 454992 actu_wrong: 14808
2026-07-24 22:25:04,907 P1389047 INFO ----------------------------------------------------------------------------------------------------
2026-07-24 22:25:04,907 P1389047 INFO 12/50 starting... lr: 0.001 para:0.07692307978868484
2026-07-24 22:25:26,322 P1389047 INFO Epoch 12/50, all_loss:0.72565 cls_loss:0.72402 rec_loss:0.74519 [21.41s]; best loss:0.72565, patience : 0
2026-07-24 22:25:35,851 P1389047 INFO pr:0.9040  rc:0.8825  auc:0.9988 ap:0.9834 f1: 0.8931 pred_right: 1062530 pred_wrong:33670 actu_right: 1061712 actu_wrong: 34488
2026-07-24 22:25:42,906 P1389047 INFO pr:0.9058  rc:0.8816  auc:0.9987 ap:0.9836 f1: 0.8936 pred_right: 455388 pred_wrong:14412 actu_right: 454992 actu_wrong: 14808
2026-07-24 22:25:42,908 P1389047 INFO ----------------------------------------------------------------------------------------------------
2026-07-24 22:25:42,908 P1389047 INFO 13/50 starting... lr: 0.001 para:0.0714285746216774
2026-07-24 22:26:09,048 P1389047 INFO Epoch 13/50, all_loss:0.69237 cls_loss:0.68681 rec_loss:0.76473 [26.13s]; best loss:0.69237, patience : 0
2026-07-24 22:26:20,056 P1389047 INFO pr:0.9032  rc:0.9250  auc:0.9989 ap:0.9855 f1: 0.9140 pred_right: 1060885 pred_wrong:35315 actu_right: 1061714 actu_wrong: 34486
2026-07-24 22:26:24,899 P1389047 INFO pr:0.9045  rc:0.9271  auc:0.9988 ap:0.9853 f1: 0.9157 pred_right: 454623 pred_wrong:15177 actu_right: 454992 actu_wrong: 14808
2026-07-24 22:26:24,904 P1389047 INFO ----------------------------------------------------------------------------------------------------
2026-07-24 22:26:24,904 P1389047 INFO 14/50 starting... lr: 0.001 para:0.06666667014360428
2026-07-24 22:26:45,102 P1389047 INFO Epoch 14/50, all_loss:0.65583 cls_loss:0.64722 rec_loss:0.77640 [20.19s]; best loss:0.65583, patience : 0
2026-07-24 22:26:56,247 P1389047 INFO pr:0.9147  rc:0.9138  auc:0.9991 ap:0.9872 f1: 0.9142 pred_right: 1061745 pred_wrong:34455 actu_right: 1061712 actu_wrong: 34488
2026-07-24 22:27:02,316 P1389047 INFO pr:0.9138  rc:0.9132  auc:0.9990 ap:0.9869 f1: 0.9135 pred_right: 455002 pred_wrong:14798 actu_right: 454992 actu_wrong: 14808
2026-07-24 22:27:02,320 P1389047 INFO ----------------------------------------------------------------------------------------------------
2026-07-24 22:27:02,320 P1389047 INFO 15/50 starting... lr: 0.001 para:0.0625
2026-07-24 22:27:26,582 P1389047 INFO Epoch 15/50, all_loss:0.65818 cls_loss:0.64863 rec_loss:0.80130 [24.26s]; best loss:0.65583, patience : 1
2026-07-24 22:27:39,111 P1389047 INFO pr:0.9089  rc:0.9183  auc:0.9991 ap:0.9868 f1: 0.9136 pred_right: 1061355 pred_wrong:34845 actu_right: 1061712 actu_wrong: 34488
2026-07-24 22:27:43,631 P1389047 INFO pr:0.9112  rc:0.9200  auc:0.9989 ap:0.9866 f1: 0.9156 pred_right: 454849 pred_wrong:14951 actu_right: 454992 actu_wrong: 14808
2026-07-24 22:27:43,632 P1389047 INFO ----------------------------------------------------------------------------------------------------
2026-07-24 22:27:43,633 P1389047 INFO 16/50 starting... lr: 0.001 para:0.05882352963089943
2026-07-24 22:28:03,661 P1389047 INFO Epoch 16/50, all_loss:0.62063 cls_loss:0.60951 rec_loss:0.79856 [20.02s]; best loss:0.62063, patience : 0
2026-07-24 22:28:14,665 P1389047 INFO pr:0.9060  rc:0.9307  auc:0.9990 ap:0.9856 f1: 0.9182 pred_right: 1060777 pred_wrong:35423 actu_right: 1061714 actu_wrong: 34486
2026-07-24 22:28:19,165 P1389047 INFO pr:0.9061  rc:0.9294  auc:0.9990 ap:0.9855 f1: 0.9176 pred_right: 454611 pred_wrong:15189 actu_right: 454992 actu_wrong: 14808
2026-07-24 22:28:19,169 P1389047 INFO ----------------------------------------------------------------------------------------------------
2026-07-24 22:28:19,169 P1389047 INFO 17/50 starting... lr: 0.001 para:0.0555555559694767
2026-07-24 22:28:40,205 P1389047 INFO Epoch 17/50, all_loss:0.64258 cls_loss:0.63315 rec_loss:0.80289 [21.04s]; best loss:0.62063, patience : 1
2026-07-24 22:28:49,772 P1389047 INFO pr:0.8753  rc:0.9742  auc:0.9991 ap:0.9878 f1: 0.9221 pred_right: 1057816 pred_wrong:38384 actu_right: 1061715 actu_wrong: 34485
2026-07-24 22:28:58,586 P1389047 INFO pr:0.8757  rc:0.9726  auc:0.9991 ap:0.9875 f1: 0.9216 pred_right: 453353 pred_wrong:16447 actu_right: 454992 actu_wrong: 14808
2026-07-24 22:28:58,596 P1389047 INFO ----------------------------------------------------------------------------------------------------
2026-07-24 22:28:58,596 P1389047 INFO 18/50 starting... lr: 0.001 para:0.05263157933950424
2026-07-24 22:29:23,584 P1389047 INFO Epoch 18/50, all_loss:0.61413 cls_loss:0.60235 rec_loss:0.82625 [24.98s]; best loss:0.61413, patience : 0
2026-07-24 22:29:34,602 P1389047 INFO pr:0.9002  rc:0.9544  auc:0.9992 ap:0.9893 f1: 0.9265 pred_right: 1059635 pred_wrong:36565 actu_right: 1061714 actu_wrong: 34486
2026-07-24 22:29:39,397 P1389047 INFO pr:0.9016  rc:0.9521  auc:0.9991 ap:0.9888 f1: 0.9262 pred_right: 454164 pred_wrong:15636 actu_right: 454992 actu_wrong: 14808
2026-07-24 22:29:39,403 P1389047 INFO ----------------------------------------------------------------------------------------------------
2026-07-24 22:29:39,405 P1389047 INFO 19/50 starting... lr: 0.001 para:0.05000000074505806
2026-07-24 22:29:59,489 P1389047 INFO Epoch 19/50, all_loss:0.58697 cls_loss:0.57435 rec_loss:0.82664 [20.08s]; best loss:0.58697, patience : 0
2026-07-24 22:30:10,535 P1389047 INFO pr:0.9301  rc:0.9134  auc:0.9993 ap:0.9897 f1: 0.9217 pred_right: 1062328 pred_wrong:33872 actu_right: 1061708 actu_wrong: 34492
2026-07-24 22:30:17,248 P1389047 INFO pr:0.9304  rc:0.9088  auc:0.9992 ap:0.9893 f1: 0.9195 pred_right: 455335 pred_wrong:14465 actu_right: 454992 actu_wrong: 14808
2026-07-24 22:30:17,249 P1389047 INFO ----------------------------------------------------------------------------------------------------
2026-07-24 22:30:17,249 P1389047 INFO 20/50 starting... lr: 0.001 para:0.0476190485060215
2026-07-24 22:30:42,675 P1389047 INFO Epoch 20/50, all_loss:0.55991 cls_loss:0.54571 rec_loss:0.84380 [25.42s]; best loss:0.55991, patience : 0
2026-07-24 22:30:54,029 P1389047 INFO pr:0.9328  rc:0.9046  auc:0.9993 ap:0.9891 f1: 0.9185 pred_right: 1062755 pred_wrong:33445 actu_right: 1061712 actu_wrong: 34488
2026-07-24 22:30:58,692 P1389047 INFO pr:0.9340  rc:0.9047  auc:0.9992 ap:0.9887 f1: 0.9191 pred_right: 455457 pred_wrong:14343 actu_right: 454992 actu_wrong: 14808
2026-07-24 22:30:58,693 P1389047 INFO ----------------------------------------------------------------------------------------------------
2026-07-24 22:30:58,693 P1389047 INFO 21/50 starting... lr: 0.001 para:0.04545454680919647
2026-07-24 22:31:18,554 P1389047 INFO Epoch 21/50, all_loss:0.56135 cls_loss:0.54731 rec_loss:0.85612 [19.86s]; best loss:0.55991, patience : 1
2026-07-24 22:31:29,429 P1389047 INFO pr:0.9307  rc:0.9132  auc:0.9993 ap:0.9895 f1: 0.9219 pred_right: 1062356 pred_wrong:33844 actu_right: 1061710 actu_wrong: 34490
2026-07-24 22:31:34,083 P1389047 INFO pr:0.9321  rc:0.9106  auc:0.9991 ap:0.9892 f1: 0.9212 pred_right: 455334 pred_wrong:14466 actu_right: 454992 actu_wrong: 14808
2026-07-24 22:31:34,084 P1389047 INFO ----------------------------------------------------------------------------------------------------
2026-07-24 22:31:34,084 P1389047 INFO 22/50 starting... lr: 0.001 para:0.043478261679410934
2026-07-24 22:31:55,050 P1389047 INFO Epoch 22/50, all_loss:0.54430 cls_loss:0.52973 rec_loss:0.86490 [20.96s]; best loss:0.54430, patience : 0
2026-07-24 22:32:04,444 P1389047 INFO pr:0.9198  rc:0.9100  auc:0.9992 ap:0.9889 f1: 0.9148 pred_right: 1062075 pred_wrong:34125 actu_right: 1061708 actu_wrong: 34492
2026-07-24 22:32:11,760 P1389047 INFO pr:0.9218  rc:0.9084  auc:0.9991 ap:0.9884 f1: 0.9151 pred_right: 455207 pred_wrong:14593 actu_right: 454992 actu_wrong: 14808
2026-07-24 22:32:11,762 P1389047 INFO ----------------------------------------------------------------------------------------------------
2026-07-24 22:32:11,762 P1389047 INFO 23/50 starting... lr: 0.001 para:0.0416666679084301
2026-07-24 22:32:37,054 P1389047 INFO Epoch 23/50, all_loss:0.53215 cls_loss:0.51786 rec_loss:0.86074 [25.29s]; best loss:0.53215, patience : 0
2026-07-24 22:32:47,882 P1389047 INFO pr:0.9155  rc:0.9516  auc:0.9991 ap:0.9898 f1: 0.9332 pred_right: 1060348 pred_wrong:35852 actu_right: 1061708 actu_wrong: 34492
2026-07-24 22:32:52,603 P1389047 INFO pr:0.9153  rc:0.9495  auc:0.9989 ap:0.9888 f1: 0.9321 pred_right: 454439 pred_wrong:15361 actu_right: 454992 actu_wrong: 14808
2026-07-24 22:32:52,607 P1389047 INFO ----------------------------------------------------------------------------------------------------
2026-07-24 22:32:52,607 P1389047 INFO 24/50 starting... lr: 0.001 para:0.03999999910593033
2026-07-24 22:33:12,874 P1389047 INFO Epoch 24/50, all_loss:0.52040 cls_loss:0.50521 rec_loss:0.88492 [20.26s]; best loss:0.52040, patience : 0
2026-07-24 22:33:24,337 P1389047 INFO pr:0.9391  rc:0.9160  auc:0.9994 ap:0.9912 f1: 0.9274 pred_right: 1062557 pred_wrong:33643 actu_right: 1061708 actu_wrong: 34492
2026-07-24 22:33:30,305 P1389047 INFO pr:0.9385  rc:0.9138  auc:0.9993 ap:0.9907 f1: 0.9260 pred_right: 455381 pred_wrong:14419 actu_right: 454992 actu_wrong: 14808
2026-07-24 22:33:30,306 P1389047 INFO ----------------------------------------------------------------------------------------------------
2026-07-24 22:33:30,306 P1389047 INFO 25/50 starting... lr: 0.001 para:0.03846153989434242
2026-07-24 22:33:55,262 P1389047 INFO Epoch 25/50, all_loss:0.50631 cls_loss:0.49130 rec_loss:0.88173 [24.95s]; best loss:0.50631, patience : 0
2026-07-24 22:34:07,030 P1389047 INFO pr:0.9022  rc:0.9700  auc:0.9994 ap:0.9913 f1: 0.9349 pred_right: 1059120 pred_wrong:37080 actu_right: 1061710 actu_wrong: 34490
2026-07-24 22:34:11,471 P1389047 INFO pr:0.9035  rc:0.9682  auc:0.9993 ap:0.9906 f1: 0.9347 pred_right: 453931 pred_wrong:15869 actu_right: 454992 actu_wrong: 14808
2026-07-24 22:34:11,475 P1389047 INFO ----------------------------------------------------------------------------------------------------
2026-07-24 22:34:11,475 P1389047 INFO 26/50 starting... lr: 0.001 para:0.03703703731298447
2026-07-24 22:34:32,158 P1389047 INFO Epoch 26/50, all_loss:0.49458 cls_loss:0.47953 rec_loss:0.88583 [20.68s]; best loss:0.49458, patience : 0
2026-07-24 22:34:43,305 P1389047 INFO pr:0.9161  rc:0.9589  auc:0.9994 ap:0.9915 f1: 0.9370 pred_right: 1060092 pred_wrong:36108 actu_right: 1061704 actu_wrong: 34496
2026-07-24 22:34:47,944 P1389047 INFO pr:0.9150  rc:0.9550  auc:0.9993 ap:0.9906 f1: 0.9346 pred_right: 454346 pred_wrong:15454 actu_right: 454992 actu_wrong: 14808
2026-07-24 22:34:47,949 P1389047 INFO ----------------------------------------------------------------------------------------------------
2026-07-24 22:34:47,949 P1389047 INFO 27/50 starting... lr: 0.001 para:0.0357142873108387
2026-07-24 22:35:08,405 P1389047 INFO Epoch 27/50, all_loss:0.51001 cls_loss:0.49568 rec_loss:0.89690 [20.46s]; best loss:0.49458, patience : 1
2026-07-24 22:35:17,946 P1389047 INFO pr:0.9248  rc:0.9333  auc:0.9993 ap:0.9908 f1: 0.9290 pred_right: 1061394 pred_wrong:34806 actu_right: 1061714 actu_wrong: 34486
2026-07-24 22:35:26,000 P1389047 INFO pr:0.9231  rc:0.9294  auc:0.9991 ap:0.9898 f1: 0.9263 pred_right: 454891 pred_wrong:14909 actu_right: 454992 actu_wrong: 14808
2026-07-24 22:35:26,002 P1389047 INFO ----------------------------------------------------------------------------------------------------
2026-07-24 22:35:26,002 P1389047 INFO 28/50 starting... lr: 0.001 para:0.03448275849223137
2026-07-24 22:35:50,387 P1389047 INFO Epoch 28/50, all_loss:0.50339 cls_loss:0.48866 rec_loss:0.91581 [24.38s]; best loss:0.49458, patience : 1
2026-07-24 22:36:01,605 P1389047 INFO pr:0.9198  rc:0.9515  auc:0.9993 ap:0.9911 f1: 0.9354 pred_right: 1060524 pred_wrong:35676 actu_right: 1061711 actu_wrong: 34489
2026-07-24 22:36:06,128 P1389047 INFO pr:0.9196  rc:0.9490  auc:0.9991 ap:0.9900 f1: 0.9341 pred_right: 454519 pred_wrong:15281 actu_right: 454992 actu_wrong: 14808
2026-07-24 22:36:06,129 P1389047 INFO ----------------------------------------------------------------------------------------------------
2026-07-24 22:36:06,129 P1389047 INFO 29/50 starting... lr: 0.001 para:0.03333333507180214
2026-07-24 22:36:26,495 P1389047 INFO Epoch 29/50, all_loss:0.50947 cls_loss:0.49538 rec_loss:0.91805 [20.37s]; best loss:0.49458, patience : 2
2026-07-24 22:36:37,338 P1389047 INFO pr:0.9371  rc:0.9429  auc:0.9993 ap:0.9924 f1: 0.9400 pred_right: 1061500 pred_wrong:34700 actu_right: 1061713 actu_wrong: 34487
2026-07-24 22:36:43,969 P1389047 INFO pr:0.9370  rc:0.9410  auc:0.9991 ap:0.9920 f1: 0.9390 pred_right: 454928 pred_wrong:14872 actu_right: 454992 actu_wrong: 14808
2026-07-24 22:36:43,973 P1389047 INFO ----------------------------------------------------------------------------------------------------
2026-07-24 22:36:43,973 P1389047 INFO 30/50 starting... lr: 0.001 para:0.032258063554763794
2026-07-24 22:37:08,624 P1389047 INFO Epoch 30/50, all_loss:0.48844 cls_loss:0.47407 rec_loss:0.91955 [24.65s]; best loss:0.48844, patience : 0
2026-07-24 22:37:20,313 P1389047 INFO pr:0.9231  rc:0.9626  auc:0.9995 ap:0.9926 f1: 0.9425 pred_right: 1060234 pred_wrong:35966 actu_right: 1061709 actu_wrong: 34491
2026-07-24 22:37:24,784 P1389047 INFO pr:0.9237  rc:0.9622  auc:0.9993 ap:0.9916 f1: 0.9425 pred_right: 454375 pred_wrong:15425 actu_right: 454992 actu_wrong: 14808
2026-07-24 22:37:24,789 P1389047 INFO ----------------------------------------------------------------------------------------------------
2026-07-24 22:37:24,789 P1389047 INFO 31/50 starting... lr: 0.001 para:0.03125
2026-07-24 22:37:44,696 P1389047 INFO Epoch 31/50, all_loss:0.46257 cls_loss:0.44657 rec_loss:0.95839 [19.90s]; best loss:0.46257, patience : 0
2026-07-24 22:37:55,634 P1389047 INFO pr:0.9126  rc:0.9709  auc:0.9995 ap:0.9934 f1: 0.9408 pred_right: 1059503 pred_wrong:36697 actu_right: 1061705 actu_wrong: 34495
2026-07-24 22:38:00,337 P1389047 INFO pr:0.9135  rc:0.9664  auc:0.9993 ap:0.9923 f1: 0.9392 pred_right: 454135 pred_wrong:15665 actu_right: 454992 actu_wrong: 14808
2026-07-24 22:38:00,338 P1389047 INFO ----------------------------------------------------------------------------------------------------
2026-07-24 22:38:00,338 P1389047 INFO 32/50 starting... lr: 0.001 para:0.03030303120613098
2026-07-24 22:38:20,528 P1389047 INFO Epoch 32/50, all_loss:0.49485 cls_loss:0.48038 rec_loss:0.95800 [20.19s]; best loss:0.46257, patience : 1
2026-07-24 22:38:30,131 P1389047 INFO pr:0.9294  rc:0.9520  auc:0.9994 ap:0.9926 f1: 0.9406 pred_right: 1060871 pred_wrong:35329 actu_right: 1061709 actu_wrong: 34491
2026-07-24 22:38:39,946 P1389047 INFO pr:0.9289  rc:0.9516  auc:0.9993 ap:0.9919 f1: 0.9402 pred_right: 454630 pred_wrong:15170 actu_right: 454992 actu_wrong: 14808
2026-07-24 22:38:39,948 P1389047 INFO ----------------------------------------------------------------------------------------------------
2026-07-24 22:38:39,948 P1389047 INFO 33/50 starting... lr: 0.001 para:0.029411764815449715
2026-07-24 22:39:03,340 P1389047 INFO Epoch 33/50, all_loss:0.45343 cls_loss:0.43878 rec_loss:0.93720 [23.39s]; best loss:0.45343, patience : 0
2026-07-24 22:39:14,244 P1389047 INFO pr:0.9260  rc:0.9560  auc:0.9992 ap:0.9924 f1: 0.9408 pred_right: 1060590 pred_wrong:35610 actu_right: 1061709 actu_wrong: 34491
2026-07-24 22:39:18,704 P1389047 INFO pr:0.9250  rc:0.9516  auc:0.9991 ap:0.9915 f1: 0.9382 pred_right: 454566 pred_wrong:15234 actu_right: 454992 actu_wrong: 14808
2026-07-24 22:39:18,705 P1389047 INFO ----------------------------------------------------------------------------------------------------
2026-07-24 22:39:18,705 P1389047 INFO 34/50 starting... lr: 0.001 para:0.02857142873108387
2026-07-24 22:39:38,793 P1389047 INFO Epoch 34/50, all_loss:0.43793 cls_loss:0.42227 rec_loss:0.97045 [20.08s]; best loss:0.43793, patience : 0
2026-07-24 22:39:49,867 P1389047 INFO pr:0.9358  rc:0.9465  auc:0.9994 ap:0.9930 f1: 0.9411 pred_right: 1061311 pred_wrong:34889 actu_right: 1061708 actu_wrong: 34492
2026-07-24 22:39:56,288 P1389047 INFO pr:0.9348  rc:0.9415  auc:0.9992 ap:0.9922 f1: 0.9381 pred_right: 454885 pred_wrong:14915 actu_right: 454992 actu_wrong: 14808
2026-07-24 22:39:56,289 P1389047 INFO ----------------------------------------------------------------------------------------------------
2026-07-24 22:39:56,289 P1389047 INFO 35/50 starting... lr: 0.001 para:0.02777777798473835
2026-07-24 22:40:21,569 P1389047 INFO Epoch 35/50, all_loss:0.49688 cls_loss:0.48335 rec_loss:0.97076 [25.28s]; best loss:0.43793, patience : 1
2026-07-24 22:40:33,167 P1389047 INFO pr:0.9243  rc:0.9701  auc:0.9996 ap:0.9936 f1: 0.9466 pred_right: 1059999 pred_wrong:36201 actu_right: 1061710 actu_wrong: 34490
2026-07-24 22:40:37,849 P1389047 INFO pr:0.9233  rc:0.9662  auc:0.9994 ap:0.9923 f1: 0.9443 pred_right: 454304 pred_wrong:15496 actu_right: 454992 actu_wrong: 14808
2026-07-24 22:40:37,853 P1389047 INFO ----------------------------------------------------------------------------------------------------
2026-07-24 22:40:37,853 P1389047 INFO 36/50 starting... lr: 0.001 para:0.027027027681469917
2026-07-24 22:40:58,218 P1389047 INFO Epoch 36/50, all_loss:0.42324 cls_loss:0.40734 rec_loss:0.99598 [20.36s]; best loss:0.42324, patience : 0
2026-07-24 22:41:09,568 P1389047 INFO pr:0.9281  rc:0.9677  auc:0.9996 ap:0.9931 f1: 0.9475 pred_right: 1060234 pred_wrong:35966 actu_right: 1061706 actu_wrong: 34494
2026-07-24 22:41:14,184 P1389047 INFO pr:0.9276  rc:0.9625  auc:0.9994 ap:0.9923 f1: 0.9447 pred_right: 454436 pred_wrong:15364 actu_right: 454992 actu_wrong: 14808
2026-07-24 22:41:14,188 P1389047 INFO ----------------------------------------------------------------------------------------------------
2026-07-24 22:41:14,188 P1389047 INFO 37/50 starting... lr: 0.001 para:0.02631578966975212
2026-07-24 22:41:34,777 P1389047 INFO Epoch 37/50, all_loss:0.43036 cls_loss:0.41525 rec_loss:0.98931 [20.59s]; best loss:0.42324, patience : 1
2026-07-24 22:41:46,711 P1389047 INFO pr:0.9276  rc:0.9669  auc:0.9995 ap:0.9930 f1: 0.9468 pred_right: 1060246 pred_wrong:35954 actu_right: 1061709 actu_wrong: 34491
2026-07-24 22:41:58,298 P1389047 INFO pr:0.9272  rc:0.9620  auc:0.9994 ap:0.9924 f1: 0.9443 pred_right: 454436 pred_wrong:15364 actu_right: 454992 actu_wrong: 14808
2026-07-24 22:41:58,299 P1389047 INFO ----------------------------------------------------------------------------------------------------
2026-07-24 22:41:58,299 P1389047 INFO 38/50 starting... lr: 0.001 para:0.025641025975346565
2026-07-24 22:42:18,727 P1389047 INFO Epoch 38/50, all_loss:0.40754 cls_loss:0.39149 rec_loss:1.01766 [20.42s]; best loss:0.40754, patience : 0
2026-07-24 22:42:29,349 P1389047 INFO pr:0.9413  rc:0.9421  auc:0.9995 ap:0.9930 f1: 0.9417 pred_right: 1061675 pred_wrong:34525 actu_right: 1061706 actu_wrong: 34494
2026-07-24 22:42:34,066 P1389047 INFO pr:0.9386  rc:0.9361  auc:0.9993 ap:0.9917 f1: 0.9373 pred_right: 455031 pred_wrong:14769 actu_right: 454992 actu_wrong: 14808
2026-07-24 22:42:34,067 P1389047 INFO ----------------------------------------------------------------------------------------------------
2026-07-24 22:42:34,067 P1389047 INFO 39/50 starting... lr: 0.001 para:0.02500000037252903
2026-07-24 22:42:54,460 P1389047 INFO Epoch 39/50, all_loss:0.41758 cls_loss:0.40194 rec_loss:1.02748 [20.39s]; best loss:0.40754, patience : 1
2026-07-24 22:43:06,160 P1389047 INFO pr:0.9051  rc:0.9829  auc:0.9995 ap:0.9939 f1: 0.9424 pred_right: 1058750 pred_wrong:37450 actu_right: 1061715 actu_wrong: 34485
2026-07-24 22:43:10,410 P1389047 INFO pr:0.9049  rc:0.9808  auc:0.9994 ap:0.9930 f1: 0.9413 pred_right: 453751 pred_wrong:16049 actu_right: 454992 actu_wrong: 14808
2026-07-24 22:43:10,411 P1389047 INFO ----------------------------------------------------------------------------------------------------
2026-07-24 22:43:10,411 P1389047 INFO 40/50 starting... lr: 0.001 para:0.024390242993831635
2026-07-24 22:43:37,443 P1389047 INFO Epoch 40/50, all_loss:0.44342 cls_loss:0.42848 rec_loss:1.04067 [27.03s]; best loss:0.40754, patience : 2
2026-07-24 22:43:48,530 P1389047 INFO pr:0.9179  rc:0.9777  auc:0.9996 ap:0.9937 f1: 0.9469 pred_right: 1059464 pred_wrong:36736 actu_right: 1061711 actu_wrong: 34489
2026-07-24 22:43:53,011 P1389047 INFO pr:0.9168  rc:0.9742  auc:0.9994 ap:0.9925 f1: 0.9446 pred_right: 454065 pred_wrong:15735 actu_right: 454992 actu_wrong: 14808
2026-07-24 22:43:53,012 P1389047 INFO ----------------------------------------------------------------------------------------------------
2026-07-24 22:43:53,012 P1389047 INFO 41/50 starting... lr: 0.001 para:0.02380952425301075
2026-07-24 22:44:12,706 P1389047 INFO Epoch 41/50, all_loss:0.41074 cls_loss:0.39515 rec_loss:1.05017 [19.69s]; best loss:0.40754, patience : 2
2026-07-24 22:44:23,695 P1389047 INFO pr:0.9502  rc:0.9367  auc:0.9996 ap:0.9942 f1: 0.9434 pred_right: 1062200 pred_wrong:34000 actu_right: 1061711 actu_wrong: 34489
2026-07-24 22:44:28,323 P1389047 INFO pr:0.9502  rc:0.9269  auc:0.9994 ap:0.9932 f1: 0.9384 pred_right: 455356 pred_wrong:14444 actu_right: 454992 actu_wrong: 14808
2026-07-24 22:44:28,323 P1389047 INFO ----------------------------------------------------------------------------------------------------
2026-07-24 22:44:28,324 P1389047 INFO 42/50 starting... lr: 0.001 para:0.023255813866853714
2026-07-24 22:44:48,905 P1389047 INFO Epoch 42/50, all_loss:0.38994 cls_loss:0.37425 rec_loss:1.04873 [20.58s]; best loss:0.38994, patience : 0
2026-07-24 22:45:02,135 P1389047 INFO pr:0.9200  rc:0.9754  auc:0.9996 ap:0.9941 f1: 0.9469 pred_right: 1059630 pred_wrong:36570 actu_right: 1061710 actu_wrong: 34490
2026-07-24 22:45:11,599 P1389047 INFO pr:0.9191  rc:0.9702  auc:0.9995 ap:0.9931 f1: 0.9440 pred_right: 454170 pred_wrong:15630 actu_right: 454992 actu_wrong: 14808
2026-07-24 22:45:11,600 P1389047 INFO ----------------------------------------------------------------------------------------------------
2026-07-24 22:45:11,600 P1389047 INFO 43/50 starting... lr: 0.001 para:0.022727273404598236
2026-07-24 22:45:32,510 P1389047 INFO Epoch 43/50, all_loss:0.38792 cls_loss:0.37215 rec_loss:1.06578 [20.91s]; best loss:0.38792, patience : 0
2026-07-24 22:45:43,466 P1389047 INFO pr:0.9233  rc:0.9667  auc:0.9995 ap:0.9942 f1: 0.9445 pred_right: 1060087 pred_wrong:36113 actu_right: 1061708 actu_wrong: 34492
2026-07-24 22:45:47,901 P1389047 INFO pr:0.9213  rc:0.9595  auc:0.9994 ap:0.9931 f1: 0.9400 pred_right: 454377 pred_wrong:15423 actu_right: 454992 actu_wrong: 14808
2026-07-24 22:45:47,903 P1389047 INFO ----------------------------------------------------------------------------------------------------
2026-07-24 22:45:47,903 P1389047 INFO 44/50 starting... lr: 0.001 para:0.02222222276031971
2026-07-24 22:46:08,130 P1389047 INFO Epoch 44/50, all_loss:0.39838 cls_loss:0.38288 rec_loss:1.08038 [20.23s]; best loss:0.38792, patience : 1
2026-07-24 22:46:20,203 P1389047 INFO pr:0.9489  rc:0.9436  auc:0.9995 ap:0.9939 f1: 0.9463 pred_right: 1061902 pred_wrong:34298 actu_right: 1061711 actu_wrong: 34489
2026-07-24 22:46:24,266 P1389047 INFO pr:0.9484  rc:0.9388  auc:0.9992 ap:0.9931 f1: 0.9436 pred_right: 455142 pred_wrong:14658 actu_right: 454992 actu_wrong: 14808
2026-07-24 22:46:24,267 P1389047 INFO ----------------------------------------------------------------------------------------------------
2026-07-24 22:46:24,267 P1389047 INFO 45/50 starting... lr: 0.001 para:0.021739130839705467
2026-07-24 22:46:51,023 P1389047 INFO Epoch 45/50, all_loss:0.39293 cls_loss:0.37759 rec_loss:1.08331 [26.76s]; best loss:0.38792, patience : 1
2026-07-24 22:47:02,228 P1389047 INFO pr:0.9319  rc:0.9714  auc:0.9996 ap:0.9941 f1: 0.9512 pred_right: 1060245 pred_wrong:35955 actu_right: 1061709 actu_wrong: 34491
2026-07-24 22:47:06,797 P1389047 INFO pr:0.9308  rc:0.9664  auc:0.9995 ap:0.9930 f1: 0.9483 pred_right: 454425 pred_wrong:15375 actu_right: 454992 actu_wrong: 14808
2026-07-24 22:47:06,801 P1389047 INFO ----------------------------------------------------------------------------------------------------
2026-07-24 22:47:06,801 P1389047 INFO 46/50 starting... lr: 0.001 para:0.021276595070958138
2026-07-24 22:47:27,027 P1389047 INFO Epoch 46/50, all_loss:0.38206 cls_loss:0.36690 rec_loss:1.07947 [20.22s]; best loss:0.38206, patience : 0
2026-07-24 22:47:38,128 P1389047 INFO pr:0.9387  rc:0.9602  auc:0.9996 ap:0.9942 f1: 0.9493 pred_right: 1060926 pred_wrong:35274 actu_right: 1061717 actu_wrong: 34483
2026-07-24 22:47:42,833 P1389047 INFO pr:0.9358  rc:0.9552  auc:0.9994 ap:0.9932 f1: 0.9454 pred_right: 454686 pred_wrong:15114 actu_right: 454992 actu_wrong: 14808
2026-07-24 22:47:42,834 P1389047 INFO ----------------------------------------------------------------------------------------------------
2026-07-24 22:47:42,834 P1389047 INFO 47/50 starting... lr: 0.001 para:0.02083333395421505
2026-07-24 22:48:02,755 P1389047 INFO Epoch 47/50, all_loss:0.37456 cls_loss:0.35920 rec_loss:1.09639 [19.92s]; best loss:0.37456, patience : 0
2026-07-24 22:48:14,951 P1389047 INFO pr:0.9515  rc:0.9351  auc:0.9996 ap:0.9931 f1: 0.9432 pred_right: 1062302 pred_wrong:33898 actu_right: 1061710 actu_wrong: 34490
2026-07-24 22:48:25,057 P1389047 INFO pr:0.9487  rc:0.9273  auc:0.9994 ap:0.9916 f1: 0.9379 pred_right: 455325 pred_wrong:14475 actu_right: 454992 actu_wrong: 14808
2026-07-24 22:48:25,058 P1389047 INFO ----------------------------------------------------------------------------------------------------
2026-07-24 22:48:25,058 P1389047 INFO 48/50 starting... lr: 0.001 para:0.020408162847161293
2026-07-24 22:48:45,745 P1389047 INFO Epoch 48/50, all_loss:0.38370 cls_loss:0.36840 rec_loss:1.11792 [20.69s]; best loss:0.37456, patience : 1
2026-07-24 22:48:56,911 P1389047 INFO pr:0.9222  rc:0.9797  auc:0.9995 ap:0.9947 f1: 0.9500 pred_right: 1059559 pred_wrong:36641 actu_right: 1061710 actu_wrong: 34490
2026-07-24 22:49:01,498 P1389047 INFO pr:0.9196  rc:0.9752  auc:0.9993 ap:0.9936 f1: 0.9466 pred_right: 454096 pred_wrong:15704 actu_right: 454992 actu_wrong: 14808
2026-07-24 22:49:01,499 P1389047 INFO ----------------------------------------------------------------------------------------------------
2026-07-24 22:49:01,499 P1389047 INFO 49/50 starting... lr: 0.001 para:0.019999999552965164
2026-07-24 22:49:21,690 P1389047 INFO Epoch 49/50, all_loss:0.36312 cls_loss:0.34777 rec_loss:1.11510 [20.19s]; best loss:0.36312, patience : 0
2026-07-24 22:49:33,115 P1389047 INFO pr:0.9383  rc:0.9709  auc:0.9996 ap:0.9951 f1: 0.9543 pred_right: 1060509 pred_wrong:35691 actu_right: 1061708 actu_wrong: 34492
2026-07-24 22:49:38,111 P1389047 INFO pr:0.9358  rc:0.9634  auc:0.9995 ap:0.9940 f1: 0.9494 pred_right: 454556 pred_wrong:15244 actu_right: 454992 actu_wrong: 14808
2026-07-24 22:49:38,115 P1389047 INFO saving model...
2026-07-24 22:49:38,115 P1389047 INFO DLinear - loss  best score:0.3631175458431244 at epoch 49
2026-07-24 22:49:38,126 P1389047 INFO DLinear - f1  best score:0.9543336705469986 at epoch 49
2026-07-24 22:49:38,129 P1389047 INFO Average training time per epoch: 21.85 seconds
2026-07-24 22:49:38,130 P1389047 INFO calculate scores...
2026-07-24 22:49:38,130 P1389047 INFO calculate label with loss...
2026-07-24 22:49:38,130 P1389047 INFO DLinear on ./result/server_only_exps/Architecture_updatedFreDF/DLinear-TT-Epochs50-Seed3-ExpNameRQ2_architecture-LPFLPF-Attnlinear_attn-NormLinTrue-RecLambda1.0-AuxiLambda0.2-lowshow-simplegraph loading...
2026-07-24 22:49:41,890 P1389047 INFO pr:0.9358  rc:0.9634  auc:0.9995 ap:0.9940 f1: 0.9494 pred_right: 454556 pred_wrong:15244 actu_right: 454992 actu_wrong: 14808
2026-07-24 22:49:49,136 P1389047 INFO pr:0.9358  rc:0.9634  auc:0.9995 ap:0.9940 f1: 0.9494 pred_right: 454556 pred_wrong:15244 actu_right: 454992 actu_wrong: 14808
2026-07-24 22:49:49,137 P1389047 INFO Performance Summary:
{'GPU': {'inference_time_per_sample_ms': 0.18717080257516505, 'throughput_samples_per_sec': 5342.7136403842405, 'peak_memory_mb': 88.26025390625, 'energy_per_sample_joules': 0.01027184005992377}, 'CPU': {'inference_time_per_sample_ms': 0.38109950712709834, 'throughput_samples_per_sec': 2623.986600083678, 'peak_memory_mb': 5479.5390625, 'energy_per_sample_joules': 0.02477146796326139}}
2026-07-24 22:49:49,137 P1389047 INFO Starting clean-room hardware benchmarking...
2026-07-24 22:49:50,993 P1389047 INFO Performance with loss: pr:0.9358  rc:0.9634  auc:0.9995 ap:0.9940 f1: 0.9494 pred_right: 454556 pred_wrong:15244 actu_right: 454992 actu_wrong: 14808
2026-07-24 22:49:50,993 P1389047 INFO calculate label with f1...
2026-07-24 22:49:50,993 P1389047 INFO DLinear on ./result/server_only_exps/Architecture_updatedFreDF/DLinear-TT-Epochs50-Seed3-ExpNameRQ2_architecture-LPFLPF-Attnlinear_attn-NormLinTrue-RecLambda1.0-AuxiLambda0.2-lowshow-simplegraph loading...
2026-07-24 22:50:03,383 P1389047 INFO pr:0.9358  rc:0.9634  auc:0.9995 ap:0.9940 f1: 0.9494 pred_right: 454556 pred_wrong:15244 actu_right: 454992 actu_wrong: 14808
2026-07-24 22:50:11,787 P1389047 INFO pr:0.9358  rc:0.9634  auc:0.9995 ap:0.9940 f1: 0.9494 pred_right: 454556 pred_wrong:15244 actu_right: 454992 actu_wrong: 14808
2026-07-24 22:50:11,788 P1389047 INFO Performance Summary:
{'GPU': {'inference_time_per_sample_ms': 0.6718910891755167, 'throughput_samples_per_sec': 1488.3364523067403, 'peak_memory_mb': 87.75634765625, 'energy_per_sample_joules': 0.03533508832528501}, 'CPU': {'inference_time_per_sample_ms': 0.44994213277245226, 'throughput_samples_per_sec': 2222.5080230611047, 'peak_memory_mb': 5500.828125, 'energy_per_sample_joules': 0.029246238630209396}}
2026-07-24 22:50:11,788 P1389047 INFO Starting clean-room hardware benchmarking...
2026-07-24 22:50:12,694 P1389047 INFO Performance with f1: pr:0.9358  rc:0.9634  auc:0.9995 ap:0.9940 f1: 0.9494 pred_right: 454556 pred_wrong:15244 actu_right: 454992 actu_wrong: 14808
