2026-09-10 12:52:30,237 P2806297 INFO ---- Model: ----MSTGAD-d3520479----random_seed : 1----req_loss_approach : Legendre-style----rec_lambda : 1.0----auxi_lambda : 0.2----Freq Domain : FITS_Legendre----Multi Fits : false----train : True----evaluate : False
2026-09-10 12:52:30,237 P2806297 INFO Load from /home/db2003/Desktop/Amr/Tests/Eadro/codes/chunks/TT
2026-09-10 12:52:47,136 P2806297 INFO Fewshot: training with 1.0 of the 70% of the data
2026-09-10 12:52:47,246 P2806297 INFO Trainable Parameters Breakdown:
2026-09-10 12:52:47,246 P2806297 INFO --------------------------------------------------------------------------------
2026-09-10 12:52:47,246 P2806297 INFO Reconstruction-Specific Parameters:
2026-09-10 12:52:47,246 P2806297 INFO node_emb.linear.weight                   | shape: (8, 7)                    | params: 56
2026-09-10 12:52:47,246 P2806297 INFO node_emb.linear.bias                     | shape: (8,)                      | params: 8
2026-09-10 12:52:47,246 P2806297 INFO log_emb.linear.weight                    | shape: (32, 60)                  | params: 1,920
2026-09-10 12:52:47,246 P2806297 INFO log_emb.linear.bias                      | shape: (32,)                     | params: 32
2026-09-10 12:52:47,246 P2806297 INFO egde_emb.linear.weight                   | shape: (8, 2)                    | params: 16
2026-09-10 12:52:47,246 P2806297 INFO egde_emb.linear.bias                     | shape: (8,)                      | params: 8
2026-09-10 12:52:47,247 P2806297 INFO dense_node.weight                        | shape: (7, 8)                    | params: 56
2026-09-10 12:52:47,247 P2806297 INFO dense_node.bias                          | shape: (7,)                      | params: 7
2026-09-10 12:52:47,247 P2806297 INFO dense_log.weight                         | shape: (60, 32)                  | params: 1,920
2026-09-10 12:52:47,247 P2806297 INFO dense_log.bias                           | shape: (60,)                     | params: 60
2026-09-10 12:52:47,247 P2806297 INFO dense_edge.weight                        | shape: (2, 8)                    | params: 16
2026-09-10 12:52:47,247 P2806297 INFO dense_edge.bias                          | shape: (2,)                      | params: 2
2026-09-10 12:52:47,247 P2806297 INFO linear_attn.Wq.weight                    | shape: (10, 10)                  | params: 100
2026-09-10 12:52:47,247 P2806297 INFO linear_attn.Wk.weight                    | shape: (10, 10)                  | params: 100
2026-09-10 12:52:47,247 P2806297 INFO linear_attn.Wv.weight                    | shape: (10, 10)                  | params: 100
2026-09-10 12:52:47,247 P2806297 INFO linear_attn.out.weight                   | shape: (10, 10)                  | params: 100
2026-09-10 12:52:47,247 P2806297 INFO linear_attn.out.bias                     | shape: (10,)                     | params: 10
2026-09-10 12:52:47,247 P2806297 INFO linear_attn.norm.weight                  | shape: (10,)                     | params: 10
2026-09-10 12:52:47,247 P2806297 INFO linear_attn.norm.bias                    | shape: (10,)                     | params: 10
2026-09-10 12:52:47,247 P2806297 INFO shared_fits.normlin_W                    | shape: (3, 3)                    | params: 9
2026-09-10 12:52:47,247 P2806297 INFO shared_fits.freq_upsampler.weight        | shape: (3, 3)                    | params: 9
2026-09-10 12:52:47,247 P2806297 INFO shared_fits.freq_upsampler.bias          | shape: (3,)                      | params: 3
2026-09-10 12:52:47,248 P2806297 INFO modality_proj.node.weight                | shape: (10, 8)                   | params: 80
2026-09-10 12:52:47,248 P2806297 INFO modality_proj.node.bias                  | shape: (10,)                     | params: 10
2026-09-10 12:52:47,248 P2806297 INFO modality_proj.log.weight                 | shape: (10, 32)                  | params: 320
2026-09-10 12:52:47,248 P2806297 INFO modality_proj.log.bias                   | shape: (10,)                     | params: 10
2026-09-10 12:52:47,248 P2806297 INFO modality_proj.edge.weight                | shape: (10, 8)                   | params: 80
2026-09-10 12:52:47,248 P2806297 INFO modality_proj.edge.bias                  | shape: (10,)                     | params: 10
2026-09-10 12:52:47,248 P2806297 INFO modality_proj_out.node.weight            | shape: (8, 10)                   | params: 80
2026-09-10 12:52:47,248 P2806297 INFO modality_proj_out.node.bias              | shape: (8,)                      | params: 8
2026-09-10 12:52:47,248 P2806297 INFO modality_proj_out.log.weight             | shape: (32, 10)                  | params: 320
2026-09-10 12:52:47,248 P2806297 INFO modality_proj_out.log.bias               | shape: (32,)                     | params: 32
2026-09-10 12:52:47,248 P2806297 INFO modality_proj_out.edge.weight            | shape: (8, 10)                   | params: 80
2026-09-10 12:52:47,248 P2806297 INFO modality_proj_out.edge.bias              | shape: (8,)                      | params: 8
2026-09-10 12:52:47,248 P2806297 INFO Subtotal: 5,590
2026-09-10 12:52:47,248 P2806297 INFO --------------------------------------------------------------------------------
2026-09-10 12:52:47,248 P2806297 INFO Common Parameters:
2026-09-10 12:52:47,248 P2806297 INFO show.0.weight                            | shape: (128, 69)                 | params: 8,832
2026-09-10 12:52:47,249 P2806297 INFO show.0.bias                              | shape: (128,)                    | params: 128
2026-09-10 12:52:47,249 P2806297 INFO show.2.weight                            | shape: (2, 128)                  | params: 256
2026-09-10 12:52:47,249 P2806297 INFO show.2.bias                              | shape: (2,)                      | params: 2
2026-09-10 12:52:47,249 P2806297 INFO Subtotal: 9,218
2026-09-10 12:52:47,249 P2806297 INFO --------------------------------------------------------------------------------
2026-09-10 12:52:47,249 P2806297 INFO Total Trainable Parameters: 14,808

2026-09-10 12:52:47,249 P2806297 INFO Trainable Parameters: 14808, reconstruction: 5590, common: 9218
2026-09-10 12:52:47,249 P2806297 INFO model : init weight
2026-09-10 12:52:47,250 P2806297 INFO Using GPU...
2026-09-10 12:52:47,257 P2806297 INFO optimizer : using AdaBelief
2026-09-10 12:52:47,257 P2806297 INFO ----------------------------------------------------------------------------------------------------
2026-09-10 12:52:47,257 P2806297 INFO 0/50 starting... lr: 0.001 para:1.0
2026-09-13 19:07:06,180 P1949397 INFO ---- Model: ----MSTGAD-d3520479----random_seed : 1----req_loss_approach : Legendre-style----rec_lambda : 1.0----auxi_lambda : 0.2----Freq Domain : FITS_Legendre----Multi Fits : false----train : True----evaluate : False
2026-09-13 19:07:06,180 P1949397 INFO Load from /home/db2003/Desktop/Amr/Tests/Eadro/codes/chunks/TT
2026-09-13 19:07:20,319 P1949397 INFO Fewshot: training with 1.0 of the 70% of the data
2026-09-13 19:07:20,422 P1949397 INFO Trainable Parameters Breakdown:
2026-09-13 19:07:20,422 P1949397 INFO --------------------------------------------------------------------------------
2026-09-13 19:07:20,422 P1949397 INFO Reconstruction-Specific Parameters:
2026-09-13 19:07:20,422 P1949397 INFO node_emb.linear.weight                   | shape: (8, 7)                    | params: 56
2026-09-13 19:07:20,422 P1949397 INFO node_emb.linear.bias                     | shape: (8,)                      | params: 8
2026-09-13 19:07:20,422 P1949397 INFO log_emb.linear.weight                    | shape: (32, 60)                  | params: 1,920
2026-09-13 19:07:20,422 P1949397 INFO log_emb.linear.bias                      | shape: (32,)                     | params: 32
2026-09-13 19:07:20,422 P1949397 INFO egde_emb.linear.weight                   | shape: (8, 2)                    | params: 16
2026-09-13 19:07:20,422 P1949397 INFO egde_emb.linear.bias                     | shape: (8,)                      | params: 8
2026-09-13 19:07:20,422 P1949397 INFO dense_node.weight                        | shape: (7, 8)                    | params: 56
2026-09-13 19:07:20,422 P1949397 INFO dense_node.bias                          | shape: (7,)                      | params: 7
2026-09-13 19:07:20,422 P1949397 INFO dense_log.weight                         | shape: (60, 32)                  | params: 1,920
2026-09-13 19:07:20,422 P1949397 INFO dense_log.bias                           | shape: (60,)                     | params: 60
2026-09-13 19:07:20,423 P1949397 INFO dense_edge.weight                        | shape: (2, 8)                    | params: 16
2026-09-13 19:07:20,423 P1949397 INFO dense_edge.bias                          | shape: (2,)                      | params: 2
2026-09-13 19:07:20,423 P1949397 INFO linear_attn.Wq.weight                    | shape: (10, 10)                  | params: 100
2026-09-13 19:07:20,423 P1949397 INFO linear_attn.Wk.weight                    | shape: (10, 10)                  | params: 100
2026-09-13 19:07:20,423 P1949397 INFO linear_attn.Wv.weight                    | shape: (10, 10)                  | params: 100
2026-09-13 19:07:20,423 P1949397 INFO linear_attn.out.weight                   | shape: (10, 10)                  | params: 100
2026-09-13 19:07:20,423 P1949397 INFO linear_attn.out.bias                     | shape: (10,)                     | params: 10
2026-09-13 19:07:20,423 P1949397 INFO linear_attn.norm.weight                  | shape: (10,)                     | params: 10
2026-09-13 19:07:20,423 P1949397 INFO linear_attn.norm.bias                    | shape: (10,)                     | params: 10
2026-09-13 19:07:20,423 P1949397 INFO shared_fits.normlin_W                    | shape: (3, 3)                    | params: 9
2026-09-13 19:07:20,423 P1949397 INFO shared_fits.freq_upsampler.weight        | shape: (3, 3)                    | params: 9
2026-09-13 19:07:20,423 P1949397 INFO shared_fits.freq_upsampler.bias          | shape: (3,)                      | params: 3
2026-09-13 19:07:20,423 P1949397 INFO modality_proj.node.weight                | shape: (10, 8)                   | params: 80
2026-09-13 19:07:20,423 P1949397 INFO modality_proj.node.bias                  | shape: (10,)                     | params: 10
2026-09-13 19:07:20,423 P1949397 INFO modality_proj.log.weight                 | shape: (10, 32)                  | params: 320
2026-09-13 19:07:20,423 P1949397 INFO modality_proj.log.bias                   | shape: (10,)                     | params: 10
2026-09-13 19:07:20,423 P1949397 INFO modality_proj.edge.weight                | shape: (10, 8)                   | params: 80
2026-09-13 19:07:20,423 P1949397 INFO modality_proj.edge.bias                  | shape: (10,)                     | params: 10
2026-09-13 19:07:20,423 P1949397 INFO modality_proj_out.node.weight            | shape: (8, 10)                   | params: 80
2026-09-13 19:07:20,424 P1949397 INFO modality_proj_out.node.bias              | shape: (8,)                      | params: 8
2026-09-13 19:07:20,424 P1949397 INFO modality_proj_out.log.weight             | shape: (32, 10)                  | params: 320
2026-09-13 19:07:20,424 P1949397 INFO modality_proj_out.log.bias               | shape: (32,)                     | params: 32
2026-09-13 19:07:20,424 P1949397 INFO modality_proj_out.edge.weight            | shape: (8, 10)                   | params: 80
2026-09-13 19:07:20,424 P1949397 INFO modality_proj_out.edge.bias              | shape: (8,)                      | params: 8
2026-09-13 19:07:20,424 P1949397 INFO Subtotal: 5,590
2026-09-13 19:07:20,424 P1949397 INFO --------------------------------------------------------------------------------
2026-09-13 19:07:20,424 P1949397 INFO Common Parameters:
2026-09-13 19:07:20,424 P1949397 INFO show.0.weight                            | shape: (128, 69)                 | params: 8,832
2026-09-13 19:07:20,424 P1949397 INFO show.0.bias                              | shape: (128,)                    | params: 128
2026-09-13 19:07:20,424 P1949397 INFO show.2.weight                            | shape: (2, 128)                  | params: 256
2026-09-13 19:07:20,424 P1949397 INFO show.2.bias                              | shape: (2,)                      | params: 2
2026-09-13 19:07:20,424 P1949397 INFO Subtotal: 9,218
2026-09-13 19:07:20,424 P1949397 INFO --------------------------------------------------------------------------------
2026-09-13 19:07:20,424 P1949397 INFO Total Trainable Parameters: 14,808

2026-09-13 19:07:20,424 P1949397 INFO Trainable Parameters: 14808, reconstruction: 5590, common: 9218
2026-09-13 19:07:20,425 P1949397 INFO model : init weight
2026-09-13 19:07:20,425 P1949397 INFO Using GPU...
2026-09-13 19:07:20,432 P1949397 INFO optimizer : using AdaBelief
2026-09-13 19:07:20,433 P1949397 INFO ----------------------------------------------------------------------------------------------------
2026-09-13 19:07:20,433 P1949397 INFO 0/50 starting... lr: 0.001 para:1.0
2026-09-13 19:07:50,176 P1949397 INFO Epoch 0/50, all_loss:0.08753 cls_loss:34.49517 rec_loss:0.08753 [29.74s]; best loss:0.08753, patience : 0
2026-09-13 19:07:50,177 P1949397 INFO ----------------------------------------------------------------------------------------------------
2026-09-13 19:07:50,177 P1949397 INFO 1/50 starting... lr: 0.001 para:0.5
2026-09-13 19:08:20,959 P1949397 INFO Epoch 1/50, all_loss:2.00521 cls_loss:3.81998 rec_loss:0.19044 [30.77s]; best loss:2.00521, patience : 0
2026-09-13 19:08:20,960 P1949397 INFO ----------------------------------------------------------------------------------------------------
2026-09-13 19:08:20,960 P1949397 INFO 2/50 starting... lr: 0.001 para:0.3333333432674408
2026-09-13 19:09:03,947 P1949397 INFO Epoch 2/50, all_loss:1.49779 cls_loss:2.13863 rec_loss:0.21610 [42.98s]; best loss:1.49779, patience : 0
2026-09-13 19:09:21,948 P1949397 INFO pr:0.7732  rc:0.6374  auc:0.9892 ap:0.9115 f1: 0.6987 pred_right: 1067771 pred_wrong:28429 actu_right: 1061712 actu_wrong: 34488
2026-09-13 19:09:29,893 P1949397 INFO pr:0.7723  rc:0.6355  auc:0.9894 ap:0.9121 f1: 0.6973 pred_right: 457615 pred_wrong:12185 actu_right: 454992 actu_wrong: 14808
2026-09-13 19:09:29,898 P1949397 INFO ----------------------------------------------------------------------------------------------------
2026-09-13 19:09:29,898 P1949397 INFO 3/50 starting... lr: 0.001 para:0.25
2026-09-13 19:10:09,164 P1949397 INFO Epoch 3/50, all_loss:1.43101 cls_loss:1.82330 rec_loss:0.25413 [39.26s]; best loss:1.43101, patience : 0
2026-09-13 19:10:29,404 P1949397 INFO pr:0.7754  rc:0.6751  auc:0.9914 ap:0.9192 f1: 0.7218 pred_right: 1066177 pred_wrong:30023 actu_right: 1061714 actu_wrong: 34486
2026-09-13 19:10:34,982 P1949397 INFO pr:0.7781  rc:0.6717  auc:0.9919 ap:0.9207 f1: 0.7210 pred_right: 457017 pred_wrong:12783 actu_right: 454992 actu_wrong: 14808
2026-09-13 19:10:34,987 P1949397 INFO ----------------------------------------------------------------------------------------------------
2026-09-13 19:10:34,987 P1949397 INFO 4/50 starting... lr: 0.001 para:0.20000000298023224
2026-09-13 19:11:22,472 P1949397 INFO Epoch 4/50, all_loss:1.40680 cls_loss:1.69275 rec_loss:0.26304 [47.48s]; best loss:1.40680, patience : 0
2026-09-13 19:11:40,829 P1949397 INFO pr:0.8250  rc:0.6712  auc:0.9934 ap:0.9295 f1: 0.7402 pred_right: 1068142 pred_wrong:28058 actu_right: 1061713 actu_wrong: 34487
2026-09-13 19:11:48,313 P1949397 INFO pr:0.8312  rc:0.6712  auc:0.9936 ap:0.9312 f1: 0.7427 pred_right: 457843 pred_wrong:11957 actu_right: 454992 actu_wrong: 14808
2026-09-13 19:11:48,320 P1949397 INFO ----------------------------------------------------------------------------------------------------
2026-09-13 19:11:48,321 P1949397 INFO 5/50 starting... lr: 0.001 para:0.1666666716337204
2026-09-13 19:12:27,236 P1949397 INFO Epoch 5/50, all_loss:1.38144 cls_loss:1.60254 rec_loss:0.27593 [38.91s]; best loss:1.38144, patience : 0
2026-09-13 19:12:46,762 P1949397 INFO pr:0.8666  rc:0.6676  auc:0.9942 ap:0.9389 f1: 0.7542 pred_right: 1069628 pred_wrong:26572 actu_right: 1061709 actu_wrong: 34491
2026-09-13 19:12:52,513 P1949397 INFO pr:0.8704  rc:0.6652  auc:0.9944 ap:0.9400 f1: 0.7541 pred_right: 458484 pred_wrong:11316 actu_right: 454992 actu_wrong: 14808
2026-09-13 19:12:52,518 P1949397 INFO ----------------------------------------------------------------------------------------------------
2026-09-13 19:12:52,518 P1949397 INFO 6/50 starting... lr: 0.001 para:0.1428571492433548
2026-09-13 19:13:39,051 P1949397 INFO Epoch 6/50, all_loss:1.31656 cls_loss:1.48544 rec_loss:0.30325 [46.53s]; best loss:1.31656, patience : 0
2026-09-13 19:13:57,393 P1949397 INFO pr:0.8395  rc:0.7294  auc:0.9951 ap:0.9446 f1: 0.7806 pred_right: 1066233 pred_wrong:29967 actu_right: 1061711 actu_wrong: 34489
2026-09-13 19:14:04,809 P1949397 INFO pr:0.8438  rc:0.7316  auc:0.9952 ap:0.9446 f1: 0.7837 pred_right: 456960 pred_wrong:12840 actu_right: 454992 actu_wrong: 14808
2026-09-13 19:14:04,816 P1949397 INFO ----------------------------------------------------------------------------------------------------
2026-09-13 19:14:04,816 P1949397 INFO 7/50 starting... lr: 0.001 para:0.125
2026-09-13 19:14:44,438 P1949397 INFO Epoch 7/50, all_loss:1.27275 cls_loss:1.40538 rec_loss:0.34438 [39.62s]; best loss:1.27275, patience : 0
2026-09-13 19:15:04,087 P1949397 INFO pr:0.8625  rc:0.7492  auc:0.9960 ap:0.9547 f1: 0.8019 pred_right: 1066245 pred_wrong:29955 actu_right: 1061715 actu_wrong: 34485
2026-09-13 19:15:11,262 P1949397 INFO pr:0.8675  rc:0.7461  auc:0.9959 ap:0.9550 f1: 0.8022 pred_right: 457064 pred_wrong:12736 actu_right: 454992 actu_wrong: 14808
2026-09-13 19:15:11,267 P1949397 INFO ----------------------------------------------------------------------------------------------------
2026-09-13 19:15:11,267 P1949397 INFO 8/50 starting... lr: 0.001 para:0.1111111119389534
2026-09-13 19:15:57,566 P1949397 INFO Epoch 8/50, all_loss:1.17710 cls_loss:1.27522 rec_loss:0.39217 [46.29s]; best loss:1.17710, patience : 0
2026-09-13 19:16:15,002 P1949397 INFO pr:0.9130  rc:0.7283  auc:0.9967 ap:0.9624 f1: 0.8103 pred_right: 1068686 pred_wrong:27514 actu_right: 1061712 actu_wrong: 34488
2026-09-13 19:16:22,222 P1949397 INFO pr:0.9137  rc:0.7221  auc:0.9966 ap:0.9621 f1: 0.8067 pred_right: 458097 pred_wrong:11703 actu_right: 454992 actu_wrong: 14808
2026-09-13 19:16:22,228 P1949397 INFO ----------------------------------------------------------------------------------------------------
2026-09-13 19:16:22,230 P1949397 INFO 9/50 starting... lr: 0.001 para:0.10000000149011612
2026-09-13 19:17:00,251 P1949397 INFO Epoch 9/50, all_loss:1.10348 cls_loss:1.17819 rec_loss:0.43114 [38.01s]; best loss:1.10348, patience : 0
2026-09-13 19:17:19,003 P1949397 INFO pr:0.9163  rc:0.7478  auc:0.9971 ap:0.9674 f1: 0.8235 pred_right: 1068050 pred_wrong:28150 actu_right: 1061706 actu_wrong: 34494
2026-09-13 19:17:27,692 P1949397 INFO pr:0.9156  rc:0.7396  auc:0.9970 ap:0.9668 f1: 0.8183 pred_right: 457839 pred_wrong:11961 actu_right: 454992 actu_wrong: 14808
2026-09-13 19:17:27,696 P1949397 INFO ----------------------------------------------------------------------------------------------------
2026-09-13 19:17:27,697 P1949397 INFO 10/50 starting... lr: 0.001 para:0.09090909361839294
2026-09-13 19:18:12,598 P1949397 INFO Epoch 10/50, all_loss:1.05602 cls_loss:1.11446 rec_loss:0.47172 [44.89s]; best loss:1.05602, patience : 0
2026-09-13 19:18:30,412 P1949397 INFO pr:0.9154  rc:0.7789  auc:0.9975 ap:0.9705 f1: 0.8416 pred_right: 1066855 pred_wrong:29345 actu_right: 1061713 actu_wrong: 34487
2026-09-13 19:18:37,744 P1949397 INFO pr:0.9133  rc:0.7768  auc:0.9974 ap:0.9699 f1: 0.8395 pred_right: 457205 pred_wrong:12595 actu_right: 454992 actu_wrong: 14808
2026-09-13 19:18:37,750 P1949397 INFO ----------------------------------------------------------------------------------------------------
2026-09-13 19:18:37,751 P1949397 INFO 11/50 starting... lr: 0.001 para:0.0833333358168602
2026-09-13 19:19:10,910 P1949397 INFO Epoch 11/50, all_loss:0.97285 cls_loss:1.01548 rec_loss:0.50394 [33.15s]; best loss:0.97285, patience : 0
2026-09-13 19:19:27,779 P1949397 INFO pr:0.9077  rc:0.8335  auc:0.9978 ap:0.9754 f1: 0.8690 pred_right: 1064533 pred_wrong:31667 actu_right: 1061715 actu_wrong: 34485
2026-09-13 19:19:35,260 P1949397 INFO pr:0.9075  rc:0.8298  auc:0.9979 ap:0.9752 f1: 0.8669 pred_right: 456260 pred_wrong:13540 actu_right: 454992 actu_wrong: 14808
2026-09-13 19:19:35,270 P1949397 INFO ----------------------------------------------------------------------------------------------------
2026-09-13 19:19:35,270 P1949397 INFO 12/50 starting... lr: 0.001 para:0.07692307978868484
2026-09-13 19:20:16,168 P1949397 INFO Epoch 12/50, all_loss:0.92101 cls_loss:0.95377 rec_loss:0.52793 [40.89s]; best loss:0.92101, patience : 0
2026-09-13 19:20:32,854 P1949397 INFO pr:0.9366  rc:0.7690  auc:0.9980 ap:0.9755 f1: 0.8446 pred_right: 1067882 pred_wrong:28318 actu_right: 1061708 actu_wrong: 34492
2026-09-13 19:20:39,537 P1949397 INFO pr:0.9365  rc:0.7662  auc:0.9978 ap:0.9748 f1: 0.8428 pred_right: 457685 pred_wrong:12115 actu_right: 454992 actu_wrong: 14808
2026-09-13 19:20:39,538 P1949397 INFO ----------------------------------------------------------------------------------------------------
2026-09-13 19:20:39,539 P1949397 INFO 13/50 starting... lr: 0.001 para:0.0714285746216774
2026-09-13 19:21:10,921 P1949397 INFO Epoch 13/50, all_loss:0.88845 cls_loss:0.91371 rec_loss:0.56003 [31.38s]; best loss:0.88845, patience : 0
2026-09-13 19:21:27,859 P1949397 INFO pr:0.9066  rc:0.8586  auc:0.9983 ap:0.9785 f1: 0.8820 pred_right: 1063536 pred_wrong:32664 actu_right: 1061713 actu_wrong: 34487
2026-09-13 19:21:34,916 P1949397 INFO pr:0.9069  rc:0.8563  auc:0.9982 ap:0.9781 f1: 0.8809 pred_right: 455819 pred_wrong:13981 actu_right: 454992 actu_wrong: 14808
2026-09-13 19:21:34,923 P1949397 INFO ----------------------------------------------------------------------------------------------------
2026-09-13 19:21:34,923 P1949397 INFO 14/50 starting... lr: 0.001 para:0.06666667014360428
2026-09-13 19:22:16,312 P1949397 INFO Epoch 14/50, all_loss:0.82642 cls_loss:0.84304 rec_loss:0.59383 [41.38s]; best loss:0.82642, patience : 0
2026-09-13 19:22:33,892 P1949397 INFO pr:0.8681  rc:0.9285  auc:0.9982 ap:0.9811 f1: 0.8973 pred_right: 1059312 pred_wrong:36888 actu_right: 1061711 actu_wrong: 34489
2026-09-13 19:22:41,151 P1949397 INFO pr:0.8709  rc:0.9293  auc:0.9983 ap:0.9805 f1: 0.8992 pred_right: 454000 pred_wrong:15800 actu_right: 454992 actu_wrong: 14808
2026-09-13 19:22:41,157 P1949397 INFO ----------------------------------------------------------------------------------------------------
2026-09-13 19:22:41,157 P1949397 INFO 15/50 starting... lr: 0.001 para:0.0625
2026-09-13 19:23:13,133 P1949397 INFO Epoch 15/50, all_loss:0.83611 cls_loss:0.85037 rec_loss:0.62223 [31.98s]; best loss:0.82642, patience : 1
2026-09-13 19:23:29,553 P1949397 INFO pr:0.8770  rc:0.9380  auc:0.9983 ap:0.9830 f1: 0.9065 pred_right: 1059312 pred_wrong:36888 actu_right: 1061709 actu_wrong: 34491
2026-09-13 19:23:36,933 P1949397 INFO pr:0.8788  rc:0.9394  auc:0.9984 ap:0.9826 f1: 0.9081 pred_right: 453972 pred_wrong:15828 actu_right: 454992 actu_wrong: 14808
2026-09-13 19:23:36,939 P1949397 INFO ----------------------------------------------------------------------------------------------------
2026-09-13 19:23:36,940 P1949397 INFO 16/50 starting... lr: 0.001 para:0.05882352963089943
2026-09-13 19:24:08,831 P1949397 INFO Epoch 16/50, all_loss:0.76927 cls_loss:0.77718 rec_loss:0.64258 [31.89s]; best loss:0.76927, patience : 0
2026-09-13 19:24:38,541 P1949397 INFO pr:0.8798  rc:0.9195  auc:0.9988 ap:0.9832 f1: 0.8992 pred_right: 1060154 pred_wrong:36046 actu_right: 1061711 actu_wrong: 34489
2026-09-13 19:24:45,226 P1949397 INFO pr:0.8813  rc:0.9211  auc:0.9987 ap:0.9826 f1: 0.9007 pred_right: 454324 pred_wrong:15476 actu_right: 454992 actu_wrong: 14808
2026-09-13 19:24:45,228 P1949397 INFO ----------------------------------------------------------------------------------------------------
2026-09-13 19:24:45,228 P1949397 INFO 17/50 starting... lr: 0.001 para:0.0555555559694767
2026-09-13 19:25:16,407 P1949397 INFO Epoch 17/50, all_loss:0.74533 cls_loss:0.74978 rec_loss:0.66976 [31.17s]; best loss:0.74533, patience : 0
2026-09-13 19:25:33,008 P1949397 INFO pr:0.8693  rc:0.9487  auc:0.9989 ap:0.9837 f1: 0.9072 pred_right: 1058559 pred_wrong:37641 actu_right: 1061708 actu_wrong: 34492
2026-09-13 19:25:39,988 P1949397 INFO pr:0.8689  rc:0.9487  auc:0.9987 ap:0.9821 f1: 0.9071 pred_right: 453632 pred_wrong:16168 actu_right: 454992 actu_wrong: 14808
2026-09-13 19:25:39,993 P1949397 INFO ----------------------------------------------------------------------------------------------------
2026-09-13 19:25:39,994 P1949397 INFO 18/50 starting... lr: 0.001 para:0.05263157933950424
2026-09-13 19:26:10,779 P1949397 INFO Epoch 18/50, all_loss:0.72340 cls_loss:0.72477 rec_loss:0.69884 [30.78s]; best loss:0.72340, patience : 0
2026-09-13 19:26:38,987 P1949397 INFO pr:0.9183  rc:0.8988  auc:0.9989 ap:0.9857 f1: 0.9085 pred_right: 1062440 pred_wrong:33760 actu_right: 1061707 actu_wrong: 34493
2026-09-13 19:26:46,599 P1949397 INFO pr:0.9173  rc:0.8976  auc:0.9988 ap:0.9848 f1: 0.9073 pred_right: 455309 pred_wrong:14491 actu_right: 454992 actu_wrong: 14808
2026-09-13 19:26:46,605 P1949397 INFO ----------------------------------------------------------------------------------------------------
2026-09-13 19:26:46,605 P1949397 INFO 19/50 starting... lr: 0.001 para:0.05000000074505806
2026-09-13 19:27:18,459 P1949397 INFO Epoch 19/50, all_loss:0.69087 cls_loss:0.68942 rec_loss:0.71854 [31.85s]; best loss:0.69087, patience : 0
2026-09-13 19:27:35,417 P1949397 INFO pr:0.8943  rc:0.9441  auc:0.9985 ap:0.9863 f1: 0.9186 pred_right: 1059789 pred_wrong:36411 actu_right: 1061708 actu_wrong: 34492
2026-09-13 19:27:42,671 P1949397 INFO pr:0.8927  rc:0.9440  auc:0.9986 ap:0.9861 f1: 0.9176 pred_right: 454140 pred_wrong:15660 actu_right: 454992 actu_wrong: 14808
2026-09-13 19:27:42,677 P1949397 INFO ----------------------------------------------------------------------------------------------------
2026-09-13 19:27:42,677 P1949397 INFO 20/50 starting... lr: 0.001 para:0.0476190485060215
2026-09-13 19:28:16,646 P1949397 INFO Epoch 20/50, all_loss:0.67067 cls_loss:0.66704 rec_loss:0.74331 [33.96s]; best loss:0.67067, patience : 0
2026-09-13 19:28:30,581 P1949397 INFO pr:0.9214  rc:0.9129  auc:0.9989 ap:0.9871 f1: 0.9171 pred_right: 1062027 pred_wrong:34173 actu_right: 1061711 actu_wrong: 34489
2026-09-13 19:28:50,253 P1949397 INFO pr:0.9208  rc:0.9113  auc:0.9989 ap:0.9871 f1: 0.9161 pred_right: 455145 pred_wrong:14655 actu_right: 454992 actu_wrong: 14808
2026-09-13 19:28:50,255 P1949397 INFO ----------------------------------------------------------------------------------------------------
2026-09-13 19:28:50,255 P1949397 INFO 21/50 starting... lr: 0.001 para:0.04545454680919647
2026-09-13 19:29:20,880 P1949397 INFO Epoch 21/50, all_loss:0.64683 cls_loss:0.64091 rec_loss:0.77117 [30.62s]; best loss:0.64683, patience : 0
2026-09-13 19:29:38,058 P1949397 INFO pr:0.9090  rc:0.9318  auc:0.9991 ap:0.9872 f1: 0.9203 pred_right: 1060841 pred_wrong:35359 actu_right: 1061704 actu_wrong: 34496
2026-09-13 19:29:44,991 P1949397 INFO pr:0.9075  rc:0.9331  auc:0.9989 ap:0.9868 f1: 0.9201 pred_right: 454574 pred_wrong:15226 actu_right: 454992 actu_wrong: 14808
2026-09-13 19:29:44,997 P1949397 INFO ----------------------------------------------------------------------------------------------------
2026-09-13 19:29:44,997 P1949397 INFO 22/50 starting... lr: 0.001 para:0.043478261679410934
2026-09-13 19:30:17,899 P1949397 INFO Epoch 22/50, all_loss:0.62378 cls_loss:0.61617 rec_loss:0.79111 [32.89s]; best loss:0.62378, patience : 0
2026-09-13 19:30:33,395 P1949397 INFO pr:0.8975  rc:0.9493  auc:0.9991 ap:0.9884 f1: 0.9226 pred_right: 1059724 pred_wrong:36476 actu_right: 1061715 actu_wrong: 34485
2026-09-13 19:30:39,710 P1949397 INFO pr:0.8973  rc:0.9475  auc:0.9990 ap:0.9876 f1: 0.9217 pred_right: 454165 pred_wrong:15635 actu_right: 454992 actu_wrong: 14808
2026-09-13 19:30:39,715 P1949397 INFO ----------------------------------------------------------------------------------------------------
2026-09-13 19:30:39,715 P1949397 INFO 23/50 starting... lr: 0.001 para:0.0416666679084301
2026-09-13 19:31:22,986 P1949397 INFO Epoch 23/50, all_loss:0.59487 cls_loss:0.58563 rec_loss:0.80730 [43.26s]; best loss:0.59487, patience : 0
2026-09-13 19:31:39,382 P1949397 INFO pr:0.9199  rc:0.9380  auc:0.9992 ap:0.9888 f1: 0.9289 pred_right: 1061029 pred_wrong:35171 actu_right: 1061708 actu_wrong: 34492
2026-09-13 19:31:46,281 P1949397 INFO pr:0.9194  rc:0.9362  auc:0.9991 ap:0.9880 f1: 0.9277 pred_right: 454721 pred_wrong:15079 actu_right: 454992 actu_wrong: 14808
2026-09-13 19:31:46,288 P1949397 INFO ----------------------------------------------------------------------------------------------------
2026-09-13 19:31:46,288 P1949397 INFO 24/50 starting... lr: 0.001 para:0.03999999910593033
2026-09-13 19:32:19,660 P1949397 INFO Epoch 24/50, all_loss:0.58242 cls_loss:0.57261 rec_loss:0.81782 [33.36s]; best loss:0.58242, patience : 0
2026-09-13 19:32:38,541 P1949397 INFO pr:0.9381  rc:0.9052  auc:0.9991 ap:0.9905 f1: 0.9213 pred_right: 1062921 pred_wrong:33279 actu_right: 1061712 actu_wrong: 34488
2026-09-13 19:32:43,372 P1949397 INFO pr:0.9377  rc:0.9041  auc:0.9991 ap:0.9896 f1: 0.9206 pred_right: 455522 pred_wrong:14278 actu_right: 454992 actu_wrong: 14808
2026-09-13 19:32:43,373 P1949397 INFO ----------------------------------------------------------------------------------------------------
2026-09-13 19:32:43,374 P1949397 INFO 25/50 starting... lr: 0.001 para:0.03846153989434242
2026-09-13 19:33:25,398 P1949397 INFO Epoch 25/50, all_loss:0.57536 cls_loss:0.56488 rec_loss:0.83711 [42.02s]; best loss:0.57536, patience : 0
2026-09-13 19:33:41,632 P1949397 INFO pr:0.9145  rc:0.9465  auc:0.9992 ap:0.9896 f1: 0.9302 pred_right: 1060501 pred_wrong:35699 actu_right: 1061711 actu_wrong: 34489
2026-09-13 19:33:48,932 P1949397 INFO pr:0.9151  rc:0.9467  auc:0.9991 ap:0.9889 f1: 0.9307 pred_right: 454481 pred_wrong:15319 actu_right: 454992 actu_wrong: 14808
2026-09-13 19:33:48,938 P1949397 INFO ----------------------------------------------------------------------------------------------------
2026-09-13 19:33:48,938 P1949397 INFO 26/50 starting... lr: 0.001 para:0.03703703731298447
2026-09-13 19:34:20,949 P1949397 INFO Epoch 26/50, all_loss:0.60022 cls_loss:0.59021 rec_loss:0.86039 [32.01s]; best loss:0.57536, patience : 1
2026-09-13 19:34:38,609 P1949397 INFO pr:0.9141  rc:0.9390  auc:0.9993 ap:0.9899 f1: 0.9264 pred_right: 1060772 pred_wrong:35428 actu_right: 1061709 actu_wrong: 34491
2026-09-13 19:34:47,804 P1949397 INFO pr:0.9125  rc:0.9355  auc:0.9992 ap:0.9889 f1: 0.9238 pred_right: 454618 pred_wrong:15182 actu_right: 454992 actu_wrong: 14808
2026-09-13 19:34:47,805 P1949397 INFO ----------------------------------------------------------------------------------------------------
2026-09-13 19:34:47,805 P1949397 INFO 27/50 starting... lr: 0.001 para:0.0357142873108387
2026-09-13 19:35:28,736 P1949397 INFO Epoch 27/50, all_loss:0.54299 cls_loss:0.53104 rec_loss:0.86572 [40.92s]; best loss:0.54299, patience : 0
2026-09-13 19:35:45,895 P1949397 INFO pr:0.9410  rc:0.9011  auc:0.9991 ap:0.9907 f1: 0.9206 pred_right: 1063171 pred_wrong:33029 actu_right: 1061709 actu_wrong: 34491
2026-09-13 19:35:52,455 P1949397 INFO pr:0.9397  rc:0.9014  auc:0.9991 ap:0.9906 f1: 0.9201 pred_right: 455595 pred_wrong:14205 actu_right: 454992 actu_wrong: 14808
2026-09-13 19:35:52,456 P1949397 INFO ----------------------------------------------------------------------------------------------------
2026-09-13 19:35:52,456 P1949397 INFO 28/50 starting... lr: 0.001 para:0.03448275849223137
2026-09-13 19:36:24,816 P1949397 INFO Epoch 28/50, all_loss:0.56446 cls_loss:0.55289 rec_loss:0.88852 [32.36s]; best loss:0.54299, patience : 1
2026-09-13 19:36:41,711 P1949397 INFO pr:0.9327  rc:0.9357  auc:0.9993 ap:0.9918 f1: 0.9342 pred_right: 1061599 pred_wrong:34601 actu_right: 1061710 actu_wrong: 34490
2026-09-13 19:36:48,869 P1949397 INFO pr:0.9319  rc:0.9353  auc:0.9992 ap:0.9909 f1: 0.9336 pred_right: 454938 pred_wrong:14862 actu_right: 454992 actu_wrong: 14808
2026-09-13 19:36:48,876 P1949397 INFO ----------------------------------------------------------------------------------------------------
2026-09-13 19:36:48,876 P1949397 INFO 29/50 starting... lr: 0.001 para:0.03333333507180214
2026-09-13 19:37:30,875 P1949397 INFO Epoch 29/50, all_loss:0.52205 cls_loss:0.50887 rec_loss:0.90443 [41.99s]; best loss:0.52205, patience : 0
2026-09-13 19:37:49,074 P1949397 INFO pr:0.9367  rc:0.9330  auc:0.9993 ap:0.9921 f1: 0.9348 pred_right: 1061848 pred_wrong:34352 actu_right: 1061713 actu_wrong: 34487
2026-09-13 19:37:56,388 P1949397 INFO pr:0.9375  rc:0.9312  auc:0.9992 ap:0.9917 f1: 0.9343 pred_right: 455092 pred_wrong:14708 actu_right: 454992 actu_wrong: 14808
2026-09-13 19:37:56,394 P1949397 INFO ----------------------------------------------------------------------------------------------------
2026-09-13 19:37:56,394 P1949397 INFO 30/50 starting... lr: 0.001 para:0.032258063554763794
2026-09-13 19:38:27,981 P1949397 INFO Epoch 30/50, all_loss:0.50452 cls_loss:0.49088 rec_loss:0.91377 [31.58s]; best loss:0.50452, patience : 0
2026-09-13 19:38:44,813 P1949397 INFO pr:0.9339  rc:0.9203  auc:0.9994 ap:0.9912 f1: 0.9270 pred_right: 1062215 pred_wrong:33985 actu_right: 1061713 actu_wrong: 34487
2026-09-13 19:38:52,431 P1949397 INFO pr:0.9332  rc:0.9191  auc:0.9993 ap:0.9906 f1: 0.9261 pred_right: 455216 pred_wrong:14584 actu_right: 454992 actu_wrong: 14808
2026-09-13 19:38:52,432 P1949397 INFO ----------------------------------------------------------------------------------------------------
2026-09-13 19:38:52,433 P1949397 INFO 31/50 starting... lr: 0.001 para:0.03125
2026-09-13 19:39:26,042 P1949397 INFO Epoch 31/50, all_loss:0.51529 cls_loss:0.50187 rec_loss:0.93134 [33.60s]; best loss:0.50452, patience : 1
2026-09-13 19:39:53,935 P1949397 INFO pr:0.9183  rc:0.9612  auc:0.9994 ap:0.9926 f1: 0.9393 pred_right: 1060096 pred_wrong:36104 actu_right: 1061710 actu_wrong: 34490
2026-09-13 19:40:01,173 P1949397 INFO pr:0.9200  rc:0.9591  auc:0.9993 ap:0.9917 f1: 0.9392 pred_right: 454362 pred_wrong:15438 actu_right: 454992 actu_wrong: 14808
2026-09-13 19:40:01,179 P1949397 INFO ----------------------------------------------------------------------------------------------------
2026-09-13 19:40:01,181 P1949397 INFO 32/50 starting... lr: 0.001 para:0.03030303120613098
2026-09-13 19:40:32,988 P1949397 INFO Epoch 32/50, all_loss:0.50284 cls_loss:0.48916 rec_loss:0.94047 [31.80s]; best loss:0.50284, patience : 0
2026-09-13 19:40:49,799 P1949397 INFO pr:0.9404  rc:0.9372  auc:0.9993 ap:0.9927 f1: 0.9388 pred_right: 1061830 pred_wrong:34370 actu_right: 1061712 actu_wrong: 34488
2026-09-13 19:40:57,399 P1949397 INFO pr:0.9383  rc:0.9350  auc:0.9992 ap:0.9921 f1: 0.9366 pred_right: 455044 pred_wrong:14756 actu_right: 454992 actu_wrong: 14808
2026-09-13 19:40:57,400 P1949397 INFO ----------------------------------------------------------------------------------------------------
2026-09-13 19:40:57,400 P1949397 INFO 33/50 starting... lr: 0.001 para:0.029411764815449715
2026-09-13 19:41:29,358 P1949397 INFO Epoch 33/50, all_loss:0.47381 cls_loss:0.45967 rec_loss:0.94042 [31.95s]; best loss:0.47381, patience : 0
2026-09-13 19:41:58,476 P1949397 INFO pr:0.9307  rc:0.9380  auc:0.9994 ap:0.9920 f1: 0.9343 pred_right: 1061442 pred_wrong:34758 actu_right: 1061712 actu_wrong: 34488
2026-09-13 19:42:06,252 P1949397 INFO pr:0.9291  rc:0.9359  auc:0.9992 ap:0.9909 f1: 0.9325 pred_right: 454883 pred_wrong:14917 actu_right: 454992 actu_wrong: 14808
2026-09-13 19:42:06,254 P1949397 INFO ----------------------------------------------------------------------------------------------------
2026-09-13 19:42:06,254 P1949397 INFO 34/50 starting... lr: 0.001 para:0.02857142873108387
2026-09-13 19:42:38,022 P1949397 INFO Epoch 34/50, all_loss:0.47190 cls_loss:0.45712 rec_loss:0.97429 [31.76s]; best loss:0.47190, patience : 0
2026-09-13 19:42:55,568 P1949397 INFO pr:0.9306  rc:0.9529  auc:0.9995 ap:0.9933 f1: 0.9416 pred_right: 1060884 pred_wrong:35316 actu_right: 1061708 actu_wrong: 34492
2026-09-13 19:43:02,912 P1949397 INFO pr:0.9293  rc:0.9516  auc:0.9994 ap:0.9923 f1: 0.9403 pred_right: 454637 pred_wrong:15163 actu_right: 454992 actu_wrong: 14808
2026-09-13 19:43:02,918 P1949397 INFO ----------------------------------------------------------------------------------------------------
2026-09-13 19:43:02,919 P1949397 INFO 35/50 starting... lr: 0.001 para:0.02777777798473835
2026-09-13 19:43:35,700 P1949397 INFO Epoch 35/50, all_loss:0.47045 cls_loss:0.45589 rec_loss:0.98004 [32.78s]; best loss:0.47045, patience : 0
2026-09-13 19:44:03,961 P1949397 INFO pr:0.9394  rc:0.9417  auc:0.9995 ap:0.9919 f1: 0.9405 pred_right: 1061629 pred_wrong:34571 actu_right: 1061714 actu_wrong: 34486
2026-09-13 19:44:11,580 P1949397 INFO pr:0.9383  rc:0.9411  auc:0.9994 ap:0.9914 f1: 0.9397 pred_right: 454948 pred_wrong:14852 actu_right: 454992 actu_wrong: 14808
2026-09-13 19:44:11,581 P1949397 INFO ----------------------------------------------------------------------------------------------------
2026-09-13 19:44:11,581 P1949397 INFO 36/50 starting... lr: 0.001 para:0.027027027681469917
2026-09-13 19:44:43,665 P1949397 INFO Epoch 36/50, all_loss:0.49671 cls_loss:0.48285 rec_loss:0.99566 [32.08s]; best loss:0.47045, patience : 1
2026-09-13 19:45:00,936 P1949397 INFO pr:0.9537  rc:0.9099  auc:0.9994 ap:0.9933 f1: 0.9313 pred_right: 1063295 pred_wrong:32905 actu_right: 1061711 actu_wrong: 34489
2026-09-13 19:45:07,677 P1949397 INFO pr:0.9503  rc:0.9077  auc:0.9993 ap:0.9925 f1: 0.9285 pred_right: 455656 pred_wrong:14144 actu_right: 454992 actu_wrong: 14808
2026-09-13 19:45:07,678 P1949397 INFO ----------------------------------------------------------------------------------------------------
2026-09-13 19:45:07,685 P1949397 INFO 37/50 starting... lr: 0.001 para:0.02631578966975212
2026-09-13 19:45:42,826 P1949397 INFO Epoch 37/50, all_loss:0.45995 cls_loss:0.44559 rec_loss:0.99124 [35.14s]; best loss:0.45995, patience : 0
2026-09-13 19:45:57,573 P1949397 INFO pr:0.9134  rc:0.9703  auc:0.9995 ap:0.9928 f1: 0.9410 pred_right: 1059562 pred_wrong:36638 actu_right: 1061708 actu_wrong: 34492
2026-09-13 19:46:16,586 P1949397 INFO pr:0.9132  rc:0.9679  auc:0.9994 ap:0.9921 f1: 0.9397 pred_right: 454106 pred_wrong:15694 actu_right: 454992 actu_wrong: 14808
2026-09-13 19:46:16,587 P1949397 INFO ----------------------------------------------------------------------------------------------------
2026-09-13 19:46:16,587 P1949397 INFO 38/50 starting... lr: 0.001 para:0.025641025975346565
2026-09-13 19:46:49,639 P1949397 INFO Epoch 38/50, all_loss:0.44086 cls_loss:0.42607 rec_loss:1.00278 [33.04s]; best loss:0.44086, patience : 0
2026-09-13 19:47:06,342 P1949397 INFO pr:0.9433  rc:0.9504  auc:0.9994 ap:0.9939 f1: 0.9468 pred_right: 1061453 pred_wrong:34747 actu_right: 1061712 actu_wrong: 34488
2026-09-13 19:47:14,019 P1949397 INFO pr:0.9424  rc:0.9488  auc:0.9993 ap:0.9932 f1: 0.9456 pred_right: 454892 pred_wrong:14908 actu_right: 454992 actu_wrong: 14808
2026-09-13 19:47:14,025 P1949397 INFO ----------------------------------------------------------------------------------------------------
2026-09-13 19:47:14,025 P1949397 INFO 39/50 starting... lr: 0.001 para:0.02500000037252903
2026-09-13 19:47:47,757 P1949397 INFO Epoch 39/50, all_loss:0.45854 cls_loss:0.44439 rec_loss:1.01049 [33.73s]; best loss:0.44086, patience : 1
2026-09-13 19:48:02,541 P1949397 INFO pr:0.9338  rc:0.9577  auc:0.9995 ap:0.9931 f1: 0.9456 pred_right: 1060827 pred_wrong:35373 actu_right: 1061711 actu_wrong: 34489
2026-09-13 19:48:14,176 P1949397 INFO pr:0.9308  rc:0.9544  auc:0.9994 ap:0.9920 f1: 0.9425 pred_right: 454617 pred_wrong:15183 actu_right: 454992 actu_wrong: 14808
2026-09-13 19:48:14,179 P1949397 INFO ----------------------------------------------------------------------------------------------------
2026-09-13 19:48:14,179 P1949397 INFO 40/50 starting... lr: 0.001 para:0.024390242993831635
2026-09-13 19:48:54,734 P1949397 INFO Epoch 40/50, all_loss:0.45248 cls_loss:0.43853 rec_loss:1.01071 [40.55s]; best loss:0.44086, patience : 1
2026-09-13 19:49:12,025 P1949397 INFO pr:0.9169  rc:0.9624  auc:0.9994 ap:0.9940 f1: 0.9391 pred_right: 1059997 pred_wrong:36203 actu_right: 1061708 actu_wrong: 34492
2026-09-13 19:49:18,825 P1949397 INFO pr:0.9130  rc:0.9597  auc:0.9994 ap:0.9932 f1: 0.9358 pred_right: 454235 pred_wrong:15565 actu_right: 454992 actu_wrong: 14808
2026-09-13 19:49:18,826 P1949397 INFO ----------------------------------------------------------------------------------------------------
2026-09-13 19:49:18,826 P1949397 INFO 41/50 starting... lr: 0.001 para:0.02380952425301075
2026-09-13 19:49:53,245 P1949397 INFO Epoch 41/50, all_loss:0.45017 cls_loss:0.43619 rec_loss:1.02354 [34.42s]; best loss:0.44086, patience : 1
2026-09-13 19:50:09,822 P1949397 INFO pr:0.9478  rc:0.9453  auc:0.9996 ap:0.9943 f1: 0.9466 pred_right: 1061805 pred_wrong:34395 actu_right: 1061713 actu_wrong: 34487
2026-09-13 19:50:15,807 P1949397 INFO pr:0.9463  rc:0.9404  auc:0.9995 ap:0.9932 f1: 0.9433 pred_right: 455083 pred_wrong:14717 actu_right: 454992 actu_wrong: 14808
2026-09-13 19:50:15,808 P1949397 INFO ----------------------------------------------------------------------------------------------------
2026-09-13 19:50:15,808 P1949397 INFO 42/50 starting... lr: 0.001 para:0.023255813866853714
2026-09-13 19:51:00,244 P1949397 INFO Epoch 42/50, all_loss:0.43494 cls_loss:0.42076 rec_loss:1.03050 [44.43s]; best loss:0.43494, patience : 0
2026-09-13 19:51:17,550 P1949397 INFO pr:0.9092  rc:0.9811  auc:0.9995 ap:0.9941 f1: 0.9438 pred_right: 1058984 pred_wrong:37216 actu_right: 1061710 actu_wrong: 34490
2026-09-13 19:51:24,667 P1949397 INFO pr:0.9063  rc:0.9766  auc:0.9994 ap:0.9930 f1: 0.9401 pred_right: 453844 pred_wrong:15956 actu_right: 454992 actu_wrong: 14808
2026-09-13 19:51:24,668 P1949397 INFO ----------------------------------------------------------------------------------------------------
2026-09-13 19:51:24,669 P1949397 INFO 43/50 starting... lr: 0.001 para:0.022727273404598236
2026-09-13 19:51:57,326 P1949397 INFO Epoch 43/50, all_loss:0.44146 cls_loss:0.42802 rec_loss:1.01918 [32.66s]; best loss:0.43494, patience : 1
2026-09-13 19:52:15,232 P1949397 INFO pr:0.9420  rc:0.9584  auc:0.9995 ap:0.9948 f1: 0.9501 pred_right: 1061114 pred_wrong:35086 actu_right: 1061712 actu_wrong: 34488
2026-09-13 19:52:20,745 P1949397 INFO pr:0.9408  rc:0.9549  auc:0.9995 ap:0.9939 f1: 0.9478 pred_right: 454770 pred_wrong:15030 actu_right: 454992 actu_wrong: 14808
2026-09-13 19:52:20,750 P1949397 INFO ----------------------------------------------------------------------------------------------------
2026-09-13 19:52:20,750 P1949397 INFO 44/50 starting... lr: 0.001 para:0.02222222276031971
2026-09-13 19:53:04,129 P1949397 INFO Epoch 44/50, all_loss:0.43116 cls_loss:0.41732 rec_loss:1.04021 [43.37s]; best loss:0.43116, patience : 0
2026-09-13 19:53:20,700 P1949397 INFO pr:0.9336  rc:0.9680  auc:0.9993 ap:0.9941 f1: 0.9505 pred_right: 1060442 pred_wrong:35758 actu_right: 1061711 actu_wrong: 34489
2026-09-13 19:53:27,740 P1949397 INFO pr:0.9309  rc:0.9656  auc:0.9993 ap:0.9934 f1: 0.9479 pred_right: 454441 pred_wrong:15359 actu_right: 454992 actu_wrong: 14808
2026-09-13 19:53:27,746 P1949397 INFO ----------------------------------------------------------------------------------------------------
2026-09-13 19:53:27,746 P1949397 INFO 45/50 starting... lr: 0.001 para:0.021739130839705467
2026-09-13 19:54:01,350 P1949397 INFO Epoch 45/50, all_loss:0.41860 cls_loss:0.40429 rec_loss:1.06272 [33.60s]; best loss:0.41860, patience : 0
2026-09-13 19:54:19,046 P1949397 INFO pr:0.9395  rc:0.9581  auc:0.9994 ap:0.9943 f1: 0.9487 pred_right: 1061027 pred_wrong:35173 actu_right: 1061710 actu_wrong: 34490
2026-09-13 19:54:26,191 P1949397 INFO pr:0.9388  rc:0.9546  auc:0.9993 ap:0.9934 f1: 0.9466 pred_right: 454743 pred_wrong:15057 actu_right: 454992 actu_wrong: 14808
2026-09-13 19:54:26,192 P1949397 INFO ----------------------------------------------------------------------------------------------------
2026-09-13 19:54:26,192 P1949397 INFO 46/50 starting... lr: 0.001 para:0.021276595070958138
2026-09-13 19:55:08,863 P1949397 INFO Epoch 46/50, all_loss:0.43501 cls_loss:0.42148 rec_loss:1.05767 [42.67s]; best loss:0.41860, patience : 1
2026-09-13 19:55:25,433 P1949397 INFO pr:0.9478  rc:0.9272  auc:0.9995 ap:0.9935 f1: 0.9373 pred_right: 1062457 pred_wrong:33743 actu_right: 1061708 actu_wrong: 34492
2026-09-13 19:55:32,632 P1949397 INFO pr:0.9463  rc:0.9253  auc:0.9994 ap:0.9928 f1: 0.9357 pred_right: 455320 pred_wrong:14480 actu_right: 454992 actu_wrong: 14808
2026-09-13 19:55:32,633 P1949397 INFO ----------------------------------------------------------------------------------------------------
2026-09-13 19:55:32,633 P1949397 INFO 47/50 starting... lr: 0.001 para:0.02083333395421505
2026-09-13 19:56:06,006 P1949397 INFO Epoch 47/50, all_loss:0.40270 cls_loss:0.38887 rec_loss:1.05280 [33.37s]; best loss:0.40270, patience : 0
2026-09-13 19:56:23,198 P1949397 INFO pr:0.9329  rc:0.9724  auc:0.9996 ap:0.9948 f1: 0.9522 pred_right: 1060247 pred_wrong:35953 actu_right: 1061708 actu_wrong: 34492
2026-09-13 19:56:31,023 P1949397 INFO pr:0.9297  rc:0.9686  auc:0.9994 ap:0.9939 f1: 0.9487 pred_right: 454372 pred_wrong:15428 actu_right: 454992 actu_wrong: 14808
2026-09-13 19:56:31,029 P1949397 INFO ----------------------------------------------------------------------------------------------------
2026-09-13 19:56:31,029 P1949397 INFO 48/50 starting... lr: 0.001 para:0.020408162847161293
2026-09-13 19:57:12,536 P1949397 INFO Epoch 48/50, all_loss:0.41965 cls_loss:0.40607 rec_loss:1.07157 [41.51s]; best loss:0.40270, patience : 1
2026-09-13 19:57:29,608 P1949397 INFO pr:0.9533  rc:0.9282  auc:0.9994 ap:0.9941 f1: 0.9406 pred_right: 1062619 pred_wrong:33581 actu_right: 1061710 actu_wrong: 34490
2026-09-13 19:57:36,668 P1949397 INFO pr:0.9528  rc:0.9252  auc:0.9994 ap:0.9934 f1: 0.9388 pred_right: 455420 pred_wrong:14380 actu_right: 454992 actu_wrong: 14808
2026-09-13 19:57:36,669 P1949397 INFO ----------------------------------------------------------------------------------------------------
2026-09-13 19:57:36,676 P1949397 INFO 49/50 starting... lr: 0.001 para:0.019999999552965164
2026-09-13 19:58:08,426 P1949397 INFO Epoch 49/50, all_loss:0.40007 cls_loss:0.38601 rec_loss:1.08858 [31.74s]; best loss:0.40007, patience : 0
2026-09-13 19:58:26,365 P1949397 INFO pr:0.9484  rc:0.9594  auc:0.9995 ap:0.9953 f1: 0.9539 pred_right: 1061311 pred_wrong:34889 actu_right: 1061712 actu_wrong: 34488
2026-09-13 19:58:33,185 P1949397 INFO pr:0.9471  rc:0.9550  auc:0.9995 ap:0.9945 f1: 0.9510 pred_right: 454868 pred_wrong:14932 actu_right: 454992 actu_wrong: 14808
2026-09-13 19:58:33,191 P1949397 INFO saving model...
2026-09-13 19:58:33,192 P1949397 INFO FITS_Legendre - loss  best score:0.4000662863254547 at epoch 49
2026-09-13 19:58:33,200 P1949397 INFO FITS_Legendre - f1  best score:0.9538607895988584 at epoch 49
2026-09-13 19:58:33,207 P1949397 INFO Average training time per epoch: 36.36 seconds
2026-09-13 19:58:33,208 P1949397 INFO calculate scores...
2026-09-13 19:58:33,209 P1949397 INFO calculate label with loss...
2026-09-13 19:58:33,209 P1949397 INFO FITS_Legendre on ./result/server_only_exps/Ablations_updatedFreDF/FITS_Legendre-TT-Epochs50-Seed1-ExpNameRQ2z5_basis_degree_comparison-LPFLPF-Attnlinear_attn-NormLinTrue-RecLambda1.0-AuxiLambda0.2-lowshow-simplegraph-Degree3-BasisTypelaguerre loading...
2026-09-13 19:58:40,436 P1949397 INFO pr:0.9471  rc:0.9550  auc:0.9995 ap:0.9945 f1: 0.9510 pred_right: 454868 pred_wrong:14932 actu_right: 454992 actu_wrong: 14808
2026-09-13 19:58:52,180 P1949397 INFO pr:0.9471  rc:0.9550  auc:0.9995 ap:0.9945 f1: 0.9510 pred_right: 454868 pred_wrong:14932 actu_right: 454992 actu_wrong: 14808
2026-09-13 19:58:52,180 P1949397 INFO Performance Summary:
{'GPU': {'inference_time_per_sample_ms': 0.3681618481361223, 'throughput_samples_per_sec': 2716.196708221285, 'peak_memory_mb': 87.724609375, 'energy_per_sample_joules': 0.017872785079616194}, 'CPU': {'inference_time_per_sample_ms': 0.6357661481566051, 'throughput_samples_per_sec': 1572.9053880888212, 'peak_memory_mb': 5944.60546875, 'energy_per_sample_joules': 0.041324799630179335}}
2026-09-13 19:58:52,181 P1949397 INFO Starting clean-room hardware benchmarking...
2026-09-13 19:58:53,076 P1949397 INFO Performance with loss: pr:0.9471  rc:0.9550  auc:0.9995 ap:0.9945 f1: 0.9510 pred_right: 454868 pred_wrong:14932 actu_right: 454992 actu_wrong: 14808
2026-09-13 19:58:53,076 P1949397 INFO calculate label with f1...
2026-09-13 19:58:53,076 P1949397 INFO FITS_Legendre on ./result/server_only_exps/Ablations_updatedFreDF/FITS_Legendre-TT-Epochs50-Seed1-ExpNameRQ2z5_basis_degree_comparison-LPFLPF-Attnlinear_attn-NormLinTrue-RecLambda1.0-AuxiLambda0.2-lowshow-simplegraph-Degree3-BasisTypelaguerre loading...
2026-09-13 19:58:58,808 P1949397 INFO pr:0.9471  rc:0.9550  auc:0.9995 ap:0.9945 f1: 0.9510 pred_right: 454868 pred_wrong:14932 actu_right: 454992 actu_wrong: 14808
2026-09-13 19:59:25,530 P1949397 INFO pr:0.9471  rc:0.9550  auc:0.9995 ap:0.9945 f1: 0.9510 pred_right: 454868 pred_wrong:14932 actu_right: 454992 actu_wrong: 14808
2026-09-13 19:59:25,531 P1949397 INFO Performance Summary:
{'GPU': {'inference_time_per_sample_ms': 0.28571415757749713, 'throughput_samples_per_sec': 3500.0015696763644, 'peak_memory_mb': 87.220703125, 'energy_per_sample_joules': 0.014296136445626436}, 'CPU': {'inference_time_per_sample_ms': 1.4794442875377072, 'throughput_samples_per_sec': 675.9294746166726, 'peak_memory_mb': 5786.8203125, 'energy_per_sample_joules': 0.09616387868995097}}
2026-09-13 19:59:25,531 P1949397 INFO Starting clean-room hardware benchmarking...
2026-09-13 19:59:26,769 P1949397 INFO Performance with f1: pr:0.9471  rc:0.9550  auc:0.9995 ap:0.9945 f1: 0.9510 pred_right: 454868 pred_wrong:14932 actu_right: 454992 actu_wrong: 14808
2026-09-13 19:59:26,770 P1949397 INFO Collecting case-study samples...
