2026-07-20 10:23:17,358 P1701777 INFO ---- Model: ----MSTGAD-600fdaeb----random_seed : 1----req_loss_approach : Legendre-style----rec_lambda : 1.0----auxi_lambda : 0.2----Freq Domain : FreTS----Multi Fits : false----train : True----evaluate : False
2026-07-20 10:23:17,358 P1701777 INFO Load from /home/db2003/Desktop/Amr/Tests/Eadro/codes/chunks/TT
2026-07-20 10:23:35,717 P1701777 INFO Fewshot: training with 1.0 of the 70% of the data
2026-07-20 10:23:35,803 P1701777 INFO Trainable Parameters Breakdown:
2026-07-20 10:23:35,803 P1701777 INFO --------------------------------------------------------------------------------
2026-07-20 10:23:35,803 P1701777 INFO Reconstruction-Specific Parameters:
2026-07-20 10:23:35,803 P1701777 INFO node_emb.linear.weight                   | shape: (8, 7)                    | params: 56
2026-07-20 10:23:35,803 P1701777 INFO node_emb.linear.bias                     | shape: (8,)                      | params: 8
2026-07-20 10:23:35,803 P1701777 INFO log_emb.linear.weight                    | shape: (32, 60)                  | params: 1,920
2026-07-20 10:23:35,803 P1701777 INFO log_emb.linear.bias                      | shape: (32,)                     | params: 32
2026-07-20 10:23:35,803 P1701777 INFO egde_emb.linear.weight                   | shape: (8, 2)                    | params: 16
2026-07-20 10:23:35,803 P1701777 INFO egde_emb.linear.bias                     | shape: (8,)                      | params: 8
2026-07-20 10:23:35,803 P1701777 INFO dense_node.weight                        | shape: (7, 8)                    | params: 56
2026-07-20 10:23:35,804 P1701777 INFO dense_node.bias                          | shape: (7,)                      | params: 7
2026-07-20 10:23:35,804 P1701777 INFO dense_log.weight                         | shape: (60, 32)                  | params: 1,920
2026-07-20 10:23:35,804 P1701777 INFO dense_log.bias                           | shape: (60,)                     | params: 60
2026-07-20 10:23:35,804 P1701777 INFO dense_edge.weight                        | shape: (2, 8)                    | params: 16
2026-07-20 10:23:35,804 P1701777 INFO dense_edge.bias                          | shape: (2,)                      | params: 2
2026-07-20 10:23:35,804 P1701777 INFO linear_attn.Wq.weight                    | shape: (10, 10)                  | params: 100
2026-07-20 10:23:35,804 P1701777 INFO linear_attn.Wk.weight                    | shape: (10, 10)                  | params: 100
2026-07-20 10:23:35,804 P1701777 INFO linear_attn.Wv.weight                    | shape: (10, 10)                  | params: 100
2026-07-20 10:23:35,804 P1701777 INFO linear_attn.out.weight                   | shape: (10, 10)                  | params: 100
2026-07-20 10:23:35,804 P1701777 INFO linear_attn.out.bias                     | shape: (10,)                     | params: 10
2026-07-20 10:23:35,804 P1701777 INFO linear_attn.norm.weight                  | shape: (10,)                     | params: 10
2026-07-20 10:23:35,804 P1701777 INFO linear_attn.norm.bias                    | shape: (10,)                     | params: 10
2026-07-20 10:23:35,804 P1701777 INFO shared_fits.embeddings                   | shape: (1, 10)                   | params: 10
2026-07-20 10:23:35,804 P1701777 INFO shared_fits.r1                           | shape: (10, 10)                  | params: 100
2026-07-20 10:23:35,804 P1701777 INFO shared_fits.i1                           | shape: (10, 10)                  | params: 100
2026-07-20 10:23:35,804 P1701777 INFO shared_fits.rb1                          | shape: (10,)                     | params: 10
2026-07-20 10:23:35,804 P1701777 INFO shared_fits.ib1                          | shape: (10,)                     | params: 10
2026-07-20 10:23:35,804 P1701777 INFO shared_fits.r2                           | shape: (10, 10)                  | params: 100
2026-07-20 10:23:35,804 P1701777 INFO shared_fits.i2                           | shape: (10, 10)                  | params: 100
2026-07-20 10:23:35,804 P1701777 INFO shared_fits.rb2                          | shape: (10,)                     | params: 10
2026-07-20 10:23:35,804 P1701777 INFO shared_fits.ib2                          | shape: (10,)                     | params: 10
2026-07-20 10:23:35,805 P1701777 INFO shared_fits.fc.0.weight                  | shape: (10, 100)                 | params: 1,000
2026-07-20 10:23:35,805 P1701777 INFO shared_fits.fc.0.bias                    | shape: (10,)                     | params: 10
2026-07-20 10:23:35,805 P1701777 INFO shared_fits.fc.2.weight                  | shape: (10, 10)                  | params: 100
2026-07-20 10:23:35,805 P1701777 INFO shared_fits.fc.2.bias                    | shape: (10,)                     | params: 10
2026-07-20 10:23:35,805 P1701777 INFO modality_proj.node.weight                | shape: (10, 8)                   | params: 80
2026-07-20 10:23:35,805 P1701777 INFO modality_proj.node.bias                  | shape: (10,)                     | params: 10
2026-07-20 10:23:35,805 P1701777 INFO modality_proj.log.weight                 | shape: (10, 32)                  | params: 320
2026-07-20 10:23:35,805 P1701777 INFO modality_proj.log.bias                   | shape: (10,)                     | params: 10
2026-07-20 10:23:35,805 P1701777 INFO modality_proj.edge.weight                | shape: (10, 8)                   | params: 80
2026-07-20 10:23:35,805 P1701777 INFO modality_proj.edge.bias                  | shape: (10,)                     | params: 10
2026-07-20 10:23:35,805 P1701777 INFO modality_proj_out.node.weight            | shape: (8, 10)                   | params: 80
2026-07-20 10:23:35,805 P1701777 INFO modality_proj_out.node.bias              | shape: (8,)                      | params: 8
2026-07-20 10:23:35,805 P1701777 INFO modality_proj_out.log.weight             | shape: (32, 10)                  | params: 320
2026-07-20 10:23:35,805 P1701777 INFO modality_proj_out.log.bias               | shape: (32,)                     | params: 32
2026-07-20 10:23:35,805 P1701777 INFO modality_proj_out.edge.weight            | shape: (8, 10)                   | params: 80
2026-07-20 10:23:35,805 P1701777 INFO modality_proj_out.edge.bias              | shape: (8,)                      | params: 8
2026-07-20 10:23:35,805 P1701777 INFO Subtotal: 7,139
2026-07-20 10:23:35,805 P1701777 INFO --------------------------------------------------------------------------------
2026-07-20 10:23:35,805 P1701777 INFO Common Parameters:
2026-07-20 10:23:35,805 P1701777 INFO show.0.weight                            | shape: (128, 69)                 | params: 8,832
2026-07-20 10:23:35,805 P1701777 INFO show.0.bias                              | shape: (128,)                    | params: 128
2026-07-20 10:23:35,805 P1701777 INFO show.2.weight                            | shape: (2, 128)                  | params: 256
2026-07-20 10:23:35,806 P1701777 INFO show.2.bias                              | shape: (2,)                      | params: 2
2026-07-20 10:23:35,806 P1701777 INFO Subtotal: 9,218
2026-07-20 10:23:35,806 P1701777 INFO --------------------------------------------------------------------------------
2026-07-20 10:23:35,806 P1701777 INFO Total Trainable Parameters: 16,357

2026-07-20 10:23:35,806 P1701777 INFO Trainable Parameters: 16357, reconstruction: 7139, common: 9218
2026-07-20 10:23:35,806 P1701777 INFO model : init weight
2026-07-20 10:23:35,807 P1701777 INFO Using GPU...
2026-07-20 10:23:35,813 P1701777 INFO optimizer : using AdaBelief
2026-07-20 10:23:35,813 P1701777 INFO ----------------------------------------------------------------------------------------------------
2026-07-20 10:23:35,813 P1701777 INFO 0/50 starting... lr: 0.001 para:1.0
2026-07-20 10:24:02,156 P1701777 INFO Epoch 0/50, all_loss:0.08026 cls_loss:38.43483 rec_loss:0.08026 [26.34s]; best loss:0.08026, patience : 0
2026-07-20 10:24:02,156 P1701777 INFO ----------------------------------------------------------------------------------------------------
2026-07-20 10:24:02,156 P1701777 INFO 1/50 starting... lr: 0.001 para:0.5
2026-07-20 10:24:27,530 P1701777 INFO Epoch 1/50, all_loss:1.77543 cls_loss:3.27822 rec_loss:0.27264 [25.37s]; best loss:1.77543, patience : 0
2026-07-20 10:24:27,531 P1701777 INFO ----------------------------------------------------------------------------------------------------
2026-07-20 10:24:27,531 P1701777 INFO 2/50 starting... lr: 0.001 para:0.3333333432674408
2026-07-20 10:24:58,526 P1701777 INFO Epoch 2/50, all_loss:1.38692 cls_loss:1.94828 rec_loss:0.26420 [30.99s]; best loss:1.38692, patience : 0
2026-07-20 10:25:10,288 P1701777 INFO pr:0.8994  rc:0.5507  auc:0.9915 ap:0.9170 f1: 0.6831 pred_right: 1075081 pred_wrong:21119 actu_right: 1061710 actu_wrong: 34490
2026-07-20 10:25:15,202 P1701777 INFO pr:0.8992  rc:0.5484  auc:0.9915 ap:0.9174 f1: 0.6813 pred_right: 460769 pred_wrong:9031 actu_right: 454992 actu_wrong: 14808
2026-07-20 10:25:15,206 P1701777 INFO ----------------------------------------------------------------------------------------------------
2026-07-20 10:25:15,207 P1701777 INFO 3/50 starting... lr: 0.001 para:0.25
2026-07-20 10:25:41,128 P1701777 INFO Epoch 3/50, all_loss:1.37455 cls_loss:1.73770 rec_loss:0.28507 [25.92s]; best loss:1.37455, patience : 0
2026-07-20 10:25:52,895 P1701777 INFO pr:0.8670  rc:0.6129  auc:0.9937 ap:0.9353 f1: 0.7181 pred_right: 1071818 pred_wrong:24382 actu_right: 1061708 actu_wrong: 34492
2026-07-20 10:25:57,921 P1701777 INFO pr:0.8725  rc:0.6125  auc:0.9937 ap:0.9357 f1: 0.7197 pred_right: 459404 pred_wrong:10396 actu_right: 454992 actu_wrong: 14808
2026-07-20 10:25:57,926 P1701777 INFO ----------------------------------------------------------------------------------------------------
2026-07-20 10:25:57,929 P1701777 INFO 4/50 starting... lr: 0.001 para:0.20000000298023224
2026-07-20 10:26:29,314 P1701777 INFO Epoch 4/50, all_loss:1.26940 cls_loss:1.50172 rec_loss:0.34012 [31.38s]; best loss:1.26940, patience : 0
2026-07-20 10:26:41,096 P1701777 INFO pr:0.9323  rc:0.6016  auc:0.9952 ap:0.9506 f1: 0.7313 pred_right: 1073941 pred_wrong:22259 actu_right: 1061707 actu_wrong: 34493
2026-07-20 10:26:45,868 P1701777 INFO pr:0.9365  rc:0.5990  auc:0.9953 ap:0.9515 f1: 0.7307 pred_right: 460329 pred_wrong:9471 actu_right: 454992 actu_wrong: 14808
2026-07-20 10:26:45,873 P1701777 INFO ----------------------------------------------------------------------------------------------------
2026-07-20 10:26:45,876 P1701777 INFO 5/50 starting... lr: 0.001 para:0.1666666716337204
2026-07-20 10:27:11,240 P1701777 INFO Epoch 5/50, all_loss:1.14731 cls_loss:1.29267 rec_loss:0.42050 [25.36s]; best loss:1.14731, patience : 0
2026-07-20 10:27:22,989 P1701777 INFO pr:0.8627  rc:0.8188  auc:0.9971 ap:0.9644 f1: 0.8402 pred_right: 1063464 pred_wrong:32736 actu_right: 1061711 actu_wrong: 34489
2026-07-20 10:27:27,822 P1701777 INFO pr:0.8689  rc:0.8183  auc:0.9970 ap:0.9647 f1: 0.8428 pred_right: 455855 pred_wrong:13945 actu_right: 454992 actu_wrong: 14808
2026-07-20 10:27:27,827 P1701777 INFO ----------------------------------------------------------------------------------------------------
2026-07-20 10:27:27,827 P1701777 INFO 6/50 starting... lr: 0.001 para:0.1428571492433548
2026-07-20 10:28:00,473 P1701777 INFO Epoch 6/50, all_loss:1.05040 cls_loss:1.14171 rec_loss:0.50256 [32.64s]; best loss:1.05040, patience : 0
2026-07-20 10:28:12,599 P1701777 INFO pr:0.7839  rc:0.9299  auc:0.9969 ap:0.9666 f1: 0.8507 pred_right: 1055287 pred_wrong:40913 actu_right: 1061711 actu_wrong: 34489
2026-07-20 10:28:17,517 P1701777 INFO pr:0.7838  rc:0.9280  auc:0.9968 ap:0.9662 f1: 0.8498 pred_right: 452268 pred_wrong:17532 actu_right: 454992 actu_wrong: 14808
2026-07-20 10:28:17,522 P1701777 INFO ----------------------------------------------------------------------------------------------------
2026-07-20 10:28:17,522 P1701777 INFO 7/50 starting... lr: 0.001 para:0.125
2026-07-20 10:28:43,642 P1701777 INFO Epoch 7/50, all_loss:0.93843 cls_loss:0.99043 rec_loss:0.57442 [26.11s]; best loss:0.93843, patience : 0
2026-07-20 10:28:55,201 P1701777 INFO pr:0.8662  rc:0.9147  auc:0.9977 ap:0.9757 f1: 0.8898 pred_right: 1059782 pred_wrong:36418 actu_right: 1061713 actu_wrong: 34487
2026-07-20 10:29:00,224 P1701777 INFO pr:0.8695  rc:0.9146  auc:0.9977 ap:0.9755 f1: 0.8915 pred_right: 454224 pred_wrong:15576 actu_right: 454992 actu_wrong: 14808
2026-07-20 10:29:00,230 P1701777 INFO ----------------------------------------------------------------------------------------------------
2026-07-20 10:29:00,230 P1701777 INFO 8/50 starting... lr: 0.001 para:0.1111111119389534
2026-07-20 10:29:32,813 P1701777 INFO Epoch 8/50, all_loss:0.88644 cls_loss:0.91861 rec_loss:0.62906 [32.58s]; best loss:0.88644, patience : 0
2026-07-20 10:29:44,763 P1701777 INFO pr:0.8461  rc:0.9410  auc:0.9983 ap:0.9771 f1: 0.8911 pred_right: 1057840 pred_wrong:38360 actu_right: 1061709 actu_wrong: 34491
2026-07-20 10:29:49,770 P1701777 INFO pr:0.8490  rc:0.9401  auc:0.9983 ap:0.9768 f1: 0.8922 pred_right: 453403 pred_wrong:16397 actu_right: 454992 actu_wrong: 14808
2026-07-20 10:29:49,775 P1701777 INFO ----------------------------------------------------------------------------------------------------
2026-07-20 10:29:49,775 P1701777 INFO 9/50 starting... lr: 0.001 para:0.10000000149011612
2026-07-20 10:30:15,588 P1701777 INFO Epoch 9/50, all_loss:0.79510 cls_loss:0.81095 rec_loss:0.65238 [25.81s]; best loss:0.79510, patience : 0
2026-07-20 10:30:27,708 P1701777 INFO pr:0.9165  rc:0.8622  auc:0.9986 ap:0.9822 f1: 0.8885 pred_right: 1063752 pred_wrong:32448 actu_right: 1061708 actu_wrong: 34492
2026-07-20 10:30:32,764 P1701777 INFO pr:0.9188  rc:0.8612  auc:0.9986 ap:0.9818 f1: 0.8890 pred_right: 455921 pred_wrong:13879 actu_right: 454992 actu_wrong: 14808
2026-07-20 10:30:32,765 P1701777 INFO ----------------------------------------------------------------------------------------------------
2026-07-20 10:30:32,765 P1701777 INFO 10/50 starting... lr: 0.001 para:0.09090909361839294
2026-07-20 10:31:03,941 P1701777 INFO Epoch 10/50, all_loss:0.76663 cls_loss:0.77502 rec_loss:0.68271 [31.17s]; best loss:0.76663, patience : 0
2026-07-20 10:31:16,063 P1701777 INFO pr:0.8676  rc:0.9568  auc:0.9988 ap:0.9835 f1: 0.9100 pred_right: 1058167 pred_wrong:38033 actu_right: 1061710 actu_wrong: 34490
2026-07-20 10:31:21,002 P1701777 INFO pr:0.8711  rc:0.9561  auc:0.9988 ap:0.9834 f1: 0.9116 pred_right: 453547 pred_wrong:16253 actu_right: 454992 actu_wrong: 14808
2026-07-20 10:31:21,008 P1701777 INFO ----------------------------------------------------------------------------------------------------
2026-07-20 10:31:21,008 P1701777 INFO 11/50 starting... lr: 0.001 para:0.0833333358168602
2026-07-20 10:31:46,681 P1701777 INFO Epoch 11/50, all_loss:0.72762 cls_loss:0.73006 rec_loss:0.70077 [25.67s]; best loss:0.72762, patience : 0
2026-07-20 10:31:58,352 P1701777 INFO pr:0.8809  rc:0.9467  auc:0.9990 ap:0.9835 f1: 0.9126 pred_right: 1059133 pred_wrong:37067 actu_right: 1061709 actu_wrong: 34491
2026-07-20 10:32:03,278 P1701777 INFO pr:0.8815  rc:0.9427  auc:0.9989 ap:0.9825 f1: 0.9111 pred_right: 453965 pred_wrong:15835 actu_right: 454992 actu_wrong: 14808
2026-07-20 10:32:03,283 P1701777 INFO ----------------------------------------------------------------------------------------------------
2026-07-20 10:32:03,283 P1701777 INFO 12/50 starting... lr: 0.001 para:0.07692307978868484
2026-07-20 10:32:35,721 P1701777 INFO Epoch 12/50, all_loss:0.68962 cls_loss:0.68783 rec_loss:0.71115 [32.43s]; best loss:0.68962, patience : 0
2026-07-20 10:32:47,942 P1701777 INFO pr:0.8376  rc:0.9809  auc:0.9990 ap:0.9849 f1: 0.9036 pred_right: 1055809 pred_wrong:40391 actu_right: 1061710 actu_wrong: 34490
2026-07-20 10:32:52,769 P1701777 INFO pr:0.8395  rc:0.9793  auc:0.9989 ap:0.9843 f1: 0.9040 pred_right: 452525 pred_wrong:17275 actu_right: 454992 actu_wrong: 14808
2026-07-20 10:32:52,770 P1701777 INFO ----------------------------------------------------------------------------------------------------
2026-07-20 10:32:52,770 P1701777 INFO 13/50 starting... lr: 0.001 para:0.0714285746216774
2026-07-20 10:33:18,769 P1701777 INFO Epoch 13/50, all_loss:0.66762 cls_loss:0.66331 rec_loss:0.72362 [25.99s]; best loss:0.66762, patience : 0
2026-07-20 10:33:30,503 P1701777 INFO pr:0.9210  rc:0.9032  auc:0.9990 ap:0.9873 f1: 0.9120 pred_right: 1062374 pred_wrong:33826 actu_right: 1061708 actu_wrong: 34492
2026-07-20 10:33:35,665 P1701777 INFO pr:0.9219  rc:0.9044  auc:0.9989 ap:0.9868 f1: 0.9131 pred_right: 455272 pred_wrong:14528 actu_right: 454992 actu_wrong: 14808
2026-07-20 10:33:35,666 P1701777 INFO ----------------------------------------------------------------------------------------------------
2026-07-20 10:33:35,666 P1701777 INFO 14/50 starting... lr: 0.001 para:0.06666667014360428
2026-07-20 10:34:08,101 P1701777 INFO Epoch 14/50, all_loss:0.62770 cls_loss:0.61876 rec_loss:0.75274 [32.43s]; best loss:0.62770, patience : 0
2026-07-20 10:34:20,034 P1701777 INFO pr:0.8875  rc:0.9669  auc:0.9991 ap:0.9879 f1: 0.9255 pred_right: 1058626 pred_wrong:37574 actu_right: 1061711 actu_wrong: 34489
2026-07-20 10:34:25,294 P1701777 INFO pr:0.8898  rc:0.9645  auc:0.9991 ap:0.9872 f1: 0.9257 pred_right: 453750 pred_wrong:16050 actu_right: 454992 actu_wrong: 14808
2026-07-20 10:34:25,299 P1701777 INFO ----------------------------------------------------------------------------------------------------
2026-07-20 10:34:25,299 P1701777 INFO 15/50 starting... lr: 0.001 para:0.0625
2026-07-20 10:34:51,773 P1701777 INFO Epoch 15/50, all_loss:0.62397 cls_loss:0.61423 rec_loss:0.77007 [26.47s]; best loss:0.62397, patience : 0
2026-07-20 10:35:04,041 P1701777 INFO pr:0.9204  rc:0.9086  auc:0.9989 ap:0.9877 f1: 0.9145 pred_right: 1062158 pred_wrong:34042 actu_right: 1061716 actu_wrong: 34484
2026-07-20 10:35:09,111 P1701777 INFO pr:0.9211  rc:0.9075  auc:0.9989 ap:0.9870 f1: 0.9143 pred_right: 455210 pred_wrong:14590 actu_right: 454992 actu_wrong: 14808
2026-07-20 10:35:09,112 P1701777 INFO ----------------------------------------------------------------------------------------------------
2026-07-20 10:35:09,112 P1701777 INFO 16/50 starting... lr: 0.001 para:0.05882352963089943
2026-07-20 10:35:41,428 P1701777 INFO Epoch 16/50, all_loss:0.59999 cls_loss:0.58906 rec_loss:0.77492 [32.31s]; best loss:0.59999, patience : 0
2026-07-20 10:35:53,456 P1701777 INFO pr:0.8945  rc:0.9649  auc:0.9993 ap:0.9892 f1: 0.9284 pred_right: 1058989 pred_wrong:37211 actu_right: 1061704 actu_wrong: 34496
2026-07-20 10:35:58,466 P1701777 INFO pr:0.8948  rc:0.9608  auc:0.9992 ap:0.9883 f1: 0.9266 pred_right: 453899 pred_wrong:15901 actu_right: 454992 actu_wrong: 14808
2026-07-20 10:35:58,472 P1701777 INFO ----------------------------------------------------------------------------------------------------
2026-07-20 10:35:58,472 P1701777 INFO 17/50 starting... lr: 0.001 para:0.0555555559694767
2026-07-20 10:36:24,700 P1701777 INFO Epoch 17/50, all_loss:0.59370 cls_loss:0.58244 rec_loss:0.78520 [26.22s]; best loss:0.59370, patience : 0
2026-07-20 10:36:36,558 P1701777 INFO pr:0.9230  rc:0.9106  auc:0.9992 ap:0.9875 f1: 0.9168 pred_right: 1062179 pred_wrong:34021 actu_right: 1061714 actu_wrong: 34486
2026-07-20 10:36:41,640 P1701777 INFO pr:0.9242  rc:0.9084  auc:0.9991 ap:0.9868 f1: 0.9162 pred_right: 455246 pred_wrong:14554 actu_right: 454992 actu_wrong: 14808
2026-07-20 10:36:41,641 P1701777 INFO ----------------------------------------------------------------------------------------------------
2026-07-20 10:36:41,641 P1701777 INFO 18/50 starting... lr: 0.001 para:0.05263157933950424
2026-07-20 10:37:13,514 P1701777 INFO Epoch 18/50, all_loss:0.57735 cls_loss:0.56528 rec_loss:0.79464 [31.87s]; best loss:0.57735, patience : 0
2026-07-20 10:37:25,395 P1701777 INFO pr:0.9414  rc:0.8774  auc:0.9989 ap:0.9895 f1: 0.9083 pred_right: 1064052 pred_wrong:32148 actu_right: 1061707 actu_wrong: 34493
2026-07-20 10:37:30,436 P1701777 INFO pr:0.9398  rc:0.8755  auc:0.9989 ap:0.9889 f1: 0.9065 pred_right: 456005 pred_wrong:13795 actu_right: 454992 actu_wrong: 14808
2026-07-20 10:37:30,437 P1701777 INFO ----------------------------------------------------------------------------------------------------
2026-07-20 10:37:30,437 P1701777 INFO 19/50 starting... lr: 0.001 para:0.05000000074505806
2026-07-20 10:37:56,898 P1701777 INFO Epoch 19/50, all_loss:0.55070 cls_loss:0.53647 rec_loss:0.82117 [26.46s]; best loss:0.55070, patience : 0
2026-07-20 10:38:08,593 P1701777 INFO pr:0.9368  rc:0.8973  auc:0.9991 ap:0.9897 f1: 0.9166 pred_right: 1063162 pred_wrong:33038 actu_right: 1061709 actu_wrong: 34491
2026-07-20 10:38:14,113 P1701777 INFO pr:0.9382  rc:0.8980  auc:0.9991 ap:0.9893 f1: 0.9177 pred_right: 455626 pred_wrong:14174 actu_right: 454992 actu_wrong: 14808
2026-07-20 10:38:14,114 P1701777 INFO ----------------------------------------------------------------------------------------------------
2026-07-20 10:38:14,115 P1701777 INFO 20/50 starting... lr: 0.001 para:0.0476190485060215
2026-07-20 10:38:46,156 P1701777 INFO Epoch 20/50, all_loss:0.51476 cls_loss:0.49915 rec_loss:0.82698 [32.04s]; best loss:0.51476, patience : 0
2026-07-20 10:38:58,045 P1701777 INFO pr:0.9252  rc:0.9437  auc:0.9992 ap:0.9902 f1: 0.9344 pred_right: 1061022 pred_wrong:35178 actu_right: 1061713 actu_wrong: 34487
2026-07-20 10:39:02,977 P1701777 INFO pr:0.9251  rc:0.9388  auc:0.9992 ap:0.9895 f1: 0.9319 pred_right: 454772 pred_wrong:15028 actu_right: 454992 actu_wrong: 14808
2026-07-20 10:39:02,982 P1701777 INFO ----------------------------------------------------------------------------------------------------
2026-07-20 10:39:02,982 P1701777 INFO 21/50 starting... lr: 0.001 para:0.04545454680919647
2026-07-20 10:39:29,220 P1701777 INFO Epoch 21/50, all_loss:0.48795 cls_loss:0.47109 rec_loss:0.84201 [26.23s]; best loss:0.48795, patience : 0
2026-07-20 10:39:41,029 P1701777 INFO pr:0.9054  rc:0.9763  auc:0.9995 ap:0.9919 f1: 0.9395 pred_right: 1059005 pred_wrong:37195 actu_right: 1061705 actu_wrong: 34495
2026-07-20 10:39:47,005 P1701777 INFO pr:0.9068  rc:0.9729  auc:0.9993 ap:0.9910 f1: 0.9387 pred_right: 453913 pred_wrong:15887 actu_right: 454992 actu_wrong: 14808
2026-07-20 10:39:47,015 P1701777 INFO ----------------------------------------------------------------------------------------------------
2026-07-20 10:39:47,015 P1701777 INFO 22/50 starting... lr: 0.001 para:0.043478261679410934
2026-07-20 10:40:18,408 P1701777 INFO Epoch 22/50, all_loss:0.53083 cls_loss:0.51578 rec_loss:0.86196 [31.39s]; best loss:0.48795, patience : 1
2026-07-20 10:40:30,501 P1701777 INFO pr:0.9109  rc:0.9598  auc:0.9994 ap:0.9914 f1: 0.9347 pred_right: 1059856 pred_wrong:36344 actu_right: 1061709 actu_wrong: 34491
2026-07-20 10:40:35,628 P1701777 INFO pr:0.9114  rc:0.9578  auc:0.9992 ap:0.9909 f1: 0.9340 pred_right: 454239 pred_wrong:15561 actu_right: 454992 actu_wrong: 14808
2026-07-20 10:40:35,629 P1701777 INFO ----------------------------------------------------------------------------------------------------
2026-07-20 10:40:35,629 P1701777 INFO 23/50 starting... lr: 0.001 para:0.0416666679084301
2026-07-20 10:41:01,663 P1701777 INFO Epoch 23/50, all_loss:0.48053 cls_loss:0.46380 rec_loss:0.86533 [26.03s]; best loss:0.48053, patience : 0
2026-07-20 10:41:13,795 P1701777 INFO pr:0.9374  rc:0.9477  auc:0.9995 ap:0.9933 f1: 0.9425 pred_right: 1061337 pred_wrong:34863 actu_right: 1061716 actu_wrong: 34484
2026-07-20 10:41:18,669 P1701777 INFO pr:0.9384  rc:0.9455  auc:0.9994 ap:0.9926 f1: 0.9419 pred_right: 454880 pred_wrong:14920 actu_right: 454992 actu_wrong: 14808
2026-07-20 10:41:18,674 P1701777 INFO ----------------------------------------------------------------------------------------------------
2026-07-20 10:41:18,674 P1701777 INFO 24/50 starting... lr: 0.001 para:0.03999999910593033
2026-07-20 10:41:50,485 P1701777 INFO Epoch 24/50, all_loss:0.47441 cls_loss:0.45755 rec_loss:0.87897 [31.81s]; best loss:0.47441, patience : 0
2026-07-20 10:42:02,629 P1701777 INFO pr:0.9111  rc:0.9723  auc:0.9995 ap:0.9924 f1: 0.9407 pred_right: 1059398 pred_wrong:36802 actu_right: 1061714 actu_wrong: 34486
2026-07-20 10:42:07,599 P1701777 INFO pr:0.9115  rc:0.9685  auc:0.9993 ap:0.9915 f1: 0.9391 pred_right: 454066 pred_wrong:15734 actu_right: 454992 actu_wrong: 14808
2026-07-20 10:42:07,600 P1701777 INFO ----------------------------------------------------------------------------------------------------
2026-07-20 10:42:07,600 P1701777 INFO 25/50 starting... lr: 0.001 para:0.03846153989434242
2026-07-20 10:42:33,226 P1701777 INFO Epoch 25/50, all_loss:0.45956 cls_loss:0.44233 rec_loss:0.89044 [25.62s]; best loss:0.45956, patience : 0
2026-07-20 10:42:45,294 P1701777 INFO pr:0.9106  rc:0.9788  auc:0.9992 ap:0.9929 f1: 0.9435 pred_right: 1059127 pred_wrong:37073 actu_right: 1061711 actu_wrong: 34489
2026-07-20 10:42:50,228 P1701777 INFO pr:0.9101  rc:0.9758  auc:0.9993 ap:0.9922 f1: 0.9418 pred_right: 453923 pred_wrong:15877 actu_right: 454992 actu_wrong: 14808
2026-07-20 10:42:50,233 P1701777 INFO ----------------------------------------------------------------------------------------------------
2026-07-20 10:42:50,233 P1701777 INFO 26/50 starting... lr: 0.001 para:0.03703703731298447
2026-07-20 10:43:22,530 P1701777 INFO Epoch 26/50, all_loss:0.46601 cls_loss:0.44932 rec_loss:0.89995 [32.30s]; best loss:0.45956, patience : 1
2026-07-20 10:43:34,658 P1701777 INFO pr:0.9262  rc:0.9664  auc:0.9995 ap:0.9936 f1: 0.9459 pred_right: 1060212 pred_wrong:35988 actu_right: 1061708 actu_wrong: 34492
2026-07-20 10:43:39,564 P1701777 INFO pr:0.9246  rc:0.9612  auc:0.9994 ap:0.9927 f1: 0.9426 pred_right: 454406 pred_wrong:15394 actu_right: 454992 actu_wrong: 14808
2026-07-20 10:43:39,569 P1701777 INFO ----------------------------------------------------------------------------------------------------
2026-07-20 10:43:39,569 P1701777 INFO 27/50 starting... lr: 0.001 para:0.0357142873108387
2026-07-20 10:44:05,358 P1701777 INFO Epoch 27/50, all_loss:0.43283 cls_loss:0.41479 rec_loss:0.92006 [25.78s]; best loss:0.43283, patience : 0
2026-07-20 10:44:17,606 P1701777 INFO pr:0.9272  rc:0.9645  auc:0.9995 ap:0.9931 f1: 0.9455 pred_right: 1060329 pred_wrong:35871 actu_right: 1061714 actu_wrong: 34486
2026-07-20 10:44:22,829 P1701777 INFO pr:0.9285  rc:0.9611  auc:0.9994 ap:0.9924 f1: 0.9445 pred_right: 454472 pred_wrong:15328 actu_right: 454992 actu_wrong: 14808
2026-07-20 10:44:22,830 P1701777 INFO ----------------------------------------------------------------------------------------------------
2026-07-20 10:44:22,831 P1701777 INFO 28/50 starting... lr: 0.001 para:0.03448275849223137
2026-07-20 10:44:54,623 P1701777 INFO Epoch 28/50, all_loss:0.42593 cls_loss:0.40808 rec_loss:0.92565 [31.79s]; best loss:0.42593, patience : 0
2026-07-20 10:45:06,625 P1701777 INFO pr:0.9485  rc:0.9464  auc:0.9996 ap:0.9943 f1: 0.9474 pred_right: 1061784 pred_wrong:34416 actu_right: 1061710 actu_wrong: 34490
2026-07-20 10:45:11,494 P1701777 INFO pr:0.9478  rc:0.9405  auc:0.9995 ap:0.9933 f1: 0.9441 pred_right: 455106 pred_wrong:14694 actu_right: 454992 actu_wrong: 14808
2026-07-20 10:45:11,499 P1701777 INFO ----------------------------------------------------------------------------------------------------
2026-07-20 10:45:11,499 P1701777 INFO 29/50 starting... lr: 0.001 para:0.03333333507180214
2026-07-20 10:45:37,437 P1701777 INFO Epoch 29/50, all_loss:0.44466 cls_loss:0.42752 rec_loss:0.94171 [25.94s]; best loss:0.42593, patience : 1
2026-07-20 10:45:49,461 P1701777 INFO pr:0.9392  rc:0.9488  auc:0.9995 ap:0.9935 f1: 0.9440 pred_right: 1061352 pred_wrong:34848 actu_right: 1061707 actu_wrong: 34493
2026-07-20 10:45:54,438 P1701777 INFO pr:0.9393  rc:0.9454  auc:0.9995 ap:0.9927 f1: 0.9423 pred_right: 454895 pred_wrong:14905 actu_right: 454992 actu_wrong: 14808
2026-07-20 10:45:54,439 P1701777 INFO ----------------------------------------------------------------------------------------------------
2026-07-20 10:45:54,439 P1701777 INFO 30/50 starting... lr: 0.001 para:0.032258063554763794
2026-07-20 10:46:26,141 P1701777 INFO Epoch 30/50, all_loss:0.41869 cls_loss:0.40093 rec_loss:0.95154 [31.70s]; best loss:0.41869, patience : 0
2026-07-20 10:46:38,309 P1701777 INFO pr:0.9403  rc:0.9321  auc:0.9995 ap:0.9935 f1: 0.9362 pred_right: 1062012 pred_wrong:34188 actu_right: 1061714 actu_wrong: 34486
2026-07-20 10:46:43,198 P1701777 INFO pr:0.9386  rc:0.9291  auc:0.9994 ap:0.9929 f1: 0.9338 pred_right: 455142 pred_wrong:14658 actu_right: 454992 actu_wrong: 14808
2026-07-20 10:46:43,199 P1701777 INFO ----------------------------------------------------------------------------------------------------
2026-07-20 10:46:43,200 P1701777 INFO 31/50 starting... lr: 0.001 para:0.03125
2026-07-20 10:47:08,899 P1701777 INFO Epoch 31/50, all_loss:0.40548 cls_loss:0.38746 rec_loss:0.96418 [25.69s]; best loss:0.40548, patience : 0
2026-07-20 10:47:20,619 P1701777 INFO pr:0.9295  rc:0.9761  auc:0.9995 ap:0.9949 f1: 0.9522 pred_right: 1059983 pred_wrong:36217 actu_right: 1061714 actu_wrong: 34486
2026-07-20 10:47:25,619 P1701777 INFO pr:0.9288  rc:0.9722  auc:0.9995 ap:0.9941 f1: 0.9500 pred_right: 454299 pred_wrong:15501 actu_right: 454992 actu_wrong: 14808
2026-07-20 10:47:25,624 P1701777 INFO ----------------------------------------------------------------------------------------------------
2026-07-20 10:47:25,624 P1701777 INFO 32/50 starting... lr: 0.001 para:0.03030303120613098
2026-07-20 10:47:57,581 P1701777 INFO Epoch 32/50, all_loss:0.41737 cls_loss:0.40024 rec_loss:0.96560 [31.96s]; best loss:0.40548, patience : 1
2026-07-20 10:48:10,160 P1701777 INFO pr:0.9180  rc:0.9810  auc:0.9995 ap:0.9939 f1: 0.9484 pred_right: 1059344 pred_wrong:36856 actu_right: 1061711 actu_wrong: 34489
2026-07-20 10:48:15,135 P1701777 INFO pr:0.9189  rc:0.9766  auc:0.9995 ap:0.9935 f1: 0.9468 pred_right: 454062 pred_wrong:15738 actu_right: 454992 actu_wrong: 14808
2026-07-20 10:48:15,137 P1701777 INFO ----------------------------------------------------------------------------------------------------
2026-07-20 10:48:15,137 P1701777 INFO 33/50 starting... lr: 0.001 para:0.029411764815449715
2026-07-20 10:48:41,306 P1701777 INFO Epoch 33/50, all_loss:0.39435 cls_loss:0.37649 rec_loss:0.98386 [26.16s]; best loss:0.39435, patience : 0
2026-07-20 10:48:52,948 P1701777 INFO pr:0.9148  rc:0.9863  auc:0.9996 ap:0.9952 f1: 0.9492 pred_right: 1059018 pred_wrong:37182 actu_right: 1061713 actu_wrong: 34487
2026-07-20 10:48:57,699 P1701777 INFO pr:0.9149  rc:0.9839  auc:0.9995 ap:0.9944 f1: 0.9482 pred_right: 453875 pred_wrong:15925 actu_right: 454992 actu_wrong: 14808
2026-07-20 10:48:57,700 P1701777 INFO ----------------------------------------------------------------------------------------------------
2026-07-20 10:48:57,700 P1701777 INFO 34/50 starting... lr: 0.001 para:0.02857142873108387
2026-07-20 10:49:27,164 P1701777 INFO Epoch 34/50, all_loss:0.40332 cls_loss:0.38549 rec_loss:1.00971 [29.46s]; best loss:0.39435, patience : 1
2026-07-20 10:49:41,625 P1701777 INFO pr:0.9309  rc:0.9705  auc:0.9995 ap:0.9937 f1: 0.9503 pred_right: 1060243 pred_wrong:35957 actu_right: 1061710 actu_wrong: 34490
2026-07-20 10:49:46,588 P1701777 INFO pr:0.9300  rc:0.9666  auc:0.9993 ap:0.9931 f1: 0.9479 pred_right: 454409 pred_wrong:15391 actu_right: 454992 actu_wrong: 14808
2026-07-20 10:49:46,589 P1701777 INFO ----------------------------------------------------------------------------------------------------
2026-07-20 10:49:46,589 P1701777 INFO 35/50 starting... lr: 0.001 para:0.02777777798473835
2026-07-20 10:50:12,603 P1701777 INFO Epoch 35/50, all_loss:0.36887 cls_loss:0.35099 rec_loss:0.99469 [26.01s]; best loss:0.36887, patience : 0
2026-07-20 10:50:24,357 P1701777 INFO pr:0.9509  rc:0.9566  auc:0.9996 ap:0.9958 f1: 0.9538 pred_right: 1061509 pred_wrong:34691 actu_right: 1061714 actu_wrong: 34486
2026-07-20 10:50:29,469 P1701777 INFO pr:0.9505  rc:0.9494  auc:0.9996 ap:0.9951 f1: 0.9500 pred_right: 455009 pred_wrong:14791 actu_right: 454992 actu_wrong: 14808
2026-07-20 10:50:29,474 P1701777 INFO ----------------------------------------------------------------------------------------------------
2026-07-20 10:50:29,474 P1701777 INFO 36/50 starting... lr: 0.001 para:0.027027027681469917
2026-07-20 10:51:00,580 P1701777 INFO Epoch 36/50, all_loss:0.37878 cls_loss:0.36121 rec_loss:1.01119 [31.10s]; best loss:0.36887, patience : 1
2026-07-20 10:51:14,209 P1701777 INFO pr:0.9377  rc:0.9700  auc:0.9996 ap:0.9951 f1: 0.9536 pred_right: 1060523 pred_wrong:35677 actu_right: 1061712 actu_wrong: 34488
2026-07-20 10:51:19,187 P1701777 INFO pr:0.9364  rc:0.9639  auc:0.9994 ap:0.9944 f1: 0.9499 pred_right: 454557 pred_wrong:15243 actu_right: 454992 actu_wrong: 14808
2026-07-20 10:51:19,188 P1701777 INFO ----------------------------------------------------------------------------------------------------
2026-07-20 10:51:19,188 P1701777 INFO 37/50 starting... lr: 0.001 para:0.02631578966975212
2026-07-20 10:51:45,025 P1701777 INFO Epoch 37/50, all_loss:0.38152 cls_loss:0.36399 rec_loss:1.03022 [25.84s]; best loss:0.36887, patience : 2
2026-07-20 10:51:56,870 P1701777 INFO pr:0.9302  rc:0.9771  auc:0.9996 ap:0.9945 f1: 0.9531 pred_right: 1059973 pred_wrong:36227 actu_right: 1061713 actu_wrong: 34487
2026-07-20 10:52:01,770 P1701777 INFO pr:0.9274  rc:0.9731  auc:0.9995 ap:0.9931 f1: 0.9497 pred_right: 454263 pred_wrong:15537 actu_right: 454992 actu_wrong: 14808
2026-07-20 10:52:01,771 P1701777 INFO ----------------------------------------------------------------------------------------------------
2026-07-20 10:52:01,777 P1701777 INFO 38/50 starting... lr: 0.001 para:0.025641025975346565
2026-07-20 10:52:33,014 P1701777 INFO Epoch 38/50, all_loss:0.37442 cls_loss:0.35702 rec_loss:1.03562 [31.24s]; best loss:0.36887, patience : 2
2026-07-20 10:52:45,869 P1701777 INFO pr:0.9438  rc:0.9560  auc:0.9995 ap:0.9936 f1: 0.9499 pred_right: 1061263 pred_wrong:34937 actu_right: 1061711 actu_wrong: 34489
2026-07-20 10:52:50,862 P1701777 INFO pr:0.9417  rc:0.9484  auc:0.9994 ap:0.9926 f1: 0.9451 pred_right: 454887 pred_wrong:14913 actu_right: 454992 actu_wrong: 14808
2026-07-20 10:52:50,863 P1701777 INFO ----------------------------------------------------------------------------------------------------
2026-07-20 10:52:50,863 P1701777 INFO 39/50 starting... lr: 0.001 para:0.02500000037252903
2026-07-20 10:53:17,098 P1701777 INFO Epoch 39/50, all_loss:0.36579 cls_loss:0.34903 rec_loss:1.01933 [26.23s]; best loss:0.36579, patience : 0
2026-07-20 10:53:29,070 P1701777 INFO pr:0.9586  rc:0.9502  auc:0.9997 ap:0.9959 f1: 0.9544 pred_right: 1062015 pred_wrong:34185 actu_right: 1061712 actu_wrong: 34488
2026-07-20 10:53:34,037 P1701777 INFO pr:0.9568  rc:0.9434  auc:0.9996 ap:0.9951 f1: 0.9501 pred_right: 455200 pred_wrong:14600 actu_right: 454992 actu_wrong: 14808
2026-07-20 10:53:34,042 P1701777 INFO ----------------------------------------------------------------------------------------------------
2026-07-20 10:53:34,042 P1701777 INFO 40/50 starting... lr: 0.001 para:0.024390242993831635
2026-07-20 10:54:05,643 P1701777 INFO Epoch 40/50, all_loss:0.34339 cls_loss:0.32612 rec_loss:1.03395 [31.60s]; best loss:0.34339, patience : 0
2026-07-20 10:54:17,988 P1701777 INFO pr:0.9398  rc:0.9740  auc:0.9996 ap:0.9951 f1: 0.9566 pred_right: 1060455 pred_wrong:35745 actu_right: 1061713 actu_wrong: 34487
2026-07-20 10:54:23,156 P1701777 INFO pr:0.9389  rc:0.9670  auc:0.9995 ap:0.9943 f1: 0.9528 pred_right: 454548 pred_wrong:15252 actu_right: 454992 actu_wrong: 14808
2026-07-20 10:54:23,161 P1701777 INFO ----------------------------------------------------------------------------------------------------
2026-07-20 10:54:23,161 P1701777 INFO 41/50 starting... lr: 0.001 para:0.02380952425301075
2026-07-20 10:54:49,398 P1701777 INFO Epoch 41/50, all_loss:0.35413 cls_loss:0.33699 rec_loss:1.05679 [26.24s]; best loss:0.34339, patience : 1
2026-07-20 10:55:00,977 P1701777 INFO pr:0.9318  rc:0.9874  auc:0.9997 ap:0.9955 f1: 0.9588 pred_right: 1059654 pred_wrong:36546 actu_right: 1061711 actu_wrong: 34489
2026-07-20 10:55:06,044 P1701777 INFO pr:0.9284  rc:0.9830  auc:0.9996 ap:0.9944 f1: 0.9549 pred_right: 454121 pred_wrong:15679 actu_right: 454992 actu_wrong: 14808
2026-07-20 10:55:06,049 P1701777 INFO ----------------------------------------------------------------------------------------------------
2026-07-20 10:55:06,049 P1701777 INFO 42/50 starting... lr: 0.001 para:0.023255813866853714
2026-07-20 10:55:36,706 P1701777 INFO Epoch 42/50, all_loss:0.33983 cls_loss:0.32289 rec_loss:1.05133 [30.64s]; best loss:0.33983, patience : 0
2026-07-20 10:55:50,287 P1701777 INFO pr:0.9429  rc:0.9617  auc:0.9996 ap:0.9946 f1: 0.9522 pred_right: 1061020 pred_wrong:35180 actu_right: 1061708 actu_wrong: 34492
2026-07-20 10:55:55,208 P1701777 INFO pr:0.9409  rc:0.9581  auc:0.9995 ap:0.9937 f1: 0.9494 pred_right: 454722 pred_wrong:15078 actu_right: 454992 actu_wrong: 14808
2026-07-20 10:55:55,209 P1701777 INFO ----------------------------------------------------------------------------------------------------
2026-07-20 10:55:55,209 P1701777 INFO 43/50 starting... lr: 0.001 para:0.022727273404598236
2026-07-20 10:56:21,200 P1701777 INFO Epoch 43/50, all_loss:0.36322 cls_loss:0.34776 rec_loss:1.02777 [25.99s]; best loss:0.33983, patience : 1
2026-07-20 10:56:33,146 P1701777 INFO pr:0.9450  rc:0.9660  auc:0.9996 ap:0.9955 f1: 0.9554 pred_right: 1060942 pred_wrong:35258 actu_right: 1061707 actu_wrong: 34493
2026-07-20 10:56:38,197 P1701777 INFO pr:0.9443  rc:0.9620  auc:0.9995 ap:0.9946 f1: 0.9531 pred_right: 454713 pred_wrong:15087 actu_right: 454992 actu_wrong: 14808
2026-07-20 10:56:38,198 P1701777 INFO ----------------------------------------------------------------------------------------------------
2026-07-20 10:56:38,198 P1701777 INFO 44/50 starting... lr: 0.001 para:0.02222222276031971
2026-07-20 10:57:08,802 P1701777 INFO Epoch 44/50, all_loss:0.34447 cls_loss:0.32842 rec_loss:1.05042 [30.60s]; best loss:0.33983, patience : 1
2026-07-20 10:57:22,236 P1701777 INFO pr:0.9480  rc:0.9664  auc:0.9996 ap:0.9958 f1: 0.9571 pred_right: 1061042 pred_wrong:35158 actu_right: 1061712 actu_wrong: 34488
2026-07-20 10:57:27,109 P1701777 INFO pr:0.9468  rc:0.9626  auc:0.9995 ap:0.9951 f1: 0.9546 pred_right: 454745 pred_wrong:15055 actu_right: 454992 actu_wrong: 14808
2026-07-20 10:57:27,110 P1701777 INFO ----------------------------------------------------------------------------------------------------
2026-07-20 10:57:27,110 P1701777 INFO 45/50 starting... lr: 0.001 para:0.021739130839705467
2026-07-20 10:57:53,127 P1701777 INFO Epoch 45/50, all_loss:0.33194 cls_loss:0.31592 rec_loss:1.05311 [26.01s]; best loss:0.33194, patience : 0
2026-07-20 10:58:05,080 P1701777 INFO pr:0.9672  rc:0.9353  auc:0.9994 ap:0.9959 f1: 0.9510 pred_right: 1062846 pred_wrong:33354 actu_right: 1061707 actu_wrong: 34493
2026-07-20 10:58:10,246 P1701777 INFO pr:0.9648  rc:0.9268  auc:0.9994 ap:0.9951 f1: 0.9454 pred_right: 455575 pred_wrong:14225 actu_right: 454992 actu_wrong: 14808
2026-07-20 10:58:10,247 P1701777 INFO ----------------------------------------------------------------------------------------------------
2026-07-20 10:58:10,247 P1701777 INFO 46/50 starting... lr: 0.001 para:0.021276595070958138
2026-07-20 10:58:38,889 P1701777 INFO Epoch 46/50, all_loss:0.32617 cls_loss:0.31043 rec_loss:1.05028 [28.63s]; best loss:0.32617, patience : 0
2026-07-20 10:58:55,233 P1701777 INFO pr:0.9600  rc:0.9419  auc:0.9997 ap:0.9953 f1: 0.9509 pred_right: 1062362 pred_wrong:33838 actu_right: 1061712 actu_wrong: 34488
2026-07-20 10:59:00,310 P1701777 INFO pr:0.9554  rc:0.9354  auc:0.9995 ap:0.9945 f1: 0.9453 pred_right: 455301 pred_wrong:14499 actu_right: 454992 actu_wrong: 14808
2026-07-20 10:59:00,311 P1701777 INFO ----------------------------------------------------------------------------------------------------
2026-07-20 10:59:00,311 P1701777 INFO 47/50 starting... lr: 0.001 para:0.02083333395421505
2026-07-20 10:59:25,779 P1701777 INFO Epoch 47/50, all_loss:0.30977 cls_loss:0.29340 rec_loss:1.07946 [25.46s]; best loss:0.30977, patience : 0
2026-07-20 10:59:37,340 P1701777 INFO pr:0.9347  rc:0.9740  auc:0.9996 ap:0.9951 f1: 0.9540 pred_right: 1060263 pred_wrong:35937 actu_right: 1061713 actu_wrong: 34487
2026-07-20 10:59:42,230 P1701777 INFO pr:0.9310  rc:0.9700  auc:0.9995 ap:0.9937 f1: 0.9501 pred_right: 454371 pred_wrong:15429 actu_right: 454992 actu_wrong: 14808
2026-07-20 10:59:42,231 P1701777 INFO ----------------------------------------------------------------------------------------------------
2026-07-20 10:59:42,231 P1701777 INFO 48/50 starting... lr: 0.001 para:0.020408162847161293
2026-07-20 11:00:08,142 P1701777 INFO Epoch 48/50, all_loss:0.32438 cls_loss:0.30852 rec_loss:1.08564 [25.91s]; best loss:0.30977, patience : 1
2026-07-20 11:00:27,223 P1701777 INFO pr:0.9282  rc:0.9814  auc:0.9996 ap:0.9955 f1: 0.9540 pred_right: 1059734 pred_wrong:36466 actu_right: 1061712 actu_wrong: 34488
2026-07-20 11:00:32,268 P1701777 INFO pr:0.9269  rc:0.9770  auc:0.9995 ap:0.9943 f1: 0.9513 pred_right: 454191 pred_wrong:15609 actu_right: 454992 actu_wrong: 14808
2026-07-20 11:00:32,269 P1701777 INFO ----------------------------------------------------------------------------------------------------
2026-07-20 11:00:32,269 P1701777 INFO 49/50 starting... lr: 0.001 para:0.019999999552965164
2026-07-20 11:00:57,749 P1701777 INFO Epoch 49/50, all_loss:0.33244 cls_loss:0.31711 rec_loss:1.08337 [25.48s]; best loss:0.30977, patience : 2
2026-07-20 11:01:09,534 P1701777 INFO pr:0.9496  rc:0.9656  auc:0.9997 ap:0.9955 f1: 0.9575 pred_right: 1061134 pred_wrong:35066 actu_right: 1061714 actu_wrong: 34486
2026-07-20 11:01:14,554 P1701777 INFO pr:0.9488  rc:0.9606  auc:0.9996 ap:0.9948 f1: 0.9546 pred_right: 454808 pred_wrong:14992 actu_right: 454992 actu_wrong: 14808
2026-07-20 11:01:14,554 P1701777 INFO saving model...
2026-07-20 11:01:14,555 P1701777 INFO FreTS - loss  best score:0.3097738027572632 at epoch 47
2026-07-20 11:01:14,561 P1701777 INFO FreTS - f1  best score:0.9587949602308721 at epoch 41
2026-07-20 11:01:14,567 P1701777 INFO Average training time per epoch: 28.49 seconds
2026-07-20 11:01:14,568 P1701777 INFO calculate scores...
2026-07-20 11:01:14,569 P1701777 INFO calculate label with loss...
2026-07-20 11:01:14,569 P1701777 INFO FreTS on ./result/server_only_exps/Architecture_updatedFreDF/FreTS-TT-Epochs50-Seed1-ExpNameRQ2_architecture-LPFLPF-Attnlinear_attn-NormLinTrue-RecLambda1.0-AuxiLambda0.2-lowshow-simplegraph loading...
2026-07-20 11:01:19,828 P1701777 INFO pr:0.9310  rc:0.9700  auc:0.9995 ap:0.9937 f1: 0.9501 pred_right: 454371 pred_wrong:15429 actu_right: 454992 actu_wrong: 14808
2026-07-20 11:01:36,934 P1701777 INFO pr:0.9310  rc:0.9700  auc:0.9995 ap:0.9937 f1: 0.9501 pred_right: 454371 pred_wrong:15429 actu_right: 454992 actu_wrong: 14808
2026-07-20 11:01:36,940 P1701777 INFO Performance Summary:
{'GPU': {'inference_time_per_sample_ms': 0.27236700922969287, 'throughput_samples_per_sec': 3671.516615863997, 'peak_memory_mb': 126.99365234375, 'energy_per_sample_joules': 0.017032607105683457}, 'CPU': {'inference_time_per_sample_ms': 0.9517918771772242, 'throughput_samples_per_sec': 1050.6498573677147, 'peak_memory_mb': 5703.55859375, 'energy_per_sample_joules': 0.061866472016519576}}
2026-07-20 11:01:36,940 P1701777 INFO Starting clean-room hardware benchmarking...
2026-07-20 11:01:38,001 P1701777 INFO Performance with loss: pr:0.9310  rc:0.9700  auc:0.9995 ap:0.9937 f1: 0.9501 pred_right: 454371 pred_wrong:15429 actu_right: 454992 actu_wrong: 14808
2026-07-20 11:01:38,001 P1701777 INFO calculate label with f1...
2026-07-20 11:01:38,001 P1701777 INFO FreTS on ./result/server_only_exps/Architecture_updatedFreDF/FreTS-TT-Epochs50-Seed1-ExpNameRQ2_architecture-LPFLPF-Attnlinear_attn-NormLinTrue-RecLambda1.0-AuxiLambda0.2-lowshow-simplegraph loading...
2026-07-20 11:01:42,709 P1701777 INFO pr:0.9284  rc:0.9830  auc:0.9996 ap:0.9944 f1: 0.9549 pred_right: 454121 pred_wrong:15679 actu_right: 454992 actu_wrong: 14808
2026-07-20 11:02:08,475 P1701777 INFO pr:0.9284  rc:0.9830  auc:0.9996 ap:0.9944 f1: 0.9549 pred_right: 454121 pred_wrong:15679 actu_right: 454992 actu_wrong: 14808
2026-07-20 11:02:08,479 P1701777 INFO Performance Summary:
{'GPU': {'inference_time_per_sample_ms': 0.24205637602253158, 'throughput_samples_per_sec': 4131.268989613048, 'peak_memory_mb': 126.47412109375, 'energy_per_sample_joules': 0.018613530175192624}, 'CPU': {'inference_time_per_sample_ms': 1.4458875842264134, 'throughput_samples_per_sec': 691.6167002948749, 'peak_memory_mb': 5633.8828125, 'energy_per_sample_joules': 0.09398269297471687}}
2026-07-20 11:02:08,479 P1701777 INFO Starting clean-room hardware benchmarking...
2026-07-20 11:02:09,639 P1701777 INFO Performance with f1: pr:0.9284  rc:0.9830  auc:0.9996 ap:0.9944 f1: 0.9549 pred_right: 454121 pred_wrong:15679 actu_right: 454992 actu_wrong: 14808
