2026-07-24 14:16:23,975 P1024389 INFO ---- Model: ----MSTGAD-14cbfce1----random_seed : 3----req_loss_approach : Legendre-style----rec_lambda : 1.0----auxi_lambda : 0.2----Freq Domain : FITS_Legendre----Multi Fits : false----train : True----evaluate : False
2026-07-24 14:16:23,976 P1024389 INFO Load from /home/db2003/Desktop/Amr/Tests/Eadro/codes/chunks/TT
2026-07-24 14:16:38,998 P1024389 INFO Fewshot: training with 1.0 of the 70% of the data
2026-07-24 14:16:39,090 P1024389 INFO Trainable Parameters Breakdown:
2026-07-24 14:16:39,090 P1024389 INFO --------------------------------------------------------------------------------
2026-07-24 14:16:39,090 P1024389 INFO Reconstruction-Specific Parameters:
2026-07-24 14:16:39,090 P1024389 INFO node_emb.linear.weight                   | shape: (8, 7)                    | params: 56
2026-07-24 14:16:39,090 P1024389 INFO node_emb.linear.bias                     | shape: (8,)                      | params: 8
2026-07-24 14:16:39,090 P1024389 INFO log_emb.linear.weight                    | shape: (32, 60)                  | params: 1,920
2026-07-24 14:16:39,090 P1024389 INFO log_emb.linear.bias                      | shape: (32,)                     | params: 32
2026-07-24 14:16:39,090 P1024389 INFO egde_emb.linear.weight                   | shape: (8, 2)                    | params: 16
2026-07-24 14:16:39,090 P1024389 INFO egde_emb.linear.bias                     | shape: (8,)                      | params: 8
2026-07-24 14:16:39,090 P1024389 INFO dense_node.weight                        | shape: (7, 8)                    | params: 56
2026-07-24 14:16:39,090 P1024389 INFO dense_node.bias                          | shape: (7,)                      | params: 7
2026-07-24 14:16:39,090 P1024389 INFO dense_log.weight                         | shape: (60, 32)                  | params: 1,920
2026-07-24 14:16:39,090 P1024389 INFO dense_log.bias                           | shape: (60,)                     | params: 60
2026-07-24 14:16:39,090 P1024389 INFO dense_edge.weight                        | shape: (2, 8)                    | params: 16
2026-07-24 14:16:39,091 P1024389 INFO dense_edge.bias                          | shape: (2,)                      | params: 2
2026-07-24 14:16:39,091 P1024389 INFO linear_attn.Wq.weight                    | shape: (10, 10)                  | params: 100
2026-07-24 14:16:39,091 P1024389 INFO linear_attn.Wk.weight                    | shape: (10, 10)                  | params: 100
2026-07-24 14:16:39,091 P1024389 INFO linear_attn.Wv.weight                    | shape: (10, 10)                  | params: 100
2026-07-24 14:16:39,091 P1024389 INFO linear_attn.out.weight                   | shape: (10, 10)                  | params: 100
2026-07-24 14:16:39,091 P1024389 INFO linear_attn.out.bias                     | shape: (10,)                     | params: 10
2026-07-24 14:16:39,091 P1024389 INFO linear_attn.norm.weight                  | shape: (10,)                     | params: 10
2026-07-24 14:16:39,091 P1024389 INFO linear_attn.norm.bias                    | shape: (10,)                     | params: 10
2026-07-24 14:16:39,091 P1024389 INFO shared_fits.normlin_W                    | shape: (5, 5)                    | params: 25
2026-07-24 14:16:39,091 P1024389 INFO shared_fits.freq_upsampler.weight        | shape: (5, 5)                    | params: 25
2026-07-24 14:16:39,091 P1024389 INFO shared_fits.freq_upsampler.bias          | shape: (5,)                      | params: 5
2026-07-24 14:16:39,091 P1024389 INFO modality_proj.node.weight                | shape: (10, 8)                   | params: 80
2026-07-24 14:16:39,091 P1024389 INFO modality_proj.node.bias                  | shape: (10,)                     | params: 10
2026-07-24 14:16:39,091 P1024389 INFO modality_proj.log.weight                 | shape: (10, 32)                  | params: 320
2026-07-24 14:16:39,091 P1024389 INFO modality_proj.log.bias                   | shape: (10,)                     | params: 10
2026-07-24 14:16:39,091 P1024389 INFO modality_proj.edge.weight                | shape: (10, 8)                   | params: 80
2026-07-24 14:16:39,091 P1024389 INFO modality_proj.edge.bias                  | shape: (10,)                     | params: 10
2026-07-24 14:16:39,091 P1024389 INFO modality_proj_out.node.weight            | shape: (8, 10)                   | params: 80
2026-07-24 14:16:39,091 P1024389 INFO modality_proj_out.node.bias              | shape: (8,)                      | params: 8
2026-07-24 14:16:39,091 P1024389 INFO modality_proj_out.log.weight             | shape: (32, 10)                  | params: 320
2026-07-24 14:16:39,091 P1024389 INFO modality_proj_out.log.bias               | shape: (32,)                     | params: 32
2026-07-24 14:16:39,091 P1024389 INFO modality_proj_out.edge.weight            | shape: (8, 10)                   | params: 80
2026-07-24 14:16:39,092 P1024389 INFO modality_proj_out.edge.bias              | shape: (8,)                      | params: 8
2026-07-24 14:16:39,092 P1024389 INFO Subtotal: 5,624
2026-07-24 14:16:39,092 P1024389 INFO --------------------------------------------------------------------------------
2026-07-24 14:16:39,092 P1024389 INFO Common Parameters:
2026-07-24 14:16:39,092 P1024389 INFO show.0.weight                            | shape: (128, 69)                 | params: 8,832
2026-07-24 14:16:39,092 P1024389 INFO show.0.bias                              | shape: (128,)                    | params: 128
2026-07-24 14:16:39,092 P1024389 INFO show.2.weight                            | shape: (2, 128)                  | params: 256
2026-07-24 14:16:39,092 P1024389 INFO show.2.bias                              | shape: (2,)                      | params: 2
2026-07-24 14:16:39,092 P1024389 INFO Subtotal: 9,218
2026-07-24 14:16:39,092 P1024389 INFO --------------------------------------------------------------------------------
2026-07-24 14:16:39,092 P1024389 INFO Total Trainable Parameters: 14,842

2026-07-24 14:16:39,092 P1024389 INFO Trainable Parameters: 14842, reconstruction: 5624, common: 9218
2026-07-24 14:16:39,092 P1024389 INFO model : init weight
2026-07-24 14:16:39,093 P1024389 INFO Using GPU...
2026-07-24 14:16:39,098 P1024389 INFO optimizer : using AdaBelief
2026-07-24 14:16:39,098 P1024389 INFO ----------------------------------------------------------------------------------------------------
2026-07-24 14:16:39,099 P1024389 INFO 0/50 starting... lr: 0.001 para:1.0
2026-07-24 14:16:58,348 P1024389 INFO Epoch 0/50, all_loss:55008.01953 cls_loss:1263503.50000 rec_loss:55008.01953 [19.25s]; best loss:55008.01953, patience : 0
2026-07-24 14:16:58,349 P1024389 INFO ----------------------------------------------------------------------------------------------------
2026-07-24 14:16:58,349 P1024389 INFO 1/50 starting... lr: 0.001 para:0.5
2026-07-24 14:17:17,374 P1024389 INFO Epoch 1/50, all_loss:7278.99219 cls_loss:10964.92383 rec_loss:3593.05908 [19.02s]; best loss:7278.99219, patience : 0
2026-07-24 14:17:17,374 P1024389 INFO ----------------------------------------------------------------------------------------------------
2026-07-24 14:17:17,374 P1024389 INFO 2/50 starting... lr: 0.001 para:0.3333333432674408
2026-07-24 14:17:37,415 P1024389 INFO Epoch 2/50, all_loss:5198.02686 cls_loss:6025.20068 rec_loss:3543.68042 [20.04s]; best loss:5198.02686, patience : 0
2026-07-24 14:17:45,720 P1024389 INFO pr:0.0513  rc:0.0173  auc:0.5042 ap:0.5004 f1: 0.0258 pred_right: 1084604 pred_wrong:11596 actu_right: 1061711 actu_wrong: 34489
2026-07-24 14:17:49,510 P1024389 INFO pr:0.0516  rc:0.0178  auc:0.5036 ap:0.5004 f1: 0.0265 pred_right: 464688 pred_wrong:5112 actu_right: 454992 actu_wrong: 14808
2026-07-24 14:17:49,513 P1024389 INFO ----------------------------------------------------------------------------------------------------
2026-07-24 14:17:49,513 P1024389 INFO 3/50 starting... lr: 0.001 para:0.25
2026-07-24 14:18:16,074 P1024389 INFO Epoch 3/50, all_loss:5557.97803 cls_loss:6205.32617 rec_loss:3615.93164 [26.56s]; best loss:5198.02686, patience : 1
2026-07-24 14:18:25,860 P1024389 INFO pr:0.0513  rc:0.0121  auc:0.5024 ap:0.5003 f1: 0.0195 pred_right: 1088093 pred_wrong:8107 actu_right: 1061706 actu_wrong: 34494
2026-07-24 14:18:30,010 P1024389 INFO pr:0.0510  rc:0.0120  auc:0.5028 ap:0.5003 f1: 0.0195 pred_right: 466310 pred_wrong:3490 actu_right: 454992 actu_wrong: 14808
2026-07-24 14:18:30,011 P1024389 INFO ----------------------------------------------------------------------------------------------------
2026-07-24 14:18:30,011 P1024389 INFO 4/50 starting... lr: 0.001 para:0.20000000298023224
2026-07-24 14:18:49,202 P1024389 INFO Epoch 4/50, all_loss:5417.43457 cls_loss:5875.39795 rec_loss:3585.58252 [19.19s]; best loss:5198.02686, patience : 1
2026-07-24 14:18:58,664 P1024389 INFO pr:0.1432  rc:0.0019  auc:0.5008 ap:0.5002 f1: 0.0038 pred_right: 1095732 pred_wrong:468 actu_right: 1061709 actu_wrong: 34491
2026-07-24 14:19:02,790 P1024389 INFO pr:0.0785  rc:0.0010  auc:0.5003 ap:0.5000 f1: 0.0020 pred_right: 469609 pred_wrong:191 actu_right: 454992 actu_wrong: 14808
2026-07-24 14:19:02,791 P1024389 INFO ----------------------------------------------------------------------------------------------------
2026-07-24 14:19:02,791 P1024389 INFO 5/50 starting... lr: 0.001 para:0.1666666716337204
2026-07-24 14:19:21,634 P1024389 INFO Epoch 5/50, all_loss:5240.57715 cls_loss:5562.40088 rec_loss:3631.45972 [18.84s]; best loss:5198.02686, patience : 1
2026-07-24 14:19:30,752 P1024389 INFO pr:0.1210  rc:0.0076  auc:0.5031 ap:0.5005 f1: 0.0143 pred_right: 1094027 pred_wrong:2173 actu_right: 1061713 actu_wrong: 34487
2026-07-24 14:19:39,933 P1024389 INFO pr:0.1082  rc:0.0070  auc:0.5028 ap:0.5004 f1: 0.0131 pred_right: 468848 pred_wrong:952 actu_right: 454992 actu_wrong: 14808
2026-07-24 14:19:39,935 P1024389 INFO ----------------------------------------------------------------------------------------------------
2026-07-24 14:19:39,935 P1024389 INFO 6/50 starting... lr: 0.001 para:0.1428571492433548
2026-07-24 14:20:01,946 P1024389 INFO Epoch 6/50, all_loss:5119.28564 cls_loss:5386.14062 rec_loss:3518.15332 [22.01s]; best loss:5119.28564, patience : 0
2026-07-24 14:20:11,638 P1024389 INFO pr:0.1001  rc:0.0064  auc:0.5029 ap:0.5004 f1: 0.0120 pred_right: 1094002 pred_wrong:2198 actu_right: 1061711 actu_wrong: 34489
2026-07-24 14:20:15,653 P1024389 INFO pr:0.0975  rc:0.0063  auc:0.5029 ap:0.5004 f1: 0.0119 pred_right: 468836 pred_wrong:964 actu_right: 454992 actu_wrong: 14808
2026-07-24 14:20:15,654 P1024389 INFO ----------------------------------------------------------------------------------------------------
2026-07-24 14:20:15,654 P1024389 INFO 7/50 starting... lr: 0.001 para:0.125
2026-07-24 14:20:34,952 P1024389 INFO Epoch 7/50, all_loss:4410.95361 cls_loss:4537.97900 rec_loss:3521.77393 [19.29s]; best loss:4410.95361, patience : 0
2026-07-24 14:20:44,557 P1024389 INFO pr:0.1358  rc:0.0568  auc:0.5254 ap:0.5051 f1: 0.0801 pred_right: 1081772 pred_wrong:14428 actu_right: 1061710 actu_wrong: 34490
2026-07-24 14:20:48,818 P1024389 INFO pr:0.1355  rc:0.0562  auc:0.5262 ap:0.5052 f1: 0.0794 pred_right: 463661 pred_wrong:6139 actu_right: 454992 actu_wrong: 14808
2026-07-24 14:20:48,822 P1024389 INFO ----------------------------------------------------------------------------------------------------
2026-07-24 14:20:48,822 P1024389 INFO 8/50 starting... lr: 0.001 para:0.1111111119389534
2026-07-24 14:21:07,313 P1024389 INFO Epoch 8/50, all_loss:4856.87695 cls_loss:5031.43799 rec_loss:3460.38672 [18.49s]; best loss:4410.95361, patience : 1
2026-07-24 14:21:24,747 P1024389 INFO pr:0.2102  rc:0.0182  auc:0.5097 ap:0.5025 f1: 0.0336 pred_right: 1093208 pred_wrong:2992 actu_right: 1061710 actu_wrong: 34490
2026-07-24 14:21:29,921 P1024389 INFO pr:0.2259  rc:0.0201  auc:0.5112 ap:0.5031 f1: 0.0368 pred_right: 468485 pred_wrong:1315 actu_right: 454992 actu_wrong: 14808
2026-07-24 14:21:29,922 P1024389 INFO ----------------------------------------------------------------------------------------------------
2026-07-24 14:21:29,922 P1024389 INFO 9/50 starting... lr: 0.001 para:0.10000000149011612
2026-07-24 14:21:50,140 P1024389 INFO Epoch 9/50, all_loss:4094.10840 cls_loss:4175.19873 rec_loss:3364.29443 [20.21s]; best loss:4094.10840, patience : 0
2026-07-24 14:22:00,422 P1024389 INFO pr:0.3028  rc:0.0148  auc:0.5079 ap:0.5028 f1: 0.0281 pred_right: 1094519 pred_wrong:1681 actu_right: 1061703 actu_wrong: 34497
2026-07-24 14:22:04,727 P1024389 INFO pr:0.3019  rc:0.0151  auc:0.5081 ap:0.5029 f1: 0.0288 pred_right: 469058 pred_wrong:742 actu_right: 454992 actu_wrong: 14808
2026-07-24 14:22:04,728 P1024389 INFO ----------------------------------------------------------------------------------------------------
2026-07-24 14:22:04,728 P1024389 INFO 10/50 starting... lr: 0.001 para:0.09090909361839294
2026-07-24 14:22:25,037 P1024389 INFO Epoch 10/50, all_loss:3641.65845 cls_loss:3671.16553 rec_loss:3346.59399 [20.30s]; best loss:3641.65845, patience : 0
2026-07-24 14:22:35,272 P1024389 INFO pr:0.2467  rc:0.1068  auc:0.5511 ap:0.5148 f1: 0.1490 pred_right: 1081270 pred_wrong:14930 actu_right: 1061704 actu_wrong: 34496
2026-07-24 14:22:41,158 P1024389 INFO pr:0.2466  rc:0.1058  auc:0.5505 ap:0.5146 f1: 0.1481 pred_right: 463446 pred_wrong:6354 actu_right: 454992 actu_wrong: 14808
2026-07-24 14:22:41,163 P1024389 INFO ----------------------------------------------------------------------------------------------------
2026-07-24 14:22:41,163 P1024389 INFO 11/50 starting... lr: 0.001 para:0.0833333358168602
2026-07-24 14:23:05,310 P1024389 INFO Epoch 11/50, all_loss:3985.34399 cls_loss:4047.55396 rec_loss:3301.03076 [24.15s]; best loss:3641.65845, patience : 1
2026-07-24 14:23:17,344 P1024389 INFO pr:0.1746  rc:0.0670  auc:0.5315 ap:0.5068 f1: 0.0969 pred_right: 1082955 pred_wrong:13245 actu_right: 1061713 actu_wrong: 34487
2026-07-24 14:23:21,660 P1024389 INFO pr:0.1705  rc:0.0652  auc:0.5299 ap:0.5063 f1: 0.0943 pred_right: 464141 pred_wrong:5659 actu_right: 454992 actu_wrong: 14808
2026-07-24 14:23:21,661 P1024389 INFO ----------------------------------------------------------------------------------------------------
2026-07-24 14:23:21,661 P1024389 INFO 12/50 starting... lr: 0.001 para:0.07692307978868484
2026-07-24 14:23:41,609 P1024389 INFO Epoch 12/50, all_loss:3931.33838 cls_loss:3984.58813 rec_loss:3292.33862 [19.95s]; best loss:3641.65845, patience : 1
2026-07-24 14:23:51,580 P1024389 INFO pr:0.3155  rc:0.0744  auc:0.5395 ap:0.5146 f1: 0.1204 pred_right: 1088066 pred_wrong:8134 actu_right: 1061711 actu_wrong: 34489
2026-07-24 14:23:55,930 P1024389 INFO pr:0.3169  rc:0.0745  auc:0.5395 ap:0.5145 f1: 0.1206 pred_right: 466319 pred_wrong:3481 actu_right: 454992 actu_wrong: 14808
2026-07-24 14:23:55,931 P1024389 INFO ----------------------------------------------------------------------------------------------------
2026-07-24 14:23:55,931 P1024389 INFO 13/50 starting... lr: 0.001 para:0.0714285746216774
2026-07-24 14:24:16,183 P1024389 INFO Epoch 13/50, all_loss:3718.94604 cls_loss:3754.36084 rec_loss:3258.55518 [20.25s]; best loss:3641.65845, patience : 1
2026-07-24 14:24:26,959 P1024389 INFO pr:0.1784  rc:0.0542  auc:0.5272 ap:0.5062 f1: 0.0831 pred_right: 1085725 pred_wrong:10475 actu_right: 1061716 actu_wrong: 34484
2026-07-24 14:24:30,807 P1024389 INFO pr:0.1771  rc:0.0543  auc:0.5268 ap:0.5062 f1: 0.0831 pred_right: 465261 pred_wrong:4539 actu_right: 454992 actu_wrong: 14808
2026-07-24 14:24:30,808 P1024389 INFO ----------------------------------------------------------------------------------------------------
2026-07-24 14:24:30,808 P1024389 INFO 14/50 starting... lr: 0.001 para:0.06666667014360428
2026-07-24 14:24:58,487 P1024389 INFO Epoch 14/50, all_loss:3421.70557 cls_loss:3431.81445 rec_loss:3280.17920 [27.67s]; best loss:3421.70557, patience : 0
2026-07-24 14:25:08,515 P1024389 INFO pr:0.4590  rc:0.0230  auc:0.5134 ap:0.5071 f1: 0.0438 pred_right: 1094470 pred_wrong:1730 actu_right: 1061711 actu_wrong: 34489
2026-07-24 14:25:12,624 P1024389 INFO pr:0.4690  rc:0.0240  auc:0.5141 ap:0.5077 f1: 0.0456 pred_right: 469043 pred_wrong:757 actu_right: 454992 actu_wrong: 14808
2026-07-24 14:25:12,625 P1024389 INFO ----------------------------------------------------------------------------------------------------
2026-07-24 14:25:12,632 P1024389 INFO 15/50 starting... lr: 0.001 para:0.0625
2026-07-24 14:25:32,709 P1024389 INFO Epoch 15/50, all_loss:3340.57422 cls_loss:3344.28809 rec_loss:3284.86304 [20.07s]; best loss:3340.57422, patience : 0
2026-07-24 14:25:42,893 P1024389 INFO pr:0.4176  rc:0.0527  auc:0.5290 ap:0.5138 f1: 0.0937 pred_right: 1091844 pred_wrong:4356 actu_right: 1061713 actu_wrong: 34487
2026-07-24 14:25:47,024 P1024389 INFO pr:0.4133  rc:0.0520  auc:0.5288 ap:0.5136 f1: 0.0924 pred_right: 467937 pred_wrong:1863 actu_right: 454992 actu_wrong: 14808
2026-07-24 14:25:47,025 P1024389 INFO ----------------------------------------------------------------------------------------------------
2026-07-24 14:25:47,025 P1024389 INFO 16/50 starting... lr: 0.001 para:0.05882352963089943
2026-07-24 14:26:07,263 P1024389 INFO Epoch 16/50, all_loss:3224.08887 cls_loss:3225.22534 rec_loss:3205.90479 [20.23s]; best loss:3224.08887, patience : 0
2026-07-24 14:26:16,144 P1024389 INFO pr:0.3312  rc:0.1384  auc:0.5713 ap:0.5272 f1: 0.1953 pred_right: 1081784 pred_wrong:14416 actu_right: 1061709 actu_wrong: 34491
2026-07-24 14:26:26,610 P1024389 INFO pr:0.3266  rc:0.1371  auc:0.5707 ap:0.5267 f1: 0.1931 pred_right: 463584 pred_wrong:6216 actu_right: 454992 actu_wrong: 14808
2026-07-24 14:26:26,620 P1024389 INFO ----------------------------------------------------------------------------------------------------
2026-07-24 14:26:26,620 P1024389 INFO 17/50 starting... lr: 0.001 para:0.0555555559694767
2026-07-24 14:26:49,640 P1024389 INFO Epoch 17/50, all_loss:3010.19385 cls_loss:2997.16992 rec_loss:3231.60767 [23.02s]; best loss:3010.19385, patience : 0
2026-07-24 14:26:59,826 P1024389 INFO pr:0.4587  rc:0.1009  auc:0.5586 ap:0.5313 f1: 0.1654 pred_right: 1088613 pred_wrong:7587 actu_right: 1061715 actu_wrong: 34485
2026-07-24 14:27:04,121 P1024389 INFO pr:0.4553  rc:0.1009  auc:0.5586 ap:0.5313 f1: 0.1652 pred_right: 466519 pred_wrong:3281 actu_right: 454992 actu_wrong: 14808
2026-07-24 14:27:04,122 P1024389 INFO ----------------------------------------------------------------------------------------------------
2026-07-24 14:27:04,129 P1024389 INFO 18/50 starting... lr: 0.001 para:0.05263157933950424
2026-07-24 14:27:24,219 P1024389 INFO Epoch 18/50, all_loss:2714.16382 cls_loss:2684.24390 rec_loss:3252.72778 [20.09s]; best loss:2714.16382, patience : 0
2026-07-24 14:27:34,589 P1024389 INFO pr:0.3908  rc:0.2452  auc:0.6213 ap:0.5554 f1: 0.3014 pred_right: 1074561 pred_wrong:21639 actu_right: 1061713 actu_wrong: 34487
2026-07-24 14:27:39,212 P1024389 INFO pr:0.3873  rc:0.2412  auc:0.6180 ap:0.5535 f1: 0.2973 pred_right: 460577 pred_wrong:9223 actu_right: 454992 actu_wrong: 14808
2026-07-24 14:27:39,216 P1024389 INFO ----------------------------------------------------------------------------------------------------
2026-07-24 14:27:39,217 P1024389 INFO 19/50 starting... lr: 0.001 para:0.05000000074505806
2026-07-24 14:28:01,168 P1024389 INFO Epoch 19/50, all_loss:2493.65015 cls_loss:2452.63525 rec_loss:3272.93652 [21.95s]; best loss:2493.65015, patience : 0
2026-07-24 14:28:17,697 P1024389 INFO pr:0.8437  rc:0.2727  auc:0.6385 ap:0.6215 f1: 0.4122 pred_right: 1085052 pred_wrong:11148 actu_right: 1061712 actu_wrong: 34488
2026-07-24 14:28:22,145 P1024389 INFO pr:0.8399  rc:0.2657  auc:0.6347 ap:0.6172 f1: 0.4037 pred_right: 465116 pred_wrong:4684 actu_right: 454992 actu_wrong: 14808
2026-07-24 14:28:22,150 P1024389 INFO ----------------------------------------------------------------------------------------------------
2026-07-24 14:28:22,150 P1024389 INFO 20/50 starting... lr: 0.001 para:0.0476190485060215
2026-07-24 14:28:42,119 P1024389 INFO Epoch 20/50, all_loss:2501.29541 cls_loss:2460.49854 rec_loss:3317.23218 [19.97s]; best loss:2493.65015, patience : 1
2026-07-24 14:28:52,187 P1024389 INFO pr:0.6467  rc:0.3290  auc:0.6658 ap:0.6162 f1: 0.4361 pred_right: 1078654 pred_wrong:17546 actu_right: 1061713 actu_wrong: 34487
2026-07-24 14:28:56,771 P1024389 INFO pr:0.6332  rc:0.3250  auc:0.6627 ap:0.6118 f1: 0.4296 pred_right: 462199 pred_wrong:7601 actu_right: 454992 actu_wrong: 14808
2026-07-24 14:28:56,776 P1024389 INFO ----------------------------------------------------------------------------------------------------
2026-07-24 14:28:56,776 P1024389 INFO 21/50 starting... lr: 0.001 para:0.04545454680919647
2026-07-24 14:29:16,956 P1024389 INFO Epoch 21/50, all_loss:2204.79932 cls_loss:2151.05884 rec_loss:3333.35034 [20.18s]; best loss:2204.79932, patience : 0
2026-07-24 14:29:28,282 P1024389 INFO pr:0.2040  rc:0.4471  auc:0.7042 ap:0.5505 f1: 0.2802 pred_right: 1020613 pred_wrong:75587 actu_right: 1061710 actu_wrong: 34490
2026-07-24 14:29:31,639 P1024389 INFO pr:0.2025  rc:0.4406  auc:0.7003 ap:0.5493 f1: 0.2774 pred_right: 437570 pred_wrong:32230 actu_right: 454992 actu_wrong: 14808
2026-07-24 14:29:31,640 P1024389 INFO ----------------------------------------------------------------------------------------------------
2026-07-24 14:29:31,640 P1024389 INFO 22/50 starting... lr: 0.001 para:0.043478261679410934
2026-07-24 14:29:59,584 P1024389 INFO Epoch 22/50, all_loss:2178.78491 cls_loss:2125.93970 rec_loss:3341.37744 [27.94s]; best loss:2178.78491, patience : 0
2026-07-24 14:30:10,048 P1024389 INFO pr:0.5402  rc:0.3083  auc:0.6517 ap:0.5856 f1: 0.3926 pred_right: 1076516 pred_wrong:19684 actu_right: 1061712 actu_wrong: 34488
2026-07-24 14:30:14,681 P1024389 INFO pr:0.5441  rc:0.3040  auc:0.6498 ap:0.5854 f1: 0.3900 pred_right: 461527 pred_wrong:8273 actu_right: 454992 actu_wrong: 14808
2026-07-24 14:30:14,682 P1024389 INFO ----------------------------------------------------------------------------------------------------
2026-07-24 14:30:14,682 P1024389 INFO 23/50 starting... lr: 0.001 para:0.0416666679084301
2026-07-24 14:30:34,921 P1024389 INFO Epoch 23/50, all_loss:1722.69165 cls_loss:1650.29028 rec_loss:3387.92407 [20.23s]; best loss:1722.69165, patience : 0
2026-07-24 14:30:45,266 P1024389 INFO pr:0.8750  rc:0.3429  auc:0.6758 ap:0.6593 f1: 0.4927 pred_right: 1082684 pred_wrong:13516 actu_right: 1061711 actu_wrong: 34489
2026-07-24 14:30:49,520 P1024389 INFO pr:0.8728  rc:0.3368  auc:0.6731 ap:0.6567 f1: 0.4861 pred_right: 464085 pred_wrong:5715 actu_right: 454992 actu_wrong: 14808
2026-07-24 14:30:49,524 P1024389 INFO ----------------------------------------------------------------------------------------------------
2026-07-24 14:30:49,524 P1024389 INFO 24/50 starting... lr: 0.001 para:0.03999999910593033
2026-07-24 14:31:10,511 P1024389 INFO Epoch 24/50, all_loss:1723.05933 cls_loss:1650.42944 rec_loss:3466.17114 [20.99s]; best loss:1722.69165, patience : 1
2026-07-24 14:31:19,366 P1024389 INFO pr:0.6587  rc:0.4024  auc:0.7098 ap:0.6481 f1: 0.4996 pred_right: 1075128 pred_wrong:21072 actu_right: 1061708 actu_wrong: 34492
2026-07-24 14:31:25,160 P1024389 INFO pr:0.6550  rc:0.3957  auc:0.7059 ap:0.6446 f1: 0.4934 pred_right: 460853 pred_wrong:8947 actu_right: 454992 actu_wrong: 14808
2026-07-24 14:31:25,169 P1024389 INFO ----------------------------------------------------------------------------------------------------
2026-07-24 14:31:25,169 P1024389 INFO 25/50 starting... lr: 0.001 para:0.03846153989434242
2026-07-24 14:31:51,475 P1024389 INFO Epoch 25/50, all_loss:1494.90381 cls_loss:1415.81885 rec_loss:3472.02734 [26.30s]; best loss:1494.90381, patience : 0
2026-07-24 14:32:01,575 P1024389 INFO pr:0.5377  rc:0.4974  auc:0.7559 ap:0.6495 f1: 0.5168 pred_right: 1064296 pred_wrong:31904 actu_right: 1061714 actu_wrong: 34486
2026-07-24 14:32:05,763 P1024389 INFO pr:0.5374  rc:0.4929  auc:0.7531 ap:0.6480 f1: 0.5142 pred_right: 456218 pred_wrong:13582 actu_right: 454992 actu_wrong: 14808
2026-07-24 14:32:05,768 P1024389 INFO ----------------------------------------------------------------------------------------------------
2026-07-24 14:32:05,768 P1024389 INFO 26/50 starting... lr: 0.001 para:0.03703703731298447
2026-07-24 14:32:25,938 P1024389 INFO Epoch 26/50, all_loss:1306.76904 cls_loss:1221.17969 rec_loss:3532.09570 [20.17s]; best loss:1306.76904, patience : 0
2026-07-24 14:32:36,490 P1024389 INFO pr:0.4754  rc:0.6115  auc:0.8103 ap:0.6591 f1: 0.5349 pred_right: 1051836 pred_wrong:44364 actu_right: 1061715 actu_wrong: 34485
2026-07-24 14:32:41,137 P1024389 INFO pr:0.4783  rc:0.6067  auc:0.8074 ap:0.6586 f1: 0.5349 pred_right: 451017 pred_wrong:18783 actu_right: 454992 actu_wrong: 14808
2026-07-24 14:32:41,141 P1024389 INFO ----------------------------------------------------------------------------------------------------
2026-07-24 14:32:41,142 P1024389 INFO 27/50 starting... lr: 0.001 para:0.0357142873108387
2026-07-24 14:33:00,854 P1024389 INFO Epoch 27/50, all_loss:1409.19861 cls_loss:1328.69678 rec_loss:3582.74854 [19.71s]; best loss:1306.76904, patience : 1
2026-07-24 14:33:20,188 P1024389 INFO pr:0.7344  rc:0.4327  auc:0.7257 ap:0.6757 f1: 0.5446 pred_right: 1075882 pred_wrong:20318 actu_right: 1061714 actu_wrong: 34486
2026-07-24 14:33:24,832 P1024389 INFO pr:0.7276  rc:0.4252  auc:0.7217 ap:0.6711 f1: 0.5367 pred_right: 461147 pred_wrong:8653 actu_right: 454992 actu_wrong: 14808
2026-07-24 14:33:24,836 P1024389 INFO ----------------------------------------------------------------------------------------------------
2026-07-24 14:33:24,837 P1024389 INFO 28/50 starting... lr: 0.001 para:0.03448275849223137
2026-07-24 14:33:44,712 P1024389 INFO Epoch 28/50, all_loss:1024.96069 cls_loss:933.75787 rec_loss:3578.64136 [19.87s]; best loss:1024.96069, patience : 0
2026-07-24 14:33:54,610 P1024389 INFO pr:0.5448  rc:0.5705  auc:0.7904 ap:0.6686 f1: 0.5574 pred_right: 1060085 pred_wrong:36115 actu_right: 1061711 actu_wrong: 34489
2026-07-24 14:33:58,746 P1024389 INFO pr:0.5483  rc:0.5692  auc:0.7900 ap:0.6694 f1: 0.5586 pred_right: 454430 pred_wrong:15370 actu_right: 454992 actu_wrong: 14808
2026-07-24 14:33:58,750 P1024389 INFO ----------------------------------------------------------------------------------------------------
2026-07-24 14:33:58,751 P1024389 INFO 29/50 starting... lr: 0.001 para:0.03333333507180214
2026-07-24 14:34:18,869 P1024389 INFO Epoch 29/50, all_loss:939.50598 cls_loss:846.04236 rec_loss:3649.95435 [20.11s]; best loss:939.50598, patience : 0
2026-07-24 14:34:29,800 P1024389 INFO pr:0.5499  rc:0.6227  auc:0.8217 ap:0.6904 f1: 0.5840 pred_right: 1057151 pred_wrong:39049 actu_right: 1061713 actu_wrong: 34487
2026-07-24 14:34:34,119 P1024389 INFO pr:0.5530  rc:0.6182  auc:0.8194 ap:0.6896 f1: 0.5838 pred_right: 453248 pred_wrong:16552 actu_right: 454992 actu_wrong: 14808
2026-07-24 14:34:34,123 P1024389 INFO ----------------------------------------------------------------------------------------------------
2026-07-24 14:34:34,123 P1024389 INFO 30/50 starting... lr: 0.001 para:0.032258063554763794
2026-07-24 14:35:01,075 P1024389 INFO Epoch 30/50, all_loss:1015.68304 cls_loss:927.76953 rec_loss:3653.08618 [26.95s]; best loss:939.50598, patience : 1
2026-07-24 14:35:11,623 P1024389 INFO pr:0.6397  rc:0.5913  auc:0.8114 ap:0.7148 f1: 0.6146 pred_right: 1064316 pred_wrong:31884 actu_right: 1061707 actu_wrong: 34493
2026-07-24 14:35:15,775 P1024389 INFO pr:0.6495  rc:0.5937  auc:0.8121 ap:0.7184 f1: 0.6204 pred_right: 456263 pred_wrong:13537 actu_right: 454992 actu_wrong: 14808
2026-07-24 14:35:15,779 P1024389 INFO ----------------------------------------------------------------------------------------------------
2026-07-24 14:35:15,779 P1024389 INFO 31/50 starting... lr: 0.001 para:0.03125
2026-07-24 14:35:35,888 P1024389 INFO Epoch 31/50, all_loss:838.32599 cls_loss:748.02057 rec_loss:3637.79370 [20.10s]; best loss:838.32599, patience : 0
2026-07-24 14:35:46,543 P1024389 INFO pr:0.6504  rc:0.5984  auc:0.8117 ap:0.7160 f1: 0.6233 pred_right: 1064460 pred_wrong:31740 actu_right: 1061705 actu_wrong: 34495
2026-07-24 14:35:50,846 P1024389 INFO pr:0.6440  rc:0.5968  auc:0.8101 ap:0.7127 f1: 0.6195 pred_right: 456077 pred_wrong:13723 actu_right: 454992 actu_wrong: 14808
2026-07-24 14:35:50,850 P1024389 INFO ----------------------------------------------------------------------------------------------------
2026-07-24 14:35:50,850 P1024389 INFO 32/50 starting... lr: 0.001 para:0.03030303120613098
2026-07-24 14:36:12,526 P1024389 INFO Epoch 32/50, all_loss:686.08813 cls_loss:592.58344 rec_loss:3678.23389 [21.67s]; best loss:686.08813, patience : 0
2026-07-24 14:36:21,386 P1024389 INFO pr:0.4266  rc:0.8445  auc:0.9162 ap:0.6902 f1: 0.5668 pred_right: 1027914 pred_wrong:68286 actu_right: 1061710 actu_wrong: 34490
2026-07-24 14:36:25,310 P1024389 INFO pr:0.4244  rc:0.8393  auc:0.9128 ap:0.6878 f1: 0.5637 pred_right: 440513 pred_wrong:29287 actu_right: 454992 actu_wrong: 14808
2026-07-24 14:36:25,311 P1024389 INFO ----------------------------------------------------------------------------------------------------
2026-07-24 14:36:25,312 P1024389 INFO 33/50 starting... lr: 0.001 para:0.029411764815449715
2026-07-24 14:36:53,860 P1024389 INFO Epoch 33/50, all_loss:580.93024 cls_loss:489.42920 rec_loss:3600.46484 [28.54s]; best loss:580.93024, patience : 0
2026-07-24 14:37:04,071 P1024389 INFO pr:0.7425  rc:0.5582  auc:0.7945 ap:0.7332 f1: 0.6373 pred_right: 1070271 pred_wrong:25929 actu_right: 1061715 actu_wrong: 34485
2026-07-24 14:37:08,503 P1024389 INFO pr:0.7392  rc:0.5502  auc:0.7904 ap:0.7296 f1: 0.6308 pred_right: 458778 pred_wrong:11022 actu_right: 454992 actu_wrong: 14808
2026-07-24 14:37:08,507 P1024389 INFO ----------------------------------------------------------------------------------------------------
2026-07-24 14:37:08,507 P1024389 INFO 34/50 starting... lr: 0.001 para:0.02857142873108387
2026-07-24 14:37:28,497 P1024389 INFO Epoch 34/50, all_loss:559.31390 cls_loss:470.03210 rec_loss:3594.89502 [19.99s]; best loss:559.31390, patience : 0
2026-07-24 14:37:38,812 P1024389 INFO pr:0.8051  rc:0.4855  auc:0.7529 ap:0.7134 f1: 0.6057 pred_right: 1075404 pred_wrong:20796 actu_right: 1061714 actu_wrong: 34486
2026-07-24 14:37:43,097 P1024389 INFO pr:0.8022  rc:0.4843  auc:0.7524 ap:0.7126 f1: 0.6039 pred_right: 460861 pred_wrong:8939 actu_right: 454992 actu_wrong: 14808
2026-07-24 14:37:43,098 P1024389 INFO ----------------------------------------------------------------------------------------------------
2026-07-24 14:37:43,098 P1024389 INFO 35/50 starting... lr: 0.001 para:0.02777777798473835
2026-07-24 14:38:02,855 P1024389 INFO Epoch 35/50, all_loss:442.35040 cls_loss:353.82581 rec_loss:3540.71191 [19.75s]; best loss:442.35040, patience : 0
2026-07-24 14:38:20,813 P1024389 INFO pr:0.7583  rc:0.5576  auc:0.7961 ap:0.7387 f1: 0.6427 pred_right: 1070836 pred_wrong:25364 actu_right: 1061710 actu_wrong: 34490
2026-07-24 14:38:25,559 P1024389 INFO pr:0.7646  rc:0.5591  auc:0.7950 ap:0.7392 f1: 0.6459 pred_right: 458972 pred_wrong:10828 actu_right: 454992 actu_wrong: 14808
2026-07-24 14:38:25,563 P1024389 INFO ----------------------------------------------------------------------------------------------------
2026-07-24 14:38:25,564 P1024389 INFO 36/50 starting... lr: 0.001 para:0.027027027681469917
2026-07-24 14:38:45,701 P1024389 INFO Epoch 36/50, all_loss:489.69650 cls_loss:404.56885 rec_loss:3554.29102 [20.14s]; best loss:442.35040, patience : 1
2026-07-24 14:38:55,832 P1024389 INFO pr:0.4787  rc:0.8134  auc:0.9089 ap:0.7097 f1: 0.6027 pred_right: 1037607 pred_wrong:58593 actu_right: 1061713 actu_wrong: 34487
2026-07-24 14:39:00,076 P1024389 INFO pr:0.4776  rc:0.8033  auc:0.9046 ap:0.7070 f1: 0.5990 pred_right: 444894 pred_wrong:24906 actu_right: 454992 actu_wrong: 14808
2026-07-24 14:39:00,077 P1024389 INFO ----------------------------------------------------------------------------------------------------
2026-07-24 14:39:00,077 P1024389 INFO 37/50 starting... lr: 0.001 para:0.02631578966975212
2026-07-24 14:39:20,099 P1024389 INFO Epoch 37/50, all_loss:370.65756 cls_loss:284.05029 rec_loss:3575.12817 [20.02s]; best loss:370.65756, patience : 0
2026-07-24 14:39:30,864 P1024389 INFO pr:0.6961  rc:0.6566  auc:0.8585 ap:0.7715 f1: 0.6758 pred_right: 1063666 pred_wrong:32534 actu_right: 1061711 actu_wrong: 34489
2026-07-24 14:39:36,897 P1024389 INFO pr:0.6993  rc:0.6523  auc:0.8558 ap:0.7708 f1: 0.6750 pred_right: 455988 pred_wrong:13812 actu_right: 454992 actu_wrong: 14808
2026-07-24 14:39:36,900 P1024389 INFO ----------------------------------------------------------------------------------------------------
2026-07-24 14:39:36,900 P1024389 INFO 38/50 starting... lr: 0.001 para:0.025641025975346565
2026-07-24 14:40:01,148 P1024389 INFO Epoch 38/50, all_loss:294.29700 cls_loss:211.52779 rec_loss:3439.52808 [24.24s]; best loss:294.29700, patience : 0
2026-07-24 14:40:13,012 P1024389 INFO pr:0.7482  rc:0.6039  auc:0.8347 ap:0.7732 f1: 0.6683 pred_right: 1068362 pred_wrong:27838 actu_right: 1061710 actu_wrong: 34490
2026-07-24 14:40:17,502 P1024389 INFO pr:0.7521  rc:0.5971  auc:0.8310 ap:0.7711 f1: 0.6657 pred_right: 458044 pred_wrong:11756 actu_right: 454992 actu_wrong: 14808
2026-07-24 14:40:17,503 P1024389 INFO ----------------------------------------------------------------------------------------------------
2026-07-24 14:40:17,503 P1024389 INFO 39/50 starting... lr: 0.001 para:0.02500000037252903
2026-07-24 14:40:37,448 P1024389 INFO Epoch 39/50, all_loss:236.21078 cls_loss:156.86340 rec_loss:3330.75854 [19.94s]; best loss:236.21078, patience : 0
2026-07-24 14:40:47,858 P1024389 INFO pr:0.7485  rc:0.6759  auc:0.8816 ap:0.8132 f1: 0.7103 pred_right: 1065058 pred_wrong:31142 actu_right: 1061711 actu_wrong: 34489
2026-07-24 14:40:52,315 P1024389 INFO pr:0.7534  rc:0.6721  auc:0.8795 ap:0.8131 f1: 0.7104 pred_right: 456589 pred_wrong:13211 actu_right: 454992 actu_wrong: 14808
2026-07-24 14:40:52,320 P1024389 INFO ----------------------------------------------------------------------------------------------------
2026-07-24 14:40:52,320 P1024389 INFO 40/50 starting... lr: 0.001 para:0.024390242993831635
2026-07-24 14:41:12,097 P1024389 INFO Epoch 40/50, all_loss:192.66068 cls_loss:114.62766 rec_loss:3313.98120 [19.77s]; best loss:192.66068, patience : 0
2026-07-24 14:41:23,044 P1024389 INFO pr:0.6643  rc:0.7000  auc:0.8995 ap:0.7964 f1: 0.6817 pred_right: 1059856 pred_wrong:36344 actu_right: 1061709 actu_wrong: 34491
2026-07-24 14:41:27,166 P1024389 INFO pr:0.6667  rc:0.6979  auc:0.8983 ap:0.7969 f1: 0.6819 pred_right: 454299 pred_wrong:15501 actu_right: 454992 actu_wrong: 14808
2026-07-24 14:41:27,167 P1024389 INFO ----------------------------------------------------------------------------------------------------
2026-07-24 14:41:27,167 P1024389 INFO 41/50 starting... lr: 0.001 para:0.02380952425301075
2026-07-24 14:41:55,223 P1024389 INFO Epoch 41/50, all_loss:151.69273 cls_loss:76.17516 rec_loss:3247.91260 [28.05s]; best loss:151.69273, patience : 0
2026-07-24 14:42:05,197 P1024389 INFO pr:0.7164  rc:0.6977  auc:0.9131 ap:0.8270 f1: 0.7069 pred_right: 1062609 pred_wrong:33591 actu_right: 1061710 actu_wrong: 34490
2026-07-24 14:42:09,662 P1024389 INFO pr:0.7220  rc:0.6998  auc:0.9131 ap:0.8281 f1: 0.7107 pred_right: 455449 pred_wrong:14351 actu_right: 454992 actu_wrong: 14808
2026-07-24 14:42:09,663 P1024389 INFO ----------------------------------------------------------------------------------------------------
2026-07-24 14:42:09,663 P1024389 INFO 42/50 starting... lr: 0.001 para:0.023255813866853714
2026-07-24 14:42:29,711 P1024389 INFO Epoch 42/50, all_loss:144.80650 cls_loss:71.85140 rec_loss:3208.91992 [20.04s]; best loss:144.80650, patience : 0
2026-07-24 14:42:40,000 P1024389 INFO pr:0.5562  rc:0.7284  auc:0.9123 ap:0.7955 f1: 0.6308 pred_right: 1051035 pred_wrong:45165 actu_right: 1061709 actu_wrong: 34491
2026-07-24 14:42:44,419 P1024389 INFO pr:0.5515  rc:0.7241  auc:0.9100 ap:0.7915 f1: 0.6261 pred_right: 450357 pred_wrong:19443 actu_right: 454992 actu_wrong: 14808
2026-07-24 14:42:44,419 P1024389 INFO ----------------------------------------------------------------------------------------------------
2026-07-24 14:42:44,426 P1024389 INFO 43/50 starting... lr: 0.001 para:0.022727273404598236
2026-07-24 14:43:04,473 P1024389 INFO Epoch 43/50, all_loss:112.70921 cls_loss:41.97980 rec_loss:3154.07275 [20.04s]; best loss:112.70921, patience : 0
2026-07-24 14:43:15,324 P1024389 INFO pr:0.7935  rc:0.5800  auc:0.9096 ap:0.8567 f1: 0.6701 pred_right: 1070989 pred_wrong:25211 actu_right: 1061710 actu_wrong: 34490
2026-07-24 14:43:26,774 P1024389 INFO pr:0.7971  rc:0.5819  auc:0.9083 ap:0.8553 f1: 0.6727 pred_right: 458989 pred_wrong:10811 actu_right: 454992 actu_wrong: 14808
2026-07-24 14:43:26,775 P1024389 INFO ----------------------------------------------------------------------------------------------------
2026-07-24 14:43:26,775 P1024389 INFO 44/50 starting... lr: 0.001 para:0.02222222276031971
2026-07-24 14:43:47,353 P1024389 INFO Epoch 44/50, all_loss:85.81918 cls_loss:19.61961 rec_loss:2998.59937 [20.57s]; best loss:85.81918, patience : 0
2026-07-24 14:43:57,727 P1024389 INFO pr:0.7223  rc:0.6424  auc:0.9592 ap:0.8608 f1: 0.6800 pred_right: 1065524 pred_wrong:30676 actu_right: 1061710 actu_wrong: 34490
2026-07-24 14:44:02,289 P1024389 INFO pr:0.7215  rc:0.6415  auc:0.9586 ap:0.8600 f1: 0.6792 pred_right: 456635 pred_wrong:13165 actu_right: 454992 actu_wrong: 14808
2026-07-24 14:44:02,290 P1024389 INFO ----------------------------------------------------------------------------------------------------
2026-07-24 14:44:02,290 P1024389 INFO 45/50 starting... lr: 0.001 para:0.021739130839705467
2026-07-24 14:44:22,277 P1024389 INFO Epoch 45/50, all_loss:75.93587 cls_loss:12.04580 rec_loss:2950.98853 [19.98s]; best loss:75.93587, patience : 0
2026-07-24 14:44:32,484 P1024389 INFO pr:0.3920  rc:0.8532  auc:0.9629 ap:0.7748 f1: 0.5372 pred_right: 1021143 pred_wrong:75057 actu_right: 1061710 actu_wrong: 34490
2026-07-24 14:44:37,079 P1024389 INFO pr:0.3925  rc:0.8495  auc:0.9629 ap:0.7740 f1: 0.5369 pred_right: 437749 pred_wrong:32051 actu_right: 454992 actu_wrong: 14808
2026-07-24 14:44:37,079 P1024389 INFO ----------------------------------------------------------------------------------------------------
2026-07-24 14:44:37,080 P1024389 INFO 46/50 starting... lr: 0.001 para:0.021276595070958138
2026-07-24 14:44:56,325 P1024389 INFO Epoch 46/50, all_loss:73.72935 cls_loss:11.99053 rec_loss:2913.71558 [19.23s]; best loss:73.72935, patience : 0
2026-07-24 14:45:15,616 P1024389 INFO pr:0.8382  rc:0.5318  auc:0.9160 ap:0.8527 f1: 0.6508 pred_right: 1074314 pred_wrong:21886 actu_right: 1061709 actu_wrong: 34491
2026-07-24 14:45:19,913 P1024389 INFO pr:0.8411  rc:0.5302  auc:0.9157 ap:0.8516 f1: 0.6504 pred_right: 460466 pred_wrong:9334 actu_right: 454992 actu_wrong: 14808
2026-07-24 14:45:19,914 P1024389 INFO ----------------------------------------------------------------------------------------------------
2026-07-24 14:45:19,914 P1024389 INFO 47/50 starting... lr: 0.001 para:0.02083333395421505
2026-07-24 14:45:39,494 P1024389 INFO Epoch 47/50, all_loss:69.04270 cls_loss:9.25150 rec_loss:2879.22852 [19.58s]; best loss:69.04270, patience : 0
2026-07-24 14:45:49,872 P1024389 INFO pr:0.8185  rc:0.5809  auc:0.9774 ap:0.8974 f1: 0.6795 pred_right: 1071723 pred_wrong:24477 actu_right: 1061710 actu_wrong: 34490
2026-07-24 14:45:54,083 P1024389 INFO pr:0.8180  rc:0.5831  auc:0.9775 ap:0.8966 f1: 0.6809 pred_right: 459244 pred_wrong:10556 actu_right: 454992 actu_wrong: 14808
2026-07-24 14:45:54,084 P1024389 INFO ----------------------------------------------------------------------------------------------------
2026-07-24 14:45:54,084 P1024389 INFO 48/50 starting... lr: 0.001 para:0.020408162847161293
2026-07-24 14:46:14,526 P1024389 INFO Epoch 48/50, all_loss:64.72574 cls_loss:6.64777 rec_loss:2852.46802 [20.44s]; best loss:64.72574, patience : 0
2026-07-24 14:46:27,015 P1024389 INFO pr:0.7272  rc:0.6765  auc:0.9673 ap:0.8850 f1: 0.7009 pred_right: 1064112 pred_wrong:32088 actu_right: 1061706 actu_wrong: 34494
2026-07-24 14:46:30,477 P1024389 INFO pr:0.7286  rc:0.6719  auc:0.9664 ap:0.8829 f1: 0.6991 pred_right: 456145 pred_wrong:13655 actu_right: 454992 actu_wrong: 14808
2026-07-24 14:46:30,478 P1024389 INFO ----------------------------------------------------------------------------------------------------
2026-07-24 14:46:30,478 P1024389 INFO 49/50 starting... lr: 0.001 para:0.019999999552965164
2026-07-24 14:46:57,817 P1024389 INFO Epoch 49/50, all_loss:64.09560 cls_loss:7.65801 rec_loss:2829.53784 [27.33s]; best loss:64.09560, patience : 0
2026-07-24 14:47:08,454 P1024389 INFO pr:0.6755  rc:0.7195  auc:0.9646 ap:0.8948 f1: 0.6968 pred_right: 1059459 pred_wrong:36741 actu_right: 1061707 actu_wrong: 34493
2026-07-24 14:47:12,758 P1024389 INFO pr:0.6770  rc:0.7170  auc:0.9653 ap:0.8945 f1: 0.6965 pred_right: 454117 pred_wrong:15683 actu_right: 454992 actu_wrong: 14808
2026-07-24 14:47:12,758 P1024389 INFO saving model...
2026-07-24 14:47:12,765 P1024389 INFO FITS_Legendre - loss  best score:64.0956039428711 at epoch 49
2026-07-24 14:47:12,771 P1024389 INFO FITS_Legendre - f1  best score:0.7103350550806783 at epoch 39
2026-07-24 14:47:12,775 P1024389 INFO Average training time per epoch: 21.45 seconds
2026-07-24 14:47:12,775 P1024389 INFO calculate scores...
2026-07-24 14:47:12,776 P1024389 INFO calculate label with loss...
2026-07-24 14:47:12,776 P1024389 INFO FITS_Legendre on ./result/server_only_exps/Basis_updatedFreDF/FITS_Legendre-TT-Epochs50-Seed3-ExpNameRQ2_basis_comparison-BasisTypehermite-lowshow-simplegraph loading...
2026-07-24 14:47:17,017 P1024389 INFO pr:0.6770  rc:0.7170  auc:0.9653 ap:0.8945 f1: 0.6965 pred_right: 454117 pred_wrong:15683 actu_right: 454992 actu_wrong: 14808
2026-07-24 14:47:25,002 P1024389 INFO pr:0.6770  rc:0.7170  auc:0.9653 ap:0.8945 f1: 0.6965 pred_right: 454117 pred_wrong:15683 actu_right: 454992 actu_wrong: 14808
2026-07-24 14:47:25,002 P1024389 INFO Performance Summary:
{'GPU': {'inference_time_per_sample_ms': 0.2102137393710534, 'throughput_samples_per_sec': 4757.062992133334, 'peak_memory_mb': 87.724609375, 'energy_per_sample_joules': 0.011305400010244937}, 'CPU': {'inference_time_per_sample_ms': 0.4235925548522809, 'throughput_samples_per_sec': 2360.759150615216, 'peak_memory_mb': 6007.6796875, 'energy_per_sample_joules': 0.02753351606539826}}
2026-07-24 14:47:25,002 P1024389 INFO Starting clean-room hardware benchmarking...
2026-07-24 14:47:25,919 P1024389 INFO Performance with loss: pr:0.6770  rc:0.7170  auc:0.9653 ap:0.8945 f1: 0.6965 pred_right: 454117 pred_wrong:15683 actu_right: 454992 actu_wrong: 14808
2026-07-24 14:47:25,919 P1024389 INFO calculate label with f1...
2026-07-24 14:47:25,919 P1024389 INFO FITS_Legendre on ./result/server_only_exps/Basis_updatedFreDF/FITS_Legendre-TT-Epochs50-Seed3-ExpNameRQ2_basis_comparison-BasisTypehermite-lowshow-simplegraph loading...
2026-07-24 14:47:30,293 P1024389 INFO pr:0.7534  rc:0.6721  auc:0.8795 ap:0.8131 f1: 0.7104 pred_right: 456589 pred_wrong:13211 actu_right: 454992 actu_wrong: 14808
2026-07-24 14:47:38,416 P1024389 INFO pr:0.7534  rc:0.6721  auc:0.8795 ap:0.8131 f1: 0.7104 pred_right: 456589 pred_wrong:13211 actu_right: 454992 actu_wrong: 14808
2026-07-24 14:47:38,416 P1024389 INFO Performance Summary:
{'GPU': {'inference_time_per_sample_ms': 0.22436109996143083, 'throughput_samples_per_sec': 4457.100630064243, 'peak_memory_mb': 87.220703125, 'energy_per_sample_joules': 0.012115387217367284}, 'CPU': {'inference_time_per_sample_ms': 0.44023426747896915, 'throughput_samples_per_sec': 2271.5178573593703, 'peak_memory_mb': 5873.66796875, 'energy_per_sample_joules': 0.028615227386132994}}
2026-07-24 14:47:38,417 P1024389 INFO Starting clean-room hardware benchmarking...
2026-07-24 14:47:39,307 P1024389 INFO Performance with f1: pr:0.7534  rc:0.6721  auc:0.8795 ap:0.8131 f1: 0.7104 pred_right: 456589 pred_wrong:13211 actu_right: 454992 actu_wrong: 14808
