2026-09-16 18:58:54,890 P1263181 INFO ---- Model: ----MSTGAD-586641c4----random_seed : 3----req_loss_approach : Legendre-style----rec_lambda : 1.0----auxi_lambda : 0.0----Freq Domain : FITS_Legendre----Multi Fits : false----train : True----evaluate : False
2026-09-16 18:58:54,892 P1263181 INFO read Tranform data
2026-09-16 18:59:01,045 P1263181 INFO read Graph edge data
2026-09-16 18:59:01,047 P1263181 INFO Fewshot: training with 1.0 of the 70% of the data
2026-09-16 18:59:01,466 P1263181 INFO Trainable Parameters Breakdown:
2026-09-16 18:59:01,466 P1263181 INFO --------------------------------------------------------------------------------
2026-09-16 18:59:01,467 P1263181 INFO Reconstruction-Specific Parameters:
2026-09-16 18:59:01,467 P1263181 INFO node_emb.linear.weight                   | shape: (4, 3)                    | params: 12
2026-09-16 18:59:01,467 P1263181 INFO node_emb.linear.bias                     | shape: (4,)                      | params: 4
2026-09-16 18:59:01,467 P1263181 INFO log_emb.linear.weight                    | shape: (16, 256)                 | params: 4,096
2026-09-16 18:59:01,467 P1263181 INFO log_emb.linear.bias                      | shape: (16,)                     | params: 16
2026-09-16 18:59:01,467 P1263181 INFO egde_emb.linear.weight                   | shape: (4, 7)                    | params: 28
2026-09-16 18:59:01,468 P1263181 INFO egde_emb.linear.bias                     | shape: (4,)                      | params: 4
2026-09-16 18:59:01,468 P1263181 INFO dense_node.weight                        | shape: (3, 4)                    | params: 12
2026-09-16 18:59:01,468 P1263181 INFO dense_node.bias                          | shape: (3,)                      | params: 3
2026-09-16 18:59:01,468 P1263181 INFO dense_log.weight                         | shape: (256, 16)                 | params: 4,096
2026-09-16 18:59:01,468 P1263181 INFO dense_log.bias                           | shape: (256,)                    | params: 256
2026-09-16 18:59:01,470 P1263181 INFO dense_edge.weight                        | shape: (7, 4)                    | params: 28
2026-09-16 18:59:01,471 P1263181 INFO dense_edge.bias                          | shape: (7,)                      | params: 7
2026-09-16 18:59:01,472 P1263181 INFO linear_attn.Wq.weight                    | shape: (10, 10)                  | params: 100
2026-09-16 18:59:01,472 P1263181 INFO linear_attn.Wk.weight                    | shape: (10, 10)                  | params: 100
2026-09-16 18:59:01,472 P1263181 INFO linear_attn.Wv.weight                    | shape: (10, 10)                  | params: 100
2026-09-16 18:59:01,472 P1263181 INFO linear_attn.out.weight                   | shape: (10, 10)                  | params: 100
2026-09-16 18:59:01,472 P1263181 INFO linear_attn.out.bias                     | shape: (10,)                     | params: 10
2026-09-16 18:59:01,472 P1263181 INFO linear_attn.norm.weight                  | shape: (10,)                     | params: 10
2026-09-16 18:59:01,473 P1263181 INFO linear_attn.norm.bias                    | shape: (10,)                     | params: 10
2026-09-16 18:59:01,473 P1263181 INFO shared_fits.normlin_W                    | shape: (3, 3)                    | params: 9
2026-09-16 18:59:01,473 P1263181 INFO shared_fits.freq_upsampler.weight        | shape: (3, 3)                    | params: 9
2026-09-16 18:59:01,473 P1263181 INFO shared_fits.freq_upsampler.bias          | shape: (3,)                      | params: 3
2026-09-16 18:59:01,473 P1263181 INFO modality_proj.node.weight                | shape: (10, 4)                   | params: 40
2026-09-16 18:59:01,474 P1263181 INFO modality_proj.node.bias                  | shape: (10,)                     | params: 10
2026-09-16 18:59:01,474 P1263181 INFO modality_proj.log.weight                 | shape: (10, 16)                  | params: 160
2026-09-16 18:59:01,475 P1263181 INFO modality_proj.log.bias                   | shape: (10,)                     | params: 10
2026-09-16 18:59:01,475 P1263181 INFO modality_proj.edge.weight                | shape: (10, 4)                   | params: 40
2026-09-16 18:59:01,476 P1263181 INFO modality_proj.edge.bias                  | shape: (10,)                     | params: 10
2026-09-16 18:59:01,477 P1263181 INFO modality_proj_out.node.weight            | shape: (4, 10)                   | params: 40
2026-09-16 18:59:01,477 P1263181 INFO modality_proj_out.node.bias              | shape: (4,)                      | params: 4
2026-09-16 18:59:01,478 P1263181 INFO modality_proj_out.log.weight             | shape: (16, 10)                  | params: 160
2026-09-16 18:59:01,478 P1263181 INFO modality_proj_out.log.bias               | shape: (16,)                     | params: 16
2026-09-16 18:59:01,478 P1263181 INFO modality_proj_out.edge.weight            | shape: (4, 10)                   | params: 40
2026-09-16 18:59:01,478 P1263181 INFO modality_proj_out.edge.bias              | shape: (4,)                      | params: 4
2026-09-16 18:59:01,478 P1263181 INFO Subtotal: 9,547
2026-09-16 18:59:01,478 P1263181 INFO --------------------------------------------------------------------------------
2026-09-16 18:59:01,478 P1263181 INFO Common Parameters:
2026-09-16 18:59:01,479 P1263181 INFO show.0.weight                            | shape: (128, 266)                | params: 34,048
2026-09-16 18:59:01,479 P1263181 INFO show.0.bias                              | shape: (128,)                    | params: 128
2026-09-16 18:59:01,479 P1263181 INFO show.2.weight                            | shape: (2, 128)                  | params: 256
2026-09-16 18:59:01,479 P1263181 INFO show.2.bias                              | shape: (2,)                      | params: 2
2026-09-16 18:59:01,479 P1263181 INFO Subtotal: 34,434
2026-09-16 18:59:01,479 P1263181 INFO --------------------------------------------------------------------------------
2026-09-16 18:59:01,481 P1263181 INFO Total Trainable Parameters: 43,981

2026-09-16 18:59:01,481 P1263181 INFO Trainable Parameters: 43981, reconstruction: 9547, common: 34434
2026-09-16 18:59:01,483 P1263181 INFO model : init weight
2026-09-16 18:59:01,485 P1263181 INFO Using GPU...
2026-09-16 18:59:01,498 P1263181 INFO optimizer : using AdaBelief
2026-09-16 18:59:01,500 P1263181 INFO ----------------------------------------------------------------------------------------------------
2026-09-16 18:59:01,501 P1263181 INFO 0/300 starting... lr: 0.001 para:1.0
2026-09-16 18:59:26,964 P1263181 INFO Epoch 0/300, all_loss:0.03063 cls_loss:34.56820 rec_loss:0.03063 [25.45s]; best loss:0.03063, patience : 0
2026-09-16 18:59:26,966 P1263181 INFO ----------------------------------------------------------------------------------------------------
2026-09-16 18:59:26,967 P1263181 INFO 1/300 starting... lr: 0.001 para:0.5
2026-09-16 18:59:47,259 P1263181 INFO Epoch 1/300, all_loss:2.73766 cls_loss:5.41549 rec_loss:0.05984 [20.28s]; best loss:2.73766, patience : 0
2026-09-16 18:59:47,260 P1263181 INFO ----------------------------------------------------------------------------------------------------
2026-09-16 18:59:47,262 P1263181 INFO 2/300 starting... lr: 0.001 para:0.3333333432674408
2026-09-16 19:00:08,631 P1263181 INFO Epoch 2/300, all_loss:0.73212 cls_loss:1.05446 rec_loss:0.08743 [21.36s]; best loss:0.73212, patience : 0
2026-09-16 19:00:14,670 P1263181 INFO pr:0.9102  rc:0.5617  auc:0.9357 ap:0.8850 f1: 0.6947 pred_right: 38755 pred_wrong:245 actu_right: 38603 actu_wrong: 397
2026-09-16 19:00:17,128 P1263181 INFO pr:0.9114  rc:0.5581  auc:0.9380 ap:0.8900 f1: 0.6923 pred_right: 16421 pred_wrong:79 actu_right: 16371 actu_wrong: 129
2026-09-16 19:00:17,139 P1263181 INFO ----------------------------------------------------------------------------------------------------
2026-09-16 19:00:17,139 P1263181 INFO 3/300 starting... lr: 0.001 para:0.25
2026-09-16 19:00:39,081 P1263181 INFO Epoch 3/300, all_loss:0.55770 cls_loss:0.71553 rec_loss:0.08421 [21.93s]; best loss:0.55770, patience : 0
2026-09-16 19:00:46,690 P1263181 INFO pr:0.8758  rc:0.6927  auc:0.9446 ap:0.8989 f1: 0.7736 pred_right: 38686 pred_wrong:314 actu_right: 38603 actu_wrong: 397
2026-09-16 19:00:49,319 P1263181 INFO pr:0.8614  rc:0.6744  auc:0.9375 ap:0.9094 f1: 0.7565 pred_right: 16399 pred_wrong:101 actu_right: 16371 actu_wrong: 129
2026-09-16 19:00:49,332 P1263181 INFO ----------------------------------------------------------------------------------------------------
2026-09-16 19:00:49,332 P1263181 INFO 4/300 starting... lr: 0.001 para:0.20000000298023224
2026-09-16 19:01:09,475 P1263181 INFO Epoch 4/300, all_loss:0.44249 cls_loss:0.53217 rec_loss:0.08378 [20.13s]; best loss:0.44249, patience : 0
2026-09-16 19:01:15,614 P1263181 INFO pr:0.8893  rc:0.6894  auc:0.9482 ap:0.8997 f1: 0.7767 pred_right: 38693 pred_wrong:307 actu_right: 38604 actu_wrong: 396
2026-09-16 19:01:18,551 P1263181 INFO pr:0.9149  rc:0.6667  auc:0.9360 ap:0.9129 f1: 0.7713 pred_right: 16406 pred_wrong:94 actu_right: 16371 actu_wrong: 129
2026-09-16 19:01:18,561 P1263181 INFO ----------------------------------------------------------------------------------------------------
2026-09-16 19:01:18,562 P1263181 INFO 5/300 starting... lr: 0.001 para:0.1666666716337204
2026-09-16 19:01:37,490 P1263181 INFO Epoch 5/300, all_loss:1.99960 cls_loss:2.38361 rec_loss:0.07954 [18.93s]; best loss:0.44249, patience : 1
2026-09-16 19:01:41,500 P1263181 INFO pr:0.8639  rc:0.7374  auc:0.9494 ap:0.9044 f1: 0.7956 pred_right: 38662 pred_wrong:338 actu_right: 38604 actu_wrong: 396
2026-09-16 19:01:43,717 P1263181 INFO pr:0.8868  rc:0.7287  auc:0.9418 ap:0.9117 f1: 0.8000 pred_right: 16394 pred_wrong:106 actu_right: 16371 actu_wrong: 129
2026-09-16 19:01:43,724 P1263181 INFO ----------------------------------------------------------------------------------------------------
2026-09-16 19:01:43,724 P1263181 INFO 6/300 starting... lr: 0.001 para:0.1428571492433548
2026-09-16 19:02:18,265 P1263181 INFO Epoch 6/300, all_loss:0.40539 cls_loss:0.45980 rec_loss:0.07890 [34.53s]; best loss:0.40539, patience : 0
2026-09-16 19:02:24,191 P1263181 INFO pr:0.9231  rc:0.7254  auc:0.9572 ap:0.9251 f1: 0.8124 pred_right: 38688 pred_wrong:312 actu_right: 38603 actu_wrong: 397
2026-09-16 19:02:27,019 P1263181 INFO pr:0.9368  rc:0.6899  auc:0.9489 ap:0.9272 f1: 0.7946 pred_right: 16405 pred_wrong:95 actu_right: 16371 actu_wrong: 129
2026-09-16 19:02:27,031 P1263181 INFO ----------------------------------------------------------------------------------------------------
2026-09-16 19:02:27,031 P1263181 INFO 7/300 starting... lr: 0.001 para:0.125
2026-09-16 19:02:46,267 P1263181 INFO Epoch 7/300, all_loss:0.39262 cls_loss:0.43806 rec_loss:0.07460 [19.23s]; best loss:0.39262, patience : 0
2026-09-16 19:02:52,221 P1263181 INFO pr:0.9462  rc:0.6667  auc:0.9573 ap:0.9292 f1: 0.7822 pred_right: 38721 pred_wrong:279 actu_right: 38604 actu_wrong: 396
2026-09-16 19:02:55,111 P1263181 INFO pr:0.9545  rc:0.6512  auc:0.9572 ap:0.9264 f1: 0.7742 pred_right: 16412 pred_wrong:88 actu_right: 16371 actu_wrong: 129
2026-09-16 19:02:55,114 P1263181 INFO ----------------------------------------------------------------------------------------------------
2026-09-16 19:02:55,114 P1263181 INFO 8/300 starting... lr: 0.001 para:0.1111111119389534
2026-09-16 19:03:15,334 P1263181 INFO Epoch 8/300, all_loss:0.34029 cls_loss:0.37372 rec_loss:0.07287 [20.21s]; best loss:0.34029, patience : 0
2026-09-16 19:03:21,235 P1263181 INFO pr:0.9204  rc:0.7298  auc:0.9564 ap:0.9322 f1: 0.8141 pred_right: 38686 pred_wrong:314 actu_right: 38604 actu_wrong: 396
2026-09-16 19:03:25,006 P1263181 INFO pr:0.9029  rc:0.7209  auc:0.9519 ap:0.9221 f1: 0.8017 pred_right: 16397 pred_wrong:103 actu_right: 16371 actu_wrong: 129
2026-09-16 19:03:25,021 P1263181 INFO ----------------------------------------------------------------------------------------------------
2026-09-16 19:03:25,023 P1263181 INFO 9/300 starting... lr: 0.001 para:0.10000000149011612
2026-09-16 19:03:46,319 P1263181 INFO Epoch 9/300, all_loss:0.35738 cls_loss:0.38905 rec_loss:0.07231 [21.29s]; best loss:0.34029, patience : 1
2026-09-16 19:03:54,362 P1263181 INFO pr:0.9125  rc:0.7884  auc:0.9683 ap:0.9469 f1: 0.8459 pred_right: 38657 pred_wrong:343 actu_right: 38603 actu_wrong: 397
2026-09-16 19:03:56,770 P1263181 INFO pr:0.9018  rc:0.7829  auc:0.9812 ap:0.9378 f1: 0.8382 pred_right: 16388 pred_wrong:112 actu_right: 16371 actu_wrong: 129
2026-09-16 19:03:56,779 P1263181 INFO ----------------------------------------------------------------------------------------------------
2026-09-16 19:03:56,779 P1263181 INFO 10/300 starting... lr: 0.001 para:0.09090909361839294
2026-09-16 19:04:17,043 P1263181 INFO Epoch 10/300, all_loss:0.34032 cls_loss:0.36733 rec_loss:0.07025 [20.26s]; best loss:0.34029, patience : 1
2026-09-16 19:04:21,897 P1263181 INFO pr:0.9311  rc:0.7834  auc:0.9722 ap:0.9455 f1: 0.8509 pred_right: 38666 pred_wrong:334 actu_right: 38603 actu_wrong: 397
2026-09-16 19:04:24,352 P1263181 INFO pr:0.8899  rc:0.7519  auc:0.9751 ap:0.9457 f1: 0.8151 pred_right: 16391 pred_wrong:109 actu_right: 16371 actu_wrong: 129
2026-09-16 19:04:24,362 P1263181 INFO ----------------------------------------------------------------------------------------------------
2026-09-16 19:04:24,363 P1263181 INFO 11/300 starting... lr: 0.001 para:0.0833333358168602
2026-09-16 19:04:43,736 P1263181 INFO Epoch 11/300, all_loss:0.39174 cls_loss:0.42074 rec_loss:0.07271 [19.37s]; best loss:0.34029, patience : 2
2026-09-16 19:04:47,864 P1263181 INFO pr:0.9065  rc:0.8060  auc:0.9716 ap:0.9442 f1: 0.8533 pred_right: 38647 pred_wrong:353 actu_right: 38603 actu_wrong: 397
2026-09-16 19:04:49,992 P1263181 INFO pr:0.8689  rc:0.8217  auc:0.9726 ap:0.9344 f1: 0.8446 pred_right: 16378 pred_wrong:122 actu_right: 16371 actu_wrong: 129
2026-09-16 19:04:50,001 P1263181 INFO ----------------------------------------------------------------------------------------------------
2026-09-16 19:04:50,001 P1263181 INFO 12/300 starting... lr: 0.001 para:0.07692307978868484
2026-09-16 19:05:22,924 P1263181 INFO Epoch 12/300, all_loss:0.32405 cls_loss:0.34552 rec_loss:0.06635 [32.91s]; best loss:0.32405, patience : 0
2026-09-16 19:05:30,841 P1263181 INFO pr:0.9505  rc:0.6793  auc:0.9701 ap:0.9550 f1: 0.7923 pred_right: 38717 pred_wrong:283 actu_right: 38604 actu_wrong: 396
2026-09-16 19:05:33,432 P1263181 INFO pr:0.9540  rc:0.6434  auc:0.9794 ap:0.9454 f1: 0.7685 pred_right: 16413 pred_wrong:87 actu_right: 16371 actu_wrong: 129
2026-09-16 19:05:33,433 P1263181 INFO ----------------------------------------------------------------------------------------------------
2026-09-16 19:05:33,433 P1263181 INFO 13/300 starting... lr: 0.001 para:0.0714285746216774
2026-09-16 19:05:53,543 P1263181 INFO Epoch 13/300, all_loss:0.25883 cls_loss:0.27389 rec_loss:0.06295 [20.10s]; best loss:0.25883, patience : 0
2026-09-16 19:05:59,060 P1263181 INFO pr:0.8897  rc:0.8763  auc:0.9739 ap:0.9559 f1: 0.8830 pred_right: 38610 pred_wrong:390 actu_right: 38604 actu_wrong: 396
2026-09-16 19:06:02,067 P1263181 INFO pr:0.8623  rc:0.9225  auc:0.9847 ap:0.9430 f1: 0.8914 pred_right: 16362 pred_wrong:138 actu_right: 16371 actu_wrong: 129
2026-09-16 19:06:02,085 P1263181 INFO ----------------------------------------------------------------------------------------------------
2026-09-16 19:06:02,085 P1263181 INFO 14/300 starting... lr: 0.001 para:0.06666667014360428
2026-09-16 19:06:21,970 P1263181 INFO Epoch 14/300, all_loss:0.24595 cls_loss:0.25883 rec_loss:0.06566 [19.87s]; best loss:0.24595, patience : 0
2026-09-16 19:06:28,149 P1263181 INFO pr:0.9408  rc:0.7607  auc:0.9724 ap:0.9537 f1: 0.8412 pred_right: 38679 pred_wrong:321 actu_right: 38603 actu_wrong: 397
2026-09-16 19:06:31,678 P1263181 INFO pr:0.8889  rc:0.7442  auc:0.9716 ap:0.9408 f1: 0.8101 pred_right: 16392 pred_wrong:108 actu_right: 16371 actu_wrong: 129
2026-09-16 19:06:31,680 P1263181 INFO ----------------------------------------------------------------------------------------------------
2026-09-16 19:06:31,680 P1263181 INFO 15/300 starting... lr: 0.001 para:0.0625
2026-09-16 19:06:53,978 P1263181 INFO Epoch 15/300, all_loss:0.24774 cls_loss:0.26002 rec_loss:0.06351 [22.30s]; best loss:0.24595, patience : 1
2026-09-16 19:06:59,909 P1263181 INFO pr:0.9237  rc:0.8237  auc:0.9767 ap:0.9532 f1: 0.8708 pred_right: 38646 pred_wrong:354 actu_right: 38603 actu_wrong: 397
2026-09-16 19:07:02,528 P1263181 INFO pr:0.8468  rc:0.8140  auc:0.9740 ap:0.9339 f1: 0.8300 pred_right: 16376 pred_wrong:124 actu_right: 16371 actu_wrong: 129
2026-09-16 19:07:02,530 P1263181 INFO ----------------------------------------------------------------------------------------------------
2026-09-16 19:07:02,530 P1263181 INFO 16/300 starting... lr: 0.001 para:0.05882352963089943
2026-09-16 19:07:23,132 P1263181 INFO Epoch 16/300, all_loss:0.26565 cls_loss:0.27824 rec_loss:0.06415 [20.60s]; best loss:0.24595, patience : 2
2026-09-16 19:07:31,194 P1263181 INFO pr:0.9326  rc:0.8363  auc:0.9955 ap:0.9602 f1: 0.8818 pred_right: 38644 pred_wrong:356 actu_right: 38603 actu_wrong: 397
2026-09-16 19:07:33,643 P1263181 INFO pr:0.8760  rc:0.8217  auc:0.9981 ap:0.9426 f1: 0.8480 pred_right: 16379 pred_wrong:121 actu_right: 16371 actu_wrong: 129
2026-09-16 19:07:33,644 P1263181 INFO ----------------------------------------------------------------------------------------------------
2026-09-16 19:07:33,644 P1263181 INFO 17/300 starting... lr: 0.001 para:0.0555555559694767
2026-09-16 19:07:50,973 P1263181 INFO Epoch 17/300, all_loss:0.21644 cls_loss:0.22565 rec_loss:0.05999 [17.32s]; best loss:0.21644, patience : 0
2026-09-16 19:07:54,755 P1263181 INFO pr:0.9223  rc:0.8665  auc:0.9825 ap:0.9606 f1: 0.8935 pred_right: 38627 pred_wrong:373 actu_right: 38603 actu_wrong: 397
2026-09-16 19:07:56,661 P1263181 INFO pr:0.8478  rc:0.9070  auc:0.9807 ap:0.9397 f1: 0.8764 pred_right: 16362 pred_wrong:138 actu_right: 16371 actu_wrong: 129
2026-09-16 19:07:56,670 P1263181 INFO ----------------------------------------------------------------------------------------------------
2026-09-16 19:07:56,671 P1263181 INFO 18/300 starting... lr: 0.001 para:0.05263157933950424
2026-09-16 19:08:29,204 P1263181 INFO Epoch 18/300, all_loss:0.23488 cls_loss:0.24460 rec_loss:0.05998 [32.53s]; best loss:0.21644, patience : 1
2026-09-16 19:08:36,909 P1263181 INFO pr:0.9180  rc:0.8763  auc:0.9871 ap:0.9610 f1: 0.8966 pred_right: 38622 pred_wrong:378 actu_right: 38604 actu_wrong: 396
2026-09-16 19:08:40,137 P1263181 INFO pr:0.8489  rc:0.9147  auc:0.9835 ap:0.9321 f1: 0.8806 pred_right: 16361 pred_wrong:139 actu_right: 16371 actu_wrong: 129
2026-09-16 19:08:40,147 P1263181 INFO ----------------------------------------------------------------------------------------------------
2026-09-16 19:08:40,147 P1263181 INFO 19/300 starting... lr: 0.001 para:0.05000000074505806
2026-09-16 19:08:59,441 P1263181 INFO Epoch 19/300, all_loss:0.22005 cls_loss:0.22856 rec_loss:0.05823 [19.29s]; best loss:0.21644, patience : 1
2026-09-16 19:09:06,491 P1263181 INFO pr:0.9330  rc:0.8413  auc:0.9907 ap:0.9677 f1: 0.8848 pred_right: 38642 pred_wrong:358 actu_right: 38603 actu_wrong: 397
2026-09-16 19:09:09,538 P1263181 INFO pr:0.8889  rc:0.8682  auc:0.9828 ap:0.9433 f1: 0.8784 pred_right: 16374 pred_wrong:126 actu_right: 16371 actu_wrong: 129
2026-09-16 19:09:09,540 P1263181 INFO ----------------------------------------------------------------------------------------------------
2026-09-16 19:09:09,540 P1263181 INFO 20/300 starting... lr: 0.001 para:0.0476190485060215
2026-09-16 19:09:30,070 P1263181 INFO Epoch 20/300, all_loss:0.15871 cls_loss:0.16369 rec_loss:0.05931 [20.52s]; best loss:0.15871, patience : 0
2026-09-16 19:09:36,382 P1263181 INFO pr:0.9266  rc:0.8283  auc:0.9804 ap:0.9567 f1: 0.8747 pred_right: 38646 pred_wrong:354 actu_right: 38604 actu_wrong: 396
2026-09-16 19:09:39,312 P1263181 INFO pr:0.8438  rc:0.8372  auc:0.9702 ap:0.9181 f1: 0.8405 pred_right: 16372 pred_wrong:128 actu_right: 16371 actu_wrong: 129
2026-09-16 19:09:39,313 P1263181 INFO ----------------------------------------------------------------------------------------------------
2026-09-16 19:09:39,313 P1263181 INFO 21/300 starting... lr: 0.001 para:0.04545454680919647
2026-09-16 19:10:01,240 P1263181 INFO Epoch 21/300, all_loss:0.19461 cls_loss:0.20111 rec_loss:0.05824 [21.93s]; best loss:0.15871, patience : 1
2026-09-16 19:10:09,264 P1263181 INFO pr:0.9350  rc:0.8712  auc:0.9900 ap:0.9677 f1: 0.9020 pred_right: 38631 pred_wrong:369 actu_right: 38604 actu_wrong: 396
2026-09-16 19:10:11,504 P1263181 INFO pr:0.8864  rc:0.9070  auc:0.9857 ap:0.9407 f1: 0.8966 pred_right: 16368 pred_wrong:132 actu_right: 16371 actu_wrong: 129
2026-09-16 19:10:11,513 P1263181 INFO ----------------------------------------------------------------------------------------------------
2026-09-16 19:10:11,514 P1263181 INFO 22/300 starting... lr: 0.001 para:0.043478261679410934
2026-09-16 19:10:32,198 P1263181 INFO Epoch 22/300, all_loss:0.16653 cls_loss:0.17150 rec_loss:0.05713 [20.68s]; best loss:0.15871, patience : 1
2026-09-16 19:10:38,736 P1263181 INFO pr:0.9030  rc:0.8212  auc:0.9695 ap:0.9325 f1: 0.8602 pred_right: 38639 pred_wrong:361 actu_right: 38603 actu_wrong: 397
2026-09-16 19:10:41,509 P1263181 INFO pr:0.8321  rc:0.8450  auc:0.9710 ap:0.9195 f1: 0.8385 pred_right: 16369 pred_wrong:131 actu_right: 16371 actu_wrong: 129
2026-09-16 19:10:41,510 P1263181 INFO ----------------------------------------------------------------------------------------------------
2026-09-16 19:10:41,511 P1263181 INFO 23/300 starting... lr: 0.001 para:0.0416666679084301
2026-09-16 19:10:59,363 P1263181 INFO Epoch 23/300, all_loss:0.19624 cls_loss:0.20241 rec_loss:0.05445 [17.85s]; best loss:0.15871, patience : 2
2026-09-16 19:11:03,466 P1263181 INFO pr:0.9437  rc:0.8866  auc:0.9849 ap:0.9681 f1: 0.9143 pred_right: 38627 pred_wrong:373 actu_right: 38603 actu_wrong: 397
2026-09-16 19:11:05,360 P1263181 INFO pr:0.8429  rc:0.9147  auc:0.9771 ap:0.9209 f1: 0.8773 pred_right: 16360 pred_wrong:140 actu_right: 16371 actu_wrong: 129
2026-09-16 19:11:05,370 P1263181 INFO ----------------------------------------------------------------------------------------------------
2026-09-16 19:11:05,371 P1263181 INFO 24/300 starting... lr: 0.001 para:0.03999999910593033
2026-09-16 19:11:40,687 P1263181 INFO Epoch 24/300, all_loss:0.13248 cls_loss:0.13573 rec_loss:0.05453 [35.30s]; best loss:0.13248, patience : 0
2026-09-16 19:11:47,001 P1263181 INFO pr:0.9586  rc:0.8741  auc:0.9922 ap:0.9757 f1: 0.9144 pred_right: 38638 pred_wrong:362 actu_right: 38603 actu_wrong: 397
2026-09-16 19:11:49,135 P1263181 INFO pr:0.8456  rc:0.8915  auc:0.9844 ap:0.9335 f1: 0.8679 pred_right: 16364 pred_wrong:136 actu_right: 16371 actu_wrong: 129
2026-09-16 19:11:49,144 P1263181 INFO ----------------------------------------------------------------------------------------------------
2026-09-16 19:11:49,145 P1263181 INFO 25/300 starting... lr: 0.001 para:0.03846153989434242
2026-09-16 19:12:09,152 P1263181 INFO Epoch 25/300, all_loss:0.10625 cls_loss:0.10815 rec_loss:0.05854 [19.99s]; best loss:0.10625, patience : 0
2026-09-16 19:12:15,497 P1263181 INFO pr:0.9594  rc:0.8359  auc:0.9838 ap:0.9669 f1: 0.8934 pred_right: 38655 pred_wrong:345 actu_right: 38604 actu_wrong: 396
2026-09-16 19:12:17,952 P1263181 INFO pr:0.8504  rc:0.8372  auc:0.9734 ap:0.9159 f1: 0.8438 pred_right: 16373 pred_wrong:127 actu_right: 16371 actu_wrong: 129
2026-09-16 19:12:17,955 P1263181 INFO ----------------------------------------------------------------------------------------------------
2026-09-16 19:12:17,956 P1263181 INFO 26/300 starting... lr: 0.001 para:0.03703703731298447
2026-09-16 19:12:38,165 P1263181 INFO Epoch 26/300, all_loss:0.13841 cls_loss:0.14166 rec_loss:0.05376 [20.21s]; best loss:0.10625, patience : 1
2026-09-16 19:12:45,312 P1263181 INFO pr:0.7355  rc:0.9268  auc:0.9847 ap:0.9582 f1: 0.8201 pred_right: 38501 pred_wrong:499 actu_right: 38604 actu_wrong: 396
2026-09-16 19:12:47,602 P1263181 INFO pr:0.7202  rc:0.9380  auc:0.9815 ap:0.9212 f1: 0.8148 pred_right: 16332 pred_wrong:168 actu_right: 16371 actu_wrong: 129
2026-09-16 19:12:47,603 P1263181 INFO ----------------------------------------------------------------------------------------------------
2026-09-16 19:12:47,603 P1263181 INFO 27/300 starting... lr: 0.001 para:0.0357142873108387
2026-09-16 19:13:08,279 P1263181 INFO Epoch 27/300, all_loss:0.12987 cls_loss:0.13262 rec_loss:0.05553 [20.67s]; best loss:0.10625, patience : 1
2026-09-16 19:13:15,150 P1263181 INFO pr:0.8135  rc:0.9141  auc:0.9842 ap:0.9626 f1: 0.8609 pred_right: 38555 pred_wrong:445 actu_right: 38604 actu_wrong: 396
2026-09-16 19:13:17,889 P1263181 INFO pr:0.7727  rc:0.9225  auc:0.9799 ap:0.9133 f1: 0.8410 pred_right: 16346 pred_wrong:154 actu_right: 16371 actu_wrong: 129
2026-09-16 19:13:17,890 P1263181 INFO ----------------------------------------------------------------------------------------------------
2026-09-16 19:13:17,891 P1263181 INFO 28/300 starting... lr: 0.001 para:0.03448275849223137
2026-09-16 19:13:38,914 P1263181 INFO Epoch 28/300, all_loss:0.13651 cls_loss:0.13943 rec_loss:0.05469 [21.02s]; best loss:0.10625, patience : 2
2026-09-16 19:13:46,296 P1263181 INFO pr:0.9454  rc:0.8715  auc:0.9872 ap:0.9673 f1: 0.9069 pred_right: 38634 pred_wrong:366 actu_right: 38603 actu_wrong: 397
2026-09-16 19:13:49,667 P1263181 INFO pr:0.8593  rc:0.8992  auc:0.9775 ap:0.9172 f1: 0.8788 pred_right: 16365 pred_wrong:135 actu_right: 16371 actu_wrong: 129
2026-09-16 19:13:49,668 P1263181 INFO ----------------------------------------------------------------------------------------------------
2026-09-16 19:13:49,669 P1263181 INFO 29/300 starting... lr: 0.001 para:0.03333333507180214
2026-09-16 19:14:07,435 P1263181 INFO Epoch 29/300, all_loss:0.17164 cls_loss:0.17564 rec_loss:0.05578 [17.77s]; best loss:0.10625, patience : 3
2026-09-16 19:14:11,502 P1263181 INFO pr:0.9286  rc:0.8535  auc:0.9826 ap:0.9752 f1: 0.8895 pred_right: 38636 pred_wrong:364 actu_right: 38604 actu_wrong: 396
2026-09-16 19:14:13,026 P1263181 INFO pr:0.8702  rc:0.8837  auc:0.9764 ap:0.9186 f1: 0.8769 pred_right: 16369 pred_wrong:131 actu_right: 16371 actu_wrong: 129
2026-09-16 19:14:13,028 P1263181 INFO ----------------------------------------------------------------------------------------------------
2026-09-16 19:14:13,029 P1263181 INFO 30/300 starting... lr: 0.001 para:0.032258063554763794
2026-09-16 19:14:47,098 P1263181 INFO Epoch 30/300, all_loss:0.12016 cls_loss:0.12236 rec_loss:0.05402 [34.07s]; best loss:0.10625, patience : 3
2026-09-16 19:14:52,217 P1263181 INFO pr:0.9552  rc:0.8589  auc:0.9820 ap:0.9728 f1: 0.9045 pred_right: 38643 pred_wrong:357 actu_right: 38603 actu_wrong: 397
2026-09-16 19:14:54,729 P1263181 INFO pr:0.8923  rc:0.8992  auc:0.9823 ap:0.9413 f1: 0.8958 pred_right: 16370 pred_wrong:130 actu_right: 16371 actu_wrong: 129
2026-09-16 19:14:54,730 P1263181 INFO ----------------------------------------------------------------------------------------------------
2026-09-16 19:14:54,731 P1263181 INFO 31/300 starting... lr: 0.001 para:0.03125
2026-09-16 19:15:13,896 P1263181 INFO Epoch 31/300, all_loss:0.14165 cls_loss:0.14439 rec_loss:0.05665 [19.16s]; best loss:0.10625, patience : 4
2026-09-16 19:15:19,297 P1263181 INFO pr:0.9286  rc:0.8841  auc:0.9781 ap:0.9618 f1: 0.9058 pred_right: 38622 pred_wrong:378 actu_right: 38603 actu_wrong: 397
2026-09-16 19:15:21,811 P1263181 INFO pr:0.8369  rc:0.9147  auc:0.9691 ap:0.9182 f1: 0.8741 pred_right: 16359 pred_wrong:141 actu_right: 16371 actu_wrong: 129
2026-09-16 19:15:21,813 P1263181 INFO ----------------------------------------------------------------------------------------------------
2026-09-16 19:15:21,814 P1263181 INFO 32/300 starting... lr: 0.001 para:0.03030303120613098
2026-09-16 19:15:42,245 P1263181 INFO Epoch 32/300, all_loss:0.11848 cls_loss:0.12048 rec_loss:0.05433 [20.43s]; best loss:0.10625, patience : 4
2026-09-16 19:15:47,688 P1263181 INFO pr:0.9175  rc:0.9244  auc:0.9925 ap:0.9792 f1: 0.9210 pred_right: 38600 pred_wrong:400 actu_right: 38603 actu_wrong: 397
2026-09-16 19:15:50,254 P1263181 INFO pr:0.8403  rc:0.9380  auc:0.9940 ap:0.9392 f1: 0.8864 pred_right: 16356 pred_wrong:144 actu_right: 16371 actu_wrong: 129
2026-09-16 19:15:50,264 P1263181 INFO ----------------------------------------------------------------------------------------------------
2026-09-16 19:15:50,265 P1263181 INFO 33/300 starting... lr: 0.001 para:0.029411764815449715
2026-09-16 19:16:12,689 P1263181 INFO Epoch 33/300, all_loss:0.11815 cls_loss:0.12012 rec_loss:0.05311 [22.42s]; best loss:0.10625, patience : 4
2026-09-16 19:16:20,752 P1263181 INFO pr:0.9342  rc:0.8965  auc:0.9909 ap:0.9742 f1: 0.9149 pred_right: 38620 pred_wrong:380 actu_right: 38604 actu_wrong: 396
2026-09-16 19:16:22,973 P1263181 INFO pr:0.8571  rc:0.9302  auc:0.9870 ap:0.9434 f1: 0.8922 pred_right: 16360 pred_wrong:140 actu_right: 16371 actu_wrong: 129
2026-09-16 19:16:22,974 P1263181 INFO ----------------------------------------------------------------------------------------------------
2026-09-16 19:16:22,974 P1263181 INFO 34/300 starting... lr: 0.001 para:0.02857142873108387
2026-09-16 19:16:43,847 P1263181 INFO Epoch 34/300, all_loss:0.07802 cls_loss:0.07872 rec_loss:0.05437 [20.86s]; best loss:0.07802, patience : 0
2026-09-16 19:16:49,611 P1263181 INFO pr:0.9560  rc:0.8766  auc:0.9857 ap:0.9737 f1: 0.9146 pred_right: 38636 pred_wrong:364 actu_right: 38603 actu_wrong: 397
2026-09-16 19:16:52,282 P1263181 INFO pr:0.8872  rc:0.9147  auc:0.9813 ap:0.9413 f1: 0.9008 pred_right: 16367 pred_wrong:133 actu_right: 16371 actu_wrong: 129
2026-09-16 19:16:52,283 P1263181 INFO ----------------------------------------------------------------------------------------------------
2026-09-16 19:16:52,284 P1263181 INFO 35/300 starting... lr: 0.001 para:0.02777777798473835
2026-09-16 19:17:10,521 P1263181 INFO Epoch 35/300, all_loss:0.09258 cls_loss:0.09367 rec_loss:0.05457 [18.24s]; best loss:0.07802, patience : 1
2026-09-16 19:17:14,484 P1263181 INFO pr:0.9547  rc:0.9018  auc:0.9908 ap:0.9777 f1: 0.9275 pred_right: 38625 pred_wrong:375 actu_right: 38603 actu_wrong: 397
2026-09-16 19:17:16,383 P1263181 INFO pr:0.8571  rc:0.9302  auc:0.9838 ap:0.9398 f1: 0.8922 pred_right: 16360 pred_wrong:140 actu_right: 16371 actu_wrong: 129
2026-09-16 19:17:16,390 P1263181 INFO ----------------------------------------------------------------------------------------------------
2026-09-16 19:17:16,390 P1263181 INFO 36/300 starting... lr: 0.001 para:0.027027027681469917
2026-09-16 19:17:50,738 P1263181 INFO Epoch 36/300, all_loss:0.09790 cls_loss:0.09918 rec_loss:0.05181 [34.35s]; best loss:0.07802, patience : 2
2026-09-16 19:17:56,931 P1263181 INFO pr:0.9682  rc:0.8460  auc:0.9863 ap:0.9759 f1: 0.9030 pred_right: 38654 pred_wrong:346 actu_right: 38604 actu_wrong: 396
2026-09-16 19:17:59,248 P1263181 INFO pr:0.9016  rc:0.8527  auc:0.9826 ap:0.9351 f1: 0.8765 pred_right: 16378 pred_wrong:122 actu_right: 16371 actu_wrong: 129
2026-09-16 19:17:59,250 P1263181 INFO ----------------------------------------------------------------------------------------------------
2026-09-16 19:17:59,251 P1263181 INFO 37/300 starting... lr: 0.001 para:0.02631578966975212
2026-09-16 19:18:18,673 P1263181 INFO Epoch 37/300, all_loss:0.09453 cls_loss:0.09563 rec_loss:0.05410 [19.42s]; best loss:0.07802, patience : 2
2026-09-16 19:18:24,385 P1263181 INFO pr:0.9318  rc:0.8942  auc:0.9875 ap:0.9651 f1: 0.9126 pred_right: 38619 pred_wrong:381 actu_right: 38603 actu_wrong: 397
2026-09-16 19:18:27,204 P1263181 INFO pr:0.8429  rc:0.9147  auc:0.9783 ap:0.9224 f1: 0.8773 pred_right: 16360 pred_wrong:140 actu_right: 16371 actu_wrong: 129
2026-09-16 19:18:27,205 P1263181 INFO ----------------------------------------------------------------------------------------------------
2026-09-16 19:18:27,206 P1263181 INFO 38/300 starting... lr: 0.001 para:0.025641025975346565
2026-09-16 19:18:49,303 P1263181 INFO Epoch 38/300, all_loss:0.08475 cls_loss:0.08547 rec_loss:0.05749 [22.10s]; best loss:0.07802, patience : 2
2026-09-16 19:18:55,764 P1263181 INFO pr:0.9302  rc:0.9068  auc:0.9911 ap:0.9730 f1: 0.9184 pred_right: 38613 pred_wrong:387 actu_right: 38603 actu_wrong: 397
2026-09-16 19:18:58,437 P1263181 INFO pr:0.8231  rc:0.9380  auc:0.9855 ap:0.9278 f1: 0.8768 pred_right: 16353 pred_wrong:147 actu_right: 16371 actu_wrong: 129
2026-09-16 19:18:58,440 P1263181 INFO ----------------------------------------------------------------------------------------------------
2026-09-16 19:18:58,440 P1263181 INFO 39/300 starting... lr: 0.001 para:0.02500000037252903
2026-09-16 19:19:19,212 P1263181 INFO Epoch 39/300, all_loss:0.09887 cls_loss:0.09997 rec_loss:0.05609 [20.77s]; best loss:0.07802, patience : 3
2026-09-16 19:19:27,160 P1263181 INFO pr:0.9251  rc:0.8715  auc:0.9750 ap:0.9538 f1: 0.8975 pred_right: 38626 pred_wrong:374 actu_right: 38603 actu_wrong: 397
2026-09-16 19:19:30,051 P1263181 INFO pr:0.8273  rc:0.8915  auc:0.9585 ap:0.9139 f1: 0.8582 pred_right: 16361 pred_wrong:139 actu_right: 16371 actu_wrong: 129
2026-09-16 19:19:30,056 P1263181 INFO ----------------------------------------------------------------------------------------------------
2026-09-16 19:19:30,056 P1263181 INFO 40/300 starting... lr: 0.001 para:0.024390242993831635
2026-09-16 19:19:51,333 P1263181 INFO Epoch 40/300, all_loss:2.92143 cls_loss:2.99301 rec_loss:0.05846 [21.28s]; best loss:0.07802, patience : 4
2026-09-16 19:19:58,476 P1263181 INFO pr:0.9434  rc:0.8838  auc:0.9897 ap:0.9704 f1: 0.9126 pred_right: 38629 pred_wrong:371 actu_right: 38604 actu_wrong: 396
2026-09-16 19:20:01,098 P1263181 INFO pr:0.8286  rc:0.8992  auc:0.9853 ap:0.9407 f1: 0.8625 pred_right: 16360 pred_wrong:140 actu_right: 16371 actu_wrong: 129
2026-09-16 19:20:01,099 P1263181 INFO ----------------------------------------------------------------------------------------------------
2026-09-16 19:20:01,100 P1263181 INFO 41/300 starting... lr: 0.001 para:0.02380952425301075
2026-09-16 19:20:19,313 P1263181 INFO Epoch 41/300, all_loss:0.05536 cls_loss:0.05534 rec_loss:0.05636 [18.20s]; best loss:0.05536, patience : 0
2026-09-16 19:20:23,689 P1263181 INFO pr:0.8789  rc:0.9190  auc:0.9882 ap:0.9718 f1: 0.8985 pred_right: 38587 pred_wrong:413 actu_right: 38605 actu_wrong: 395
2026-09-16 19:20:25,476 P1263181 INFO pr:0.8067  rc:0.9380  auc:0.9905 ap:0.9340 f1: 0.8674 pred_right: 16350 pred_wrong:150 actu_right: 16371 actu_wrong: 129
2026-09-16 19:20:25,477 P1263181 INFO ----------------------------------------------------------------------------------------------------
2026-09-16 19:20:25,477 P1263181 INFO 42/300 starting... lr: 0.001 para:0.023255813866853714
2026-09-16 19:21:00,501 P1263181 INFO Epoch 42/300, all_loss:0.06561 cls_loss:0.06578 rec_loss:0.05832 [35.02s]; best loss:0.05536, patience : 1
2026-09-16 19:21:06,148 P1263181 INFO pr:0.9311  rc:0.9217  auc:0.9896 ap:0.9738 f1: 0.9264 pred_right: 38608 pred_wrong:392 actu_right: 38604 actu_wrong: 396
2026-09-16 19:21:08,667 P1263181 INFO pr:0.8601  rc:0.9535  auc:0.9872 ap:0.9506 f1: 0.9044 pred_right: 16357 pred_wrong:143 actu_right: 16371 actu_wrong: 129
2026-09-16 19:21:08,670 P1263181 INFO ----------------------------------------------------------------------------------------------------
2026-09-16 19:21:08,671 P1263181 INFO 43/300 starting... lr: 0.001 para:0.022727273404598236
2026-09-16 19:21:29,195 P1263181 INFO Epoch 43/300, all_loss:0.08292 cls_loss:0.08356 rec_loss:0.05531 [20.52s]; best loss:0.05536, patience : 2
2026-09-16 19:21:34,882 P1263181 INFO pr:0.9507  rc:0.8763  auc:0.9800 ap:0.9707 f1: 0.9120 pred_right: 38635 pred_wrong:365 actu_right: 38604 actu_wrong: 396
2026-09-16 19:21:37,339 P1263181 INFO pr:0.8345  rc:0.8992  auc:0.9770 ap:0.9420 f1: 0.8657 pred_right: 16361 pred_wrong:139 actu_right: 16371 actu_wrong: 129
2026-09-16 19:21:37,341 P1263181 INFO ----------------------------------------------------------------------------------------------------
2026-09-16 19:21:37,342 P1263181 INFO 44/300 starting... lr: 0.001 para:0.02222222276031971
2026-09-16 19:21:58,009 P1263181 INFO Epoch 44/300, all_loss:0.05367 cls_loss:0.05367 rec_loss:0.05377 [20.66s]; best loss:0.05367, patience : 0
2026-09-16 19:22:04,393 P1263181 INFO pr:0.9464  rc:0.8892  auc:0.9819 ap:0.9685 f1: 0.9169 pred_right: 38627 pred_wrong:373 actu_right: 38603 actu_wrong: 397
2026-09-16 19:22:07,152 P1263181 INFO pr:0.8264  rc:0.9225  auc:0.9769 ap:0.9326 f1: 0.8718 pred_right: 16356 pred_wrong:144 actu_right: 16371 actu_wrong: 129
2026-09-16 19:22:07,153 P1263181 INFO ----------------------------------------------------------------------------------------------------
2026-09-16 19:22:07,153 P1263181 INFO 45/300 starting... lr: 0.001 para:0.021739130839705467
2026-09-16 19:22:28,918 P1263181 INFO Epoch 45/300, all_loss:0.04478 cls_loss:0.04454 rec_loss:0.05563 [21.76s]; best loss:0.04478, patience : 0
2026-09-16 19:22:34,823 P1263181 INFO pr:0.9580  rc:0.8615  auc:0.9775 ap:0.9709 f1: 0.9072 pred_right: 38643 pred_wrong:357 actu_right: 38603 actu_wrong: 397
2026-09-16 19:22:37,736 P1263181 INFO pr:0.8915  rc:0.8915  auc:0.9820 ap:0.9480 f1: 0.8915 pred_right: 16371 pred_wrong:129 actu_right: 16371 actu_wrong: 129
2026-09-16 19:22:37,738 P1263181 INFO ----------------------------------------------------------------------------------------------------
2026-09-16 19:22:37,745 P1263181 INFO 46/300 starting... lr: 0.001 para:0.021276595070958138
2026-09-16 19:22:59,327 P1263181 INFO Epoch 46/300, all_loss:0.06357 cls_loss:0.06375 rec_loss:0.05521 [21.58s]; best loss:0.04478, patience : 1
2026-09-16 19:23:05,904 P1263181 INFO pr:0.8873  rc:0.9320  auc:0.9888 ap:0.9600 f1: 0.9091 pred_right: 38583 pred_wrong:417 actu_right: 38603 actu_wrong: 397
2026-09-16 19:23:08,378 P1263181 INFO pr:0.8039  rc:0.9535  auc:0.9855 ap:0.9060 f1: 0.8723 pred_right: 16347 pred_wrong:153 actu_right: 16371 actu_wrong: 129
2026-09-16 19:23:08,379 P1263181 INFO ----------------------------------------------------------------------------------------------------
2026-09-16 19:23:08,380 P1263181 INFO 47/300 starting... lr: 0.001 para:0.02083333395421505
2026-09-16 19:23:25,361 P1263181 INFO Epoch 47/300, all_loss:0.05552 cls_loss:0.05546 rec_loss:0.05849 [16.98s]; best loss:0.04478, patience : 1
2026-09-16 19:23:29,151 P1263181 INFO pr:0.9634  rc:0.8615  auc:0.9759 ap:0.9637 f1: 0.9096 pred_right: 38645 pred_wrong:355 actu_right: 38603 actu_wrong: 397
2026-09-16 19:23:34,647 P1263181 INFO pr:0.8952  rc:0.8605  auc:0.9803 ap:0.9303 f1: 0.8775 pred_right: 16376 pred_wrong:124 actu_right: 16371 actu_wrong: 129
2026-09-16 19:23:34,653 P1263181 INFO ----------------------------------------------------------------------------------------------------
2026-09-16 19:23:34,654 P1263181 INFO 48/300 starting... lr: 0.001 para:0.020408162847161293
2026-09-16 19:24:07,740 P1263181 INFO Epoch 48/300, all_loss:0.06454 cls_loss:0.06468 rec_loss:0.05790 [33.08s]; best loss:0.04478, patience : 2
2026-09-16 19:24:12,798 P1263181 INFO pr:0.9630  rc:0.8514  auc:0.9818 ap:0.9738 f1: 0.9037 pred_right: 38649 pred_wrong:351 actu_right: 38603 actu_wrong: 397
2026-09-16 19:24:15,514 P1263181 INFO pr:0.8960  rc:0.8682  auc:0.9832 ap:0.9449 f1: 0.8819 pred_right: 16375 pred_wrong:125 actu_right: 16371 actu_wrong: 129
2026-09-16 19:24:15,516 P1263181 INFO ----------------------------------------------------------------------------------------------------
2026-09-16 19:24:15,516 P1263181 INFO 49/300 starting... lr: 0.001 para:0.019999999552965164
2026-09-16 19:24:35,424 P1263181 INFO Epoch 49/300, all_loss:0.06150 cls_loss:0.06157 rec_loss:0.05794 [19.91s]; best loss:0.04478, patience : 2
2026-09-16 19:24:41,662 P1263181 INFO pr:0.9562  rc:0.8791  auc:0.9829 ap:0.9729 f1: 0.9160 pred_right: 38635 pred_wrong:365 actu_right: 38603 actu_wrong: 397
2026-09-16 19:24:44,628 P1263181 INFO pr:0.8647  rc:0.8915  auc:0.9803 ap:0.9308 f1: 0.8779 pred_right: 16367 pred_wrong:133 actu_right: 16371 actu_wrong: 129
2026-09-16 19:24:44,631 P1263181 INFO ----------------------------------------------------------------------------------------------------
2026-09-16 19:24:44,632 P1263181 INFO 50/300 starting... lr: 0.001 para:0.019607843831181526
2026-09-16 19:25:04,848 P1263181 INFO Epoch 50/300, all_loss:0.08725 cls_loss:0.08795 rec_loss:0.05248 [20.21s]; best loss:0.04478, patience : 3
2026-09-16 19:25:10,740 P1263181 INFO pr:0.9611  rc:0.8715  auc:0.9812 ap:0.9697 f1: 0.9141 pred_right: 38640 pred_wrong:360 actu_right: 38603 actu_wrong: 397
2026-09-16 19:25:13,271 P1263181 INFO pr:0.8605  rc:0.8605  auc:0.9752 ap:0.9387 f1: 0.8605 pred_right: 16371 pred_wrong:129 actu_right: 16371 actu_wrong: 129
2026-09-16 19:25:13,273 P1263181 INFO ----------------------------------------------------------------------------------------------------
2026-09-16 19:25:13,273 P1263181 INFO 51/300 starting... lr: 0.001 para:0.01923076994717121
2026-09-16 19:25:36,985 P1263181 INFO Epoch 51/300, all_loss:0.07972 cls_loss:0.08016 rec_loss:0.05726 [23.71s]; best loss:0.04478, patience : 3
2026-09-16 19:25:42,823 P1263181 INFO pr:0.9082  rc:0.9219  auc:0.9843 ap:0.9613 f1: 0.9150 pred_right: 38597 pred_wrong:403 actu_right: 38603 actu_wrong: 397
2026-09-16 19:25:45,510 P1263181 INFO pr:0.8207  rc:0.9225  auc:0.9781 ap:0.9178 f1: 0.8686 pred_right: 16355 pred_wrong:145 actu_right: 16371 actu_wrong: 129
2026-09-16 19:25:45,512 P1263181 INFO ----------------------------------------------------------------------------------------------------
2026-09-16 19:25:45,513 P1263181 INFO 52/300 starting... lr: 0.001 para:0.01886792480945587
2026-09-16 19:26:05,188 P1263181 INFO Epoch 52/300, all_loss:0.07270 cls_loss:0.07303 rec_loss:0.05510 [19.67s]; best loss:0.04478, patience : 3
2026-09-16 19:26:11,700 P1263181 INFO pr:0.9538  rc:0.8841  auc:0.9841 ap:0.9710 f1: 0.9176 pred_right: 38632 pred_wrong:368 actu_right: 38603 actu_wrong: 397
2026-09-16 19:26:15,047 P1263181 INFO pr:0.8881  rc:0.9225  auc:0.9890 ap:0.9444 f1: 0.9049 pred_right: 16366 pred_wrong:134 actu_right: 16371 actu_wrong: 129
2026-09-16 19:26:15,048 P1263181 INFO ----------------------------------------------------------------------------------------------------
2026-09-16 19:26:15,048 P1263181 INFO 53/300 starting... lr: 0.001 para:0.018518518656492233
2026-09-16 19:26:31,894 P1263181 INFO Epoch 53/300, all_loss:0.04004 cls_loss:0.03971 rec_loss:0.05745 [16.84s]; best loss:0.04004, patience : 0
2026-09-16 19:26:40,223 P1263181 INFO pr:0.9607  rc:0.8030  auc:0.9714 ap:0.9603 f1: 0.8748 pred_right: 38669 pred_wrong:331 actu_right: 38604 actu_wrong: 396
2026-09-16 19:26:49,953 P1263181 INFO pr:0.8710  rc:0.8372  auc:0.9667 ap:0.9217 f1: 0.8538 pred_right: 16376 pred_wrong:124 actu_right: 16371 actu_wrong: 129
2026-09-16 19:26:49,955 P1263181 INFO ----------------------------------------------------------------------------------------------------
2026-09-16 19:26:49,955 P1263181 INFO 54/300 starting... lr: 0.001 para:0.0181818176060915
2026-09-16 19:27:17,361 P1263181 INFO Epoch 54/300, all_loss:0.16677 cls_loss:0.16884 rec_loss:0.05498 [27.40s]; best loss:0.04004, patience : 1
2026-09-16 19:27:22,257 P1263181 INFO pr:0.8998  rc:0.9270  auc:0.9828 ap:0.9672 f1: 0.9132 pred_right: 38591 pred_wrong:409 actu_right: 38603 actu_wrong: 397
2026-09-16 19:27:24,618 P1263181 INFO pr:0.7857  rc:0.9380  auc:0.9789 ap:0.9398 f1: 0.8551 pred_right: 16346 pred_wrong:154 actu_right: 16371 actu_wrong: 129
2026-09-16 19:27:24,619 P1263181 INFO ----------------------------------------------------------------------------------------------------
2026-09-16 19:27:24,619 P1263181 INFO 55/300 starting... lr: 0.001 para:0.01785714365541935
2026-09-16 19:27:44,330 P1263181 INFO Epoch 55/300, all_loss:0.10960 cls_loss:0.11066 rec_loss:0.05123 [19.71s]; best loss:0.04004, patience : 1
2026-09-16 19:27:49,305 P1263181 INFO pr:0.9669  rc:0.8838  auc:0.9867 ap:0.9766 f1: 0.9235 pred_right: 38638 pred_wrong:362 actu_right: 38604 actu_wrong: 396
2026-09-16 19:27:51,532 P1263181 INFO pr:0.8931  rc:0.9070  auc:0.9886 ap:0.9433 f1: 0.9000 pred_right: 16369 pred_wrong:131 actu_right: 16371 actu_wrong: 129
2026-09-16 19:27:51,534 P1263181 INFO ----------------------------------------------------------------------------------------------------
2026-09-16 19:27:51,534 P1263181 INFO 56/300 starting... lr: 0.001 para:0.017543859779834747
2026-09-16 19:28:13,022 P1263181 INFO Epoch 56/300, all_loss:0.02719 cls_loss:0.02672 rec_loss:0.05302 [21.48s]; best loss:0.02719, patience : 0
2026-09-16 19:28:19,640 P1263181 INFO pr:0.8985  rc:0.9144  auc:0.9867 ap:0.9698 f1: 0.9064 pred_right: 38596 pred_wrong:404 actu_right: 38603 actu_wrong: 397
2026-09-16 19:28:22,374 P1263181 INFO pr:0.7933  rc:0.9225  auc:0.9833 ap:0.9271 f1: 0.8530 pred_right: 16350 pred_wrong:150 actu_right: 16371 actu_wrong: 129
2026-09-16 19:28:22,375 P1263181 INFO ----------------------------------------------------------------------------------------------------
2026-09-16 19:28:22,375 P1263181 INFO 57/300 starting... lr: 0.001 para:0.017241379246115685
2026-09-16 19:28:44,789 P1263181 INFO Epoch 57/300, all_loss:0.02217 cls_loss:0.02160 rec_loss:0.05457 [22.40s]; best loss:0.02217, patience : 0
2026-09-16 19:28:52,149 P1263181 INFO pr:0.9562  rc:0.8791  auc:0.9804 ap:0.9699 f1: 0.9160 pred_right: 38635 pred_wrong:365 actu_right: 38603 actu_wrong: 397
2026-09-16 19:28:54,879 P1263181 INFO pr:0.8864  rc:0.9070  auc:0.9809 ap:0.9373 f1: 0.8966 pred_right: 16368 pred_wrong:132 actu_right: 16371 actu_wrong: 129
2026-09-16 19:28:54,881 P1263181 INFO ----------------------------------------------------------------------------------------------------
2026-09-16 19:28:54,882 P1263181 INFO 58/300 starting... lr: 0.001 para:0.016949152573943138
2026-09-16 19:29:15,192 P1263181 INFO Epoch 58/300, all_loss:0.02918 cls_loss:0.02876 rec_loss:0.05379 [20.31s]; best loss:0.02217, patience : 1
2026-09-16 19:29:22,412 P1263181 INFO pr:0.9221  rc:0.8942  auc:0.9764 ap:0.9603 f1: 0.9079 pred_right: 38615 pred_wrong:385 actu_right: 38603 actu_wrong: 397
2026-09-16 19:29:25,087 P1263181 INFO pr:0.8169  rc:0.8992  auc:0.9692 ap:0.9297 f1: 0.8561 pred_right: 16358 pred_wrong:142 actu_right: 16371 actu_wrong: 129
2026-09-16 19:29:25,088 P1263181 INFO ----------------------------------------------------------------------------------------------------
2026-09-16 19:29:25,089 P1263181 INFO 59/300 starting... lr: 0.001 para:0.01666666753590107
2026-09-16 19:29:40,670 P1263181 INFO Epoch 59/300, all_loss:0.06649 cls_loss:0.06671 rec_loss:0.05385 [15.58s]; best loss:0.02217, patience : 2
2026-09-16 19:29:58,563 P1263181 INFO pr:0.9510  rc:0.8813  auc:0.9761 ap:0.9658 f1: 0.9148 pred_right: 38633 pred_wrong:367 actu_right: 38604 actu_wrong: 396
2026-09-16 19:30:06,468 P1263181 INFO pr:0.8788  rc:0.8992  auc:0.9711 ap:0.9387 f1: 0.8889 pred_right: 16368 pred_wrong:132 actu_right: 16371 actu_wrong: 129
2026-09-16 19:30:06,475 P1263181 INFO ----------------------------------------------------------------------------------------------------
2026-09-16 19:30:06,476 P1263181 INFO 60/300 starting... lr: 0.001 para:0.016393441706895828
2026-09-16 19:30:27,289 P1263181 INFO Epoch 60/300, all_loss:0.03676 cls_loss:0.03646 rec_loss:0.05502 [20.81s]; best loss:0.02217, patience : 2
2026-09-16 19:30:32,599 P1263181 INFO pr:0.9282  rc:0.9141  auc:0.9865 ap:0.9723 f1: 0.9211 pred_right: 38610 pred_wrong:390 actu_right: 38604 actu_wrong: 396
2026-09-16 19:30:34,881 P1263181 INFO pr:0.8440  rc:0.9225  auc:0.9833 ap:0.9449 f1: 0.8815 pred_right: 16359 pred_wrong:141 actu_right: 16371 actu_wrong: 129
2026-09-16 19:30:34,884 P1263181 INFO ----------------------------------------------------------------------------------------------------
2026-09-16 19:30:34,886 P1263181 INFO 61/300 starting... lr: 0.001 para:0.016129031777381897
2026-09-16 19:30:54,694 P1263181 INFO Epoch 61/300, all_loss:0.02439 cls_loss:0.02384 rec_loss:0.05762 [19.81s]; best loss:0.02217, patience : 2
2026-09-16 19:31:00,735 P1263181 INFO pr:0.9100  rc:0.9169  auc:0.9855 ap:0.9623 f1: 0.9134 pred_right: 38600 pred_wrong:400 actu_right: 38603 actu_wrong: 397
2026-09-16 19:31:03,351 P1263181 INFO pr:0.8219  rc:0.9302  auc:0.9875 ap:0.9412 f1: 0.8727 pred_right: 16354 pred_wrong:146 actu_right: 16371 actu_wrong: 129
2026-09-16 19:31:03,358 P1263181 INFO ----------------------------------------------------------------------------------------------------
2026-09-16 19:31:03,359 P1263181 INFO 62/300 starting... lr: 0.001 para:0.01587301678955555
2026-09-16 19:31:23,881 P1263181 INFO Epoch 62/300, all_loss:0.02828 cls_loss:0.02780 rec_loss:0.05790 [20.52s]; best loss:0.02217, patience : 3
2026-09-16 19:31:31,151 P1263181 INFO pr:0.9522  rc:0.8539  auc:0.9743 ap:0.9578 f1: 0.9004 pred_right: 38644 pred_wrong:356 actu_right: 38603 actu_wrong: 397
2026-09-16 19:31:36,559 P1263181 INFO pr:0.9024  rc:0.8605  auc:0.9721 ap:0.9422 f1: 0.8810 pred_right: 16377 pred_wrong:123 actu_right: 16371 actu_wrong: 129
2026-09-16 19:31:36,561 P1263181 INFO ----------------------------------------------------------------------------------------------------
2026-09-16 19:31:36,562 P1263181 INFO 63/300 starting... lr: 0.001 para:0.015625
2026-09-16 19:31:56,673 P1263181 INFO Epoch 63/300, all_loss:0.03395 cls_loss:0.03356 rec_loss:0.05841 [20.11s]; best loss:0.02217, patience : 4
2026-09-16 19:32:03,452 P1263181 INFO pr:0.9123  rc:0.9169  auc:0.9807 ap:0.9593 f1: 0.9146 pred_right: 38601 pred_wrong:399 actu_right: 38603 actu_wrong: 397
2026-09-16 19:32:06,947 P1263181 INFO pr:0.8276  rc:0.9302  auc:0.9752 ap:0.9306 f1: 0.8759 pred_right: 16355 pred_wrong:145 actu_right: 16371 actu_wrong: 129
2026-09-16 19:32:06,948 P1263181 INFO ----------------------------------------------------------------------------------------------------
2026-09-16 19:32:06,949 P1263181 INFO 64/300 starting... lr: 0.001 para:0.015384615398943424
2026-09-16 19:32:26,423 P1263181 INFO Epoch 64/300, all_loss:0.01582 cls_loss:0.01517 rec_loss:0.05712 [19.47s]; best loss:0.01582, patience : 0
2026-09-16 19:32:30,761 P1263181 INFO pr:0.9301  rc:0.9066  auc:0.9823 ap:0.9648 f1: 0.9182 pred_right: 38614 pred_wrong:386 actu_right: 38604 actu_wrong: 396
2026-09-16 19:32:33,221 P1263181 INFO pr:0.8561  rc:0.9225  auc:0.9730 ap:0.9367 f1: 0.8881 pred_right: 16361 pred_wrong:139 actu_right: 16371 actu_wrong: 129
2026-09-16 19:32:33,223 P1263181 INFO ----------------------------------------------------------------------------------------------------
2026-09-16 19:32:33,226 P1263181 INFO 65/300 starting... lr: 0.001 para:0.01515151560306549
2026-09-16 19:33:00,628 P1263181 INFO Epoch 65/300, all_loss:0.06989 cls_loss:0.07003 rec_loss:0.06059 [27.40s]; best loss:0.01582, patience : 1
2026-09-16 19:33:13,214 P1263181 INFO pr:0.8592  rc:0.9219  auc:0.9793 ap:0.9527 f1: 0.8894 pred_right: 38574 pred_wrong:426 actu_right: 38603 actu_wrong: 397
2026-09-16 19:33:17,009 P1263181 INFO pr:0.7688  rc:0.9535  auc:0.9762 ap:0.9128 f1: 0.8512 pred_right: 16340 pred_wrong:160 actu_right: 16371 actu_wrong: 129
2026-09-16 19:33:17,010 P1263181 INFO ----------------------------------------------------------------------------------------------------
2026-09-16 19:33:17,010 P1263181 INFO 66/300 starting... lr: 0.001 para:0.014925372786819935
2026-09-16 19:33:34,851 P1263181 INFO Epoch 66/300, all_loss:0.07778 cls_loss:0.07808 rec_loss:0.05844 [17.84s]; best loss:0.01582, patience : 2
2026-09-16 19:33:41,050 P1263181 INFO pr:0.9539  rc:0.8866  auc:0.9676 ap:0.9533 f1: 0.9191 pred_right: 38631 pred_wrong:369 actu_right: 38603 actu_wrong: 397
2026-09-16 19:33:44,679 P1263181 INFO pr:0.8571  rc:0.8837  auc:0.9634 ap:0.9331 f1: 0.8702 pred_right: 16367 pred_wrong:133 actu_right: 16371 actu_wrong: 129
2026-09-16 19:33:44,680 P1263181 INFO ----------------------------------------------------------------------------------------------------
2026-09-16 19:33:44,685 P1263181 INFO 67/300 starting... lr: 0.001 para:0.014705882407724857
2026-09-16 19:34:04,255 P1263181 INFO Epoch 67/300, all_loss:0.10780 cls_loss:0.10856 rec_loss:0.05740 [19.57s]; best loss:0.01582, patience : 3
2026-09-16 19:34:11,411 P1263181 INFO pr:0.8780  rc:0.9091  auc:0.9803 ap:0.9499 f1: 0.8933 pred_right: 38590 pred_wrong:410 actu_right: 38604 actu_wrong: 396
2026-09-16 19:34:14,329 P1263181 INFO pr:0.7959  rc:0.9070  auc:0.9853 ap:0.9072 f1: 0.8478 pred_right: 16353 pred_wrong:147 actu_right: 16371 actu_wrong: 129
2026-09-16 19:34:14,331 P1263181 INFO ----------------------------------------------------------------------------------------------------
2026-09-16 19:34:14,332 P1263181 INFO 68/300 starting... lr: 0.001 para:0.014492753893136978
2026-09-16 19:34:34,735 P1263181 INFO Epoch 68/300, all_loss:0.05534 cls_loss:0.05540 rec_loss:0.05080 [20.40s]; best loss:0.01582, patience : 3
2026-09-16 19:34:41,096 P1263181 INFO pr:0.9474  rc:0.9068  auc:0.9782 ap:0.9586 f1: 0.9266 pred_right: 38620 pred_wrong:380 actu_right: 38603 actu_wrong: 397
2026-09-16 19:34:45,573 P1263181 INFO pr:0.8138  rc:0.9147  auc:0.9738 ap:0.9282 f1: 0.8613 pred_right: 16355 pred_wrong:145 actu_right: 16371 actu_wrong: 129
2026-09-16 19:34:45,574 P1263181 INFO ----------------------------------------------------------------------------------------------------
2026-09-16 19:34:45,583 P1263181 INFO 69/300 starting... lr: 0.001 para:0.014285714365541935
2026-09-16 19:35:04,394 P1263181 INFO Epoch 69/300, all_loss:0.03521 cls_loss:0.03498 rec_loss:0.05090 [18.81s]; best loss:0.01582, patience : 3
2026-09-16 19:35:11,646 P1263181 INFO pr:0.8711  rc:0.9194  auc:0.9804 ap:0.9538 f1: 0.8946 pred_right: 38581 pred_wrong:419 actu_right: 38603 actu_wrong: 397
2026-09-16 19:35:17,130 P1263181 INFO pr:0.8000  rc:0.9302  auc:0.9798 ap:0.9127 f1: 0.8602 pred_right: 16350 pred_wrong:150 actu_right: 16371 actu_wrong: 129
2026-09-16 19:35:17,131 P1263181 INFO ----------------------------------------------------------------------------------------------------
2026-09-16 19:35:17,131 P1263181 INFO 70/300 starting... lr: 0.001 para:0.014084506779909134
2026-09-16 19:35:34,079 P1263181 INFO Epoch 70/300, all_loss:0.03895 cls_loss:0.03875 rec_loss:0.05307 [16.95s]; best loss:0.01582, patience : 4
2026-09-16 19:35:37,966 P1263181 INFO pr:0.9201  rc:0.9015  auc:0.9796 ap:0.9607 f1: 0.9107 pred_right: 38612 pred_wrong:388 actu_right: 38604 actu_wrong: 396
2026-09-16 19:35:39,558 P1263181 INFO pr:0.8125  rc:0.9070  auc:0.9799 ap:0.9355 f1: 0.8571 pred_right: 16356 pred_wrong:144 actu_right: 16371 actu_wrong: 129
2026-09-16 19:35:39,559 P1263181 INFO ----------------------------------------------------------------------------------------------------
2026-09-16 19:35:39,559 P1263181 INFO 71/300 starting... lr: 0.001 para:0.013888888992369175
2026-09-16 19:36:12,639 P1263181 INFO Epoch 71/300, all_loss:0.04001 cls_loss:0.03983 rec_loss:0.05285 [33.08s]; best loss:0.01582, patience : 5
2026-09-16 19:36:18,727 P1263181 INFO pr:0.9484  rc:0.8791  auc:0.9767 ap:0.9633 f1: 0.9124 pred_right: 38632 pred_wrong:368 actu_right: 38603 actu_wrong: 397
2026-09-16 19:36:21,145 P1263181 INFO pr:0.8676  rc:0.9147  auc:0.9717 ap:0.9298 f1: 0.8906 pred_right: 16364 pred_wrong:136 actu_right: 16371 actu_wrong: 129
2026-09-16 19:36:21,146 P1263181 INFO ----------------------------------------------------------------------------------------------------
2026-09-16 19:36:21,146 P1263181 INFO 72/300 starting... lr: 0.001 para:0.013698630034923553
2026-09-16 19:36:41,126 P1263181 INFO Epoch 72/300, all_loss:0.03381 cls_loss:0.03354 rec_loss:0.05292 [19.98s]; best loss:0.01582, patience : 5
2026-09-16 19:36:47,705 P1263181 INFO pr:0.9265  rc:0.8892  auc:0.9735 ap:0.9573 f1: 0.9075 pred_right: 38619 pred_wrong:381 actu_right: 38603 actu_wrong: 397
2026-09-16 19:36:50,593 P1263181 INFO pr:0.8456  rc:0.8915  auc:0.9691 ap:0.9328 f1: 0.8679 pred_right: 16364 pred_wrong:136 actu_right: 16371 actu_wrong: 129
2026-09-16 19:36:50,595 P1263181 INFO ----------------------------------------------------------------------------------------------------
2026-09-16 19:36:50,596 P1263181 INFO 73/300 starting... lr: 0.001 para:0.013513513840734959
2026-09-16 19:37:12,347 P1263181 INFO Epoch 73/300, all_loss:0.02081 cls_loss:0.02034 rec_loss:0.05495 [21.75s]; best loss:0.01582, patience : 5
2026-09-16 19:37:19,350 P1263181 INFO pr:0.9073  rc:0.9118  auc:0.9828 ap:0.9670 f1: 0.9095 pred_right: 38601 pred_wrong:399 actu_right: 38603 actu_wrong: 397
2026-09-16 19:37:22,700 P1263181 INFO pr:0.8478  rc:0.9070  auc:0.9828 ap:0.9344 f1: 0.8764 pred_right: 16362 pred_wrong:138 actu_right: 16371 actu_wrong: 129
2026-09-16 19:37:22,701 P1263181 INFO ----------------------------------------------------------------------------------------------------
2026-09-16 19:37:22,702 P1263181 INFO 74/300 starting... lr: 0.001 para:0.013333333656191826
2026-09-16 19:37:44,135 P1263181 INFO Epoch 74/300, all_loss:0.01679 cls_loss:0.01629 rec_loss:0.05425 [21.43s]; best loss:0.01582, patience : 5
2026-09-16 19:37:49,856 P1263181 INFO pr:0.9165  rc:0.9118  auc:0.9815 ap:0.9648 f1: 0.9141 pred_right: 38605 pred_wrong:395 actu_right: 38603 actu_wrong: 397
2026-09-16 19:37:52,847 P1263181 INFO pr:0.8417  rc:0.9070  auc:0.9791 ap:0.9326 f1: 0.8731 pred_right: 16361 pred_wrong:139 actu_right: 16371 actu_wrong: 129
2026-09-16 19:37:52,850 P1263181 INFO ----------------------------------------------------------------------------------------------------
2026-09-16 19:37:52,851 P1263181 INFO 75/300 starting... lr: 0.001 para:0.01315789483487606
2026-09-16 19:38:12,066 P1263181 INFO Epoch 75/300, all_loss:0.02842 cls_loss:0.02808 rec_loss:0.05388 [19.21s]; best loss:0.01582, patience : 6
2026-09-16 19:38:17,590 P1263181 INFO pr:0.9258  rc:0.9118  auc:0.9802 ap:0.9640 f1: 0.9188 pred_right: 38609 pred_wrong:391 actu_right: 38603 actu_wrong: 397
2026-09-16 19:38:21,156 P1263181 INFO pr:0.8540  rc:0.9070  auc:0.9793 ap:0.9409 f1: 0.8797 pred_right: 16363 pred_wrong:137 actu_right: 16371 actu_wrong: 129
2026-09-16 19:38:21,157 P1263181 INFO ----------------------------------------------------------------------------------------------------
2026-09-16 19:38:21,158 P1263181 INFO 76/300 starting... lr: 0.001 para:0.012987012974917889
2026-09-16 19:38:39,811 P1263181 INFO Epoch 76/300, all_loss:0.01107 cls_loss:0.01047 rec_loss:0.05712 [18.64s]; best loss:0.01107, patience : 0
2026-09-16 19:38:44,130 P1263181 INFO pr:0.9169  rc:0.8914  auc:0.9783 ap:0.9617 f1: 0.9040 pred_right: 38615 pred_wrong:385 actu_right: 38604 actu_wrong: 396
2026-09-16 19:38:46,014 P1263181 INFO pr:0.8507  rc:0.8837  auc:0.9754 ap:0.9289 f1: 0.8669 pred_right: 16366 pred_wrong:134 actu_right: 16371 actu_wrong: 129
2026-09-16 19:38:46,016 P1263181 INFO ----------------------------------------------------------------------------------------------------
2026-09-16 19:38:46,018 P1263181 INFO 77/300 starting... lr: 0.001 para:0.012820512987673283
2026-09-16 19:39:20,644 P1263181 INFO Epoch 77/300, all_loss:0.02289 cls_loss:0.02247 rec_loss:0.05535 [34.62s]; best loss:0.01107, patience : 1
2026-09-16 19:39:26,878 P1263181 INFO pr:0.9126  rc:0.8987  auc:0.9840 ap:0.9595 f1: 0.9056 pred_right: 38611 pred_wrong:389 actu_right: 38605 actu_wrong: 395
2026-09-16 19:39:28,889 P1263181 INFO pr:0.8417  rc:0.9070  auc:0.9825 ap:0.9380 f1: 0.8731 pred_right: 16361 pred_wrong:139 actu_right: 16371 actu_wrong: 129
2026-09-16 19:39:28,890 P1263181 INFO ----------------------------------------------------------------------------------------------------
2026-09-16 19:39:28,890 P1263181 INFO 78/300 starting... lr: 0.001 para:0.012658228166401386
2026-09-16 19:39:48,827 P1263181 INFO Epoch 78/300, all_loss:0.04305 cls_loss:0.04293 rec_loss:0.05183 [19.94s]; best loss:0.01107, patience : 2
2026-09-16 19:39:54,345 P1263181 INFO pr:0.9586  rc:0.8741  auc:0.9787 ap:0.9670 f1: 0.9144 pred_right: 38638 pred_wrong:362 actu_right: 38603 actu_wrong: 397
2026-09-16 19:39:56,869 P1263181 INFO pr:0.8769  rc:0.8837  auc:0.9734 ap:0.9402 f1: 0.8803 pred_right: 16370 pred_wrong:130 actu_right: 16371 actu_wrong: 129
2026-09-16 19:39:56,870 P1263181 INFO ----------------------------------------------------------------------------------------------------
2026-09-16 19:39:56,871 P1263181 INFO 79/300 starting... lr: 0.001 para:0.012500000186264515
2026-09-16 19:40:18,740 P1263181 INFO Epoch 79/300, all_loss:0.17641 cls_loss:0.17797 rec_loss:0.05261 [21.87s]; best loss:0.01107, patience : 3
2026-09-16 19:40:24,958 P1263181 INFO pr:0.8295  rc:0.9068  auc:0.9778 ap:0.9576 f1: 0.8664 pred_right: 38566 pred_wrong:434 actu_right: 38603 actu_wrong: 397
2026-09-16 19:40:27,751 P1263181 INFO pr:0.6928  rc:0.8915  auc:0.9679 ap:0.9146 f1: 0.7797 pred_right: 16334 pred_wrong:166 actu_right: 16371 actu_wrong: 129
2026-09-16 19:40:27,752 P1263181 INFO ----------------------------------------------------------------------------------------------------
2026-09-16 19:40:27,752 P1263181 INFO 80/300 starting... lr: 0.001 para:0.012345679104328156
2026-09-16 19:40:50,458 P1263181 INFO Epoch 80/300, all_loss:0.07676 cls_loss:0.07707 rec_loss:0.05129 [22.71s]; best loss:0.01107, patience : 3
2026-09-16 19:40:56,092 P1263181 INFO pr:0.9415  rc:0.8917  auc:0.9808 ap:0.9695 f1: 0.9159 pred_right: 38624 pred_wrong:376 actu_right: 38603 actu_wrong: 397
2026-09-16 19:40:58,573 P1263181 INFO pr:0.8657  rc:0.8992  auc:0.9727 ap:0.9394 f1: 0.8821 pred_right: 16366 pred_wrong:134 actu_right: 16371 actu_wrong: 129
2026-09-16 19:40:58,576 P1263181 INFO ----------------------------------------------------------------------------------------------------
2026-09-16 19:40:58,577 P1263181 INFO 81/300 starting... lr: 0.001 para:0.012195121496915817
2026-09-16 19:41:19,372 P1263181 INFO Epoch 81/300, all_loss:0.04016 cls_loss:0.04001 rec_loss:0.05256 [20.79s]; best loss:0.01107, patience : 3
2026-09-16 19:41:25,035 P1263181 INFO pr:0.9483  rc:0.9244  auc:0.9833 ap:0.9717 f1: 0.9362 pred_right: 38613 pred_wrong:387 actu_right: 38603 actu_wrong: 397
2026-09-16 19:41:27,520 P1263181 INFO pr:0.8881  rc:0.9225  auc:0.9815 ap:0.9448 f1: 0.9049 pred_right: 16366 pred_wrong:134 actu_right: 16371 actu_wrong: 129
2026-09-16 19:41:27,530 P1263181 INFO ----------------------------------------------------------------------------------------------------
2026-09-16 19:41:27,531 P1263181 INFO 82/300 starting... lr: 0.001 para:0.012048192322254181
2026-09-16 19:41:44,527 P1263181 INFO Epoch 82/300, all_loss:0.03521 cls_loss:0.03501 rec_loss:0.05123 [17.00s]; best loss:0.01107, patience : 3
2026-09-16 19:41:48,702 P1263181 INFO pr:0.9082  rc:0.9242  auc:0.9830 ap:0.9665 f1: 0.9161 pred_right: 38597 pred_wrong:403 actu_right: 38604 actu_wrong: 396
2026-09-16 19:41:50,483 P1263181 INFO pr:0.8188  rc:0.9457  auc:0.9777 ap:0.9393 f1: 0.8777 pred_right: 16351 pred_wrong:149 actu_right: 16371 actu_wrong: 129
2026-09-16 19:41:50,484 P1263181 INFO ----------------------------------------------------------------------------------------------------
2026-09-16 19:41:50,484 P1263181 INFO 83/300 starting... lr: 0.001 para:0.011904762126505375
2026-09-16 19:42:25,463 P1263181 INFO Epoch 83/300, all_loss:0.01109 cls_loss:0.01061 rec_loss:0.05084 [34.98s]; best loss:0.01107, patience : 3
2026-09-16 19:42:31,771 P1263181 INFO pr:0.9250  rc:0.9343  auc:0.9859 ap:0.9766 f1: 0.9296 pred_right: 38600 pred_wrong:400 actu_right: 38604 actu_wrong: 396
2026-09-16 19:42:33,967 P1263181 INFO pr:0.8500  rc:0.9225  auc:0.9756 ap:0.9416 f1: 0.8848 pred_right: 16360 pred_wrong:140 actu_right: 16371 actu_wrong: 129
2026-09-16 19:42:33,968 P1263181 INFO ----------------------------------------------------------------------------------------------------
2026-09-16 19:42:33,968 P1263181 INFO 84/300 starting... lr: 0.001 para:0.0117647061124444
2026-09-16 19:42:53,157 P1263181 INFO Epoch 84/300, all_loss:0.01778 cls_loss:0.01739 rec_loss:0.05035 [19.19s]; best loss:0.01107, patience : 4
2026-09-16 19:42:59,580 P1263181 INFO pr:0.9357  rc:0.9169  auc:0.9826 ap:0.9747 f1: 0.9262 pred_right: 38611 pred_wrong:389 actu_right: 38603 actu_wrong: 397
2026-09-16 19:43:02,516 P1263181 INFO pr:0.8561  rc:0.9225  auc:0.9734 ap:0.9418 f1: 0.8881 pred_right: 16361 pred_wrong:139 actu_right: 16371 actu_wrong: 129
2026-09-16 19:43:02,518 P1263181 INFO ----------------------------------------------------------------------------------------------------
2026-09-16 19:43:02,518 P1263181 INFO 85/300 starting... lr: 0.001 para:0.011627906933426857
2026-09-16 19:43:23,597 P1263181 INFO Epoch 85/300, all_loss:0.02240 cls_loss:0.02205 rec_loss:0.05158 [21.08s]; best loss:0.01107, patience : 5
2026-09-16 19:43:30,530 P1263181 INFO pr:0.9592  rc:0.8892  auc:0.9815 ap:0.9742 f1: 0.9229 pred_right: 38632 pred_wrong:368 actu_right: 38603 actu_wrong: 397
2026-09-16 19:43:32,953 P1263181 INFO pr:0.9015  rc:0.9225  auc:0.9756 ap:0.9468 f1: 0.9119 pred_right: 16368 pred_wrong:132 actu_right: 16371 actu_wrong: 129
2026-09-16 19:43:32,955 P1263181 INFO ----------------------------------------------------------------------------------------------------
2026-09-16 19:43:32,956 P1263181 INFO 86/300 starting... lr: 0.001 para:0.01149425283074379
2026-09-16 19:43:55,522 P1263181 INFO Epoch 86/300, all_loss:0.01359 cls_loss:0.01314 rec_loss:0.05192 [22.57s]; best loss:0.01107, patience : 5
2026-09-16 19:44:01,714 P1263181 INFO pr:0.9593  rc:0.8939  auc:0.9803 ap:0.9747 f1: 0.9255 pred_right: 38631 pred_wrong:369 actu_right: 38604 actu_wrong: 396
2026-09-16 19:44:04,978 P1263181 INFO pr:0.8923  rc:0.8992  auc:0.9732 ap:0.9456 f1: 0.8958 pred_right: 16370 pred_wrong:130 actu_right: 16371 actu_wrong: 129
2026-09-16 19:44:04,979 P1263181 INFO ----------------------------------------------------------------------------------------------------
2026-09-16 19:44:04,980 P1263181 INFO 87/300 starting... lr: 0.001 para:0.011363636702299118
2026-09-16 19:44:25,287 P1263181 INFO Epoch 87/300, all_loss:0.02178 cls_loss:0.02147 rec_loss:0.04848 [20.31s]; best loss:0.01107, patience : 6
2026-09-16 19:44:32,409 P1263181 INFO pr:0.9342  rc:0.9295  auc:0.9854 ap:0.9741 f1: 0.9318 pred_right: 38605 pred_wrong:395 actu_right: 38603 actu_wrong: 397
2026-09-16 19:44:34,172 P1263181 INFO pr:0.8841  rc:0.9457  auc:0.9857 ap:0.9513 f1: 0.9139 pred_right: 16362 pred_wrong:138 actu_right: 16371 actu_wrong: 129
2026-09-16 19:44:34,173 P1263181 INFO ----------------------------------------------------------------------------------------------------
2026-09-16 19:44:34,173 P1263181 INFO 88/300 starting... lr: 0.001 para:0.01123595517128706
2026-09-16 19:44:51,548 P1263181 INFO Epoch 88/300, all_loss:0.03772 cls_loss:0.03757 rec_loss:0.05057 [17.37s]; best loss:0.01107, patience : 7
2026-09-16 19:44:55,322 P1263181 INFO pr:0.9349  rc:0.9043  auc:0.9827 ap:0.9713 f1: 0.9193 pred_right: 38616 pred_wrong:384 actu_right: 38603 actu_wrong: 397
2026-09-16 19:44:57,313 P1263181 INFO pr:0.8815  rc:0.9225  auc:0.9728 ap:0.9314 f1: 0.9015 pred_right: 16365 pred_wrong:135 actu_right: 16371 actu_wrong: 129
2026-09-16 19:44:57,314 P1263181 INFO ----------------------------------------------------------------------------------------------------
2026-09-16 19:44:57,314 P1263181 INFO 89/300 starting... lr: 0.001 para:0.011111111380159855
2026-09-16 19:45:32,575 P1263181 INFO Epoch 89/300, all_loss:0.00330 cls_loss:0.00277 rec_loss:0.05003 [35.25s]; best loss:0.00330, patience : 0
2026-09-16 19:45:38,213 P1263181 INFO pr:0.9427  rc:0.9118  auc:0.9818 ap:0.9718 f1: 0.9270 pred_right: 38616 pred_wrong:384 actu_right: 38603 actu_wrong: 397
2026-09-16 19:45:40,551 P1263181 INFO pr:0.8824  rc:0.9302  auc:0.9735 ap:0.9369 f1: 0.9057 pred_right: 16364 pred_wrong:136 actu_right: 16371 actu_wrong: 129
2026-09-16 19:45:40,552 P1263181 INFO ----------------------------------------------------------------------------------------------------
2026-09-16 19:45:40,552 P1263181 INFO 90/300 starting... lr: 0.001 para:0.010989011265337467
2026-09-16 19:46:00,075 P1263181 INFO Epoch 90/300, all_loss:0.00181 cls_loss:0.00127 rec_loss:0.05048 [19.51s]; best loss:0.00181, patience : 0
2026-09-16 19:46:05,725 P1263181 INFO pr:0.9395  rc:0.9015  auc:0.9813 ap:0.9704 f1: 0.9201 pred_right: 38620 pred_wrong:380 actu_right: 38604 actu_wrong: 396
2026-09-16 19:46:08,208 P1263181 INFO pr:0.8741  rc:0.9147  auc:0.9732 ap:0.9363 f1: 0.8939 pred_right: 16365 pred_wrong:135 actu_right: 16371 actu_wrong: 129
2026-09-16 19:46:08,209 P1263181 INFO ----------------------------------------------------------------------------------------------------
2026-09-16 19:46:08,209 P1263181 INFO 91/300 starting... lr: 0.001 para:0.010869565419852734
2026-09-16 19:46:29,543 P1263181 INFO Epoch 91/300, all_loss:0.00130 cls_loss:0.00076 rec_loss:0.05053 [21.32s]; best loss:0.00130, patience : 0
2026-09-16 19:46:36,650 P1263181 INFO pr:0.9352  rc:0.9116  auc:0.9824 ap:0.9731 f1: 0.9233 pred_right: 38614 pred_wrong:386 actu_right: 38604 actu_wrong: 396
2026-09-16 19:46:39,246 P1263181 INFO pr:0.8815  rc:0.9225  auc:0.9775 ap:0.9395 f1: 0.9015 pred_right: 16365 pred_wrong:135 actu_right: 16371 actu_wrong: 129
2026-09-16 19:46:39,248 P1263181 INFO ----------------------------------------------------------------------------------------------------
2026-09-16 19:46:39,249 P1263181 INFO 92/300 starting... lr: 0.001 para:0.01075268816202879
2026-09-16 19:46:59,350 P1263181 INFO Epoch 92/300, all_loss:0.00089 cls_loss:0.00034 rec_loss:0.05115 [20.09s]; best loss:0.00089, patience : 0
2026-09-16 19:47:06,486 P1263181 INFO pr:0.9354  rc:0.9118  auc:0.9825 ap:0.9731 f1: 0.9235 pred_right: 38613 pred_wrong:387 actu_right: 38603 actu_wrong: 397
2026-09-16 19:47:09,319 P1263181 INFO pr:0.8815  rc:0.9225  auc:0.9775 ap:0.9364 f1: 0.9015 pred_right: 16365 pred_wrong:135 actu_right: 16371 actu_wrong: 129
2026-09-16 19:47:09,320 P1263181 INFO ----------------------------------------------------------------------------------------------------
2026-09-16 19:47:09,320 P1263181 INFO 93/300 starting... lr: 0.001 para:0.010638297535479069
2026-09-16 19:47:30,941 P1263181 INFO Epoch 93/300, all_loss:0.00083 cls_loss:0.00029 rec_loss:0.05116 [21.61s]; best loss:0.00083, patience : 0
2026-09-16 19:47:36,527 P1263181 INFO pr:0.9354  rc:0.9118  auc:0.9824 ap:0.9731 f1: 0.9235 pred_right: 38613 pred_wrong:387 actu_right: 38603 actu_wrong: 397
2026-09-16 19:47:38,863 P1263181 INFO pr:0.8815  rc:0.9225  auc:0.9775 ap:0.9363 f1: 0.9015 pred_right: 16365 pred_wrong:135 actu_right: 16371 actu_wrong: 129
2026-09-16 19:47:38,872 P1263181 INFO ----------------------------------------------------------------------------------------------------
2026-09-16 19:47:38,873 P1263181 INFO 94/300 starting... lr: 0.001 para:0.010526316240429878
2026-09-16 19:47:56,461 P1263181 INFO Epoch 94/300, all_loss:0.00078 cls_loss:0.00025 rec_loss:0.05096 [17.57s]; best loss:0.00078, patience : 0
2026-09-16 19:48:00,879 P1263181 INFO pr:0.9332  rc:0.9144  auc:0.9825 ap:0.9730 f1: 0.9237 pred_right: 38611 pred_wrong:389 actu_right: 38603 actu_wrong: 397
2026-09-16 19:48:03,084 P1263181 INFO pr:0.8815  rc:0.9225  auc:0.9775 ap:0.9364 f1: 0.9015 pred_right: 16365 pred_wrong:135 actu_right: 16371 actu_wrong: 129
2026-09-16 19:48:03,085 P1263181 INFO ----------------------------------------------------------------------------------------------------
2026-09-16 19:48:03,085 P1263181 INFO 95/300 starting... lr: 0.001 para:0.010416666977107525
2026-09-16 19:48:37,065 P1263181 INFO Epoch 95/300, all_loss:0.00073 cls_loss:0.00020 rec_loss:0.05113 [33.97s]; best loss:0.00073, patience : 0
2026-09-16 19:48:43,435 P1263181 INFO pr:0.9332  rc:0.9144  auc:0.9825 ap:0.9731 f1: 0.9237 pred_right: 38611 pred_wrong:389 actu_right: 38603 actu_wrong: 397
2026-09-16 19:48:46,328 P1263181 INFO pr:0.8815  rc:0.9225  auc:0.9775 ap:0.9368 f1: 0.9015 pred_right: 16365 pred_wrong:135 actu_right: 16371 actu_wrong: 129
2026-09-16 19:48:46,330 P1263181 INFO ----------------------------------------------------------------------------------------------------
2026-09-16 19:48:46,330 P1263181 INFO 96/300 starting... lr: 0.001 para:0.010309278033673763
2026-09-16 19:49:06,616 P1263181 INFO Epoch 96/300, all_loss:0.00072 cls_loss:0.00020 rec_loss:0.05102 [20.27s]; best loss:0.00072, patience : 0
2026-09-16 19:49:13,269 P1263181 INFO pr:0.9335  rc:0.9194  auc:0.9825 ap:0.9695 f1: 0.9264 pred_right: 38609 pred_wrong:391 actu_right: 38603 actu_wrong: 397
2026-09-16 19:49:15,770 P1263181 INFO pr:0.8815  rc:0.9225  auc:0.9775 ap:0.9346 f1: 0.9015 pred_right: 16365 pred_wrong:135 actu_right: 16371 actu_wrong: 129
2026-09-16 19:49:15,772 P1263181 INFO ----------------------------------------------------------------------------------------------------
2026-09-16 19:49:15,773 P1263181 INFO 97/300 starting... lr: 0.001 para:0.010204081423580647
2026-09-16 19:49:35,990 P1263181 INFO Epoch 97/300, all_loss:0.00069 cls_loss:0.00017 rec_loss:0.05084 [20.20s]; best loss:0.00069, patience : 0
2026-09-16 19:49:41,222 P1263181 INFO pr:0.9333  rc:0.9169  auc:0.9824 ap:0.9696 f1: 0.9250 pred_right: 38610 pred_wrong:390 actu_right: 38603 actu_wrong: 397
2026-09-16 19:49:44,542 P1263181 INFO pr:0.8815  rc:0.9225  auc:0.9774 ap:0.9348 f1: 0.9015 pred_right: 16365 pred_wrong:135 actu_right: 16371 actu_wrong: 129
2026-09-16 19:49:44,545 P1263181 INFO ----------------------------------------------------------------------------------------------------
2026-09-16 19:49:44,546 P1263181 INFO 98/300 starting... lr: 0.001 para:0.010101010091602802
2026-09-16 19:50:06,126 P1263181 INFO Epoch 98/300, all_loss:0.00068 cls_loss:0.00017 rec_loss:0.05071 [21.57s]; best loss:0.00068, patience : 0
2026-09-16 19:50:13,856 P1263181 INFO pr:0.9359  rc:0.9194  auc:0.9825 ap:0.9694 f1: 0.9276 pred_right: 38610 pred_wrong:390 actu_right: 38603 actu_wrong: 397
2026-09-16 19:50:16,676 P1263181 INFO pr:0.8750  rc:0.9225  auc:0.9775 ap:0.9347 f1: 0.8981 pred_right: 16364 pred_wrong:136 actu_right: 16371 actu_wrong: 129
2026-09-16 19:50:16,677 P1263181 INFO ----------------------------------------------------------------------------------------------------
2026-09-16 19:50:16,677 P1263181 INFO 99/300 starting... lr: 0.001 para:0.01
2026-09-16 19:50:37,426 P1263181 INFO Epoch 99/300, all_loss:0.00066 cls_loss:0.00016 rec_loss:0.05058 [20.74s]; best loss:0.00066, patience : 0
2026-09-16 19:50:43,829 P1263181 INFO pr:0.9335  rc:0.9194  auc:0.9825 ap:0.9696 f1: 0.9264 pred_right: 38609 pred_wrong:391 actu_right: 38603 actu_wrong: 397
2026-09-16 19:50:46,361 P1263181 INFO pr:0.8750  rc:0.9225  auc:0.9775 ap:0.9349 f1: 0.8981 pred_right: 16364 pred_wrong:136 actu_right: 16371 actu_wrong: 129
2026-09-16 19:50:46,362 P1263181 INFO ----------------------------------------------------------------------------------------------------
2026-09-16 19:50:46,362 P1263181 INFO 100/300 starting... lr: 0.0009000000000000001 para:0.01
2026-09-16 19:51:04,171 P1263181 INFO Epoch 100/300, all_loss:0.00062 cls_loss:0.00012 rec_loss:0.05028 [17.80s]; best loss:0.00062, patience : 0
2026-09-16 19:51:08,680 P1263181 INFO pr:0.9356  rc:0.9167  auc:0.9823 ap:0.9685 f1: 0.9260 pred_right: 38612 pred_wrong:388 actu_right: 38604 actu_wrong: 396
2026-09-16 19:51:16,131 P1263181 INFO pr:0.8815  rc:0.9225  auc:0.9774 ap:0.9349 f1: 0.9015 pred_right: 16365 pred_wrong:135 actu_right: 16371 actu_wrong: 129
2026-09-16 19:51:16,133 P1263181 INFO ----------------------------------------------------------------------------------------------------
2026-09-16 19:51:16,134 P1263181 INFO 101/300 starting... lr: 0.0009000000000000001 para:0.01
2026-09-16 19:51:45,770 P1263181 INFO Epoch 101/300, all_loss:0.00062 cls_loss:0.00012 rec_loss:0.05005 [29.64s]; best loss:0.00062, patience : 1
2026-09-16 19:51:51,695 P1263181 INFO pr:0.9356  rc:0.9167  auc:0.9823 ap:0.9674 f1: 0.9260 pred_right: 38612 pred_wrong:388 actu_right: 38604 actu_wrong: 396
2026-09-16 19:51:54,005 P1263181 INFO pr:0.8750  rc:0.9225  auc:0.9774 ap:0.9351 f1: 0.8981 pred_right: 16364 pred_wrong:136 actu_right: 16371 actu_wrong: 129
2026-09-16 19:51:54,006 P1263181 INFO ----------------------------------------------------------------------------------------------------
2026-09-16 19:51:54,013 P1263181 INFO 102/300 starting... lr: 0.0009000000000000001 para:0.01
2026-09-16 19:52:14,307 P1263181 INFO Epoch 102/300, all_loss:0.00060 cls_loss:0.00010 rec_loss:0.04984 [20.28s]; best loss:0.00060, patience : 0
2026-09-16 19:52:19,787 P1263181 INFO pr:0.9335  rc:0.9194  auc:0.9824 ap:0.9675 f1: 0.9264 pred_right: 38609 pred_wrong:391 actu_right: 38603 actu_wrong: 397
2026-09-16 19:52:22,201 P1263181 INFO pr:0.8686  rc:0.9225  auc:0.9774 ap:0.9353 f1: 0.8947 pred_right: 16363 pred_wrong:137 actu_right: 16371 actu_wrong: 129
2026-09-16 19:52:22,203 P1263181 INFO ----------------------------------------------------------------------------------------------------
2026-09-16 19:52:22,204 P1263181 INFO 103/300 starting... lr: 0.0009000000000000001 para:0.01
2026-09-16 19:52:42,501 P1263181 INFO Epoch 103/300, all_loss:0.00059 cls_loss:0.00009 rec_loss:0.04963 [20.29s]; best loss:0.00059, patience : 0
2026-09-16 19:52:49,091 P1263181 INFO pr:0.9359  rc:0.9194  auc:0.9823 ap:0.9676 f1: 0.9276 pred_right: 38610 pred_wrong:390 actu_right: 38603 actu_wrong: 397
2026-09-16 19:52:52,059 P1263181 INFO pr:0.8750  rc:0.9225  auc:0.9774 ap:0.9362 f1: 0.8981 pred_right: 16364 pred_wrong:136 actu_right: 16371 actu_wrong: 129
2026-09-16 19:52:52,060 P1263181 INFO ----------------------------------------------------------------------------------------------------
2026-09-16 19:52:52,060 P1263181 INFO 104/300 starting... lr: 0.0009000000000000001 para:0.01
2026-09-16 19:53:14,359 P1263181 INFO Epoch 104/300, all_loss:0.00058 cls_loss:0.00009 rec_loss:0.04920 [22.29s]; best loss:0.00058, patience : 0
2026-09-16 19:53:20,424 P1263181 INFO pr:0.9335  rc:0.9194  auc:0.9823 ap:0.9676 f1: 0.9264 pred_right: 38609 pred_wrong:391 actu_right: 38603 actu_wrong: 397
2026-09-16 19:53:22,882 P1263181 INFO pr:0.8623  rc:0.9225  auc:0.9773 ap:0.9365 f1: 0.8914 pred_right: 16362 pred_wrong:138 actu_right: 16371 actu_wrong: 129
2026-09-16 19:53:22,883 P1263181 INFO ----------------------------------------------------------------------------------------------------
2026-09-16 19:53:22,884 P1263181 INFO 105/300 starting... lr: 0.0009000000000000001 para:0.01
2026-09-16 19:53:43,329 P1263181 INFO Epoch 105/300, all_loss:0.00057 cls_loss:0.00008 rec_loss:0.04885 [20.43s]; best loss:0.00057, patience : 0
2026-09-16 19:53:48,786 P1263181 INFO pr:0.9359  rc:0.9194  auc:0.9822 ap:0.9677 f1: 0.9276 pred_right: 38610 pred_wrong:390 actu_right: 38603 actu_wrong: 397
2026-09-16 19:53:51,500 P1263181 INFO pr:0.8686  rc:0.9225  auc:0.9773 ap:0.9368 f1: 0.8947 pred_right: 16363 pred_wrong:137 actu_right: 16371 actu_wrong: 129
2026-09-16 19:53:51,503 P1263181 INFO ----------------------------------------------------------------------------------------------------
2026-09-16 19:53:51,504 P1263181 INFO 106/300 starting... lr: 0.0009000000000000001 para:0.01
2026-09-16 19:54:09,240 P1263181 INFO Epoch 106/300, all_loss:0.00056 cls_loss:0.00008 rec_loss:0.04832 [17.73s]; best loss:0.00056, patience : 0
2026-09-16 19:54:13,506 P1263181 INFO pr:0.9337  rc:0.9219  auc:0.9821 ap:0.9678 f1: 0.9278 pred_right: 38608 pred_wrong:392 actu_right: 38603 actu_wrong: 397
2026-09-16 19:54:15,610 P1263181 INFO pr:0.8623  rc:0.9225  auc:0.9773 ap:0.9375 f1: 0.8914 pred_right: 16362 pred_wrong:138 actu_right: 16371 actu_wrong: 129
2026-09-16 19:54:15,614 P1263181 INFO ----------------------------------------------------------------------------------------------------
2026-09-16 19:54:15,614 P1263181 INFO 107/300 starting... lr: 0.0009000000000000001 para:0.01
2026-09-16 19:54:48,956 P1263181 INFO Epoch 107/300, all_loss:0.00055 cls_loss:0.00008 rec_loss:0.04791 [33.33s]; best loss:0.00055, patience : 0
2026-09-16 19:54:55,038 P1263181 INFO pr:0.9335  rc:0.9217  auc:0.9822 ap:0.9676 f1: 0.9276 pred_right: 38609 pred_wrong:391 actu_right: 38604 actu_wrong: 396
2026-09-16 19:54:57,554 P1263181 INFO pr:0.8623  rc:0.9225  auc:0.9773 ap:0.9375 f1: 0.8914 pred_right: 16362 pred_wrong:138 actu_right: 16371 actu_wrong: 129
2026-09-16 19:54:57,555 P1263181 INFO ----------------------------------------------------------------------------------------------------
2026-09-16 19:54:57,555 P1263181 INFO 108/300 starting... lr: 0.0009000000000000001 para:0.01
2026-09-16 19:55:17,144 P1263181 INFO Epoch 108/300, all_loss:0.00054 cls_loss:0.00007 rec_loss:0.04747 [19.58s]; best loss:0.00054, patience : 0
2026-09-16 19:55:23,563 P1263181 INFO pr:0.9335  rc:0.9217  auc:0.9821 ap:0.9678 f1: 0.9276 pred_right: 38609 pred_wrong:391 actu_right: 38604 actu_wrong: 396
2026-09-16 19:55:25,746 P1263181 INFO pr:0.8623  rc:0.9225  auc:0.9773 ap:0.9378 f1: 0.8914 pred_right: 16362 pred_wrong:138 actu_right: 16371 actu_wrong: 129
2026-09-16 19:55:25,747 P1263181 INFO ----------------------------------------------------------------------------------------------------
2026-09-16 19:55:25,747 P1263181 INFO 109/300 starting... lr: 0.0009000000000000001 para:0.01
2026-09-16 19:55:47,041 P1263181 INFO Epoch 109/300, all_loss:0.00053 cls_loss:0.00007 rec_loss:0.04692 [21.28s]; best loss:0.00053, patience : 0
2026-09-16 19:55:54,302 P1263181 INFO pr:0.9313  rc:0.9219  auc:0.9820 ap:0.9681 f1: 0.9266 pred_right: 38607 pred_wrong:393 actu_right: 38603 actu_wrong: 397
2026-09-16 19:55:56,902 P1263181 INFO pr:0.8623  rc:0.9225  auc:0.9773 ap:0.9380 f1: 0.8914 pred_right: 16362 pred_wrong:138 actu_right: 16371 actu_wrong: 129
2026-09-16 19:55:56,903 P1263181 INFO ----------------------------------------------------------------------------------------------------
2026-09-16 19:55:56,903 P1263181 INFO 110/300 starting... lr: 0.0009000000000000001 para:0.01
2026-09-16 19:56:17,906 P1263181 INFO Epoch 110/300, all_loss:0.00053 cls_loss:0.00007 rec_loss:0.04637 [20.99s]; best loss:0.00053, patience : 0
2026-09-16 19:56:23,711 P1263181 INFO pr:0.9337  rc:0.9219  auc:0.9822 ap:0.9675 f1: 0.9278 pred_right: 38608 pred_wrong:392 actu_right: 38603 actu_wrong: 397
2026-09-16 19:56:26,435 P1263181 INFO pr:0.8561  rc:0.9225  auc:0.9773 ap:0.9374 f1: 0.8881 pred_right: 16361 pred_wrong:139 actu_right: 16371 actu_wrong: 129
2026-09-16 19:56:26,438 P1263181 INFO ----------------------------------------------------------------------------------------------------
2026-09-16 19:56:26,439 P1263181 INFO 111/300 starting... lr: 0.0009000000000000001 para:0.01
2026-09-16 19:56:47,808 P1263181 INFO Epoch 111/300, all_loss:0.00052 cls_loss:0.00006 rec_loss:0.04588 [21.36s]; best loss:0.00052, patience : 0
2026-09-16 19:56:54,894 P1263181 INFO pr:0.9385  rc:0.9219  auc:0.9820 ap:0.9679 f1: 0.9301 pred_right: 38610 pred_wrong:390 actu_right: 38603 actu_wrong: 397
2026-09-16 19:56:58,540 P1263181 INFO pr:0.8686  rc:0.9225  auc:0.9772 ap:0.9381 f1: 0.8947 pred_right: 16363 pred_wrong:137 actu_right: 16371 actu_wrong: 129
2026-09-16 19:56:58,546 P1263181 INFO ----------------------------------------------------------------------------------------------------
2026-09-16 19:56:58,548 P1263181 INFO 112/300 starting... lr: 0.0009000000000000001 para:0.01
2026-09-16 19:57:16,254 P1263181 INFO Epoch 112/300, all_loss:0.00051 cls_loss:0.00005 rec_loss:0.04520 [17.70s]; best loss:0.00051, patience : 0
2026-09-16 19:57:27,618 P1263181 INFO pr:0.9385  rc:0.9219  auc:0.9819 ap:0.9678 f1: 0.9301 pred_right: 38610 pred_wrong:390 actu_right: 38603 actu_wrong: 397
2026-09-16 19:57:38,321 P1263181 INFO pr:0.8623  rc:0.9225  auc:0.9772 ap:0.9379 f1: 0.8914 pred_right: 16362 pred_wrong:138 actu_right: 16371 actu_wrong: 129
2026-09-16 19:57:38,322 P1263181 INFO ----------------------------------------------------------------------------------------------------
2026-09-16 19:57:38,325 P1263181 INFO 113/300 starting... lr: 0.0009000000000000001 para:0.01
2026-09-16 19:58:01,874 P1263181 INFO Epoch 113/300, all_loss:0.00050 cls_loss:0.00005 rec_loss:0.04440 [23.54s]; best loss:0.00050, patience : 0
2026-09-16 19:58:07,168 P1263181 INFO pr:0.9337  rc:0.9219  auc:0.9821 ap:0.9675 f1: 0.9278 pred_right: 38608 pred_wrong:392 actu_right: 38603 actu_wrong: 397
2026-09-16 19:58:10,051 P1263181 INFO pr:0.8561  rc:0.9225  auc:0.9772 ap:0.9379 f1: 0.8881 pred_right: 16361 pred_wrong:139 actu_right: 16371 actu_wrong: 129
2026-09-16 19:58:10,052 P1263181 INFO ----------------------------------------------------------------------------------------------------
2026-09-16 19:58:10,052 P1263181 INFO 114/300 starting... lr: 0.0009000000000000001 para:0.01
2026-09-16 19:58:29,599 P1263181 INFO Epoch 114/300, all_loss:0.00051 cls_loss:0.00007 rec_loss:0.04407 [19.54s]; best loss:0.00050, patience : 1
2026-09-16 19:58:35,483 P1263181 INFO pr:0.9476  rc:0.9141  auc:0.9815 ap:0.9668 f1: 0.9306 pred_right: 38618 pred_wrong:382 actu_right: 38604 actu_wrong: 396
2026-09-16 19:58:38,102 P1263181 INFO pr:0.8561  rc:0.9225  auc:0.9752 ap:0.9382 f1: 0.8881 pred_right: 16361 pred_wrong:139 actu_right: 16371 actu_wrong: 129
2026-09-16 19:58:38,103 P1263181 INFO ----------------------------------------------------------------------------------------------------
2026-09-16 19:58:38,103 P1263181 INFO 115/300 starting... lr: 0.0009000000000000001 para:0.01
2026-09-16 19:58:59,172 P1263181 INFO Epoch 115/300, all_loss:0.04466 cls_loss:0.04464 rec_loss:0.04656 [21.07s]; best loss:0.00050, patience : 2
2026-09-16 19:59:04,928 P1263181 INFO pr:0.8689  rc:0.8557  auc:0.9497 ap:0.9358 f1: 0.8622 pred_right: 38611 pred_wrong:389 actu_right: 38605 actu_wrong: 395
2026-09-16 19:59:08,870 P1263181 INFO pr:0.8148  rc:0.8527  auc:0.9485 ap:0.9151 f1: 0.8333 pred_right: 16365 pred_wrong:135 actu_right: 16371 actu_wrong: 129
2026-09-16 19:59:08,872 P1263181 INFO ----------------------------------------------------------------------------------------------------
2026-09-16 19:59:08,872 P1263181 INFO 116/300 starting... lr: 0.0009000000000000001 para:0.01
