2026-09-14 04:51:51,399 P2389065 INFO ---- Model: ----MSTGAD-01d6581e----random_seed : 2----req_loss_approach : Legendre-style----rec_lambda : 1.0----auxi_lambda : 0.2----Freq Domain : FITS_Legendre----Multi Fits : false----train : True----evaluate : False
2026-09-14 04:51:51,399 P2389065 INFO Load from /home/db2003/Desktop/Amr/Tests/Eadro/codes/chunks/TT
2026-09-14 04:52:06,315 P2389065 INFO Fewshot: training with 1.0 of the 70% of the data
2026-09-14 04:52:06,435 P2389065 INFO Trainable Parameters Breakdown:
2026-09-14 04:52:06,435 P2389065 INFO --------------------------------------------------------------------------------
2026-09-14 04:52:06,435 P2389065 INFO Reconstruction-Specific Parameters:
2026-09-14 04:52:06,435 P2389065 INFO node_emb.linear.weight                   | shape: (8, 7)                    | params: 56
2026-09-14 04:52:06,436 P2389065 INFO node_emb.linear.bias                     | shape: (8,)                      | params: 8
2026-09-14 04:52:06,436 P2389065 INFO log_emb.linear.weight                    | shape: (32, 60)                  | params: 1,920
2026-09-14 04:52:06,436 P2389065 INFO log_emb.linear.bias                      | shape: (32,)                     | params: 32
2026-09-14 04:52:06,436 P2389065 INFO egde_emb.linear.weight                   | shape: (8, 2)                    | params: 16
2026-09-14 04:52:06,436 P2389065 INFO egde_emb.linear.bias                     | shape: (8,)                      | params: 8
2026-09-14 04:52:06,436 P2389065 INFO dense_node.weight                        | shape: (7, 8)                    | params: 56
2026-09-14 04:52:06,436 P2389065 INFO dense_node.bias                          | shape: (7,)                      | params: 7
2026-09-14 04:52:06,436 P2389065 INFO dense_log.weight                         | shape: (60, 32)                  | params: 1,920
2026-09-14 04:52:06,436 P2389065 INFO dense_log.bias                           | shape: (60,)                     | params: 60
2026-09-14 04:52:06,436 P2389065 INFO dense_edge.weight                        | shape: (2, 8)                    | params: 16
2026-09-14 04:52:06,436 P2389065 INFO dense_edge.bias                          | shape: (2,)                      | params: 2
2026-09-14 04:52:06,436 P2389065 INFO linear_attn.Wq.weight                    | shape: (10, 10)                  | params: 100
2026-09-14 04:52:06,436 P2389065 INFO linear_attn.Wk.weight                    | shape: (10, 10)                  | params: 100
2026-09-14 04:52:06,436 P2389065 INFO linear_attn.Wv.weight                    | shape: (10, 10)                  | params: 100
2026-09-14 04:52:06,436 P2389065 INFO linear_attn.out.weight                   | shape: (10, 10)                  | params: 100
2026-09-14 04:52:06,436 P2389065 INFO linear_attn.out.bias                     | shape: (10,)                     | params: 10
2026-09-14 04:52:06,437 P2389065 INFO linear_attn.norm.weight                  | shape: (10,)                     | params: 10
2026-09-14 04:52:06,437 P2389065 INFO linear_attn.norm.bias                    | shape: (10,)                     | params: 10
2026-09-14 04:52:06,437 P2389065 INFO shared_fits.normlin_W                    | shape: (3, 3)                    | params: 9
2026-09-14 04:52:06,437 P2389065 INFO shared_fits.freq_upsampler.weight        | shape: (3, 3)                    | params: 9
2026-09-14 04:52:06,437 P2389065 INFO shared_fits.freq_upsampler.bias          | shape: (3,)                      | params: 3
2026-09-14 04:52:06,437 P2389065 INFO modality_proj.node.weight                | shape: (10, 8)                   | params: 80
2026-09-14 04:52:06,437 P2389065 INFO modality_proj.node.bias                  | shape: (10,)                     | params: 10
2026-09-14 04:52:06,437 P2389065 INFO modality_proj.log.weight                 | shape: (10, 32)                  | params: 320
2026-09-14 04:52:06,437 P2389065 INFO modality_proj.log.bias                   | shape: (10,)                     | params: 10
2026-09-14 04:52:06,437 P2389065 INFO modality_proj.edge.weight                | shape: (10, 8)                   | params: 80
2026-09-14 04:52:06,437 P2389065 INFO modality_proj.edge.bias                  | shape: (10,)                     | params: 10
2026-09-14 04:52:06,437 P2389065 INFO modality_proj_out.node.weight            | shape: (8, 10)                   | params: 80
2026-09-14 04:52:06,437 P2389065 INFO modality_proj_out.node.bias              | shape: (8,)                      | params: 8
2026-09-14 04:52:06,437 P2389065 INFO modality_proj_out.log.weight             | shape: (32, 10)                  | params: 320
2026-09-14 04:52:06,437 P2389065 INFO modality_proj_out.log.bias               | shape: (32,)                     | params: 32
2026-09-14 04:52:06,438 P2389065 INFO modality_proj_out.edge.weight            | shape: (8, 10)                   | params: 80
2026-09-14 04:52:06,438 P2389065 INFO modality_proj_out.edge.bias              | shape: (8,)                      | params: 8
2026-09-14 04:52:06,438 P2389065 INFO Subtotal: 5,590
2026-09-14 04:52:06,438 P2389065 INFO --------------------------------------------------------------------------------
2026-09-14 04:52:06,438 P2389065 INFO Common Parameters:
2026-09-14 04:52:06,438 P2389065 INFO show.0.weight                            | shape: (128, 69)                 | params: 8,832
2026-09-14 04:52:06,438 P2389065 INFO show.0.bias                              | shape: (128,)                    | params: 128
2026-09-14 04:52:06,438 P2389065 INFO show.2.weight                            | shape: (2, 128)                  | params: 256
2026-09-14 04:52:06,438 P2389065 INFO show.2.bias                              | shape: (2,)                      | params: 2
2026-09-14 04:52:06,438 P2389065 INFO Subtotal: 9,218
2026-09-14 04:52:06,438 P2389065 INFO --------------------------------------------------------------------------------
2026-09-14 04:52:06,438 P2389065 INFO Total Trainable Parameters: 14,808

2026-09-14 04:52:06,438 P2389065 INFO Trainable Parameters: 14808, reconstruction: 5590, common: 9218
2026-09-14 04:52:06,438 P2389065 INFO model : init weight
2026-09-14 04:52:06,439 P2389065 INFO Using GPU...
2026-09-14 04:52:06,446 P2389065 INFO optimizer : using AdaBelief
2026-09-14 04:52:06,446 P2389065 INFO ----------------------------------------------------------------------------------------------------
2026-09-14 04:52:06,447 P2389065 INFO 0/50 starting... lr: 0.001 para:1.0
2026-09-14 04:52:36,341 P2389065 INFO Epoch 0/50, all_loss:0.08091 cls_loss:30.23084 rec_loss:0.08091 [29.89s]; best loss:0.08091, patience : 0
2026-09-14 04:52:36,341 P2389065 INFO ----------------------------------------------------------------------------------------------------
2026-09-14 04:52:36,341 P2389065 INFO 1/50 starting... lr: 0.001 para:0.5
2026-09-14 04:53:11,729 P2389065 INFO Epoch 1/50, all_loss:2.04990 cls_loss:3.91083 rec_loss:0.18897 [35.35s]; best loss:2.04990, patience : 0
2026-09-14 04:53:11,730 P2389065 INFO ----------------------------------------------------------------------------------------------------
2026-09-14 04:53:11,731 P2389065 INFO 2/50 starting... lr: 0.001 para:0.3333333432674408
2026-09-14 04:53:45,200 P2389065 INFO Epoch 2/50, all_loss:1.48966 cls_loss:2.13072 rec_loss:0.20754 [33.46s]; best loss:1.48966, patience : 0
2026-09-14 04:54:00,602 P2389065 INFO pr:0.8471  rc:0.5131  auc:0.9881 ap:0.9003 f1: 0.6391 pred_right: 1075310 pred_wrong:20890 actu_right: 1061715 actu_wrong: 34485
2026-09-14 04:54:07,824 P2389065 INFO pr:0.8487  rc:0.5122  auc:0.9883 ap:0.9015 f1: 0.6388 pred_right: 460864 pred_wrong:8936 actu_right: 454992 actu_wrong: 14808
2026-09-14 04:54:07,830 P2389065 INFO ----------------------------------------------------------------------------------------------------
2026-09-14 04:54:07,830 P2389065 INFO 3/50 starting... lr: 0.001 para:0.25
2026-09-14 04:54:40,107 P2389065 INFO Epoch 3/50, all_loss:1.51159 cls_loss:1.94106 rec_loss:0.22316 [32.28s]; best loss:1.48966, patience : 1
2026-09-14 04:54:57,057 P2389065 INFO pr:0.8153  rc:0.6157  auc:0.9903 ap:0.9155 f1: 0.7016 pred_right: 1070159 pred_wrong:26041 actu_right: 1061714 actu_wrong: 34486
2026-09-14 04:55:02,566 P2389065 INFO pr:0.8209  rc:0.6172  auc:0.9907 ap:0.9170 f1: 0.7046 pred_right: 458667 pred_wrong:11133 actu_right: 454992 actu_wrong: 14808
2026-09-14 04:55:02,572 P2389065 INFO ----------------------------------------------------------------------------------------------------
2026-09-14 04:55:02,572 P2389065 INFO 4/50 starting... lr: 0.001 para:0.20000000298023224
2026-09-14 04:55:45,197 P2389065 INFO Epoch 4/50, all_loss:1.48164 cls_loss:1.78581 rec_loss:0.26496 [42.62s]; best loss:1.48164, patience : 0
2026-09-14 04:56:01,349 P2389065 INFO pr:0.8927  rc:0.6024  auc:0.9925 ap:0.9277 f1: 0.7194 pred_right: 1072925 pred_wrong:23275 actu_right: 1061709 actu_wrong: 34491
2026-09-14 04:56:08,098 P2389065 INFO pr:0.8968  rc:0.6059  auc:0.9925 ap:0.9290 f1: 0.7232 pred_right: 459796 pred_wrong:10004 actu_right: 454992 actu_wrong: 14808
2026-09-14 04:56:08,103 P2389065 INFO ----------------------------------------------------------------------------------------------------
2026-09-14 04:56:08,104 P2389065 INFO 5/50 starting... lr: 0.001 para:0.1666666716337204
2026-09-14 04:56:40,746 P2389065 INFO Epoch 5/50, all_loss:1.44753 cls_loss:1.67849 rec_loss:0.29270 [32.64s]; best loss:1.44753, patience : 0
2026-09-14 04:56:58,182 P2389065 INFO pr:0.8205  rc:0.6915  auc:0.9928 ap:0.9310 f1: 0.7505 pred_right: 1067130 pred_wrong:29070 actu_right: 1061710 actu_wrong: 34490
2026-09-14 04:57:02,821 P2389065 INFO pr:0.8252  rc:0.6937  auc:0.9930 ap:0.9318 f1: 0.7538 pred_right: 457351 pred_wrong:12449 actu_right: 454992 actu_wrong: 14808
2026-09-14 04:57:02,826 P2389065 INFO ----------------------------------------------------------------------------------------------------
2026-09-14 04:57:02,826 P2389065 INFO 6/50 starting... lr: 0.001 para:0.1428571492433548
2026-09-14 04:57:45,179 P2389065 INFO Epoch 6/50, all_loss:1.42202 cls_loss:1.60899 rec_loss:0.30021 [42.35s]; best loss:1.42202, patience : 0
2026-09-14 04:58:00,554 P2389065 INFO pr:0.9175  rc:0.6358  auc:0.9940 ap:0.9408 f1: 0.7511 pred_right: 1072301 pred_wrong:23899 actu_right: 1061711 actu_wrong: 34489
2026-09-14 04:58:06,918 P2389065 INFO pr:0.9194  rc:0.6338  auc:0.9940 ap:0.9412 f1: 0.7504 pred_right: 459591 pred_wrong:10209 actu_right: 454992 actu_wrong: 14808
2026-09-14 04:58:06,924 P2389065 INFO ----------------------------------------------------------------------------------------------------
2026-09-14 04:58:06,924 P2389065 INFO 7/50 starting... lr: 0.001 para:0.125
2026-09-14 04:58:37,632 P2389065 INFO Epoch 7/50, all_loss:1.37798 cls_loss:1.53034 rec_loss:0.31145 [30.70s]; best loss:1.37798, patience : 0
2026-09-14 04:58:54,369 P2389065 INFO pr:0.8407  rc:0.7294  auc:0.9945 ap:0.9426 f1: 0.7811 pred_right: 1066278 pred_wrong:29922 actu_right: 1061711 actu_wrong: 34489
2026-09-14 04:59:02,645 P2389065 INFO pr:0.8490  rc:0.7287  auc:0.9944 ap:0.9424 f1: 0.7842 pred_right: 457091 pred_wrong:12709 actu_right: 454992 actu_wrong: 14808
2026-09-14 04:59:02,654 P2389065 INFO ----------------------------------------------------------------------------------------------------
2026-09-14 04:59:02,654 P2389065 INFO 8/50 starting... lr: 0.001 para:0.1111111119389534
2026-09-14 04:59:43,908 P2389065 INFO Epoch 8/50, all_loss:1.32307 cls_loss:1.44695 rec_loss:0.33203 [41.25s]; best loss:1.32307, patience : 0
2026-09-14 04:59:59,977 P2389065 INFO pr:0.9072  rc:0.7056  auc:0.9957 ap:0.9544 f1: 0.7938 pred_right: 1069379 pred_wrong:26821 actu_right: 1061713 actu_wrong: 34487
2026-09-14 05:00:06,590 P2389065 INFO pr:0.9127  rc:0.7036  auc:0.9955 ap:0.9543 f1: 0.7946 pred_right: 458384 pred_wrong:11416 actu_right: 454992 actu_wrong: 14808
2026-09-14 05:00:06,595 P2389065 INFO ----------------------------------------------------------------------------------------------------
2026-09-14 05:00:06,596 P2389065 INFO 9/50 starting... lr: 0.001 para:0.10000000149011612
2026-09-14 05:00:38,967 P2389065 INFO Epoch 9/50, all_loss:1.21396 cls_loss:1.30413 rec_loss:0.40244 [32.37s]; best loss:1.21396, patience : 0
2026-09-14 05:00:56,092 P2389065 INFO pr:0.9117  rc:0.7481  auc:0.9965 ap:0.9624 f1: 0.8218 pred_right: 1067900 pred_wrong:28300 actu_right: 1061712 actu_wrong: 34488
2026-09-14 05:01:02,993 P2389065 INFO pr:0.9193  rc:0.7432  auc:0.9964 ap:0.9622 f1: 0.8220 pred_right: 457828 pred_wrong:11972 actu_right: 454992 actu_wrong: 14808
2026-09-14 05:01:03,003 P2389065 INFO ----------------------------------------------------------------------------------------------------
2026-09-14 05:01:03,003 P2389065 INFO 10/50 starting... lr: 0.001 para:0.09090909361839294
2026-09-14 05:01:42,029 P2389065 INFO Epoch 10/50, all_loss:1.10903 cls_loss:1.16824 rec_loss:0.51702 [39.01s]; best loss:1.10903, patience : 0
2026-09-14 05:02:02,040 P2389065 INFO pr:0.8908  rc:0.8093  auc:0.9973 ap:0.9689 f1: 0.8481 pred_right: 1064869 pred_wrong:31331 actu_right: 1061712 actu_wrong: 34488
2026-09-14 05:02:08,964 P2389065 INFO pr:0.8964  rc:0.8044  auc:0.9972 ap:0.9690 f1: 0.8479 pred_right: 456513 pred_wrong:13287 actu_right: 454992 actu_wrong: 14808
2026-09-14 05:02:08,969 P2389065 INFO ----------------------------------------------------------------------------------------------------
2026-09-14 05:02:08,970 P2389065 INFO 11/50 starting... lr: 0.001 para:0.0833333358168602
2026-09-14 05:02:39,638 P2389065 INFO Epoch 11/50, all_loss:1.04542 cls_loss:1.08477 rec_loss:0.61254 [30.66s]; best loss:1.04542, patience : 0
2026-09-14 05:02:56,401 P2389065 INFO pr:0.9387  rc:0.7466  auc:0.9978 ap:0.9740 f1: 0.8317 pred_right: 1068767 pred_wrong:27433 actu_right: 1061711 actu_wrong: 34489
2026-09-14 05:03:03,047 P2389065 INFO pr:0.9407  rc:0.7380  auc:0.9976 ap:0.9736 f1: 0.8271 pred_right: 458183 pred_wrong:11617 actu_right: 454992 actu_wrong: 14808
2026-09-14 05:03:03,048 P2389065 INFO ----------------------------------------------------------------------------------------------------
2026-09-14 05:03:03,049 P2389065 INFO 12/50 starting... lr: 0.001 para:0.07692307978868484
2026-09-14 05:03:33,062 P2389065 INFO Epoch 12/50, all_loss:0.96017 cls_loss:0.98131 rec_loss:0.70650 [30.01s]; best loss:0.96017, patience : 0
2026-09-14 05:04:02,760 P2389065 INFO pr:0.8753  rc:0.8824  auc:0.9981 ap:0.9759 f1: 0.8788 pred_right: 1061434 pred_wrong:34766 actu_right: 1061711 actu_wrong: 34489
2026-09-14 05:04:09,535 P2389065 INFO pr:0.8789  rc:0.8793  auc:0.9979 ap:0.9754 f1: 0.8791 pred_right: 454986 pred_wrong:14814 actu_right: 454992 actu_wrong: 14808
2026-09-14 05:04:09,541 P2389065 INFO ----------------------------------------------------------------------------------------------------
2026-09-14 05:04:09,543 P2389065 INFO 13/50 starting... lr: 0.001 para:0.0714285746216774
2026-09-14 05:04:41,102 P2389065 INFO Epoch 13/50, all_loss:0.91341 cls_loss:0.92467 rec_loss:0.76713 [31.55s]; best loss:0.91341, patience : 0
2026-09-14 05:04:57,899 P2389065 INFO pr:0.8874  rc:0.8920  auc:0.9983 ap:0.9787 f1: 0.8897 pred_right: 1061535 pred_wrong:34665 actu_right: 1061711 actu_wrong: 34489
2026-09-14 05:05:05,511 P2389065 INFO pr:0.8885  rc:0.8872  auc:0.9983 ap:0.9788 f1: 0.8878 pred_right: 455015 pred_wrong:14785 actu_right: 454992 actu_wrong: 14808
2026-09-14 05:05:05,516 P2389065 INFO ----------------------------------------------------------------------------------------------------
2026-09-14 05:05:05,516 P2389065 INFO 14/50 starting... lr: 0.001 para:0.06666667014360428
2026-09-14 05:05:36,888 P2389065 INFO Epoch 14/50, all_loss:0.85065 cls_loss:0.85321 rec_loss:0.81471 [31.37s]; best loss:0.85065, patience : 0
2026-09-14 05:06:04,885 P2389065 INFO pr:0.9179  rc:0.8556  auc:0.9986 ap:0.9814 f1: 0.8857 pred_right: 1064058 pred_wrong:32142 actu_right: 1061716 actu_wrong: 34484
2026-09-14 05:06:12,043 P2389065 INFO pr:0.9193  rc:0.8512  auc:0.9985 ap:0.9813 f1: 0.8840 pred_right: 456089 pred_wrong:13711 actu_right: 454992 actu_wrong: 14808
2026-09-14 05:06:12,044 P2389065 INFO ----------------------------------------------------------------------------------------------------
2026-09-14 05:06:12,044 P2389065 INFO 15/50 starting... lr: 0.001 para:0.0625
2026-09-14 05:06:42,830 P2389065 INFO Epoch 15/50, all_loss:0.80748 cls_loss:0.80450 rec_loss:0.85216 [30.78s]; best loss:0.80748, patience : 0
2026-09-14 05:06:59,905 P2389065 INFO pr:0.8664  rc:0.9433  auc:0.9983 ap:0.9826 f1: 0.9032 pred_right: 1058647 pred_wrong:37553 actu_right: 1061706 actu_wrong: 34494
2026-09-14 05:07:06,720 P2389065 INFO pr:0.8682  rc:0.9396  auc:0.9983 ap:0.9821 f1: 0.9024 pred_right: 453774 pred_wrong:16026 actu_right: 454992 actu_wrong: 14808
2026-09-14 05:07:06,726 P2389065 INFO ----------------------------------------------------------------------------------------------------
2026-09-14 05:07:06,726 P2389065 INFO 16/50 starting... lr: 0.001 para:0.05882352963089943
2026-09-14 05:07:39,299 P2389065 INFO Epoch 16/50, all_loss:0.76745 cls_loss:0.76047 rec_loss:0.87922 [32.57s]; best loss:0.76745, patience : 0
2026-09-14 05:07:59,286 P2389065 INFO pr:0.9209  rc:0.8708  auc:0.9988 ap:0.9834 f1: 0.8952 pred_right: 1063591 pred_wrong:32609 actu_right: 1061712 actu_wrong: 34488
2026-09-14 05:08:12,650 P2389065 INFO pr:0.9199  rc:0.8691  auc:0.9986 ap:0.9829 f1: 0.8938 pred_right: 455809 pred_wrong:13991 actu_right: 454992 actu_wrong: 14808
2026-09-14 05:08:12,651 P2389065 INFO ----------------------------------------------------------------------------------------------------
2026-09-14 05:08:12,658 P2389065 INFO 17/50 starting... lr: 0.001 para:0.0555555559694767
2026-09-14 05:08:43,764 P2389065 INFO Epoch 17/50, all_loss:0.76736 cls_loss:0.75945 rec_loss:0.90175 [31.10s]; best loss:0.76736, patience : 0
2026-09-14 05:09:00,466 P2389065 INFO pr:0.9107  rc:0.9030  auc:0.9990 ap:0.9852 f1: 0.9069 pred_right: 1062004 pred_wrong:34196 actu_right: 1061712 actu_wrong: 34488
2026-09-14 05:09:07,451 P2389065 INFO pr:0.9127  rc:0.9003  auc:0.9989 ap:0.9851 f1: 0.9065 pred_right: 455193 pred_wrong:14607 actu_right: 454992 actu_wrong: 14808
2026-09-14 05:09:07,456 P2389065 INFO ----------------------------------------------------------------------------------------------------
2026-09-14 05:09:07,457 P2389065 INFO 18/50 starting... lr: 0.001 para:0.05263157933950424
2026-09-14 05:09:40,131 P2389065 INFO Epoch 18/50, all_loss:0.72283 cls_loss:0.71111 rec_loss:0.93379 [32.67s]; best loss:0.72283, patience : 0
2026-09-14 05:09:55,006 P2389065 INFO pr:0.9378  rc:0.8221  auc:0.9988 ap:0.9834 f1: 0.8762 pred_right: 1065968 pred_wrong:30232 actu_right: 1061712 actu_wrong: 34488
2026-09-14 05:10:03,710 P2389065 INFO pr:0.9398  rc:0.8208  auc:0.9988 ap:0.9840 f1: 0.8763 pred_right: 456867 pred_wrong:12933 actu_right: 454992 actu_wrong: 14808
2026-09-14 05:10:03,713 P2389065 INFO ----------------------------------------------------------------------------------------------------
2026-09-14 05:10:03,713 P2389065 INFO 19/50 starting... lr: 0.001 para:0.05000000074505806
2026-09-14 05:10:43,367 P2389065 INFO Epoch 19/50, all_loss:0.70083 cls_loss:0.68743 rec_loss:0.95534 [39.65s]; best loss:0.70083, patience : 0
2026-09-14 05:10:59,285 P2389065 INFO pr:0.9362  rc:0.8272  auc:0.9988 ap:0.9851 f1: 0.8784 pred_right: 1065727 pred_wrong:30473 actu_right: 1061711 actu_wrong: 34489
2026-09-14 05:11:05,921 P2389065 INFO pr:0.9369  rc:0.8216  auc:0.9988 ap:0.9848 f1: 0.8755 pred_right: 456815 pred_wrong:12985 actu_right: 454992 actu_wrong: 14808
2026-09-14 05:11:05,922 P2389065 INFO ----------------------------------------------------------------------------------------------------
2026-09-14 05:11:05,922 P2389065 INFO 20/50 starting... lr: 0.001 para:0.0476190485060215
2026-09-14 05:11:39,203 P2389065 INFO Epoch 20/50, all_loss:0.68294 cls_loss:0.66829 rec_loss:0.97580 [33.27s]; best loss:0.68294, patience : 0
2026-09-14 05:11:56,278 P2389065 INFO pr:0.8755  rc:0.9654  auc:0.9992 ap:0.9871 f1: 0.9183 pred_right: 1058171 pred_wrong:38029 actu_right: 1061709 actu_wrong: 34491
2026-09-14 05:12:01,274 P2389065 INFO pr:0.8755  rc:0.9617  auc:0.9991 ap:0.9865 f1: 0.9166 pred_right: 453534 pred_wrong:16266 actu_right: 454992 actu_wrong: 14808
2026-09-14 05:12:01,278 P2389065 INFO ----------------------------------------------------------------------------------------------------
2026-09-14 05:12:01,279 P2389065 INFO 21/50 starting... lr: 0.001 para:0.04545454680919647
2026-09-14 05:12:42,728 P2389065 INFO Epoch 21/50, all_loss:0.65150 cls_loss:0.63551 rec_loss:0.98716 [41.44s]; best loss:0.65150, patience : 0
2026-09-14 05:12:58,320 P2389065 INFO pr:0.8740  rc:0.9716  auc:0.9992 ap:0.9881 f1: 0.9202 pred_right: 1057857 pred_wrong:38343 actu_right: 1061712 actu_wrong: 34488
2026-09-14 05:13:05,413 P2389065 INFO pr:0.8759  rc:0.9691  auc:0.9991 ap:0.9874 f1: 0.9202 pred_right: 453416 pred_wrong:16384 actu_right: 454992 actu_wrong: 14808
2026-09-14 05:13:05,419 P2389065 INFO ----------------------------------------------------------------------------------------------------
2026-09-14 05:13:05,419 P2389065 INFO 22/50 starting... lr: 0.001 para:0.043478261679410934
2026-09-14 05:13:37,476 P2389065 INFO Epoch 22/50, all_loss:0.61917 cls_loss:0.60209 rec_loss:0.99509 [32.05s]; best loss:0.61917, patience : 0
2026-09-14 05:13:54,406 P2389065 INFO pr:0.8741  rc:0.9745  auc:0.9991 ap:0.9886 f1: 0.9215 pred_right: 1057747 pred_wrong:38453 actu_right: 1061710 actu_wrong: 34490
2026-09-14 05:14:02,856 P2389065 INFO pr:0.8754  rc:0.9725  auc:0.9991 ap:0.9880 f1: 0.9214 pred_right: 453350 pred_wrong:16450 actu_right: 454992 actu_wrong: 14808
2026-09-14 05:14:02,860 P2389065 INFO ----------------------------------------------------------------------------------------------------
2026-09-14 05:14:02,860 P2389065 INFO 23/50 starting... lr: 0.001 para:0.0416666679084301
2026-09-14 05:14:42,542 P2389065 INFO Epoch 23/50, all_loss:0.69798 cls_loss:0.68375 rec_loss:1.02531 [39.68s]; best loss:0.61917, patience : 1
2026-09-14 05:14:59,894 P2389065 INFO pr:0.9490  rc:0.8440  auc:0.9991 ap:0.9885 f1: 0.8934 pred_right: 1065527 pred_wrong:30673 actu_right: 1061709 actu_wrong: 34491
2026-09-14 05:15:06,727 P2389065 INFO pr:0.9476  rc:0.8410  auc:0.9991 ap:0.9882 f1: 0.8911 pred_right: 456659 pred_wrong:13141 actu_right: 454992 actu_wrong: 14808
2026-09-14 05:15:06,728 P2389065 INFO ----------------------------------------------------------------------------------------------------
2026-09-14 05:15:06,728 P2389065 INFO 24/50 starting... lr: 0.001 para:0.03999999910593033
2026-09-14 05:15:38,017 P2389065 INFO Epoch 24/50, all_loss:0.62810 cls_loss:0.61031 rec_loss:1.05514 [31.29s]; best loss:0.61917, patience : 1
2026-09-14 05:15:55,941 P2389065 INFO pr:0.9248  rc:0.9245  auc:0.9993 ap:0.9895 f1: 0.9246 pred_right: 1061723 pred_wrong:34477 actu_right: 1061712 actu_wrong: 34488
2026-09-14 05:16:03,028 P2389065 INFO pr:0.9262  rc:0.9223  auc:0.9992 ap:0.9893 f1: 0.9242 pred_right: 455053 pred_wrong:14747 actu_right: 454992 actu_wrong: 14808
2026-09-14 05:16:03,034 P2389065 INFO ----------------------------------------------------------------------------------------------------
2026-09-14 05:16:03,034 P2389065 INFO 25/50 starting... lr: 0.001 para:0.03846153989434242
2026-09-14 05:16:43,516 P2389065 INFO Epoch 25/50, all_loss:0.59268 cls_loss:0.57338 rec_loss:1.07506 [40.47s]; best loss:0.59268, patience : 0
2026-09-14 05:17:01,645 P2389065 INFO pr:0.9187  rc:0.9409  auc:0.9990 ap:0.9894 f1: 0.9297 pred_right: 1060875 pred_wrong:35325 actu_right: 1061710 actu_wrong: 34490
2026-09-14 05:17:07,940 P2389065 INFO pr:0.9199  rc:0.9386  auc:0.9990 ap:0.9893 f1: 0.9291 pred_right: 454690 pred_wrong:15110 actu_right: 454992 actu_wrong: 14808
2026-09-14 05:17:07,946 P2389065 INFO ----------------------------------------------------------------------------------------------------
2026-09-14 05:17:07,946 P2389065 INFO 26/50 starting... lr: 0.001 para:0.03703703731298447
2026-09-14 05:17:39,428 P2389065 INFO Epoch 26/50, all_loss:0.58825 cls_loss:0.56927 rec_loss:1.08192 [31.48s]; best loss:0.58825, patience : 0
2026-09-14 05:17:55,690 P2389065 INFO pr:0.8924  rc:0.9756  auc:0.9993 ap:0.9901 f1: 0.9321 pred_right: 1058490 pred_wrong:37710 actu_right: 1061709 actu_wrong: 34491
2026-09-14 05:18:02,689 P2389065 INFO pr:0.8909  rc:0.9720  auc:0.9992 ap:0.9894 f1: 0.9297 pred_right: 453645 pred_wrong:16155 actu_right: 454992 actu_wrong: 14808
2026-09-14 05:18:02,695 P2389065 INFO ----------------------------------------------------------------------------------------------------
2026-09-14 05:18:02,697 P2389065 INFO 27/50 starting... lr: 0.001 para:0.0357142873108387
2026-09-14 05:18:33,325 P2389065 INFO Epoch 27/50, all_loss:0.55700 cls_loss:0.53736 rec_loss:1.08724 [30.62s]; best loss:0.55700, patience : 0
2026-09-14 05:19:03,351 P2389065 INFO pr:0.8974  rc:0.9680  auc:0.9993 ap:0.9897 f1: 0.9313 pred_right: 1058995 pred_wrong:37205 actu_right: 1061710 actu_wrong: 34490
2026-09-14 05:19:09,680 P2389065 INFO pr:0.8988  rc:0.9658  auc:0.9992 ap:0.9892 f1: 0.9311 pred_right: 453889 pred_wrong:15911 actu_right: 454992 actu_wrong: 14808
2026-09-14 05:19:09,681 P2389065 INFO ----------------------------------------------------------------------------------------------------
2026-09-14 05:19:09,682 P2389065 INFO 28/50 starting... lr: 0.001 para:0.03448275849223137
2026-09-14 05:19:40,887 P2389065 INFO Epoch 28/50, all_loss:0.56410 cls_loss:0.54524 rec_loss:1.09225 [31.20s]; best loss:0.55700, patience : 1
2026-09-14 05:19:56,885 P2389065 INFO pr:0.9263  rc:0.9423  auc:0.9993 ap:0.9904 f1: 0.9342 pred_right: 1061117 pred_wrong:35083 actu_right: 1061713 actu_wrong: 34487
2026-09-14 05:20:03,623 P2389065 INFO pr:0.9261  rc:0.9400  auc:0.9993 ap:0.9901 f1: 0.9330 pred_right: 454770 pred_wrong:15030 actu_right: 454992 actu_wrong: 14808
2026-09-14 05:20:03,628 P2389065 INFO ----------------------------------------------------------------------------------------------------
2026-09-14 05:20:03,628 P2389065 INFO 29/50 starting... lr: 0.001 para:0.03333333507180214
2026-09-14 05:20:35,604 P2389065 INFO Epoch 29/50, all_loss:0.55574 cls_loss:0.53718 rec_loss:1.09388 [31.97s]; best loss:0.55574, patience : 0
2026-09-14 05:21:04,392 P2389065 INFO pr:0.9073  rc:0.9697  auc:0.9993 ap:0.9901 f1: 0.9374 pred_right: 1059336 pred_wrong:36864 actu_right: 1061710 actu_wrong: 34490
2026-09-14 05:21:11,086 P2389065 INFO pr:0.9077  rc:0.9660  auc:0.9993 ap:0.9899 f1: 0.9360 pred_right: 454041 pred_wrong:15759 actu_right: 454992 actu_wrong: 14808
2026-09-14 05:21:11,092 P2389065 INFO ----------------------------------------------------------------------------------------------------
2026-09-14 05:21:11,092 P2389065 INFO 30/50 starting... lr: 0.001 para:0.032258063554763794
2026-09-14 05:21:41,611 P2389065 INFO Epoch 30/50, all_loss:0.53257 cls_loss:0.51305 rec_loss:1.11819 [30.51s]; best loss:0.53257, patience : 0
2026-09-14 05:21:58,979 P2389065 INFO pr:0.9068  rc:0.9695  auc:0.9993 ap:0.9912 f1: 0.9371 pred_right: 1059325 pred_wrong:36875 actu_right: 1061710 actu_wrong: 34490
2026-09-14 05:22:05,897 P2389065 INFO pr:0.9054  rc:0.9671  auc:0.9993 ap:0.9907 f1: 0.9352 pred_right: 453983 pred_wrong:15817 actu_right: 454992 actu_wrong: 14808
2026-09-14 05:22:05,898 P2389065 INFO ----------------------------------------------------------------------------------------------------
2026-09-14 05:22:05,898 P2389065 INFO 31/50 starting... lr: 0.001 para:0.03125
2026-09-14 05:22:39,478 P2389065 INFO Epoch 31/50, all_loss:0.53502 cls_loss:0.51591 rec_loss:1.12724 [33.58s]; best loss:0.53257, patience : 1
2026-09-14 05:22:55,296 P2389065 INFO pr:0.9123  rc:0.9613  auc:0.9994 ap:0.9913 f1: 0.9361 pred_right: 1059856 pred_wrong:36344 actu_right: 1061709 actu_wrong: 34491
2026-09-14 05:23:12,451 P2389065 INFO pr:0.9124  rc:0.9571  auc:0.9993 ap:0.9908 f1: 0.9342 pred_right: 454267 pred_wrong:15533 actu_right: 454992 actu_wrong: 14808
2026-09-14 05:23:12,452 P2389065 INFO ----------------------------------------------------------------------------------------------------
2026-09-14 05:23:12,452 P2389065 INFO 32/50 starting... lr: 0.001 para:0.03030303120613098
2026-09-14 05:23:43,796 P2389065 INFO Epoch 32/50, all_loss:0.52836 cls_loss:0.50937 rec_loss:1.13611 [31.34s]; best loss:0.52836, patience : 0
2026-09-14 05:23:59,000 P2389065 INFO pr:0.9235  rc:0.9379  auc:0.9994 ap:0.9915 f1: 0.9306 pred_right: 1061177 pred_wrong:35023 actu_right: 1061713 actu_wrong: 34487
2026-09-14 05:24:05,803 P2389065 INFO pr:0.9223  rc:0.9356  auc:0.9994 ap:0.9911 f1: 0.9289 pred_right: 454778 pred_wrong:15022 actu_right: 454992 actu_wrong: 14808
2026-09-14 05:24:05,805 P2389065 INFO ----------------------------------------------------------------------------------------------------
2026-09-14 05:24:05,805 P2389065 INFO 33/50 starting... lr: 0.001 para:0.029411764815449715
2026-09-14 05:24:38,692 P2389065 INFO Epoch 33/50, all_loss:0.53501 cls_loss:0.51698 rec_loss:1.13016 [32.89s]; best loss:0.52836, patience : 1
2026-09-14 05:24:53,475 P2389065 INFO pr:0.9151  rc:0.9579  auc:0.9994 ap:0.9912 f1: 0.9360 pred_right: 1060095 pred_wrong:36105 actu_right: 1061710 actu_wrong: 34490
2026-09-14 05:24:59,725 P2389065 INFO pr:0.9148  rc:0.9548  auc:0.9993 ap:0.9907 f1: 0.9344 pred_right: 454345 pred_wrong:15455 actu_right: 454992 actu_wrong: 14808
2026-09-14 05:24:59,727 P2389065 INFO ----------------------------------------------------------------------------------------------------
2026-09-14 05:24:59,727 P2389065 INFO 34/50 starting... lr: 0.001 para:0.02857142873108387
2026-09-14 05:25:42,111 P2389065 INFO Epoch 34/50, all_loss:0.50314 cls_loss:0.48386 rec_loss:1.15888 [42.38s]; best loss:0.50314, patience : 0
2026-09-14 05:25:57,932 P2389065 INFO pr:0.9148  rc:0.9516  auc:0.9993 ap:0.9905 f1: 0.9329 pred_right: 1060321 pred_wrong:35879 actu_right: 1061710 actu_wrong: 34490
2026-09-14 05:26:04,884 P2389065 INFO pr:0.9163  rc:0.9496  auc:0.9993 ap:0.9897 f1: 0.9326 pred_right: 454454 pred_wrong:15346 actu_right: 454992 actu_wrong: 14808
2026-09-14 05:26:04,885 P2389065 INFO ----------------------------------------------------------------------------------------------------
2026-09-14 05:26:04,886 P2389065 INFO 35/50 starting... lr: 0.001 para:0.02777777798473835
2026-09-14 05:26:37,908 P2389065 INFO Epoch 35/50, all_loss:0.51708 cls_loss:0.49895 rec_loss:1.15166 [33.02s]; best loss:0.50314, patience : 1
2026-09-14 05:26:55,264 P2389065 INFO pr:0.9097  rc:0.9674  auc:0.9993 ap:0.9913 f1: 0.9377 pred_right: 1059520 pred_wrong:36680 actu_right: 1061708 actu_wrong: 34492
2026-09-14 05:26:59,873 P2389065 INFO pr:0.9098  rc:0.9633  auc:0.9993 ap:0.9908 f1: 0.9358 pred_right: 454120 pred_wrong:15680 actu_right: 454992 actu_wrong: 14808
2026-09-14 05:26:59,878 P2389065 INFO ----------------------------------------------------------------------------------------------------
2026-09-14 05:26:59,878 P2389065 INFO 36/50 starting... lr: 0.001 para:0.027027027681469917
2026-09-14 05:27:42,494 P2389065 INFO Epoch 36/50, all_loss:0.50391 cls_loss:0.48537 rec_loss:1.17131 [42.62s]; best loss:0.50314, patience : 1
2026-09-14 05:27:58,716 P2389065 INFO pr:0.9311  rc:0.9503  auc:0.9994 ap:0.9927 f1: 0.9406 pred_right: 1060997 pred_wrong:35203 actu_right: 1061710 actu_wrong: 34490
2026-09-14 05:28:05,880 P2389065 INFO pr:0.9321  rc:0.9466  auc:0.9994 ap:0.9920 f1: 0.9393 pred_right: 454762 pred_wrong:15038 actu_right: 454992 actu_wrong: 14808
2026-09-14 05:28:05,886 P2389065 INFO ----------------------------------------------------------------------------------------------------
2026-09-14 05:28:05,886 P2389065 INFO 37/50 starting... lr: 0.001 para:0.02631578966975212
2026-09-14 05:28:37,715 P2389065 INFO Epoch 37/50, all_loss:0.49559 cls_loss:0.47716 rec_loss:1.17732 [31.82s]; best loss:0.49559, patience : 0
2026-09-14 05:28:53,948 P2389065 INFO pr:0.9388  rc:0.9318  auc:0.9992 ap:0.9917 f1: 0.9353 pred_right: 1061965 pred_wrong:34235 actu_right: 1061710 actu_wrong: 34490
2026-09-14 05:29:01,940 P2389065 INFO pr:0.9400  rc:0.9311  auc:0.9992 ap:0.9913 f1: 0.9355 pred_right: 455132 pred_wrong:14668 actu_right: 454992 actu_wrong: 14808
2026-09-14 05:29:01,942 P2389065 INFO ----------------------------------------------------------------------------------------------------
2026-09-14 05:29:01,942 P2389065 INFO 38/50 starting... lr: 0.001 para:0.025641025975346565
2026-09-14 05:29:42,584 P2389065 INFO Epoch 38/50, all_loss:0.48127 cls_loss:0.46262 rec_loss:1.18994 [40.64s]; best loss:0.48127, patience : 0
2026-09-14 05:29:58,420 P2389065 INFO pr:0.9427  rc:0.9290  auc:0.9995 ap:0.9927 f1: 0.9358 pred_right: 1062215 pred_wrong:33985 actu_right: 1061713 actu_wrong: 34487
2026-09-14 05:30:05,025 P2389065 INFO pr:0.9427  rc:0.9281  auc:0.9994 ap:0.9922 f1: 0.9354 pred_right: 455221 pred_wrong:14579 actu_right: 454992 actu_wrong: 14808
2026-09-14 05:30:05,026 P2389065 INFO ----------------------------------------------------------------------------------------------------
2026-09-14 05:30:05,026 P2389065 INFO 39/50 starting... lr: 0.001 para:0.02500000037252903
2026-09-14 05:30:36,997 P2389065 INFO Epoch 39/50, all_loss:0.49621 cls_loss:0.47834 rec_loss:1.19322 [31.97s]; best loss:0.48127, patience : 1
2026-09-14 05:30:54,574 P2389065 INFO pr:0.9424  rc:0.9172  auc:0.9994 ap:0.9921 f1: 0.9296 pred_right: 1062630 pred_wrong:33570 actu_right: 1061711 actu_wrong: 34489
2026-09-14 05:31:02,444 P2389065 INFO pr:0.9425  rc:0.9171  auc:0.9993 ap:0.9917 f1: 0.9296 pred_right: 455392 pred_wrong:14408 actu_right: 454992 actu_wrong: 14808
2026-09-14 05:31:02,445 P2389065 INFO ----------------------------------------------------------------------------------------------------
2026-09-14 05:31:02,445 P2389065 INFO 40/50 starting... lr: 0.001 para:0.024390242993831635
2026-09-14 05:31:44,936 P2389065 INFO Epoch 40/50, all_loss:0.46713 cls_loss:0.44894 rec_loss:1.19476 [42.48s]; best loss:0.46713, patience : 0
2026-09-14 05:32:03,708 P2389065 INFO pr:0.9365  rc:0.9246  auc:0.9994 ap:0.9917 f1: 0.9305 pred_right: 1062148 pred_wrong:34052 actu_right: 1061709 actu_wrong: 34491
2026-09-14 05:32:11,100 P2389065 INFO pr:0.9355  rc:0.9207  auc:0.9993 ap:0.9913 f1: 0.9281 pred_right: 455226 pred_wrong:14574 actu_right: 454992 actu_wrong: 14808
2026-09-14 05:32:11,101 P2389065 INFO ----------------------------------------------------------------------------------------------------
2026-09-14 05:32:11,101 P2389065 INFO 41/50 starting... lr: 0.001 para:0.02380952425301075
2026-09-14 05:32:45,747 P2389065 INFO Epoch 41/50, all_loss:0.49353 cls_loss:0.47653 rec_loss:1.19036 [34.64s]; best loss:0.46713, patience : 1
2026-09-14 05:33:03,606 P2389065 INFO pr:0.9179  rc:0.9718  auc:0.9995 ap:0.9929 f1: 0.9441 pred_right: 1059685 pred_wrong:36515 actu_right: 1061709 actu_wrong: 34491
2026-09-14 05:33:11,233 P2389065 INFO pr:0.9167  rc:0.9675  auc:0.9994 ap:0.9921 f1: 0.9414 pred_right: 454171 pred_wrong:15629 actu_right: 454992 actu_wrong: 14808
2026-09-14 05:33:11,239 P2389065 INFO ----------------------------------------------------------------------------------------------------
2026-09-14 05:33:11,240 P2389065 INFO 42/50 starting... lr: 0.001 para:0.023255813866853714
2026-09-14 05:33:48,404 P2389065 INFO Epoch 42/50, all_loss:0.45832 cls_loss:0.44025 rec_loss:1.21705 [37.14s]; best loss:0.45832, patience : 0
2026-09-14 05:34:12,848 P2389065 INFO pr:0.9449  rc:0.9353  auc:0.9995 ap:0.9928 f1: 0.9401 pred_right: 1062064 pred_wrong:34136 actu_right: 1061712 actu_wrong: 34488
2026-09-14 05:34:19,923 P2389065 INFO pr:0.9451  rc:0.9348  auc:0.9994 ap:0.9924 f1: 0.9399 pred_right: 455153 pred_wrong:14647 actu_right: 454992 actu_wrong: 14808
2026-09-14 05:34:19,924 P2389065 INFO ----------------------------------------------------------------------------------------------------
2026-09-14 05:34:19,924 P2389065 INFO 43/50 starting... lr: 0.001 para:0.022727273404598236
2026-09-14 05:34:52,281 P2389065 INFO Epoch 43/50, all_loss:0.44658 cls_loss:0.42839 rec_loss:1.22871 [32.35s]; best loss:0.44658, patience : 0
2026-09-14 05:35:10,090 P2389065 INFO pr:0.9199  rc:0.9661  auc:0.9993 ap:0.9923 f1: 0.9424 pred_right: 1059982 pred_wrong:36218 actu_right: 1061715 actu_wrong: 34485
2026-09-14 05:35:18,193 P2389065 INFO pr:0.9194  rc:0.9632  auc:0.9992 ap:0.9915 f1: 0.9408 pred_right: 454286 pred_wrong:15514 actu_right: 454992 actu_wrong: 14808
2026-09-14 05:35:18,194 P2389065 INFO ----------------------------------------------------------------------------------------------------
2026-09-14 05:35:18,194 P2389065 INFO 44/50 starting... lr: 0.001 para:0.02222222276031971
2026-09-14 05:35:50,772 P2389065 INFO Epoch 44/50, all_loss:0.45224 cls_loss:0.43425 rec_loss:1.24388 [32.58s]; best loss:0.44658, patience : 1
2026-09-14 05:36:24,373 P2389065 INFO pr:0.9416  rc:0.9468  auc:0.9995 ap:0.9939 f1: 0.9442 pred_right: 1061525 pred_wrong:34675 actu_right: 1061715 actu_wrong: 34485
2026-09-14 05:36:32,093 P2389065 INFO pr:0.9449  rc:0.9437  auc:0.9994 ap:0.9934 f1: 0.9443 pred_right: 455010 pred_wrong:14790 actu_right: 454992 actu_wrong: 14808
2026-09-14 05:36:32,098 P2389065 INFO ----------------------------------------------------------------------------------------------------
2026-09-14 05:36:32,099 P2389065 INFO 45/50 starting... lr: 0.001 para:0.021739130839705467
2026-09-14 05:37:08,493 P2389065 INFO Epoch 45/50, all_loss:0.42711 cls_loss:0.40885 rec_loss:1.24873 [36.39s]; best loss:0.42711, patience : 0
2026-09-14 05:37:26,217 P2389065 INFO pr:0.9329  rc:0.9569  auc:0.9996 ap:0.9934 f1: 0.9448 pred_right: 1060824 pred_wrong:35376 actu_right: 1061712 actu_wrong: 34488
2026-09-14 05:37:33,902 P2389065 INFO pr:0.9338  rc:0.9552  auc:0.9995 ap:0.9927 f1: 0.9444 pred_right: 454654 pred_wrong:15146 actu_right: 454992 actu_wrong: 14808
2026-09-14 05:37:33,907 P2389065 INFO ----------------------------------------------------------------------------------------------------
2026-09-14 05:37:33,907 P2389065 INFO 46/50 starting... lr: 0.001 para:0.021276595070958138
2026-09-14 05:38:06,975 P2389065 INFO Epoch 46/50, all_loss:0.43784 cls_loss:0.41975 rec_loss:1.27027 [33.07s]; best loss:0.42711, patience : 1
2026-09-14 05:38:37,410 P2389065 INFO pr:0.9495  rc:0.9331  auc:0.9995 ap:0.9935 f1: 0.9412 pred_right: 1062306 pred_wrong:33894 actu_right: 1061712 actu_wrong: 34488
2026-09-14 05:38:44,802 P2389065 INFO pr:0.9513  rc:0.9296  auc:0.9994 ap:0.9930 f1: 0.9404 pred_right: 455330 pred_wrong:14470 actu_right: 454992 actu_wrong: 14808
2026-09-14 05:38:44,803 P2389065 INFO ----------------------------------------------------------------------------------------------------
2026-09-14 05:38:44,803 P2389065 INFO 47/50 starting... lr: 0.001 para:0.02083333395421505
2026-09-14 05:39:17,526 P2389065 INFO Epoch 47/50, all_loss:0.42633 cls_loss:0.40840 rec_loss:1.26888 [32.72s]; best loss:0.42633, patience : 0
2026-09-14 05:39:35,052 P2389065 INFO pr:0.9403  rc:0.9382  auc:0.9995 ap:0.9930 f1: 0.9392 pred_right: 1061793 pred_wrong:34407 actu_right: 1061713 actu_wrong: 34487
2026-09-14 05:39:42,232 P2389065 INFO pr:0.9399  rc:0.9346  auc:0.9994 ap:0.9923 f1: 0.9373 pred_right: 455075 pred_wrong:14725 actu_right: 454992 actu_wrong: 14808
2026-09-14 05:39:42,234 P2389065 INFO ----------------------------------------------------------------------------------------------------
2026-09-14 05:39:42,234 P2389065 INFO 48/50 starting... lr: 0.001 para:0.020408162847161293
2026-09-14 05:40:15,729 P2389065 INFO Epoch 48/50, all_loss:0.42289 cls_loss:0.40492 rec_loss:1.28536 [33.49s]; best loss:0.42289, patience : 0
2026-09-14 05:40:34,420 P2389065 INFO pr:0.9363  rc:0.9484  auc:0.9993 ap:0.9936 f1: 0.9423 pred_right: 1061264 pred_wrong:34936 actu_right: 1061709 actu_wrong: 34491
2026-09-14 05:40:49,489 P2389065 INFO pr:0.9353  rc:0.9432  auc:0.9993 ap:0.9928 f1: 0.9392 pred_right: 454867 pred_wrong:14933 actu_right: 454992 actu_wrong: 14808
2026-09-14 05:40:49,490 P2389065 INFO ----------------------------------------------------------------------------------------------------
2026-09-14 05:40:49,490 P2389065 INFO 49/50 starting... lr: 0.001 para:0.019999999552965164
2026-09-14 05:41:22,161 P2389065 INFO Epoch 49/50, all_loss:0.44224 cls_loss:0.42531 rec_loss:1.27172 [32.67s]; best loss:0.42289, patience : 1
2026-09-14 05:41:38,749 P2389065 INFO pr:0.9344  rc:0.9569  auc:0.9994 ap:0.9928 f1: 0.9455 pred_right: 1060886 pred_wrong:35314 actu_right: 1061715 actu_wrong: 34485
2026-09-14 05:41:45,960 P2389065 INFO pr:0.9351  rc:0.9543  auc:0.9994 ap:0.9923 f1: 0.9446 pred_right: 454687 pred_wrong:15113 actu_right: 454992 actu_wrong: 14808
2026-09-14 05:41:45,966 P2389065 INFO saving model...
2026-09-14 05:41:45,968 P2389065 INFO FITS_Legendre - loss  best score:0.4228912889957428 at epoch 48
2026-09-14 05:41:45,977 P2389065 INFO FITS_Legendre - f1  best score:0.9454863250189831 at epoch 49
2026-09-14 05:41:45,984 P2389065 INFO Average training time per epoch: 34.48 seconds
2026-09-14 05:41:45,985 P2389065 INFO calculate scores...
2026-09-14 05:41:45,985 P2389065 INFO calculate label with loss...
2026-09-14 05:41:45,986 P2389065 INFO FITS_Legendre on ./result/server_only_exps/Ablations_updatedFreDF/FITS_Legendre-TT-Epochs50-Seed2-ExpNameRQ2z5_basis_degree_comparison-LPFLPF-Attnlinear_attn-NormLinTrue-RecLambda1.0-AuxiLambda0.2-lowshow-simplegraph-Degree3-BasisTypechebyshev loading...
2026-09-14 05:41:52,913 P2389065 INFO pr:0.9353  rc:0.9432  auc:0.9993 ap:0.9928 f1: 0.9392 pred_right: 454867 pred_wrong:14933 actu_right: 454992 actu_wrong: 14808
2026-09-14 05:42:04,490 P2389065 INFO pr:0.9353  rc:0.9432  auc:0.9993 ap:0.9928 f1: 0.9392 pred_right: 454867 pred_wrong:14933 actu_right: 454992 actu_wrong: 14808
2026-09-14 05:42:04,491 P2389065 INFO Performance Summary:
{'GPU': {'inference_time_per_sample_ms': 0.352079708130023, 'throughput_samples_per_sec': 2840.265931005317, 'peak_memory_mb': 87.591796875, 'energy_per_sample_joules': 0.017134311075855696}, 'CPU': {'inference_time_per_sample_ms': 0.6187099540000942, 'throughput_samples_per_sec': 1616.2662222173458, 'peak_memory_mb': 5452.83984375, 'energy_per_sample_joules': 0.04021614701000612}}
2026-09-14 05:42:04,491 P2389065 INFO Starting clean-room hardware benchmarking...
2026-09-14 05:42:05,576 P2389065 INFO Performance with loss: pr:0.9353  rc:0.9432  auc:0.9993 ap:0.9928 f1: 0.9392 pred_right: 454867 pred_wrong:14933 actu_right: 454992 actu_wrong: 14808
2026-09-14 05:42:05,577 P2389065 INFO calculate label with f1...
2026-09-14 05:42:05,577 P2389065 INFO FITS_Legendre on ./result/server_only_exps/Ablations_updatedFreDF/FITS_Legendre-TT-Epochs50-Seed2-ExpNameRQ2z5_basis_degree_comparison-LPFLPF-Attnlinear_attn-NormLinTrue-RecLambda1.0-AuxiLambda0.2-lowshow-simplegraph-Degree3-BasisTypechebyshev loading...
2026-09-14 05:42:13,379 P2389065 INFO pr:0.9351  rc:0.9543  auc:0.9994 ap:0.9923 f1: 0.9446 pred_right: 454687 pred_wrong:15113 actu_right: 454992 actu_wrong: 14808
2026-09-14 05:42:26,742 P2389065 INFO pr:0.9351  rc:0.9543  auc:0.9994 ap:0.9923 f1: 0.9446 pred_right: 454687 pred_wrong:15113 actu_right: 454992 actu_wrong: 14808
2026-09-14 05:42:26,743 P2389065 INFO Performance Summary:
{'GPU': {'inference_time_per_sample_ms': 0.40400968041403557, 'throughput_samples_per_sec': 2475.1882157258806, 'peak_memory_mb': 87.087890625, 'energy_per_sample_joules': 0.02054712432649702}, 'CPU': {'inference_time_per_sample_ms': 0.7322118558785125, 'throughput_samples_per_sec': 1365.7249496461563, 'peak_memory_mb': 5478.71484375, 'energy_per_sample_joules': 0.04759377063210331}}
2026-09-14 05:42:26,743 P2389065 INFO Starting clean-room hardware benchmarking...
2026-09-14 05:42:27,527 P2389065 INFO Performance with f1: pr:0.9351  rc:0.9543  auc:0.9994 ap:0.9923 f1: 0.9446 pred_right: 454687 pred_wrong:15113 actu_right: 454992 actu_wrong: 14808
2026-09-14 05:42:27,527 P2389065 INFO Collecting case-study samples...
