2026-07-13 12:40:14,129 P696650 INFO ---- Model: ----MSTGAD-070e7930----random_seed : 2----req_loss_approach : Legendre-style----rec_lambda : 1.0----auxi_lambda : 0.2----Freq Domain : FITS_Legendre----Multi Fits : false----train : True----evaluate : False
2026-07-13 12:40:14,130 P696650 INFO Load from /home/db2003/Desktop/Amr/Tests/Eadro/codes/chunks/TT
2026-07-13 12:40:25,355 P696650 INFO Fewshot: training with 1.0 of the 70% of the data
2026-07-13 12:40:33,781 P696650 INFO Trainable Parameters Breakdown:
2026-07-13 12:40:33,782 P696650 INFO --------------------------------------------------------------------------------
2026-07-13 12:40:33,782 P696650 INFO Reconstruction-Specific Parameters:
2026-07-13 12:40:33,782 P696650 INFO linear_attn.Wq.weight                    | shape: (10, 10)                  | params: 100
2026-07-13 12:40:33,782 P696650 INFO linear_attn.Wk.weight                    | shape: (10, 10)                  | params: 100
2026-07-13 12:40:33,782 P696650 INFO linear_attn.Wv.weight                    | shape: (10, 10)                  | params: 100
2026-07-13 12:40:33,782 P696650 INFO linear_attn.out.weight                   | shape: (10, 10)                  | params: 100
2026-07-13 12:40:33,782 P696650 INFO linear_attn.out.bias                     | shape: (10,)                     | params: 10
2026-07-13 12:40:33,782 P696650 INFO linear_attn.norm.weight                  | shape: (10,)                     | params: 10
2026-07-13 12:40:33,782 P696650 INFO linear_attn.norm.bias                    | shape: (10,)                     | params: 10
2026-07-13 12:40:33,782 P696650 INFO shared_fits.normlin_W                    | shape: (5, 5)                    | params: 25
2026-07-13 12:40:33,782 P696650 INFO shared_fits.freq_upsampler.weight        | shape: (5, 5)                    | params: 25
2026-07-13 12:40:33,782 P696650 INFO shared_fits.freq_upsampler.bias          | shape: (5,)                      | params: 5
2026-07-13 12:40:33,782 P696650 INFO modality_proj.node.weight                | shape: (10, 8)                   | params: 80
2026-07-13 12:40:33,782 P696650 INFO modality_proj.node.bias                  | shape: (10,)                     | params: 10
2026-07-13 12:40:33,782 P696650 INFO modality_proj.log.weight                 | shape: (10, 32)                  | params: 320
2026-07-13 12:40:33,782 P696650 INFO modality_proj.log.bias                   | shape: (10,)                     | params: 10
2026-07-13 12:40:33,782 P696650 INFO modality_proj.edge.weight                | shape: (10, 8)                   | params: 80
2026-07-13 12:40:33,782 P696650 INFO modality_proj.edge.bias                  | shape: (10,)                     | params: 10
2026-07-13 12:40:33,782 P696650 INFO modality_proj_out.node.weight            | shape: (8, 10)                   | params: 80
2026-07-13 12:40:33,782 P696650 INFO modality_proj_out.node.bias              | shape: (8,)                      | params: 8
2026-07-13 12:40:33,782 P696650 INFO modality_proj_out.log.weight             | shape: (32, 10)                  | params: 320
2026-07-13 12:40:33,782 P696650 INFO modality_proj_out.log.bias               | shape: (32,)                     | params: 32
2026-07-13 12:40:33,783 P696650 INFO modality_proj_out.edge.weight            | shape: (8, 10)                   | params: 80
2026-07-13 12:40:33,783 P696650 INFO modality_proj_out.edge.bias              | shape: (8,)                      | params: 8
2026-07-13 12:40:33,783 P696650 INFO Subtotal: 1,523
2026-07-13 12:40:33,783 P696650 INFO --------------------------------------------------------------------------------
2026-07-13 12:40:33,783 P696650 INFO Common Parameters:
2026-07-13 12:40:33,783 P696650 INFO node_emb.linear.weight                   | shape: (8, 7)                    | params: 56
2026-07-13 12:40:33,783 P696650 INFO node_emb.linear.bias                     | shape: (8,)                      | params: 8
2026-07-13 12:40:33,783 P696650 INFO log_emb.linear.weight                    | shape: (32, 60)                  | params: 1,920
2026-07-13 12:40:33,783 P696650 INFO log_emb.linear.bias                      | shape: (32,)                     | params: 32
2026-07-13 12:40:33,783 P696650 INFO egde_emb.linear.weight                   | shape: (8, 2)                    | params: 16
2026-07-13 12:40:33,783 P696650 INFO egde_emb.linear.bias                     | shape: (8,)                      | params: 8
2026-07-13 12:40:33,783 P696650 INFO dense_node.weight                        | shape: (7, 8)                    | params: 56
2026-07-13 12:40:33,783 P696650 INFO dense_node.bias                          | shape: (7,)                      | params: 7
2026-07-13 12:40:33,783 P696650 INFO dense_log.weight                         | shape: (60, 32)                  | params: 1,920
2026-07-13 12:40:33,783 P696650 INFO dense_log.bias                           | shape: (60,)                     | params: 60
2026-07-13 12:40:33,783 P696650 INFO dense_edge.weight                        | shape: (2, 8)                    | params: 16
2026-07-13 12:40:33,783 P696650 INFO dense_edge.bias                          | shape: (2,)                      | params: 2
2026-07-13 12:40:33,783 P696650 INFO show.0.weight                            | shape: (128, 69)                 | params: 8,832
2026-07-13 12:40:33,783 P696650 INFO show.0.bias                              | shape: (128,)                    | params: 128
2026-07-13 12:40:33,783 P696650 INFO show.2.weight                            | shape: (2, 128)                  | params: 256
2026-07-13 12:40:33,783 P696650 INFO show.2.bias                              | shape: (2,)                      | params: 2
2026-07-13 12:40:33,783 P696650 INFO Subtotal: 13,319
2026-07-13 12:40:33,783 P696650 INFO --------------------------------------------------------------------------------
2026-07-13 12:40:33,783 P696650 INFO Total Trainable Parameters: 14,842

2026-07-13 12:40:33,784 P696650 INFO Trainable Parameters: 14842, reconstruction: 1523, common: 13319
2026-07-13 12:40:33,784 P696650 INFO model : init weight
2026-07-13 12:40:33,784 P696650 INFO Using GPU...
2026-07-13 12:40:33,789 P696650 INFO optimizer : using AdaBelief
2026-07-13 12:40:33,789 P696650 INFO ----------------------------------------------------------------------------------------------------
2026-07-13 12:40:33,789 P696650 INFO 0/50 starting... lr: 0.001 para:1.0
2026-07-13 12:40:53,811 P696650 INFO Epoch 0/50, all_loss:0.08027 cls_loss:28.54391 rec_loss:0.08027 [20.02s]; best loss:0.08027, patience : 0
2026-07-13 12:40:53,811 P696650 INFO ----------------------------------------------------------------------------------------------------
2026-07-13 12:40:53,811 P696650 INFO 1/50 starting... lr: 0.001 para:0.5
2026-07-13 12:41:15,454 P696650 INFO Epoch 1/50, all_loss:1.90859 cls_loss:3.59515 rec_loss:0.22202 [21.64s]; best loss:1.90859, patience : 0
2026-07-13 12:41:15,454 P696650 INFO ----------------------------------------------------------------------------------------------------
2026-07-13 12:41:15,454 P696650 INFO 2/50 starting... lr: 0.001 para:0.3333333432674408
2026-07-13 12:41:38,772 P696650 INFO Epoch 2/50, all_loss:1.44344 cls_loss:2.03735 rec_loss:0.25561 [23.31s]; best loss:1.44344, patience : 0
2026-07-13 12:41:48,933 P696650 INFO pr:0.8469  rc:0.5760  auc:0.9904 ap:0.9139 f1: 0.6857 pred_right: 1072741 pred_wrong:23459 actu_right: 1061707 actu_wrong: 34493
2026-07-13 12:41:53,157 P696650 INFO pr:0.8471  rc:0.5760  auc:0.9905 ap:0.9141 f1: 0.6857 pred_right: 459731 pred_wrong:10069 actu_right: 454992 actu_wrong: 14808
2026-07-13 12:41:53,161 P696650 INFO ----------------------------------------------------------------------------------------------------
2026-07-13 12:41:53,161 P696650 INFO 3/50 starting... lr: 0.001 para:0.25
2026-07-13 12:42:12,936 P696650 INFO Epoch 3/50, all_loss:1.41903 cls_loss:1.79906 rec_loss:0.27894 [19.77s]; best loss:1.41903, patience : 0
2026-07-13 12:42:24,033 P696650 INFO pr:0.8436  rc:0.6497  auc:0.9928 ap:0.9277 f1: 0.7340 pred_right: 1069637 pred_wrong:26563 actu_right: 1061708 actu_wrong: 34492
2026-07-13 12:42:27,623 P696650 INFO pr:0.8455  rc:0.6508  auc:0.9928 ap:0.9280 f1: 0.7355 pred_right: 458402 pred_wrong:11398 actu_right: 454992 actu_wrong: 14808
2026-07-13 12:42:27,627 P696650 INFO ----------------------------------------------------------------------------------------------------
2026-07-13 12:42:27,627 P696650 INFO 4/50 starting... lr: 0.001 para:0.20000000298023224
2026-07-13 12:42:53,297 P696650 INFO Epoch 4/50, all_loss:1.35408 cls_loss:1.61430 rec_loss:0.31317 [25.67s]; best loss:1.35408, patience : 0
2026-07-13 12:43:03,825 P696650 INFO pr:0.8022  rc:0.7384  auc:0.9941 ap:0.9390 f1: 0.7690 pred_right: 1064448 pred_wrong:31752 actu_right: 1061706 actu_wrong: 34494
2026-07-13 12:43:08,218 P696650 INFO pr:0.8012  rc:0.7406  auc:0.9942 ap:0.9385 f1: 0.7697 pred_right: 456111 pred_wrong:13689 actu_right: 454992 actu_wrong: 14808
2026-07-13 12:43:08,223 P696650 INFO ----------------------------------------------------------------------------------------------------
2026-07-13 12:43:08,223 P696650 INFO 5/50 starting... lr: 0.001 para:0.1666666716337204
2026-07-13 12:43:28,054 P696650 INFO Epoch 5/50, all_loss:1.29839 cls_loss:1.48400 rec_loss:0.37032 [19.83s]; best loss:1.29839, patience : 0
2026-07-13 12:43:38,349 P696650 INFO pr:0.8267  rc:0.7488  auc:0.9954 ap:0.9471 f1: 0.7859 pred_right: 1064959 pred_wrong:31241 actu_right: 1061711 actu_wrong: 34489
2026-07-13 12:43:42,570 P696650 INFO pr:0.8292  rc:0.7476  auc:0.9955 ap:0.9478 f1: 0.7863 pred_right: 456448 pred_wrong:13352 actu_right: 454992 actu_wrong: 14808
2026-07-13 12:43:42,574 P696650 INFO ----------------------------------------------------------------------------------------------------
2026-07-13 12:43:42,574 P696650 INFO 6/50 starting... lr: 0.001 para:0.1428571492433548
2026-07-13 12:44:01,874 P696650 INFO Epoch 6/50, all_loss:1.17876 cls_loss:1.29966 rec_loss:0.45335 [19.30s]; best loss:1.17876, patience : 0
2026-07-13 12:44:17,824 P696650 INFO pr:0.9162  rc:0.6690  auc:0.9963 ap:0.9587 f1: 0.7733 pred_right: 1071015 pred_wrong:25185 actu_right: 1061709 actu_wrong: 34491
2026-07-13 12:44:23,863 P696650 INFO pr:0.9194  rc:0.6667  auc:0.9964 ap:0.9593 f1: 0.7729 pred_right: 459062 pred_wrong:10738 actu_right: 454992 actu_wrong: 14808
2026-07-13 12:44:23,864 P696650 INFO ----------------------------------------------------------------------------------------------------
2026-07-13 12:44:23,864 P696650 INFO 7/50 starting... lr: 0.001 para:0.125
2026-07-13 12:44:43,841 P696650 INFO Epoch 7/50, all_loss:1.02177 cls_loss:1.08563 rec_loss:0.57471 [19.97s]; best loss:1.02177, patience : 0
2026-07-13 12:44:53,967 P696650 INFO pr:0.9037  rc:0.7690  auc:0.9977 ap:0.9709 f1: 0.8309 pred_right: 1066851 pred_wrong:29349 actu_right: 1061710 actu_wrong: 34490
2026-07-13 12:44:58,095 P696650 INFO pr:0.9066  rc:0.7698  auc:0.9979 ap:0.9716 f1: 0.8326 pred_right: 457226 pred_wrong:12574 actu_right: 454992 actu_wrong: 14808
2026-07-13 12:44:58,100 P696650 INFO ----------------------------------------------------------------------------------------------------
2026-07-13 12:44:58,100 P696650 INFO 8/50 starting... lr: 0.001 para:0.1111111119389534
2026-07-13 12:45:17,659 P696650 INFO Epoch 8/50, all_loss:0.88218 cls_loss:0.90676 rec_loss:0.68555 [19.55s]; best loss:0.88218, patience : 0
2026-07-13 12:45:29,348 P696650 INFO pr:0.8700  rc:0.9178  auc:0.9981 ap:0.9797 f1: 0.8933 pred_right: 1059811 pred_wrong:36389 actu_right: 1061707 actu_wrong: 34493
2026-07-13 12:45:32,879 P696650 INFO pr:0.8738  rc:0.9167  auc:0.9983 ap:0.9797 f1: 0.8948 pred_right: 454265 pred_wrong:15535 actu_right: 454992 actu_wrong: 14808
2026-07-13 12:45:32,883 P696650 INFO ----------------------------------------------------------------------------------------------------
2026-07-13 12:45:32,884 P696650 INFO 9/50 starting... lr: 0.001 para:0.10000000149011612
2026-07-13 12:45:59,391 P696650 INFO Epoch 9/50, all_loss:0.83068 cls_loss:0.84296 rec_loss:0.72015 [26.50s]; best loss:0.83068, patience : 0
2026-07-13 12:46:10,087 P696650 INFO pr:0.9171  rc:0.8134  auc:0.9986 ap:0.9797 f1: 0.8621 pred_right: 1065612 pred_wrong:30588 actu_right: 1061712 actu_wrong: 34488
2026-07-13 12:46:14,660 P696650 INFO pr:0.9176  rc:0.8110  auc:0.9986 ap:0.9800 f1: 0.8611 pred_right: 456712 pred_wrong:13088 actu_right: 454992 actu_wrong: 14808
2026-07-13 12:46:14,661 P696650 INFO ----------------------------------------------------------------------------------------------------
2026-07-13 12:46:14,667 P696650 INFO 10/50 starting... lr: 0.001 para:0.09090909361839294
2026-07-13 12:46:34,527 P696650 INFO Epoch 10/50, all_loss:0.79534 cls_loss:0.79945 rec_loss:0.75424 [19.86s]; best loss:0.79534, patience : 0
2026-07-13 12:46:45,188 P696650 INFO pr:0.9013  rc:0.9183  auc:0.9989 ap:0.9852 f1: 0.9097 pred_right: 1061056 pred_wrong:35144 actu_right: 1061709 actu_wrong: 34491
2026-07-13 12:46:49,597 P696650 INFO pr:0.9045  rc:0.9188  auc:0.9990 ap:0.9854 f1: 0.9116 pred_right: 454757 pred_wrong:15043 actu_right: 454992 actu_wrong: 14808
2026-07-13 12:46:49,601 P696650 INFO ----------------------------------------------------------------------------------------------------
2026-07-13 12:46:49,602 P696650 INFO 11/50 starting... lr: 0.001 para:0.0833333358168602
2026-07-13 12:47:08,292 P696650 INFO Epoch 11/50, all_loss:0.74392 cls_loss:0.74170 rec_loss:0.76826 [18.69s]; best loss:0.74392, patience : 0
2026-07-13 12:47:26,297 P696650 INFO pr:0.9003  rc:0.9245  auc:0.9990 ap:0.9856 f1: 0.9122 pred_right: 1060788 pred_wrong:35412 actu_right: 1061715 actu_wrong: 34485
2026-07-13 12:47:30,666 P696650 INFO pr:0.9012  rc:0.9222  auc:0.9990 ap:0.9852 f1: 0.9116 pred_right: 454647 pred_wrong:15153 actu_right: 454992 actu_wrong: 14808
2026-07-13 12:47:30,671 P696650 INFO ----------------------------------------------------------------------------------------------------
2026-07-13 12:47:30,671 P696650 INFO 12/50 starting... lr: 0.001 para:0.07692307978868484
2026-07-13 12:47:50,475 P696650 INFO Epoch 12/50, all_loss:0.67795 cls_loss:0.66835 rec_loss:0.79308 [19.80s]; best loss:0.67795, patience : 0
2026-07-13 12:48:00,668 P696650 INFO pr:0.8873  rc:0.9567  auc:0.9988 ap:0.9865 f1: 0.9207 pred_right: 1059015 pred_wrong:37185 actu_right: 1061711 actu_wrong: 34489
2026-07-13 12:48:05,113 P696650 INFO pr:0.8892  rc:0.9548  auc:0.9989 ap:0.9864 f1: 0.9208 pred_right: 453900 pred_wrong:15900 actu_right: 454992 actu_wrong: 14808
2026-07-13 12:48:05,118 P696650 INFO ----------------------------------------------------------------------------------------------------
2026-07-13 12:48:05,118 P696650 INFO 13/50 starting... lr: 0.001 para:0.0714285746216774
2026-07-13 12:48:25,141 P696650 INFO Epoch 13/50, all_loss:0.66062 cls_loss:0.65009 rec_loss:0.79760 [20.02s]; best loss:0.66062, patience : 0
2026-07-13 12:48:35,796 P696650 INFO pr:0.9009  rc:0.9439  auc:0.9991 ap:0.9859 f1: 0.9219 pred_right: 1060068 pred_wrong:36132 actu_right: 1061713 actu_wrong: 34487
2026-07-13 12:48:39,794 P696650 INFO pr:0.9012  rc:0.9382  auc:0.9990 ap:0.9857 f1: 0.9193 pred_right: 454384 pred_wrong:15416 actu_right: 454992 actu_wrong: 14808
2026-07-13 12:48:39,798 P696650 INFO ----------------------------------------------------------------------------------------------------
2026-07-13 12:48:39,798 P696650 INFO 14/50 starting... lr: 0.001 para:0.06666667014360428
2026-07-13 12:49:07,002 P696650 INFO Epoch 14/50, all_loss:0.61404 cls_loss:0.59999 rec_loss:0.81076 [27.20s]; best loss:0.61404, patience : 0
2026-07-13 12:49:17,652 P696650 INFO pr:0.9185  rc:0.9161  auc:0.9991 ap:0.9882 f1: 0.9173 pred_right: 1061799 pred_wrong:34401 actu_right: 1061707 actu_wrong: 34493
2026-07-13 12:49:22,146 P696650 INFO pr:0.9221  rc:0.9142  auc:0.9990 ap:0.9878 f1: 0.9182 pred_right: 455119 pred_wrong:14681 actu_right: 454992 actu_wrong: 14808
2026-07-13 12:49:22,147 P696650 INFO ----------------------------------------------------------------------------------------------------
2026-07-13 12:49:22,147 P696650 INFO 15/50 starting... lr: 0.001 para:0.0625
2026-07-13 12:49:42,107 P696650 INFO Epoch 15/50, all_loss:0.59684 cls_loss:0.58092 rec_loss:0.83571 [19.96s]; best loss:0.59684, patience : 0
2026-07-13 12:49:52,446 P696650 INFO pr:0.9493  rc:0.8487  auc:0.9992 ap:0.9892 f1: 0.8962 pred_right: 1065368 pred_wrong:30832 actu_right: 1061710 actu_wrong: 34490
2026-07-13 12:49:56,910 P696650 INFO pr:0.9500  rc:0.8420  auc:0.9991 ap:0.9885 f1: 0.8928 pred_right: 456675 pred_wrong:13125 actu_right: 454992 actu_wrong: 14808
2026-07-13 12:49:56,911 P696650 INFO ----------------------------------------------------------------------------------------------------
2026-07-13 12:49:56,911 P696650 INFO 16/50 starting... lr: 0.001 para:0.05882352963089943
2026-07-13 12:50:19,338 P696650 INFO Epoch 16/50, all_loss:0.57933 cls_loss:0.56300 rec_loss:0.84061 [22.42s]; best loss:0.57933, patience : 0
2026-07-13 12:50:34,745 P696650 INFO pr:0.9352  rc:0.8978  auc:0.9993 ap:0.9893 f1: 0.9161 pred_right: 1063088 pred_wrong:33112 actu_right: 1061709 actu_wrong: 34491
2026-07-13 12:50:39,060 P696650 INFO pr:0.9371  rc:0.8895  auc:0.9992 ap:0.9885 f1: 0.9127 pred_right: 455744 pred_wrong:14056 actu_right: 454992 actu_wrong: 14808
2026-07-13 12:50:39,064 P696650 INFO ----------------------------------------------------------------------------------------------------
2026-07-13 12:50:39,064 P696650 INFO 17/50 starting... lr: 0.001 para:0.0555555559694767
2026-07-13 12:50:58,768 P696650 INFO Epoch 17/50, all_loss:0.57614 cls_loss:0.55893 rec_loss:0.86866 [19.70s]; best loss:0.57614, patience : 0
2026-07-13 12:51:09,196 P696650 INFO pr:0.8895  rc:0.9752  auc:0.9992 ap:0.9901 f1: 0.9304 pred_right: 1058392 pred_wrong:37808 actu_right: 1061713 actu_wrong: 34487
2026-07-13 12:51:13,706 P696650 INFO pr:0.8907  rc:0.9716  auc:0.9991 ap:0.9896 f1: 0.9294 pred_right: 453647 pred_wrong:16153 actu_right: 454992 actu_wrong: 14808
2026-07-13 12:51:13,710 P696650 INFO ----------------------------------------------------------------------------------------------------
2026-07-13 12:51:13,710 P696650 INFO 18/50 starting... lr: 0.001 para:0.05263157933950424
2026-07-13 12:51:33,989 P696650 INFO Epoch 18/50, all_loss:0.57012 cls_loss:0.55292 rec_loss:0.87967 [20.28s]; best loss:0.57012, patience : 0
2026-07-13 12:51:43,078 P696650 INFO pr:0.9400  rc:0.9001  auc:0.9994 ap:0.9906 f1: 0.9196 pred_right: 1063177 pred_wrong:33023 actu_right: 1061712 actu_wrong: 34488
2026-07-13 12:51:49,833 P696650 INFO pr:0.9422  rc:0.8943  auc:0.9993 ap:0.9897 f1: 0.9176 pred_right: 455744 pred_wrong:14056 actu_right: 454992 actu_wrong: 14808
2026-07-13 12:51:49,835 P696650 INFO ----------------------------------------------------------------------------------------------------
2026-07-13 12:51:49,835 P696650 INFO 19/50 starting... lr: 0.001 para:0.05000000074505806
2026-07-13 12:52:14,323 P696650 INFO Epoch 19/50, all_loss:0.56261 cls_loss:0.54510 rec_loss:0.89539 [24.48s]; best loss:0.56261, patience : 0
2026-07-13 12:52:24,848 P696650 INFO pr:0.9369  rc:0.9174  auc:0.9994 ap:0.9916 f1: 0.9270 pred_right: 1062431 pred_wrong:33769 actu_right: 1061712 actu_wrong: 34488
2026-07-13 12:52:29,152 P696650 INFO pr:0.9351  rc:0.9123  auc:0.9994 ap:0.9908 f1: 0.9236 pred_right: 455353 pred_wrong:14447 actu_right: 454992 actu_wrong: 14808
2026-07-13 12:52:29,153 P696650 INFO ----------------------------------------------------------------------------------------------------
2026-07-13 12:52:29,153 P696650 INFO 20/50 starting... lr: 0.001 para:0.0476190485060215
2026-07-13 12:52:49,122 P696650 INFO Epoch 20/50, all_loss:0.53005 cls_loss:0.51153 rec_loss:0.90033 [19.97s]; best loss:0.53005, patience : 0
2026-07-13 12:52:59,474 P696650 INFO pr:0.9400  rc:0.9068  auc:0.9993 ap:0.9908 f1: 0.9231 pred_right: 1062926 pred_wrong:33274 actu_right: 1061709 actu_wrong: 34491
2026-07-13 12:53:04,963 P696650 INFO pr:0.9407  rc:0.9013  auc:0.9992 ap:0.9906 f1: 0.9206 pred_right: 455613 pred_wrong:14187 actu_right: 454992 actu_wrong: 14808
2026-07-13 12:53:04,966 P696650 INFO ----------------------------------------------------------------------------------------------------
2026-07-13 12:53:04,966 P696650 INFO 21/50 starting... lr: 0.001 para:0.04545454680919647
2026-07-13 12:53:30,817 P696650 INFO Epoch 21/50, all_loss:0.51993 cls_loss:0.50062 rec_loss:0.92556 [25.85s]; best loss:0.51993, patience : 0
2026-07-13 12:53:41,504 P696650 INFO pr:0.9079  rc:0.9698  auc:0.9992 ap:0.9921 f1: 0.9378 pred_right: 1059357 pred_wrong:36843 actu_right: 1061710 actu_wrong: 34490
2026-07-13 12:53:45,842 P696650 INFO pr:0.9092  rc:0.9688  auc:0.9993 ap:0.9918 f1: 0.9380 pred_right: 454021 pred_wrong:15779 actu_right: 454992 actu_wrong: 14808
2026-07-13 12:53:45,846 P696650 INFO ----------------------------------------------------------------------------------------------------
2026-07-13 12:53:45,847 P696650 INFO 22/50 starting... lr: 0.001 para:0.043478261679410934
2026-07-13 12:54:05,852 P696650 INFO Epoch 22/50, all_loss:0.49376 cls_loss:0.47318 rec_loss:0.94656 [20.00s]; best loss:0.49376, patience : 0
2026-07-13 12:54:16,631 P696650 INFO pr:0.9092  rc:0.9779  auc:0.9995 ap:0.9929 f1: 0.9423 pred_right: 1059100 pred_wrong:37100 actu_right: 1061707 actu_wrong: 34493
2026-07-13 12:54:20,891 P696650 INFO pr:0.9101  rc:0.9740  auc:0.9994 ap:0.9923 f1: 0.9410 pred_right: 453952 pred_wrong:15848 actu_right: 454992 actu_wrong: 14808
2026-07-13 12:54:20,896 P696650 INFO ----------------------------------------------------------------------------------------------------
2026-07-13 12:54:20,899 P696650 INFO 23/50 starting... lr: 0.001 para:0.0416666679084301
2026-07-13 12:54:40,533 P696650 INFO Epoch 23/50, all_loss:0.49362 cls_loss:0.47370 rec_loss:0.95174 [19.63s]; best loss:0.49362, patience : 0
2026-07-13 12:54:56,955 P696650 INFO pr:0.9277  rc:0.9525  auc:0.9994 ap:0.9928 f1: 0.9400 pred_right: 1060783 pred_wrong:35417 actu_right: 1061707 actu_wrong: 34493
2026-07-13 12:55:02,167 P696650 INFO pr:0.9304  rc:0.9481  auc:0.9994 ap:0.9925 f1: 0.9391 pred_right: 454710 pred_wrong:15090 actu_right: 454992 actu_wrong: 14808
2026-07-13 12:55:02,168 P696650 INFO ----------------------------------------------------------------------------------------------------
2026-07-13 12:55:02,168 P696650 INFO 24/50 starting... lr: 0.001 para:0.03999999910593033
2026-07-13 12:55:22,055 P696650 INFO Epoch 24/50, all_loss:0.50391 cls_loss:0.48502 rec_loss:0.95728 [19.89s]; best loss:0.49362, patience : 1
2026-07-13 12:55:32,191 P696650 INFO pr:0.9112  rc:0.9775  auc:0.9993 ap:0.9924 f1: 0.9432 pred_right: 1059202 pred_wrong:36998 actu_right: 1061712 actu_wrong: 34488
2026-07-13 12:55:36,595 P696650 INFO pr:0.9131  rc:0.9733  auc:0.9992 ap:0.9916 f1: 0.9423 pred_right: 454016 pred_wrong:15784 actu_right: 454992 actu_wrong: 14808
2026-07-13 12:55:36,599 P696650 INFO ----------------------------------------------------------------------------------------------------
2026-07-13 12:55:36,602 P696650 INFO 25/50 starting... lr: 0.001 para:0.03846153989434242
2026-07-13 12:55:56,557 P696650 INFO Epoch 25/50, all_loss:0.47537 cls_loss:0.45556 rec_loss:0.97074 [19.95s]; best loss:0.47537, patience : 0
2026-07-13 12:56:06,971 P696650 INFO pr:0.9369  rc:0.9483  auc:0.9996 ap:0.9929 f1: 0.9426 pred_right: 1061293 pred_wrong:34907 actu_right: 1061711 actu_wrong: 34489
2026-07-13 12:56:10,888 P696650 INFO pr:0.9377  rc:0.9402  auc:0.9995 ap:0.9921 f1: 0.9390 pred_right: 454952 pred_wrong:14848 actu_right: 454992 actu_wrong: 14808
2026-07-13 12:56:10,889 P696650 INFO ----------------------------------------------------------------------------------------------------
2026-07-13 12:56:10,889 P696650 INFO 26/50 starting... lr: 0.001 para:0.03703703731298447
2026-07-13 12:56:37,897 P696650 INFO Epoch 26/50, all_loss:0.44811 cls_loss:0.42766 rec_loss:0.97996 [27.00s]; best loss:0.44811, patience : 0
2026-07-13 12:56:48,463 P696650 INFO pr:0.8923  rc:0.9865  auc:0.9993 ap:0.9932 f1: 0.9370 pred_right: 1058063 pred_wrong:38137 actu_right: 1061708 actu_wrong: 34492
2026-07-13 12:56:52,701 P696650 INFO pr:0.8928  rc:0.9829  auc:0.9994 ap:0.9925 f1: 0.9357 pred_right: 453498 pred_wrong:16302 actu_right: 454992 actu_wrong: 14808
2026-07-13 12:56:52,702 P696650 INFO ----------------------------------------------------------------------------------------------------
2026-07-13 12:56:52,702 P696650 INFO 27/50 starting... lr: 0.001 para:0.0357142873108387
2026-07-13 12:57:12,679 P696650 INFO Epoch 27/50, all_loss:0.46549 cls_loss:0.44607 rec_loss:0.98960 [19.98s]; best loss:0.44811, patience : 1
2026-07-13 12:57:22,996 P696650 INFO pr:0.9303  rc:0.9622  auc:0.9995 ap:0.9924 f1: 0.9460 pred_right: 1060532 pred_wrong:35668 actu_right: 1061712 actu_wrong: 34488
2026-07-13 12:57:27,264 P696650 INFO pr:0.9320  rc:0.9573  auc:0.9994 ap:0.9924 f1: 0.9445 pred_right: 454589 pred_wrong:15211 actu_right: 454992 actu_wrong: 14808
2026-07-13 12:57:27,268 P696650 INFO ----------------------------------------------------------------------------------------------------
2026-07-13 12:57:27,268 P696650 INFO 28/50 starting... lr: 0.001 para:0.03448275849223137
2026-07-13 12:57:50,496 P696650 INFO Epoch 28/50, all_loss:0.43503 cls_loss:0.41463 rec_loss:1.00614 [23.22s]; best loss:0.43503, patience : 0
2026-07-13 12:58:04,892 P696650 INFO pr:0.9480  rc:0.9375  auc:0.9995 ap:0.9938 f1: 0.9427 pred_right: 1062090 pred_wrong:34110 actu_right: 1061708 actu_wrong: 34492
2026-07-13 12:58:09,193 P696650 INFO pr:0.9487  rc:0.9311  auc:0.9994 ap:0.9933 f1: 0.9398 pred_right: 455267 pred_wrong:14533 actu_right: 454992 actu_wrong: 14808
2026-07-13 12:58:09,194 P696650 INFO ----------------------------------------------------------------------------------------------------
2026-07-13 12:58:09,194 P696650 INFO 29/50 starting... lr: 0.001 para:0.03333333507180214
2026-07-13 12:58:29,717 P696650 INFO Epoch 29/50, all_loss:0.43143 cls_loss:0.41138 rec_loss:1.01301 [20.52s]; best loss:0.43143, patience : 0
2026-07-13 12:58:40,199 P696650 INFO pr:0.9350  rc:0.9647  auc:0.9995 ap:0.9935 f1: 0.9496 pred_right: 1060613 pred_wrong:35587 actu_right: 1061710 actu_wrong: 34490
2026-07-13 12:58:44,610 P696650 INFO pr:0.9364  rc:0.9578  auc:0.9993 ap:0.9926 f1: 0.9470 pred_right: 454653 pred_wrong:15147 actu_right: 454992 actu_wrong: 14808
2026-07-13 12:58:44,615 P696650 INFO ----------------------------------------------------------------------------------------------------
2026-07-13 12:58:44,615 P696650 INFO 30/50 starting... lr: 0.001 para:0.032258063554763794
2026-07-13 12:59:06,944 P696650 INFO Epoch 30/50, all_loss:0.45975 cls_loss:0.44095 rec_loss:1.02391 [22.33s]; best loss:0.43143, patience : 1
2026-07-13 12:59:17,412 P696650 INFO pr:0.9473  rc:0.9534  auc:0.9996 ap:0.9948 f1: 0.9503 pred_right: 1061489 pred_wrong:34711 actu_right: 1061714 actu_wrong: 34486
2026-07-13 12:59:27,584 P696650 INFO pr:0.9478  rc:0.9461  auc:0.9995 ap:0.9940 f1: 0.9469 pred_right: 455018 pred_wrong:14782 actu_right: 454992 actu_wrong: 14808
2026-07-13 12:59:27,593 P696650 INFO ----------------------------------------------------------------------------------------------------
2026-07-13 12:59:27,594 P696650 INFO 31/50 starting... lr: 0.001 para:0.03125
2026-07-13 12:59:50,592 P696650 INFO Epoch 31/50, all_loss:0.42973 cls_loss:0.41006 rec_loss:1.03948 [22.99s]; best loss:0.42973, patience : 0
2026-07-13 13:00:01,414 P696650 INFO pr:0.9526  rc:0.9298  auc:0.9993 ap:0.9941 f1: 0.9411 pred_right: 1062537 pred_wrong:33663 actu_right: 1061711 actu_wrong: 34489
2026-07-13 13:00:05,874 P696650 INFO pr:0.9529  rc:0.9214  auc:0.9992 ap:0.9932 f1: 0.9369 pred_right: 455481 pred_wrong:14319 actu_right: 454992 actu_wrong: 14808
2026-07-13 13:00:05,875 P696650 INFO ----------------------------------------------------------------------------------------------------
2026-07-13 13:00:05,875 P696650 INFO 32/50 starting... lr: 0.001 para:0.03030303120613098
2026-07-13 13:00:25,759 P696650 INFO Epoch 32/50, all_loss:0.40936 cls_loss:0.38978 rec_loss:1.03599 [19.88s]; best loss:0.40936, patience : 0
2026-07-13 13:00:37,584 P696650 INFO pr:0.9380  rc:0.9684  auc:0.9996 ap:0.9944 f1: 0.9529 pred_right: 1060595 pred_wrong:35605 actu_right: 1061714 actu_wrong: 34486
2026-07-13 13:00:41,039 P696650 INFO pr:0.9374  rc:0.9620  auc:0.9995 ap:0.9936 f1: 0.9496 pred_right: 454603 pred_wrong:15197 actu_right: 454992 actu_wrong: 14808
2026-07-13 13:00:41,042 P696650 INFO ----------------------------------------------------------------------------------------------------
2026-07-13 13:00:41,042 P696650 INFO 33/50 starting... lr: 0.001 para:0.029411764815449715
2026-07-13 13:01:06,853 P696650 INFO Epoch 33/50, all_loss:0.40367 cls_loss:0.38385 rec_loss:1.05759 [25.81s]; best loss:0.40367, patience : 0
2026-07-13 13:01:17,005 P696650 INFO pr:0.9526  rc:0.9436  auc:0.9996 ap:0.9950 f1: 0.9481 pred_right: 1062039 pred_wrong:34161 actu_right: 1061713 actu_wrong: 34487
2026-07-13 13:01:21,459 P696650 INFO pr:0.9532  rc:0.9375  auc:0.9995 ap:0.9942 f1: 0.9453 pred_right: 455235 pred_wrong:14565 actu_right: 454992 actu_wrong: 14808
2026-07-13 13:01:21,460 P696650 INFO ----------------------------------------------------------------------------------------------------
2026-07-13 13:01:21,460 P696650 INFO 34/50 starting... lr: 0.001 para:0.02857142873108387
2026-07-13 13:01:40,756 P696650 INFO Epoch 34/50, all_loss:0.39063 cls_loss:0.37033 rec_loss:1.08069 [19.29s]; best loss:0.39063, patience : 0
2026-07-13 13:01:50,804 P696650 INFO pr:0.9366  rc:0.9749  auc:0.9996 ap:0.9952 f1: 0.9554 pred_right: 1060305 pred_wrong:35895 actu_right: 1061712 actu_wrong: 34488
2026-07-13 13:01:55,017 P696650 INFO pr:0.9372  rc:0.9703  auc:0.9995 ap:0.9942 f1: 0.9535 pred_right: 454470 pred_wrong:15330 actu_right: 454992 actu_wrong: 14808
2026-07-13 13:01:55,022 P696650 INFO ----------------------------------------------------------------------------------------------------
2026-07-13 13:01:55,022 P696650 INFO 35/50 starting... lr: 0.001 para:0.02777777798473835
2026-07-13 13:02:14,844 P696650 INFO Epoch 35/50, all_loss:0.38193 cls_loss:0.36178 rec_loss:1.08722 [19.82s]; best loss:0.38193, patience : 0
2026-07-13 13:02:33,447 P696650 INFO pr:0.9278  rc:0.9775  auc:0.9996 ap:0.9940 f1: 0.9520 pred_right: 1059862 pred_wrong:36338 actu_right: 1061710 actu_wrong: 34490
2026-07-13 13:02:38,253 P696650 INFO pr:0.9269  rc:0.9735  auc:0.9996 ap:0.9930 f1: 0.9496 pred_right: 454248 pred_wrong:15552 actu_right: 454992 actu_wrong: 14808
2026-07-13 13:02:38,254 P696650 INFO ----------------------------------------------------------------------------------------------------
2026-07-13 13:02:38,254 P696650 INFO 36/50 starting... lr: 0.001 para:0.027027027681469917
2026-07-13 13:02:59,412 P696650 INFO Epoch 36/50, all_loss:0.41989 cls_loss:0.40123 rec_loss:1.09156 [21.16s]; best loss:0.38193, patience : 1
2026-07-13 13:03:10,760 P696650 INFO pr:0.9559  rc:0.9374  auc:0.9996 ap:0.9951 f1: 0.9465 pred_right: 1062376 pred_wrong:33824 actu_right: 1061710 actu_wrong: 34490
2026-07-13 13:03:15,571 P696650 INFO pr:0.9569  rc:0.9315  auc:0.9996 ap:0.9944 f1: 0.9441 pred_right: 455385 pred_wrong:14415 actu_right: 454992 actu_wrong: 14808
2026-07-13 13:03:15,572 P696650 INFO ----------------------------------------------------------------------------------------------------
2026-07-13 13:03:15,572 P696650 INFO 37/50 starting... lr: 0.001 para:0.02631578966975212
2026-07-13 13:03:36,637 P696650 INFO Epoch 37/50, all_loss:0.36899 cls_loss:0.34945 rec_loss:1.09228 [21.06s]; best loss:0.36899, patience : 0
2026-07-13 13:03:48,358 P696650 INFO pr:0.9383  rc:0.9787  auc:0.9996 ap:0.9946 f1: 0.9581 pred_right: 1060223 pred_wrong:35977 actu_right: 1061706 actu_wrong: 34494
2026-07-13 13:03:52,482 P696650 INFO pr:0.9388  rc:0.9713  auc:0.9996 ap:0.9937 f1: 0.9548 pred_right: 454479 pred_wrong:15321 actu_right: 454992 actu_wrong: 14808
2026-07-13 13:03:52,487 P696650 INFO ----------------------------------------------------------------------------------------------------
2026-07-13 13:03:52,487 P696650 INFO 38/50 starting... lr: 0.001 para:0.025641025975346565
2026-07-13 13:04:21,200 P696650 INFO Epoch 38/50, all_loss:0.36820 cls_loss:0.34866 rec_loss:1.11084 [28.71s]; best loss:0.36820, patience : 0
2026-07-13 13:04:31,738 P696650 INFO pr:0.9468  rc:0.9660  auc:0.9997 ap:0.9952 f1: 0.9563 pred_right: 1061013 pred_wrong:35187 actu_right: 1061711 actu_wrong: 34489
2026-07-13 13:04:36,026 P696650 INFO pr:0.9465  rc:0.9600  auc:0.9996 ap:0.9944 f1: 0.9532 pred_right: 454780 pred_wrong:15020 actu_right: 454992 actu_wrong: 14808
2026-07-13 13:04:36,027 P696650 INFO ----------------------------------------------------------------------------------------------------
2026-07-13 13:04:36,034 P696650 INFO 39/50 starting... lr: 0.001 para:0.02500000037252903
2026-07-13 13:04:56,688 P696650 INFO Epoch 39/50, all_loss:0.40238 cls_loss:0.38455 rec_loss:1.09777 [20.65s]; best loss:0.36820, patience : 1
2026-07-13 13:05:07,594 P696650 INFO pr:0.9474  rc:0.9626  auc:0.9997 ap:0.9954 f1: 0.9550 pred_right: 1061161 pred_wrong:35039 actu_right: 1061715 actu_wrong: 34485
2026-07-13 13:05:13,746 P696650 INFO pr:0.9466  rc:0.9553  auc:0.9996 ap:0.9945 f1: 0.9509 pred_right: 454856 pred_wrong:14944 actu_right: 454992 actu_wrong: 14808
2026-07-13 13:05:13,747 P696650 INFO ----------------------------------------------------------------------------------------------------
2026-07-13 13:05:13,754 P696650 INFO 40/50 starting... lr: 0.001 para:0.024390242993831635
2026-07-13 13:05:39,591 P696650 INFO Epoch 40/50, all_loss:0.37419 cls_loss:0.35544 rec_loss:1.12406 [25.84s]; best loss:0.36820, patience : 1
2026-07-13 13:05:50,567 P696650 INFO pr:0.9605  rc:0.9214  auc:0.9995 ap:0.9948 f1: 0.9405 pred_right: 1063113 pred_wrong:33087 actu_right: 1061709 actu_wrong: 34491
2026-07-13 13:05:55,058 P696650 INFO pr:0.9621  rc:0.9113  auc:0.9994 ap:0.9940 f1: 0.9360 pred_right: 455775 pred_wrong:14025 actu_right: 454992 actu_wrong: 14808
2026-07-13 13:05:55,059 P696650 INFO ----------------------------------------------------------------------------------------------------
2026-07-13 13:05:55,059 P696650 INFO 41/50 starting... lr: 0.001 para:0.02380952425301075
2026-07-13 13:06:16,143 P696650 INFO Epoch 41/50, all_loss:0.37757 cls_loss:0.35954 rec_loss:1.11685 [21.08s]; best loss:0.36820, patience : 2
2026-07-13 13:06:27,035 P696650 INFO pr:0.9362  rc:0.9763  auc:0.9996 ap:0.9951 f1: 0.9558 pred_right: 1060229 pred_wrong:35971 actu_right: 1061709 actu_wrong: 34491
2026-07-13 13:06:31,689 P696650 INFO pr:0.9339  rc:0.9716  auc:0.9995 ap:0.9941 f1: 0.9524 pred_right: 454393 pred_wrong:15407 actu_right: 454992 actu_wrong: 14808
2026-07-13 13:06:31,690 P696650 INFO ----------------------------------------------------------------------------------------------------
2026-07-13 13:06:31,690 P696650 INFO 42/50 starting... lr: 0.001 para:0.023255813866853714
2026-07-13 13:06:52,675 P696650 INFO Epoch 42/50, all_loss:0.35684 cls_loss:0.33846 rec_loss:1.12858 [20.98s]; best loss:0.35684, patience : 0
2026-07-13 13:07:10,051 P696650 INFO pr:0.9516  rc:0.9620  auc:0.9997 ap:0.9958 f1: 0.9568 pred_right: 1061335 pred_wrong:34865 actu_right: 1061712 actu_wrong: 34488
2026-07-13 13:07:15,480 P696650 INFO pr:0.9508  rc:0.9558  auc:0.9996 ap:0.9951 f1: 0.9533 pred_right: 454914 pred_wrong:14886 actu_right: 454992 actu_wrong: 14808
2026-07-13 13:07:15,481 P696650 INFO ----------------------------------------------------------------------------------------------------
2026-07-13 13:07:15,481 P696650 INFO 43/50 starting... lr: 0.001 para:0.022727273404598236
2026-07-13 13:07:36,443 P696650 INFO Epoch 43/50, all_loss:0.38952 cls_loss:0.37200 rec_loss:1.14277 [20.96s]; best loss:0.35684, patience : 1
2026-07-13 13:07:47,031 P696650 INFO pr:0.9476  rc:0.9597  auc:0.9997 ap:0.9951 f1: 0.9536 pred_right: 1061279 pred_wrong:34921 actu_right: 1061718 actu_wrong: 34482
2026-07-13 13:07:51,666 P696650 INFO pr:0.9463  rc:0.9514  auc:0.9996 ap:0.9941 f1: 0.9489 pred_right: 454912 pred_wrong:14888 actu_right: 454992 actu_wrong: 14808
2026-07-13 13:07:51,667 P696650 INFO ----------------------------------------------------------------------------------------------------
2026-07-13 13:07:51,668 P696650 INFO 44/50 starting... lr: 0.001 para:0.02222222276031971
2026-07-13 13:08:13,159 P696650 INFO Epoch 44/50, all_loss:0.35480 cls_loss:0.33709 rec_loss:1.13392 [21.49s]; best loss:0.35480, patience : 0
2026-07-13 13:08:24,180 P696650 INFO pr:0.9485  rc:0.9692  auc:0.9996 ap:0.9955 f1: 0.9587 pred_right: 1060957 pred_wrong:35243 actu_right: 1061708 actu_wrong: 34492
2026-07-13 13:08:28,295 P696650 INFO pr:0.9467  rc:0.9620  auc:0.9996 ap:0.9945 f1: 0.9543 pred_right: 454753 pred_wrong:15047 actu_right: 454992 actu_wrong: 14808
2026-07-13 13:08:28,299 P696650 INFO ----------------------------------------------------------------------------------------------------
2026-07-13 13:08:28,299 P696650 INFO 45/50 starting... lr: 0.001 para:0.021739130839705467
2026-07-13 13:08:56,583 P696650 INFO Epoch 45/50, all_loss:0.35248 cls_loss:0.33494 rec_loss:1.14199 [28.28s]; best loss:0.35248, patience : 0
2026-07-13 13:09:08,080 P696650 INFO pr:0.9462  rc:0.9638  auc:0.9996 ap:0.9953 f1: 0.9549 pred_right: 1061069 pred_wrong:35131 actu_right: 1061710 actu_wrong: 34490
2026-07-13 13:09:13,117 P696650 INFO pr:0.9455  rc:0.9564  auc:0.9996 ap:0.9944 f1: 0.9509 pred_right: 454822 pred_wrong:14978 actu_right: 454992 actu_wrong: 14808
2026-07-13 13:09:13,118 P696650 INFO ----------------------------------------------------------------------------------------------------
2026-07-13 13:09:13,119 P696650 INFO 46/50 starting... lr: 0.001 para:0.021276595070958138
2026-07-13 13:09:34,187 P696650 INFO Epoch 46/50, all_loss:0.34175 cls_loss:0.32385 rec_loss:1.16516 [21.06s]; best loss:0.34175, patience : 0
2026-07-13 13:09:45,627 P696650 INFO pr:0.9309  rc:0.9848  auc:0.9996 ap:0.9957 f1: 0.9571 pred_right: 1059714 pred_wrong:36486 actu_right: 1061712 actu_wrong: 34488
2026-07-13 13:09:50,627 P696650 INFO pr:0.9290  rc:0.9810  auc:0.9996 ap:0.9948 f1: 0.9542 pred_right: 454163 pred_wrong:15637 actu_right: 454992 actu_wrong: 14808
2026-07-13 13:09:50,628 P696650 INFO ----------------------------------------------------------------------------------------------------
2026-07-13 13:09:50,628 P696650 INFO 47/50 starting... lr: 0.001 para:0.02083333395421505
2026-07-13 13:10:18,919 P696650 INFO Epoch 47/50, all_loss:0.34948 cls_loss:0.33227 rec_loss:1.15867 [28.29s]; best loss:0.34175, patience : 1
2026-07-13 13:10:30,398 P696650 INFO pr:0.9359  rc:0.9827  auc:0.9995 ap:0.9955 f1: 0.9587 pred_right: 1059986 pred_wrong:36214 actu_right: 1061713 actu_wrong: 34487
2026-07-13 13:10:35,039 P696650 INFO pr:0.9342  rc:0.9766  auc:0.9995 ap:0.9949 f1: 0.9549 pred_right: 454321 pred_wrong:15479 actu_right: 454992 actu_wrong: 14808
2026-07-13 13:10:35,044 P696650 INFO ----------------------------------------------------------------------------------------------------
2026-07-13 13:10:35,047 P696650 INFO 48/50 starting... lr: 0.001 para:0.020408162847161293
2026-07-13 13:10:56,203 P696650 INFO Epoch 48/50, all_loss:0.34223 cls_loss:0.32530 rec_loss:1.15468 [21.16s]; best loss:0.34175, patience : 1
2026-07-13 13:11:07,259 P696650 INFO pr:0.9529  rc:0.9650  auc:0.9997 ap:0.9955 f1: 0.9589 pred_right: 1061273 pred_wrong:34927 actu_right: 1061712 actu_wrong: 34488
2026-07-13 13:11:11,951 P696650 INFO pr:0.9538  rc:0.9595  auc:0.9996 ap:0.9948 f1: 0.9566 pred_right: 454902 pred_wrong:14898 actu_right: 454992 actu_wrong: 14808
2026-07-13 13:11:11,955 P696650 INFO ----------------------------------------------------------------------------------------------------
2026-07-13 13:11:11,956 P696650 INFO 49/50 starting... lr: 0.001 para:0.019999999552965164
2026-07-13 13:11:32,772 P696650 INFO Epoch 49/50, all_loss:0.32646 cls_loss:0.30925 rec_loss:1.16977 [20.81s]; best loss:0.32646, patience : 0
2026-07-13 13:11:48,719 P696650 INFO pr:0.9540  rc:0.9620  auc:0.9997 ap:0.9960 f1: 0.9580 pred_right: 1061424 pred_wrong:34776 actu_right: 1061714 actu_wrong: 34486
2026-07-13 13:11:55,261 P696650 INFO pr:0.9522  rc:0.9530  auc:0.9996 ap:0.9952 f1: 0.9526 pred_right: 454979 pred_wrong:14821 actu_right: 454992 actu_wrong: 14808
2026-07-13 13:11:55,262 P696650 INFO saving model...
2026-07-13 13:11:55,262 P696650 INFO FITS_Legendre - loss  best score:0.3264590799808502 at epoch 49
2026-07-13 13:11:55,268 P696650 INFO FITS_Legendre - f1  best score:0.9589281855506735 at epoch 48
2026-07-13 13:11:55,274 P696650 INFO Average training time per epoch: 21.91 seconds
2026-07-13 13:11:55,275 P696650 INFO calculate scores...
2026-07-13 13:11:55,275 P696650 INFO calculate label with loss...
2026-07-13 13:11:55,275 P696650 INFO FITS_Legendre on ./result/server_only_exps/Ablations_updatedFreDF/FITS_Legendre-TT-Epochs50-Seed2-ExpNameRQ2_ablations_components-LPFLPF-Attnlinear_attn-NormLinTrue-RecLambda1.0-AuxiLambda0.2 loading...
2026-07-13 13:12:00,066 P696650 INFO pr:0.9522  rc:0.9530  auc:0.9996 ap:0.9952 f1: 0.9526 pred_right: 454979 pred_wrong:14821 actu_right: 454992 actu_wrong: 14808
2026-07-13 13:12:13,967 P696650 INFO pr:0.9522  rc:0.9530  auc:0.9996 ap:0.9952 f1: 0.9526 pred_right: 454979 pred_wrong:14821 actu_right: 454992 actu_wrong: 14808
2026-07-13 13:12:13,968 P696650 INFO Performance Summary:
{'GPU': {'inference_time_per_sample_ms': 0.2430451595687428, 'throughput_samples_per_sec': 4114.461698288463, 'peak_memory_mb': 139.2978515625, 'energy_per_sample_joules': 0.013619035516434503}, 'CPU': {'inference_time_per_sample_ms': 0.7654671280310157, 'throughput_samples_per_sec': 1306.3918271347131, 'peak_memory_mb': 5879.65234375, 'energy_per_sample_joules': 0.04975536332201602}}
2026-07-13 13:12:13,968 P696650 INFO Starting clean-room hardware benchmarking...
2026-07-13 13:12:14,874 P696650 INFO Performance with loss: pr:0.9522  rc:0.9530  auc:0.9996 ap:0.9952 f1: 0.9526 pred_right: 454979 pred_wrong:14821 actu_right: 454992 actu_wrong: 14808
2026-07-13 13:12:14,874 P696650 INFO calculate label with f1...
2026-07-13 13:12:14,874 P696650 INFO FITS_Legendre on ./result/server_only_exps/Ablations_updatedFreDF/FITS_Legendre-TT-Epochs50-Seed2-ExpNameRQ2_ablations_components-LPFLPF-Attnlinear_attn-NormLinTrue-RecLambda1.0-AuxiLambda0.2 loading...
2026-07-13 13:12:19,513 P696650 INFO pr:0.9538  rc:0.9595  auc:0.9996 ap:0.9948 f1: 0.9566 pred_right: 454902 pred_wrong:14898 actu_right: 454992 actu_wrong: 14808
2026-07-13 13:12:32,532 P696650 INFO pr:0.9538  rc:0.9595  auc:0.9996 ap:0.9948 f1: 0.9566 pred_right: 454902 pred_wrong:14898 actu_right: 454992 actu_wrong: 14808
2026-07-13 13:12:32,532 P696650 INFO Performance Summary:
{'GPU': {'inference_time_per_sample_ms': 0.23526329627403847, 'throughput_samples_per_sec': 4250.5567839837795, 'peak_memory_mb': 138.791015625, 'energy_per_sample_joules': 0.013880299216871993}, 'CPU': {'inference_time_per_sample_ms': 0.7154117906134657, 'throughput_samples_per_sec': 1397.7963644441754, 'peak_memory_mb': 5633.55859375, 'energy_per_sample_joules': 0.04650176638987527}}
2026-07-13 13:12:32,533 P696650 INFO Starting clean-room hardware benchmarking...
2026-07-13 13:12:33,450 P696650 INFO Performance with f1: pr:0.9538  rc:0.9595  auc:0.9996 ap:0.9948 f1: 0.9566 pred_right: 454902 pred_wrong:14898 actu_right: 454992 actu_wrong: 14808
