2026-07-20 06:44:19,931 P1539477 INFO ---- Model: ----MSTGAD-b5b970ec----random_seed : 1----req_loss_approach : Legendre-style----rec_lambda : 1.0----auxi_lambda : 0.2----Freq Domain : FITS_Legendre----Multi Fits : false----train : True----evaluate : False
2026-07-20 06:44:19,931 P1539477 INFO Load from /home/db2003/Desktop/Amr/Tests/Eadro/codes/chunks/TT
2026-07-20 06:44:32,697 P1539477 INFO Fewshot: training with 1.0 of the 70% of the data
2026-07-20 06:44:32,776 P1539477 INFO Trainable Parameters Breakdown:
2026-07-20 06:44:32,776 P1539477 INFO --------------------------------------------------------------------------------
2026-07-20 06:44:32,776 P1539477 INFO Reconstruction-Specific Parameters:
2026-07-20 06:44:32,776 P1539477 INFO node_emb.linear.weight                   | shape: (8, 7)                    | params: 56
2026-07-20 06:44:32,776 P1539477 INFO node_emb.linear.bias                     | shape: (8,)                      | params: 8
2026-07-20 06:44:32,776 P1539477 INFO log_emb.linear.weight                    | shape: (32, 60)                  | params: 1,920
2026-07-20 06:44:32,776 P1539477 INFO log_emb.linear.bias                      | shape: (32,)                     | params: 32
2026-07-20 06:44:32,776 P1539477 INFO egde_emb.linear.weight                   | shape: (8, 2)                    | params: 16
2026-07-20 06:44:32,776 P1539477 INFO egde_emb.linear.bias                     | shape: (8,)                      | params: 8
2026-07-20 06:44:32,777 P1539477 INFO dense_node.weight                        | shape: (7, 8)                    | params: 56
2026-07-20 06:44:32,777 P1539477 INFO dense_node.bias                          | shape: (7,)                      | params: 7
2026-07-20 06:44:32,777 P1539477 INFO dense_log.weight                         | shape: (60, 32)                  | params: 1,920
2026-07-20 06:44:32,777 P1539477 INFO dense_log.bias                           | shape: (60,)                     | params: 60
2026-07-20 06:44:32,777 P1539477 INFO dense_edge.weight                        | shape: (2, 8)                    | params: 16
2026-07-20 06:44:32,777 P1539477 INFO dense_edge.bias                          | shape: (2,)                      | params: 2
2026-07-20 06:44:32,777 P1539477 INFO linear_attn.Wq.weight                    | shape: (10, 10)                  | params: 100
2026-07-20 06:44:32,777 P1539477 INFO linear_attn.Wk.weight                    | shape: (10, 10)                  | params: 100
2026-07-20 06:44:32,777 P1539477 INFO linear_attn.Wv.weight                    | shape: (10, 10)                  | params: 100
2026-07-20 06:44:32,777 P1539477 INFO linear_attn.out.weight                   | shape: (10, 10)                  | params: 100
2026-07-20 06:44:32,777 P1539477 INFO linear_attn.out.bias                     | shape: (10,)                     | params: 10
2026-07-20 06:44:32,777 P1539477 INFO linear_attn.norm.weight                  | shape: (10,)                     | params: 10
2026-07-20 06:44:32,777 P1539477 INFO linear_attn.norm.bias                    | shape: (10,)                     | params: 10
2026-07-20 06:44:32,777 P1539477 INFO shared_fits.normlin_W                    | shape: (5, 5)                    | params: 25
2026-07-20 06:44:32,777 P1539477 INFO shared_fits.freq_upsampler.weight        | shape: (5, 5)                    | params: 25
2026-07-20 06:44:32,777 P1539477 INFO shared_fits.freq_upsampler.bias          | shape: (5,)                      | params: 5
2026-07-20 06:44:32,777 P1539477 INFO modality_proj.node.weight                | shape: (10, 8)                   | params: 80
2026-07-20 06:44:32,777 P1539477 INFO modality_proj.node.bias                  | shape: (10,)                     | params: 10
2026-07-20 06:44:32,777 P1539477 INFO modality_proj.log.weight                 | shape: (10, 32)                  | params: 320
2026-07-20 06:44:32,777 P1539477 INFO modality_proj.log.bias                   | shape: (10,)                     | params: 10
2026-07-20 06:44:32,777 P1539477 INFO modality_proj.edge.weight                | shape: (10, 8)                   | params: 80
2026-07-20 06:44:32,777 P1539477 INFO modality_proj.edge.bias                  | shape: (10,)                     | params: 10
2026-07-20 06:44:32,777 P1539477 INFO modality_proj_out.node.weight            | shape: (8, 10)                   | params: 80
2026-07-20 06:44:32,777 P1539477 INFO modality_proj_out.node.bias              | shape: (8,)                      | params: 8
2026-07-20 06:44:32,777 P1539477 INFO modality_proj_out.log.weight             | shape: (32, 10)                  | params: 320
2026-07-20 06:44:32,777 P1539477 INFO modality_proj_out.log.bias               | shape: (32,)                     | params: 32
2026-07-20 06:44:32,778 P1539477 INFO modality_proj_out.edge.weight            | shape: (8, 10)                   | params: 80
2026-07-20 06:44:32,778 P1539477 INFO modality_proj_out.edge.bias              | shape: (8,)                      | params: 8
2026-07-20 06:44:32,778 P1539477 INFO Subtotal: 5,624
2026-07-20 06:44:32,778 P1539477 INFO --------------------------------------------------------------------------------
2026-07-20 06:44:32,778 P1539477 INFO Common Parameters:
2026-07-20 06:44:32,778 P1539477 INFO show.0.weight                            | shape: (128, 69)                 | params: 8,832
2026-07-20 06:44:32,778 P1539477 INFO show.0.bias                              | shape: (128,)                    | params: 128
2026-07-20 06:44:32,778 P1539477 INFO show.2.weight                            | shape: (2, 128)                  | params: 256
2026-07-20 06:44:32,778 P1539477 INFO show.2.bias                              | shape: (2,)                      | params: 2
2026-07-20 06:44:32,778 P1539477 INFO Subtotal: 9,218
2026-07-20 06:44:32,778 P1539477 INFO --------------------------------------------------------------------------------
2026-07-20 06:44:32,778 P1539477 INFO Total Trainable Parameters: 14,842

2026-07-20 06:44:32,778 P1539477 INFO Trainable Parameters: 14842, reconstruction: 5624, common: 9218
2026-07-20 06:44:32,778 P1539477 INFO model : init weight
2026-07-20 06:44:32,778 P1539477 INFO Using GPU...
2026-07-20 06:44:32,783 P1539477 INFO optimizer : using AdaBelief
2026-07-20 06:44:32,783 P1539477 INFO ----------------------------------------------------------------------------------------------------
2026-07-20 06:44:32,783 P1539477 INFO 0/50 starting... lr: 0.001 para:1.0
2026-07-20 06:44:56,182 P1539477 INFO Epoch 0/50, all_loss:0.07943 cls_loss:29.84953 rec_loss:0.07943 [23.39s]; best loss:0.07943, patience : 0
2026-07-20 06:44:56,182 P1539477 INFO ----------------------------------------------------------------------------------------------------
2026-07-20 06:44:56,182 P1539477 INFO 1/50 starting... lr: 0.001 para:0.5
2026-07-20 06:45:15,010 P1539477 INFO Epoch 1/50, all_loss:1.94135 cls_loss:3.66461 rec_loss:0.21809 [18.82s]; best loss:1.94135, patience : 0
2026-07-20 06:45:15,010 P1539477 INFO ----------------------------------------------------------------------------------------------------
2026-07-20 06:45:15,010 P1539477 INFO 2/50 starting... lr: 0.001 para:0.3333333432674408
2026-07-20 06:45:33,130 P1539477 INFO Epoch 2/50, all_loss:1.56912 cls_loss:2.24341 rec_loss:0.22053 [18.12s]; best loss:1.56912, patience : 0
2026-07-20 06:45:42,925 P1539477 INFO pr:0.9660  rc:0.4105  auc:0.9859 ap:0.8851 f1: 0.5762 pred_right: 1081543 pred_wrong:14657 actu_right: 1061712 actu_wrong: 34488
2026-07-20 06:45:46,962 P1539477 INFO pr:0.9647  rc:0.4098  auc:0.9863 ap:0.8862 f1: 0.5752 pred_right: 463510 pred_wrong:6290 actu_right: 454992 actu_wrong: 14808
2026-07-20 06:45:46,966 P1539477 INFO ----------------------------------------------------------------------------------------------------
2026-07-20 06:45:46,966 P1539477 INFO 3/50 starting... lr: 0.001 para:0.25
2026-07-20 06:46:06,154 P1539477 INFO Epoch 3/50, all_loss:1.66526 cls_loss:2.14581 rec_loss:0.22358 [19.19s]; best loss:1.56912, patience : 1
2026-07-20 06:46:14,665 P1539477 INFO pr:0.9652  rc:0.4365  auc:0.9881 ap:0.9001 f1: 0.6011 pred_right: 1080603 pred_wrong:15597 actu_right: 1061708 actu_wrong: 34492
2026-07-20 06:46:19,784 P1539477 INFO pr:0.9609  rc:0.4378  auc:0.9884 ap:0.9011 f1: 0.6015 pred_right: 463053 pred_wrong:6747 actu_right: 454992 actu_wrong: 14808
2026-07-20 06:46:19,794 P1539477 INFO ----------------------------------------------------------------------------------------------------
2026-07-20 06:46:19,794 P1539477 INFO 4/50 starting... lr: 0.001 para:0.20000000298023224
2026-07-20 06:46:45,080 P1539477 INFO Epoch 4/50, all_loss:1.59066 cls_loss:1.92228 rec_loss:0.26418 [25.29s]; best loss:1.56912, patience : 1
2026-07-20 06:46:54,540 P1539477 INFO pr:0.8658  rc:0.5384  auc:0.9909 ap:0.9117 f1: 0.6639 pred_right: 1074753 pred_wrong:21447 actu_right: 1061714 actu_wrong: 34486
2026-07-20 06:46:58,497 P1539477 INFO pr:0.8640  rc:0.5380  auc:0.9910 ap:0.9125 f1: 0.6631 pred_right: 460579 pred_wrong:9221 actu_right: 454992 actu_wrong: 14808
2026-07-20 06:46:58,502 P1539477 INFO ----------------------------------------------------------------------------------------------------
2026-07-20 06:46:58,502 P1539477 INFO 5/50 starting... lr: 0.001 para:0.1666666716337204
2026-07-20 06:47:16,735 P1539477 INFO Epoch 5/50, all_loss:1.56221 cls_loss:1.81779 rec_loss:0.28430 [18.23s]; best loss:1.56221, patience : 0
2026-07-20 06:47:26,672 P1539477 INFO pr:0.9418  rc:0.5033  auc:0.9924 ap:0.9204 f1: 0.6560 pred_right: 1077769 pred_wrong:18431 actu_right: 1061714 actu_wrong: 34486
2026-07-20 06:47:30,677 P1539477 INFO pr:0.9415  rc:0.5053  auc:0.9923 ap:0.9203 f1: 0.6577 pred_right: 461852 pred_wrong:7948 actu_right: 454992 actu_wrong: 14808
2026-07-20 06:47:30,678 P1539477 INFO ----------------------------------------------------------------------------------------------------
2026-07-20 06:47:30,678 P1539477 INFO 6/50 starting... lr: 0.001 para:0.1428571492433548
2026-07-20 06:47:48,648 P1539477 INFO Epoch 6/50, all_loss:1.58278 cls_loss:1.79561 rec_loss:0.30577 [17.97s]; best loss:1.56221, patience : 1
2026-07-20 06:48:06,138 P1539477 INFO pr:0.8761  rc:0.6216  auc:0.9932 ap:0.9294 f1: 0.7272 pred_right: 1071728 pred_wrong:24472 actu_right: 1061707 actu_wrong: 34493
2026-07-20 06:48:10,504 P1539477 INFO pr:0.8756  rc:0.6227  auc:0.9931 ap:0.9303 f1: 0.7278 pred_right: 459269 pred_wrong:10531 actu_right: 454992 actu_wrong: 14808
2026-07-20 06:48:10,509 P1539477 INFO ----------------------------------------------------------------------------------------------------
2026-07-20 06:48:10,512 P1539477 INFO 7/50 starting... lr: 0.001 para:0.125
2026-07-20 06:48:28,876 P1539477 INFO Epoch 7/50, all_loss:1.51481 cls_loss:1.68308 rec_loss:0.33690 [18.36s]; best loss:1.51481, patience : 0
2026-07-20 06:48:38,963 P1539477 INFO pr:0.9150  rc:0.5875  auc:0.9936 ap:0.9328 f1: 0.7155 pred_right: 1074054 pred_wrong:22146 actu_right: 1061707 actu_wrong: 34493
2026-07-20 06:48:42,992 P1539477 INFO pr:0.9201  rc:0.5871  auc:0.9935 ap:0.9335 f1: 0.7168 pred_right: 460351 pred_wrong:9449 actu_right: 454992 actu_wrong: 14808
2026-07-20 06:48:42,993 P1539477 INFO ----------------------------------------------------------------------------------------------------
2026-07-20 06:48:42,993 P1539477 INFO 8/50 starting... lr: 0.001 para:0.1111111119389534
2026-07-20 06:49:00,998 P1539477 INFO Epoch 8/50, all_loss:1.48534 cls_loss:1.62556 rec_loss:0.36364 [18.00s]; best loss:1.48534, patience : 0
2026-07-20 06:49:10,504 P1539477 INFO pr:0.8806  rc:0.6616  auc:0.9942 ap:0.9390 f1: 0.7556 pred_right: 1070287 pred_wrong:25913 actu_right: 1061712 actu_wrong: 34488
2026-07-20 06:49:14,417 P1539477 INFO pr:0.8818  rc:0.6619  auc:0.9941 ap:0.9393 f1: 0.7562 pred_right: 458684 pred_wrong:11116 actu_right: 454992 actu_wrong: 14808
2026-07-20 06:49:14,421 P1539477 INFO ----------------------------------------------------------------------------------------------------
2026-07-20 06:49:14,421 P1539477 INFO 9/50 starting... lr: 0.001 para:0.10000000149011612
2026-07-20 06:49:34,293 P1539477 INFO Epoch 9/50, all_loss:1.42782 cls_loss:1.54326 rec_loss:0.38894 [19.87s]; best loss:1.42782, patience : 0
2026-07-20 06:49:49,633 P1539477 INFO pr:0.9232  rc:0.5956  auc:0.9942 ap:0.9416 f1: 0.7241 pred_right: 1073951 pred_wrong:22249 actu_right: 1061714 actu_wrong: 34486
2026-07-20 06:49:53,758 P1539477 INFO pr:0.9303  rc:0.5962  auc:0.9941 ap:0.9418 f1: 0.7267 pred_right: 460311 pred_wrong:9489 actu_right: 454992 actu_wrong: 14808
2026-07-20 06:49:53,759 P1539477 INFO ----------------------------------------------------------------------------------------------------
2026-07-20 06:49:53,759 P1539477 INFO 10/50 starting... lr: 0.001 para:0.09090909361839294
2026-07-20 06:50:12,076 P1539477 INFO Epoch 10/50, all_loss:1.36730 cls_loss:1.46121 rec_loss:0.42823 [18.31s]; best loss:1.36730, patience : 0
2026-07-20 06:50:21,699 P1539477 INFO pr:0.8330  rc:0.6782  auc:0.9940 ap:0.9349 f1: 0.7477 pred_right: 1068118 pred_wrong:28082 actu_right: 1061709 actu_wrong: 34491
2026-07-20 06:50:25,645 P1539477 INFO pr:0.8342  rc:0.6779  auc:0.9938 ap:0.9353 f1: 0.7480 pred_right: 457767 pred_wrong:12033 actu_right: 454992 actu_wrong: 14808
2026-07-20 06:50:25,645 P1539477 INFO ----------------------------------------------------------------------------------------------------
2026-07-20 06:50:25,646 P1539477 INFO 11/50 starting... lr: 0.001 para:0.0833333358168602
2026-07-20 06:50:43,991 P1539477 INFO Epoch 11/50, all_loss:1.32343 cls_loss:1.40130 rec_loss:0.46685 [18.34s]; best loss:1.32343, patience : 0
2026-07-20 06:50:55,366 P1539477 INFO pr:0.8626  rc:0.7678  auc:0.9958 ap:0.9558 f1: 0.8125 pred_right: 1065504 pred_wrong:30696 actu_right: 1061714 actu_wrong: 34486
2026-07-20 06:50:58,677 P1539477 INFO pr:0.8682  rc:0.7618  auc:0.9958 ap:0.9563 f1: 0.8115 pred_right: 456808 pred_wrong:12992 actu_right: 454992 actu_wrong: 14808
2026-07-20 06:50:58,680 P1539477 INFO ----------------------------------------------------------------------------------------------------
2026-07-20 06:50:58,680 P1539477 INFO 12/50 starting... lr: 0.001 para:0.07692307978868484
2026-07-20 06:51:24,412 P1539477 INFO Epoch 12/50, all_loss:1.26640 cls_loss:1.32885 rec_loss:0.51696 [25.73s]; best loss:1.26640, patience : 0
2026-07-20 06:51:33,913 P1539477 INFO pr:0.9298  rc:0.6413  auc:0.9962 ap:0.9563 f1: 0.7591 pred_right: 1072412 pred_wrong:23788 actu_right: 1061709 actu_wrong: 34491
2026-07-20 06:51:37,933 P1539477 INFO pr:0.9345  rc:0.6335  auc:0.9961 ap:0.9564 f1: 0.7551 pred_right: 459762 pred_wrong:10038 actu_right: 454992 actu_wrong: 14808
2026-07-20 06:51:37,934 P1539477 INFO ----------------------------------------------------------------------------------------------------
2026-07-20 06:51:37,934 P1539477 INFO 13/50 starting... lr: 0.001 para:0.0714285746216774
2026-07-20 06:51:56,294 P1539477 INFO Epoch 13/50, all_loss:1.21682 cls_loss:1.26633 rec_loss:0.57320 [18.36s]; best loss:1.21682, patience : 0
2026-07-20 06:52:05,863 P1539477 INFO pr:0.8583  rc:0.7927  auc:0.9963 ap:0.9599 f1: 0.8242 pred_right: 1064350 pred_wrong:31850 actu_right: 1061715 actu_wrong: 34485
2026-07-20 06:52:09,828 P1539477 INFO pr:0.8601  rc:0.7870  auc:0.9964 ap:0.9601 f1: 0.8219 pred_right: 456251 pred_wrong:13549 actu_right: 454992 actu_wrong: 14808
2026-07-20 06:52:09,832 P1539477 INFO ----------------------------------------------------------------------------------------------------
2026-07-20 06:52:09,832 P1539477 INFO 14/50 starting... lr: 0.001 para:0.06666667014360428
2026-07-20 06:52:29,351 P1539477 INFO Epoch 14/50, all_loss:1.21176 cls_loss:1.25546 rec_loss:0.60006 [19.52s]; best loss:1.21176, patience : 0
2026-07-20 06:52:37,966 P1539477 INFO pr:0.8764  rc:0.7426  auc:0.9965 ap:0.9559 f1: 0.8040 pred_right: 1066979 pred_wrong:29221 actu_right: 1061711 actu_wrong: 34489
2026-07-20 06:52:42,065 P1539477 INFO pr:0.8809  rc:0.7405  auc:0.9964 ap:0.9568 f1: 0.8047 pred_right: 457352 pred_wrong:12448 actu_right: 454992 actu_wrong: 14808
2026-07-20 06:52:42,066 P1539477 INFO ----------------------------------------------------------------------------------------------------
2026-07-20 06:52:42,067 P1539477 INFO 15/50 starting... lr: 0.001 para:0.0625
2026-07-20 06:53:07,305 P1539477 INFO Epoch 15/50, all_loss:1.11867 cls_loss:1.15080 rec_loss:0.63673 [25.23s]; best loss:1.11867, patience : 0
2026-07-20 06:53:16,865 P1539477 INFO pr:0.8659  rc:0.8094  auc:0.9965 ap:0.9619 f1: 0.8367 pred_right: 1063966 pred_wrong:32234 actu_right: 1061713 actu_wrong: 34487
2026-07-20 06:53:20,849 P1539477 INFO pr:0.8697  rc:0.8067  auc:0.9963 ap:0.9613 f1: 0.8371 pred_right: 456065 pred_wrong:13735 actu_right: 454992 actu_wrong: 14808
2026-07-20 06:53:20,853 P1539477 INFO ----------------------------------------------------------------------------------------------------
2026-07-20 06:53:20,853 P1539477 INFO 16/50 starting... lr: 0.001 para:0.05882352963089943
2026-07-20 06:53:39,270 P1539477 INFO Epoch 16/50, all_loss:1.09856 cls_loss:1.12552 rec_loss:0.66716 [18.41s]; best loss:1.09856, patience : 0
2026-07-20 06:53:48,639 P1539477 INFO pr:0.9040  rc:0.7657  auc:0.9973 ap:0.9676 f1: 0.8291 pred_right: 1066991 pred_wrong:29209 actu_right: 1061712 actu_wrong: 34488
2026-07-20 06:53:52,634 P1539477 INFO pr:0.9108  rc:0.7624  auc:0.9972 ap:0.9679 f1: 0.8300 pred_right: 457405 pred_wrong:12395 actu_right: 454992 actu_wrong: 14808
2026-07-20 06:53:52,635 P1539477 INFO ----------------------------------------------------------------------------------------------------
2026-07-20 06:53:52,635 P1539477 INFO 17/50 starting... lr: 0.001 para:0.0555555559694767
2026-07-20 06:54:10,862 P1539477 INFO Epoch 17/50, all_loss:1.04750 cls_loss:1.06798 rec_loss:0.69935 [18.22s]; best loss:1.04750, patience : 0
2026-07-20 06:54:20,548 P1539477 INFO pr:0.8836  rc:0.8303  auc:0.9973 ap:0.9707 f1: 0.8561 pred_right: 1063791 pred_wrong:32409 actu_right: 1061713 actu_wrong: 34487
2026-07-20 06:54:29,182 P1539477 INFO pr:0.8828  rc:0.8244  auc:0.9973 ap:0.9702 f1: 0.8526 pred_right: 455972 pred_wrong:13828 actu_right: 454992 actu_wrong: 14808
2026-07-20 06:54:29,191 P1539477 INFO ----------------------------------------------------------------------------------------------------
2026-07-20 06:54:29,191 P1539477 INFO 18/50 starting... lr: 0.001 para:0.05263157933950424
2026-07-20 06:54:49,936 P1539477 INFO Epoch 18/50, all_loss:1.05581 cls_loss:1.07424 rec_loss:0.72402 [20.74s]; best loss:1.04750, patience : 1
2026-07-20 06:54:59,781 P1539477 INFO pr:0.8619  rc:0.8583  auc:0.9975 ap:0.9696 f1: 0.8601 pred_right: 1061852 pred_wrong:34348 actu_right: 1061708 actu_wrong: 34492
2026-07-20 06:55:04,104 P1539477 INFO pr:0.8636  rc:0.8556  auc:0.9976 ap:0.9702 f1: 0.8596 pred_right: 455130 pred_wrong:14670 actu_right: 454992 actu_wrong: 14808
2026-07-20 06:55:04,108 P1539477 INFO ----------------------------------------------------------------------------------------------------
2026-07-20 06:55:04,108 P1539477 INFO 19/50 starting... lr: 0.001 para:0.05000000074505806
2026-07-20 06:55:22,611 P1539477 INFO Epoch 19/50, all_loss:0.98315 cls_loss:0.99513 rec_loss:0.75548 [18.50s]; best loss:0.98315, patience : 0
2026-07-20 06:55:32,556 P1539477 INFO pr:0.8692  rc:0.8968  auc:0.9977 ap:0.9748 f1: 0.8828 pred_right: 1060617 pred_wrong:35583 actu_right: 1061711 actu_wrong: 34489
2026-07-20 06:55:36,634 P1539477 INFO pr:0.8727  rc:0.8926  auc:0.9979 ap:0.9755 f1: 0.8826 pred_right: 454654 pred_wrong:15146 actu_right: 454992 actu_wrong: 14808
2026-07-20 06:55:36,639 P1539477 INFO ----------------------------------------------------------------------------------------------------
2026-07-20 06:55:36,639 P1539477 INFO 20/50 starting... lr: 0.001 para:0.0476190485060215
2026-07-20 06:55:54,566 P1539477 INFO Epoch 20/50, all_loss:0.95954 cls_loss:0.96902 rec_loss:0.76994 [17.92s]; best loss:0.95954, patience : 0
2026-07-20 06:56:13,393 P1539477 INFO pr:0.9151  rc:0.8009  auc:0.9980 ap:0.9757 f1: 0.8542 pred_right: 1066015 pred_wrong:30185 actu_right: 1061712 actu_wrong: 34488
2026-07-20 06:56:17,537 P1539477 INFO pr:0.9165  rc:0.7936  auc:0.9979 ap:0.9757 f1: 0.8506 pred_right: 456977 pred_wrong:12823 actu_right: 454992 actu_wrong: 14808
2026-07-20 06:56:17,538 P1539477 INFO ----------------------------------------------------------------------------------------------------
2026-07-20 06:56:17,538 P1539477 INFO 21/50 starting... lr: 0.001 para:0.04545454680919647
2026-07-20 06:56:36,096 P1539477 INFO Epoch 21/50, all_loss:0.91524 cls_loss:0.92128 rec_loss:0.78841 [18.55s]; best loss:0.91524, patience : 0
2026-07-20 06:56:45,872 P1539477 INFO pr:0.8952  rc:0.8554  auc:0.9983 ap:0.9783 f1: 0.8748 pred_right: 1063246 pred_wrong:32954 actu_right: 1061711 actu_wrong: 34489
2026-07-20 06:56:50,084 P1539477 INFO pr:0.8985  rc:0.8497  auc:0.9983 ap:0.9783 f1: 0.8735 pred_right: 455796 pred_wrong:14004 actu_right: 454992 actu_wrong: 14808
2026-07-20 06:56:50,085 P1539477 INFO ----------------------------------------------------------------------------------------------------
2026-07-20 06:56:50,085 P1539477 INFO 22/50 starting... lr: 0.001 para:0.043478261679410934
2026-07-20 06:57:07,811 P1539477 INFO Epoch 22/50, all_loss:0.88738 cls_loss:0.89012 rec_loss:0.82719 [17.72s]; best loss:0.88738, patience : 0
2026-07-20 06:57:19,228 P1539477 INFO pr:0.8783  rc:0.9087  auc:0.9985 ap:0.9799 f1: 0.8932 pred_right: 1060514 pred_wrong:35686 actu_right: 1061706 actu_wrong: 34494
2026-07-20 06:57:22,517 P1539477 INFO pr:0.8812  rc:0.9064  auc:0.9984 ap:0.9798 f1: 0.8936 pred_right: 454568 pred_wrong:15232 actu_right: 454992 actu_wrong: 14808
2026-07-20 06:57:22,521 P1539477 INFO ----------------------------------------------------------------------------------------------------
2026-07-20 06:57:22,521 P1539477 INFO 23/50 starting... lr: 0.001 para:0.0416666679084301
2026-07-20 06:57:47,562 P1539477 INFO Epoch 23/50, all_loss:0.86928 cls_loss:0.87013 rec_loss:0.84989 [25.04s]; best loss:0.86928, patience : 0
2026-07-20 06:57:57,577 P1539477 INFO pr:0.9280  rc:0.8054  auc:0.9983 ap:0.9800 f1: 0.8624 pred_right: 1066267 pred_wrong:29933 actu_right: 1061712 actu_wrong: 34488
2026-07-20 06:58:01,752 P1539477 INFO pr:0.9278  rc:0.8037  auc:0.9983 ap:0.9796 f1: 0.8613 pred_right: 456973 pred_wrong:12827 actu_right: 454992 actu_wrong: 14808
2026-07-20 06:58:01,753 P1539477 INFO ----------------------------------------------------------------------------------------------------
2026-07-20 06:58:01,753 P1539477 INFO 24/50 starting... lr: 0.001 para:0.03999999910593033
2026-07-20 06:58:20,027 P1539477 INFO Epoch 24/50, all_loss:0.81620 cls_loss:0.81409 rec_loss:0.86680 [18.27s]; best loss:0.81620, patience : 0
2026-07-20 06:58:29,716 P1539477 INFO pr:0.8909  rc:0.9083  auc:0.9983 ap:0.9822 f1: 0.8995 pred_right: 1061035 pred_wrong:35165 actu_right: 1061710 actu_wrong: 34490
2026-07-20 06:58:33,942 P1539477 INFO pr:0.8913  rc:0.9090  auc:0.9984 ap:0.9823 f1: 0.9000 pred_right: 454698 pred_wrong:15102 actu_right: 454992 actu_wrong: 14808
2026-07-20 06:58:33,946 P1539477 INFO ----------------------------------------------------------------------------------------------------
2026-07-20 06:58:33,946 P1539477 INFO 25/50 starting... lr: 0.001 para:0.03846153989434242
2026-07-20 06:58:52,300 P1539477 INFO Epoch 25/50, all_loss:0.79463 cls_loss:0.79059 rec_loss:0.89583 [18.35s]; best loss:0.79463, patience : 0
2026-07-20 06:59:01,840 P1539477 INFO pr:0.9188  rc:0.8384  auc:0.9984 ap:0.9818 f1: 0.8768 pred_right: 1064730 pred_wrong:31470 actu_right: 1061711 actu_wrong: 34489
2026-07-20 06:59:05,534 P1539477 INFO pr:0.9186  rc:0.8379  auc:0.9984 ap:0.9814 f1: 0.8764 pred_right: 456293 pred_wrong:13507 actu_right: 454992 actu_wrong: 14808
2026-07-20 06:59:05,534 P1539477 INFO ----------------------------------------------------------------------------------------------------
2026-07-20 06:59:05,534 P1539477 INFO 26/50 starting... lr: 0.001 para:0.03703703731298447
2026-07-20 06:59:30,994 P1539477 INFO Epoch 26/50, all_loss:0.78157 cls_loss:0.77709 rec_loss:0.89798 [25.46s]; best loss:0.78157, patience : 0
2026-07-20 06:59:40,662 P1539477 INFO pr:0.8843  rc:0.9267  auc:0.9986 ap:0.9824 f1: 0.9050 pred_right: 1060063 pred_wrong:36137 actu_right: 1061714 actu_wrong: 34486
2026-07-20 06:59:44,656 P1539477 INFO pr:0.8864  rc:0.9261  auc:0.9986 ap:0.9821 f1: 0.9058 pred_right: 454328 pred_wrong:15472 actu_right: 454992 actu_wrong: 14808
2026-07-20 06:59:44,661 P1539477 INFO ----------------------------------------------------------------------------------------------------
2026-07-20 06:59:44,661 P1539477 INFO 27/50 starting... lr: 0.001 para:0.0357142873108387
2026-07-20 07:00:02,685 P1539477 INFO Epoch 27/50, all_loss:0.76704 cls_loss:0.76177 rec_loss:0.90934 [18.02s]; best loss:0.76704, patience : 0
2026-07-20 07:00:12,334 P1539477 INFO pr:0.8927  rc:0.9247  auc:0.9987 ap:0.9837 f1: 0.9084 pred_right: 1060465 pred_wrong:35735 actu_right: 1061704 actu_wrong: 34496
2026-07-20 07:00:16,502 P1539477 INFO pr:0.8931  rc:0.9234  auc:0.9986 ap:0.9832 f1: 0.9080 pred_right: 454490 pred_wrong:15310 actu_right: 454992 actu_wrong: 14808
2026-07-20 07:00:16,506 P1539477 INFO ----------------------------------------------------------------------------------------------------
2026-07-20 07:00:16,506 P1539477 INFO 28/50 starting... lr: 0.001 para:0.03448275849223137
2026-07-20 07:00:35,388 P1539477 INFO Epoch 28/50, all_loss:0.77331 cls_loss:0.76776 rec_loss:0.92887 [18.88s]; best loss:0.76704, patience : 1
2026-07-20 07:00:44,086 P1539477 INFO pr:0.9080  rc:0.8578  auc:0.9986 ap:0.9816 f1: 0.8822 pred_right: 1063618 pred_wrong:32582 actu_right: 1061711 actu_wrong: 34489
2026-07-20 07:00:50,385 P1539477 INFO pr:0.9104  rc:0.8486  auc:0.9985 ap:0.9814 f1: 0.8784 pred_right: 455998 pred_wrong:13802 actu_right: 454992 actu_wrong: 14808
2026-07-20 07:00:50,387 P1539477 INFO ----------------------------------------------------------------------------------------------------
2026-07-20 07:00:50,388 P1539477 INFO 29/50 starting... lr: 0.001 para:0.03333333507180214
2026-07-20 07:01:14,105 P1539477 INFO Epoch 29/50, all_loss:0.73742 cls_loss:0.73084 rec_loss:0.92804 [23.71s]; best loss:0.73742, patience : 0
2026-07-20 07:01:23,840 P1539477 INFO pr:0.9219  rc:0.8687  auc:0.9987 ap:0.9833 f1: 0.8945 pred_right: 1063702 pred_wrong:32498 actu_right: 1061710 actu_wrong: 34490
2026-07-20 07:01:27,850 P1539477 INFO pr:0.9219  rc:0.8655  auc:0.9986 ap:0.9835 f1: 0.8928 pred_right: 455897 pred_wrong:13903 actu_right: 454992 actu_wrong: 14808
2026-07-20 07:01:27,850 P1539477 INFO ----------------------------------------------------------------------------------------------------
2026-07-20 07:01:27,851 P1539477 INFO 30/50 starting... lr: 0.001 para:0.032258063554763794
2026-07-20 07:01:46,190 P1539477 INFO Epoch 30/50, all_loss:0.71048 cls_loss:0.70286 rec_loss:0.93909 [18.33s]; best loss:0.71048, patience : 0
2026-07-20 07:01:55,796 P1539477 INFO pr:0.8917  rc:0.9124  auc:0.9987 ap:0.9831 f1: 0.9019 pred_right: 1060908 pred_wrong:35292 actu_right: 1061709 actu_wrong: 34491
2026-07-20 07:01:59,701 P1539477 INFO pr:0.8919  rc:0.9102  auc:0.9986 ap:0.9827 f1: 0.9010 pred_right: 454689 pred_wrong:15111 actu_right: 454992 actu_wrong: 14808
2026-07-20 07:01:59,702 P1539477 INFO ----------------------------------------------------------------------------------------------------
2026-07-20 07:01:59,702 P1539477 INFO 31/50 starting... lr: 0.001 para:0.03125
2026-07-20 07:02:17,707 P1539477 INFO Epoch 31/50, all_loss:0.69215 cls_loss:0.68381 rec_loss:0.95064 [18.00s]; best loss:0.69215, patience : 0
2026-07-20 07:02:33,904 P1539477 INFO pr:0.8973  rc:0.9205  auc:0.9985 ap:0.9850 f1: 0.9088 pred_right: 1060817 pred_wrong:35383 actu_right: 1061709 actu_wrong: 34491
2026-07-20 07:02:39,461 P1539477 INFO pr:0.8969  rc:0.9193  auc:0.9986 ap:0.9846 f1: 0.9080 pred_right: 454623 pred_wrong:15177 actu_right: 454992 actu_wrong: 14808
2026-07-20 07:02:39,466 P1539477 INFO ----------------------------------------------------------------------------------------------------
2026-07-20 07:02:39,466 P1539477 INFO 32/50 starting... lr: 0.001 para:0.03030303120613098
2026-07-20 07:02:58,225 P1539477 INFO Epoch 32/50, all_loss:0.67990 cls_loss:0.67062 rec_loss:0.97711 [18.75s]; best loss:0.67990, patience : 0
2026-07-20 07:03:08,313 P1539477 INFO pr:0.8982  rc:0.9314  auc:0.9989 ap:0.9858 f1: 0.9145 pred_right: 1060437 pred_wrong:35763 actu_right: 1061712 actu_wrong: 34488
2026-07-20 07:03:12,510 P1539477 INFO pr:0.8976  rc:0.9313  auc:0.9988 ap:0.9848 f1: 0.9141 pred_right: 454435 pred_wrong:15365 actu_right: 454992 actu_wrong: 14808
2026-07-20 07:03:12,518 P1539477 INFO ----------------------------------------------------------------------------------------------------
2026-07-20 07:03:12,518 P1539477 INFO 33/50 starting... lr: 0.001 para:0.029411764815449715
2026-07-20 07:03:31,042 P1539477 INFO Epoch 33/50, all_loss:0.66885 cls_loss:0.65961 rec_loss:0.97364 [18.52s]; best loss:0.66885, patience : 0
2026-07-20 07:03:40,710 P1539477 INFO pr:0.9295  rc:0.8501  auc:0.9987 ap:0.9843 f1: 0.8880 pred_right: 1064658 pred_wrong:31542 actu_right: 1061711 actu_wrong: 34489
2026-07-20 07:03:46,433 P1539477 INFO pr:0.9297  rc:0.8530  auc:0.9985 ap:0.9839 f1: 0.8897 pred_right: 456214 pred_wrong:13586 actu_right: 454992 actu_wrong: 14808
2026-07-20 07:03:46,434 P1539477 INFO ----------------------------------------------------------------------------------------------------
2026-07-20 07:03:46,434 P1539477 INFO 34/50 starting... lr: 0.001 para:0.02857142873108387
2026-07-20 07:04:07,586 P1539477 INFO Epoch 34/50, all_loss:0.68854 cls_loss:0.68026 rec_loss:0.97020 [21.15s]; best loss:0.66885, patience : 1
2026-07-20 07:04:20,609 P1539477 INFO pr:0.9033  rc:0.9151  auc:0.9989 ap:0.9857 f1: 0.9091 pred_right: 1061259 pred_wrong:34941 actu_right: 1061711 actu_wrong: 34489
2026-07-20 07:04:25,108 P1539477 INFO pr:0.9041  rc:0.9137  auc:0.9988 ap:0.9851 f1: 0.9089 pred_right: 454835 pred_wrong:14965 actu_right: 454992 actu_wrong: 14808
2026-07-20 07:04:25,109 P1539477 INFO ----------------------------------------------------------------------------------------------------
2026-07-20 07:04:25,109 P1539477 INFO 35/50 starting... lr: 0.001 para:0.02777777798473835
2026-07-20 07:04:43,517 P1539477 INFO Epoch 35/50, all_loss:0.66197 cls_loss:0.65282 rec_loss:0.98196 [18.40s]; best loss:0.66197, patience : 0
2026-07-20 07:04:53,901 P1539477 INFO pr:0.9213  rc:0.8699  auc:0.9987 ap:0.9840 f1: 0.8949 pred_right: 1063635 pred_wrong:32565 actu_right: 1061710 actu_wrong: 34490
2026-07-20 07:04:57,991 P1539477 INFO pr:0.9209  rc:0.8674  auc:0.9986 ap:0.9834 f1: 0.8933 pred_right: 455851 pred_wrong:13949 actu_right: 454992 actu_wrong: 14808
2026-07-20 07:04:57,992 P1539477 INFO ----------------------------------------------------------------------------------------------------
2026-07-20 07:04:57,992 P1539477 INFO 36/50 starting... lr: 0.001 para:0.027027027681469917
2026-07-20 07:05:16,409 P1539477 INFO Epoch 36/50, all_loss:0.64656 cls_loss:0.63714 rec_loss:0.98565 [18.41s]; best loss:0.64656, patience : 0
2026-07-20 07:05:27,250 P1539477 INFO pr:0.9009  rc:0.9093  auc:0.9990 ap:0.9860 f1: 0.9051 pred_right: 1061389 pred_wrong:34811 actu_right: 1061710 actu_wrong: 34490
2026-07-20 07:05:30,759 P1539477 INFO pr:0.8993  rc:0.9099  auc:0.9989 ap:0.9850 f1: 0.9046 pred_right: 454818 pred_wrong:14982 actu_right: 454992 actu_wrong: 14808
2026-07-20 07:05:30,760 P1539477 INFO ----------------------------------------------------------------------------------------------------
2026-07-20 07:05:30,760 P1539477 INFO 37/50 starting... lr: 0.001 para:0.02631578966975212
2026-07-20 07:05:55,956 P1539477 INFO Epoch 37/50, all_loss:0.63307 cls_loss:0.62312 rec_loss:1.00090 [25.19s]; best loss:0.63307, patience : 0
2026-07-20 07:06:05,820 P1539477 INFO pr:0.9220  rc:0.8765  auc:0.9989 ap:0.9858 f1: 0.8986 pred_right: 1063413 pred_wrong:32787 actu_right: 1061712 actu_wrong: 34488
2026-07-20 07:06:09,949 P1539477 INFO pr:0.9216  rc:0.8790  auc:0.9988 ap:0.9849 f1: 0.8998 pred_right: 455677 pred_wrong:14123 actu_right: 454992 actu_wrong: 14808
2026-07-20 07:06:09,950 P1539477 INFO ----------------------------------------------------------------------------------------------------
2026-07-20 07:06:09,950 P1539477 INFO 38/50 starting... lr: 0.001 para:0.025641025975346565
2026-07-20 07:06:28,461 P1539477 INFO Epoch 38/50, all_loss:0.63223 cls_loss:0.62228 rec_loss:1.01047 [18.51s]; best loss:0.63223, patience : 0
2026-07-20 07:06:38,763 P1539477 INFO pr:0.9092  rc:0.9339  auc:0.9992 ap:0.9892 f1: 0.9214 pred_right: 1060777 pred_wrong:35423 actu_right: 1061714 actu_wrong: 34486
2026-07-20 07:06:43,084 P1539477 INFO pr:0.9103  rc:0.9348  auc:0.9991 ap:0.9885 f1: 0.9224 pred_right: 454593 pred_wrong:15207 actu_right: 454992 actu_wrong: 14808
2026-07-20 07:06:43,089 P1539477 INFO ----------------------------------------------------------------------------------------------------
2026-07-20 07:06:43,089 P1539477 INFO 39/50 starting... lr: 0.001 para:0.02500000037252903
2026-07-20 07:07:02,115 P1539477 INFO Epoch 39/50, all_loss:0.62227 cls_loss:0.61235 rec_loss:1.00910 [19.02s]; best loss:0.62227, patience : 0
2026-07-20 07:07:10,568 P1539477 INFO pr:0.9198  rc:0.8959  auc:0.9990 ap:0.9873 f1: 0.9077 pred_right: 1062603 pred_wrong:33597 actu_right: 1061707 actu_wrong: 34493
2026-07-20 07:07:15,748 P1539477 INFO pr:0.9199  rc:0.8957  auc:0.9989 ap:0.9868 f1: 0.9076 pred_right: 455382 pred_wrong:14418 actu_right: 454992 actu_wrong: 14808
2026-07-20 07:07:15,750 P1539477 INFO ----------------------------------------------------------------------------------------------------
2026-07-20 07:07:15,751 P1539477 INFO 40/50 starting... lr: 0.001 para:0.024390242993831635
2026-07-20 07:07:40,295 P1539477 INFO Epoch 40/50, all_loss:0.60013 cls_loss:0.58945 rec_loss:1.02730 [24.54s]; best loss:0.60013, patience : 0
2026-07-20 07:07:49,945 P1539477 INFO pr:0.9289  rc:0.8686  auc:0.9986 ap:0.9867 f1: 0.8977 pred_right: 1063950 pred_wrong:32250 actu_right: 1061711 actu_wrong: 34489
2026-07-20 07:07:54,250 P1539477 INFO pr:0.9290  rc:0.8670  auc:0.9980 ap:0.9854 f1: 0.8970 pred_right: 455980 pred_wrong:13820 actu_right: 454992 actu_wrong: 14808
2026-07-20 07:07:54,251 P1539477 INFO ----------------------------------------------------------------------------------------------------
2026-07-20 07:07:54,251 P1539477 INFO 41/50 starting... lr: 0.001 para:0.02380952425301075
2026-07-20 07:08:12,590 P1539477 INFO Epoch 41/50, all_loss:0.59017 cls_loss:0.57934 rec_loss:1.03423 [18.33s]; best loss:0.59017, patience : 0
2026-07-20 07:08:22,138 P1539477 INFO pr:0.9174  rc:0.9149  auc:0.9991 ap:0.9886 f1: 0.9161 pred_right: 1061810 pred_wrong:34390 actu_right: 1061714 actu_wrong: 34486
2026-07-20 07:08:26,118 P1539477 INFO pr:0.9150  rc:0.9123  auc:0.9990 ap:0.9877 f1: 0.9137 pred_right: 455035 pred_wrong:14765 actu_right: 454992 actu_wrong: 14808
2026-07-20 07:08:26,119 P1539477 INFO ----------------------------------------------------------------------------------------------------
2026-07-20 07:08:26,119 P1539477 INFO 42/50 starting... lr: 0.001 para:0.023255813866853714
2026-07-20 07:08:43,970 P1539477 INFO Epoch 42/50, all_loss:0.58181 cls_loss:0.57090 rec_loss:1.03988 [17.85s]; best loss:0.58181, patience : 0
2026-07-20 07:09:00,752 P1539477 INFO pr:0.9139  rc:0.9280  auc:0.9987 ap:0.9882 f1: 0.9209 pred_right: 1061178 pred_wrong:35022 actu_right: 1061710 actu_wrong: 34490
2026-07-20 07:09:05,496 P1539477 INFO pr:0.9144  rc:0.9274  auc:0.9987 ap:0.9878 f1: 0.9209 pred_right: 454782 pred_wrong:15018 actu_right: 454992 actu_wrong: 14808
2026-07-20 07:09:05,497 P1539477 INFO ----------------------------------------------------------------------------------------------------
2026-07-20 07:09:05,498 P1539477 INFO 43/50 starting... lr: 0.001 para:0.022727273404598236
2026-07-20 07:09:23,965 P1539477 INFO Epoch 43/50, all_loss:0.57089 cls_loss:0.55985 rec_loss:1.04551 [18.46s]; best loss:0.57089, patience : 0
2026-07-20 07:09:33,381 P1539477 INFO pr:0.9374  rc:0.8725  auc:0.9991 ap:0.9875 f1: 0.9038 pred_right: 1064103 pred_wrong:32097 actu_right: 1061713 actu_wrong: 34487
2026-07-20 07:09:37,309 P1539477 INFO pr:0.9366  rc:0.8697  auc:0.9990 ap:0.9869 f1: 0.9019 pred_right: 456051 pred_wrong:13749 actu_right: 454992 actu_wrong: 14808
2026-07-20 07:09:37,310 P1539477 INFO ----------------------------------------------------------------------------------------------------
2026-07-20 07:09:37,310 P1539477 INFO 44/50 starting... lr: 0.001 para:0.02222222276031971
2026-07-20 07:09:55,391 P1539477 INFO Epoch 44/50, all_loss:0.57870 cls_loss:0.56788 rec_loss:1.05473 [18.08s]; best loss:0.57089, patience : 1
2026-07-20 07:10:05,318 P1539477 INFO pr:0.9193  rc:0.9356  auc:0.9992 ap:0.9902 f1: 0.9274 pred_right: 1061100 pred_wrong:35100 actu_right: 1061713 actu_wrong: 34487
2026-07-20 07:10:09,704 P1539477 INFO pr:0.9168  rc:0.9342  auc:0.9992 ap:0.9891 f1: 0.9254 pred_right: 454711 pred_wrong:15089 actu_right: 454992 actu_wrong: 14808
2026-07-20 07:10:09,710 P1539477 INFO ----------------------------------------------------------------------------------------------------
2026-07-20 07:10:09,710 P1539477 INFO 45/50 starting... lr: 0.001 para:0.021739130839705467
2026-07-20 07:10:30,187 P1539477 INFO Epoch 45/50, all_loss:0.57517 cls_loss:0.56480 rec_loss:1.04167 [20.48s]; best loss:0.57089, patience : 1
2026-07-20 07:10:44,792 P1539477 INFO pr:0.9086  rc:0.9358  auc:0.9990 ap:0.9885 f1: 0.9220 pred_right: 1060684 pred_wrong:35516 actu_right: 1061715 actu_wrong: 34485
2026-07-20 07:10:48,783 P1539477 INFO pr:0.9056  rc:0.9344  auc:0.9989 ap:0.9877 f1: 0.9197 pred_right: 454521 pred_wrong:15279 actu_right: 454992 actu_wrong: 14808
2026-07-20 07:10:48,784 P1539477 INFO ----------------------------------------------------------------------------------------------------
2026-07-20 07:10:48,784 P1539477 INFO 46/50 starting... lr: 0.001 para:0.021276595070958138
2026-07-20 07:11:06,716 P1539477 INFO Epoch 46/50, all_loss:0.56757 cls_loss:0.55727 rec_loss:1.04138 [17.93s]; best loss:0.56757, patience : 0
2026-07-20 07:11:16,244 P1539477 INFO pr:0.9261  rc:0.9062  auc:0.9992 ap:0.9892 f1: 0.9160 pred_right: 1062447 pred_wrong:33753 actu_right: 1061707 actu_wrong: 34493
2026-07-20 07:11:20,237 P1539477 INFO pr:0.9252  rc:0.9073  auc:0.9990 ap:0.9883 f1: 0.9162 pred_right: 455278 pred_wrong:14522 actu_right: 454992 actu_wrong: 14808
2026-07-20 07:11:20,238 P1539477 INFO ----------------------------------------------------------------------------------------------------
2026-07-20 07:11:20,238 P1539477 INFO 47/50 starting... lr: 0.001 para:0.02083333395421505
2026-07-20 07:11:38,641 P1539477 INFO Epoch 47/50, all_loss:0.55981 cls_loss:0.54921 rec_loss:1.05804 [18.40s]; best loss:0.55981, patience : 0
2026-07-20 07:11:50,155 P1539477 INFO pr:0.9255  rc:0.9214  auc:0.9992 ap:0.9890 f1: 0.9235 pred_right: 1061870 pred_wrong:34330 actu_right: 1061717 actu_wrong: 34483
2026-07-20 07:11:53,398 P1539477 INFO pr:0.9242  rc:0.9212  auc:0.9990 ap:0.9888 f1: 0.9227 pred_right: 455040 pred_wrong:14760 actu_right: 454992 actu_wrong: 14808
2026-07-20 07:11:53,399 P1539477 INFO ----------------------------------------------------------------------------------------------------
2026-07-20 07:11:53,399 P1539477 INFO 48/50 starting... lr: 0.001 para:0.020408162847161293
2026-07-20 07:12:17,933 P1539477 INFO Epoch 48/50, all_loss:0.54724 cls_loss:0.53639 rec_loss:1.06782 [24.53s]; best loss:0.54724, patience : 0
2026-07-20 07:12:27,820 P1539477 INFO pr:0.9200  rc:0.9353  auc:0.9993 ap:0.9902 f1: 0.9276 pred_right: 1061143 pred_wrong:35057 actu_right: 1061713 actu_wrong: 34487
2026-07-20 07:12:31,775 P1539477 INFO pr:0.9188  rc:0.9342  auc:0.9992 ap:0.9897 f1: 0.9264 pred_right: 454744 pred_wrong:15056 actu_right: 454992 actu_wrong: 14808
2026-07-20 07:12:31,779 P1539477 INFO ----------------------------------------------------------------------------------------------------
2026-07-20 07:12:31,783 P1539477 INFO 49/50 starting... lr: 0.001 para:0.019999999552965164
2026-07-20 07:12:50,073 P1539477 INFO Epoch 49/50, all_loss:0.53105 cls_loss:0.51952 rec_loss:1.09604 [18.29s]; best loss:0.53105, patience : 0
2026-07-20 07:13:00,807 P1539477 INFO pr:0.9058  rc:0.9453  auc:0.9992 ap:0.9879 f1: 0.9252 pred_right: 1060208 pred_wrong:35992 actu_right: 1061712 actu_wrong: 34488
2026-07-20 07:13:04,878 P1539477 INFO pr:0.9051  rc:0.9437  auc:0.9990 ap:0.9872 f1: 0.9240 pred_right: 454360 pred_wrong:15440 actu_right: 454992 actu_wrong: 14808
2026-07-20 07:13:04,878 P1539477 INFO saving model...
2026-07-20 07:13:04,878 P1539477 INFO FITS_Legendre - loss  best score:0.5310500264167786 at epoch 49
2026-07-20 07:13:04,884 P1539477 INFO FITS_Legendre - f1  best score:0.9275854135511331 at epoch 48
2026-07-20 07:13:04,888 P1539477 INFO Average training time per epoch: 19.83 seconds
2026-07-20 07:13:04,889 P1539477 INFO calculate scores...
2026-07-20 07:13:04,889 P1539477 INFO calculate label with loss...
2026-07-20 07:13:04,889 P1539477 INFO FITS_Legendre on ./result/server_only_exps/Basis_updatedFreDF/FITS_Legendre-TT-Epochs50-Seed1-ExpNameRQ2_basis_comparison-BasisTypechebyshev-lowshow-simplegraph loading...
2026-07-20 07:13:09,468 P1539477 INFO pr:0.9051  rc:0.9437  auc:0.9990 ap:0.9872 f1: 0.9240 pred_right: 454360 pred_wrong:15440 actu_right: 454992 actu_wrong: 14808
2026-07-20 07:13:17,828 P1539477 INFO pr:0.9051  rc:0.9437  auc:0.9990 ap:0.9872 f1: 0.9240 pred_right: 454360 pred_wrong:15440 actu_right: 454992 actu_wrong: 14808
2026-07-20 07:13:17,828 P1539477 INFO Performance Summary:
{'GPU': {'inference_time_per_sample_ms': 0.22987794930844574, 'throughput_samples_per_sec': 4350.134508370003, 'peak_memory_mb': 87.591796875, 'energy_per_sample_joules': 0.012071580752034412}, 'CPU': {'inference_time_per_sample_ms': 0.44755693418150244, 'throughput_samples_per_sec': 2234.3526010356923, 'peak_memory_mb': 5918.87109375, 'energy_per_sample_joules': 0.029091200721797657}}
2026-07-20 07:13:17,829 P1539477 INFO Starting clean-room hardware benchmarking...
2026-07-20 07:13:18,675 P1539477 INFO Performance with loss: pr:0.9051  rc:0.9437  auc:0.9990 ap:0.9872 f1: 0.9240 pred_right: 454360 pred_wrong:15440 actu_right: 454992 actu_wrong: 14808
2026-07-20 07:13:18,676 P1539477 INFO calculate label with f1...
2026-07-20 07:13:18,676 P1539477 INFO FITS_Legendre on ./result/server_only_exps/Basis_updatedFreDF/FITS_Legendre-TT-Epochs50-Seed1-ExpNameRQ2_basis_comparison-BasisTypechebyshev-lowshow-simplegraph loading...
2026-07-20 07:13:22,950 P1539477 INFO pr:0.9188  rc:0.9342  auc:0.9992 ap:0.9897 f1: 0.9264 pred_right: 454744 pred_wrong:15056 actu_right: 454992 actu_wrong: 14808
2026-07-20 07:13:31,227 P1539477 INFO pr:0.9188  rc:0.9342  auc:0.9992 ap:0.9897 f1: 0.9264 pred_right: 454744 pred_wrong:15056 actu_right: 454992 actu_wrong: 14808
2026-07-20 07:13:31,228 P1539477 INFO Performance Summary:
{'GPU': {'inference_time_per_sample_ms': 0.21191162389674226, 'throughput_samples_per_sec': 4718.948312562919, 'peak_memory_mb': 87.087890625, 'energy_per_sample_joules': 0.011441744309056806}, 'CPU': {'inference_time_per_sample_ms': 0.4442003372752981, 'throughput_samples_per_sec': 2251.2364716648985, 'peak_memory_mb': 5407.859375, 'energy_per_sample_joules': 0.028873021922894378}}
2026-07-20 07:13:31,228 P1539477 INFO Starting clean-room hardware benchmarking...
2026-07-20 07:13:31,868 P1539477 INFO Performance with f1: pr:0.9188  rc:0.9342  auc:0.9992 ap:0.9897 f1: 0.9264 pred_right: 454744 pred_wrong:15056 actu_right: 454992 actu_wrong: 14808
