2026-09-14 06:32:16,658 P2465774 INFO ---- Model: ----MSTGAD-c5965f97----random_seed : 2----req_loss_approach : Legendre-style----rec_lambda : 1.0----auxi_lambda : 0.2----Freq Domain : FITS_Legendre----Multi Fits : false----train : True----evaluate : False
2026-09-14 06:32:16,659 P2465774 INFO Load from /home/db2003/Desktop/Amr/Tests/Eadro/codes/chunks/TT
2026-09-14 06:32:31,416 P2465774 INFO Fewshot: training with 1.0 of the 70% of the data
2026-09-14 06:32:31,515 P2465774 INFO Trainable Parameters Breakdown:
2026-09-14 06:32:31,515 P2465774 INFO --------------------------------------------------------------------------------
2026-09-14 06:32:31,515 P2465774 INFO Reconstruction-Specific Parameters:
2026-09-14 06:32:31,515 P2465774 INFO node_emb.linear.weight                   | shape: (8, 7)                    | params: 56
2026-09-14 06:32:31,515 P2465774 INFO node_emb.linear.bias                     | shape: (8,)                      | params: 8
2026-09-14 06:32:31,515 P2465774 INFO log_emb.linear.weight                    | shape: (32, 60)                  | params: 1,920
2026-09-14 06:32:31,515 P2465774 INFO log_emb.linear.bias                      | shape: (32,)                     | params: 32
2026-09-14 06:32:31,516 P2465774 INFO egde_emb.linear.weight                   | shape: (8, 2)                    | params: 16
2026-09-14 06:32:31,516 P2465774 INFO egde_emb.linear.bias                     | shape: (8,)                      | params: 8
2026-09-14 06:32:31,516 P2465774 INFO dense_node.weight                        | shape: (7, 8)                    | params: 56
2026-09-14 06:32:31,516 P2465774 INFO dense_node.bias                          | shape: (7,)                      | params: 7
2026-09-14 06:32:31,516 P2465774 INFO dense_log.weight                         | shape: (60, 32)                  | params: 1,920
2026-09-14 06:32:31,516 P2465774 INFO dense_log.bias                           | shape: (60,)                     | params: 60
2026-09-14 06:32:31,516 P2465774 INFO dense_edge.weight                        | shape: (2, 8)                    | params: 16
2026-09-14 06:32:31,516 P2465774 INFO dense_edge.bias                          | shape: (2,)                      | params: 2
2026-09-14 06:32:31,516 P2465774 INFO linear_attn.Wq.weight                    | shape: (10, 10)                  | params: 100
2026-09-14 06:32:31,516 P2465774 INFO linear_attn.Wk.weight                    | shape: (10, 10)                  | params: 100
2026-09-14 06:32:31,516 P2465774 INFO linear_attn.Wv.weight                    | shape: (10, 10)                  | params: 100
2026-09-14 06:32:31,516 P2465774 INFO linear_attn.out.weight                   | shape: (10, 10)                  | params: 100
2026-09-14 06:32:31,516 P2465774 INFO linear_attn.out.bias                     | shape: (10,)                     | params: 10
2026-09-14 06:32:31,516 P2465774 INFO linear_attn.norm.weight                  | shape: (10,)                     | params: 10
2026-09-14 06:32:31,516 P2465774 INFO linear_attn.norm.bias                    | shape: (10,)                     | params: 10
2026-09-14 06:32:31,516 P2465774 INFO shared_fits.normlin_W                    | shape: (7, 7)                    | params: 49
2026-09-14 06:32:31,516 P2465774 INFO shared_fits.freq_upsampler.weight        | shape: (7, 7)                    | params: 49
2026-09-14 06:32:31,516 P2465774 INFO shared_fits.freq_upsampler.bias          | shape: (7,)                      | params: 7
2026-09-14 06:32:31,517 P2465774 INFO modality_proj.node.weight                | shape: (10, 8)                   | params: 80
2026-09-14 06:32:31,517 P2465774 INFO modality_proj.node.bias                  | shape: (10,)                     | params: 10
2026-09-14 06:32:31,517 P2465774 INFO modality_proj.log.weight                 | shape: (10, 32)                  | params: 320
2026-09-14 06:32:31,517 P2465774 INFO modality_proj.log.bias                   | shape: (10,)                     | params: 10
2026-09-14 06:32:31,517 P2465774 INFO modality_proj.edge.weight                | shape: (10, 8)                   | params: 80
2026-09-14 06:32:31,517 P2465774 INFO modality_proj.edge.bias                  | shape: (10,)                     | params: 10
2026-09-14 06:32:31,517 P2465774 INFO modality_proj_out.node.weight            | shape: (8, 10)                   | params: 80
2026-09-14 06:32:31,517 P2465774 INFO modality_proj_out.node.bias              | shape: (8,)                      | params: 8
2026-09-14 06:32:31,517 P2465774 INFO modality_proj_out.log.weight             | shape: (32, 10)                  | params: 320
2026-09-14 06:32:31,517 P2465774 INFO modality_proj_out.log.bias               | shape: (32,)                     | params: 32
2026-09-14 06:32:31,517 P2465774 INFO modality_proj_out.edge.weight            | shape: (8, 10)                   | params: 80
2026-09-14 06:32:31,517 P2465774 INFO modality_proj_out.edge.bias              | shape: (8,)                      | params: 8
2026-09-14 06:32:31,517 P2465774 INFO Subtotal: 5,674
2026-09-14 06:32:31,517 P2465774 INFO --------------------------------------------------------------------------------
2026-09-14 06:32:31,517 P2465774 INFO Common Parameters:
2026-09-14 06:32:31,517 P2465774 INFO show.0.weight                            | shape: (128, 69)                 | params: 8,832
2026-09-14 06:32:31,517 P2465774 INFO show.0.bias                              | shape: (128,)                    | params: 128
2026-09-14 06:32:31,517 P2465774 INFO show.2.weight                            | shape: (2, 128)                  | params: 256
2026-09-14 06:32:31,517 P2465774 INFO show.2.bias                              | shape: (2,)                      | params: 2
2026-09-14 06:32:31,518 P2465774 INFO Subtotal: 9,218
2026-09-14 06:32:31,518 P2465774 INFO --------------------------------------------------------------------------------
2026-09-14 06:32:31,518 P2465774 INFO Total Trainable Parameters: 14,892

2026-09-14 06:32:31,518 P2465774 INFO Trainable Parameters: 14892, reconstruction: 5674, common: 9218
2026-09-14 06:32:31,518 P2465774 INFO model : init weight
2026-09-14 06:32:31,518 P2465774 INFO Using GPU...
2026-09-14 06:32:31,525 P2465774 INFO optimizer : using AdaBelief
2026-09-14 06:32:31,525 P2465774 INFO ----------------------------------------------------------------------------------------------------
2026-09-14 06:32:31,525 P2465774 INFO 0/50 starting... lr: 0.001 para:1.0
2026-09-14 06:33:02,938 P2465774 INFO Epoch 0/50, all_loss:0.07923 cls_loss:44.32322 rec_loss:0.07923 [31.41s]; best loss:0.07923, patience : 0
2026-09-14 06:33:02,939 P2465774 INFO ----------------------------------------------------------------------------------------------------
2026-09-14 06:33:02,939 P2465774 INFO 1/50 starting... lr: 0.001 para:0.5
2026-09-14 06:33:43,214 P2465774 INFO Epoch 1/50, all_loss:2.06235 cls_loss:3.87840 rec_loss:0.24630 [40.27s]; best loss:2.06235, patience : 0
2026-09-14 06:33:43,215 P2465774 INFO ----------------------------------------------------------------------------------------------------
2026-09-14 06:33:43,215 P2465774 INFO 2/50 starting... lr: 0.001 para:0.3333333432674408
2026-09-14 06:34:15,047 P2465774 INFO Epoch 2/50, all_loss:1.38635 cls_loss:1.94211 rec_loss:0.27485 [31.83s]; best loss:1.38635, patience : 0
2026-09-14 06:34:31,000 P2465774 INFO pr:0.8516  rc:0.6124  auc:0.9910 ap:0.9217 f1: 0.7125 pred_right: 1071401 pred_wrong:24799 actu_right: 1061715 actu_wrong: 34485
2026-09-14 06:34:37,361 P2465774 INFO pr:0.8600  rc:0.6172  auc:0.9911 ap:0.9229 f1: 0.7187 pred_right: 459172 pred_wrong:10628 actu_right: 454992 actu_wrong: 14808
2026-09-14 06:34:37,366 P2465774 INFO ----------------------------------------------------------------------------------------------------
2026-09-14 06:34:37,366 P2465774 INFO 3/50 starting... lr: 0.001 para:0.25
2026-09-14 06:35:09,496 P2465774 INFO Epoch 3/50, all_loss:1.36717 cls_loss:1.72353 rec_loss:0.29808 [32.12s]; best loss:1.36717, patience : 0
2026-09-14 06:35:38,469 P2465774 INFO pr:0.8455  rc:0.6416  auc:0.9932 ap:0.9303 f1: 0.7296 pred_right: 1070027 pred_wrong:26173 actu_right: 1061709 actu_wrong: 34491
2026-09-14 06:35:45,198 P2465774 INFO pr:0.8485  rc:0.6430  auc:0.9931 ap:0.9309 f1: 0.7316 pred_right: 458579 pred_wrong:11221 actu_right: 454992 actu_wrong: 14808
2026-09-14 06:35:45,203 P2465774 INFO ----------------------------------------------------------------------------------------------------
2026-09-14 06:35:45,203 P2465774 INFO 4/50 starting... lr: 0.001 para:0.20000000298023224
2026-09-14 06:36:16,831 P2465774 INFO Epoch 4/50, all_loss:1.33394 cls_loss:1.58298 rec_loss:0.33777 [31.62s]; best loss:1.33394, patience : 0
2026-09-14 06:36:33,360 P2465774 INFO pr:0.9399  rc:0.5488  auc:0.9950 ap:0.9424 f1: 0.6929 pred_right: 1076063 pred_wrong:20137 actu_right: 1061709 actu_wrong: 34491
2026-09-14 06:36:40,925 P2465774 INFO pr:0.9425  rc:0.5502  auc:0.9949 ap:0.9425 f1: 0.6948 pred_right: 461156 pred_wrong:8644 actu_right: 454992 actu_wrong: 14808
2026-09-14 06:36:40,926 P2465774 INFO ----------------------------------------------------------------------------------------------------
2026-09-14 06:36:40,926 P2465774 INFO 5/50 starting... lr: 0.001 para:0.1666666716337204
2026-09-14 06:37:11,661 P2465774 INFO Epoch 5/50, all_loss:1.25944 cls_loss:1.43483 rec_loss:0.38248 [30.73s]; best loss:1.25944, patience : 0
2026-09-14 06:37:40,829 P2465774 INFO pr:0.9229  rc:0.6086  auc:0.9958 ap:0.9508 f1: 0.7335 pred_right: 1073456 pred_wrong:22744 actu_right: 1061710 actu_wrong: 34490
2026-09-14 06:37:47,556 P2465774 INFO pr:0.9261  rc:0.6048  auc:0.9956 ap:0.9505 f1: 0.7317 pred_right: 460129 pred_wrong:9671 actu_right: 454992 actu_wrong: 14808
2026-09-14 06:37:47,562 P2465774 INFO ----------------------------------------------------------------------------------------------------
2026-09-14 06:37:47,562 P2465774 INFO 6/50 starting... lr: 0.001 para:0.1428571492433548
2026-09-14 06:38:20,283 P2465774 INFO Epoch 6/50, all_loss:1.20599 cls_loss:1.33780 rec_loss:0.41514 [32.72s]; best loss:1.20599, patience : 0
2026-09-14 06:38:37,011 P2465774 INFO pr:0.8486  rc:0.7853  auc:0.9968 ap:0.9585 f1: 0.8157 pred_right: 1064284 pred_wrong:31916 actu_right: 1061710 actu_wrong: 34490
2026-09-14 06:38:43,756 P2465774 INFO pr:0.8532  rc:0.7817  auc:0.9968 ap:0.9591 f1: 0.8159 pred_right: 456233 pred_wrong:13567 actu_right: 454992 actu_wrong: 14808
2026-09-14 06:38:43,761 P2465774 INFO ----------------------------------------------------------------------------------------------------
2026-09-14 06:38:43,761 P2465774 INFO 7/50 starting... lr: 0.001 para:0.125
2026-09-14 06:39:14,821 P2465774 INFO Epoch 7/50, all_loss:1.11233 cls_loss:1.20607 rec_loss:0.45614 [31.06s]; best loss:1.11233, patience : 0
2026-09-14 06:39:44,298 P2465774 INFO pr:0.7780  rc:0.9257  auc:0.9972 ap:0.9663 f1: 0.8454 pred_right: 1055168 pred_wrong:41032 actu_right: 1061713 actu_wrong: 34487
2026-09-14 06:39:51,132 P2465774 INFO pr:0.7823  rc:0.9262  auc:0.9972 ap:0.9664 f1: 0.8482 pred_right: 452269 pred_wrong:17531 actu_right: 454992 actu_wrong: 14808
2026-09-14 06:39:51,137 P2465774 INFO ----------------------------------------------------------------------------------------------------
2026-09-14 06:39:51,137 P2465774 INFO 8/50 starting... lr: 0.001 para:0.1111111119389534
2026-09-14 06:40:23,181 P2465774 INFO Epoch 8/50, all_loss:1.04260 cls_loss:1.11003 rec_loss:0.50320 [32.04s]; best loss:1.04260, patience : 0
2026-09-14 06:40:39,624 P2465774 INFO pr:0.9002  rc:0.7966  auc:0.9977 ap:0.9713 f1: 0.8453 pred_right: 1065681 pred_wrong:30519 actu_right: 1061713 actu_wrong: 34487
2026-09-14 06:40:46,856 P2465774 INFO pr:0.9015  rc:0.7958  auc:0.9978 ap:0.9714 f1: 0.8454 pred_right: 456729 pred_wrong:13071 actu_right: 454992 actu_wrong: 14808
2026-09-14 06:40:46,857 P2465774 INFO ----------------------------------------------------------------------------------------------------
2026-09-14 06:40:46,857 P2465774 INFO 9/50 starting... lr: 0.001 para:0.10000000149011612
2026-09-14 06:41:18,709 P2465774 INFO Epoch 9/50, all_loss:0.96129 cls_loss:1.00382 rec_loss:0.57844 [31.85s]; best loss:0.96129, patience : 0
2026-09-14 06:41:47,477 P2465774 INFO pr:0.8867  rc:0.8511  auc:0.9979 ap:0.9727 f1: 0.8685 pred_right: 1063095 pred_wrong:33105 actu_right: 1061709 actu_wrong: 34491
2026-09-14 06:41:54,599 P2465774 INFO pr:0.8915  rc:0.8477  auc:0.9980 ap:0.9735 f1: 0.8691 pred_right: 455719 pred_wrong:14081 actu_right: 454992 actu_wrong: 14808
2026-09-14 06:41:54,604 P2465774 INFO ----------------------------------------------------------------------------------------------------
2026-09-14 06:41:54,605 P2465774 INFO 10/50 starting... lr: 0.001 para:0.09090909361839294
2026-09-14 06:42:27,291 P2465774 INFO Epoch 10/50, all_loss:0.87758 cls_loss:0.90151 rec_loss:0.63825 [32.68s]; best loss:0.87758, patience : 0
2026-09-14 06:42:43,780 P2465774 INFO pr:0.8951  rc:0.8583  auc:0.9983 ap:0.9779 f1: 0.8763 pred_right: 1063128 pred_wrong:33072 actu_right: 1061712 actu_wrong: 34488
2026-09-14 06:42:51,172 P2465774 INFO pr:0.8971  rc:0.8585  auc:0.9983 ap:0.9779 f1: 0.8774 pred_right: 455629 pred_wrong:14171 actu_right: 454992 actu_wrong: 14808
2026-09-14 06:42:51,178 P2465774 INFO ----------------------------------------------------------------------------------------------------
2026-09-14 06:42:51,178 P2465774 INFO 11/50 starting... lr: 0.001 para:0.0833333358168602
2026-09-14 06:43:22,633 P2465774 INFO Epoch 11/50, all_loss:0.82309 cls_loss:0.83484 rec_loss:0.69392 [31.45s]; best loss:0.82309, patience : 0
2026-09-14 06:43:51,986 P2465774 INFO pr:0.8896  rc:0.9099  auc:0.9984 ap:0.9805 f1: 0.8996 pred_right: 1060928 pred_wrong:35272 actu_right: 1061712 actu_wrong: 34488
2026-09-14 06:43:58,847 P2465774 INFO pr:0.8922  rc:0.9085  auc:0.9984 ap:0.9804 f1: 0.9003 pred_right: 454722 pred_wrong:15078 actu_right: 454992 actu_wrong: 14808
2026-09-14 06:43:58,852 P2465774 INFO ----------------------------------------------------------------------------------------------------
2026-09-14 06:43:58,852 P2465774 INFO 12/50 starting... lr: 0.001 para:0.07692307978868484
2026-09-14 06:44:32,280 P2465774 INFO Epoch 12/50, all_loss:0.76007 cls_loss:0.76247 rec_loss:0.73125 [33.42s]; best loss:0.76007, patience : 0
2026-09-14 06:44:50,571 P2465774 INFO pr:0.8940  rc:0.9398  auc:0.9988 ap:0.9844 f1: 0.9163 pred_right: 1059940 pred_wrong:36260 actu_right: 1061706 actu_wrong: 34494
2026-09-14 06:44:58,137 P2465774 INFO pr:0.8975  rc:0.9399  auc:0.9988 ap:0.9844 f1: 0.9182 pred_right: 454293 pred_wrong:15507 actu_right: 454992 actu_wrong: 14808
2026-09-14 06:44:58,142 P2465774 INFO ----------------------------------------------------------------------------------------------------
2026-09-14 06:44:58,143 P2465774 INFO 13/50 starting... lr: 0.001 para:0.0714285746216774
2026-09-14 06:45:31,177 P2465774 INFO Epoch 13/50, all_loss:0.71411 cls_loss:0.71153 rec_loss:0.74768 [33.03s]; best loss:0.71411, patience : 0
2026-09-14 06:46:00,435 P2465774 INFO pr:0.9355  rc:0.8499  auc:0.9988 ap:0.9856 f1: 0.8907 pred_right: 1064867 pred_wrong:31333 actu_right: 1061712 actu_wrong: 34488
2026-09-14 06:46:07,213 P2465774 INFO pr:0.9374  rc:0.8477  auc:0.9988 ap:0.9855 f1: 0.8903 pred_right: 456409 pred_wrong:13391 actu_right: 454992 actu_wrong: 14808
2026-09-14 06:46:07,214 P2465774 INFO ----------------------------------------------------------------------------------------------------
2026-09-14 06:46:07,214 P2465774 INFO 14/50 starting... lr: 0.001 para:0.06666667014360428
2026-09-14 06:46:39,359 P2465774 INFO Epoch 14/50, all_loss:0.69070 cls_loss:0.68542 rec_loss:0.76460 [32.14s]; best loss:0.69070, patience : 0
2026-09-14 06:46:56,191 P2465774 INFO pr:0.9052  rc:0.9290  auc:0.9990 ap:0.9852 f1: 0.9169 pred_right: 1060807 pred_wrong:35393 actu_right: 1061714 actu_wrong: 34486
2026-09-14 06:47:03,047 P2465774 INFO pr:0.9060  rc:0.9269  auc:0.9989 ap:0.9852 f1: 0.9163 pred_right: 454651 pred_wrong:15149 actu_right: 454992 actu_wrong: 14808
2026-09-14 06:47:03,053 P2465774 INFO ----------------------------------------------------------------------------------------------------
2026-09-14 06:47:03,053 P2465774 INFO 15/50 starting... lr: 0.001 para:0.0625
2026-09-14 06:47:34,878 P2465774 INFO Epoch 15/50, all_loss:0.64536 cls_loss:0.63607 rec_loss:0.78464 [31.82s]; best loss:0.64536, patience : 0
2026-09-14 06:48:04,276 P2465774 INFO pr:0.9212  rc:0.8947  auc:0.9991 ap:0.9854 f1: 0.9077 pred_right: 1062706 pred_wrong:33494 actu_right: 1061712 actu_wrong: 34488
2026-09-14 06:48:10,879 P2465774 INFO pr:0.9231  rc:0.8922  auc:0.9991 ap:0.9854 f1: 0.9074 pred_right: 455489 pred_wrong:14311 actu_right: 454992 actu_wrong: 14808
2026-09-14 06:48:10,880 P2465774 INFO ----------------------------------------------------------------------------------------------------
2026-09-14 06:48:10,880 P2465774 INFO 16/50 starting... lr: 0.001 para:0.05882352963089943
2026-09-14 06:48:42,887 P2465774 INFO Epoch 16/50, all_loss:0.63798 cls_loss:0.62850 rec_loss:0.78971 [32.00s]; best loss:0.63798, patience : 0
2026-09-14 06:48:59,593 P2465774 INFO pr:0.8764  rc:0.9737  auc:0.9991 ap:0.9877 f1: 0.9225 pred_right: 1057879 pred_wrong:38321 actu_right: 1061711 actu_wrong: 34489
2026-09-14 06:49:06,648 P2465774 INFO pr:0.8781  rc:0.9722  auc:0.9991 ap:0.9875 f1: 0.9228 pred_right: 453406 pred_wrong:16394 actu_right: 454992 actu_wrong: 14808
2026-09-14 06:49:06,654 P2465774 INFO ----------------------------------------------------------------------------------------------------
2026-09-14 06:49:06,654 P2465774 INFO 17/50 starting... lr: 0.001 para:0.0555555559694767
2026-09-14 06:49:39,781 P2465774 INFO Epoch 17/50, all_loss:0.61367 cls_loss:0.60226 rec_loss:0.80771 [33.12s]; best loss:0.61367, patience : 0
2026-09-14 06:50:09,151 P2465774 INFO pr:0.8744  rc:0.9795  auc:0.9992 ap:0.9886 f1: 0.9240 pred_right: 1057568 pred_wrong:38632 actu_right: 1061712 actu_wrong: 34488
2026-09-14 06:50:15,852 P2465774 INFO pr:0.8775  rc:0.9777  auc:0.9992 ap:0.9885 f1: 0.9249 pred_right: 453301 pred_wrong:16499 actu_right: 454992 actu_wrong: 14808
2026-09-14 06:50:15,857 P2465774 INFO ----------------------------------------------------------------------------------------------------
2026-09-14 06:50:15,857 P2465774 INFO 18/50 starting... lr: 0.001 para:0.05263157933950424
2026-09-14 06:50:47,974 P2465774 INFO Epoch 18/50, all_loss:0.59418 cls_loss:0.58240 rec_loss:0.80630 [32.11s]; best loss:0.59418, patience : 0
2026-09-14 06:51:05,413 P2465774 INFO pr:0.9179  rc:0.9409  auc:0.9989 ap:0.9898 f1: 0.9293 pred_right: 1060847 pred_wrong:35353 actu_right: 1061712 actu_wrong: 34488
2026-09-14 06:51:12,375 P2465774 INFO pr:0.9192  rc:0.9417  auc:0.9990 ap:0.9898 f1: 0.9303 pred_right: 454629 pred_wrong:15171 actu_right: 454992 actu_wrong: 14808
2026-09-14 06:51:12,380 P2465774 INFO ----------------------------------------------------------------------------------------------------
2026-09-14 06:51:12,380 P2465774 INFO 19/50 starting... lr: 0.001 para:0.05000000074505806
2026-09-14 06:51:43,771 P2465774 INFO Epoch 19/50, all_loss:0.59359 cls_loss:0.58119 rec_loss:0.82921 [31.38s]; best loss:0.59359, patience : 0
2026-09-14 06:52:13,485 P2465774 INFO pr:0.9011  rc:0.9592  auc:0.9991 ap:0.9890 f1: 0.9292 pred_right: 1059488 pred_wrong:36712 actu_right: 1061712 actu_wrong: 34488
2026-09-14 06:52:20,426 P2465774 INFO pr:0.9012  rc:0.9562  auc:0.9991 ap:0.9887 f1: 0.9279 pred_right: 454088 pred_wrong:15712 actu_right: 454992 actu_wrong: 14808
2026-09-14 06:52:20,427 P2465774 INFO ----------------------------------------------------------------------------------------------------
2026-09-14 06:52:20,427 P2465774 INFO 20/50 starting... lr: 0.001 para:0.0476190485060215
2026-09-14 06:52:52,336 P2465774 INFO Epoch 20/50, all_loss:0.57218 cls_loss:0.55915 rec_loss:0.83270 [31.90s]; best loss:0.57218, patience : 0
2026-09-14 06:53:08,756 P2465774 INFO pr:0.9124  rc:0.9539  auc:0.9991 ap:0.9907 f1: 0.9327 pred_right: 1060143 pred_wrong:36057 actu_right: 1061711 actu_wrong: 34489
2026-09-14 06:53:15,999 P2465774 INFO pr:0.9149  rc:0.9516  auc:0.9992 ap:0.9907 f1: 0.9329 pred_right: 454397 pred_wrong:15403 actu_right: 454992 actu_wrong: 14808
2026-09-14 06:53:16,005 P2465774 INFO ----------------------------------------------------------------------------------------------------
2026-09-14 06:53:16,005 P2465774 INFO 21/50 starting... lr: 0.001 para:0.04545454680919647
2026-09-14 06:53:47,934 P2465774 INFO Epoch 21/50, all_loss:0.55144 cls_loss:0.53759 rec_loss:0.84215 [31.92s]; best loss:0.55144, patience : 0
2026-09-14 06:54:17,018 P2465774 INFO pr:0.9410  rc:0.8841  auc:0.9992 ap:0.9895 f1: 0.9117 pred_right: 1063794 pred_wrong:32406 actu_right: 1061710 actu_wrong: 34490
2026-09-14 06:54:23,924 P2465774 INFO pr:0.9430  rc:0.8834  auc:0.9991 ap:0.9891 f1: 0.9122 pred_right: 455927 pred_wrong:13873 actu_right: 454992 actu_wrong: 14808
2026-09-14 06:54:23,925 P2465774 INFO ----------------------------------------------------------------------------------------------------
2026-09-14 06:54:23,925 P2465774 INFO 22/50 starting... lr: 0.001 para:0.043478261679410934
2026-09-14 06:54:55,953 P2465774 INFO Epoch 22/50, all_loss:0.52701 cls_loss:0.51193 rec_loss:0.85883 [32.02s]; best loss:0.52701, patience : 0
2026-09-14 06:55:12,099 P2465774 INFO pr:0.9330  rc:0.9233  auc:0.9994 ap:0.9915 f1: 0.9281 pred_right: 1062069 pred_wrong:34131 actu_right: 1061711 actu_wrong: 34489
2026-09-14 06:55:18,840 P2465774 INFO pr:0.9330  rc:0.9202  auc:0.9993 ap:0.9911 f1: 0.9266 pred_right: 455195 pred_wrong:14605 actu_right: 454992 actu_wrong: 14808
2026-09-14 06:55:18,841 P2465774 INFO ----------------------------------------------------------------------------------------------------
2026-09-14 06:55:18,841 P2465774 INFO 23/50 starting... lr: 0.001 para:0.0416666679084301
2026-09-14 06:55:49,864 P2465774 INFO Epoch 23/50, all_loss:0.51719 cls_loss:0.50162 rec_loss:0.87530 [31.02s]; best loss:0.51719, patience : 0
2026-09-14 06:56:19,205 P2465774 INFO pr:0.9265  rc:0.9503  auc:0.9990 ap:0.9919 f1: 0.9383 pred_right: 1060828 pred_wrong:35372 actu_right: 1061713 actu_wrong: 34487
2026-09-14 06:56:26,135 P2465774 INFO pr:0.9281  rc:0.9452  auc:0.9990 ap:0.9917 f1: 0.9366 pred_right: 454718 pred_wrong:15082 actu_right: 454992 actu_wrong: 14808
2026-09-14 06:56:26,140 P2465774 INFO ----------------------------------------------------------------------------------------------------
2026-09-14 06:56:26,140 P2465774 INFO 24/50 starting... lr: 0.001 para:0.03999999910593033
2026-09-14 06:56:57,939 P2465774 INFO Epoch 24/50, all_loss:0.50747 cls_loss:0.49135 rec_loss:0.89432 [31.79s]; best loss:0.50747, patience : 0
2026-09-14 06:57:14,903 P2465774 INFO pr:0.9200  rc:0.9670  auc:0.9995 ap:0.9921 f1: 0.9429 pred_right: 1059952 pred_wrong:36248 actu_right: 1061712 actu_wrong: 34488
2026-09-14 06:57:22,090 P2465774 INFO pr:0.9210  rc:0.9627  auc:0.9994 ap:0.9916 f1: 0.9414 pred_right: 454322 pred_wrong:15478 actu_right: 454992 actu_wrong: 14808
2026-09-14 06:57:22,100 P2465774 INFO ----------------------------------------------------------------------------------------------------
2026-09-14 06:57:22,100 P2465774 INFO 25/50 starting... lr: 0.001 para:0.03846153989434242
2026-09-14 06:57:54,006 P2465774 INFO Epoch 25/50, all_loss:0.52120 cls_loss:0.50629 rec_loss:0.89413 [31.91s]; best loss:0.50747, patience : 1
2026-09-14 06:58:23,763 P2465774 INFO pr:0.9501  rc:0.8914  auc:0.9992 ap:0.9920 f1: 0.9198 pred_right: 1063847 pred_wrong:32353 actu_right: 1061713 actu_wrong: 34487
2026-09-14 06:58:30,358 P2465774 INFO pr:0.9509  rc:0.8899  auc:0.9993 ap:0.9918 f1: 0.9194 pred_right: 455942 pred_wrong:13858 actu_right: 454992 actu_wrong: 14808
2026-09-14 06:58:30,359 P2465774 INFO ----------------------------------------------------------------------------------------------------
2026-09-14 06:58:30,359 P2465774 INFO 26/50 starting... lr: 0.001 para:0.03703703731298447
2026-09-14 06:59:03,331 P2465774 INFO Epoch 26/50, all_loss:0.48409 cls_loss:0.46733 rec_loss:0.91968 [32.97s]; best loss:0.48409, patience : 0
2026-09-14 06:59:19,550 P2465774 INFO pr:0.9486  rc:0.9265  auc:0.9995 ap:0.9936 f1: 0.9374 pred_right: 1062515 pred_wrong:33685 actu_right: 1061709 actu_wrong: 34491
2026-09-14 06:59:26,789 P2465774 INFO pr:0.9463  rc:0.9206  auc:0.9993 ap:0.9930 f1: 0.9333 pred_right: 455395 pred_wrong:14405 actu_right: 454992 actu_wrong: 14808
2026-09-14 06:59:26,790 P2465774 INFO ----------------------------------------------------------------------------------------------------
2026-09-14 06:59:26,791 P2465774 INFO 27/50 starting... lr: 0.001 para:0.0357142873108387
2026-09-14 06:59:58,672 P2465774 INFO Epoch 27/50, all_loss:0.47150 cls_loss:0.45449 rec_loss:0.93099 [31.88s]; best loss:0.47150, patience : 0
2026-09-14 07:00:27,740 P2465774 INFO pr:0.9423  rc:0.9297  auc:0.9994 ap:0.9925 f1: 0.9360 pred_right: 1062170 pred_wrong:34030 actu_right: 1061710 actu_wrong: 34490
2026-09-14 07:00:34,637 P2465774 INFO pr:0.9427  rc:0.9279  auc:0.9994 ap:0.9922 f1: 0.9353 pred_right: 455224 pred_wrong:14576 actu_right: 454992 actu_wrong: 14808
2026-09-14 07:00:34,638 P2465774 INFO ----------------------------------------------------------------------------------------------------
2026-09-14 07:00:34,638 P2465774 INFO 28/50 starting... lr: 0.001 para:0.03448275849223137
2026-09-14 07:01:06,068 P2465774 INFO Epoch 28/50, all_loss:0.47637 cls_loss:0.46009 rec_loss:0.93227 [31.43s]; best loss:0.47150, patience : 1
2026-09-14 07:01:22,623 P2465774 INFO pr:0.9367  rc:0.9571  auc:0.9995 ap:0.9938 f1: 0.9468 pred_right: 1060961 pred_wrong:35239 actu_right: 1061711 actu_wrong: 34489
2026-09-14 07:01:29,312 P2465774 INFO pr:0.9387  rc:0.9546  auc:0.9995 ap:0.9933 f1: 0.9466 pred_right: 454742 pred_wrong:15058 actu_right: 454992 actu_wrong: 14808
2026-09-14 07:01:29,318 P2465774 INFO ----------------------------------------------------------------------------------------------------
2026-09-14 07:01:29,318 P2465774 INFO 29/50 starting... lr: 0.001 para:0.03333333507180214
2026-09-14 07:02:01,047 P2465774 INFO Epoch 29/50, all_loss:0.46948 cls_loss:0.45320 rec_loss:0.94163 [31.72s]; best loss:0.46948, patience : 0
2026-09-14 07:02:29,509 P2465774 INFO pr:0.9429  rc:0.9444  auc:0.9993 ap:0.9928 f1: 0.9436 pred_right: 1061657 pred_wrong:34543 actu_right: 1061711 actu_wrong: 34489
2026-09-14 07:02:36,536 P2465774 INFO pr:0.9413  rc:0.9412  auc:0.9994 ap:0.9926 f1: 0.9412 pred_right: 454994 pred_wrong:14806 actu_right: 454992 actu_wrong: 14808
2026-09-14 07:02:36,537 P2465774 INFO ----------------------------------------------------------------------------------------------------
2026-09-14 07:02:36,537 P2465774 INFO 30/50 starting... lr: 0.001 para:0.032258063554763794
2026-09-14 07:03:07,715 P2465774 INFO Epoch 30/50, all_loss:0.45831 cls_loss:0.44183 rec_loss:0.95262 [31.17s]; best loss:0.45831, patience : 0
2026-09-14 07:03:24,041 P2465774 INFO pr:0.9355  rc:0.9488  auc:0.9995 ap:0.9931 f1: 0.9421 pred_right: 1061222 pred_wrong:34978 actu_right: 1061713 actu_wrong: 34487
2026-09-14 07:03:30,951 P2465774 INFO pr:0.9348  rc:0.9454  auc:0.9994 ap:0.9925 f1: 0.9401 pred_right: 454824 pred_wrong:14976 actu_right: 454992 actu_wrong: 14808
2026-09-14 07:03:30,952 P2465774 INFO ----------------------------------------------------------------------------------------------------
2026-09-14 07:03:30,952 P2465774 INFO 31/50 starting... lr: 0.001 para:0.03125
2026-09-14 07:04:03,522 P2465774 INFO Epoch 31/50, all_loss:0.44510 cls_loss:0.42809 rec_loss:0.97236 [32.57s]; best loss:0.44510, patience : 0
2026-09-14 07:04:24,999 P2465774 INFO pr:0.9228  rc:0.9732  auc:0.9995 ap:0.9932 f1: 0.9474 pred_right: 1059824 pred_wrong:36376 actu_right: 1061708 actu_wrong: 34492
2026-09-14 07:04:37,024 P2465774 INFO pr:0.9223  rc:0.9686  auc:0.9995 ap:0.9929 f1: 0.9449 pred_right: 454249 pred_wrong:15551 actu_right: 454992 actu_wrong: 14808
2026-09-14 07:04:37,029 P2465774 INFO ----------------------------------------------------------------------------------------------------
2026-09-14 07:04:37,032 P2465774 INFO 32/50 starting... lr: 0.001 para:0.03030303120613098
2026-09-14 07:05:08,934 P2465774 INFO Epoch 32/50, all_loss:0.42810 cls_loss:0.41069 rec_loss:0.98511 [31.90s]; best loss:0.42810, patience : 0
2026-09-14 07:05:25,442 P2465774 INFO pr:0.9283  rc:0.9726  auc:0.9993 ap:0.9942 f1: 0.9499 pred_right: 1060060 pred_wrong:36140 actu_right: 1061707 actu_wrong: 34493
2026-09-14 07:05:32,623 P2465774 INFO pr:0.9292  rc:0.9679  auc:0.9993 ap:0.9938 f1: 0.9481 pred_right: 454376 pred_wrong:15424 actu_right: 454992 actu_wrong: 14808
2026-09-14 07:05:32,628 P2465774 INFO ----------------------------------------------------------------------------------------------------
2026-09-14 07:05:32,628 P2465774 INFO 33/50 starting... lr: 0.001 para:0.029411764815449715
2026-09-14 07:06:06,552 P2465774 INFO Epoch 33/50, all_loss:0.43499 cls_loss:0.41817 rec_loss:0.99025 [33.92s]; best loss:0.42810, patience : 1
2026-09-14 07:06:21,616 P2465774 INFO pr:0.9326  rc:0.9501  auc:0.9996 ap:0.9934 f1: 0.9413 pred_right: 1061063 pred_wrong:35137 actu_right: 1061710 actu_wrong: 34490
2026-09-14 07:06:38,929 P2465774 INFO pr:0.9329  rc:0.9468  auc:0.9995 ap:0.9927 f1: 0.9398 pred_right: 454772 pred_wrong:15028 actu_right: 454992 actu_wrong: 14808
2026-09-14 07:06:38,931 P2465774 INFO ----------------------------------------------------------------------------------------------------
2026-09-14 07:06:38,931 P2465774 INFO 34/50 starting... lr: 0.001 para:0.02857142873108387
2026-09-14 07:07:11,360 P2465774 INFO Epoch 34/50, all_loss:0.42162 cls_loss:0.40513 rec_loss:0.98219 [32.42s]; best loss:0.42162, patience : 0
2026-09-14 07:07:28,235 P2465774 INFO pr:0.9334  rc:0.9668  auc:0.9995 ap:0.9940 f1: 0.9498 pred_right: 1060476 pred_wrong:35724 actu_right: 1061711 actu_wrong: 34489
2026-09-14 07:07:34,876 P2465774 INFO pr:0.9355  rc:0.9618  auc:0.9993 ap:0.9934 f1: 0.9485 pred_right: 454576 pred_wrong:15224 actu_right: 454992 actu_wrong: 14808
2026-09-14 07:07:34,877 P2465774 INFO ----------------------------------------------------------------------------------------------------
2026-09-14 07:07:34,878 P2465774 INFO 35/50 starting... lr: 0.001 para:0.02777777798473835
2026-09-14 07:08:09,274 P2465774 INFO Epoch 35/50, all_loss:0.47121 cls_loss:0.45631 rec_loss:0.99254 [34.40s]; best loss:0.42162, patience : 1
2026-09-14 07:08:23,495 P2465774 INFO pr:0.9574  rc:0.9060  auc:0.9994 ap:0.9940 f1: 0.9310 pred_right: 1063561 pred_wrong:32639 actu_right: 1061711 actu_wrong: 34489
2026-09-14 07:08:43,140 P2465774 INFO pr:0.9567  rc:0.9038  auc:0.9995 ap:0.9936 f1: 0.9295 pred_right: 455810 pred_wrong:13990 actu_right: 454992 actu_wrong: 14808
2026-09-14 07:08:43,141 P2465774 INFO ----------------------------------------------------------------------------------------------------
2026-09-14 07:08:43,141 P2465774 INFO 36/50 starting... lr: 0.001 para:0.027027027681469917
2026-09-14 07:09:16,257 P2465774 INFO Epoch 36/50, all_loss:0.41719 cls_loss:0.40118 rec_loss:0.99368 [33.11s]; best loss:0.41719, patience : 0
2026-09-14 07:09:32,330 P2465774 INFO pr:0.9287  rc:0.9643  auc:0.9995 ap:0.9936 f1: 0.9462 pred_right: 1060388 pred_wrong:35812 actu_right: 1061709 actu_wrong: 34491
2026-09-14 07:09:39,475 P2465774 INFO pr:0.9294  rc:0.9580  auc:0.9995 ap:0.9931 f1: 0.9435 pred_right: 454537 pred_wrong:15263 actu_right: 454992 actu_wrong: 14808
2026-09-14 07:09:39,476 P2465774 INFO ----------------------------------------------------------------------------------------------------
2026-09-14 07:09:39,476 P2465774 INFO 37/50 starting... lr: 0.001 para:0.02631578966975212
2026-09-14 07:10:13,314 P2465774 INFO Epoch 37/50, all_loss:0.43020 cls_loss:0.41454 rec_loss:1.00963 [33.84s]; best loss:0.41719, patience : 1
2026-09-14 07:10:26,832 P2465774 INFO pr:0.9452  rc:0.9549  auc:0.9996 ap:0.9950 f1: 0.9501 pred_right: 1061354 pred_wrong:34846 actu_right: 1061708 actu_wrong: 34492
2026-09-14 07:10:46,802 P2465774 INFO pr:0.9458  rc:0.9483  auc:0.9996 ap:0.9944 f1: 0.9471 pred_right: 454954 pred_wrong:14846 actu_right: 454992 actu_wrong: 14808
2026-09-14 07:10:46,809 P2465774 INFO ----------------------------------------------------------------------------------------------------
2026-09-14 07:10:46,809 P2465774 INFO 38/50 starting... lr: 0.001 para:0.025641025975346565
2026-09-14 07:11:19,305 P2465774 INFO Epoch 38/50, all_loss:0.39008 cls_loss:0.37336 rec_loss:1.02517 [32.49s]; best loss:0.39008, patience : 0
2026-09-14 07:11:36,191 P2465774 INFO pr:0.9473  rc:0.9511  auc:0.9995 ap:0.9952 f1: 0.9492 pred_right: 1061575 pred_wrong:34625 actu_right: 1061714 actu_wrong: 34486
2026-09-14 07:11:42,916 P2465774 INFO pr:0.9468  rc:0.9473  auc:0.9995 ap:0.9946 f1: 0.9470 pred_right: 454985 pred_wrong:14815 actu_right: 454992 actu_wrong: 14808
2026-09-14 07:11:42,917 P2465774 INFO ----------------------------------------------------------------------------------------------------
2026-09-14 07:11:42,917 P2465774 INFO 39/50 starting... lr: 0.001 para:0.02500000037252903
2026-09-14 07:12:17,548 P2465774 INFO Epoch 39/50, all_loss:0.40842 cls_loss:0.39207 rec_loss:1.04592 [34.63s]; best loss:0.39008, patience : 1
2026-09-14 07:12:30,976 P2465774 INFO pr:0.9608  rc:0.9283  auc:0.9996 ap:0.9954 f1: 0.9443 pred_right: 1062877 pred_wrong:33323 actu_right: 1061709 actu_wrong: 34491
2026-09-14 07:12:50,831 P2465774 INFO pr:0.9597  rc:0.9240  auc:0.9995 ap:0.9948 f1: 0.9415 pred_right: 455542 pred_wrong:14258 actu_right: 454992 actu_wrong: 14808
2026-09-14 07:12:50,833 P2465774 INFO ----------------------------------------------------------------------------------------------------
2026-09-14 07:12:50,833 P2465774 INFO 40/50 starting... lr: 0.001 para:0.024390242993831635
2026-09-14 07:13:23,936 P2465774 INFO Epoch 40/50, all_loss:0.40327 cls_loss:0.38727 rec_loss:1.04304 [33.10s]; best loss:0.39008, patience : 1
2026-09-14 07:13:40,610 P2465774 INFO pr:0.9558  rc:0.9292  auc:0.9995 ap:0.9944 f1: 0.9423 pred_right: 1062669 pred_wrong:33531 actu_right: 1061707 actu_wrong: 34493
2026-09-14 07:13:47,282 P2465774 INFO pr:0.9554  rc:0.9221  auc:0.9994 ap:0.9938 f1: 0.9385 pred_right: 455508 pred_wrong:14292 actu_right: 454992 actu_wrong: 14808
2026-09-14 07:13:47,283 P2465774 INFO ----------------------------------------------------------------------------------------------------
2026-09-14 07:13:47,283 P2465774 INFO 41/50 starting... lr: 0.001 para:0.02380952425301075
2026-09-14 07:14:22,284 P2465774 INFO Epoch 41/50, all_loss:0.40947 cls_loss:0.39384 rec_loss:1.04996 [35.00s]; best loss:0.39008, patience : 2
2026-09-14 07:14:35,587 P2465774 INFO pr:0.9617  rc:0.9190  auc:0.9995 ap:0.9950 f1: 0.9399 pred_right: 1063246 pred_wrong:32954 actu_right: 1061713 actu_wrong: 34487
2026-09-14 07:14:53,867 P2465774 INFO pr:0.9613  rc:0.9148  auc:0.9994 ap:0.9945 f1: 0.9374 pred_right: 455708 pred_wrong:14092 actu_right: 454992 actu_wrong: 14808
2026-09-14 07:14:53,869 P2465774 INFO ----------------------------------------------------------------------------------------------------
2026-09-14 07:14:53,869 P2465774 INFO 42/50 starting... lr: 0.001 para:0.023255813866853714
2026-09-14 07:15:27,480 P2465774 INFO Epoch 42/50, all_loss:0.37534 cls_loss:0.35915 rec_loss:1.05547 [33.60s]; best loss:0.37534, patience : 0
2026-09-14 07:15:44,337 P2465774 INFO pr:0.9381  rc:0.9737  auc:0.9995 ap:0.9952 f1: 0.9555 pred_right: 1060404 pred_wrong:35796 actu_right: 1061713 actu_wrong: 34487
2026-09-14 07:15:51,014 P2465774 INFO pr:0.9389  rc:0.9709  auc:0.9995 ap:0.9945 f1: 0.9546 pred_right: 454488 pred_wrong:15312 actu_right: 454992 actu_wrong: 14808
2026-09-14 07:15:51,020 P2465774 INFO ----------------------------------------------------------------------------------------------------
2026-09-14 07:15:51,020 P2465774 INFO 43/50 starting... lr: 0.001 para:0.022727273404598236
2026-09-14 07:16:25,591 P2465774 INFO Epoch 43/50, all_loss:0.39009 cls_loss:0.37425 rec_loss:1.07117 [34.57s]; best loss:0.37534, patience : 1
2026-09-14 07:16:39,303 P2465774 INFO pr:0.9468  rc:0.9496  auc:0.9993 ap:0.9945 f1: 0.9482 pred_right: 1061600 pred_wrong:34600 actu_right: 1061704 actu_wrong: 34496
2026-09-14 07:16:58,555 P2465774 INFO pr:0.9460  rc:0.9429  auc:0.9993 ap:0.9939 f1: 0.9445 pred_right: 455040 pred_wrong:14760 actu_right: 454992 actu_wrong: 14808
2026-09-14 07:16:58,557 P2465774 INFO ----------------------------------------------------------------------------------------------------
2026-09-14 07:16:58,557 P2465774 INFO 44/50 starting... lr: 0.001 para:0.02222222276031971
2026-09-14 07:17:30,638 P2465774 INFO Epoch 44/50, all_loss:0.37355 cls_loss:0.35718 rec_loss:1.09389 [32.07s]; best loss:0.37355, patience : 0
2026-09-14 07:17:47,441 P2465774 INFO pr:0.9495  rc:0.9488  auc:0.9995 ap:0.9948 f1: 0.9492 pred_right: 1061740 pred_wrong:34460 actu_right: 1061714 actu_wrong: 34486
2026-09-14 07:17:54,436 P2465774 INFO pr:0.9472  rc:0.9439  auc:0.9994 ap:0.9936 f1: 0.9455 pred_right: 455044 pred_wrong:14756 actu_right: 454992 actu_wrong: 14808
2026-09-14 07:17:54,437 P2465774 INFO ----------------------------------------------------------------------------------------------------
2026-09-14 07:17:54,437 P2465774 INFO 45/50 starting... lr: 0.001 para:0.021739130839705467
2026-09-14 07:18:28,858 P2465774 INFO Epoch 45/50, all_loss:0.37281 cls_loss:0.35685 rec_loss:1.09119 [34.42s]; best loss:0.37281, patience : 0
2026-09-14 07:18:42,311 P2465774 INFO pr:0.9493  rc:0.9462  auc:0.9996 ap:0.9946 f1: 0.9477 pred_right: 1061829 pred_wrong:34371 actu_right: 1061714 actu_wrong: 34486
2026-09-14 07:19:01,836 P2465774 INFO pr:0.9469  rc:0.9410  auc:0.9996 ap:0.9937 f1: 0.9439 pred_right: 455085 pred_wrong:14715 actu_right: 454992 actu_wrong: 14808
2026-09-14 07:19:01,837 P2465774 INFO ----------------------------------------------------------------------------------------------------
2026-09-14 07:19:01,838 P2465774 INFO 46/50 starting... lr: 0.001 para:0.021276595070958138
2026-09-14 07:19:34,511 P2465774 INFO Epoch 46/50, all_loss:0.35509 cls_loss:0.33932 rec_loss:1.08030 [32.67s]; best loss:0.35509, patience : 0
2026-09-14 07:19:51,099 P2465774 INFO pr:0.9329  rc:0.9725  auc:0.9995 ap:0.9946 f1: 0.9523 pred_right: 1060248 pred_wrong:35952 actu_right: 1061712 actu_wrong: 34488
2026-09-14 07:19:58,171 P2465774 INFO pr:0.9313  rc:0.9677  auc:0.9994 ap:0.9937 f1: 0.9491 pred_right: 454414 pred_wrong:15386 actu_right: 454992 actu_wrong: 14808
2026-09-14 07:19:58,172 P2465774 INFO ----------------------------------------------------------------------------------------------------
2026-09-14 07:19:58,172 P2465774 INFO 47/50 starting... lr: 0.001 para:0.02083333395421505
2026-09-14 07:20:32,690 P2465774 INFO Epoch 47/50, all_loss:0.33584 cls_loss:0.31958 rec_loss:1.09993 [34.51s]; best loss:0.33584, patience : 0
2026-09-14 07:20:45,921 P2465774 INFO pr:0.9421  rc:0.9708  auc:0.9997 ap:0.9957 f1: 0.9562 pred_right: 1060664 pred_wrong:35536 actu_right: 1061712 actu_wrong: 34488
2026-09-14 07:21:05,150 P2465774 INFO pr:0.9406  rc:0.9667  auc:0.9996 ap:0.9946 f1: 0.9535 pred_right: 454581 pred_wrong:15219 actu_right: 454992 actu_wrong: 14808
2026-09-14 07:21:05,157 P2465774 INFO ----------------------------------------------------------------------------------------------------
2026-09-14 07:21:05,157 P2465774 INFO 48/50 starting... lr: 0.001 para:0.020408162847161293
2026-09-14 07:21:38,650 P2465774 INFO Epoch 48/50, all_loss:0.36054 cls_loss:0.34486 rec_loss:1.11309 [33.49s]; best loss:0.33584, patience : 1
2026-09-14 07:21:55,236 P2465774 INFO pr:0.9524  rc:0.9561  auc:0.9997 ap:0.9946 f1: 0.9543 pred_right: 1061576 pred_wrong:34624 actu_right: 1061711 actu_wrong: 34489
2026-09-14 07:22:02,019 P2465774 INFO pr:0.9508  rc:0.9517  auc:0.9996 ap:0.9943 f1: 0.9513 pred_right: 454978 pred_wrong:14822 actu_right: 454992 actu_wrong: 14808
2026-09-14 07:22:02,020 P2465774 INFO ----------------------------------------------------------------------------------------------------
2026-09-14 07:22:02,021 P2465774 INFO 49/50 starting... lr: 0.001 para:0.019999999552965164
2026-09-14 07:22:36,536 P2465774 INFO Epoch 49/50, all_loss:0.33144 cls_loss:0.31549 rec_loss:1.11315 [34.51s]; best loss:0.33144, patience : 0
2026-09-14 07:22:50,107 P2465774 INFO pr:0.9565  rc:0.9535  auc:0.9995 ap:0.9961 f1: 0.9550 pred_right: 1061824 pred_wrong:34376 actu_right: 1061716 actu_wrong: 34484
2026-09-14 07:23:10,185 P2465774 INFO pr:0.9553  rc:0.9461  auc:0.9995 ap:0.9954 f1: 0.9507 pred_right: 455135 pred_wrong:14665 actu_right: 454992 actu_wrong: 14808
2026-09-14 07:23:10,186 P2465774 INFO saving model...
2026-09-14 07:23:10,187 P2465774 INFO FITS_Legendre - loss  best score:0.33144432306289673 at epoch 49
2026-09-14 07:23:10,197 P2465774 INFO FITS_Legendre - f1  best score:0.9562435736318976 at epoch 47
2026-09-14 07:23:10,211 P2465774 INFO Average training time per epoch: 32.71 seconds
2026-09-14 07:23:10,213 P2465774 INFO calculate scores...
2026-09-14 07:23:10,213 P2465774 INFO calculate label with loss...
2026-09-14 07:23:10,213 P2465774 INFO FITS_Legendre on ./result/server_only_exps/Ablations_updatedFreDF/FITS_Legendre-TT-Epochs50-Seed2-ExpNameRQ2z5_basis_degree_comparison-LPFLPF-Attnlinear_attn-NormLinTrue-RecLambda1.0-AuxiLambda0.2-lowshow-simplegraph-Degree7-BasisTypelegendre loading...
2026-09-14 07:23:17,955 P2465774 INFO pr:0.9553  rc:0.9461  auc:0.9995 ap:0.9954 f1: 0.9507 pred_right: 455135 pred_wrong:14665 actu_right: 454992 actu_wrong: 14808
2026-09-14 07:23:29,708 P2465774 INFO pr:0.9553  rc:0.9461  auc:0.9995 ap:0.9954 f1: 0.9507 pred_right: 455135 pred_wrong:14665 actu_right: 454992 actu_wrong: 14808
2026-09-14 07:23:29,709 P2465774 INFO Performance Summary:
{'GPU': {'inference_time_per_sample_ms': 0.4003071238608639, 'throughput_samples_per_sec': 2498.081948568003, 'peak_memory_mb': 87.724609375, 'energy_per_sample_joules': 0.019256173732641067}, 'CPU': {'inference_time_per_sample_ms': 0.6276779415686834, 'throughput_samples_per_sec': 1593.1737181982448, 'peak_memory_mb': 5790.5625, 'energy_per_sample_joules': 0.04079906620196442}}
2026-09-14 07:23:29,709 P2465774 INFO Starting clean-room hardware benchmarking...
2026-09-14 07:23:30,891 P2465774 INFO Performance with loss: pr:0.9553  rc:0.9461  auc:0.9995 ap:0.9954 f1: 0.9507 pred_right: 455135 pred_wrong:14665 actu_right: 454992 actu_wrong: 14808
2026-09-14 07:23:30,891 P2465774 INFO calculate label with f1...
2026-09-14 07:23:30,891 P2465774 INFO FITS_Legendre on ./result/server_only_exps/Ablations_updatedFreDF/FITS_Legendre-TT-Epochs50-Seed2-ExpNameRQ2z5_basis_degree_comparison-LPFLPF-Attnlinear_attn-NormLinTrue-RecLambda1.0-AuxiLambda0.2-lowshow-simplegraph-Degree7-BasisTypelegendre loading...
2026-09-14 07:23:38,058 P2465774 INFO pr:0.9406  rc:0.9667  auc:0.9996 ap:0.9946 f1: 0.9535 pred_right: 454581 pred_wrong:15219 actu_right: 454992 actu_wrong: 14808
2026-09-14 07:23:49,760 P2465774 INFO pr:0.9406  rc:0.9667  auc:0.9996 ap:0.9946 f1: 0.9535 pred_right: 454581 pred_wrong:15219 actu_right: 454992 actu_wrong: 14808
2026-09-14 07:23:49,761 P2465774 INFO Performance Summary:
{'GPU': {'inference_time_per_sample_ms': 0.3663110884131028, 'throughput_samples_per_sec': 2729.9200915050174, 'peak_memory_mb': 87.220703125, 'energy_per_sample_joules': 0.018122325321517228}, 'CPU': {'inference_time_per_sample_ms': 0.6266138173135085, 'throughput_samples_per_sec': 1595.8792678516347, 'peak_memory_mb': 5818.47265625, 'energy_per_sample_joules': 0.040729898125378056}}
2026-09-14 07:23:49,761 P2465774 INFO Starting clean-room hardware benchmarking...
2026-09-14 07:23:51,104 P2465774 INFO Performance with f1: pr:0.9406  rc:0.9667  auc:0.9996 ap:0.9946 f1: 0.9535 pred_right: 454581 pred_wrong:15219 actu_right: 454992 actu_wrong: 14808
2026-09-14 07:23:51,104 P2465774 INFO Collecting case-study samples...
