2026-07-12 14:26:33,185 P4130976 INFO ---- Model: ----MSTGAD-29f5e4f6----random_seed : 1----req_loss_approach : Legendre-style----rec_lambda : 1.0----auxi_lambda : 0.2----Freq Domain : FITS_Legendre----Multi Fits : false----train : True----evaluate : False
2026-07-12 14:26:33,186 P4130976 INFO Load from /home/db2003/Desktop/Amr/Tests/Eadro/codes/chunks/TT
2026-07-12 14:26:49,735 P4130976 INFO Fewshot: training with 1.0 of the 70% of the data
2026-07-12 14:26:58,815 P4130976 INFO Trainable Parameters Breakdown:
2026-07-12 14:26:58,815 P4130976 INFO --------------------------------------------------------------------------------
2026-07-12 14:26:58,815 P4130976 INFO Reconstruction-Specific Parameters:
2026-07-12 14:26:58,815 P4130976 INFO linear_attn.Wq.weight                    | shape: (10, 10)                  | params: 100
2026-07-12 14:26:58,815 P4130976 INFO linear_attn.Wk.weight                    | shape: (10, 10)                  | params: 100
2026-07-12 14:26:58,816 P4130976 INFO linear_attn.Wv.weight                    | shape: (10, 10)                  | params: 100
2026-07-12 14:26:58,816 P4130976 INFO linear_attn.out.weight                   | shape: (10, 10)                  | params: 100
2026-07-12 14:26:58,816 P4130976 INFO linear_attn.out.bias                     | shape: (10,)                     | params: 10
2026-07-12 14:26:58,816 P4130976 INFO linear_attn.norm.weight                  | shape: (10,)                     | params: 10
2026-07-12 14:26:58,816 P4130976 INFO linear_attn.norm.bias                    | shape: (10,)                     | params: 10
2026-07-12 14:26:58,816 P4130976 INFO shared_fits.normlin_W                    | shape: (5, 5)                    | params: 25
2026-07-12 14:26:58,816 P4130976 INFO shared_fits.freq_upsampler.weight        | shape: (5, 5)                    | params: 25
2026-07-12 14:26:58,816 P4130976 INFO shared_fits.freq_upsampler.bias          | shape: (5,)                      | params: 5
2026-07-12 14:26:58,816 P4130976 INFO modality_proj.node.weight                | shape: (10, 8)                   | params: 80
2026-07-12 14:26:58,816 P4130976 INFO modality_proj.node.bias                  | shape: (10,)                     | params: 10
2026-07-12 14:26:58,816 P4130976 INFO modality_proj.log.weight                 | shape: (10, 32)                  | params: 320
2026-07-12 14:26:58,816 P4130976 INFO modality_proj.log.bias                   | shape: (10,)                     | params: 10
2026-07-12 14:26:58,816 P4130976 INFO modality_proj.edge.weight                | shape: (10, 8)                   | params: 80
2026-07-12 14:26:58,816 P4130976 INFO modality_proj.edge.bias                  | shape: (10,)                     | params: 10
2026-07-12 14:26:58,816 P4130976 INFO modality_proj_out.node.weight            | shape: (8, 10)                   | params: 80
2026-07-12 14:26:58,816 P4130976 INFO modality_proj_out.node.bias              | shape: (8,)                      | params: 8
2026-07-12 14:26:58,816 P4130976 INFO modality_proj_out.log.weight             | shape: (32, 10)                  | params: 320
2026-07-12 14:26:58,816 P4130976 INFO modality_proj_out.log.bias               | shape: (32,)                     | params: 32
2026-07-12 14:26:58,816 P4130976 INFO modality_proj_out.edge.weight            | shape: (8, 10)                   | params: 80
2026-07-12 14:26:58,817 P4130976 INFO modality_proj_out.edge.bias              | shape: (8,)                      | params: 8
2026-07-12 14:26:58,817 P4130976 INFO Subtotal: 1,523
2026-07-12 14:26:58,817 P4130976 INFO --------------------------------------------------------------------------------
2026-07-12 14:26:58,817 P4130976 INFO Common Parameters:
2026-07-12 14:26:58,817 P4130976 INFO node_emb.linear.weight                   | shape: (8, 7)                    | params: 56
2026-07-12 14:26:58,817 P4130976 INFO node_emb.linear.bias                     | shape: (8,)                      | params: 8
2026-07-12 14:26:58,817 P4130976 INFO log_emb.linear.weight                    | shape: (32, 60)                  | params: 1,920
2026-07-12 14:26:58,817 P4130976 INFO log_emb.linear.bias                      | shape: (32,)                     | params: 32
2026-07-12 14:26:58,817 P4130976 INFO egde_emb.linear.weight                   | shape: (8, 2)                    | params: 16
2026-07-12 14:26:58,817 P4130976 INFO egde_emb.linear.bias                     | shape: (8,)                      | params: 8
2026-07-12 14:26:58,817 P4130976 INFO dense_node.weight                        | shape: (7, 8)                    | params: 56
2026-07-12 14:26:58,817 P4130976 INFO dense_node.bias                          | shape: (7,)                      | params: 7
2026-07-12 14:26:58,817 P4130976 INFO dense_log.weight                         | shape: (60, 32)                  | params: 1,920
2026-07-12 14:26:58,817 P4130976 INFO dense_log.bias                           | shape: (60,)                     | params: 60
2026-07-12 14:26:58,817 P4130976 INFO dense_edge.weight                        | shape: (2, 8)                    | params: 16
2026-07-12 14:26:58,817 P4130976 INFO dense_edge.bias                          | shape: (2,)                      | params: 2
2026-07-12 14:26:58,817 P4130976 INFO show.0.weight                            | shape: (128, 69)                 | params: 8,832
2026-07-12 14:26:58,817 P4130976 INFO show.0.bias                              | shape: (128,)                    | params: 128
2026-07-12 14:26:58,817 P4130976 INFO show.2.weight                            | shape: (2, 128)                  | params: 256
2026-07-12 14:26:58,817 P4130976 INFO show.2.bias                              | shape: (2,)                      | params: 2
2026-07-12 14:26:58,817 P4130976 INFO Subtotal: 13,319
2026-07-12 14:26:58,818 P4130976 INFO --------------------------------------------------------------------------------
2026-07-12 14:26:58,818 P4130976 INFO Total Trainable Parameters: 14,842

2026-07-12 14:26:58,818 P4130976 INFO Trainable Parameters: 14842, reconstruction: 1523, common: 13319
2026-07-12 14:26:58,818 P4130976 INFO model : init weight
2026-07-12 14:26:58,818 P4130976 INFO Using GPU...
2026-07-12 14:26:58,823 P4130976 INFO optimizer : using AdaBelief
2026-07-12 14:26:58,823 P4130976 INFO ----------------------------------------------------------------------------------------------------
2026-07-12 14:26:58,823 P4130976 INFO 0/50 starting... lr: 0.001 para:1.0
2026-07-12 14:27:18,894 P4130976 INFO Epoch 0/50, all_loss:0.08266 cls_loss:30.89373 rec_loss:0.08266 [20.07s]; best loss:0.08266, patience : 0
2026-07-12 14:27:18,894 P4130976 INFO ----------------------------------------------------------------------------------------------------
2026-07-12 14:27:18,894 P4130976 INFO 1/50 starting... lr: 0.001 para:0.5
2026-07-12 14:27:38,901 P4130976 INFO Epoch 1/50, all_loss:2.00047 cls_loss:3.76313 rec_loss:0.23781 [20.00s]; best loss:2.00047, patience : 0
2026-07-12 14:27:38,902 P4130976 INFO ----------------------------------------------------------------------------------------------------
2026-07-12 14:27:38,902 P4130976 INFO 2/50 starting... lr: 0.001 para:0.3333333432674408
2026-07-12 14:27:58,370 P4130976 INFO Epoch 2/50, all_loss:1.44262 cls_loss:2.02220 rec_loss:0.28347 [19.46s]; best loss:1.44262, patience : 0
2026-07-12 14:28:14,187 P4130976 INFO pr:0.9536  rc:0.4388  auc:0.9897 ap:0.9075 f1: 0.6010 pred_right: 1080329 pred_wrong:15871 actu_right: 1061712 actu_wrong: 34488
2026-07-12 14:28:19,389 P4130976 INFO pr:0.9572  rc:0.4407  auc:0.9897 ap:0.9074 f1: 0.6035 pred_right: 462982 pred_wrong:6818 actu_right: 454992 actu_wrong: 14808
2026-07-12 14:28:19,393 P4130976 INFO ----------------------------------------------------------------------------------------------------
2026-07-12 14:28:19,393 P4130976 INFO 3/50 starting... lr: 0.001 para:0.25
2026-07-12 14:28:38,826 P4130976 INFO Epoch 3/50, all_loss:1.39744 cls_loss:1.75695 rec_loss:0.31892 [19.43s]; best loss:1.39744, patience : 0
2026-07-12 14:28:48,709 P4130976 INFO pr:0.9045  rc:0.5748  auc:0.9928 ap:0.9300 f1: 0.7029 pred_right: 1074282 pred_wrong:21918 actu_right: 1061708 actu_wrong: 34492
2026-07-12 14:28:52,804 P4130976 INFO pr:0.9087  rc:0.5773  auc:0.9929 ap:0.9307 f1: 0.7060 pred_right: 460393 pred_wrong:9407 actu_right: 454992 actu_wrong: 14808
2026-07-12 14:28:52,808 P4130976 INFO ----------------------------------------------------------------------------------------------------
2026-07-12 14:28:52,808 P4130976 INFO 4/50 starting... lr: 0.001 para:0.20000000298023224
2026-07-12 14:29:12,708 P4130976 INFO Epoch 4/50, all_loss:1.33766 cls_loss:1.58446 rec_loss:0.35046 [19.89s]; best loss:1.33766, patience : 0
2026-07-12 14:29:23,654 P4130976 INFO pr:0.8618  rc:0.6859  auc:0.9945 ap:0.9435 f1: 0.7639 pred_right: 1068752 pred_wrong:27448 actu_right: 1061714 actu_wrong: 34486
2026-07-12 14:29:27,339 P4130976 INFO pr:0.8630  rc:0.6853  auc:0.9946 ap:0.9442 f1: 0.7640 pred_right: 458041 pred_wrong:11759 actu_right: 454992 actu_wrong: 14808
2026-07-12 14:29:27,343 P4130976 INFO ----------------------------------------------------------------------------------------------------
2026-07-12 14:29:27,343 P4130976 INFO 5/50 starting... lr: 0.001 para:0.1666666716337204
2026-07-12 14:29:53,735 P4130976 INFO Epoch 5/50, all_loss:1.25584 cls_loss:1.42391 rec_loss:0.41549 [26.39s]; best loss:1.25584, patience : 0
2026-07-12 14:30:03,984 P4130976 INFO pr:0.8715  rc:0.7412  auc:0.9962 ap:0.9561 f1: 0.8011 pred_right: 1066870 pred_wrong:29330 actu_right: 1061714 actu_wrong: 34486
2026-07-12 14:30:08,188 P4130976 INFO pr:0.8760  rc:0.7396  auc:0.9962 ap:0.9569 f1: 0.8021 pred_right: 457298 pred_wrong:12502 actu_right: 454992 actu_wrong: 14808
2026-07-12 14:30:08,192 P4130976 INFO ----------------------------------------------------------------------------------------------------
2026-07-12 14:30:08,192 P4130976 INFO 6/50 starting... lr: 0.001 para:0.1428571492433548
2026-07-12 14:30:27,971 P4130976 INFO Epoch 6/50, all_loss:1.08920 cls_loss:1.18436 rec_loss:0.51826 [19.78s]; best loss:1.08920, patience : 0
2026-07-12 14:30:38,596 P4130976 INFO pr:0.8837  rc:0.8223  auc:0.9976 ap:0.9705 f1: 0.8519 pred_right: 1064102 pred_wrong:32098 actu_right: 1061707 actu_wrong: 34493
2026-07-12 14:30:42,858 P4130976 INFO pr:0.8891  rc:0.8179  auc:0.9975 ap:0.9712 f1: 0.8520 pred_right: 456179 pred_wrong:13621 actu_right: 454992 actu_wrong: 14808
2026-07-12 14:30:42,863 P4130976 INFO ----------------------------------------------------------------------------------------------------
2026-07-12 14:30:42,863 P4130976 INFO 7/50 starting... lr: 0.001 para:0.125
2026-07-12 14:31:02,093 P4130976 INFO Epoch 7/50, all_loss:0.91060 cls_loss:0.95215 rec_loss:0.61974 [19.23s]; best loss:0.91060, patience : 0
2026-07-12 14:31:21,308 P4130976 INFO pr:0.8935  rc:0.8882  auc:0.9983 ap:0.9787 f1: 0.8908 pred_right: 1061911 pred_wrong:34289 actu_right: 1061707 actu_wrong: 34493
2026-07-12 14:31:25,731 P4130976 INFO pr:0.8958  rc:0.8862  auc:0.9983 ap:0.9788 f1: 0.8910 pred_right: 455151 pred_wrong:14649 actu_right: 454992 actu_wrong: 14808
2026-07-12 14:31:25,735 P4130976 INFO ----------------------------------------------------------------------------------------------------
2026-07-12 14:31:25,736 P4130976 INFO 8/50 starting... lr: 0.001 para:0.1111111119389534
2026-07-12 14:31:45,479 P4130976 INFO Epoch 8/50, all_loss:0.81383 cls_loss:0.82987 rec_loss:0.68550 [19.74s]; best loss:0.81383, patience : 0
2026-07-12 14:31:55,530 P4130976 INFO pr:0.8785  rc:0.9380  auc:0.9984 ap:0.9815 f1: 0.9073 pred_right: 1059377 pred_wrong:36823 actu_right: 1061712 actu_wrong: 34488
2026-07-12 14:31:59,822 P4130976 INFO pr:0.8832  rc:0.9380  auc:0.9984 ap:0.9812 f1: 0.9098 pred_right: 454073 pred_wrong:15727 actu_right: 454992 actu_wrong: 14808
2026-07-12 14:31:59,827 P4130976 INFO ----------------------------------------------------------------------------------------------------
2026-07-12 14:31:59,827 P4130976 INFO 9/50 starting... lr: 0.001 para:0.10000000149011612
2026-07-12 14:32:19,740 P4130976 INFO Epoch 9/50, all_loss:0.75102 cls_loss:0.75594 rec_loss:0.70677 [19.91s]; best loss:0.75102, patience : 0
2026-07-12 14:32:30,282 P4130976 INFO pr:0.8904  rc:0.9245  auc:0.9983 ap:0.9827 f1: 0.9071 pred_right: 1060394 pred_wrong:35806 actu_right: 1061714 actu_wrong: 34486
2026-07-12 14:32:34,220 P4130976 INFO pr:0.8954  rc:0.9253  auc:0.9985 ap:0.9822 f1: 0.9101 pred_right: 454498 pred_wrong:15302 actu_right: 454992 actu_wrong: 14808
2026-07-12 14:32:34,221 P4130976 INFO ----------------------------------------------------------------------------------------------------
2026-07-12 14:32:34,221 P4130976 INFO 10/50 starting... lr: 0.001 para:0.09090909361839294
2026-07-12 14:33:02,720 P4130976 INFO Epoch 10/50, all_loss:0.70256 cls_loss:0.70014 rec_loss:0.72676 [28.49s]; best loss:0.70256, patience : 0
2026-07-12 14:33:13,154 P4130976 INFO pr:0.9110  rc:0.9123  auc:0.9985 ap:0.9851 f1: 0.9116 pred_right: 1061657 pred_wrong:34543 actu_right: 1061709 actu_wrong: 34491
2026-07-12 14:33:17,632 P4130976 INFO pr:0.9139  rc:0.9115  auc:0.9986 ap:0.9847 f1: 0.9127 pred_right: 455030 pred_wrong:14770 actu_right: 454992 actu_wrong: 14808
2026-07-12 14:33:17,637 P4130976 INFO ----------------------------------------------------------------------------------------------------
2026-07-12 14:33:17,637 P4130976 INFO 11/50 starting... lr: 0.001 para:0.0833333358168602
2026-07-12 14:33:37,734 P4130976 INFO Epoch 11/50, all_loss:0.67402 cls_loss:0.66781 rec_loss:0.74238 [20.09s]; best loss:0.67402, patience : 0
2026-07-12 14:33:48,470 P4130976 INFO pr:0.8946  rc:0.9398  auc:0.9987 ap:0.9859 f1: 0.9166 pred_right: 1059970 pred_wrong:36230 actu_right: 1061714 actu_wrong: 34486
2026-07-12 14:33:52,945 P4130976 INFO pr:0.8974  rc:0.9405  auc:0.9989 ap:0.9862 f1: 0.9185 pred_right: 454281 pred_wrong:15519 actu_right: 454992 actu_wrong: 14808
2026-07-12 14:33:52,953 P4130976 INFO ----------------------------------------------------------------------------------------------------
2026-07-12 14:33:52,953 P4130976 INFO 12/50 starting... lr: 0.001 para:0.07692307978868484
2026-07-12 14:34:18,113 P4130976 INFO Epoch 12/50, all_loss:0.65283 cls_loss:0.64407 rec_loss:0.75786 [25.14s]; best loss:0.65283, patience : 0
2026-07-12 14:34:29,516 P4130976 INFO pr:0.9112  rc:0.9373  auc:0.9991 ap:0.9869 f1: 0.9241 pred_right: 1060723 pred_wrong:35477 actu_right: 1061709 actu_wrong: 34491
2026-07-12 14:34:34,020 P4130976 INFO pr:0.9131  rc:0.9351  auc:0.9991 ap:0.9867 f1: 0.9240 pred_right: 454635 pred_wrong:15165 actu_right: 454992 actu_wrong: 14808
2026-07-12 14:34:34,024 P4130976 INFO ----------------------------------------------------------------------------------------------------
2026-07-12 14:34:34,024 P4130976 INFO 13/50 starting... lr: 0.001 para:0.0714285746216774
2026-07-12 14:34:53,918 P4130976 INFO Epoch 13/50, all_loss:0.59761 cls_loss:0.58403 rec_loss:0.77414 [19.89s]; best loss:0.59761, patience : 0
2026-07-12 14:35:04,190 P4130976 INFO pr:0.9067  rc:0.9510  auc:0.9991 ap:0.9896 f1: 0.9283 pred_right: 1060030 pred_wrong:36170 actu_right: 1061715 actu_wrong: 34485
2026-07-12 14:35:08,476 P4130976 INFO pr:0.9102  rc:0.9499  auc:0.9990 ap:0.9892 f1: 0.9296 pred_right: 454346 pred_wrong:15454 actu_right: 454992 actu_wrong: 14808
2026-07-12 14:35:08,480 P4130976 INFO ----------------------------------------------------------------------------------------------------
2026-07-12 14:35:08,480 P4130976 INFO 14/50 starting... lr: 0.001 para:0.06666667014360428
2026-07-12 14:35:28,838 P4130976 INFO Epoch 14/50, all_loss:0.59504 cls_loss:0.58199 rec_loss:0.77767 [20.35s]; best loss:0.59504, patience : 0
2026-07-12 14:35:38,021 P4130976 INFO pr:0.8966  rc:0.9636  auc:0.9992 ap:0.9882 f1: 0.9289 pred_right: 1059135 pred_wrong:37065 actu_right: 1061711 actu_wrong: 34489
2026-07-12 14:35:47,834 P4130976 INFO pr:0.8991  rc:0.9621  auc:0.9992 ap:0.9886 f1: 0.9295 pred_right: 453954 pred_wrong:15846 actu_right: 454992 actu_wrong: 14808
2026-07-12 14:35:47,844 P4130976 INFO ----------------------------------------------------------------------------------------------------
2026-07-12 14:35:47,844 P4130976 INFO 15/50 starting... lr: 0.001 para:0.0625
2026-07-12 14:36:10,130 P4130976 INFO Epoch 15/50, all_loss:0.57655 cls_loss:0.56219 rec_loss:0.79194 [22.28s]; best loss:0.57655, patience : 0
2026-07-12 14:36:20,481 P4130976 INFO pr:0.9170  rc:0.9460  auc:0.9992 ap:0.9905 f1: 0.9313 pred_right: 1060626 pred_wrong:35574 actu_right: 1061713 actu_wrong: 34487
2026-07-12 14:36:24,923 P4130976 INFO pr:0.9203  rc:0.9439  auc:0.9992 ap:0.9900 f1: 0.9319 pred_right: 454612 pred_wrong:15188 actu_right: 454992 actu_wrong: 14808
2026-07-12 14:36:24,928 P4130976 INFO ----------------------------------------------------------------------------------------------------
2026-07-12 14:36:24,928 P4130976 INFO 16/50 starting... lr: 0.001 para:0.05882352963089943
2026-07-12 14:36:44,911 P4130976 INFO Epoch 16/50, all_loss:0.54804 cls_loss:0.53188 rec_loss:0.80661 [19.98s]; best loss:0.54804, patience : 0
2026-07-12 14:36:55,263 P4130976 INFO pr:0.9209  rc:0.9415  auc:0.9992 ap:0.9905 f1: 0.9311 pred_right: 1060939 pred_wrong:35261 actu_right: 1061712 actu_wrong: 34488
2026-07-12 14:37:00,809 P4130976 INFO pr:0.9223  rc:0.9373  auc:0.9992 ap:0.9891 f1: 0.9297 pred_right: 454750 pred_wrong:15050 actu_right: 454992 actu_wrong: 14808
2026-07-12 14:37:00,810 P4130976 INFO ----------------------------------------------------------------------------------------------------
2026-07-12 14:37:00,810 P4130976 INFO 17/50 starting... lr: 0.001 para:0.0555555559694767
2026-07-12 14:37:26,722 P4130976 INFO Epoch 17/50, all_loss:0.54144 cls_loss:0.52456 rec_loss:0.82844 [25.91s]; best loss:0.54144, patience : 0
2026-07-12 14:37:37,575 P4130976 INFO pr:0.9368  rc:0.9024  auc:0.9991 ap:0.9899 f1: 0.9193 pred_right: 1062981 pred_wrong:33219 actu_right: 1061713 actu_wrong: 34487
2026-07-12 14:37:41,766 P4130976 INFO pr:0.9388  rc:0.9006  auc:0.9991 ap:0.9899 f1: 0.9193 pred_right: 455595 pred_wrong:14205 actu_right: 454992 actu_wrong: 14808
2026-07-12 14:37:41,767 P4130976 INFO ----------------------------------------------------------------------------------------------------
2026-07-12 14:37:41,767 P4130976 INFO 18/50 starting... lr: 0.001 para:0.05263157933950424
2026-07-12 14:38:01,771 P4130976 INFO Epoch 18/50, all_loss:0.52864 cls_loss:0.51045 rec_loss:0.85595 [20.00s]; best loss:0.52864, patience : 0
2026-07-12 14:38:11,973 P4130976 INFO pr:0.9490  rc:0.9034  auc:0.9989 ap:0.9917 f1: 0.9256 pred_right: 1063365 pred_wrong:32835 actu_right: 1061708 actu_wrong: 34492
2026-07-12 14:38:16,495 P4130976 INFO pr:0.9516  rc:0.9003  auc:0.9990 ap:0.9916 f1: 0.9252 pred_right: 455791 pred_wrong:14009 actu_right: 454992 actu_wrong: 14808
2026-07-12 14:38:16,496 P4130976 INFO ----------------------------------------------------------------------------------------------------
2026-07-12 14:38:16,496 P4130976 INFO 19/50 starting... lr: 0.001 para:0.05000000074505806
2026-07-12 14:38:36,286 P4130976 INFO Epoch 19/50, all_loss:0.52097 cls_loss:0.50340 rec_loss:0.85474 [19.79s]; best loss:0.52097, patience : 0
2026-07-12 14:38:49,131 P4130976 INFO pr:0.9216  rc:0.9608  auc:0.9991 ap:0.9922 f1: 0.9408 pred_right: 1060243 pred_wrong:35957 actu_right: 1061711 actu_wrong: 34489
2026-07-12 14:38:58,015 P4130976 INFO pr:0.9232  rc:0.9573  auc:0.9992 ap:0.9919 f1: 0.9399 pred_right: 454445 pred_wrong:15355 actu_right: 454992 actu_wrong: 14808
2026-07-12 14:38:58,020 P4130976 INFO ----------------------------------------------------------------------------------------------------
2026-07-12 14:38:58,020 P4130976 INFO 20/50 starting... lr: 0.001 para:0.0476190485060215
2026-07-12 14:39:18,479 P4130976 INFO Epoch 20/50, all_loss:0.49317 cls_loss:0.47448 rec_loss:0.86695 [20.45s]; best loss:0.49317, patience : 0
2026-07-12 14:39:28,913 P4130976 INFO pr:0.9488  rc:0.8904  auc:0.9993 ap:0.9921 f1: 0.9187 pred_right: 1063835 pred_wrong:32365 actu_right: 1061712 actu_wrong: 34488
2026-07-12 14:39:33,255 P4130976 INFO pr:0.9492  rc:0.8901  auc:0.9993 ap:0.9917 f1: 0.9187 pred_right: 455914 pred_wrong:13886 actu_right: 454992 actu_wrong: 14808
2026-07-12 14:39:33,256 P4130976 INFO ----------------------------------------------------------------------------------------------------
2026-07-12 14:39:33,256 P4130976 INFO 21/50 starting... lr: 0.001 para:0.04545454680919647
2026-07-12 14:39:53,294 P4130976 INFO Epoch 21/50, all_loss:0.46796 cls_loss:0.44921 rec_loss:0.86183 [20.03s]; best loss:0.46796, patience : 0
2026-07-12 14:40:04,401 P4130976 INFO pr:0.9279  rc:0.9608  auc:0.9994 ap:0.9920 f1: 0.9441 pred_right: 1060488 pred_wrong:35712 actu_right: 1061711 actu_wrong: 34489
2026-07-12 14:40:08,174 P4130976 INFO pr:0.9279  rc:0.9533  auc:0.9994 ap:0.9908 f1: 0.9404 pred_right: 454587 pred_wrong:15213 actu_right: 454992 actu_wrong: 14808
2026-07-12 14:40:08,178 P4130976 INFO ----------------------------------------------------------------------------------------------------
2026-07-12 14:40:08,178 P4130976 INFO 22/50 starting... lr: 0.001 para:0.043478261679410934
2026-07-12 14:40:35,127 P4130976 INFO Epoch 22/50, all_loss:0.47183 cls_loss:0.45357 rec_loss:0.87366 [26.95s]; best loss:0.46796, patience : 1
2026-07-12 14:40:46,023 P4130976 INFO pr:0.9307  rc:0.9574  auc:0.9992 ap:0.9931 f1: 0.9439 pred_right: 1060720 pred_wrong:35480 actu_right: 1061706 actu_wrong: 34494
2026-07-12 14:40:50,324 P4130976 INFO pr:0.9337  rc:0.9531  auc:0.9993 ap:0.9926 f1: 0.9433 pred_right: 454684 pred_wrong:15116 actu_right: 454992 actu_wrong: 14808
2026-07-12 14:40:50,324 P4130976 INFO ----------------------------------------------------------------------------------------------------
2026-07-12 14:40:50,325 P4130976 INFO 23/50 starting... lr: 0.001 para:0.0416666679084301
2026-07-12 14:41:10,301 P4130976 INFO Epoch 23/50, all_loss:0.47496 cls_loss:0.45680 rec_loss:0.89258 [19.98s]; best loss:0.46796, patience : 2
2026-07-12 14:41:20,786 P4130976 INFO pr:0.9314  rc:0.9591  auc:0.9993 ap:0.9935 f1: 0.9450 pred_right: 1060687 pred_wrong:35513 actu_right: 1061712 actu_wrong: 34488
2026-07-12 14:41:25,423 P4130976 INFO pr:0.9323  rc:0.9554  auc:0.9994 ap:0.9928 f1: 0.9437 pred_right: 454625 pred_wrong:15175 actu_right: 454992 actu_wrong: 14808
2026-07-12 14:41:25,428 P4130976 INFO ----------------------------------------------------------------------------------------------------
2026-07-12 14:41:25,428 P4130976 INFO 24/50 starting... lr: 0.001 para:0.03999999910593033
2026-07-12 14:41:47,948 P4130976 INFO Epoch 24/50, all_loss:0.44563 cls_loss:0.42695 rec_loss:0.89410 [22.51s]; best loss:0.44563, patience : 0
2026-07-12 14:42:02,871 P4130976 INFO pr:0.9329  rc:0.9553  auc:0.9993 ap:0.9930 f1: 0.9439 pred_right: 1060882 pred_wrong:35318 actu_right: 1061710 actu_wrong: 34490
2026-07-12 14:42:07,151 P4130976 INFO pr:0.9324  rc:0.9509  auc:0.9993 ap:0.9923 f1: 0.9416 pred_right: 454698 pred_wrong:15102 actu_right: 454992 actu_wrong: 14808
2026-07-12 14:42:07,152 P4130976 INFO ----------------------------------------------------------------------------------------------------
2026-07-12 14:42:07,158 P4130976 INFO 25/50 starting... lr: 0.001 para:0.03846153989434242
2026-07-12 14:42:27,044 P4130976 INFO Epoch 25/50, all_loss:0.43297 cls_loss:0.41357 rec_loss:0.91790 [19.88s]; best loss:0.43297, patience : 0
2026-07-12 14:42:37,531 P4130976 INFO pr:0.9723  rc:0.8554  auc:0.9992 ap:0.9934 f1: 0.9101 pred_right: 1065857 pred_wrong:30343 actu_right: 1061711 actu_wrong: 34489
2026-07-12 14:42:41,980 P4130976 INFO pr:0.9725  rc:0.8518  auc:0.9993 ap:0.9933 f1: 0.9082 pred_right: 456831 pred_wrong:12969 actu_right: 454992 actu_wrong: 14808
2026-07-12 14:42:41,981 P4130976 INFO ----------------------------------------------------------------------------------------------------
2026-07-12 14:42:41,981 P4130976 INFO 26/50 starting... lr: 0.001 para:0.03703703731298447
2026-07-12 14:43:02,923 P4130976 INFO Epoch 26/50, all_loss:0.43720 cls_loss:0.41896 rec_loss:0.91145 [20.94s]; best loss:0.43297, patience : 1
2026-07-12 14:43:11,820 P4130976 INFO pr:0.9388  rc:0.9367  auc:0.9995 ap:0.9921 f1: 0.9377 pred_right: 1061792 pred_wrong:34408 actu_right: 1061714 actu_wrong: 34486
2026-07-12 14:43:16,670 P4130976 INFO pr:0.9404  rc:0.9332  auc:0.9994 ap:0.9910 f1: 0.9368 pred_right: 455105 pred_wrong:14695 actu_right: 454992 actu_wrong: 14808
2026-07-12 14:43:16,671 P4130976 INFO ----------------------------------------------------------------------------------------------------
2026-07-12 14:43:16,672 P4130976 INFO 27/50 starting... lr: 0.001 para:0.0357142873108387
2026-07-12 14:43:43,746 P4130976 INFO Epoch 27/50, all_loss:0.42107 cls_loss:0.40253 rec_loss:0.92162 [27.07s]; best loss:0.42107, patience : 0
2026-07-12 14:43:54,548 P4130976 INFO pr:0.9367  rc:0.9636  auc:0.9995 ap:0.9946 f1: 0.9499 pred_right: 1060714 pred_wrong:35486 actu_right: 1061704 actu_wrong: 34496
2026-07-12 14:43:58,899 P4130976 INFO pr:0.9349  rc:0.9591  auc:0.9994 ap:0.9932 f1: 0.9468 pred_right: 454609 pred_wrong:15191 actu_right: 454992 actu_wrong: 14808
2026-07-12 14:43:58,903 P4130976 INFO ----------------------------------------------------------------------------------------------------
2026-07-12 14:43:58,904 P4130976 INFO 28/50 starting... lr: 0.001 para:0.03448275849223137
2026-07-12 14:44:19,037 P4130976 INFO Epoch 28/50, all_loss:0.42876 cls_loss:0.41080 rec_loss:0.93161 [20.13s]; best loss:0.42107, patience : 1
2026-07-12 14:44:29,433 P4130976 INFO pr:0.9431  rc:0.9569  auc:0.9995 ap:0.9942 f1: 0.9499 pred_right: 1061207 pred_wrong:34993 actu_right: 1061711 actu_wrong: 34489
2026-07-12 14:44:34,525 P4130976 INFO pr:0.9427  rc:0.9532  auc:0.9995 ap:0.9937 f1: 0.9479 pred_right: 454827 pred_wrong:14973 actu_right: 454992 actu_wrong: 14808
2026-07-12 14:44:34,529 P4130976 INFO ----------------------------------------------------------------------------------------------------
2026-07-12 14:44:34,529 P4130976 INFO 29/50 starting... lr: 0.001 para:0.03333333507180214
2026-07-12 14:45:00,160 P4130976 INFO Epoch 29/50, all_loss:0.39998 cls_loss:0.38157 rec_loss:0.93394 [25.63s]; best loss:0.39998, patience : 0
2026-07-12 14:45:11,027 P4130976 INFO pr:0.9582  rc:0.9223  auc:0.9996 ap:0.9944 f1: 0.9399 pred_right: 1063002 pred_wrong:33198 actu_right: 1061710 actu_wrong: 34490
2026-07-12 14:45:15,314 P4130976 INFO pr:0.9570  rc:0.9173  auc:0.9995 ap:0.9936 f1: 0.9367 pred_right: 455605 pred_wrong:14195 actu_right: 454992 actu_wrong: 14808
2026-07-12 14:45:15,315 P4130976 INFO ----------------------------------------------------------------------------------------------------
2026-07-12 14:45:15,315 P4130976 INFO 30/50 starting... lr: 0.001 para:0.032258063554763794
2026-07-12 14:45:34,906 P4130976 INFO Epoch 30/50, all_loss:0.39482 cls_loss:0.37560 rec_loss:0.97135 [19.59s]; best loss:0.39482, patience : 0
2026-07-12 14:45:45,985 P4130976 INFO pr:0.9441  rc:0.9712  auc:0.9996 ap:0.9956 f1: 0.9575 pred_right: 1060721 pred_wrong:35479 actu_right: 1061709 actu_wrong: 34491
2026-07-12 14:45:50,426 P4130976 INFO pr:0.9445  rc:0.9661  auc:0.9995 ap:0.9950 f1: 0.9552 pred_right: 454654 pred_wrong:15146 actu_right: 454992 actu_wrong: 14808
2026-07-12 14:45:50,431 P4130976 INFO ----------------------------------------------------------------------------------------------------
2026-07-12 14:45:50,431 P4130976 INFO 31/50 starting... lr: 0.001 para:0.03125
2026-07-12 14:46:10,323 P4130976 INFO Epoch 31/50, all_loss:0.39828 cls_loss:0.38026 rec_loss:0.95710 [19.89s]; best loss:0.39482, patience : 1
2026-07-12 14:46:23,743 P4130976 INFO pr:0.9439  rc:0.9678  auc:0.9991 ap:0.9951 f1: 0.9557 pred_right: 1060837 pred_wrong:35363 actu_right: 1061709 actu_wrong: 34491
2026-07-12 14:46:32,206 P4130976 INFO pr:0.9444  rc:0.9647  auc:0.9992 ap:0.9946 f1: 0.9544 pred_right: 454674 pred_wrong:15126 actu_right: 454992 actu_wrong: 14808
2026-07-12 14:46:32,207 P4130976 INFO ----------------------------------------------------------------------------------------------------
2026-07-12 14:46:32,207 P4130976 INFO 32/50 starting... lr: 0.001 para:0.03030303120613098
2026-07-12 14:46:52,380 P4130976 INFO Epoch 32/50, all_loss:0.40169 cls_loss:0.38348 rec_loss:0.98422 [20.17s]; best loss:0.39482, patience : 2
2026-07-12 14:47:02,711 P4130976 INFO pr:0.9331  rc:0.9796  auc:0.9996 ap:0.9955 f1: 0.9558 pred_right: 1059993 pred_wrong:36207 actu_right: 1061712 actu_wrong: 34488
2026-07-12 14:47:07,153 P4130976 INFO pr:0.9310  rc:0.9781  auc:0.9995 ap:0.9948 f1: 0.9540 pred_right: 454243 pred_wrong:15557 actu_right: 454992 actu_wrong: 14808
2026-07-12 14:47:07,154 P4130976 INFO ----------------------------------------------------------------------------------------------------
2026-07-12 14:47:07,154 P4130976 INFO 33/50 starting... lr: 0.001 para:0.029411764815449715
2026-07-12 14:47:27,040 P4130976 INFO Epoch 33/50, all_loss:0.38013 cls_loss:0.36161 rec_loss:0.99108 [19.88s]; best loss:0.38013, patience : 0
2026-07-12 14:47:39,105 P4130976 INFO pr:0.9339  rc:0.9773  auc:0.9995 ap:0.9950 f1: 0.9551 pred_right: 1060107 pred_wrong:36093 actu_right: 1061711 actu_wrong: 34489
2026-07-12 14:47:42,668 P4130976 INFO pr:0.9332  rc:0.9726  auc:0.9994 ap:0.9944 f1: 0.9525 pred_right: 454366 pred_wrong:15434 actu_right: 454992 actu_wrong: 14808
2026-07-12 14:47:42,669 P4130976 INFO ----------------------------------------------------------------------------------------------------
2026-07-12 14:47:42,669 P4130976 INFO 34/50 starting... lr: 0.001 para:0.02857142873108387
2026-07-12 14:48:09,934 P4130976 INFO Epoch 34/50, all_loss:0.38330 cls_loss:0.36534 rec_loss:0.99396 [27.26s]; best loss:0.38013, patience : 1
2026-07-12 14:48:20,022 P4130976 INFO pr:0.9331  rc:0.9565  auc:0.9994 ap:0.9930 f1: 0.9446 pred_right: 1060843 pred_wrong:35357 actu_right: 1061711 actu_wrong: 34489
2026-07-12 14:48:24,384 P4130976 INFO pr:0.9337  rc:0.9527  auc:0.9994 ap:0.9921 f1: 0.9431 pred_right: 454691 pred_wrong:15109 actu_right: 454992 actu_wrong: 14808
2026-07-12 14:48:24,385 P4130976 INFO ----------------------------------------------------------------------------------------------------
2026-07-12 14:48:24,385 P4130976 INFO 35/50 starting... lr: 0.001 para:0.02777777798473835
2026-07-12 14:48:44,120 P4130976 INFO Epoch 35/50, all_loss:0.37415 cls_loss:0.35590 rec_loss:1.01288 [19.73s]; best loss:0.37415, patience : 0
2026-07-12 14:48:54,558 P4130976 INFO pr:0.9320  rc:0.9781  auc:0.9996 ap:0.9944 f1: 0.9545 pred_right: 1060003 pred_wrong:36197 actu_right: 1061710 actu_wrong: 34490
2026-07-12 14:48:59,233 P4130976 INFO pr:0.9311  rc:0.9736  auc:0.9995 ap:0.9923 f1: 0.9519 pred_right: 454316 pred_wrong:15484 actu_right: 454992 actu_wrong: 14808
2026-07-12 14:48:59,234 P4130976 INFO ----------------------------------------------------------------------------------------------------
2026-07-12 14:48:59,234 P4130976 INFO 36/50 starting... lr: 0.001 para:0.027027027681469917
2026-07-12 14:49:18,806 P4130976 INFO Epoch 36/50, all_loss:0.35447 cls_loss:0.33608 rec_loss:1.01646 [19.57s]; best loss:0.35447, patience : 0
2026-07-12 14:49:37,009 P4130976 INFO pr:0.9459  rc:0.9498  auc:0.9995 ap:0.9940 f1: 0.9478 pred_right: 1061571 pred_wrong:34629 actu_right: 1061710 actu_wrong: 34490
2026-07-12 14:49:41,529 P4130976 INFO pr:0.9456  rc:0.9421  auc:0.9994 ap:0.9926 f1: 0.9439 pred_right: 455047 pred_wrong:14753 actu_right: 454992 actu_wrong: 14808
2026-07-12 14:49:41,530 P4130976 INFO ----------------------------------------------------------------------------------------------------
2026-07-12 14:49:41,530 P4130976 INFO 37/50 starting... lr: 0.001 para:0.02631578966975212
2026-07-12 14:50:01,573 P4130976 INFO Epoch 37/50, all_loss:0.36044 cls_loss:0.34267 rec_loss:1.01797 [20.04s]; best loss:0.35447, patience : 1
2026-07-12 14:50:12,257 P4130976 INFO pr:0.9538  rc:0.9593  auc:0.9995 ap:0.9959 f1: 0.9566 pred_right: 1061511 pred_wrong:34689 actu_right: 1061712 actu_wrong: 34488
2026-07-12 14:50:16,856 P4130976 INFO pr:0.9518  rc:0.9528  auc:0.9994 ap:0.9950 f1: 0.9523 pred_right: 454976 pred_wrong:14824 actu_right: 454992 actu_wrong: 14808
2026-07-12 14:50:16,857 P4130976 INFO ----------------------------------------------------------------------------------------------------
2026-07-12 14:50:16,857 P4130976 INFO 38/50 starting... lr: 0.001 para:0.025641025975346565
2026-07-12 14:50:36,873 P4130976 INFO Epoch 38/50, all_loss:0.34788 cls_loss:0.33024 rec_loss:1.01809 [20.01s]; best loss:0.34788, patience : 0
2026-07-12 14:50:48,018 P4130976 INFO pr:0.9482  rc:0.9637  auc:0.9994 ap:0.9949 f1: 0.9559 pred_right: 1061153 pred_wrong:35047 actu_right: 1061714 actu_wrong: 34486
2026-07-12 14:50:52,120 P4130976 INFO pr:0.9450  rc:0.9600  auc:0.9994 ap:0.9938 f1: 0.9524 pred_right: 454756 pred_wrong:15044 actu_right: 454992 actu_wrong: 14808
2026-07-12 14:50:52,121 P4130976 INFO ----------------------------------------------------------------------------------------------------
2026-07-12 14:50:52,121 P4130976 INFO 39/50 starting... lr: 0.001 para:0.02500000037252903
2026-07-12 14:51:18,812 P4130976 INFO Epoch 39/50, all_loss:0.38081 cls_loss:0.36438 rec_loss:1.02177 [26.69s]; best loss:0.34788, patience : 1
2026-07-12 14:51:29,116 P4130976 INFO pr:0.9448  rc:0.9652  auc:0.9995 ap:0.9956 f1: 0.9549 pred_right: 1060961 pred_wrong:35239 actu_right: 1061707 actu_wrong: 34493
2026-07-12 14:51:33,359 P4130976 INFO pr:0.9435  rc:0.9590  auc:0.9994 ap:0.9945 f1: 0.9512 pred_right: 454749 pred_wrong:15051 actu_right: 454992 actu_wrong: 14808
2026-07-12 14:51:33,360 P4130976 INFO ----------------------------------------------------------------------------------------------------
2026-07-12 14:51:33,366 P4130976 INFO 40/50 starting... lr: 0.001 para:0.024390242993831635
2026-07-12 14:51:53,320 P4130976 INFO Epoch 40/50, all_loss:0.35146 cls_loss:0.33427 rec_loss:1.03912 [19.95s]; best loss:0.34788, patience : 1
2026-07-12 14:52:03,857 P4130976 INFO pr:0.9408  rc:0.9755  auc:0.9997 ap:0.9961 f1: 0.9578 pred_right: 1060440 pred_wrong:35760 actu_right: 1061711 actu_wrong: 34489
2026-07-12 14:52:08,288 P4130976 INFO pr:0.9407  rc:0.9697  auc:0.9996 ap:0.9952 f1: 0.9550 pred_right: 454534 pred_wrong:15266 actu_right: 454992 actu_wrong: 14808
2026-07-12 14:52:08,292 P4130976 INFO ----------------------------------------------------------------------------------------------------
2026-07-12 14:52:08,292 P4130976 INFO 41/50 starting... lr: 0.001 para:0.02380952425301075
2026-07-12 14:52:31,478 P4130976 INFO Epoch 41/50, all_loss:0.33768 cls_loss:0.32032 rec_loss:1.04962 [23.18s]; best loss:0.33768, patience : 0
2026-07-12 14:52:45,504 P4130976 INFO pr:0.9323  rc:0.9833  auc:0.9997 ap:0.9959 f1: 0.9571 pred_right: 1059827 pred_wrong:36373 actu_right: 1061714 actu_wrong: 34486
2026-07-12 14:52:49,774 P4130976 INFO pr:0.9298  rc:0.9800  auc:0.9995 ap:0.9946 f1: 0.9542 pred_right: 454192 pred_wrong:15608 actu_right: 454992 actu_wrong: 14808
2026-07-12 14:52:49,775 P4130976 INFO ----------------------------------------------------------------------------------------------------
2026-07-12 14:52:49,776 P4130976 INFO 42/50 starting... lr: 0.001 para:0.023255813866853714
2026-07-12 14:53:09,888 P4130976 INFO Epoch 42/50, all_loss:0.34176 cls_loss:0.32494 rec_loss:1.04818 [20.11s]; best loss:0.33768, patience : 1
2026-07-12 14:53:20,527 P4130976 INFO pr:0.9421  rc:0.9750  auc:0.9994 ap:0.9957 f1: 0.9582 pred_right: 1060505 pred_wrong:35695 actu_right: 1061710 actu_wrong: 34490
2026-07-12 14:53:25,035 P4130976 INFO pr:0.9410  rc:0.9702  auc:0.9994 ap:0.9943 f1: 0.9553 pred_right: 454533 pred_wrong:15267 actu_right: 454992 actu_wrong: 14808
2026-07-12 14:53:25,040 P4130976 INFO ----------------------------------------------------------------------------------------------------
2026-07-12 14:53:25,040 P4130976 INFO 43/50 starting... lr: 0.001 para:0.022727273404598236
2026-07-12 14:53:46,174 P4130976 INFO Epoch 43/50, all_loss:0.33654 cls_loss:0.31950 rec_loss:1.06943 [21.13s]; best loss:0.33654, patience : 0
2026-07-12 14:53:55,229 P4130976 INFO pr:0.9657  rc:0.9377  auc:0.9997 ap:0.9960 f1: 0.9515 pred_right: 1062712 pred_wrong:33488 actu_right: 1061713 actu_wrong: 34487
2026-07-12 14:54:01,959 P4130976 INFO pr:0.9633  rc:0.9314  auc:0.9996 ap:0.9947 f1: 0.9471 pred_right: 455482 pred_wrong:14318 actu_right: 454992 actu_wrong: 14808
2026-07-12 14:54:01,960 P4130976 INFO ----------------------------------------------------------------------------------------------------
2026-07-12 14:54:01,961 P4130976 INFO 44/50 starting... lr: 0.001 para:0.02222222276031971
2026-07-12 14:54:27,077 P4130976 INFO Epoch 44/50, all_loss:0.34627 cls_loss:0.32984 rec_loss:1.06922 [25.12s]; best loss:0.33654, patience : 1
2026-07-12 14:54:37,762 P4130976 INFO pr:0.9540  rc:0.9666  auc:0.9997 ap:0.9962 f1: 0.9603 pred_right: 1061258 pred_wrong:34942 actu_right: 1061713 actu_wrong: 34487
2026-07-12 14:54:42,403 P4130976 INFO pr:0.9530  rc:0.9619  auc:0.9995 ap:0.9946 f1: 0.9574 pred_right: 454853 pred_wrong:14947 actu_right: 454992 actu_wrong: 14808
2026-07-12 14:54:42,407 P4130976 INFO ----------------------------------------------------------------------------------------------------
2026-07-12 14:54:42,407 P4130976 INFO 45/50 starting... lr: 0.001 para:0.021739130839705467
2026-07-12 14:55:02,676 P4130976 INFO Epoch 45/50, all_loss:0.34111 cls_loss:0.32517 rec_loss:1.05823 [20.27s]; best loss:0.33654, patience : 1
2026-07-12 14:55:13,962 P4130976 INFO pr:0.9503  rc:0.9650  auc:0.9996 ap:0.9953 f1: 0.9576 pred_right: 1061180 pred_wrong:35020 actu_right: 1061715 actu_wrong: 34485
2026-07-12 14:55:17,695 P4130976 INFO pr:0.9471  rc:0.9609  auc:0.9995 ap:0.9944 f1: 0.9539 pred_right: 454776 pred_wrong:15024 actu_right: 454992 actu_wrong: 14808
2026-07-12 14:55:17,696 P4130976 INFO ----------------------------------------------------------------------------------------------------
2026-07-12 14:55:17,696 P4130976 INFO 46/50 starting... lr: 0.001 para:0.021276595070958138
2026-07-12 14:55:43,397 P4130976 INFO Epoch 46/50, all_loss:0.33192 cls_loss:0.31577 rec_loss:1.07467 [25.70s]; best loss:0.33192, patience : 0
2026-07-12 14:55:54,095 P4130976 INFO pr:0.9612  rc:0.9530  auc:0.9997 ap:0.9960 f1: 0.9571 pred_right: 1062000 pred_wrong:34200 actu_right: 1061707 actu_wrong: 34493
2026-07-12 14:55:58,283 P4130976 INFO pr:0.9590  rc:0.9435  auc:0.9995 ap:0.9949 f1: 0.9512 pred_right: 455231 pred_wrong:14569 actu_right: 454992 actu_wrong: 14808
2026-07-12 14:55:58,284 P4130976 INFO ----------------------------------------------------------------------------------------------------
2026-07-12 14:55:58,284 P4130976 INFO 47/50 starting... lr: 0.001 para:0.02083333395421505
2026-07-12 14:56:18,441 P4130976 INFO Epoch 47/50, all_loss:0.32936 cls_loss:0.31331 rec_loss:1.08394 [20.15s]; best loss:0.32936, patience : 0
2026-07-12 14:56:28,972 P4130976 INFO pr:0.9446  rc:0.9735  auc:0.9995 ap:0.9958 f1: 0.9589 pred_right: 1060663 pred_wrong:35537 actu_right: 1061717 actu_wrong: 34483
2026-07-12 14:56:33,388 P4130976 INFO pr:0.9422  rc:0.9679  auc:0.9995 ap:0.9948 f1: 0.9549 pred_right: 454587 pred_wrong:15213 actu_right: 454992 actu_wrong: 14808
2026-07-12 14:56:33,389 P4130976 INFO ----------------------------------------------------------------------------------------------------
2026-07-12 14:56:33,389 P4130976 INFO 48/50 starting... lr: 0.001 para:0.020408162847161293
2026-07-12 14:56:52,932 P4130976 INFO Epoch 48/50, all_loss:0.30956 cls_loss:0.29357 rec_loss:1.07722 [19.54s]; best loss:0.30956, patience : 0
2026-07-12 14:57:06,896 P4130976 INFO pr:0.9375  rc:0.9867  auc:0.9997 ap:0.9967 f1: 0.9614 pred_right: 1059902 pred_wrong:36298 actu_right: 1061713 actu_wrong: 34487
2026-07-12 14:57:14,239 P4130976 INFO pr:0.9388  rc:0.9819  auc:0.9996 ap:0.9958 f1: 0.9599 pred_right: 454312 pred_wrong:15488 actu_right: 454992 actu_wrong: 14808
2026-07-12 14:57:14,244 P4130976 INFO ----------------------------------------------------------------------------------------------------
2026-07-12 14:57:14,244 P4130976 INFO 49/50 starting... lr: 0.001 para:0.019999999552965164
2026-07-12 14:57:34,140 P4130976 INFO Epoch 49/50, all_loss:0.32619 cls_loss:0.31073 rec_loss:1.08397 [19.89s]; best loss:0.30956, patience : 1
2026-07-12 14:57:44,219 P4130976 INFO pr:0.9422  rc:0.9822  auc:0.9997 ap:0.9963 f1: 0.9618 pred_right: 1060248 pred_wrong:35952 actu_right: 1061712 actu_wrong: 34488
2026-07-12 14:57:48,540 P4130976 INFO pr:0.9422  rc:0.9760  auc:0.9996 ap:0.9952 f1: 0.9588 pred_right: 454462 pred_wrong:15338 actu_right: 454992 actu_wrong: 14808
2026-07-12 14:57:48,544 P4130976 INFO saving model...
2026-07-12 14:57:48,544 P4130976 INFO FITS_Legendre - loss  best score:0.30956289172172546 at epoch 48
2026-07-12 14:57:48,549 P4130976 INFO FITS_Legendre - f1  best score:0.9618114707552528 at epoch 49
2026-07-12 14:57:48,554 P4130976 INFO Average training time per epoch: 21.55 seconds
2026-07-12 14:57:48,554 P4130976 INFO calculate scores...
2026-07-12 14:57:48,555 P4130976 INFO calculate label with loss...
2026-07-12 14:57:48,555 P4130976 INFO FITS_Legendre on ./result/FITS_Legendre-TT-Epochs50-Seed1ExpNameRQ1_main loading...
2026-07-12 14:57:53,182 P4130976 INFO pr:0.9388  rc:0.9819  auc:0.9996 ap:0.9958 f1: 0.9599 pred_right: 454312 pred_wrong:15488 actu_right: 454992 actu_wrong: 14808
2026-07-12 14:58:06,756 P4130976 INFO pr:0.9388  rc:0.9819  auc:0.9996 ap:0.9958 f1: 0.9599 pred_right: 454312 pred_wrong:15488 actu_right: 454992 actu_wrong: 14808
2026-07-12 14:58:06,766 P4130976 INFO Performance Summary:
{'GPU': {'inference_time_per_sample_ms': 0.23385039197043628, 'throughput_samples_per_sec': 4276.238288821947, 'peak_memory_mb': 139.2978515625, 'energy_per_sample_joules': 0.012937539085372417}, 'CPU': {'inference_time_per_sample_ms': 0.7458998059295759, 'throughput_samples_per_sec': 1340.6626359873526, 'peak_memory_mb': 5867.05859375, 'energy_per_sample_joules': 0.048483487385422436}}
2026-07-12 14:58:06,766 P4130976 INFO Starting clean-room hardware benchmarking...
2026-07-12 14:58:07,607 P4130976 INFO Performance with loss: pr:0.9388  rc:0.9819  auc:0.9996 ap:0.9958 f1: 0.9599 pred_right: 454312 pred_wrong:15488 actu_right: 454992 actu_wrong: 14808
2026-07-12 14:58:07,607 P4130976 INFO calculate label with f1...
2026-07-12 14:58:07,607 P4130976 INFO FITS_Legendre on ./result/FITS_Legendre-TT-Epochs50-Seed1ExpNameRQ1_main loading...
2026-07-12 14:58:12,109 P4130976 INFO pr:0.9422  rc:0.9760  auc:0.9996 ap:0.9952 f1: 0.9588 pred_right: 454462 pred_wrong:15338 actu_right: 454992 actu_wrong: 14808
2026-07-12 14:58:25,827 P4130976 INFO pr:0.9422  rc:0.9760  auc:0.9996 ap:0.9952 f1: 0.9588 pred_right: 454462 pred_wrong:15338 actu_right: 454992 actu_wrong: 14808
2026-07-12 14:58:25,828 P4130976 INFO Performance Summary:
{'GPU': {'inference_time_per_sample_ms': 0.22681894576097875, 'throughput_samples_per_sec': 4408.802786050322, 'peak_memory_mb': 138.791015625, 'energy_per_sample_joules': 0.013065678551615422}, 'CPU': {'inference_time_per_sample_ms': 0.7583558080390729, 'throughput_samples_per_sec': 1318.642238114799, 'peak_memory_mb': 5728.19140625, 'energy_per_sample_joules': 0.04929312752253974}}
2026-07-12 14:58:25,828 P4130976 INFO Starting clean-room hardware benchmarking...
2026-07-12 14:58:26,546 P4130976 INFO Performance with f1: pr:0.9422  rc:0.9760  auc:0.9996 ap:0.9952 f1: 0.9588 pred_right: 454462 pred_wrong:15338 actu_right: 454992 actu_wrong: 14808
