2026-09-15 08:49:43,662 P3716404 INFO ---- Model: ----MSTGAD-268a2446----random_seed : 2----req_loss_approach : Legendre-style----rec_lambda : 1.0----auxi_lambda : 0.2----Freq Domain : FITS_Legendre----Multi Fits : false----train : True----evaluate : False
2026-09-15 08:49:43,662 P3716404 INFO Load from /home/db2003/Desktop/Amr/Tests/Eadro/codes/chunks/TT
2026-09-15 08:50:00,461 P3716404 INFO Fewshot: training with 1.0 of the 70% of the data
2026-09-15 08:50:00,570 P3716404 INFO Trainable Parameters Breakdown:
2026-09-15 08:50:00,570 P3716404 INFO --------------------------------------------------------------------------------
2026-09-15 08:50:00,570 P3716404 INFO Reconstruction-Specific Parameters:
2026-09-15 08:50:00,570 P3716404 INFO node_emb.linear.weight                   | shape: (8, 7)                    | params: 56
2026-09-15 08:50:00,570 P3716404 INFO node_emb.linear.bias                     | shape: (8,)                      | params: 8
2026-09-15 08:50:00,570 P3716404 INFO log_emb.linear.weight                    | shape: (32, 60)                  | params: 1,920
2026-09-15 08:50:00,570 P3716404 INFO log_emb.linear.bias                      | shape: (32,)                     | params: 32
2026-09-15 08:50:00,570 P3716404 INFO egde_emb.linear.weight                   | shape: (8, 2)                    | params: 16
2026-09-15 08:50:00,570 P3716404 INFO egde_emb.linear.bias                     | shape: (8,)                      | params: 8
2026-09-15 08:50:00,570 P3716404 INFO dense_node.weight                        | shape: (7, 8)                    | params: 56
2026-09-15 08:50:00,570 P3716404 INFO dense_node.bias                          | shape: (7,)                      | params: 7
2026-09-15 08:50:00,570 P3716404 INFO dense_log.weight                         | shape: (60, 32)                  | params: 1,920
2026-09-15 08:50:00,570 P3716404 INFO dense_log.bias                           | shape: (60,)                     | params: 60
2026-09-15 08:50:00,570 P3716404 INFO dense_edge.weight                        | shape: (2, 8)                    | params: 16
2026-09-15 08:50:00,571 P3716404 INFO dense_edge.bias                          | shape: (2,)                      | params: 2
2026-09-15 08:50:00,571 P3716404 INFO linear_attn.Wq.weight                    | shape: (10, 10)                  | params: 100
2026-09-15 08:50:00,571 P3716404 INFO linear_attn.Wk.weight                    | shape: (10, 10)                  | params: 100
2026-09-15 08:50:00,571 P3716404 INFO linear_attn.Wv.weight                    | shape: (10, 10)                  | params: 100
2026-09-15 08:50:00,571 P3716404 INFO linear_attn.out.weight                   | shape: (10, 10)                  | params: 100
2026-09-15 08:50:00,571 P3716404 INFO linear_attn.out.bias                     | shape: (10,)                     | params: 10
2026-09-15 08:50:00,571 P3716404 INFO linear_attn.norm.weight                  | shape: (10,)                     | params: 10
2026-09-15 08:50:00,571 P3716404 INFO linear_attn.norm.bias                    | shape: (10,)                     | params: 10
2026-09-15 08:50:00,571 P3716404 INFO shared_fits.normlin_W                    | shape: (7, 7)                    | params: 49
2026-09-15 08:50:00,571 P3716404 INFO shared_fits.freq_upsampler.weight        | shape: (7, 7)                    | params: 49
2026-09-15 08:50:00,571 P3716404 INFO shared_fits.freq_upsampler.bias          | shape: (7,)                      | params: 7
2026-09-15 08:50:00,571 P3716404 INFO modality_proj.node.weight                | shape: (10, 8)                   | params: 80
2026-09-15 08:50:00,571 P3716404 INFO modality_proj.node.bias                  | shape: (10,)                     | params: 10
2026-09-15 08:50:00,571 P3716404 INFO modality_proj.log.weight                 | shape: (10, 32)                  | params: 320
2026-09-15 08:50:00,571 P3716404 INFO modality_proj.log.bias                   | shape: (10,)                     | params: 10
2026-09-15 08:50:00,571 P3716404 INFO modality_proj.edge.weight                | shape: (10, 8)                   | params: 80
2026-09-15 08:50:00,571 P3716404 INFO modality_proj.edge.bias                  | shape: (10,)                     | params: 10
2026-09-15 08:50:00,571 P3716404 INFO modality_proj_out.node.weight            | shape: (8, 10)                   | params: 80
2026-09-15 08:50:00,572 P3716404 INFO modality_proj_out.node.bias              | shape: (8,)                      | params: 8
2026-09-15 08:50:00,572 P3716404 INFO modality_proj_out.log.weight             | shape: (32, 10)                  | params: 320
2026-09-15 08:50:00,572 P3716404 INFO modality_proj_out.log.bias               | shape: (32,)                     | params: 32
2026-09-15 08:50:00,572 P3716404 INFO modality_proj_out.edge.weight            | shape: (8, 10)                   | params: 80
2026-09-15 08:50:00,572 P3716404 INFO modality_proj_out.edge.bias              | shape: (8,)                      | params: 8
2026-09-15 08:50:00,572 P3716404 INFO Subtotal: 5,674
2026-09-15 08:50:00,572 P3716404 INFO --------------------------------------------------------------------------------
2026-09-15 08:50:00,572 P3716404 INFO Common Parameters:
2026-09-15 08:50:00,572 P3716404 INFO show.0.weight                            | shape: (128, 69)                 | params: 8,832
2026-09-15 08:50:00,572 P3716404 INFO show.0.bias                              | shape: (128,)                    | params: 128
2026-09-15 08:50:00,572 P3716404 INFO show.2.weight                            | shape: (2, 128)                  | params: 256
2026-09-15 08:50:00,572 P3716404 INFO show.2.bias                              | shape: (2,)                      | params: 2
2026-09-15 08:50:00,572 P3716404 INFO Subtotal: 9,218
2026-09-15 08:50:00,572 P3716404 INFO --------------------------------------------------------------------------------
2026-09-15 08:50:00,572 P3716404 INFO Total Trainable Parameters: 14,892

2026-09-15 08:50:00,572 P3716404 INFO Trainable Parameters: 14892, reconstruction: 5674, common: 9218
2026-09-15 08:50:00,573 P3716404 INFO model : init weight
2026-09-15 08:50:00,573 P3716404 INFO Using GPU...
2026-09-15 08:50:00,579 P3716404 INFO optimizer : using AdaBelief
2026-09-15 08:50:00,580 P3716404 INFO ----------------------------------------------------------------------------------------------------
2026-09-15 08:50:00,580 P3716404 INFO 0/50 starting... lr: 0.001 para:1.0
2026-09-15 08:50:35,220 P3716404 INFO Epoch 0/50, all_loss:147039584.00000 cls_loss:1557400704.00000 rec_loss:147039584.00000 [34.63s]; best loss:147039584.00000, patience : 0
2026-09-15 08:50:35,221 P3716404 INFO ----------------------------------------------------------------------------------------------------
2026-09-15 08:50:35,221 P3716404 INFO 1/50 starting... lr: 0.001 para:0.5
2026-09-15 08:51:11,419 P3716404 INFO Epoch 1/50, all_loss:364802.21875 cls_loss:563147.31250 rec_loss:166457.10938 [36.19s]; best loss:364802.21875, patience : 0
2026-09-15 08:51:11,421 P3716404 INFO ----------------------------------------------------------------------------------------------------
2026-09-15 08:51:11,421 P3716404 INFO 2/50 starting... lr: 0.001 para:0.3333333432674408
2026-09-15 08:51:58,476 P3716404 INFO Epoch 2/50, all_loss:796345.68750 cls_loss:1084267.75000 rec_loss:220501.71875 [47.05s]; best loss:364802.21875, patience : 1
2026-09-15 08:52:16,803 P3716404 INFO pr:0.1026  rc:0.0005  auc:0.5002 ap:0.5000 f1: 0.0009 pred_right: 1096044 pred_wrong:156 actu_right: 1061715 actu_wrong: 34485
2026-09-15 08:52:24,815 P3716404 INFO pr:0.0341  rc:0.0002  auc:0.5000 ap:0.5000 f1: 0.0004 pred_right: 469712 pred_wrong:88 actu_right: 454992 actu_wrong: 14808
2026-09-15 08:52:24,822 P3716404 INFO ----------------------------------------------------------------------------------------------------
2026-09-15 08:52:24,822 P3716404 INFO 3/50 starting... lr: 0.001 para:0.25
2026-09-15 08:53:06,759 P3716404 INFO Epoch 3/50, all_loss:735253.75000 cls_loss:897643.68750 rec_loss:248084.43750 [41.94s]; best loss:364802.21875, patience : 1
2026-09-15 08:53:24,187 P3716404 INFO pr:0.1113  rc:0.0022  auc:0.5008 ap:0.5001 f1: 0.0043 pred_right: 1095526 pred_wrong:674 actu_right: 1061709 actu_wrong: 34491
2026-09-15 08:53:31,202 P3716404 INFO pr:0.1413  rc:0.0026  auc:0.5011 ap:0.5002 f1: 0.0052 pred_right: 469524 pred_wrong:276 actu_right: 454992 actu_wrong: 14808
2026-09-15 08:53:31,214 P3716404 INFO ----------------------------------------------------------------------------------------------------
2026-09-15 08:53:31,215 P3716404 INFO 4/50 starting... lr: 0.001 para:0.20000000298023224
2026-09-15 08:54:21,463 P3716404 INFO Epoch 4/50, all_loss:943883.37500 cls_loss:1130015.00000 rec_loss:199357.10938 [50.25s]; best loss:364802.21875, patience : 2
2026-09-15 08:54:40,887 P3716404 INFO pr:0.0504  rc:0.0004  auc:0.5001 ap:0.5000 f1: 0.0008 pred_right: 1095922 pred_wrong:278 actu_right: 1061709 actu_wrong: 34491
2026-09-15 08:54:49,291 P3716404 INFO pr:0.0171  rc:0.0001  auc:0.4999 ap:0.5000 f1: 0.0003 pred_right: 469683 pred_wrong:117 actu_right: 454992 actu_wrong: 14808
2026-09-15 08:54:49,292 P3716404 INFO ----------------------------------------------------------------------------------------------------
2026-09-15 08:54:49,292 P3716404 INFO 5/50 starting... lr: 0.001 para:0.1666666716337204
2026-09-15 08:55:30,416 P3716404 INFO Epoch 5/50, all_loss:213219.82812 cls_loss:242080.75000 rec_loss:68915.39062 [41.11s]; best loss:213219.82812, patience : 0
2026-09-15 08:55:49,026 P3716404 INFO pr:0.0391  rc:0.0011  auc:0.5001 ap:0.5000 f1: 0.0021 pred_right: 1095229 pred_wrong:971 actu_right: 1061710 actu_wrong: 34490
2026-09-15 08:55:55,398 P3716404 INFO pr:0.0350  rc:0.0009  auc:0.5000 ap:0.5000 f1: 0.0018 pred_right: 469400 pred_wrong:400 actu_right: 454992 actu_wrong: 14808
2026-09-15 08:55:55,399 P3716404 INFO ----------------------------------------------------------------------------------------------------
2026-09-15 08:55:55,399 P3716404 INFO 6/50 starting... lr: 0.001 para:0.1428571492433548
2026-09-15 08:56:45,837 P3716404 INFO Epoch 6/50, all_loss:13383.55371 cls_loss:14554.34375 rec_loss:6358.81055 [50.43s]; best loss:13383.55371, patience : 0
2026-09-15 08:57:04,709 P3716404 INFO pr:0.0320  rc:0.0047  auc:0.5000 ap:0.5000 f1: 0.0081 pred_right: 1091168 pred_wrong:5032 actu_right: 1061710 actu_wrong: 34490
2026-09-15 08:57:12,354 P3716404 INFO pr:0.0221  rc:0.0032  auc:0.4993 ap:0.5000 f1: 0.0056 pred_right: 467675 pred_wrong:2125 actu_right: 454992 actu_wrong: 14808
2026-09-15 08:57:12,360 P3716404 INFO ----------------------------------------------------------------------------------------------------
2026-09-15 08:57:12,360 P3716404 INFO 7/50 starting... lr: 0.001 para:0.125
2026-09-15 08:57:52,733 P3716404 INFO Epoch 7/50, all_loss:5303.13965 cls_loss:5391.09180 rec_loss:4687.48047 [40.36s]; best loss:5303.13965, patience : 0
2026-09-15 08:58:12,648 P3716404 INFO pr:0.0387  rc:0.0161  auc:0.5014 ap:0.5001 f1: 0.0228 pred_right: 1081818 pred_wrong:14382 actu_right: 1061713 actu_wrong: 34487
2026-09-15 08:58:18,165 P3716404 INFO pr:0.0395  rc:0.0162  auc:0.5014 ap:0.5001 f1: 0.0230 pred_right: 463726 pred_wrong:6074 actu_right: 454992 actu_wrong: 14808
2026-09-15 08:58:18,171 P3716404 INFO ----------------------------------------------------------------------------------------------------
2026-09-15 08:58:18,171 P3716404 INFO 8/50 starting... lr: 0.001 para:0.1111111119389534
2026-09-15 08:59:07,596 P3716404 INFO Epoch 8/50, all_loss:3599.27710 cls_loss:3524.74683 rec_loss:4195.51807 [49.42s]; best loss:3599.27710, patience : 0
2026-09-15 08:59:27,234 P3716404 INFO pr:0.0645  rc:0.0460  auc:0.5133 ap:0.5014 f1: 0.0537 pred_right: 1071577 pred_wrong:24623 actu_right: 1061713 actu_wrong: 34487
2026-09-15 08:59:34,703 P3716404 INFO pr:0.0643  rc:0.0452  auc:0.5130 ap:0.5013 f1: 0.0531 pred_right: 459388 pred_wrong:10412 actu_right: 454992 actu_wrong: 14808
2026-09-15 08:59:34,710 P3716404 INFO ----------------------------------------------------------------------------------------------------
2026-09-15 08:59:34,710 P3716404 INFO 9/50 starting... lr: 0.001 para:0.10000000149011612
2026-09-15 09:00:14,371 P3716404 INFO Epoch 9/50, all_loss:2880.19678 cls_loss:2747.02637 rec_loss:4078.73022 [39.65s]; best loss:2880.19678, patience : 0
2026-09-15 09:00:33,635 P3716404 INFO pr:0.1184  rc:0.0123  auc:0.5051 ap:0.5010 f1: 0.0222 pred_right: 1092627 pred_wrong:3573 actu_right: 1061709 actu_wrong: 34491
2026-09-15 09:00:40,909 P3716404 INFO pr:0.1223  rc:0.0130  auc:0.5051 ap:0.5010 f1: 0.0234 pred_right: 468230 pred_wrong:1570 actu_right: 454992 actu_wrong: 14808
2026-09-15 09:00:40,910 P3716404 INFO ----------------------------------------------------------------------------------------------------
2026-09-15 09:00:40,910 P3716404 INFO 10/50 starting... lr: 0.001 para:0.09090909361839294
2026-09-15 09:01:29,655 P3716404 INFO Epoch 10/50, all_loss:2882.16064 cls_loss:2772.23242 rec_loss:3981.44482 [48.74s]; best loss:2880.19678, patience : 1
2026-09-15 09:01:48,981 P3716404 INFO pr:0.1556  rc:0.0049  auc:0.5025 ap:0.5006 f1: 0.0094 pred_right: 1095120 pred_wrong:1080 actu_right: 1061712 actu_wrong: 34488
2026-09-15 09:01:57,165 P3716404 INFO pr:0.1723  rc:0.0055  auc:0.5028 ap:0.5007 f1: 0.0106 pred_right: 469330 pred_wrong:470 actu_right: 454992 actu_wrong: 14808
2026-09-15 09:01:57,166 P3716404 INFO ----------------------------------------------------------------------------------------------------
2026-09-15 09:01:57,166 P3716404 INFO 11/50 starting... lr: 0.001 para:0.0833333358168602
2026-09-15 09:02:36,627 P3716404 INFO Epoch 11/50, all_loss:2402.78076 cls_loss:2268.67334 rec_loss:3877.95996 [39.45s]; best loss:2402.78076, patience : 0
2026-09-15 09:02:56,721 P3716404 INFO pr:0.0762  rc:0.0507  auc:0.5188 ap:0.5024 f1: 0.0609 pred_right: 1073239 pred_wrong:22961 actu_right: 1061712 actu_wrong: 34488
2026-09-15 09:03:05,728 P3716404 INFO pr:0.0694  rc:0.0464  auc:0.5158 ap:0.5020 f1: 0.0556 pred_right: 459905 pred_wrong:9895 actu_right: 454992 actu_wrong: 14808
2026-09-15 09:03:05,733 P3716404 INFO ----------------------------------------------------------------------------------------------------
2026-09-15 09:03:05,733 P3716404 INFO 12/50 starting... lr: 0.001 para:0.07692307978868484
2026-09-15 09:03:53,577 P3716404 INFO Epoch 12/50, all_loss:2291.96851 cls_loss:2157.67065 rec_loss:3903.54468 [47.84s]; best loss:2291.96851, patience : 0
2026-09-15 09:04:11,711 P3716404 INFO pr:0.1911  rc:0.0707  auc:0.5355 ap:0.5093 f1: 0.1032 pred_right: 1083443 pred_wrong:12757 actu_right: 1061706 actu_wrong: 34494
2026-09-15 09:04:19,156 P3716404 INFO pr:0.1904  rc:0.0687  auc:0.5334 ap:0.5087 f1: 0.1010 pred_right: 464452 pred_wrong:5348 actu_right: 454992 actu_wrong: 14808
2026-09-15 09:04:19,163 P3716404 INFO ----------------------------------------------------------------------------------------------------
2026-09-15 09:04:19,164 P3716404 INFO 13/50 starting... lr: 0.001 para:0.0714285746216774
2026-09-15 09:04:58,583 P3716404 INFO Epoch 13/50, all_loss:1797.95642 cls_loss:1634.97388 rec_loss:3916.73071 [39.41s]; best loss:1797.95642, patience : 0
2026-09-15 09:05:19,533 P3716404 INFO pr:0.2835  rc:0.0179  auc:0.5106 ap:0.5040 f1: 0.0336 pred_right: 1094027 pred_wrong:2173 actu_right: 1061712 actu_wrong: 34488
2026-09-15 09:05:28,456 P3716404 INFO pr:0.2795  rc:0.0182  auc:0.5102 ap:0.5038 f1: 0.0342 pred_right: 468834 pred_wrong:966 actu_right: 454992 actu_wrong: 14808
2026-09-15 09:05:28,467 P3716404 INFO ----------------------------------------------------------------------------------------------------
2026-09-15 09:05:28,467 P3716404 INFO 14/50 starting... lr: 0.001 para:0.06666667014360428
2026-09-15 09:06:15,623 P3716404 INFO Epoch 14/50, all_loss:1876.02405 cls_loss:1731.58008 rec_loss:3898.24023 [47.15s]; best loss:1797.95642, patience : 1
2026-09-15 09:06:34,936 P3716404 INFO pr:0.0625  rc:0.0248  auc:0.5087 ap:0.5010 f1: 0.0355 pred_right: 1082519 pred_wrong:13681 actu_right: 1061714 actu_wrong: 34486
2026-09-15 09:06:42,944 P3716404 INFO pr:0.0537  rc:0.0210  auc:0.5064 ap:0.5007 f1: 0.0302 pred_right: 464013 pred_wrong:5787 actu_right: 454992 actu_wrong: 14808
2026-09-15 09:06:42,945 P3716404 INFO ----------------------------------------------------------------------------------------------------
2026-09-15 09:06:42,945 P3716404 INFO 15/50 starting... lr: 0.001 para:0.0625
2026-09-15 09:07:23,077 P3716404 INFO Epoch 15/50, all_loss:1564.25244 cls_loss:1411.36328 rec_loss:3857.58936 [40.13s]; best loss:1564.25244, patience : 0
2026-09-15 09:07:43,466 P3716404 INFO pr:0.1003  rc:0.0341  auc:0.5149 ap:0.5024 f1: 0.0509 pred_right: 1084476 pred_wrong:11724 actu_right: 1061712 actu_wrong: 34488
2026-09-15 09:07:52,193 P3716404 INFO pr:0.1028  rc:0.0345  auc:0.5154 ap:0.5025 f1: 0.0517 pred_right: 464830 pred_wrong:4970 actu_right: 454992 actu_wrong: 14808
2026-09-15 09:07:52,195 P3716404 INFO ----------------------------------------------------------------------------------------------------
2026-09-15 09:07:52,195 P3716404 INFO 16/50 starting... lr: 0.001 para:0.05882352963089943
2026-09-15 09:08:39,530 P3716404 INFO Epoch 16/50, all_loss:1412.46460 cls_loss:1260.10364 rec_loss:3850.24048 [47.33s]; best loss:1412.46460, patience : 0
2026-09-15 09:08:58,394 P3716404 INFO pr:0.3057  rc:0.0125  auc:0.5088 ap:0.5034 f1: 0.0241 pred_right: 1094787 pred_wrong:1413 actu_right: 1061711 actu_wrong: 34489
2026-09-15 09:09:05,754 P3716404 INFO pr:0.2729  rc:0.0117  auc:0.5082 ap:0.5029 f1: 0.0224 pred_right: 469166 pred_wrong:634 actu_right: 454992 actu_wrong: 14808
2026-09-15 09:09:05,755 P3716404 INFO ----------------------------------------------------------------------------------------------------
2026-09-15 09:09:05,755 P3716404 INFO 17/50 starting... lr: 0.001 para:0.0555555559694767
2026-09-15 09:09:44,736 P3716404 INFO Epoch 17/50, all_loss:1306.86328 cls_loss:1158.93909 rec_loss:3821.57544 [38.97s]; best loss:1306.86328, patience : 0
2026-09-15 09:10:05,226 P3716404 INFO pr:0.1274  rc:0.0912  auc:0.5462 ap:0.5096 f1: 0.1063 pred_right: 1071506 pred_wrong:24694 actu_right: 1061712 actu_wrong: 34488
2026-09-15 09:10:13,157 P3716404 INFO pr:0.1271  rc:0.0906  auc:0.5463 ap:0.5096 f1: 0.1058 pred_right: 459244 pred_wrong:10556 actu_right: 454992 actu_wrong: 14808
2026-09-15 09:10:13,164 P3716404 INFO ----------------------------------------------------------------------------------------------------
2026-09-15 09:10:13,164 P3716404 INFO 18/50 starting... lr: 0.001 para:0.05263157933950424
2026-09-15 09:11:00,855 P3716404 INFO Epoch 18/50, all_loss:1115.30139 cls_loss:958.31433 rec_loss:3941.06616 [47.68s]; best loss:1115.30139, patience : 0
2026-09-15 09:11:20,391 P3716404 INFO pr:0.2298  rc:0.0831  auc:0.5484 ap:0.5158 f1: 0.1221 pred_right: 1083728 pred_wrong:12472 actu_right: 1061712 actu_wrong: 34488
2026-09-15 09:11:28,389 P3716404 INFO pr:0.2243  rc:0.0793  auc:0.5457 ap:0.5145 f1: 0.1172 pred_right: 464561 pred_wrong:5239 actu_right: 454992 actu_wrong: 14808
2026-09-15 09:11:28,396 P3716404 INFO ----------------------------------------------------------------------------------------------------
2026-09-15 09:11:28,396 P3716404 INFO 19/50 starting... lr: 0.001 para:0.05000000074505806
2026-09-15 09:12:07,059 P3716404 INFO Epoch 19/50, all_loss:1099.27734 cls_loss:953.21735 rec_loss:3874.42065 [38.66s]; best loss:1099.27734, patience : 0
2026-09-15 09:12:26,497 P3716404 INFO pr:0.1700  rc:0.0787  auc:0.5518 ap:0.5124 f1: 0.1076 pred_right: 1080233 pred_wrong:15967 actu_right: 1061712 actu_wrong: 34488
2026-09-15 09:12:34,782 P3716404 INFO pr:0.1708  rc:0.0781  auc:0.5504 ap:0.5120 f1: 0.1071 pred_right: 463030 pred_wrong:6770 actu_right: 454992 actu_wrong: 14808
2026-09-15 09:12:34,783 P3716404 INFO ----------------------------------------------------------------------------------------------------
2026-09-15 09:12:34,784 P3716404 INFO 20/50 starting... lr: 0.001 para:0.0476190485060215
2026-09-15 09:13:21,336 P3716404 INFO Epoch 20/50, all_loss:891.05505 cls_loss:743.59259 rec_loss:3840.30566 [46.53s]; best loss:891.05505, patience : 0
2026-09-15 09:13:42,896 P3716404 INFO pr:0.0849  rc:0.1516  auc:0.5603 ap:0.5094 f1: 0.1089 pred_right: 1034599 pred_wrong:61601 actu_right: 1061711 actu_wrong: 34489
2026-09-15 09:13:50,688 P3716404 INFO pr:0.0824  rc:0.1467  auc:0.5573 ap:0.5089 f1: 0.1055 pred_right: 443424 pred_wrong:26376 actu_right: 454992 actu_wrong: 14808
2026-09-15 09:13:50,689 P3716404 INFO ----------------------------------------------------------------------------------------------------
2026-09-15 09:13:50,690 P3716404 INFO 21/50 starting... lr: 0.001 para:0.04545454680919647
2026-09-15 09:14:28,892 P3716404 INFO Epoch 21/50, all_loss:944.53217 cls_loss:806.02301 rec_loss:3853.22290 [38.20s]; best loss:891.05505, patience : 1
2026-09-15 09:14:48,814 P3716404 INFO pr:0.1777  rc:0.0734  auc:0.5392 ap:0.5108 f1: 0.1038 pred_right: 1081961 pred_wrong:14239 actu_right: 1061710 actu_wrong: 34490
2026-09-15 09:14:56,517 P3716404 INFO pr:0.1737  rc:0.0708  auc:0.5367 ap:0.5101 f1: 0.1006 pred_right: 463767 pred_wrong:6033 actu_right: 454992 actu_wrong: 14808
2026-09-15 09:14:56,518 P3716404 INFO ----------------------------------------------------------------------------------------------------
2026-09-15 09:14:56,518 P3716404 INFO 22/50 starting... lr: 0.001 para:0.043478261679410934
2026-09-15 09:15:37,381 P3716404 INFO Epoch 22/50, all_loss:668.17242 cls_loss:527.71558 rec_loss:3758.22412 [40.82s]; best loss:668.17242, patience : 0
2026-09-15 09:16:06,853 P3716404 INFO pr:0.1324  rc:0.0928  auc:0.5508 ap:0.5109 f1: 0.1091 pred_right: 1072020 pred_wrong:24180 actu_right: 1061711 actu_wrong: 34489
2026-09-15 09:16:14,987 P3716404 INFO pr:0.1290  rc:0.0924  auc:0.5505 ap:0.5108 f1: 0.1076 pred_right: 459192 pred_wrong:10608 actu_right: 454992 actu_wrong: 14808
2026-09-15 09:16:14,988 P3716404 INFO ----------------------------------------------------------------------------------------------------
2026-09-15 09:16:14,988 P3716404 INFO 23/50 starting... lr: 0.001 para:0.0416666679084301
2026-09-15 09:16:53,625 P3716404 INFO Epoch 23/50, all_loss:634.16711 cls_loss:498.64420 rec_loss:3751.19434 [38.63s]; best loss:634.16711, patience : 0
2026-09-15 09:17:13,231 P3716404 INFO pr:0.1860  rc:0.0872  auc:0.5481 ap:0.5140 f1: 0.1188 pred_right: 1080026 pred_wrong:16174 actu_right: 1061713 actu_wrong: 34487
2026-09-15 09:17:21,501 P3716404 INFO pr:0.1782  rc:0.0845  auc:0.5449 ap:0.5131 f1: 0.1147 pred_right: 462773 pred_wrong:7027 actu_right: 454992 actu_wrong: 14808
2026-09-15 09:17:21,502 P3716404 INFO ----------------------------------------------------------------------------------------------------
2026-09-15 09:17:21,502 P3716404 INFO 24/50 starting... lr: 0.001 para:0.03999999910593033
2026-09-15 09:17:58,295 P3716404 INFO Epoch 24/50, all_loss:594.98358 cls_loss:464.93707 rec_loss:3716.10156 [36.79s]; best loss:594.98358, patience : 0
2026-09-15 09:18:32,748 P3716404 INFO pr:0.4601  rc:0.0978  auc:0.5709 ap:0.5379 f1: 0.1613 pred_right: 1088869 pred_wrong:7331 actu_right: 1061712 actu_wrong: 34488
2026-09-15 09:18:40,592 P3716404 INFO pr:0.4679  rc:0.0970  auc:0.5669 ap:0.5370 f1: 0.1607 pred_right: 466731 pred_wrong:3069 actu_right: 454992 actu_wrong: 14808
2026-09-15 09:18:40,599 P3716404 INFO ----------------------------------------------------------------------------------------------------
2026-09-15 09:18:40,599 P3716404 INFO 25/50 starting... lr: 0.001 para:0.03846153989434242
2026-09-15 09:19:19,129 P3716404 INFO Epoch 25/50, all_loss:587.53870 cls_loss:464.30972 rec_loss:3668.26343 [38.52s]; best loss:587.53870, patience : 0
2026-09-15 09:19:38,935 P3716404 INFO pr:0.2169  rc:0.2991  auc:0.6430 ap:0.5562 f1: 0.2514 pred_right: 1048629 pred_wrong:47571 actu_right: 1061713 actu_wrong: 34487
2026-09-15 09:19:47,332 P3716404 INFO pr:0.2152  rc:0.2945  auc:0.6385 ap:0.5543 f1: 0.2487 pred_right: 449537 pred_wrong:20263 actu_right: 454992 actu_wrong: 14808
2026-09-15 09:19:47,338 P3716404 INFO ----------------------------------------------------------------------------------------------------
2026-09-15 09:19:47,339 P3716404 INFO 26/50 starting... lr: 0.001 para:0.03703703731298447
2026-09-15 09:20:25,037 P3716404 INFO Epoch 26/50, all_loss:461.77002 cls_loss:337.93942 rec_loss:3681.36523 [37.69s]; best loss:461.77002, patience : 0
2026-09-15 09:20:58,660 P3716404 INFO pr:0.7810  rc:0.2360  auc:0.6282 ap:0.6123 f1: 0.3625 pred_right: 1085776 pred_wrong:10424 actu_right: 1061709 actu_wrong: 34491
2026-09-15 09:21:06,592 P3716404 INFO pr:0.7798  rc:0.2299  auc:0.6237 ap:0.6092 f1: 0.3551 pred_right: 465435 pred_wrong:4365 actu_right: 454992 actu_wrong: 14808
2026-09-15 09:21:06,598 P3716404 INFO ----------------------------------------------------------------------------------------------------
2026-09-15 09:21:06,598 P3716404 INFO 27/50 starting... lr: 0.001 para:0.0357142873108387
2026-09-15 09:21:45,770 P3716404 INFO Epoch 27/50, all_loss:409.34686 cls_loss:289.74664 rec_loss:3638.55347 [39.16s]; best loss:409.34686, patience : 0
2026-09-15 09:22:04,761 P3716404 INFO pr:0.9091  rc:0.1381  auc:0.5783 ap:0.5757 f1: 0.2398 pred_right: 1090961 pred_wrong:5239 actu_right: 1061710 actu_wrong: 34490
2026-09-15 09:22:13,890 P3716404 INFO pr:0.9144  rc:0.1357  auc:0.5759 ap:0.5738 f1: 0.2363 pred_right: 467603 pred_wrong:2197 actu_right: 454992 actu_wrong: 14808
2026-09-15 09:22:13,891 P3716404 INFO ----------------------------------------------------------------------------------------------------
2026-09-15 09:22:13,891 P3716404 INFO 28/50 starting... lr: 0.001 para:0.03448275849223137
2026-09-15 09:22:50,688 P3716404 INFO Epoch 28/50, all_loss:380.41733 cls_loss:268.89133 rec_loss:3503.14648 [36.79s]; best loss:380.41733, patience : 0
2026-09-15 09:23:24,091 P3716404 INFO pr:0.8441  rc:0.2788  auc:0.6454 ap:0.6372 f1: 0.4191 pred_right: 1084809 pred_wrong:11391 actu_right: 1061711 actu_wrong: 34489
2026-09-15 09:23:32,709 P3716404 INFO pr:0.8477  rc:0.2725  auc:0.6409 ap:0.6350 f1: 0.4124 pred_right: 465040 pred_wrong:4760 actu_right: 454992 actu_wrong: 14808
2026-09-15 09:23:32,716 P3716404 INFO ----------------------------------------------------------------------------------------------------
2026-09-15 09:23:32,717 P3716404 INFO 29/50 starting... lr: 0.001 para:0.03333333507180214
2026-09-15 09:24:10,239 P3716404 INFO Epoch 29/50, all_loss:329.36105 cls_loss:218.53760 rec_loss:3543.24170 [37.51s]; best loss:329.36105, patience : 0
2026-09-15 09:24:30,651 P3716404 INFO pr:0.3933  rc:0.2273  auc:0.6320 ap:0.5710 f1: 0.2881 pred_right: 1076265 pred_wrong:19935 actu_right: 1061711 actu_wrong: 34489
2026-09-15 09:24:38,367 P3716404 INFO pr:0.3777  rc:0.2218  auc:0.6285 ap:0.5674 f1: 0.2795 pred_right: 461106 pred_wrong:8694 actu_right: 454992 actu_wrong: 14808
2026-09-15 09:24:38,369 P3716404 INFO ----------------------------------------------------------------------------------------------------
2026-09-15 09:24:38,369 P3716404 INFO 30/50 starting... lr: 0.001 para:0.032258063554763794
2026-09-15 09:25:16,392 P3716404 INFO Epoch 30/50, all_loss:306.29575 cls_loss:200.16885 rec_loss:3490.10181 [38.02s]; best loss:306.29575, patience : 0
2026-09-15 09:25:49,920 P3716404 INFO pr:0.3393  rc:0.3505  auc:0.6823 ap:0.5905 f1: 0.3448 pred_right: 1060576 pred_wrong:35624 actu_right: 1061713 actu_wrong: 34487
2026-09-15 09:25:58,169 P3716404 INFO pr:0.3382  rc:0.3449  auc:0.6781 ap:0.5880 f1: 0.3415 pred_right: 454699 pred_wrong:15101 actu_right: 454992 actu_wrong: 14808
2026-09-15 09:25:58,170 P3716404 INFO ----------------------------------------------------------------------------------------------------
2026-09-15 09:25:58,171 P3716404 INFO 31/50 starting... lr: 0.001 para:0.03125
2026-09-15 09:26:35,303 P3716404 INFO Epoch 31/50, all_loss:288.26999 cls_loss:186.11757 rec_loss:3454.99512 [37.13s]; best loss:288.26999, patience : 0
2026-09-15 09:26:57,695 P3716404 INFO pr:0.5128  rc:0.3315  auc:0.6805 ap:0.6149 f1: 0.4026 pred_right: 1073903 pred_wrong:22297 actu_right: 1061708 actu_wrong: 34492
2026-09-15 09:27:06,240 P3716404 INFO pr:0.5037  rc:0.3280  auc:0.6764 ap:0.6108 f1: 0.3973 pred_right: 460157 pred_wrong:9643 actu_right: 454992 actu_wrong: 14808
2026-09-15 09:27:06,245 P3716404 INFO ----------------------------------------------------------------------------------------------------
2026-09-15 09:27:06,245 P3716404 INFO 32/50 starting... lr: 0.001 para:0.03030303120613098
2026-09-15 09:27:44,302 P3716404 INFO Epoch 32/50, all_loss:234.59192 cls_loss:136.67699 rec_loss:3367.86938 [38.05s]; best loss:234.59192, patience : 0
2026-09-15 09:28:16,051 P3716404 INFO pr:0.6728  rc:0.3107  auc:0.6628 ap:0.6290 f1: 0.4251 pred_right: 1080272 pred_wrong:15928 actu_right: 1061707 actu_wrong: 34493
2026-09-15 09:28:24,557 P3716404 INFO pr:0.6602  rc:0.3054  auc:0.6574 ap:0.6257 f1: 0.4177 pred_right: 462949 pred_wrong:6851 actu_right: 454992 actu_wrong: 14808
2026-09-15 09:28:24,563 P3716404 INFO ----------------------------------------------------------------------------------------------------
2026-09-15 09:28:24,564 P3716404 INFO 33/50 starting... lr: 0.001 para:0.029411764815449715
2026-09-15 09:29:01,967 P3716404 INFO Epoch 33/50, all_loss:190.85268 cls_loss:93.86243 rec_loss:3391.53076 [37.40s]; best loss:190.85268, patience : 0
2026-09-15 09:29:21,747 P3716404 INFO pr:0.6578  rc:0.3367  auc:0.6790 ap:0.6401 f1: 0.4454 pred_right: 1078548 pred_wrong:17652 actu_right: 1061710 actu_wrong: 34490
2026-09-15 09:29:30,578 P3716404 INFO pr:0.6470  rc:0.3318  auc:0.6755 ap:0.6371 f1: 0.4387 pred_right: 462205 pred_wrong:7595 actu_right: 454992 actu_wrong: 14808
2026-09-15 09:29:30,584 P3716404 INFO ----------------------------------------------------------------------------------------------------
2026-09-15 09:29:30,584 P3716404 INFO 34/50 starting... lr: 0.001 para:0.02857142873108387
2026-09-15 09:30:09,677 P3716404 INFO Epoch 34/50, all_loss:176.56870 cls_loss:85.15237 rec_loss:3284.72412 [39.09s]; best loss:176.56870, patience : 0
2026-09-15 09:30:41,165 P3716404 INFO pr:0.7854  rc:0.2978  auc:0.6493 ap:0.6453 f1: 0.4319 pred_right: 1083123 pred_wrong:13077 actu_right: 1061711 actu_wrong: 34489
2026-09-15 09:30:50,061 P3716404 INFO pr:0.7804  rc:0.2923  auc:0.6444 ap:0.6433 f1: 0.4253 pred_right: 464254 pred_wrong:5546 actu_right: 454992 actu_wrong: 14808
2026-09-15 09:30:50,062 P3716404 INFO ----------------------------------------------------------------------------------------------------
2026-09-15 09:30:50,063 P3716404 INFO 35/50 starting... lr: 0.001 para:0.02777777798473835
2026-09-15 09:31:27,063 P3716404 INFO Epoch 35/50, all_loss:123.64508 cls_loss:36.42805 rec_loss:3176.24146 [36.99s]; best loss:123.64508, patience : 0
2026-09-15 09:31:47,723 P3716404 INFO pr:0.7188  rc:0.3073  auc:0.6904 ap:0.6629 f1: 0.4306 pred_right: 1081454 pred_wrong:14746 actu_right: 1061711 actu_wrong: 34489
2026-09-15 09:31:55,863 P3716404 INFO pr:0.7139  rc:0.3033  auc:0.6867 ap:0.6614 f1: 0.4258 pred_right: 463508 pred_wrong:6292 actu_right: 454992 actu_wrong: 14808
2026-09-15 09:31:55,864 P3716404 INFO ----------------------------------------------------------------------------------------------------
2026-09-15 09:31:55,865 P3716404 INFO 36/50 starting... lr: 0.001 para:0.027027027681469917
2026-09-15 09:32:35,447 P3716404 INFO Epoch 36/50, all_loss:104.27786 cls_loss:22.10702 rec_loss:3062.42847 [39.58s]; best loss:104.27786, patience : 0
2026-09-15 09:33:04,671 P3716404 INFO pr:0.2399  rc:0.3717  auc:0.7373 ap:0.6333 f1: 0.2916 pred_right: 1042761 pred_wrong:53439 actu_right: 1061709 actu_wrong: 34491
2026-09-15 09:33:15,123 P3716404 INFO pr:0.2389  rc:0.3715  auc:0.7381 ap:0.6317 f1: 0.2908 pred_right: 446772 pred_wrong:23028 actu_right: 454992 actu_wrong: 14808
2026-09-15 09:33:15,124 P3716404 INFO ----------------------------------------------------------------------------------------------------
2026-09-15 09:33:15,124 P3716404 INFO 37/50 starting... lr: 0.001 para:0.02631578966975212
2026-09-15 09:33:53,478 P3716404 INFO Epoch 37/50, all_loss:92.39925 cls_loss:13.91195 rec_loss:2996.42847 [38.35s]; best loss:92.39925, patience : 0
2026-09-15 09:34:13,237 P3716404 INFO pr:0.6950  rc:0.3352  auc:0.7605 ap:0.7036 f1: 0.4523 pred_right: 1079566 pred_wrong:16634 actu_right: 1061708 actu_wrong: 34492
2026-09-15 09:34:21,826 P3716404 INFO pr:0.6896  rc:0.3311  auc:0.7553 ap:0.7005 f1: 0.4474 pred_right: 462690 pred_wrong:7110 actu_right: 454992 actu_wrong: 14808
2026-09-15 09:34:21,832 P3716404 INFO ----------------------------------------------------------------------------------------------------
2026-09-15 09:34:21,833 P3716404 INFO 38/50 starting... lr: 0.001 para:0.025641025975346565
2026-09-15 09:35:00,333 P3716404 INFO Epoch 38/50, all_loss:89.46831 cls_loss:13.56098 rec_loss:2973.94678 [38.49s]; best loss:89.46831, patience : 0
2026-09-15 09:35:28,909 P3716404 INFO pr:0.7388  rc:0.3140  auc:0.7471 ap:0.6880 f1: 0.4407 pred_right: 1081542 pred_wrong:14658 actu_right: 1061714 actu_wrong: 34486
2026-09-15 09:35:39,570 P3716404 INFO pr:0.7263  rc:0.3093  auc:0.7415 ap:0.6846 f1: 0.4338 pred_right: 463494 pred_wrong:6306 actu_right: 454992 actu_wrong: 14808
2026-09-15 09:35:39,571 P3716404 INFO ----------------------------------------------------------------------------------------------------
2026-09-15 09:35:39,571 P3716404 INFO 39/50 starting... lr: 0.001 para:0.02500000037252903
2026-09-15 09:36:17,293 P3716404 INFO Epoch 39/50, all_loss:85.58334 cls_loss:12.14285 rec_loss:2949.76270 [37.72s]; best loss:85.58334, patience : 0
2026-09-15 09:36:36,804 P3716404 INFO pr:0.7461  rc:0.3138  auc:0.8383 ap:0.7161 f1: 0.4418 pred_right: 1081693 pred_wrong:14507 actu_right: 1061709 actu_wrong: 34491
2026-09-15 09:36:45,198 P3716404 INFO pr:0.7432  rc:0.3083  auc:0.8358 ap:0.7128 f1: 0.4359 pred_right: 463656 pred_wrong:6144 actu_right: 454992 actu_wrong: 14808
2026-09-15 09:36:45,199 P3716404 INFO ----------------------------------------------------------------------------------------------------
2026-09-15 09:36:45,199 P3716404 INFO 40/50 starting... lr: 0.001 para:0.024390242993831635
2026-09-15 09:37:25,241 P3716404 INFO Epoch 40/50, all_loss:83.32393 cls_loss:10.72054 rec_loss:2987.45996 [40.04s]; best loss:83.32393, patience : 0
2026-09-15 09:37:46,599 P3716404 INFO pr:0.5457  rc:0.3766  auc:0.8684 ap:0.7422 f1: 0.4457 pred_right: 1072397 pred_wrong:23803 actu_right: 1061707 actu_wrong: 34493
2026-09-15 09:38:02,885 P3716404 INFO pr:0.5458  rc:0.3693  auc:0.8633 ap:0.7381 f1: 0.4405 pred_right: 459779 pred_wrong:10021 actu_right: 454992 actu_wrong: 14808
2026-09-15 09:38:02,886 P3716404 INFO ----------------------------------------------------------------------------------------------------
2026-09-15 09:38:02,886 P3716404 INFO 41/50 starting... lr: 0.001 para:0.02380952425301075
2026-09-15 09:38:41,183 P3716404 INFO Epoch 41/50, all_loss:82.60418 cls_loss:12.09036 rec_loss:2973.67090 [38.29s]; best loss:82.60418, patience : 0
2026-09-15 09:39:00,656 P3716404 INFO pr:0.7589  rc:0.3282  auc:0.8677 ap:0.7533 f1: 0.4583 pred_right: 1081283 pred_wrong:14917 actu_right: 1061713 actu_wrong: 34487
2026-09-15 09:39:09,049 P3716404 INFO pr:0.7603  rc:0.3217  auc:0.8636 ap:0.7491 f1: 0.4520 pred_right: 463535 pred_wrong:6265 actu_right: 454992 actu_wrong: 14808
2026-09-15 09:39:09,055 P3716404 INFO ----------------------------------------------------------------------------------------------------
2026-09-15 09:39:09,055 P3716404 INFO 42/50 starting... lr: 0.001 para:0.023255813866853714
2026-09-15 09:39:49,365 P3716404 INFO Epoch 42/50, all_loss:81.54832 cls_loss:12.59888 rec_loss:2977.42480 [40.30s]; best loss:81.54832, patience : 0
2026-09-15 09:40:05,081 P3716404 INFO pr:0.2687  rc:0.4021  auc:0.8407 ap:0.6328 f1: 0.3221 pred_right: 1044580 pred_wrong:51620 actu_right: 1061713 actu_wrong: 34487
2026-09-15 09:40:26,892 P3716404 INFO pr:0.2669  rc:0.3999  auc:0.8377 ap:0.6301 f1: 0.3201 pred_right: 447618 pred_wrong:22182 actu_right: 454992 actu_wrong: 14808
2026-09-15 09:40:26,894 P3716404 INFO ----------------------------------------------------------------------------------------------------
2026-09-15 09:40:26,894 P3716404 INFO 43/50 starting... lr: 0.001 para:0.022727273404598236
2026-09-15 09:41:05,776 P3716404 INFO Epoch 43/50, all_loss:77.78934 cls_loss:10.53587 rec_loss:2969.68872 [38.87s]; best loss:77.78934, patience : 0
2026-09-15 09:41:25,253 P3716404 INFO pr:0.5997  rc:0.4256  auc:0.9035 ap:0.7814 f1: 0.4978 pred_right: 1071722 pred_wrong:24478 actu_right: 1061704 actu_wrong: 34496
2026-09-15 09:41:33,967 P3716404 INFO pr:0.5987  rc:0.4199  auc:0.9017 ap:0.7781 f1: 0.4936 pred_right: 459415 pred_wrong:10385 actu_right: 454992 actu_wrong: 14808
2026-09-15 09:41:33,973 P3716404 INFO ----------------------------------------------------------------------------------------------------
2026-09-15 09:41:33,973 P3716404 INFO 44/50 starting... lr: 0.001 para:0.02222222276031971
2026-09-15 09:42:15,585 P3716404 INFO Epoch 44/50, all_loss:75.29041 cls_loss:10.04515 rec_loss:2946.08228 [41.61s]; best loss:75.29041, patience : 0
2026-09-15 09:42:31,386 P3716404 INFO pr:0.5855  rc:0.4766  auc:0.9106 ap:0.7967 f1: 0.5255 pred_right: 1068128 pred_wrong:28072 actu_right: 1061714 actu_wrong: 34486
2026-09-15 09:42:53,324 P3716404 INFO pr:0.5893  rc:0.4699  auc:0.9077 ap:0.7940 f1: 0.5229 pred_right: 457993 pred_wrong:11807 actu_right: 454992 actu_wrong: 14808
2026-09-15 09:42:53,331 P3716404 INFO ----------------------------------------------------------------------------------------------------
2026-09-15 09:42:53,331 P3716404 INFO 45/50 starting... lr: 0.001 para:0.021739130839705467
2026-09-15 09:43:32,637 P3716404 INFO Epoch 45/50, all_loss:75.22868 cls_loss:11.09380 rec_loss:2961.29736 [39.30s]; best loss:75.22868, patience : 0
2026-09-15 09:43:52,481 P3716404 INFO pr:0.4307  rc:0.5758  auc:0.8846 ap:0.7739 f1: 0.4928 pred_right: 1050096 pred_wrong:46104 actu_right: 1061714 actu_wrong: 34486
2026-09-15 09:44:00,435 P3716404 INFO pr:0.4297  rc:0.5658  auc:0.8829 ap:0.7711 f1: 0.4884 pred_right: 450299 pred_wrong:19501 actu_right: 454992 actu_wrong: 14808
2026-09-15 09:44:00,436 P3716404 INFO ----------------------------------------------------------------------------------------------------
2026-09-15 09:44:00,436 P3716404 INFO 46/50 starting... lr: 0.001 para:0.021276595070958138
2026-09-15 09:44:41,323 P3716404 INFO Epoch 46/50, all_loss:72.77722 cls_loss:10.10595 rec_loss:2955.65576 [40.88s]; best loss:72.77722, patience : 0
2026-09-15 09:45:00,251 P3716404 INFO pr:0.6754  rc:0.5292  auc:0.9465 ap:0.8329 f1: 0.5935 pred_right: 1069178 pred_wrong:27022 actu_right: 1061712 actu_wrong: 34488
2026-09-15 09:45:19,379 P3716404 INFO pr:0.6770  rc:0.5322  auc:0.9443 ap:0.8316 f1: 0.5959 pred_right: 458159 pred_wrong:11641 actu_right: 454992 actu_wrong: 14808
2026-09-15 09:45:19,386 P3716404 INFO ----------------------------------------------------------------------------------------------------
2026-09-15 09:45:19,386 P3716404 INFO 47/50 starting... lr: 0.001 para:0.02083333395421505
2026-09-15 09:45:57,238 P3716404 INFO Epoch 47/50, all_loss:75.20380 cls_loss:13.12984 rec_loss:2992.68018 [37.85s]; best loss:72.77722, patience : 1
2026-09-15 09:46:16,682 P3716404 INFO pr:0.5762  rc:0.6482  auc:0.9501 ap:0.8481 f1: 0.6101 pred_right: 1057401 pred_wrong:38799 actu_right: 1061712 actu_wrong: 34488
2026-09-15 09:46:25,161 P3716404 INFO pr:0.5795  rc:0.6434  auc:0.9496 ap:0.8486 f1: 0.6098 pred_right: 453357 pred_wrong:16443 actu_right: 454992 actu_wrong: 14808
2026-09-15 09:46:25,168 P3716404 INFO ----------------------------------------------------------------------------------------------------
2026-09-15 09:46:25,168 P3716404 INFO 48/50 starting... lr: 0.001 para:0.020408162847161293
2026-09-15 09:47:05,767 P3716404 INFO Epoch 48/50, all_loss:70.07900 cls_loss:9.90402 rec_loss:2958.47803 [40.59s]; best loss:70.07900, patience : 0
2026-09-15 09:47:21,535 P3716404 INFO pr:0.9815  rc:0.3123  auc:0.8051 ap:0.7581 f1: 0.4738 pred_right: 1085226 pred_wrong:10974 actu_right: 1061711 actu_wrong: 34489
2026-09-15 09:47:43,649 P3716404 INFO pr:0.9827  rc:0.3077  auc:0.8003 ap:0.7542 f1: 0.4686 pred_right: 465164 pred_wrong:4636 actu_right: 454992 actu_wrong: 14808
2026-09-15 09:47:43,650 P3716404 INFO ----------------------------------------------------------------------------------------------------
2026-09-15 09:47:43,650 P3716404 INFO 49/50 starting... lr: 0.001 para:0.019999999552965164
2026-09-15 09:48:23,023 P3716404 INFO Epoch 49/50, all_loss:69.95114 cls_loss:11.16536 rec_loss:2950.45435 [39.37s]; best loss:69.95114, patience : 0
2026-09-15 09:48:42,126 P3716404 INFO pr:0.7844  rc:0.4600  auc:0.9008 ap:0.8186 f1: 0.5799 pred_right: 1075978 pred_wrong:20222 actu_right: 1061716 actu_wrong: 34484
2026-09-15 09:48:50,764 P3716404 INFO pr:0.7860  rc:0.4555  auc:0.9001 ap:0.8151 f1: 0.5768 pred_right: 461219 pred_wrong:8581 actu_right: 454992 actu_wrong: 14808
2026-09-15 09:48:50,765 P3716404 INFO saving model...
2026-09-15 09:48:50,765 P3716404 INFO FITS_Legendre - loss  best score:69.95114135742188 at epoch 49
2026-09-15 09:48:50,773 P3716404 INFO FITS_Legendre - f1  best score:0.6100945597445658 at epoch 47
2026-09-15 09:48:50,783 P3716404 INFO Average training time per epoch: 40.70 seconds
2026-09-15 09:48:50,784 P3716404 INFO calculate scores...
2026-09-15 09:48:50,785 P3716404 INFO calculate label with loss...
2026-09-15 09:48:50,785 P3716404 INFO FITS_Legendre on ./result/server_only_exps/Ablations_updatedFreDF/FITS_Legendre-TT-Epochs50-Seed2-ExpNameRQ2z5_basis_degree_comparison-LPFLPF-Attnlinear_attn-NormLinTrue-RecLambda1.0-AuxiLambda0.2-lowshow-simplegraph-Degree7-BasisTypehermite loading...
2026-09-15 09:48:59,484 P3716404 INFO pr:0.7860  rc:0.4555  auc:0.9001 ap:0.8151 f1: 0.5768 pred_right: 461219 pred_wrong:8581 actu_right: 454992 actu_wrong: 14808
2026-09-15 09:49:13,795 P3716404 INFO pr:0.7860  rc:0.4554  auc:0.9001 ap:0.8151 f1: 0.5767 pred_right: 461220 pred_wrong:8580 actu_right: 454992 actu_wrong: 14808
2026-09-15 09:49:13,797 P3716404 INFO Performance Summary:
{'GPU': {'inference_time_per_sample_ms': 0.4476837473539753, 'throughput_samples_per_sec': 2233.7196869675913, 'peak_memory_mb': 87.724609375, 'energy_per_sample_joules': 0.021218866573336367}, 'CPU': {'inference_time_per_sample_ms': 0.7699836545915746, 'throughput_samples_per_sec': 1298.7288678620507, 'peak_memory_mb': 5486.7578125, 'energy_per_sample_joules': 0.05004893754845235}}
2026-09-15 09:49:13,797 P3716404 INFO Starting clean-room hardware benchmarking...
2026-09-15 09:49:15,217 P3716404 INFO Performance with loss: pr:0.7860  rc:0.4555  auc:0.9001 ap:0.8151 f1: 0.5768 pred_right: 461219 pred_wrong:8581 actu_right: 454992 actu_wrong: 14808
2026-09-15 09:49:15,217 P3716404 INFO calculate label with f1...
2026-09-15 09:49:15,217 P3716404 INFO FITS_Legendre on ./result/server_only_exps/Ablations_updatedFreDF/FITS_Legendre-TT-Epochs50-Seed2-ExpNameRQ2z5_basis_degree_comparison-LPFLPF-Attnlinear_attn-NormLinTrue-RecLambda1.0-AuxiLambda0.2-lowshow-simplegraph-Degree7-BasisTypehermite loading...
2026-09-15 09:49:23,264 P3716404 INFO pr:0.5795  rc:0.6434  auc:0.9496 ap:0.8486 f1: 0.6098 pred_right: 453357 pred_wrong:16443 actu_right: 454992 actu_wrong: 14808
2026-09-15 09:49:38,136 P3716404 INFO pr:0.5794  rc:0.6434  auc:0.9496 ap:0.8486 f1: 0.6098 pred_right: 453356 pred_wrong:16444 actu_right: 454992 actu_wrong: 14808
2026-09-15 09:49:38,137 P3716404 INFO Performance Summary:
{'GPU': {'inference_time_per_sample_ms': 0.40923218754484786, 'throughput_samples_per_sec': 2443.6005535131803, 'peak_memory_mb': 87.220703125, 'energy_per_sample_joules': 0.02098378964854962}, 'CPU': {'inference_time_per_sample_ms': 0.8110469846583125, 'throughput_samples_per_sec': 1232.974191281029, 'peak_memory_mb': 5471.05078125, 'energy_per_sample_joules': 0.05271805400279031}}
2026-09-15 09:49:38,137 P3716404 INFO Starting clean-room hardware benchmarking...
2026-09-15 09:49:39,048 P3716404 INFO Performance with f1: pr:0.5795  rc:0.6434  auc:0.9496 ap:0.8486 f1: 0.6098 pred_right: 453357 pred_wrong:16443 actu_right: 454992 actu_wrong: 14808
