2026-09-15 06:10:33,126 P3599918 INFO ---- Model: ----MSTGAD-47e5db68----random_seed : 2----req_loss_approach : Legendre-style----rec_lambda : 1.0----auxi_lambda : 0.2----Freq Domain : FITS_Legendre----Multi Fits : false----train : True----evaluate : False
2026-09-15 06:10:33,129 P3599918 INFO Load from /home/db2003/Desktop/Amr/Tests/Eadro/codes/chunks/TT
2026-09-15 06:10:54,060 P3599918 INFO Fewshot: training with 1.0 of the 70% of the data
2026-09-15 06:10:54,364 P3599918 INFO Trainable Parameters Breakdown:
2026-09-15 06:10:54,365 P3599918 INFO --------------------------------------------------------------------------------
2026-09-15 06:10:54,365 P3599918 INFO Reconstruction-Specific Parameters:
2026-09-15 06:10:54,365 P3599918 INFO node_emb.linear.weight                   | shape: (8, 7)                    | params: 56
2026-09-15 06:10:54,366 P3599918 INFO node_emb.linear.bias                     | shape: (8,)                      | params: 8
2026-09-15 06:10:54,366 P3599918 INFO log_emb.linear.weight                    | shape: (32, 60)                  | params: 1,920
2026-09-15 06:10:54,366 P3599918 INFO log_emb.linear.bias                      | shape: (32,)                     | params: 32
2026-09-15 06:10:54,366 P3599918 INFO egde_emb.linear.weight                   | shape: (8, 2)                    | params: 16
2026-09-15 06:10:54,366 P3599918 INFO egde_emb.linear.bias                     | shape: (8,)                      | params: 8
2026-09-15 06:10:54,366 P3599918 INFO dense_node.weight                        | shape: (7, 8)                    | params: 56
2026-09-15 06:10:54,366 P3599918 INFO dense_node.bias                          | shape: (7,)                      | params: 7
2026-09-15 06:10:54,367 P3599918 INFO dense_log.weight                         | shape: (60, 32)                  | params: 1,920
2026-09-15 06:10:54,367 P3599918 INFO dense_log.bias                           | shape: (60,)                     | params: 60
2026-09-15 06:10:54,367 P3599918 INFO dense_edge.weight                        | shape: (2, 8)                    | params: 16
2026-09-15 06:10:54,367 P3599918 INFO dense_edge.bias                          | shape: (2,)                      | params: 2
2026-09-15 06:10:54,367 P3599918 INFO linear_attn.Wq.weight                    | shape: (10, 10)                  | params: 100
2026-09-15 06:10:54,367 P3599918 INFO linear_attn.Wk.weight                    | shape: (10, 10)                  | params: 100
2026-09-15 06:10:54,371 P3599918 INFO linear_attn.Wv.weight                    | shape: (10, 10)                  | params: 100
2026-09-15 06:10:54,372 P3599918 INFO linear_attn.out.weight                   | shape: (10, 10)                  | params: 100
2026-09-15 06:10:54,376 P3599918 INFO linear_attn.out.bias                     | shape: (10,)                     | params: 10
2026-09-15 06:10:54,376 P3599918 INFO linear_attn.norm.weight                  | shape: (10,)                     | params: 10
2026-09-15 06:10:54,377 P3599918 INFO linear_attn.norm.bias                    | shape: (10,)                     | params: 10
2026-09-15 06:10:54,377 P3599918 INFO shared_fits.normlin_W                    | shape: (3, 3)                    | params: 9
2026-09-15 06:10:54,378 P3599918 INFO shared_fits.freq_upsampler.weight        | shape: (3, 3)                    | params: 9
2026-09-15 06:10:54,378 P3599918 INFO shared_fits.freq_upsampler.bias          | shape: (3,)                      | params: 3
2026-09-15 06:10:54,379 P3599918 INFO modality_proj.node.weight                | shape: (10, 8)                   | params: 80
2026-09-15 06:10:54,379 P3599918 INFO modality_proj.node.bias                  | shape: (10,)                     | params: 10
2026-09-15 06:10:54,379 P3599918 INFO modality_proj.log.weight                 | shape: (10, 32)                  | params: 320
2026-09-15 06:10:54,379 P3599918 INFO modality_proj.log.bias                   | shape: (10,)                     | params: 10
2026-09-15 06:10:54,379 P3599918 INFO modality_proj.edge.weight                | shape: (10, 8)                   | params: 80
2026-09-15 06:10:54,379 P3599918 INFO modality_proj.edge.bias                  | shape: (10,)                     | params: 10
2026-09-15 06:10:54,379 P3599918 INFO modality_proj_out.node.weight            | shape: (8, 10)                   | params: 80
2026-09-15 06:10:54,379 P3599918 INFO modality_proj_out.node.bias              | shape: (8,)                      | params: 8
2026-09-15 06:10:54,380 P3599918 INFO modality_proj_out.log.weight             | shape: (32, 10)                  | params: 320
2026-09-15 06:10:54,380 P3599918 INFO modality_proj_out.log.bias               | shape: (32,)                     | params: 32
2026-09-15 06:10:54,380 P3599918 INFO modality_proj_out.edge.weight            | shape: (8, 10)                   | params: 80
2026-09-15 06:10:54,380 P3599918 INFO modality_proj_out.edge.bias              | shape: (8,)                      | params: 8
2026-09-15 06:10:54,380 P3599918 INFO Subtotal: 5,590
2026-09-15 06:10:54,380 P3599918 INFO --------------------------------------------------------------------------------
2026-09-15 06:10:54,380 P3599918 INFO Common Parameters:
2026-09-15 06:10:54,381 P3599918 INFO show.0.weight                            | shape: (128, 69)                 | params: 8,832
2026-09-15 06:10:54,382 P3599918 INFO show.0.bias                              | shape: (128,)                    | params: 128
2026-09-15 06:10:54,383 P3599918 INFO show.2.weight                            | shape: (2, 128)                  | params: 256
2026-09-15 06:10:54,383 P3599918 INFO show.2.bias                              | shape: (2,)                      | params: 2
2026-09-15 06:10:54,383 P3599918 INFO Subtotal: 9,218
2026-09-15 06:10:54,383 P3599918 INFO --------------------------------------------------------------------------------
2026-09-15 06:10:54,383 P3599918 INFO Total Trainable Parameters: 14,808

2026-09-15 06:10:54,383 P3599918 INFO Trainable Parameters: 14808, reconstruction: 5590, common: 9218
2026-09-15 06:10:54,384 P3599918 INFO model : init weight
2026-09-15 06:10:54,386 P3599918 INFO Using GPU...
2026-09-15 06:10:54,411 P3599918 INFO optimizer : using AdaBelief
2026-09-15 06:10:54,413 P3599918 INFO ----------------------------------------------------------------------------------------------------
2026-09-15 06:10:54,413 P3599918 INFO 0/50 starting... lr: 0.001 para:1.0
2026-09-15 06:11:23,612 P3599918 INFO Epoch 0/50, all_loss:5663.28027 cls_loss:134922.50000 rec_loss:5663.28027 [29.19s]; best loss:5663.28027, patience : 0
2026-09-15 06:11:23,613 P3599918 INFO ----------------------------------------------------------------------------------------------------
2026-09-15 06:11:23,613 P3599918 INFO 1/50 starting... lr: 0.001 para:0.5
2026-09-15 06:12:14,458 P3599918 INFO Epoch 1/50, all_loss:6008.61328 cls_loss:9071.09961 rec_loss:2946.12573 [50.83s]; best loss:6008.61328, patience : 0
2026-09-15 06:12:14,460 P3599918 INFO ----------------------------------------------------------------------------------------------------
2026-09-15 06:12:14,460 P3599918 INFO 2/50 starting... lr: 0.001 para:0.3333333432674408
2026-09-15 06:12:57,774 P3599918 INFO Epoch 2/50, all_loss:3697.70435 cls_loss:4077.14307 rec_loss:2938.82666 [43.30s]; best loss:3697.70435, patience : 0
2026-09-15 06:13:19,474 P3599918 INFO pr:0.0507  rc:0.0087  auc:0.5027 ap:0.5003 f1: 0.0149 pred_right: 1090287 pred_wrong:5913 actu_right: 1061715 actu_wrong: 34485
2026-09-15 06:13:28,537 P3599918 INFO pr:0.0407  rc:0.0071  auc:0.5018 ap:0.5002 f1: 0.0121 pred_right: 467222 pred_wrong:2578 actu_right: 454992 actu_wrong: 14808
2026-09-15 06:13:28,545 P3599918 INFO ----------------------------------------------------------------------------------------------------
2026-09-15 06:13:28,546 P3599918 INFO 3/50 starting... lr: 0.001 para:0.25
2026-09-15 06:14:11,406 P3599918 INFO Epoch 3/50, all_loss:4032.18237 cls_loss:4396.41162 rec_loss:2939.49512 [42.86s]; best loss:3697.70435, patience : 1
2026-09-15 06:14:28,066 P3599918 INFO pr:0.2046  rc:0.0416  auc:0.5240 ap:0.5065 f1: 0.0692 pred_right: 1089187 pred_wrong:7013 actu_right: 1061714 actu_wrong: 34486
2026-09-15 06:14:40,341 P3599918 INFO pr:0.2055  rc:0.0410  auc:0.5236 ap:0.5064 f1: 0.0683 pred_right: 466846 pred_wrong:2954 actu_right: 454992 actu_wrong: 14808
2026-09-15 06:14:40,357 P3599918 INFO ----------------------------------------------------------------------------------------------------
2026-09-15 06:14:40,358 P3599918 INFO 4/50 starting... lr: 0.001 para:0.20000000298023224
2026-09-15 06:15:34,860 P3599918 INFO Epoch 4/50, all_loss:4259.06006 cls_loss:4583.27637 rec_loss:2962.19531 [54.50s]; best loss:3697.70435, patience : 2
2026-09-15 06:15:56,343 P3599918 INFO pr:0.2499  rc:0.0675  auc:0.5363 ap:0.5117 f1: 0.1063 pred_right: 1086882 pred_wrong:9318 actu_right: 1061709 actu_wrong: 34491
2026-09-15 06:16:06,176 P3599918 INFO pr:0.2400  rc:0.0646  auc:0.5341 ap:0.5106 f1: 0.1018 pred_right: 465813 pred_wrong:3987 actu_right: 454992 actu_wrong: 14808
2026-09-15 06:16:06,185 P3599918 INFO ----------------------------------------------------------------------------------------------------
2026-09-15 06:16:06,185 P3599918 INFO 5/50 starting... lr: 0.001 para:0.1666666716337204
2026-09-15 06:16:53,544 P3599918 INFO Epoch 5/50, all_loss:3798.17407 cls_loss:3964.02222 rec_loss:2968.93140 [47.36s]; best loss:3697.70435, patience : 2
2026-09-15 06:17:12,116 P3599918 INFO pr:0.2999  rc:0.0640  auc:0.5345 ap:0.5125 f1: 0.1055 pred_right: 1088841 pred_wrong:7359 actu_right: 1061710 actu_wrong: 34490
2026-09-15 06:17:19,404 P3599918 INFO pr:0.3148  rc:0.0660  auc:0.5347 ap:0.5130 f1: 0.1091 pred_right: 466696 pred_wrong:3104 actu_right: 454992 actu_wrong: 14808
2026-09-15 06:17:19,405 P3599918 INFO ----------------------------------------------------------------------------------------------------
2026-09-15 06:17:19,406 P3599918 INFO 6/50 starting... lr: 0.001 para:0.1428571492433548
2026-09-15 06:18:12,169 P3599918 INFO Epoch 6/50, all_loss:3796.20532 cls_loss:3931.42920 rec_loss:2984.86011 [52.76s]; best loss:3697.70435, patience : 2
2026-09-15 06:18:32,980 P3599918 INFO pr:0.3160  rc:0.0453  auc:0.5287 ap:0.5110 f1: 0.0793 pred_right: 1091251 pred_wrong:4949 actu_right: 1061711 actu_wrong: 34489
2026-09-15 06:18:41,641 P3599918 INFO pr:0.3035  rc:0.0439  auc:0.5275 ap:0.5104 f1: 0.0767 pred_right: 467658 pred_wrong:2142 actu_right: 454992 actu_wrong: 14808
2026-09-15 06:18:41,642 P3599918 INFO ----------------------------------------------------------------------------------------------------
2026-09-15 06:18:41,642 P3599918 INFO 7/50 starting... lr: 0.001 para:0.125
2026-09-15 06:19:25,084 P3599918 INFO Epoch 7/50, all_loss:3675.97632 cls_loss:3774.53442 rec_loss:2986.06885 [43.43s]; best loss:3675.97632, patience : 0
2026-09-15 06:19:48,918 P3599918 INFO pr:0.3193  rc:0.0938  auc:0.5493 ap:0.5182 f1: 0.1450 pred_right: 1086070 pred_wrong:10130 actu_right: 1061711 actu_wrong: 34489
2026-09-15 06:19:59,194 P3599918 INFO pr:0.3196  rc:0.0929  auc:0.5483 ap:0.5179 f1: 0.1439 pred_right: 465498 pred_wrong:4302 actu_right: 454992 actu_wrong: 14808
2026-09-15 06:19:59,207 P3599918 INFO ----------------------------------------------------------------------------------------------------
2026-09-15 06:19:59,207 P3599918 INFO 8/50 starting... lr: 0.001 para:0.1111111119389534
2026-09-15 06:20:34,593 P3599918 INFO Epoch 8/50, all_loss:3528.68652 cls_loss:3593.53906 rec_loss:3009.86572 [35.38s]; best loss:3528.68652, patience : 0
2026-09-15 06:21:13,997 P3599918 INFO pr:0.3205  rc:0.0678  auc:0.5341 ap:0.5127 f1: 0.1120 pred_right: 1088903 pred_wrong:7297 actu_right: 1061713 actu_wrong: 34487
2026-09-15 06:21:24,828 P3599918 INFO pr:0.3195  rc:0.0677  auc:0.5337 ap:0.5126 f1: 0.1118 pred_right: 466661 pred_wrong:3139 actu_right: 454992 actu_wrong: 14808
2026-09-15 06:21:24,829 P3599918 INFO ----------------------------------------------------------------------------------------------------
2026-09-15 06:21:24,829 P3599918 INFO 9/50 starting... lr: 0.001 para:0.10000000149011612
2026-09-15 06:22:09,977 P3599918 INFO Epoch 9/50, all_loss:3508.60229 cls_loss:3563.82397 rec_loss:3011.61182 [45.14s]; best loss:3508.60229, patience : 0
2026-09-15 06:22:31,307 P3599918 INFO pr:0.3544  rc:0.1045  auc:0.5543 ap:0.5225 f1: 0.1614 pred_right: 1086027 pred_wrong:10173 actu_right: 1061712 actu_wrong: 34488
2026-09-15 06:22:40,378 P3599918 INFO pr:0.3482  rc:0.1022  auc:0.5529 ap:0.5216 f1: 0.1580 pred_right: 465455 pred_wrong:4345 actu_right: 454992 actu_wrong: 14808
2026-09-15 06:22:40,385 P3599918 INFO ----------------------------------------------------------------------------------------------------
2026-09-15 06:22:40,385 P3599918 INFO 10/50 starting... lr: 0.001 para:0.09090909361839294
2026-09-15 06:23:22,240 P3599918 INFO Epoch 10/50, all_loss:3641.68433 cls_loss:3704.14844 rec_loss:3017.04712 [41.85s]; best loss:3508.60229, patience : 1
2026-09-15 06:23:39,076 P3599918 INFO pr:0.3823  rc:0.0686  auc:0.5370 ap:0.5161 f1: 0.1164 pred_right: 1090009 pred_wrong:6191 actu_right: 1061712 actu_wrong: 34488
2026-09-15 06:23:46,511 P3599918 INFO pr:0.3820  rc:0.0673  auc:0.5365 ap:0.5158 f1: 0.1145 pred_right: 467190 pred_wrong:2610 actu_right: 454992 actu_wrong: 14808
2026-09-15 06:23:46,513 P3599918 INFO ----------------------------------------------------------------------------------------------------
2026-09-15 06:23:46,513 P3599918 INFO 11/50 starting... lr: 0.001 para:0.0833333358168602
2026-09-15 06:24:45,134 P3599918 INFO Epoch 11/50, all_loss:3422.49854 cls_loss:3457.23462 rec_loss:3040.40088 [58.61s]; best loss:3422.49854, patience : 0
2026-09-15 06:25:07,539 P3599918 INFO pr:0.3056  rc:0.0469  auc:0.5285 ap:0.5108 f1: 0.0813 pred_right: 1090909 pred_wrong:5291 actu_right: 1061711 actu_wrong: 34489
2026-09-15 06:25:16,608 P3599918 INFO pr:0.3018  rc:0.0453  auc:0.5278 ap:0.5104 f1: 0.0788 pred_right: 467577 pred_wrong:2223 actu_right: 454992 actu_wrong: 14808
2026-09-15 06:25:16,609 P3599918 INFO ----------------------------------------------------------------------------------------------------
2026-09-15 06:25:16,610 P3599918 INFO 12/50 starting... lr: 0.001 para:0.07692307978868484
2026-09-15 06:26:01,894 P3599918 INFO Epoch 12/50, all_loss:2989.91309 cls_loss:2987.66479 rec_loss:3016.89551 [45.28s]; best loss:2989.91309, patience : 0
2026-09-15 06:26:21,115 P3599918 INFO pr:0.2632  rc:0.1081  auc:0.5543 ap:0.5187 f1: 0.1532 pred_right: 1082037 pred_wrong:14163 actu_right: 1061711 actu_wrong: 34489
2026-09-15 06:26:27,241 P3599918 INFO pr:0.2664  rc:0.1101  auc:0.5551 ap:0.5192 f1: 0.1558 pred_right: 463681 pred_wrong:6119 actu_right: 454992 actu_wrong: 14808
2026-09-15 06:26:27,242 P3599918 INFO ----------------------------------------------------------------------------------------------------
2026-09-15 06:26:27,243 P3599918 INFO 13/50 starting... lr: 0.001 para:0.0714285746216774
2026-09-15 06:27:14,063 P3599918 INFO Epoch 13/50, all_loss:3062.87109 cls_loss:3066.02856 rec_loss:3021.82324 [46.82s]; best loss:2989.91309, patience : 1
2026-09-15 06:27:36,671 P3599918 INFO pr:0.2802  rc:0.0473  auc:0.5286 ap:0.5101 f1: 0.0809 pred_right: 1090383 pred_wrong:5817 actu_right: 1061711 actu_wrong: 34489
2026-09-15 06:27:45,361 P3599918 INFO pr:0.2903  rc:0.0473  auc:0.5283 ap:0.5102 f1: 0.0813 pred_right: 467389 pred_wrong:2411 actu_right: 454992 actu_wrong: 14808
2026-09-15 06:27:45,363 P3599918 INFO ----------------------------------------------------------------------------------------------------
2026-09-15 06:27:45,363 P3599918 INFO 14/50 starting... lr: 0.001 para:0.06666667014360428
2026-09-15 06:28:27,350 P3599918 INFO Epoch 14/50, all_loss:2980.06177 cls_loss:2976.53345 rec_loss:3029.45654 [41.98s]; best loss:2980.06177, patience : 0
2026-09-15 06:28:48,369 P3599918 INFO pr:0.3856  rc:0.0748  auc:0.5417 ap:0.5186 f1: 0.1252 pred_right: 1089514 pred_wrong:6686 actu_right: 1061716 actu_wrong: 34484
2026-09-15 06:28:57,047 P3599918 INFO pr:0.3888  rc:0.0745  auc:0.5410 ap:0.5184 f1: 0.1250 pred_right: 466963 pred_wrong:2837 actu_right: 454992 actu_wrong: 14808
2026-09-15 06:28:57,048 P3599918 INFO ----------------------------------------------------------------------------------------------------
2026-09-15 06:28:57,048 P3599918 INFO 15/50 starting... lr: 0.001 para:0.0625
2026-09-15 06:29:32,221 P3599918 INFO Epoch 15/50, all_loss:2553.18237 cls_loss:2521.33325 rec_loss:3030.91895 [35.17s]; best loss:2553.18237, patience : 0
2026-09-15 06:29:56,846 P3599918 INFO pr:0.2318  rc:0.0554  auc:0.5315 ap:0.5092 f1: 0.0895 pred_right: 1087951 pred_wrong:8249 actu_right: 1061706 actu_wrong: 34494
2026-09-15 06:30:12,344 P3599918 INFO pr:0.2362  rc:0.0571  auc:0.5318 ap:0.5094 f1: 0.0920 pred_right: 466218 pred_wrong:3582 actu_right: 454992 actu_wrong: 14808
2026-09-15 06:30:12,345 P3599918 INFO ----------------------------------------------------------------------------------------------------
2026-09-15 06:30:12,345 P3599918 INFO 16/50 starting... lr: 0.001 para:0.05882352963089943
2026-09-15 06:30:56,207 P3599918 INFO Epoch 16/50, all_loss:2691.00903 cls_loss:2666.51636 rec_loss:3082.89404 [43.86s]; best loss:2553.18237, patience : 1
2026-09-15 06:31:16,779 P3599918 INFO pr:0.4817  rc:0.1094  auc:0.5631 ap:0.5349 f1: 0.1783 pred_right: 1088370 pred_wrong:7830 actu_right: 1061712 actu_wrong: 34488
2026-09-15 06:31:25,366 P3599918 INFO pr:0.4825  rc:0.1089  auc:0.5634 ap:0.5352 f1: 0.1777 pred_right: 466457 pred_wrong:3343 actu_right: 454992 actu_wrong: 14808
2026-09-15 06:31:25,374 P3599918 INFO ----------------------------------------------------------------------------------------------------
2026-09-15 06:31:25,374 P3599918 INFO 17/50 starting... lr: 0.001 para:0.0555555559694767
2026-09-15 06:32:07,494 P3599918 INFO Epoch 17/50, all_loss:2551.09351 cls_loss:2521.98193 rec_loss:3045.99170 [42.11s]; best loss:2551.09351, patience : 0
2026-09-15 06:32:22,584 P3599918 INFO pr:0.9484  rc:0.2384  auc:0.6202 ap:0.6158 f1: 0.3811 pred_right: 1087530 pred_wrong:8670 actu_right: 1061712 actu_wrong: 34488
2026-09-15 06:32:28,771 P3599918 INFO pr:0.9476  rc:0.2322  auc:0.6173 ap:0.6132 f1: 0.3731 pred_right: 466171 pred_wrong:3629 actu_right: 454992 actu_wrong: 14808
2026-09-15 06:32:28,776 P3599918 INFO ----------------------------------------------------------------------------------------------------
2026-09-15 06:32:28,776 P3599918 INFO 18/50 starting... lr: 0.001 para:0.05263157933950424
2026-09-15 06:33:21,900 P3599918 INFO Epoch 18/50, all_loss:2035.41272 cls_loss:1977.39783 rec_loss:3079.68262 [53.11s]; best loss:2035.41272, patience : 0
2026-09-15 06:33:42,949 P3599918 INFO pr:0.9330  rc:0.2837  auc:0.6420 ap:0.6335 f1: 0.4351 pred_right: 1085715 pred_wrong:10485 actu_right: 1061712 actu_wrong: 34488
2026-09-15 06:33:51,878 P3599918 INFO pr:0.9340  rc:0.2770  auc:0.6387 ap:0.6304 f1: 0.4273 pred_right: 465408 pred_wrong:4392 actu_right: 454992 actu_wrong: 14808
2026-09-15 06:33:51,893 P3599918 INFO ----------------------------------------------------------------------------------------------------
2026-09-15 06:33:51,893 P3599918 INFO 19/50 starting... lr: 0.001 para:0.05000000074505806
2026-09-15 06:34:34,925 P3599918 INFO Epoch 19/50, all_loss:2215.81372 cls_loss:2171.17554 rec_loss:3063.93823 [43.03s]; best loss:2035.41272, patience : 1
2026-09-15 06:34:57,226 P3599918 INFO pr:0.7277  rc:0.3229  auc:0.6603 ap:0.6235 f1: 0.4474 pred_right: 1080895 pred_wrong:15305 actu_right: 1061711 actu_wrong: 34489
2026-09-15 06:35:04,150 P3599918 INFO pr:0.7168  rc:0.3190  auc:0.6579 ap:0.6199 f1: 0.4415 pred_right: 463210 pred_wrong:6590 actu_right: 454992 actu_wrong: 14808
2026-09-15 06:35:04,155 P3599918 INFO ----------------------------------------------------------------------------------------------------
2026-09-15 06:35:04,155 P3599918 INFO 20/50 starting... lr: 0.001 para:0.0476190485060215
2026-09-15 06:35:44,949 P3599918 INFO Epoch 20/50, all_loss:1816.24634 cls_loss:1753.27063 rec_loss:3075.76489 [40.77s]; best loss:1816.24634, patience : 0
2026-09-15 06:36:14,919 P3599918 INFO pr:0.7551  rc:0.3301  auc:0.6647 ap:0.6294 f1: 0.4594 pred_right: 1081120 pred_wrong:15080 actu_right: 1061709 actu_wrong: 34491
2026-09-15 06:36:23,383 P3599918 INFO pr:0.7548  rc:0.3257  auc:0.6625 ap:0.6277 f1: 0.4550 pred_right: 463410 pred_wrong:6390 actu_right: 454992 actu_wrong: 14808
2026-09-15 06:36:23,394 P3599918 INFO ----------------------------------------------------------------------------------------------------
2026-09-15 06:36:23,395 P3599918 INFO 21/50 starting... lr: 0.001 para:0.04545454680919647
2026-09-15 06:37:04,202 P3599918 INFO Epoch 21/50, all_loss:1679.49133 cls_loss:1609.06714 rec_loss:3158.40063 [40.80s]; best loss:1679.49133, patience : 0
2026-09-15 06:37:25,530 P3599918 INFO pr:0.8581  rc:0.3609  auc:0.6891 ap:0.6712 f1: 0.5081 pred_right: 1081693 pred_wrong:14507 actu_right: 1061712 actu_wrong: 34488
2026-09-15 06:37:34,280 P3599918 INFO pr:0.8549  rc:0.3585  auc:0.6880 ap:0.6705 f1: 0.5051 pred_right: 463591 pred_wrong:6209 actu_right: 454992 actu_wrong: 14808
2026-09-15 06:37:34,288 P3599918 INFO ----------------------------------------------------------------------------------------------------
2026-09-15 06:37:34,288 P3599918 INFO 22/50 starting... lr: 0.001 para:0.043478261679410934
2026-09-15 06:38:13,158 P3599918 INFO Epoch 22/50, all_loss:1518.58716 cls_loss:1440.17432 rec_loss:3243.67139 [38.86s]; best loss:1518.58716, patience : 0
2026-09-15 06:38:28,316 P3599918 INFO pr:0.6605  rc:0.4386  auc:0.7273 ap:0.6606 f1: 0.5271 pred_right: 1073298 pred_wrong:22902 actu_right: 1061710 actu_wrong: 34490
2026-09-15 06:38:38,509 P3599918 INFO pr:0.6584  rc:0.4352  auc:0.7260 ap:0.6595 f1: 0.5240 pred_right: 460011 pred_wrong:9789 actu_right: 454992 actu_wrong: 14808
2026-09-15 06:38:38,524 P3599918 INFO ----------------------------------------------------------------------------------------------------
2026-09-15 06:38:38,525 P3599918 INFO 23/50 starting... lr: 0.001 para:0.0416666679084301
2026-09-15 06:39:30,758 P3599918 INFO Epoch 23/50, all_loss:1266.42517 cls_loss:1176.60571 rec_loss:3332.27197 [52.22s]; best loss:1266.42517, patience : 0
2026-09-15 06:39:51,731 P3599918 INFO pr:0.4323  rc:0.6084  auc:0.8079 ap:0.6450 f1: 0.5055 pred_right: 1047664 pred_wrong:48536 actu_right: 1061709 actu_wrong: 34491
2026-09-15 06:40:00,556 P3599918 INFO pr:0.4320  rc:0.6006  auc:0.8040 ap:0.6434 f1: 0.5025 pred_right: 449215 pred_wrong:20585 actu_right: 454992 actu_wrong: 14808
2026-09-15 06:40:00,558 P3599918 INFO ----------------------------------------------------------------------------------------------------
2026-09-15 06:40:00,558 P3599918 INFO 24/50 starting... lr: 0.001 para:0.03999999910593033
2026-09-15 06:40:46,444 P3599918 INFO Epoch 24/50, all_loss:1376.86841 cls_loss:1294.01477 rec_loss:3365.35620 [45.89s]; best loss:1266.42517, patience : 1
2026-09-15 06:41:05,215 P3599918 INFO pr:0.7276  rc:0.4199  auc:0.7204 ap:0.6714 f1: 0.5325 pred_right: 1076296 pred_wrong:19904 actu_right: 1061712 actu_wrong: 34488
2026-09-15 06:41:11,901 P3599918 INFO pr:0.7283  rc:0.4138  auc:0.7166 ap:0.6687 f1: 0.5278 pred_right: 461386 pred_wrong:8414 actu_right: 454992 actu_wrong: 14808
2026-09-15 06:41:11,907 P3599918 INFO ----------------------------------------------------------------------------------------------------
2026-09-15 06:41:11,907 P3599918 INFO 25/50 starting... lr: 0.001 para:0.03846153989434242
2026-09-15 06:41:58,853 P3599918 INFO Epoch 25/50, all_loss:1093.07581 cls_loss:1002.62964 rec_loss:3354.23438 [46.94s]; best loss:1093.07581, patience : 0
2026-09-15 06:42:21,571 P3599918 INFO pr:0.6374  rc:0.5077  auc:0.7671 ap:0.6837 f1: 0.5652 pred_right: 1068725 pred_wrong:27475 actu_right: 1061710 actu_wrong: 34490
2026-09-15 06:42:30,427 P3599918 INFO pr:0.6343  rc:0.5034  auc:0.7638 ap:0.6809 f1: 0.5613 pred_right: 458048 pred_wrong:11752 actu_right: 454992 actu_wrong: 14808
2026-09-15 06:42:30,435 P3599918 INFO ----------------------------------------------------------------------------------------------------
2026-09-15 06:42:30,435 P3599918 INFO 26/50 starting... lr: 0.001 para:0.03703703731298447
2026-09-15 06:43:11,973 P3599918 INFO Epoch 26/50, all_loss:949.54950 cls_loss:855.93506 rec_loss:3383.52344 [41.53s]; best loss:949.54950, patience : 0
2026-09-15 06:43:32,278 P3599918 INFO pr:0.6409  rc:0.5327  auc:0.7838 ap:0.6980 f1: 0.5818 pred_right: 1067531 pred_wrong:28669 actu_right: 1061709 actu_wrong: 34491
2026-09-15 06:43:41,883 P3599918 INFO pr:0.6404  rc:0.5288  auc:0.7818 ap:0.6961 f1: 0.5793 pred_right: 457572 pred_wrong:12228 actu_right: 454992 actu_wrong: 14808
2026-09-15 06:43:41,891 P3599918 INFO ----------------------------------------------------------------------------------------------------
2026-09-15 06:43:41,891 P3599918 INFO 27/50 starting... lr: 0.001 para:0.0357142873108387
2026-09-15 06:44:32,352 P3599918 INFO Epoch 27/50, all_loss:764.64172 cls_loss:667.26001 rec_loss:3393.94531 [50.45s]; best loss:764.64172, patience : 0
2026-09-15 06:44:52,420 P3599918 INFO pr:0.4665  rc:0.6358  auc:0.8166 ap:0.6583 f1: 0.5382 pred_right: 1049193 pred_wrong:47007 actu_right: 1061710 actu_wrong: 34490
2026-09-15 06:45:00,793 P3599918 INFO pr:0.4624  rc:0.6309  auc:0.8145 ap:0.6554 f1: 0.5336 pred_right: 449596 pred_wrong:20204 actu_right: 454992 actu_wrong: 14808
2026-09-15 06:45:00,794 P3599918 INFO ----------------------------------------------------------------------------------------------------
2026-09-15 06:45:00,795 P3599918 INFO 28/50 starting... lr: 0.001 para:0.03448275849223137
2026-09-15 06:45:43,496 P3599918 INFO Epoch 28/50, all_loss:798.59552 cls_loss:705.06451 rec_loss:3417.46362 [42.70s]; best loss:764.64172, patience : 1
2026-09-15 06:46:04,389 P3599918 INFO pr:0.7371  rc:0.4958  auc:0.7647 ap:0.7101 f1: 0.5928 pred_right: 1073002 pred_wrong:23198 actu_right: 1061713 actu_wrong: 34487
2026-09-15 06:46:12,534 P3599918 INFO pr:0.7362  rc:0.4915  auc:0.7624 ap:0.7094 f1: 0.5895 pred_right: 459914 pred_wrong:9886 actu_right: 454992 actu_wrong: 14808
2026-09-15 06:46:12,541 P3599918 INFO ----------------------------------------------------------------------------------------------------
2026-09-15 06:46:12,541 P3599918 INFO 29/50 starting... lr: 0.001 para:0.03333333507180214
2026-09-15 06:47:02,230 P3599918 INFO Epoch 29/50, all_loss:582.14801 cls_loss:487.39355 rec_loss:3330.02686 [49.68s]; best loss:582.14801, patience : 0
2026-09-15 06:47:22,373 P3599918 INFO pr:0.4742  rc:0.7242  auc:0.8758 ap:0.6950 f1: 0.5731 pred_right: 1043525 pred_wrong:52675 actu_right: 1061710 actu_wrong: 34490
2026-09-15 06:47:30,515 P3599918 INFO pr:0.4711  rc:0.7162  auc:0.8722 ap:0.6922 f1: 0.5683 pred_right: 447287 pred_wrong:22513 actu_right: 454992 actu_wrong: 14808
2026-09-15 06:47:30,516 P3599918 INFO ----------------------------------------------------------------------------------------------------
2026-09-15 06:47:30,516 P3599918 INFO 30/50 starting... lr: 0.001 para:0.032258063554763794
2026-09-15 06:48:11,481 P3599918 INFO Epoch 30/50, all_loss:548.84937 cls_loss:455.92929 rec_loss:3336.45093 [40.96s]; best loss:548.84937, patience : 0
2026-09-15 06:48:31,550 P3599918 INFO pr:0.9685  rc:0.3805  auc:0.6981 ap:0.6985 f1: 0.5463 pred_right: 1082651 pred_wrong:13549 actu_right: 1061710 actu_wrong: 34490
2026-09-15 06:48:40,147 P3599918 INFO pr:0.9693  rc:0.3780  auc:0.6969 ap:0.6977 f1: 0.5439 pred_right: 464026 pred_wrong:5774 actu_right: 454992 actu_wrong: 14808
2026-09-15 06:48:40,149 P3599918 INFO ----------------------------------------------------------------------------------------------------
2026-09-15 06:48:40,149 P3599918 INFO 31/50 starting... lr: 0.001 para:0.03125
2026-09-15 06:49:27,745 P3599918 INFO Epoch 31/50, all_loss:455.61798 cls_loss:364.78577 rec_loss:3271.41699 [47.58s]; best loss:455.61798, patience : 0
2026-09-15 06:49:49,667 P3599918 INFO pr:0.4395  rc:0.7590  auc:0.8972 ap:0.6924 f1: 0.5566 pred_right: 1036634 pred_wrong:59566 actu_right: 1061709 actu_wrong: 34491
2026-09-15 06:49:57,600 P3599918 INFO pr:0.4411  rc:0.7590  auc:0.8978 ap:0.6936 f1: 0.5580 pred_right: 444321 pred_wrong:25479 actu_right: 454992 actu_wrong: 14808
2026-09-15 06:49:57,602 P3599918 INFO ----------------------------------------------------------------------------------------------------
2026-09-15 06:49:57,602 P3599918 INFO 32/50 starting... lr: 0.001 para:0.03030303120613098
2026-09-15 06:50:37,600 P3599918 INFO Epoch 32/50, all_loss:411.73935 cls_loss:320.48196 rec_loss:3331.97510 [39.99s]; best loss:411.73935, patience : 0
2026-09-15 06:50:58,251 P3599918 INFO pr:0.4948  rc:0.7604  auc:0.8989 ap:0.7161 f1: 0.5995 pred_right: 1043198 pred_wrong:53002 actu_right: 1061713 actu_wrong: 34487
2026-09-15 06:51:06,363 P3599918 INFO pr:0.4974  rc:0.7584  auc:0.8979 ap:0.7165 f1: 0.6008 pred_right: 447222 pred_wrong:22578 actu_right: 454992 actu_wrong: 14808
2026-09-15 06:51:06,370 P3599918 INFO ----------------------------------------------------------------------------------------------------
2026-09-15 06:51:06,370 P3599918 INFO 33/50 starting... lr: 0.001 para:0.029411764815449715
2026-09-15 06:51:48,607 P3599918 INFO Epoch 33/50, all_loss:365.92395 cls_loss:277.46414 rec_loss:3285.09912 [42.22s]; best loss:365.92395, patience : 0
2026-09-15 06:52:16,697 P3599918 INFO pr:0.6697  rc:0.5943  auc:0.8343 ap:0.7477 f1: 0.6297 pred_right: 1065594 pred_wrong:30606 actu_right: 1061710 actu_wrong: 34490
2026-09-15 06:52:24,960 P3599918 INFO pr:0.6759  rc:0.5939  auc:0.8341 ap:0.7495 f1: 0.6323 pred_right: 456790 pred_wrong:13010 actu_right: 454992 actu_wrong: 14808
2026-09-15 06:52:24,967 P3599918 INFO ----------------------------------------------------------------------------------------------------
2026-09-15 06:52:24,967 P3599918 INFO 34/50 starting... lr: 0.001 para:0.02857142873108387
2026-09-15 06:53:05,692 P3599918 INFO Epoch 34/50, all_loss:290.90991 cls_loss:203.16428 rec_loss:3274.26147 [40.72s]; best loss:290.90991, patience : 0
2026-09-15 06:53:25,512 P3599918 INFO pr:0.5143  rc:0.7118  auc:0.8958 ap:0.7300 f1: 0.5972 pred_right: 1048467 pred_wrong:47733 actu_right: 1061710 actu_wrong: 34490
2026-09-15 06:53:33,957 P3599918 INFO pr:0.5204  rc:0.7205  auc:0.8983 ap:0.7328 f1: 0.6043 pred_right: 449299 pred_wrong:20501 actu_right: 454992 actu_wrong: 14808
2026-09-15 06:53:33,958 P3599918 INFO ----------------------------------------------------------------------------------------------------
2026-09-15 06:53:33,958 P3599918 INFO 35/50 starting... lr: 0.001 para:0.02777777798473835
2026-09-15 06:54:14,063 P3599918 INFO Epoch 35/50, all_loss:300.65393 cls_loss:217.80022 rec_loss:3200.53198 [40.10s]; best loss:290.90991, patience : 1
2026-09-15 06:54:46,108 P3599918 INFO pr:0.6310  rc:0.5853  auc:0.8410 ap:0.7486 f1: 0.6073 pred_right: 1064207 pred_wrong:31993 actu_right: 1061708 actu_wrong: 34492
2026-09-15 06:54:54,235 P3599918 INFO pr:0.6312  rc:0.5846  auc:0.8411 ap:0.7484 f1: 0.6070 pred_right: 456084 pred_wrong:13716 actu_right: 454992 actu_wrong: 14808
2026-09-15 06:54:54,237 P3599918 INFO ----------------------------------------------------------------------------------------------------
2026-09-15 06:54:54,237 P3599918 INFO 36/50 starting... lr: 0.001 para:0.027027027681469917
2026-09-15 06:55:35,110 P3599918 INFO Epoch 36/50, all_loss:192.70358 cls_loss:110.89287 rec_loss:3137.88989 [40.86s]; best loss:192.70358, patience : 0
2026-09-15 06:55:55,125 P3599918 INFO pr:0.6417  rc:0.5549  auc:0.8661 ap:0.7734 f1: 0.5951 pred_right: 1066376 pred_wrong:29824 actu_right: 1061710 actu_wrong: 34490
2026-09-15 06:56:03,740 P3599918 INFO pr:0.6426  rc:0.5574  auc:0.8664 ap:0.7740 f1: 0.5970 pred_right: 456955 pred_wrong:12845 actu_right: 454992 actu_wrong: 14808
2026-09-15 06:56:03,741 P3599918 INFO ----------------------------------------------------------------------------------------------------
2026-09-15 06:56:03,741 P3599918 INFO 37/50 starting... lr: 0.001 para:0.02631578966975212
2026-09-15 06:56:46,180 P3599918 INFO Epoch 37/50, all_loss:180.03085 cls_loss:101.16737 rec_loss:3097.97974 [42.42s]; best loss:180.03085, patience : 0
2026-09-15 06:57:14,778 P3599918 INFO pr:0.6968  rc:0.5961  auc:0.8916 ap:0.8279 f1: 0.6426 pred_right: 1066695 pred_wrong:29505 actu_right: 1061710 actu_wrong: 34490
2026-09-15 06:57:22,836 P3599918 INFO pr:0.6968  rc:0.5914  auc:0.8902 ap:0.8271 f1: 0.6398 pred_right: 457232 pred_wrong:12568 actu_right: 454992 actu_wrong: 14808
2026-09-15 06:57:22,842 P3599918 INFO ----------------------------------------------------------------------------------------------------
2026-09-15 06:57:22,843 P3599918 INFO 38/50 starting... lr: 0.001 para:0.025641025975346565
2026-09-15 06:58:02,809 P3599918 INFO Epoch 38/50, all_loss:161.79063 cls_loss:85.67428 rec_loss:3054.21191 [39.96s]; best loss:161.79063, patience : 0
2026-09-15 06:58:22,299 P3599918 INFO pr:0.4798  rc:0.7542  auc:0.9317 ap:0.7591 f1: 0.5865 pred_right: 1041989 pred_wrong:54211 actu_right: 1061713 actu_wrong: 34487
2026-09-15 06:58:30,892 P3599918 INFO pr:0.4780  rc:0.7543  auc:0.9322 ap:0.7580 f1: 0.5851 pred_right: 446433 pred_wrong:23367 actu_right: 454992 actu_wrong: 14808
2026-09-15 06:58:30,894 P3599918 INFO ----------------------------------------------------------------------------------------------------
2026-09-15 06:58:30,894 P3599918 INFO 39/50 starting... lr: 0.001 para:0.02500000037252903
2026-09-15 06:59:09,264 P3599918 INFO Epoch 39/50, all_loss:145.75151 cls_loss:72.58957 rec_loss:2999.06763 [38.33s]; best loss:145.75151, patience : 0
2026-09-15 06:59:44,254 P3599918 INFO pr:0.5665  rc:0.7062  auc:0.9524 ap:0.8159 f1: 0.6287 pred_right: 1053206 pred_wrong:42994 actu_right: 1061711 actu_wrong: 34489
2026-09-15 06:59:52,202 P3599918 INFO pr:0.5696  rc:0.7067  auc:0.9532 ap:0.8180 f1: 0.6308 pred_right: 451427 pred_wrong:18373 actu_right: 454992 actu_wrong: 14808
2026-09-15 06:59:52,204 P3599918 INFO ----------------------------------------------------------------------------------------------------
2026-09-15 06:59:52,204 P3599918 INFO 40/50 starting... lr: 0.001 para:0.024390242993831635
2026-09-15 07:00:31,445 P3599918 INFO Epoch 40/50, all_loss:113.38190 cls_loss:42.96939 rec_loss:2929.88306 [39.23s]; best loss:113.38190, patience : 0
2026-09-15 07:00:52,267 P3599918 INFO pr:0.5643  rc:0.6961  auc:0.9299 ap:0.7960 f1: 0.6233 pred_right: 1053655 pred_wrong:42545 actu_right: 1061709 actu_wrong: 34491
2026-09-15 07:01:00,883 P3599918 INFO pr:0.5676  rc:0.6996  auc:0.9303 ap:0.7974 f1: 0.6267 pred_right: 451549 pred_wrong:18251 actu_right: 454992 actu_wrong: 14808
2026-09-15 07:01:00,884 P3599918 INFO ----------------------------------------------------------------------------------------------------
2026-09-15 07:01:00,884 P3599918 INFO 41/50 starting... lr: 0.001 para:0.02380952425301075
2026-09-15 07:01:37,852 P3599918 INFO Epoch 41/50, all_loss:106.58938 cls_loss:36.91184 rec_loss:2963.36890 [36.96s]; best loss:106.58938, patience : 0
2026-09-15 07:02:12,830 P3599918 INFO pr:0.6049  rc:0.6452  auc:0.9526 ap:0.8427 f1: 0.6244 pred_right: 1059409 pred_wrong:36791 actu_right: 1061709 actu_wrong: 34491
2026-09-15 07:02:20,794 P3599918 INFO pr:0.6096  rc:0.6515  auc:0.9528 ap:0.8450 f1: 0.6298 pred_right: 453974 pred_wrong:15826 actu_right: 454992 actu_wrong: 14808
2026-09-15 07:02:20,795 P3599918 INFO ----------------------------------------------------------------------------------------------------
2026-09-15 07:02:20,795 P3599918 INFO 42/50 starting... lr: 0.001 para:0.023255813866853714
2026-09-15 07:03:00,281 P3599918 INFO Epoch 42/50, all_loss:100.93889 cls_loss:32.74719 rec_loss:2964.99023 [39.48s]; best loss:100.93889, patience : 0
2026-09-15 07:03:20,034 P3599918 INFO pr:0.6992  rc:0.4689  auc:0.8997 ap:0.7919 f1: 0.5614 pred_right: 1073069 pred_wrong:23131 actu_right: 1061712 actu_wrong: 34488
2026-09-15 07:03:28,818 P3599918 INFO pr:0.6958  rc:0.4662  auc:0.8975 ap:0.7896 f1: 0.5584 pred_right: 459878 pred_wrong:9922 actu_right: 454992 actu_wrong: 14808
2026-09-15 07:03:28,819 P3599918 INFO ----------------------------------------------------------------------------------------------------
2026-09-15 07:03:28,819 P3599918 INFO 43/50 starting... lr: 0.001 para:0.022727273404598236
2026-09-15 07:04:06,774 P3599918 INFO Epoch 43/50, all_loss:87.17496 cls_loss:21.98996 rec_loss:2890.12964 [37.94s]; best loss:87.17496, patience : 0
2026-09-15 07:04:41,937 P3599918 INFO pr:0.8249  rc:0.5335  auc:0.9606 ap:0.8701 f1: 0.6480 pred_right: 1073895 pred_wrong:22305 actu_right: 1061715 actu_wrong: 34485
2026-09-15 07:04:50,218 P3599918 INFO pr:0.8258  rc:0.5358  auc:0.9605 ap:0.8710 f1: 0.6499 pred_right: 460192 pred_wrong:9608 actu_right: 454992 actu_wrong: 14808
2026-09-15 07:04:50,224 P3599918 INFO ----------------------------------------------------------------------------------------------------
2026-09-15 07:04:50,225 P3599918 INFO 44/50 starting... lr: 0.001 para:0.02222222276031971
2026-09-15 07:05:29,858 P3599918 INFO Epoch 44/50, all_loss:76.72731 cls_loss:14.11705 rec_loss:2831.57886 [39.63s]; best loss:76.72731, patience : 0
2026-09-15 07:05:50,831 P3599918 INFO pr:0.9044  rc:0.4084  auc:0.8798 ap:0.8092 f1: 0.5627 pred_right: 1080630 pred_wrong:15570 actu_right: 1061715 actu_wrong: 34485
2026-09-15 07:05:59,504 P3599918 INFO pr:0.9037  rc:0.4093  auc:0.8795 ap:0.8083 f1: 0.5634 pred_right: 463093 pred_wrong:6707 actu_right: 454992 actu_wrong: 14808
2026-09-15 07:05:59,505 P3599918 INFO ----------------------------------------------------------------------------------------------------
2026-09-15 07:05:59,505 P3599918 INFO 45/50 starting... lr: 0.001 para:0.021739130839705467
2026-09-15 07:06:38,937 P3599918 INFO Epoch 45/50, all_loss:72.54488 cls_loss:11.74374 rec_loss:2808.59595 [39.42s]; best loss:72.54488, patience : 0
2026-09-15 07:07:12,606 P3599918 INFO pr:0.6657  rc:0.6344  auc:0.9632 ap:0.8743 f1: 0.6497 pred_right: 1063334 pred_wrong:32866 actu_right: 1061712 actu_wrong: 34488
2026-09-15 07:07:20,543 P3599918 INFO pr:0.6651  rc:0.6314  auc:0.9635 ap:0.8737 f1: 0.6478 pred_right: 455741 pred_wrong:14059 actu_right: 454992 actu_wrong: 14808
2026-09-15 07:07:20,550 P3599918 INFO ----------------------------------------------------------------------------------------------------
2026-09-15 07:07:20,550 P3599918 INFO 46/50 starting... lr: 0.001 para:0.021276595070958138
2026-09-15 07:07:59,898 P3599918 INFO Epoch 46/50, all_loss:66.26305 cls_loss:6.94822 rec_loss:2794.74512 [39.34s]; best loss:66.26305, patience : 0
2026-09-15 07:08:19,511 P3599918 INFO pr:0.8148  rc:0.5137  auc:0.9604 ap:0.8631 f1: 0.6301 pred_right: 1074458 pred_wrong:21742 actu_right: 1061712 actu_wrong: 34488
2026-09-15 07:08:28,205 P3599918 INFO pr:0.8156  rc:0.5173  auc:0.9602 ap:0.8616 f1: 0.6331 pred_right: 460408 pred_wrong:9392 actu_right: 454992 actu_wrong: 14808
2026-09-15 07:08:28,206 P3599918 INFO ----------------------------------------------------------------------------------------------------
2026-09-15 07:08:28,206 P3599918 INFO 47/50 starting... lr: 0.001 para:0.02083333395421505
2026-09-15 07:09:03,828 P3599918 INFO Epoch 47/50, all_loss:66.65193 cls_loss:8.75535 rec_loss:2787.79150 [35.62s]; best loss:66.26305, patience : 1
2026-09-15 07:09:38,570 P3599918 INFO pr:0.7811  rc:0.4850  auc:0.9785 ap:0.8614 f1: 0.5984 pred_right: 1074787 pred_wrong:21413 actu_right: 1061713 actu_wrong: 34487
2026-09-15 07:09:46,728 P3599918 INFO pr:0.7728  rc:0.4898  auc:0.9780 ap:0.8607 f1: 0.5996 pred_right: 460415 pred_wrong:9385 actu_right: 454992 actu_wrong: 14808
2026-09-15 07:09:46,729 P3599918 INFO ----------------------------------------------------------------------------------------------------
2026-09-15 07:09:46,730 P3599918 INFO 48/50 starting... lr: 0.001 para:0.020408162847161293
2026-09-15 07:10:25,333 P3599918 INFO Epoch 48/50, all_loss:64.65042 cls_loss:8.18656 rec_loss:2774.91602 [38.60s]; best loss:64.65042, patience : 0
2026-09-15 07:10:46,050 P3599918 INFO pr:0.9161  rc:0.4792  auc:0.9676 ap:0.8720 f1: 0.6293 pred_right: 1078159 pred_wrong:18041 actu_right: 1061709 actu_wrong: 34491
2026-09-15 07:10:54,052 P3599918 INFO pr:0.9169  rc:0.4792  auc:0.9669 ap:0.8718 f1: 0.6294 pred_right: 462061 pred_wrong:7739 actu_right: 454992 actu_wrong: 14808
2026-09-15 07:10:54,053 P3599918 INFO ----------------------------------------------------------------------------------------------------
2026-09-15 07:10:54,053 P3599918 INFO 49/50 starting... lr: 0.001 para:0.019999999552965164
2026-09-15 07:11:32,024 P3599918 INFO Epoch 49/50, all_loss:61.58707 cls_loss:6.27639 rec_loss:2771.81030 [37.96s]; best loss:61.58707, patience : 0
2026-09-15 07:12:06,648 P3599918 INFO pr:0.5838  rc:0.7509  auc:0.9857 ap:0.8830 f1: 0.6569 pred_right: 1051841 pred_wrong:44359 actu_right: 1061715 actu_wrong: 34485
2026-09-15 07:12:14,954 P3599918 INFO pr:0.5841  rc:0.7497  auc:0.9856 ap:0.8829 f1: 0.6566 pred_right: 450794 pred_wrong:19006 actu_right: 454992 actu_wrong: 14808
2026-09-15 07:12:14,960 P3599918 INFO saving model...
2026-09-15 07:12:14,960 P3599918 INFO FITS_Legendre - loss  best score:61.587066650390625 at epoch 49
2026-09-15 07:12:14,995 P3599918 INFO FITS_Legendre - f1  best score:0.6568667241641722 at epoch 49
2026-09-15 07:12:15,004 P3599918 INFO Average training time per epoch: 42.87 seconds
2026-09-15 07:12:15,006 P3599918 INFO calculate scores...
2026-09-15 07:12:15,006 P3599918 INFO calculate label with loss...
2026-09-15 07:12:15,007 P3599918 INFO FITS_Legendre on ./result/server_only_exps/Ablations_updatedFreDF/FITS_Legendre-TT-Epochs50-Seed2-ExpNameRQ2z5_basis_degree_comparison-LPFLPF-Attnlinear_attn-NormLinTrue-RecLambda1.0-AuxiLambda0.2-lowshow-simplegraph-Degree3-BasisTypehermite loading...
2026-09-15 07:12:23,421 P3599918 INFO pr:0.5841  rc:0.7497  auc:0.9856 ap:0.8829 f1: 0.6566 pred_right: 450794 pred_wrong:19006 actu_right: 454992 actu_wrong: 14808
2026-09-15 07:12:36,249 P3599918 INFO pr:0.5841  rc:0.7497  auc:0.9856 ap:0.8829 f1: 0.6566 pred_right: 450794 pred_wrong:19006 actu_right: 454992 actu_wrong: 14808
2026-09-15 07:12:36,250 P3599918 INFO Performance Summary:
{'GPU': {'inference_time_per_sample_ms': 0.4349746721620264, 'throughput_samples_per_sec': 2298.984432885563, 'peak_memory_mb': 87.724609375, 'energy_per_sample_joules': 0.02053080452604765}, 'CPU': {'inference_time_per_sample_ms': 0.6832575141083359, 'throughput_samples_per_sec': 1463.5770252816305, 'peak_memory_mb': 5483.34375, 'energy_per_sample_joules': 0.04441173841704184}}
2026-09-15 07:12:36,250 P3599918 INFO Starting clean-room hardware benchmarking...
2026-09-15 07:12:37,608 P3599918 INFO Performance with loss: pr:0.5841  rc:0.7497  auc:0.9856 ap:0.8829 f1: 0.6566 pred_right: 450794 pred_wrong:19006 actu_right: 454992 actu_wrong: 14808
2026-09-15 07:12:37,608 P3599918 INFO calculate label with f1...
2026-09-15 07:12:37,608 P3599918 INFO FITS_Legendre on ./result/server_only_exps/Ablations_updatedFreDF/FITS_Legendre-TT-Epochs50-Seed2-ExpNameRQ2z5_basis_degree_comparison-LPFLPF-Attnlinear_attn-NormLinTrue-RecLambda1.0-AuxiLambda0.2-lowshow-simplegraph-Degree3-BasisTypehermite loading...
2026-09-15 07:12:45,874 P3599918 INFO pr:0.5841  rc:0.7497  auc:0.9856 ap:0.8829 f1: 0.6566 pred_right: 450794 pred_wrong:19006 actu_right: 454992 actu_wrong: 14808
2026-09-15 07:12:58,800 P3599918 INFO pr:0.5841  rc:0.7497  auc:0.9856 ap:0.8829 f1: 0.6566 pred_right: 450794 pred_wrong:19006 actu_right: 454992 actu_wrong: 14808
2026-09-15 07:12:58,801 P3599918 INFO Performance Summary:
{'GPU': {'inference_time_per_sample_ms': 0.42253737509866535, 'throughput_samples_per_sec': 2366.6545468705417, 'peak_memory_mb': 87.220703125, 'energy_per_sample_joules': 0.021546659637093787}, 'CPU': {'inference_time_per_sample_ms': 0.6907735571658707, 'throughput_samples_per_sec': 1447.6524030578619, 'peak_memory_mb': 5164.68359375, 'energy_per_sample_joules': 0.044900281215781594}}
2026-09-15 07:12:58,801 P3599918 INFO Starting clean-room hardware benchmarking...
2026-09-15 07:13:00,048 P3599918 INFO Performance with f1: pr:0.5841  rc:0.7497  auc:0.9856 ap:0.8829 f1: 0.6566 pred_right: 450794 pred_wrong:19006 actu_right: 454992 actu_wrong: 14808
