2026-09-12 21:21:02,493 P1016910 INFO ---- Model: ----MSTGAD-71d18fc7----random_seed : 2----req_loss_approach : Normal-Recreation----rec_lambda : 1.0----auxi_lambda : 0.2----Freq Domain : DeepHunt----Multi Fits : false----train : True----evaluate : False
2026-09-12 21:21:02,493 P1016910 INFO Load from /home/db2003/Desktop/Amr/Tests/Eadro/codes/chunks/TT
2026-09-12 21:21:25,631 P1016910 INFO Fewshot: training with 1.0 of the 70% of the data
2026-09-12 21:21:25,781 P1016910 INFO Trainable Parameters Breakdown:
2026-09-12 21:21:25,781 P1016910 INFO --------------------------------------------------------------------------------
2026-09-12 21:21:25,781 P1016910 INFO Reconstruction-Specific Parameters:
2026-09-12 21:21:25,781 P1016910 INFO deep_hunt.metric_proj.weight             | shape: (8, 7)                    | params: 56
2026-09-12 21:21:25,781 P1016910 INFO deep_hunt.metric_proj.bias               | shape: (8,)                      | params: 8
2026-09-12 21:21:25,781 P1016910 INFO deep_hunt.log_proj.weight                | shape: (32, 60)                  | params: 1,920
2026-09-12 21:21:25,781 P1016910 INFO deep_hunt.log_proj.bias                  | shape: (32,)                     | params: 32
2026-09-12 21:21:25,781 P1016910 INFO deep_hunt.trace_proj.weight              | shape: (8, 2)                    | params: 16
2026-09-12 21:21:25,781 P1016910 INFO deep_hunt.trace_proj.bias                | shape: (8,)                      | params: 8
2026-09-12 21:21:25,782 P1016910 INFO deep_hunt.model.encoder.input_conv.lin_rel.weight | shape: (64, 48)                  | params: 3,072
2026-09-12 21:21:25,782 P1016910 INFO deep_hunt.model.encoder.input_conv.lin_rel.bias | shape: (64,)                     | params: 64
2026-09-12 21:21:25,782 P1016910 INFO deep_hunt.model.encoder.input_conv.lin_root.weight | shape: (64, 48)                  | params: 3,072
2026-09-12 21:21:25,782 P1016910 INFO deep_hunt.model.encoder.convs.0.lin_rel.weight | shape: (32, 64)                  | params: 2,048
2026-09-12 21:21:25,782 P1016910 INFO deep_hunt.model.encoder.convs.0.lin_rel.bias | shape: (32,)                     | params: 32
2026-09-12 21:21:25,782 P1016910 INFO deep_hunt.model.encoder.convs.0.lin_root.weight | shape: (32, 64)                  | params: 2,048
2026-09-12 21:21:25,782 P1016910 INFO deep_hunt.model.decoder.input_conv.lin_rel.weight | shape: (64, 32)                  | params: 2,048
2026-09-12 21:21:25,782 P1016910 INFO deep_hunt.model.decoder.input_conv.lin_rel.bias | shape: (64,)                     | params: 64
2026-09-12 21:21:25,782 P1016910 INFO deep_hunt.model.decoder.input_conv.lin_root.weight | shape: (64, 32)                  | params: 2,048
2026-09-12 21:21:25,782 P1016910 INFO deep_hunt.model.decoder.convs.0.lin_rel.weight | shape: (48, 64)                  | params: 3,072
2026-09-12 21:21:25,782 P1016910 INFO deep_hunt.model.decoder.convs.0.lin_rel.bias | shape: (48,)                     | params: 48
2026-09-12 21:21:25,783 P1016910 INFO deep_hunt.model.decoder.convs.0.lin_root.weight | shape: (48, 64)                  | params: 3,072
2026-09-12 21:21:25,783 P1016910 INFO deep_hunt.out.weight                     | shape: (69, 48)                  | params: 3,312
2026-09-12 21:21:25,783 P1016910 INFO deep_hunt.out.bias                       | shape: (69,)                     | params: 69
2026-09-12 21:21:25,783 P1016910 INFO Subtotal: 26,109
2026-09-12 21:21:25,783 P1016910 INFO --------------------------------------------------------------------------------
2026-09-12 21:21:25,783 P1016910 INFO Common Parameters:
2026-09-12 21:21:25,783 P1016910 INFO show.0.weight                            | shape: (128, 69)                 | params: 8,832
2026-09-12 21:21:25,783 P1016910 INFO show.0.bias                              | shape: (128,)                    | params: 128
2026-09-12 21:21:25,783 P1016910 INFO show.2.weight                            | shape: (2, 128)                  | params: 256
2026-09-12 21:21:25,783 P1016910 INFO show.2.bias                              | shape: (2,)                      | params: 2
2026-09-12 21:21:25,783 P1016910 INFO Subtotal: 9,218
2026-09-12 21:21:25,784 P1016910 INFO --------------------------------------------------------------------------------
2026-09-12 21:21:25,784 P1016910 INFO Total Trainable Parameters: 35,327

2026-09-12 21:21:25,784 P1016910 INFO Trainable Parameters: 35327, reconstruction: 26109, common: 9218
2026-09-12 21:21:25,784 P1016910 INFO model : init weight
2026-09-12 21:21:25,785 P1016910 INFO Using GPU...
2026-09-12 21:21:25,789 P1016910 INFO optimizer : using AdaBelief
2026-09-12 21:21:25,789 P1016910 INFO ----------------------------------------------------------------------------------------------------
2026-09-12 21:21:25,789 P1016910 INFO 0/50 starting... lr: 0.001 para:1.0
2026-09-12 21:21:49,827 P1016910 INFO Epoch 0/50, all_loss:0.20971 cls_loss:31.31833 rec_loss:0.20971 [24.03s]; best loss:0.20971, patience : 0
2026-09-12 21:21:49,827 P1016910 INFO ----------------------------------------------------------------------------------------------------
2026-09-12 21:21:49,827 P1016910 INFO 1/50 starting... lr: 0.001 para:0.5
2026-09-12 21:22:14,755 P1016910 INFO Epoch 1/50, all_loss:3.83188 cls_loss:7.62802 rec_loss:0.03575 [24.92s]; best loss:3.83188, patience : 0
2026-09-12 21:22:14,755 P1016910 INFO ----------------------------------------------------------------------------------------------------
2026-09-12 21:22:14,755 P1016910 INFO 2/50 starting... lr: 0.001 para:0.3333333432674408
2026-09-12 21:22:40,592 P1016910 INFO Epoch 2/50, all_loss:3.32863 cls_loss:4.97383 rec_loss:0.03821 [25.83s]; best loss:3.32863, patience : 0
2026-09-12 21:22:57,763 P1016910 INFO pr:0.9958  rc:0.3144  auc:0.9194 ap:0.7501 f1: 0.4779 pred_right: 1085310 pred_wrong:10890 actu_right: 1061710 actu_wrong: 34490
2026-09-12 21:23:17,955 P1016910 INFO pr:0.9948  rc:0.3101  auc:0.9181 ap:0.7480 f1: 0.4728 pred_right: 465184 pred_wrong:4616 actu_right: 454992 actu_wrong: 14808
2026-09-12 21:23:17,959 P1016910 INFO ----------------------------------------------------------------------------------------------------
2026-09-12 21:23:17,960 P1016910 INFO 3/50 starting... lr: 0.001 para:0.25
2026-09-12 21:23:45,460 P1016910 INFO Epoch 3/50, all_loss:3.02458 cls_loss:4.00763 rec_loss:0.07542 [27.50s]; best loss:3.02458, patience : 0
2026-09-12 21:24:04,043 P1016910 INFO pr:0.9952  rc:0.3212  auc:0.9684 ap:0.8055 f1: 0.4857 pred_right: 1085069 pred_wrong:11131 actu_right: 1061713 actu_wrong: 34487
2026-09-12 21:24:12,068 P1016910 INFO pr:0.9949  rc:0.3167  auc:0.9675 ap:0.8040 f1: 0.4805 pred_right: 465086 pred_wrong:4714 actu_right: 454992 actu_wrong: 14808
2026-09-12 21:24:12,072 P1016910 INFO ----------------------------------------------------------------------------------------------------
2026-09-12 21:24:12,076 P1016910 INFO 4/50 starting... lr: 0.001 para:0.20000000298023224
2026-09-12 21:24:37,837 P1016910 INFO Epoch 4/50, all_loss:2.64403 cls_loss:3.28314 rec_loss:0.08755 [25.76s]; best loss:2.64403, patience : 0
2026-09-12 21:24:55,518 P1016910 INFO pr:0.9971  rc:0.3209  auc:0.9815 ap:0.8587 f1: 0.4856 pred_right: 1085100 pred_wrong:11100 actu_right: 1061712 actu_wrong: 34488
2026-09-12 21:25:08,285 P1016910 INFO pr:0.9972  rc:0.3174  auc:0.9811 ap:0.8574 f1: 0.4815 pred_right: 465087 pred_wrong:4713 actu_right: 454992 actu_wrong: 14808
2026-09-12 21:25:08,287 P1016910 INFO ----------------------------------------------------------------------------------------------------
2026-09-12 21:25:08,287 P1016910 INFO 5/50 starting... lr: 0.001 para:0.1666666716337204
2026-09-12 21:25:40,917 P1016910 INFO Epoch 5/50, all_loss:2.41359 cls_loss:2.88056 rec_loss:0.07879 [32.62s]; best loss:2.41359, patience : 0
2026-09-12 21:25:59,189 P1016910 INFO pr:0.9812  rc:0.3323  auc:0.9868 ap:0.8828 f1: 0.4965 pred_right: 1084518 pred_wrong:11682 actu_right: 1061710 actu_wrong: 34490
2026-09-12 21:26:07,228 P1016910 INFO pr:0.9831  rc:0.3293  auc:0.9866 ap:0.8821 f1: 0.4934 pred_right: 464839 pred_wrong:4961 actu_right: 454992 actu_wrong: 14808
2026-09-12 21:26:07,233 P1016910 INFO ----------------------------------------------------------------------------------------------------
2026-09-12 21:26:07,233 P1016910 INFO 6/50 starting... lr: 0.001 para:0.1428571492433548
2026-09-12 21:26:33,884 P1016910 INFO Epoch 6/50, all_loss:2.24604 cls_loss:2.60779 rec_loss:0.07553 [26.65s]; best loss:2.24604, patience : 0
2026-09-12 21:26:52,459 P1016910 INFO pr:0.9667  rc:0.3541  auc:0.9888 ap:0.8932 f1: 0.5183 pred_right: 1083569 pred_wrong:12631 actu_right: 1061714 actu_wrong: 34486
2026-09-12 21:26:58,819 P1016910 INFO pr:0.9699  rc:0.3506  auc:0.9886 ap:0.8933 f1: 0.5150 pred_right: 464448 pred_wrong:5352 actu_right: 454992 actu_wrong: 14808
2026-09-12 21:26:58,822 P1016910 INFO ----------------------------------------------------------------------------------------------------
2026-09-12 21:26:58,822 P1016910 INFO 7/50 starting... lr: 0.001 para:0.125
2026-09-12 21:27:37,161 P1016910 INFO Epoch 7/50, all_loss:2.14328 cls_loss:2.43922 rec_loss:0.07173 [38.33s]; best loss:2.14328, patience : 0
2026-09-12 21:27:54,696 P1016910 INFO pr:0.8761  rc:0.4665  auc:0.9907 ap:0.9038 f1: 0.6088 pred_right: 1077836 pred_wrong:18364 actu_right: 1061710 actu_wrong: 34490
2026-09-12 21:28:02,408 P1016910 INFO pr:0.8817  rc:0.4625  auc:0.9905 ap:0.9037 f1: 0.6068 pred_right: 462032 pred_wrong:7768 actu_right: 454992 actu_wrong: 14808
2026-09-12 21:28:02,412 P1016910 INFO ----------------------------------------------------------------------------------------------------
2026-09-12 21:28:02,413 P1016910 INFO 8/50 starting... lr: 0.001 para:0.1111111119389534
2026-09-12 21:28:28,371 P1016910 INFO Epoch 8/50, all_loss:2.10006 cls_loss:2.35449 rec_loss:0.06460 [25.95s]; best loss:2.10006, patience : 0
2026-09-12 21:28:47,134 P1016910 INFO pr:0.8567  rc:0.4535  auc:0.9897 ap:0.8976 f1: 0.5930 pred_right: 1077945 pred_wrong:18255 actu_right: 1061714 actu_wrong: 34486
2026-09-12 21:28:53,733 P1016910 INFO pr:0.8667  rc:0.4486  auc:0.9896 ap:0.8976 f1: 0.5912 pred_right: 462135 pred_wrong:7665 actu_right: 454992 actu_wrong: 14808
2026-09-12 21:28:53,734 P1016910 INFO ----------------------------------------------------------------------------------------------------
2026-09-12 21:28:53,734 P1016910 INFO 9/50 starting... lr: 0.001 para:0.10000000149011612
2026-09-12 21:29:31,833 P1016910 INFO Epoch 9/50, all_loss:2.05297 cls_loss:2.27434 rec_loss:0.06071 [38.09s]; best loss:2.05297, patience : 0
2026-09-12 21:29:50,339 P1016910 INFO pr:0.9227  rc:0.4553  auc:0.9912 ap:0.9078 f1: 0.6097 pred_right: 1079183 pred_wrong:17017 actu_right: 1061714 actu_wrong: 34486
2026-09-12 21:29:57,701 P1016910 INFO pr:0.9284  rc:0.4501  auc:0.9910 ap:0.9075 f1: 0.6063 pred_right: 462621 pred_wrong:7179 actu_right: 454992 actu_wrong: 14808
2026-09-12 21:29:57,705 P1016910 INFO ----------------------------------------------------------------------------------------------------
2026-09-12 21:29:57,705 P1016910 INFO 10/50 starting... lr: 0.001 para:0.09090909361839294
2026-09-12 21:30:24,005 P1016910 INFO Epoch 10/50, all_loss:2.00534 cls_loss:2.20008 rec_loss:0.05795 [26.29s]; best loss:2.00534, patience : 0
2026-09-12 21:30:43,217 P1016910 INFO pr:0.9482  rc:0.4160  auc:0.9921 ap:0.9146 f1: 0.5783 pred_right: 1081072 pred_wrong:15128 actu_right: 1061713 actu_wrong: 34487
2026-09-12 21:30:49,480 P1016910 INFO pr:0.9538  rc:0.4113  auc:0.9918 ap:0.9143 f1: 0.5747 pred_right: 463415 pred_wrong:6385 actu_right: 454992 actu_wrong: 14808
2026-09-12 21:30:49,481 P1016910 INFO ----------------------------------------------------------------------------------------------------
2026-09-12 21:30:49,481 P1016910 INFO 11/50 starting... lr: 0.001 para:0.0833333358168602
2026-09-12 21:31:26,812 P1016910 INFO Epoch 11/50, all_loss:1.96412 cls_loss:2.13753 rec_loss:0.05657 [37.33s]; best loss:1.96412, patience : 0
2026-09-12 21:31:45,255 P1016910 INFO pr:0.8851  rc:0.5120  auc:0.9916 ap:0.9129 f1: 0.6487 pred_right: 1076248 pred_wrong:19952 actu_right: 1061709 actu_wrong: 34491
2026-09-12 21:31:52,778 P1016910 INFO pr:0.8933  rc:0.5093  auc:0.9911 ap:0.9129 f1: 0.6487 pred_right: 461357 pred_wrong:8443 actu_right: 454992 actu_wrong: 14808
2026-09-12 21:31:52,782 P1016910 INFO ----------------------------------------------------------------------------------------------------
2026-09-12 21:31:52,782 P1016910 INFO 12/50 starting... lr: 0.001 para:0.07692307978868484
2026-09-12 21:32:19,591 P1016910 INFO Epoch 12/50, all_loss:1.96232 cls_loss:2.12133 rec_loss:0.05418 [26.80s]; best loss:1.96232, patience : 0
2026-09-12 21:32:38,744 P1016910 INFO pr:0.8270  rc:0.6002  auc:0.9925 ap:0.9183 f1: 0.6956 pred_right: 1071171 pred_wrong:25029 actu_right: 1061712 actu_wrong: 34488
2026-09-12 21:32:44,769 P1016910 INFO pr:0.8294  rc:0.5966  auc:0.9923 ap:0.9173 f1: 0.6940 pred_right: 459149 pred_wrong:10651 actu_right: 454992 actu_wrong: 14808
2026-09-12 21:32:44,773 P1016910 INFO ----------------------------------------------------------------------------------------------------
2026-09-12 21:32:44,773 P1016910 INFO 13/50 starting... lr: 0.001 para:0.0714285746216774
2026-09-12 21:33:22,056 P1016910 INFO Epoch 13/50, all_loss:1.91125 cls_loss:2.05421 rec_loss:0.05273 [37.28s]; best loss:1.91125, patience : 0
2026-09-12 21:33:40,449 P1016910 INFO pr:0.8791  rc:0.5761  auc:0.9936 ap:0.9258 f1: 0.6961 pred_right: 1073595 pred_wrong:22605 actu_right: 1061709 actu_wrong: 34491
2026-09-12 21:33:48,280 P1016910 INFO pr:0.8810  rc:0.5709  auc:0.9933 ap:0.9253 f1: 0.6928 pred_right: 460204 pred_wrong:9596 actu_right: 454992 actu_wrong: 14808
2026-09-12 21:33:48,284 P1016910 INFO ----------------------------------------------------------------------------------------------------
2026-09-12 21:33:48,284 P1016910 INFO 14/50 starting... lr: 0.001 para:0.06666667014360428
2026-09-12 21:34:13,600 P1016910 INFO Epoch 14/50, all_loss:1.88892 cls_loss:2.02008 rec_loss:0.05272 [25.31s]; best loss:1.88892, patience : 0
2026-09-12 21:34:33,832 P1016910 INFO pr:0.8532  rc:0.5908  auc:0.9931 ap:0.9229 f1: 0.6982 pred_right: 1072318 pred_wrong:23882 actu_right: 1061712 actu_wrong: 34488
2026-09-12 21:34:39,596 P1016910 INFO pr:0.8551  rc:0.5900  auc:0.9929 ap:0.9226 f1: 0.6982 pred_right: 459584 pred_wrong:10216 actu_right: 454992 actu_wrong: 14808
2026-09-12 21:34:39,600 P1016910 INFO ----------------------------------------------------------------------------------------------------
2026-09-12 21:34:39,600 P1016910 INFO 15/50 starting... lr: 0.001 para:0.0625
2026-09-12 21:35:16,425 P1016910 INFO Epoch 15/50, all_loss:1.85781 cls_loss:1.97826 rec_loss:0.05114 [36.82s]; best loss:1.85781, patience : 0
2026-09-12 21:35:34,452 P1016910 INFO pr:0.8689  rc:0.5812  auc:0.9939 ap:0.9289 f1: 0.6965 pred_right: 1073132 pred_wrong:23068 actu_right: 1061711 actu_wrong: 34489
2026-09-12 21:35:42,299 P1016910 INFO pr:0.8707  rc:0.5781  auc:0.9936 ap:0.9286 f1: 0.6948 pred_right: 459969 pred_wrong:9831 actu_right: 454992 actu_wrong: 14808
2026-09-12 21:35:42,300 P1016910 INFO ----------------------------------------------------------------------------------------------------
2026-09-12 21:35:42,300 P1016910 INFO 16/50 starting... lr: 0.001 para:0.05882352963089943
2026-09-12 21:36:08,856 P1016910 INFO Epoch 16/50, all_loss:1.84111 cls_loss:1.95317 rec_loss:0.04823 [26.55s]; best loss:1.84111, patience : 0
2026-09-12 21:36:27,856 P1016910 INFO pr:0.8411  rc:0.6539  auc:0.9943 ap:0.9323 f1: 0.7358 pred_right: 1069392 pred_wrong:26808 actu_right: 1061715 actu_wrong: 34485
2026-09-12 21:36:35,742 P1016910 INFO pr:0.8433  rc:0.6528  auc:0.9940 ap:0.9313 f1: 0.7359 pred_right: 458338 pred_wrong:11462 actu_right: 454992 actu_wrong: 14808
2026-09-12 21:36:35,745 P1016910 INFO ----------------------------------------------------------------------------------------------------
2026-09-12 21:36:35,745 P1016910 INFO 17/50 starting... lr: 0.001 para:0.0555555559694767
2026-09-12 21:37:11,438 P1016910 INFO Epoch 17/50, all_loss:1.81788 cls_loss:1.92175 rec_loss:0.05208 [35.69s]; best loss:1.81788, patience : 0
2026-09-12 21:37:29,682 P1016910 INFO pr:0.8602  rc:0.6232  auc:0.9942 ap:0.9327 f1: 0.7228 pred_right: 1071215 pred_wrong:24985 actu_right: 1061710 actu_wrong: 34490
2026-09-12 21:37:37,166 P1016910 INFO pr:0.8615  rc:0.6219  auc:0.9939 ap:0.9321 f1: 0.7223 pred_right: 459110 pred_wrong:10690 actu_right: 454992 actu_wrong: 14808
2026-09-12 21:37:37,167 P1016910 INFO ----------------------------------------------------------------------------------------------------
2026-09-12 21:37:37,167 P1016910 INFO 18/50 starting... lr: 0.001 para:0.05263157933950424
2026-09-12 21:38:03,081 P1016910 INFO Epoch 18/50, all_loss:1.80007 cls_loss:1.89732 rec_loss:0.04952 [25.91s]; best loss:1.80007, patience : 0
2026-09-12 21:38:21,577 P1016910 INFO pr:0.8770  rc:0.6045  auc:0.9943 ap:0.9338 f1: 0.7157 pred_right: 1072430 pred_wrong:23770 actu_right: 1061713 actu_wrong: 34487
2026-09-12 21:38:30,390 P1016910 INFO pr:0.8810  rc:0.6017  auc:0.9942 ap:0.9332 f1: 0.7151 pred_right: 459687 pred_wrong:10113 actu_right: 454992 actu_wrong: 14808
2026-09-12 21:38:30,391 P1016910 INFO ----------------------------------------------------------------------------------------------------
2026-09-12 21:38:30,391 P1016910 INFO 19/50 starting... lr: 0.001 para:0.05000000074505806
2026-09-12 21:39:06,638 P1016910 INFO Epoch 19/50, all_loss:1.79320 cls_loss:1.88510 rec_loss:0.04704 [36.24s]; best loss:1.79320, patience : 0
2026-09-12 21:39:25,128 P1016910 INFO pr:0.8440  rc:0.6476  auc:0.9944 ap:0.9332 f1: 0.7329 pred_right: 1069739 pred_wrong:26461 actu_right: 1061714 actu_wrong: 34486
2026-09-12 21:39:32,692 P1016910 INFO pr:0.8453  rc:0.6441  auc:0.9940 ap:0.9320 f1: 0.7311 pred_right: 458516 pred_wrong:11284 actu_right: 454992 actu_wrong: 14808
2026-09-12 21:39:32,693 P1016910 INFO ----------------------------------------------------------------------------------------------------
2026-09-12 21:39:32,693 P1016910 INFO 20/50 starting... lr: 0.001 para:0.0476190485060215
2026-09-12 21:39:58,811 P1016910 INFO Epoch 20/50, all_loss:1.78044 cls_loss:1.86708 rec_loss:0.04747 [26.11s]; best loss:1.78044, patience : 0
2026-09-12 21:40:17,269 P1016910 INFO pr:0.8324  rc:0.6546  auc:0.9941 ap:0.9299 f1: 0.7329 pred_right: 1069077 pred_wrong:27123 actu_right: 1061711 actu_wrong: 34489
2026-09-12 21:40:26,639 P1016910 INFO pr:0.8329  rc:0.6500  auc:0.9938 ap:0.9291 f1: 0.7302 pred_right: 458244 pred_wrong:11556 actu_right: 454992 actu_wrong: 14808
2026-09-12 21:40:26,640 P1016910 INFO ----------------------------------------------------------------------------------------------------
2026-09-12 21:40:26,640 P1016910 INFO 21/50 starting... lr: 0.001 para:0.04545454680919647
2026-09-12 21:41:00,530 P1016910 INFO Epoch 21/50, all_loss:1.76766 cls_loss:1.84962 rec_loss:0.04639 [33.89s]; best loss:1.76766, patience : 0
2026-09-12 21:41:18,927 P1016910 INFO pr:0.8612  rc:0.6565  auc:0.9948 ap:0.9373 f1: 0.7450 pred_right: 1069905 pred_wrong:26295 actu_right: 1061709 actu_wrong: 34491
2026-09-12 21:41:26,278 P1016910 INFO pr:0.8631  rc:0.6527  auc:0.9946 ap:0.9370 f1: 0.7433 pred_right: 458602 pred_wrong:11198 actu_right: 454992 actu_wrong: 14808
2026-09-12 21:41:26,282 P1016910 INFO ----------------------------------------------------------------------------------------------------
2026-09-12 21:41:26,282 P1016910 INFO 22/50 starting... lr: 0.001 para:0.043478261679410934
2026-09-12 21:41:51,958 P1016910 INFO Epoch 22/50, all_loss:1.76002 cls_loss:1.83798 rec_loss:0.04506 [25.67s]; best loss:1.76002, patience : 0
2026-09-12 21:42:10,659 P1016910 INFO pr:0.8654  rc:0.6520  auc:0.9950 ap:0.9390 f1: 0.7437 pred_right: 1070214 pred_wrong:25986 actu_right: 1061709 actu_wrong: 34491
2026-09-12 21:42:18,457 P1016910 INFO pr:0.8657  rc:0.6518  auc:0.9948 ap:0.9386 f1: 0.7437 pred_right: 458651 pred_wrong:11149 actu_right: 454992 actu_wrong: 14808
2026-09-12 21:42:18,458 P1016910 INFO ----------------------------------------------------------------------------------------------------
2026-09-12 21:42:18,458 P1016910 INFO 23/50 starting... lr: 0.001 para:0.0416666679084301
2026-09-12 21:42:53,687 P1016910 INFO Epoch 23/50, all_loss:1.74724 cls_loss:1.82118 rec_loss:0.04661 [35.22s]; best loss:1.74724, patience : 0
2026-09-12 21:43:12,997 P1016910 INFO pr:0.8709  rc:0.6415  auc:0.9948 ap:0.9382 f1: 0.7388 pred_right: 1070796 pred_wrong:25404 actu_right: 1061710 actu_wrong: 34490
2026-09-12 21:43:20,648 P1016910 INFO pr:0.8754  rc:0.6393  auc:0.9947 ap:0.9380 f1: 0.7389 pred_right: 458985 pred_wrong:10815 actu_right: 454992 actu_wrong: 14808
2026-09-12 21:43:20,649 P1016910 INFO ----------------------------------------------------------------------------------------------------
2026-09-12 21:43:20,649 P1016910 INFO 24/50 starting... lr: 0.001 para:0.03999999910593033
2026-09-12 21:43:46,215 P1016910 INFO Epoch 24/50, all_loss:1.72826 cls_loss:1.79829 rec_loss:0.04754 [25.56s]; best loss:1.72826, patience : 0
2026-09-12 21:44:04,631 P1016910 INFO pr:0.8365  rc:0.7060  auc:0.9947 ap:0.9367 f1: 0.7658 pred_right: 1067092 pred_wrong:29108 actu_right: 1061712 actu_wrong: 34488
2026-09-12 21:44:12,443 P1016910 INFO pr:0.8375  rc:0.7036  auc:0.9946 ap:0.9361 f1: 0.7647 pred_right: 457359 pred_wrong:12441 actu_right: 454992 actu_wrong: 14808
2026-09-12 21:44:12,447 P1016910 INFO ----------------------------------------------------------------------------------------------------
2026-09-12 21:44:12,447 P1016910 INFO 25/50 starting... lr: 0.001 para:0.03846153989434242
2026-09-12 21:44:40,978 P1016910 INFO Epoch 25/50, all_loss:1.73141 cls_loss:1.79854 rec_loss:0.05305 [28.53s]; best loss:1.72826, patience : 1
2026-09-12 21:45:09,074 P1016910 INFO pr:0.8506  rc:0.6751  auc:0.9952 ap:0.9402 f1: 0.7527 pred_right: 1068829 pred_wrong:27371 actu_right: 1061711 actu_wrong: 34489
2026-09-12 21:45:16,499 P1016910 INFO pr:0.8496  rc:0.6676  auc:0.9951 ap:0.9398 f1: 0.7477 pred_right: 458164 pred_wrong:11636 actu_right: 454992 actu_wrong: 14808
2026-09-12 21:45:16,500 P1016910 INFO ----------------------------------------------------------------------------------------------------
2026-09-12 21:45:16,500 P1016910 INFO 26/50 starting... lr: 0.001 para:0.03703703731298447
2026-09-12 21:45:41,560 P1016910 INFO Epoch 26/50, all_loss:1.72515 cls_loss:1.78951 rec_loss:0.05170 [25.05s]; best loss:1.72515, patience : 0
2026-09-12 21:46:00,218 P1016910 INFO pr:0.8924  rc:0.6152  auc:0.9950 ap:0.9391 f1: 0.7283 pred_right: 1072423 pred_wrong:23777 actu_right: 1061710 actu_wrong: 34490
2026-09-12 21:46:07,960 P1016910 INFO pr:0.8926  rc:0.6132  auc:0.9948 ap:0.9387 f1: 0.7270 pred_right: 459627 pred_wrong:10173 actu_right: 454992 actu_wrong: 14808
2026-09-12 21:46:07,961 P1016910 INFO ----------------------------------------------------------------------------------------------------
2026-09-12 21:46:07,961 P1016910 INFO 27/50 starting... lr: 0.001 para:0.0357142873108387
2026-09-12 21:46:33,516 P1016910 INFO Epoch 27/50, all_loss:1.71668 cls_loss:1.77836 rec_loss:0.05119 [25.54s]; best loss:1.71668, patience : 0
2026-09-12 21:47:04,429 P1016910 INFO pr:0.8540  rc:0.7076  auc:0.9952 ap:0.9416 f1: 0.7739 pred_right: 1067627 pred_wrong:28573 actu_right: 1061712 actu_wrong: 34488
2026-09-12 21:47:12,143 P1016910 INFO pr:0.8563  rc:0.7066  auc:0.9951 ap:0.9414 f1: 0.7743 pred_right: 457580 pred_wrong:12220 actu_right: 454992 actu_wrong: 14808
2026-09-12 21:47:12,147 P1016910 INFO ----------------------------------------------------------------------------------------------------
2026-09-12 21:47:12,147 P1016910 INFO 28/50 starting... lr: 0.001 para:0.03448275849223137
2026-09-12 21:47:37,651 P1016910 INFO Epoch 28/50, all_loss:1.69122 cls_loss:1.74980 rec_loss:0.05084 [25.50s]; best loss:1.69122, patience : 0
2026-09-12 21:47:56,099 P1016910 INFO pr:0.8523  rc:0.6958  auc:0.9952 ap:0.9409 f1: 0.7661 pred_right: 1068043 pred_wrong:28157 actu_right: 1061711 actu_wrong: 34489
2026-09-12 21:48:03,761 P1016910 INFO pr:0.8556  rc:0.6917  auc:0.9951 ap:0.9406 f1: 0.7650 pred_right: 457828 pred_wrong:11972 actu_right: 454992 actu_wrong: 14808
2026-09-12 21:48:03,762 P1016910 INFO ----------------------------------------------------------------------------------------------------
2026-09-12 21:48:03,762 P1016910 INFO 29/50 starting... lr: 0.001 para:0.03333333507180214
2026-09-12 21:48:29,599 P1016910 INFO Epoch 29/50, all_loss:1.68376 cls_loss:1.74010 rec_loss:0.04975 [25.83s]; best loss:1.68376, patience : 0
2026-09-12 21:49:00,194 P1016910 INFO pr:0.8516  rc:0.7214  auc:0.9954 ap:0.9434 f1: 0.7811 pred_right: 1066986 pred_wrong:29214 actu_right: 1061712 actu_wrong: 34488
2026-09-12 21:49:07,749 P1016910 INFO pr:0.8494  rc:0.7162  auc:0.9952 ap:0.9425 f1: 0.7771 pred_right: 457313 pred_wrong:12487 actu_right: 454992 actu_wrong: 14808
2026-09-12 21:49:07,753 P1016910 INFO ----------------------------------------------------------------------------------------------------
2026-09-12 21:49:07,753 P1016910 INFO 30/50 starting... lr: 0.001 para:0.032258063554763794
2026-09-12 21:49:33,280 P1016910 INFO Epoch 30/50, all_loss:1.67383 cls_loss:1.72801 rec_loss:0.04840 [25.52s]; best loss:1.67383, patience : 0
2026-09-12 21:49:51,753 P1016910 INFO pr:0.8406  rc:0.7448  auc:0.9955 ap:0.9446 f1: 0.7898 pred_right: 1065643 pred_wrong:30557 actu_right: 1061711 actu_wrong: 34489
2026-09-12 21:49:59,413 P1016910 INFO pr:0.8424  rc:0.7402  auc:0.9954 ap:0.9443 f1: 0.7880 pred_right: 456788 pred_wrong:13012 actu_right: 454992 actu_wrong: 14808
2026-09-12 21:49:59,417 P1016910 INFO ----------------------------------------------------------------------------------------------------
2026-09-12 21:49:59,417 P1016910 INFO 31/50 starting... lr: 0.001 para:0.03125
2026-09-12 21:50:24,054 P1016910 INFO Epoch 31/50, all_loss:1.68225 cls_loss:1.73496 rec_loss:0.04840 [24.64s]; best loss:1.67383, patience : 1
2026-09-12 21:50:54,227 P1016910 INFO pr:0.8848  rc:0.6641  auc:0.9952 ap:0.9406 f1: 0.7587 pred_right: 1070313 pred_wrong:25887 actu_right: 1061711 actu_wrong: 34489
2026-09-12 21:51:02,129 P1016910 INFO pr:0.8863  rc:0.6588  auc:0.9950 ap:0.9400 f1: 0.7558 pred_right: 458794 pred_wrong:11006 actu_right: 454992 actu_wrong: 14808
2026-09-12 21:51:02,130 P1016910 INFO ----------------------------------------------------------------------------------------------------
2026-09-12 21:51:02,130 P1016910 INFO 32/50 starting... lr: 0.001 para:0.03030303120613098
2026-09-12 21:51:27,657 P1016910 INFO Epoch 32/50, all_loss:1.67571 cls_loss:1.72660 rec_loss:0.04732 [25.53s]; best loss:1.67383, patience : 1
2026-09-12 21:51:45,714 P1016910 INFO pr:0.8627  rc:0.6953  auc:0.9954 ap:0.9441 f1: 0.7700 pred_right: 1068400 pred_wrong:27800 actu_right: 1061709 actu_wrong: 34491
2026-09-12 21:51:53,468 P1016910 INFO pr:0.8623  rc:0.6896  auc:0.9950 ap:0.9431 f1: 0.7663 pred_right: 457959 pred_wrong:11841 actu_right: 454992 actu_wrong: 14808
2026-09-12 21:51:53,469 P1016910 INFO ----------------------------------------------------------------------------------------------------
2026-09-12 21:51:53,469 P1016910 INFO 33/50 starting... lr: 0.001 para:0.029411764815449715
2026-09-12 21:52:19,205 P1016910 INFO Epoch 33/50, all_loss:1.65486 cls_loss:1.70338 rec_loss:0.05352 [25.73s]; best loss:1.65486, patience : 0
2026-09-12 21:52:48,377 P1016910 INFO pr:0.8377  rc:0.7287  auc:0.9956 ap:0.9446 f1: 0.7794 pred_right: 1066198 pred_wrong:30002 actu_right: 1061711 actu_wrong: 34489
2026-09-12 21:52:56,081 P1016910 INFO pr:0.8395  rc:0.7251  auc:0.9953 ap:0.9438 f1: 0.7781 pred_right: 457011 pred_wrong:12789 actu_right: 454992 actu_wrong: 14808
2026-09-12 21:52:56,082 P1016910 INFO ----------------------------------------------------------------------------------------------------
2026-09-12 21:52:56,082 P1016910 INFO 34/50 starting... lr: 0.001 para:0.02857142873108387
2026-09-12 21:53:21,972 P1016910 INFO Epoch 34/50, all_loss:1.64756 cls_loss:1.69445 rec_loss:0.05315 [25.89s]; best loss:1.64756, patience : 0
2026-09-12 21:53:40,498 P1016910 INFO pr:0.8329  rc:0.7575  auc:0.9957 ap:0.9456 f1: 0.7934 pred_right: 1064833 pred_wrong:31367 actu_right: 1061711 actu_wrong: 34489
2026-09-12 21:53:48,342 P1016910 INFO pr:0.8326  rc:0.7544  auc:0.9955 ap:0.9447 f1: 0.7916 pred_right: 456383 pred_wrong:13417 actu_right: 454992 actu_wrong: 14808
2026-09-12 21:53:48,346 P1016910 INFO ----------------------------------------------------------------------------------------------------
2026-09-12 21:53:48,346 P1016910 INFO 35/50 starting... lr: 0.001 para:0.02777777798473835
2026-09-12 21:54:16,246 P1016910 INFO Epoch 35/50, all_loss:1.64061 cls_loss:1.68606 rec_loss:0.04978 [27.90s]; best loss:1.64061, patience : 0
2026-09-12 21:54:42,983 P1016910 INFO pr:0.8345  rc:0.7470  auc:0.9956 ap:0.9446 f1: 0.7883 pred_right: 1065327 pred_wrong:30873 actu_right: 1061710 actu_wrong: 34490
2026-09-12 21:54:51,909 P1016910 INFO pr:0.8356  rc:0.7432  auc:0.9954 ap:0.9436 f1: 0.7867 pred_right: 456629 pred_wrong:13171 actu_right: 454992 actu_wrong: 14808
2026-09-12 21:54:51,910 P1016910 INFO ----------------------------------------------------------------------------------------------------
2026-09-12 21:54:51,910 P1016910 INFO 36/50 starting... lr: 0.001 para:0.027027027681469917
2026-09-12 21:55:17,607 P1016910 INFO Epoch 36/50, all_loss:1.64896 cls_loss:1.69346 rec_loss:0.04714 [25.70s]; best loss:1.64061, patience : 1
2026-09-12 21:55:36,635 P1016910 INFO pr:0.8953  rc:0.6560  auc:0.9957 ap:0.9473 f1: 0.7572 pred_right: 1070929 pred_wrong:25271 actu_right: 1061711 actu_wrong: 34489
2026-09-12 21:55:44,123 P1016910 INFO pr:0.8968  rc:0.6501  auc:0.9955 ap:0.9463 f1: 0.7537 pred_right: 459066 pred_wrong:10734 actu_right: 454992 actu_wrong: 14808
2026-09-12 21:55:44,124 P1016910 INFO ----------------------------------------------------------------------------------------------------
2026-09-12 21:55:44,124 P1016910 INFO 37/50 starting... lr: 0.001 para:0.02631578966975212
2026-09-12 21:56:11,589 P1016910 INFO Epoch 37/50, all_loss:1.60735 cls_loss:1.64937 rec_loss:0.05252 [27.46s]; best loss:1.60735, patience : 0
2026-09-12 21:56:28,374 P1016910 INFO pr:0.8648  rc:0.7178  auc:0.9958 ap:0.9474 f1: 0.7844 pred_right: 1067578 pred_wrong:28622 actu_right: 1061715 actu_wrong: 34485
2026-09-12 21:56:46,705 P1016910 INFO pr:0.8654  rc:0.7129  auc:0.9957 ap:0.9472 f1: 0.7818 pred_right: 457602 pred_wrong:12198 actu_right: 454992 actu_wrong: 14808
2026-09-12 21:56:46,706 P1016910 INFO ----------------------------------------------------------------------------------------------------
2026-09-12 21:56:46,706 P1016910 INFO 38/50 starting... lr: 0.001 para:0.025641025975346565
2026-09-12 21:57:13,193 P1016910 INFO Epoch 38/50, all_loss:1.62090 cls_loss:1.66219 rec_loss:0.05199 [26.49s]; best loss:1.60735, patience : 1
2026-09-12 21:57:31,556 P1016910 INFO pr:0.8753  rc:0.7087  auc:0.9959 ap:0.9477 f1: 0.7832 pred_right: 1068278 pred_wrong:27922 actu_right: 1061711 actu_wrong: 34489
2026-09-12 21:57:39,115 P1016910 INFO pr:0.8760  rc:0.7050  auc:0.9957 ap:0.9466 f1: 0.7813 pred_right: 457882 pred_wrong:11918 actu_right: 454992 actu_wrong: 14808
2026-09-12 21:57:39,116 P1016910 INFO ----------------------------------------------------------------------------------------------------
2026-09-12 21:57:39,116 P1016910 INFO 39/50 starting... lr: 0.001 para:0.02500000037252903
2026-09-12 21:58:06,065 P1016910 INFO Epoch 39/50, all_loss:1.62357 cls_loss:1.66378 rec_loss:0.05524 [26.95s]; best loss:1.60735, patience : 2
2026-09-12 21:58:23,526 P1016910 INFO pr:0.8506  rc:0.7175  auc:0.9951 ap:0.9438 f1: 0.7784 pred_right: 1067102 pred_wrong:29098 actu_right: 1061705 actu_wrong: 34495
2026-09-12 21:58:40,393 P1016910 INFO pr:0.8522  rc:0.7139  auc:0.9949 ap:0.9432 f1: 0.7769 pred_right: 457395 pred_wrong:12405 actu_right: 454992 actu_wrong: 14808
2026-09-12 21:58:40,395 P1016910 INFO ----------------------------------------------------------------------------------------------------
2026-09-12 21:58:40,396 P1016910 INFO 40/50 starting... lr: 0.001 para:0.024390242993831635
2026-09-12 21:59:10,063 P1016910 INFO Epoch 40/50, all_loss:1.61039 cls_loss:1.64920 rec_loss:0.05779 [29.67s]; best loss:1.60735, patience : 2
2026-09-12 21:59:28,047 P1016910 INFO pr:0.8683  rc:0.7158  auc:0.9958 ap:0.9486 f1: 0.7847 pred_right: 1067769 pred_wrong:28431 actu_right: 1061711 actu_wrong: 34489
2026-09-12 21:59:35,846 P1016910 INFO pr:0.8707  rc:0.7125  auc:0.9957 ap:0.9481 f1: 0.7837 pred_right: 457683 pred_wrong:12117 actu_right: 454992 actu_wrong: 14808
2026-09-12 21:59:35,847 P1016910 INFO ----------------------------------------------------------------------------------------------------
2026-09-12 21:59:35,847 P1016910 INFO 41/50 starting... lr: 0.001 para:0.02380952425301075
2026-09-12 22:00:01,944 P1016910 INFO Epoch 41/50, all_loss:1.59720 cls_loss:1.63467 rec_loss:0.06081 [26.09s]; best loss:1.59720, patience : 0
2026-09-12 22:00:20,113 P1016910 INFO pr:0.8613  rc:0.7254  auc:0.9959 ap:0.9485 f1: 0.7875 pred_right: 1067153 pred_wrong:29047 actu_right: 1061712 actu_wrong: 34488
2026-09-12 22:00:26,840 P1016910 INFO pr:0.8627  rc:0.7191  auc:0.9957 ap:0.9478 f1: 0.7844 pred_right: 457457 pred_wrong:12343 actu_right: 454992 actu_wrong: 14808
2026-09-12 22:00:26,842 P1016910 INFO ----------------------------------------------------------------------------------------------------
2026-09-12 22:00:26,842 P1016910 INFO 42/50 starting... lr: 0.001 para:0.023255813866853714
2026-09-12 22:01:03,811 P1016910 INFO Epoch 42/50, all_loss:1.60530 cls_loss:1.64201 rec_loss:0.06371 [36.97s]; best loss:1.59720, patience : 1
2026-09-12 22:01:21,694 P1016910 INFO pr:0.8583  rc:0.7344  auc:0.9958 ap:0.9488 f1: 0.7916 pred_right: 1066688 pred_wrong:29512 actu_right: 1061711 actu_wrong: 34489
2026-09-12 22:01:29,311 P1016910 INFO pr:0.8593  rc:0.7310  auc:0.9954 ap:0.9475 f1: 0.7900 pred_right: 457203 pred_wrong:12597 actu_right: 454992 actu_wrong: 14808
2026-09-12 22:01:29,312 P1016910 INFO ----------------------------------------------------------------------------------------------------
2026-09-12 22:01:29,312 P1016910 INFO 43/50 starting... lr: 0.001 para:0.022727273404598236
2026-09-12 22:01:55,118 P1016910 INFO Epoch 43/50, all_loss:1.58057 cls_loss:1.61575 rec_loss:0.06791 [25.80s]; best loss:1.58057, patience : 0
2026-09-12 22:02:14,955 P1016910 INFO pr:0.8573  rc:0.7299  auc:0.9959 ap:0.9486 f1: 0.7885 pred_right: 1066833 pred_wrong:29367 actu_right: 1061708 actu_wrong: 34492
2026-09-12 22:02:20,852 P1016910 INFO pr:0.8590  rc:0.7276  auc:0.9957 ap:0.9475 f1: 0.7879 pred_right: 457258 pred_wrong:12542 actu_right: 454992 actu_wrong: 14808
2026-09-12 22:02:20,853 P1016910 INFO ----------------------------------------------------------------------------------------------------
2026-09-12 22:02:20,853 P1016910 INFO 44/50 starting... lr: 0.001 para:0.02222222276031971
2026-09-12 22:02:57,748 P1016910 INFO Epoch 44/50, all_loss:1.57844 cls_loss:1.61288 rec_loss:0.06332 [36.89s]; best loss:1.57844, patience : 0
2026-09-12 22:03:15,976 P1016910 INFO pr:0.8648  rc:0.7221  auc:0.9961 ap:0.9503 f1: 0.7870 pred_right: 1067405 pred_wrong:28795 actu_right: 1061713 actu_wrong: 34487
2026-09-12 22:03:23,510 P1016910 INFO pr:0.8657  rc:0.7178  auc:0.9959 ap:0.9498 f1: 0.7848 pred_right: 457522 pred_wrong:12278 actu_right: 454992 actu_wrong: 14808
2026-09-12 22:03:23,511 P1016910 INFO ----------------------------------------------------------------------------------------------------
2026-09-12 22:03:23,511 P1016910 INFO 45/50 starting... lr: 0.001 para:0.021739130839705467
2026-09-12 22:03:49,133 P1016910 INFO Epoch 45/50, all_loss:1.57766 cls_loss:1.61119 rec_loss:0.06911 [25.62s]; best loss:1.57766, patience : 0
2026-09-12 22:04:08,152 P1016910 INFO pr:0.8598  rc:0.7211  auc:0.9960 ap:0.9488 f1: 0.7844 pred_right: 1067275 pred_wrong:28925 actu_right: 1061712 actu_wrong: 34488
2026-09-12 22:04:15,834 P1016910 INFO pr:0.8607  rc:0.7173  auc:0.9959 ap:0.9484 f1: 0.7825 pred_right: 457459 pred_wrong:12341 actu_right: 454992 actu_wrong: 14808
2026-09-12 22:04:15,835 P1016910 INFO ----------------------------------------------------------------------------------------------------
2026-09-12 22:04:15,835 P1016910 INFO 46/50 starting... lr: 0.001 para:0.021276595070958138
2026-09-12 22:04:52,116 P1016910 INFO Epoch 46/50, all_loss:1.58999 cls_loss:1.62304 rec_loss:0.06999 [36.28s]; best loss:1.57766, patience : 1
2026-09-12 22:05:10,292 P1016910 INFO pr:0.8592  rc:0.7355  auc:0.9959 ap:0.9493 f1: 0.7925 pred_right: 1066678 pred_wrong:29522 actu_right: 1061710 actu_wrong: 34490
2026-09-12 22:05:17,858 P1016910 INFO pr:0.8619  rc:0.7327  auc:0.9958 ap:0.9488 f1: 0.7921 pred_right: 457212 pred_wrong:12588 actu_right: 454992 actu_wrong: 14808
2026-09-12 22:05:17,859 P1016910 INFO ----------------------------------------------------------------------------------------------------
2026-09-12 22:05:17,866 P1016910 INFO 47/50 starting... lr: 0.001 para:0.02083333395421505
2026-09-12 22:05:43,190 P1016910 INFO Epoch 47/50, all_loss:1.58733 cls_loss:1.61961 rec_loss:0.07029 [25.32s]; best loss:1.57766, patience : 1
2026-09-12 22:06:01,678 P1016910 INFO pr:0.8355  rc:0.7449  auc:0.9961 ap:0.9489 f1: 0.7876 pred_right: 1065454 pred_wrong:30746 actu_right: 1061714 actu_wrong: 34486
2026-09-12 22:06:10,336 P1016910 INFO pr:0.8386  rc:0.7430  auc:0.9959 ap:0.9481 f1: 0.7880 pred_right: 456680 pred_wrong:13120 actu_right: 454992 actu_wrong: 14808
2026-09-12 22:06:10,337 P1016910 INFO ----------------------------------------------------------------------------------------------------
2026-09-12 22:06:10,337 P1016910 INFO 48/50 starting... lr: 0.001 para:0.020408162847161293
2026-09-12 22:06:45,994 P1016910 INFO Epoch 48/50, all_loss:1.58356 cls_loss:1.61486 rec_loss:0.08115 [35.66s]; best loss:1.57766, patience : 1
2026-09-12 22:07:04,395 P1016910 INFO pr:0.8629  rc:0.7165  auc:0.9960 ap:0.9489 f1: 0.7829 pred_right: 1067566 pred_wrong:28634 actu_right: 1061715 actu_wrong: 34485
2026-09-12 22:07:11,905 P1016910 INFO pr:0.8653  rc:0.7148  auc:0.9959 ap:0.9484 f1: 0.7829 pred_right: 457567 pred_wrong:12233 actu_right: 454992 actu_wrong: 14808
2026-09-12 22:07:11,906 P1016910 INFO ----------------------------------------------------------------------------------------------------
2026-09-12 22:07:11,906 P1016910 INFO 49/50 starting... lr: 0.001 para:0.019999999552965164
2026-09-12 22:07:37,139 P1016910 INFO Epoch 49/50, all_loss:1.57548 cls_loss:1.60595 rec_loss:0.08226 [25.23s]; best loss:1.57548, patience : 0
2026-09-12 22:07:55,413 P1016910 INFO pr:0.8892  rc:0.6899  auc:0.9963 ap:0.9511 f1: 0.7770 pred_right: 1069443 pred_wrong:26757 actu_right: 1061714 actu_wrong: 34486
2026-09-12 22:08:04,360 P1016910 INFO pr:0.8897  rc:0.6856  auc:0.9961 ap:0.9504 f1: 0.7744 pred_right: 458388 pred_wrong:11412 actu_right: 454992 actu_wrong: 14808
2026-09-12 22:08:04,361 P1016910 INFO saving model...
2026-09-12 22:08:04,361 P1016910 INFO DeepHunt - loss  best score:1.5754793882369995 at epoch 49
2026-09-12 22:08:04,365 P1016910 INFO DeepHunt - f1  best score:0.7933977162293488 at epoch 34
2026-09-12 22:08:04,368 P1016910 INFO Average training time per epoch: 28.92 seconds
2026-09-12 22:08:04,368 P1016910 INFO calculate scores...
2026-09-12 22:08:04,369 P1016910 INFO calculate label with loss...
2026-09-12 22:08:04,369 P1016910 INFO DeepHunt on ./result/DeepHunt-TT-Epochs50-Seed2ExpNameRQ1_main-lowshow-simplegraph loading...
2026-09-12 22:08:10,077 P1016910 INFO pr:0.8897  rc:0.6856  auc:0.9961 ap:0.9504 f1: 0.7744 pred_right: 458388 pred_wrong:11412 actu_right: 454992 actu_wrong: 14808
2026-09-12 22:08:24,892 P1016910 INFO pr:0.8897  rc:0.6856  auc:0.9961 ap:0.9504 f1: 0.7744 pred_right: 458388 pred_wrong:11412 actu_right: 454992 actu_wrong: 14808
2026-09-12 22:08:24,894 P1016910 INFO Performance Summary:
{'GPU': {'inference_time_per_sample_ms': 0.288881735029779, 'throughput_samples_per_sec': 3461.624182978949, 'peak_memory_mb': 83.80859375, 'energy_per_sample_joules': 0.01491525286132252}, 'CPU': {'inference_time_per_sample_ms': 0.7598794971076274, 'throughput_samples_per_sec': 1315.9981336598198, 'peak_memory_mb': 5415.453125, 'energy_per_sample_joules': 0.04939216731199578}}
2026-09-12 22:08:24,894 P1016910 INFO Starting clean-room hardware benchmarking...
2026-09-12 22:08:29,059 P1016910 INFO Performance with loss: pr:0.8897  rc:0.6856  auc:0.9961 ap:0.9504 f1: 0.7744 pred_right: 458388 pred_wrong:11412 actu_right: 454992 actu_wrong: 14808
2026-09-12 22:08:29,060 P1016910 INFO calculate label with f1...
2026-09-12 22:08:29,060 P1016910 INFO DeepHunt on ./result/DeepHunt-TT-Epochs50-Seed2ExpNameRQ1_main-lowshow-simplegraph loading...
2026-09-12 22:08:40,977 P1016910 INFO pr:0.8326  rc:0.7544  auc:0.9955 ap:0.9447 f1: 0.7916 pred_right: 456383 pred_wrong:13417 actu_right: 454992 actu_wrong: 14808
2026-09-12 22:08:52,878 P1016910 INFO pr:0.8326  rc:0.7544  auc:0.9955 ap:0.9447 f1: 0.7916 pred_right: 456383 pred_wrong:13417 actu_right: 454992 actu_wrong: 14808
2026-09-12 22:08:52,879 P1016910 INFO Performance Summary:
{'GPU': {'inference_time_per_sample_ms': 0.6380585802956372, 'throughput_samples_per_sec': 1567.2542159634643, 'peak_memory_mb': 83.814453125, 'energy_per_sample_joules': 0.032614364331811495}, 'CPU': {'inference_time_per_sample_ms': 0.6370572901483792, 'throughput_samples_per_sec': 1569.7175363413337, 'peak_memory_mb': 5440.046875, 'energy_per_sample_joules': 0.04140872385964465}}
2026-09-12 22:08:52,879 P1016910 INFO Starting clean-room hardware benchmarking...
2026-09-12 22:08:54,688 P1016910 INFO Performance with f1: pr:0.8326  rc:0.7544  auc:0.9955 ap:0.9447 f1: 0.7916 pred_right: 456383 pred_wrong:13417 actu_right: 454992 actu_wrong: 14808
2026-09-12 22:08:54,689 P1016910 INFO Collecting case-study samples...
