2026-07-26 14:35:23,876 P2592548 INFO ---- Model: ----MSTGAD-5cd045bf----random_seed : 46----req_loss_approach : Legendre-style----rec_lambda : 1.0----auxi_lambda : 0.0----Freq Domain : Medicine----Multi Fits : false----train : True----evaluate : False
2026-07-26 14:35:23,877 P2592548 INFO read Tranform data
2026-07-26 14:35:25,231 P2592548 INFO read Graph edge data
2026-07-26 14:35:25,231 P2592548 INFO Fewshot: training with 1.0 of the 70% of the data
2026-07-26 14:36:54,160 P2593168 INFO ---- Model: ----MSTGAD-5cd045bf----random_seed : 46----req_loss_approach : Legendre-style----rec_lambda : 1.0----auxi_lambda : 0.0----Freq Domain : Medicine----Multi Fits : false----train : True----evaluate : False
2026-07-26 14:36:54,160 P2593168 INFO read Tranform data
2026-07-26 14:36:55,484 P2593168 INFO read Graph edge data
2026-07-26 14:36:55,484 P2593168 INFO Fewshot: training with 1.0 of the 70% of the data
2026-07-26 14:38:19,235 P2596291 INFO ---- Model: ----MSTGAD-5cd045bf----random_seed : 46----req_loss_approach : Legendre-style----rec_lambda : 1.0----auxi_lambda : 0.0----Freq Domain : Medicine----Multi Fits : false----train : True----evaluate : False
2026-07-26 14:38:19,236 P2596291 INFO read Tranform data
2026-07-26 14:38:20,605 P2596291 INFO read Graph edge data
2026-07-26 14:38:20,605 P2596291 INFO Fewshot: training with 1.0 of the 70% of the data
2026-07-26 14:39:02,595 P2597273 INFO ---- Model: ----MSTGAD-5cd045bf----random_seed : 46----req_loss_approach : Legendre-style----rec_lambda : 1.0----auxi_lambda : 0.0----Freq Domain : Medicine----Multi Fits : false----train : True----evaluate : False
2026-07-26 14:39:02,596 P2597273 INFO read Tranform data
2026-07-26 14:39:03,955 P2597273 INFO read Graph edge data
2026-07-26 14:39:03,955 P2597273 INFO Fewshot: training with 1.0 of the 70% of the data
2026-07-26 14:39:04,060 P2597273 INFO Trainable Parameters Breakdown:
2026-07-26 14:39:04,060 P2597273 INFO --------------------------------------------------------------------------------
2026-07-26 14:39:04,060 P2597273 INFO Reconstruction-Specific Parameters:
2026-07-26 14:39:04,060 P2597273 INFO Medicine_model.log_feature_encoder.weight | shape: (16, 256)                 | params: 4,096
2026-07-26 14:39:04,060 P2597273 INFO Medicine_model.log_feature_encoder.bias  | shape: (16,)                     | params: 16
2026-07-26 14:39:04,060 P2597273 INFO Medicine_model.log_encoder.encoder.layers.0.self_attn.in_proj_weight | shape: (48, 16)                  | params: 768
2026-07-26 14:39:04,060 P2597273 INFO Medicine_model.log_encoder.encoder.layers.0.self_attn.in_proj_bias | shape: (48,)                     | params: 48
2026-07-26 14:39:04,060 P2597273 INFO Medicine_model.log_encoder.encoder.layers.0.self_attn.out_proj.weight | shape: (16, 16)                  | params: 256
2026-07-26 14:39:04,060 P2597273 INFO Medicine_model.log_encoder.encoder.layers.0.self_attn.out_proj.bias | shape: (16,)                     | params: 16
2026-07-26 14:39:04,060 P2597273 INFO Medicine_model.log_encoder.encoder.layers.0.linear1.weight | shape: (64, 16)                  | params: 1,024
2026-07-26 14:39:04,060 P2597273 INFO Medicine_model.log_encoder.encoder.layers.0.linear1.bias | shape: (64,)                     | params: 64
2026-07-26 14:39:04,060 P2597273 INFO Medicine_model.log_encoder.encoder.layers.0.linear2.weight | shape: (16, 64)                  | params: 1,024
2026-07-26 14:39:04,061 P2597273 INFO Medicine_model.log_encoder.encoder.layers.0.linear2.bias | shape: (16,)                     | params: 16
2026-07-26 14:39:04,061 P2597273 INFO Medicine_model.log_encoder.encoder.layers.0.norm1.weight | shape: (16,)                     | params: 16
2026-07-26 14:39:04,061 P2597273 INFO Medicine_model.log_encoder.encoder.layers.0.norm1.bias | shape: (16,)                     | params: 16
2026-07-26 14:39:04,061 P2597273 INFO Medicine_model.log_encoder.encoder.layers.0.norm2.weight | shape: (16,)                     | params: 16
2026-07-26 14:39:04,061 P2597273 INFO Medicine_model.log_encoder.encoder.layers.0.norm2.bias | shape: (16,)                     | params: 16
2026-07-26 14:39:04,061 P2597273 INFO Medicine_model.log_encoder.encoder.layers.1.self_attn.in_proj_weight | shape: (48, 16)                  | params: 768
2026-07-26 14:39:04,061 P2597273 INFO Medicine_model.log_encoder.encoder.layers.1.self_attn.in_proj_bias | shape: (48,)                     | params: 48
2026-07-26 14:39:04,061 P2597273 INFO Medicine_model.log_encoder.encoder.layers.1.self_attn.out_proj.weight | shape: (16, 16)                  | params: 256
2026-07-26 14:39:04,061 P2597273 INFO Medicine_model.log_encoder.encoder.layers.1.self_attn.out_proj.bias | shape: (16,)                     | params: 16
2026-07-26 14:39:04,061 P2597273 INFO Medicine_model.log_encoder.encoder.layers.1.linear1.weight | shape: (64, 16)                  | params: 1,024
2026-07-26 14:39:04,061 P2597273 INFO Medicine_model.log_encoder.encoder.layers.1.linear1.bias | shape: (64,)                     | params: 64
2026-07-26 14:39:04,061 P2597273 INFO Medicine_model.log_encoder.encoder.layers.1.linear2.weight | shape: (16, 64)                  | params: 1,024
2026-07-26 14:39:04,061 P2597273 INFO Medicine_model.log_encoder.encoder.layers.1.linear2.bias | shape: (16,)                     | params: 16
2026-07-26 14:39:04,061 P2597273 INFO Medicine_model.log_encoder.encoder.layers.1.norm1.weight | shape: (16,)                     | params: 16
2026-07-26 14:39:04,061 P2597273 INFO Medicine_model.log_encoder.encoder.layers.1.norm1.bias | shape: (16,)                     | params: 16
2026-07-26 14:39:04,061 P2597273 INFO Medicine_model.log_encoder.encoder.layers.1.norm2.weight | shape: (16,)                     | params: 16
2026-07-26 14:39:04,061 P2597273 INFO Medicine_model.log_encoder.encoder.layers.1.norm2.bias | shape: (16,)                     | params: 16
2026-07-26 14:39:04,061 P2597273 INFO Medicine_model.log_encoder.layernorm.weight | shape: (16,)                     | params: 16
2026-07-26 14:39:04,061 P2597273 INFO Medicine_model.log_encoder.layernorm.bias | shape: (16,)                     | params: 16
2026-07-26 14:39:04,061 P2597273 INFO Medicine_model.metric_encoder.expand.0.weight | shape: (4, 5)                    | params: 20
2026-07-26 14:39:04,061 P2597273 INFO Medicine_model.metric_encoder.expand.0.bias | shape: (4,)                      | params: 4
2026-07-26 14:39:04,061 P2597273 INFO Medicine_model.metric_encoder.expand.2.weight | shape: (5, 4)                    | params: 20
2026-07-26 14:39:04,061 P2597273 INFO Medicine_model.metric_encoder.expand.2.bias | shape: (5,)                      | params: 5
2026-07-26 14:39:04,061 P2597273 INFO Medicine_model.metric_encoder.layernorm1.weight | shape: (3,)                      | params: 3
2026-07-26 14:39:04,061 P2597273 INFO Medicine_model.metric_encoder.layernorm1.bias | shape: (3,)                      | params: 3
2026-07-26 14:39:04,062 P2597273 INFO Medicine_model.metric_encoder.proj.0.weight | shape: (4, 3)                    | params: 12
2026-07-26 14:39:04,062 P2597273 INFO Medicine_model.metric_encoder.proj.0.bias | shape: (4,)                      | params: 4
2026-07-26 14:39:04,062 P2597273 INFO Medicine_model.metric_encoder.proj.2.weight | shape: (4,)                      | params: 4
2026-07-26 14:39:04,062 P2597273 INFO Medicine_model.metric_encoder.proj.2.bias | shape: (4,)                      | params: 4
2026-07-26 14:39:04,062 P2597273 INFO Medicine_model.metric_encoder.encoder.layers.0.self_attn.in_proj_weight | shape: (12, 4)                   | params: 48
2026-07-26 14:39:04,062 P2597273 INFO Medicine_model.metric_encoder.encoder.layers.0.self_attn.in_proj_bias | shape: (12,)                     | params: 12
2026-07-26 14:39:04,062 P2597273 INFO Medicine_model.metric_encoder.encoder.layers.0.self_attn.out_proj.weight | shape: (4, 4)                    | params: 16
2026-07-26 14:39:04,062 P2597273 INFO Medicine_model.metric_encoder.encoder.layers.0.self_attn.out_proj.bias | shape: (4,)                      | params: 4
2026-07-26 14:39:04,062 P2597273 INFO Medicine_model.metric_encoder.encoder.layers.0.linear1.weight | shape: (64, 4)                   | params: 256
2026-07-26 14:39:04,062 P2597273 INFO Medicine_model.metric_encoder.encoder.layers.0.linear1.bias | shape: (64,)                     | params: 64
2026-07-26 14:39:04,062 P2597273 INFO Medicine_model.metric_encoder.encoder.layers.0.linear2.weight | shape: (4, 64)                   | params: 256
2026-07-26 14:39:04,062 P2597273 INFO Medicine_model.metric_encoder.encoder.layers.0.linear2.bias | shape: (4,)                      | params: 4
2026-07-26 14:39:04,062 P2597273 INFO Medicine_model.metric_encoder.encoder.layers.0.norm1.weight | shape: (4,)                      | params: 4
2026-07-26 14:39:04,062 P2597273 INFO Medicine_model.metric_encoder.encoder.layers.0.norm1.bias | shape: (4,)                      | params: 4
2026-07-26 14:39:04,062 P2597273 INFO Medicine_model.metric_encoder.encoder.layers.0.norm2.weight | shape: (4,)                      | params: 4
2026-07-26 14:39:04,062 P2597273 INFO Medicine_model.metric_encoder.encoder.layers.0.norm2.bias | shape: (4,)                      | params: 4
2026-07-26 14:39:04,062 P2597273 INFO Medicine_model.metric_encoder.encoder.layers.1.self_attn.in_proj_weight | shape: (12, 4)                   | params: 48
2026-07-26 14:39:04,062 P2597273 INFO Medicine_model.metric_encoder.encoder.layers.1.self_attn.in_proj_bias | shape: (12,)                     | params: 12
2026-07-26 14:39:04,062 P2597273 INFO Medicine_model.metric_encoder.encoder.layers.1.self_attn.out_proj.weight | shape: (4, 4)                    | params: 16
2026-07-26 14:39:04,062 P2597273 INFO Medicine_model.metric_encoder.encoder.layers.1.self_attn.out_proj.bias | shape: (4,)                      | params: 4
2026-07-26 14:39:04,062 P2597273 INFO Medicine_model.metric_encoder.encoder.layers.1.linear1.weight | shape: (64, 4)                   | params: 256
2026-07-26 14:39:04,062 P2597273 INFO Medicine_model.metric_encoder.encoder.layers.1.linear1.bias | shape: (64,)                     | params: 64
2026-07-26 14:39:04,062 P2597273 INFO Medicine_model.metric_encoder.encoder.layers.1.linear2.weight | shape: (4, 64)                   | params: 256
2026-07-26 14:39:04,062 P2597273 INFO Medicine_model.metric_encoder.encoder.layers.1.linear2.bias | shape: (4,)                      | params: 4
2026-07-26 14:39:04,062 P2597273 INFO Medicine_model.metric_encoder.encoder.layers.1.norm1.weight | shape: (4,)                      | params: 4
2026-07-26 14:39:04,063 P2597273 INFO Medicine_model.metric_encoder.encoder.layers.1.norm1.bias | shape: (4,)                      | params: 4
2026-07-26 14:39:04,063 P2597273 INFO Medicine_model.metric_encoder.encoder.layers.1.norm2.weight | shape: (4,)                      | params: 4
2026-07-26 14:39:04,063 P2597273 INFO Medicine_model.metric_encoder.encoder.layers.1.norm2.bias | shape: (4,)                      | params: 4
2026-07-26 14:39:04,063 P2597273 INFO Medicine_model.metric_encoder.layernorm2.weight | shape: (4,)                      | params: 4
2026-07-26 14:39:04,063 P2597273 INFO Medicine_model.metric_encoder.layernorm2.bias | shape: (4,)                      | params: 4
2026-07-26 14:39:04,063 P2597273 INFO Medicine_model.trace_encoder.project.weight | shape: (4, 7)                    | params: 28
2026-07-26 14:39:04,063 P2597273 INFO Medicine_model.trace_encoder.project.bias | shape: (4,)                      | params: 4
2026-07-26 14:39:04,063 P2597273 INFO Medicine_model.trace_encoder.layernorm.weight | shape: (4,)                      | params: 4
2026-07-26 14:39:04,063 P2597273 INFO Medicine_model.trace_encoder.layernorm.bias | shape: (4,)                      | params: 4
2026-07-26 14:39:04,063 P2597273 INFO Medicine_model.trace_encoder.encoder.self_attn.in_proj_weight | shape: (12, 4)                   | params: 48
2026-07-26 14:39:04,063 P2597273 INFO Medicine_model.trace_encoder.encoder.self_attn.in_proj_bias | shape: (12,)                     | params: 12
2026-07-26 14:39:04,063 P2597273 INFO Medicine_model.trace_encoder.encoder.self_attn.out_proj.weight | shape: (4, 4)                    | params: 16
2026-07-26 14:39:04,063 P2597273 INFO Medicine_model.trace_encoder.encoder.self_attn.out_proj.bias | shape: (4,)                      | params: 4
2026-07-26 14:39:04,063 P2597273 INFO Medicine_model.trace_encoder.encoder.linear1.weight | shape: (64, 4)                   | params: 256
2026-07-26 14:39:04,063 P2597273 INFO Medicine_model.trace_encoder.encoder.linear1.bias | shape: (64,)                     | params: 64
2026-07-26 14:39:04,063 P2597273 INFO Medicine_model.trace_encoder.encoder.linear2.weight | shape: (4, 64)                   | params: 256
2026-07-26 14:39:04,063 P2597273 INFO Medicine_model.trace_encoder.encoder.linear2.bias | shape: (4,)                      | params: 4
2026-07-26 14:39:04,063 P2597273 INFO Medicine_model.trace_encoder.encoder.norm1.weight | shape: (4,)                      | params: 4
2026-07-26 14:39:04,063 P2597273 INFO Medicine_model.trace_encoder.encoder.norm1.bias | shape: (4,)                      | params: 4
2026-07-26 14:39:04,063 P2597273 INFO Medicine_model.trace_encoder.encoder.norm2.weight | shape: (4,)                      | params: 4
2026-07-26 14:39:04,063 P2597273 INFO Medicine_model.trace_encoder.encoder.norm2.bias | shape: (4,)                      | params: 4
2026-07-26 14:39:04,063 P2597273 INFO Medicine_model.concat_fusion.proj_x.weight | shape: (64, 4)                   | params: 256
2026-07-26 14:39:04,063 P2597273 INFO Medicine_model.concat_fusion.proj_x.bias | shape: (64,)                     | params: 64
2026-07-26 14:39:04,063 P2597273 INFO Medicine_model.concat_fusion.proj_y.weight | shape: (64, 16)                  | params: 1,024
2026-07-26 14:39:04,063 P2597273 INFO Medicine_model.concat_fusion.proj_y.bias | shape: (64,)                     | params: 64
2026-07-26 14:39:04,063 P2597273 INFO Medicine_model.concat_fusion.proj_z.weight | shape: (64, 4)                   | params: 256
2026-07-26 14:39:04,064 P2597273 INFO Medicine_model.concat_fusion.proj_z.bias | shape: (64,)                     | params: 64
2026-07-26 14:39:04,064 P2597273 INFO Medicine_model.concat_fusion.fc_fused.weight | shape: (64, 24)                  | params: 1,536
2026-07-26 14:39:04,064 P2597273 INFO Medicine_model.concat_fusion.fc_fused.bias | shape: (64,)                     | params: 64
2026-07-26 14:39:04,064 P2597273 INFO Medicine_model.concat_fusion.rec_metric.weight | shape: (3, 64)                   | params: 192
2026-07-26 14:39:04,064 P2597273 INFO Medicine_model.concat_fusion.rec_metric.bias | shape: (3,)                      | params: 3
2026-07-26 14:39:04,064 P2597273 INFO Medicine_model.concat_fusion.rec_log.weight | shape: (256, 64)                 | params: 16,384
2026-07-26 14:39:04,064 P2597273 INFO Medicine_model.concat_fusion.rec_log.bias | shape: (256,)                    | params: 256
2026-07-26 14:39:04,064 P2597273 INFO Medicine_model.concat_fusion.rec_trace.weight | shape: (7, 64)                   | params: 448
2026-07-26 14:39:04,064 P2597273 INFO Medicine_model.concat_fusion.rec_trace.bias | shape: (7,)                      | params: 7
2026-07-26 14:39:04,064 P2597273 INFO Subtotal: 33,477
2026-07-26 14:39:04,064 P2597273 INFO --------------------------------------------------------------------------------
2026-07-26 14:39:04,064 P2597273 INFO Common Parameters:
2026-07-26 14:39:04,064 P2597273 INFO show.0.weight                            | shape: (128, 266)                | params: 34,048
2026-07-26 14:39:04,064 P2597273 INFO show.0.bias                              | shape: (128,)                    | params: 128
2026-07-26 14:39:04,064 P2597273 INFO show.2.weight                            | shape: (2, 128)                  | params: 256
2026-07-26 14:39:04,064 P2597273 INFO show.2.bias                              | shape: (2,)                      | params: 2
2026-07-26 14:39:04,064 P2597273 INFO Subtotal: 34,434
2026-07-26 14:39:04,064 P2597273 INFO --------------------------------------------------------------------------------
2026-07-26 14:39:04,064 P2597273 INFO Total Trainable Parameters: 67,911

2026-07-26 14:39:04,064 P2597273 INFO Trainable Parameters: 67911, reconstruction: 33477, common: 34434
2026-07-26 14:39:04,064 P2597273 INFO model : init weight
2026-07-26 14:39:04,065 P2597273 INFO Using GPU...
2026-07-26 14:39:04,071 P2597273 INFO optimizer : using AdaBelief
2026-07-26 14:39:04,071 P2597273 INFO ----------------------------------------------------------------------------------------------------
2026-07-26 14:39:04,072 P2597273 INFO 0/5 starting... lr: 0.001 para:1.0
