2026-07-10 06:21:00,192 P1763039 INFO ---- Model: ----MSTGAD-fd090a77----random_seed : 2----req_loss_approach : Legendre-style----rec_lambda : 1.0----auxi_lambda : 1.0----Freq Domain : FITS_Legendre----Multi Fits : false----train : True----evaluate : False
2026-07-10 06:21:00,193 P1763039 INFO Load from /home/db2003/Desktop/Amr/Tests/Eadro/codes/chunks/TT
2026-07-10 06:21:12,179 P1763039 INFO Fewshot: training with 1.0 of the 70% of the data
2026-07-10 06:21:21,386 P1763039 INFO Trainable Parameters Breakdown:
2026-07-10 06:21:21,386 P1763039 INFO --------------------------------------------------------------------------------
2026-07-10 06:21:21,386 P1763039 INFO Reconstruction-Specific Parameters:
2026-07-10 06:21:21,386 P1763039 INFO linear_attn.Wq.weight                    | shape: (10, 10)                  | params: 100
2026-07-10 06:21:21,386 P1763039 INFO linear_attn.Wk.weight                    | shape: (10, 10)                  | params: 100
2026-07-10 06:21:21,386 P1763039 INFO linear_attn.Wv.weight                    | shape: (10, 10)                  | params: 100
2026-07-10 06:21:21,386 P1763039 INFO linear_attn.out.weight                   | shape: (10, 10)                  | params: 100
2026-07-10 06:21:21,386 P1763039 INFO linear_attn.out.bias                     | shape: (10,)                     | params: 10
2026-07-10 06:21:21,387 P1763039 INFO linear_attn.norm.weight                  | shape: (10,)                     | params: 10
2026-07-10 06:21:21,387 P1763039 INFO linear_attn.norm.bias                    | shape: (10,)                     | params: 10
2026-07-10 06:21:21,387 P1763039 INFO shared_fits.normlin_W                    | shape: (5, 5)                    | params: 25
2026-07-10 06:21:21,387 P1763039 INFO shared_fits.freq_upsampler.weight        | shape: (5, 5)                    | params: 25
2026-07-10 06:21:21,387 P1763039 INFO shared_fits.freq_upsampler.bias          | shape: (5,)                      | params: 5
2026-07-10 06:21:21,387 P1763039 INFO modality_proj.node.weight                | shape: (10, 8)                   | params: 80
2026-07-10 06:21:21,387 P1763039 INFO modality_proj.node.bias                  | shape: (10,)                     | params: 10
2026-07-10 06:21:21,387 P1763039 INFO modality_proj.log.weight                 | shape: (10, 32)                  | params: 320
2026-07-10 06:21:21,387 P1763039 INFO modality_proj.log.bias                   | shape: (10,)                     | params: 10
2026-07-10 06:21:21,387 P1763039 INFO modality_proj.edge.weight                | shape: (10, 8)                   | params: 80
2026-07-10 06:21:21,387 P1763039 INFO modality_proj.edge.bias                  | shape: (10,)                     | params: 10
2026-07-10 06:21:21,387 P1763039 INFO modality_proj_out.node.weight            | shape: (8, 10)                   | params: 80
2026-07-10 06:21:21,387 P1763039 INFO modality_proj_out.node.bias              | shape: (8,)                      | params: 8
2026-07-10 06:21:21,387 P1763039 INFO modality_proj_out.log.weight             | shape: (32, 10)                  | params: 320
2026-07-10 06:21:21,387 P1763039 INFO modality_proj_out.log.bias               | shape: (32,)                     | params: 32
2026-07-10 06:21:21,387 P1763039 INFO modality_proj_out.edge.weight            | shape: (8, 10)                   | params: 80
2026-07-10 06:21:21,387 P1763039 INFO modality_proj_out.edge.bias              | shape: (8,)                      | params: 8
2026-07-10 06:21:21,387 P1763039 INFO Subtotal: 1,523
2026-07-10 06:21:21,387 P1763039 INFO --------------------------------------------------------------------------------
2026-07-10 06:21:21,387 P1763039 INFO Common Parameters:
2026-07-10 06:21:21,388 P1763039 INFO node_emb.linear.weight                   | shape: (8, 7)                    | params: 56
2026-07-10 06:21:21,388 P1763039 INFO node_emb.linear.bias                     | shape: (8,)                      | params: 8
2026-07-10 06:21:21,388 P1763039 INFO log_emb.linear.weight                    | shape: (32, 60)                  | params: 1,920
2026-07-10 06:21:21,388 P1763039 INFO log_emb.linear.bias                      | shape: (32,)                     | params: 32
2026-07-10 06:21:21,388 P1763039 INFO egde_emb.linear.weight                   | shape: (8, 2)                    | params: 16
2026-07-10 06:21:21,388 P1763039 INFO egde_emb.linear.bias                     | shape: (8,)                      | params: 8
2026-07-10 06:21:21,388 P1763039 INFO dense_node.weight                        | shape: (7, 8)                    | params: 56
2026-07-10 06:21:21,388 P1763039 INFO dense_node.bias                          | shape: (7,)                      | params: 7
2026-07-10 06:21:21,388 P1763039 INFO dense_log.weight                         | shape: (60, 32)                  | params: 1,920
2026-07-10 06:21:21,388 P1763039 INFO dense_log.bias                           | shape: (60,)                     | params: 60
2026-07-10 06:21:21,388 P1763039 INFO dense_edge.weight                        | shape: (2, 8)                    | params: 16
2026-07-10 06:21:21,388 P1763039 INFO dense_edge.bias                          | shape: (2,)                      | params: 2
2026-07-10 06:21:21,388 P1763039 INFO show.0.weight                            | shape: (128, 69)                 | params: 8,832
2026-07-10 06:21:21,388 P1763039 INFO show.0.bias                              | shape: (128,)                    | params: 128
2026-07-10 06:21:21,388 P1763039 INFO show.2.weight                            | shape: (2, 128)                  | params: 256
2026-07-10 06:21:21,388 P1763039 INFO show.2.bias                              | shape: (2,)                      | params: 2
2026-07-10 06:21:21,388 P1763039 INFO Subtotal: 13,319
2026-07-10 06:21:21,388 P1763039 INFO --------------------------------------------------------------------------------
2026-07-10 06:21:21,388 P1763039 INFO Total Trainable Parameters: 14,842

2026-07-10 06:21:21,388 P1763039 INFO Trainable Parameters: 14842, reconstruction: 1523, common: 13319
2026-07-10 06:21:21,389 P1763039 INFO model : init weight
2026-07-10 06:21:21,389 P1763039 INFO Using GPU...
2026-07-10 06:21:21,394 P1763039 INFO optimizer : using AdaBelief
2026-07-10 06:21:21,394 P1763039 INFO ----------------------------------------------------------------------------------------------------
2026-07-10 06:21:21,394 P1763039 INFO 0/50 starting... lr: 0.001 para:1.0
2026-07-10 06:21:42,905 P1763039 INFO Epoch 0/50, all_loss:0.13187 cls_loss:26.08145 rec_loss:0.13187 [21.50s]; best loss:0.13187, patience : 0
2026-07-10 06:21:42,905 P1763039 INFO ----------------------------------------------------------------------------------------------------
2026-07-10 06:21:42,905 P1763039 INFO 1/50 starting... lr: 0.001 para:0.5
2026-07-10 06:22:03,492 P1763039 INFO Epoch 1/50, all_loss:1.96223 cls_loss:3.55970 rec_loss:0.36476 [20.58s]; best loss:1.96223, patience : 0
2026-07-10 06:22:03,492 P1763039 INFO ----------------------------------------------------------------------------------------------------
2026-07-10 06:22:03,492 P1763039 INFO 2/50 starting... lr: 0.001 para:0.3333333432674408
2026-07-10 06:22:32,015 P1763039 INFO Epoch 2/50, all_loss:1.35827 cls_loss:1.84772 rec_loss:0.37937 [28.52s]; best loss:1.35827, patience : 0
2026-07-10 06:22:42,911 P1763039 INFO pr:0.8536  rc:0.6247  auc:0.9926 ap:0.9312 f1: 0.7214 pred_right: 1070955 pred_wrong:25245 actu_right: 1061707 actu_wrong: 34493
2026-07-10 06:22:47,741 P1763039 INFO pr:0.8525  rc:0.6222  auc:0.9925 ap:0.9310 f1: 0.7194 pred_right: 458992 pred_wrong:10808 actu_right: 454992 actu_wrong: 14808
2026-07-10 06:22:47,746 P1763039 INFO ----------------------------------------------------------------------------------------------------
2026-07-10 06:22:47,749 P1763039 INFO 3/50 starting... lr: 0.001 para:0.25
2026-07-10 06:23:09,112 P1763039 INFO Epoch 3/50, all_loss:1.23529 cls_loss:1.50694 rec_loss:0.42034 [21.36s]; best loss:1.23529, patience : 0
2026-07-10 06:23:19,949 P1763039 INFO pr:0.8605  rc:0.7535  auc:0.9958 ap:0.9532 f1: 0.8034 pred_right: 1065997 pred_wrong:30203 actu_right: 1061708 actu_wrong: 34492
2026-07-10 06:23:24,581 P1763039 INFO pr:0.8625  rc:0.7478  auc:0.9958 ap:0.9528 f1: 0.8010 pred_right: 456961 pred_wrong:12839 actu_right: 454992 actu_wrong: 14808
2026-07-10 06:23:24,586 P1763039 INFO ----------------------------------------------------------------------------------------------------
2026-07-10 06:23:24,586 P1763039 INFO 4/50 starting... lr: 0.001 para:0.20000000298023224
2026-07-10 06:23:49,448 P1763039 INFO Epoch 4/50, all_loss:1.06259 cls_loss:1.19471 rec_loss:0.53412 [24.85s]; best loss:1.06259, patience : 0
2026-07-10 06:24:05,213 P1763039 INFO pr:0.8588  rc:0.8864  auc:0.9973 ap:0.9707 f1: 0.8724 pred_right: 1060600 pred_wrong:35600 actu_right: 1061706 actu_wrong: 34494
2026-07-10 06:24:09,634 P1763039 INFO pr:0.8617  rc:0.8827  auc:0.9974 ap:0.9702 f1: 0.8721 pred_right: 454632 pred_wrong:15168 actu_right: 454992 actu_wrong: 14808
2026-07-10 06:24:09,639 P1763039 INFO ----------------------------------------------------------------------------------------------------
2026-07-10 06:24:09,640 P1763039 INFO 5/50 starting... lr: 0.001 para:0.1666666716337204
2026-07-10 06:24:30,521 P1763039 INFO Epoch 5/50, all_loss:0.92991 cls_loss:0.98423 rec_loss:0.65829 [20.88s]; best loss:0.92991, patience : 0
2026-07-10 06:24:41,645 P1763039 INFO pr:0.9013  rc:0.8207  auc:0.9977 ap:0.9761 f1: 0.8591 pred_right: 1064795 pred_wrong:31405 actu_right: 1061711 actu_wrong: 34489
2026-07-10 06:24:46,193 P1763039 INFO pr:0.9034  rc:0.8175  auc:0.9979 ap:0.9760 f1: 0.8583 pred_right: 456401 pred_wrong:13399 actu_right: 454992 actu_wrong: 14808
2026-07-10 06:24:46,194 P1763039 INFO ----------------------------------------------------------------------------------------------------
2026-07-10 06:24:46,194 P1763039 INFO 6/50 starting... lr: 0.001 para:0.1428571492433548
2026-07-10 06:25:08,004 P1763039 INFO Epoch 6/50, all_loss:0.81751 cls_loss:0.83298 rec_loss:0.72468 [21.81s]; best loss:0.81751, patience : 0
2026-07-10 06:25:17,557 P1763039 INFO pr:0.9176  rc:0.8249  auc:0.9980 ap:0.9803 f1: 0.8688 pred_right: 1065193 pred_wrong:31007 actu_right: 1061709 actu_wrong: 34491
2026-07-10 06:25:25,345 P1763039 INFO pr:0.9206  rc:0.8216  auc:0.9980 ap:0.9805 f1: 0.8683 pred_right: 456584 pred_wrong:13216 actu_right: 454992 actu_wrong: 14808
2026-07-10 06:25:25,347 P1763039 INFO ----------------------------------------------------------------------------------------------------
2026-07-10 06:25:25,347 P1763039 INFO 7/50 starting... lr: 0.001 para:0.125
2026-07-10 06:25:51,094 P1763039 INFO Epoch 7/50, all_loss:0.77750 cls_loss:0.78325 rec_loss:0.73730 [25.74s]; best loss:0.77750, patience : 0
2026-07-10 06:26:02,084 P1763039 INFO pr:0.9110  rc:0.8685  auc:0.9987 ap:0.9818 f1: 0.8892 pred_right: 1063318 pred_wrong:32882 actu_right: 1061710 actu_wrong: 34490
2026-07-10 06:26:06,762 P1763039 INFO pr:0.9117  rc:0.8722  auc:0.9987 ap:0.9816 f1: 0.8915 pred_right: 455633 pred_wrong:14167 actu_right: 454992 actu_wrong: 14808
2026-07-10 06:26:06,767 P1763039 INFO ----------------------------------------------------------------------------------------------------
2026-07-10 06:26:06,770 P1763039 INFO 8/50 starting... lr: 0.001 para:0.1111111119389534
2026-07-10 06:26:27,538 P1763039 INFO Epoch 8/50, all_loss:0.73095 cls_loss:0.72835 rec_loss:0.75175 [20.76s]; best loss:0.73095, patience : 0
2026-07-10 06:26:38,158 P1763039 INFO pr:0.8965  rc:0.9360  auc:0.9989 ap:0.9850 f1: 0.9158 pred_right: 1060185 pred_wrong:36015 actu_right: 1061707 actu_wrong: 34493
2026-07-10 06:26:43,985 P1763039 INFO pr:0.8976  rc:0.9346  auc:0.9988 ap:0.9844 f1: 0.9157 pred_right: 454383 pred_wrong:15417 actu_right: 454992 actu_wrong: 14808
2026-07-10 06:26:43,989 P1763039 INFO ----------------------------------------------------------------------------------------------------
2026-07-10 06:26:43,989 P1763039 INFO 9/50 starting... lr: 0.001 para:0.10000000149011612
2026-07-10 06:27:11,290 P1763039 INFO Epoch 9/50, all_loss:0.68673 cls_loss:0.67763 rec_loss:0.76863 [27.30s]; best loss:0.68673, patience : 0
2026-07-10 06:27:22,220 P1763039 INFO pr:0.9073  rc:0.9236  auc:0.9990 ap:0.9859 f1: 0.9154 pred_right: 1061095 pred_wrong:35105 actu_right: 1061712 actu_wrong: 34488
2026-07-10 06:27:26,951 P1763039 INFO pr:0.9090  rc:0.9209  auc:0.9989 ap:0.9857 f1: 0.9149 pred_right: 454798 pred_wrong:15002 actu_right: 454992 actu_wrong: 14808
2026-07-10 06:27:26,952 P1763039 INFO ----------------------------------------------------------------------------------------------------
2026-07-10 06:27:26,952 P1763039 INFO 10/50 starting... lr: 0.001 para:0.09090909361839294
2026-07-10 06:27:48,106 P1763039 INFO Epoch 10/50, all_loss:0.66777 cls_loss:0.65665 rec_loss:0.77897 [21.15s]; best loss:0.66777, patience : 0
2026-07-10 06:27:59,007 P1763039 INFO pr:0.8741  rc:0.9753  auc:0.9988 ap:0.9864 f1: 0.9219 pred_right: 1057713 pred_wrong:38487 actu_right: 1061709 actu_wrong: 34491
2026-07-10 06:28:03,559 P1763039 INFO pr:0.8746  rc:0.9758  auc:0.9989 ap:0.9859 f1: 0.9224 pred_right: 453278 pred_wrong:16522 actu_right: 454992 actu_wrong: 14808
2026-07-10 06:28:03,563 P1763039 INFO ----------------------------------------------------------------------------------------------------
2026-07-10 06:28:03,564 P1763039 INFO 11/50 starting... lr: 0.001 para:0.0833333358168602
2026-07-10 06:28:24,009 P1763039 INFO Epoch 11/50, all_loss:0.65141 cls_loss:0.63800 rec_loss:0.79894 [20.44s]; best loss:0.65141, patience : 0
2026-07-10 06:28:40,149 P1763039 INFO pr:0.8988  rc:0.9551  auc:0.9990 ap:0.9851 f1: 0.9261 pred_right: 1059555 pred_wrong:36645 actu_right: 1061715 actu_wrong: 34485
2026-07-10 06:28:46,510 P1763039 INFO pr:0.8992  rc:0.9533  auc:0.9989 ap:0.9848 f1: 0.9255 pred_right: 454101 pred_wrong:15699 actu_right: 454992 actu_wrong: 14808
2026-07-10 06:28:46,514 P1763039 INFO ----------------------------------------------------------------------------------------------------
2026-07-10 06:28:46,515 P1763039 INFO 12/50 starting... lr: 0.001 para:0.07692307978868484
2026-07-10 06:29:07,203 P1763039 INFO Epoch 12/50, all_loss:0.61724 cls_loss:0.60003 rec_loss:0.82372 [20.68s]; best loss:0.61724, patience : 0
2026-07-10 06:29:17,911 P1763039 INFO pr:0.8963  rc:0.9673  auc:0.9988 ap:0.9889 f1: 0.9304 pred_right: 1058980 pred_wrong:37220 actu_right: 1061711 actu_wrong: 34489
2026-07-10 06:29:22,826 P1763039 INFO pr:0.8969  rc:0.9677  auc:0.9987 ap:0.9885 f1: 0.9309 pred_right: 453822 pred_wrong:15978 actu_right: 454992 actu_wrong: 14808
2026-07-10 06:29:22,831 P1763039 INFO ----------------------------------------------------------------------------------------------------
2026-07-10 06:29:22,831 P1763039 INFO 13/50 starting... lr: 0.001 para:0.0714285746216774
2026-07-10 06:29:43,979 P1763039 INFO Epoch 13/50, all_loss:0.59986 cls_loss:0.58055 rec_loss:0.85086 [21.14s]; best loss:0.59986, patience : 0
2026-07-10 06:29:55,837 P1763039 INFO pr:0.8893  rc:0.9784  auc:0.9990 ap:0.9896 f1: 0.9317 pred_right: 1058261 pred_wrong:37939 actu_right: 1061713 actu_wrong: 34487
2026-07-10 06:29:59,915 P1763039 INFO pr:0.8905  rc:0.9762  auc:0.9989 ap:0.9890 f1: 0.9314 pred_right: 453567 pred_wrong:16233 actu_right: 454992 actu_wrong: 14808
2026-07-10 06:29:59,919 P1763039 INFO ----------------------------------------------------------------------------------------------------
2026-07-10 06:29:59,919 P1763039 INFO 14/50 starting... lr: 0.001 para:0.06666667014360428
2026-07-10 06:30:28,844 P1763039 INFO Epoch 14/50, all_loss:0.58492 cls_loss:0.56566 rec_loss:0.85467 [28.92s]; best loss:0.58492, patience : 0
2026-07-10 06:30:39,585 P1763039 INFO pr:0.9224  rc:0.9332  auc:0.9992 ap:0.9896 f1: 0.9277 pred_right: 1061303 pred_wrong:34897 actu_right: 1061707 actu_wrong: 34493
2026-07-10 06:30:43,875 P1763039 INFO pr:0.9213  rc:0.9287  auc:0.9990 ap:0.9892 f1: 0.9250 pred_right: 454874 pred_wrong:14926 actu_right: 454992 actu_wrong: 14808
2026-07-10 06:30:43,876 P1763039 INFO ----------------------------------------------------------------------------------------------------
2026-07-10 06:30:43,876 P1763039 INFO 15/50 starting... lr: 0.001 para:0.0625
2026-07-10 06:31:04,496 P1763039 INFO Epoch 15/50, all_loss:0.56930 cls_loss:0.54979 rec_loss:0.86186 [20.61s]; best loss:0.56930, patience : 0
2026-07-10 06:31:16,289 P1763039 INFO pr:0.9302  rc:0.9072  auc:0.9992 ap:0.9890 f1: 0.9186 pred_right: 1062562 pred_wrong:33638 actu_right: 1061710 actu_wrong: 34490
2026-07-10 06:31:21,261 P1763039 INFO pr:0.9300  rc:0.9049  auc:0.9990 ap:0.9882 f1: 0.9173 pred_right: 455392 pred_wrong:14408 actu_right: 454992 actu_wrong: 14808
2026-07-10 06:31:21,262 P1763039 INFO ----------------------------------------------------------------------------------------------------
2026-07-10 06:31:21,262 P1763039 INFO 16/50 starting... lr: 0.001 para:0.05882352963089943
2026-07-10 06:31:44,811 P1763039 INFO Epoch 16/50, all_loss:0.56505 cls_loss:0.54484 rec_loss:0.88832 [23.54s]; best loss:0.56505, patience : 0
2026-07-10 06:32:02,027 P1763039 INFO pr:0.9456  rc:0.9033  auc:0.9989 ap:0.9915 f1: 0.9239 pred_right: 1063250 pred_wrong:32950 actu_right: 1061709 actu_wrong: 34491
2026-07-10 06:32:06,949 P1763039 INFO pr:0.9460  rc:0.8998  auc:0.9990 ap:0.9913 f1: 0.9223 pred_right: 455716 pred_wrong:14084 actu_right: 454992 actu_wrong: 14808
2026-07-10 06:32:06,951 P1763039 INFO ----------------------------------------------------------------------------------------------------
2026-07-10 06:32:06,951 P1763039 INFO 17/50 starting... lr: 0.001 para:0.0555555559694767
2026-07-10 06:32:29,023 P1763039 INFO Epoch 17/50, all_loss:0.56476 cls_loss:0.54435 rec_loss:0.91177 [22.07s]; best loss:0.56476, patience : 0
2026-07-10 06:32:40,233 P1763039 INFO pr:0.8874  rc:0.9766  auc:0.9992 ap:0.9904 f1: 0.9299 pred_right: 1058245 pred_wrong:37955 actu_right: 1061713 actu_wrong: 34487
2026-07-10 06:32:44,804 P1763039 INFO pr:0.8870  rc:0.9741  auc:0.9992 ap:0.9900 f1: 0.9285 pred_right: 453538 pred_wrong:16262 actu_right: 454992 actu_wrong: 14808
2026-07-10 06:32:44,805 P1763039 INFO ----------------------------------------------------------------------------------------------------
2026-07-10 06:32:44,805 P1763039 INFO 18/50 starting... lr: 0.001 para:0.05263157933950424
2026-07-10 06:33:06,900 P1763039 INFO Epoch 18/50, all_loss:0.53644 cls_loss:0.51460 rec_loss:0.92964 [22.09s]; best loss:0.53644, patience : 0
2026-07-10 06:33:16,714 P1763039 INFO pr:0.9443  rc:0.9053  auc:0.9992 ap:0.9913 f1: 0.9244 pred_right: 1063138 pred_wrong:33062 actu_right: 1061712 actu_wrong: 34488
2026-07-10 06:33:23,168 P1763039 INFO pr:0.9411  rc:0.8996  auc:0.9992 ap:0.9905 f1: 0.9199 pred_right: 455644 pred_wrong:14156 actu_right: 454992 actu_wrong: 14808
2026-07-10 06:33:23,169 P1763039 INFO ----------------------------------------------------------------------------------------------------
2026-07-10 06:33:23,170 P1763039 INFO 19/50 starting... lr: 0.001 para:0.05000000074505806
2026-07-10 06:33:49,834 P1763039 INFO Epoch 19/50, all_loss:0.54469 cls_loss:0.52433 rec_loss:0.93147 [26.66s]; best loss:0.53644, patience : 1
2026-07-10 06:34:00,534 P1763039 INFO pr:0.9053  rc:0.9816  auc:0.9994 ap:0.9925 f1: 0.9419 pred_right: 1058805 pred_wrong:37395 actu_right: 1061712 actu_wrong: 34488
2026-07-10 06:34:05,027 P1763039 INFO pr:0.9039  rc:0.9804  auc:0.9993 ap:0.9917 f1: 0.9406 pred_right: 453738 pred_wrong:16062 actu_right: 454992 actu_wrong: 14808
2026-07-10 06:34:05,032 P1763039 INFO ----------------------------------------------------------------------------------------------------
2026-07-10 06:34:05,032 P1763039 INFO 20/50 starting... lr: 0.001 para:0.0476190485060215
2026-07-10 06:34:25,726 P1763039 INFO Epoch 20/50, all_loss:0.50610 cls_loss:0.48349 rec_loss:0.95832 [20.69s]; best loss:0.50610, patience : 0
2026-07-10 06:34:36,537 P1763039 INFO pr:0.9140  rc:0.9694  auc:0.9993 ap:0.9922 f1: 0.9409 pred_right: 1059617 pred_wrong:36583 actu_right: 1061709 actu_wrong: 34491
2026-07-10 06:34:42,406 P1763039 INFO pr:0.9128  rc:0.9643  auc:0.9991 ap:0.9914 f1: 0.9378 pred_right: 454155 pred_wrong:15645 actu_right: 454992 actu_wrong: 14808
2026-07-10 06:34:42,407 P1763039 INFO ----------------------------------------------------------------------------------------------------
2026-07-10 06:34:42,407 P1763039 INFO 21/50 starting... lr: 0.001 para:0.04545454680919647
2026-07-10 06:35:09,379 P1763039 INFO Epoch 21/50, all_loss:0.49998 cls_loss:0.47722 rec_loss:0.97784 [26.97s]; best loss:0.49998, patience : 0
2026-07-10 06:35:20,729 P1763039 INFO pr:0.8912  rc:0.9827  auc:0.9993 ap:0.9913 f1: 0.9347 pred_right: 1058167 pred_wrong:38033 actu_right: 1061710 actu_wrong: 34490
2026-07-10 06:35:25,482 P1763039 INFO pr:0.8931  rc:0.9799  auc:0.9992 ap:0.9908 f1: 0.9345 pred_right: 453553 pred_wrong:16247 actu_right: 454992 actu_wrong: 14808
2026-07-10 06:35:25,483 P1763039 INFO ----------------------------------------------------------------------------------------------------
2026-07-10 06:35:25,483 P1763039 INFO 22/50 starting... lr: 0.001 para:0.043478261679410934
2026-07-10 06:35:46,492 P1763039 INFO Epoch 22/50, all_loss:0.49516 cls_loss:0.47261 rec_loss:0.99132 [21.00s]; best loss:0.49516, patience : 0
2026-07-10 06:35:57,526 P1763039 INFO pr:0.9267  rc:0.9449  auc:0.9994 ap:0.9922 f1: 0.9357 pred_right: 1061027 pred_wrong:35173 actu_right: 1061707 actu_wrong: 34493
2026-07-10 06:36:02,255 P1763039 INFO pr:0.9242  rc:0.9400  auc:0.9993 ap:0.9914 f1: 0.9320 pred_right: 454740 pred_wrong:15060 actu_right: 454992 actu_wrong: 14808
2026-07-10 06:36:02,256 P1763039 INFO ----------------------------------------------------------------------------------------------------
2026-07-10 06:36:02,256 P1763039 INFO 23/50 starting... lr: 0.001 para:0.0416666679084301
2026-07-10 06:36:23,006 P1763039 INFO Epoch 23/50, all_loss:0.48231 cls_loss:0.45912 rec_loss:1.01576 [20.74s]; best loss:0.48231, patience : 0
2026-07-10 06:36:39,861 P1763039 INFO pr:0.9232  rc:0.9681  auc:0.9993 ap:0.9934 f1: 0.9451 pred_right: 1060027 pred_wrong:36173 actu_right: 1061707 actu_wrong: 34493
2026-07-10 06:36:46,096 P1763039 INFO pr:0.9242  rc:0.9638  auc:0.9992 ap:0.9929 f1: 0.9436 pred_right: 454358 pred_wrong:15442 actu_right: 454992 actu_wrong: 14808
2026-07-10 06:36:46,100 P1763039 INFO ----------------------------------------------------------------------------------------------------
2026-07-10 06:36:46,101 P1763039 INFO 24/50 starting... lr: 0.001 para:0.03999999910593033
2026-07-10 06:37:07,189 P1763039 INFO Epoch 24/50, all_loss:0.46962 cls_loss:0.44683 rec_loss:1.01647 [21.08s]; best loss:0.46962, patience : 0
2026-07-10 06:37:18,020 P1763039 INFO pr:0.9237  rc:0.9638  auc:0.9994 ap:0.9928 f1: 0.9433 pred_right: 1060215 pred_wrong:35985 actu_right: 1061712 actu_wrong: 34488
2026-07-10 06:37:22,537 P1763039 INFO pr:0.9212  rc:0.9602  auc:0.9993 ap:0.9917 f1: 0.9403 pred_right: 454365 pred_wrong:15435 actu_right: 454992 actu_wrong: 14808
2026-07-10 06:37:22,538 P1763039 INFO ----------------------------------------------------------------------------------------------------
2026-07-10 06:37:22,538 P1763039 INFO 25/50 starting... lr: 0.001 para:0.03846153989434242
2026-07-10 06:37:43,754 P1763039 INFO Epoch 25/50, all_loss:0.45019 cls_loss:0.42698 rec_loss:1.03047 [21.21s]; best loss:0.45019, patience : 0
2026-07-10 06:37:55,547 P1763039 INFO pr:0.9379  rc:0.9542  auc:0.9995 ap:0.9939 f1: 0.9460 pred_right: 1061111 pred_wrong:35089 actu_right: 1061711 actu_wrong: 34489
2026-07-10 06:37:59,676 P1763039 INFO pr:0.9349  rc:0.9487  auc:0.9994 ap:0.9930 f1: 0.9418 pred_right: 454773 pred_wrong:15027 actu_right: 454992 actu_wrong: 14808
2026-07-10 06:37:59,681 P1763039 INFO ----------------------------------------------------------------------------------------------------
2026-07-10 06:37:59,681 P1763039 INFO 26/50 starting... lr: 0.001 para:0.03703703731298447
2026-07-10 06:38:28,319 P1763039 INFO Epoch 26/50, all_loss:0.43910 cls_loss:0.41600 rec_loss:1.03966 [28.63s]; best loss:0.43910, patience : 0
2026-07-10 06:38:38,969 P1763039 INFO pr:0.9012  rc:0.9869  auc:0.9991 ap:0.9935 f1: 0.9421 pred_right: 1058426 pred_wrong:37774 actu_right: 1061708 actu_wrong: 34492
2026-07-10 06:38:43,392 P1763039 INFO pr:0.9015  rc:0.9851  auc:0.9991 ap:0.9930 f1: 0.9414 pred_right: 453619 pred_wrong:16181 actu_right: 454992 actu_wrong: 14808
2026-07-10 06:38:43,393 P1763039 INFO ----------------------------------------------------------------------------------------------------
2026-07-10 06:38:43,393 P1763039 INFO 27/50 starting... lr: 0.001 para:0.0357142873108387
2026-07-10 06:39:04,269 P1763039 INFO Epoch 27/50, all_loss:0.47242 cls_loss:0.45080 rec_loss:1.05614 [20.88s]; best loss:0.43910, patience : 1
2026-07-10 06:39:15,164 P1763039 INFO pr:0.9598  rc:0.8871  auc:0.9992 ap:0.9927 f1: 0.9220 pred_right: 1064327 pred_wrong:31873 actu_right: 1061712 actu_wrong: 34488
2026-07-10 06:39:19,960 P1763039 INFO pr:0.9574  rc:0.8823  auc:0.9991 ap:0.9922 f1: 0.9183 pred_right: 456153 pred_wrong:13647 actu_right: 454992 actu_wrong: 14808
2026-07-10 06:39:19,961 P1763039 INFO ----------------------------------------------------------------------------------------------------
2026-07-10 06:39:19,961 P1763039 INFO 28/50 starting... lr: 0.001 para:0.03448275849223137
2026-07-10 06:39:42,805 P1763039 INFO Epoch 28/50, all_loss:0.46136 cls_loss:0.43917 rec_loss:1.08260 [22.84s]; best loss:0.43910, patience : 1
2026-07-10 06:39:59,410 P1763039 INFO pr:0.9535  rc:0.9308  auc:0.9994 ap:0.9943 f1: 0.9420 pred_right: 1062531 pred_wrong:33669 actu_right: 1061708 actu_wrong: 34492
2026-07-10 06:40:04,132 P1763039 INFO pr:0.9532  rc:0.9238  auc:0.9992 ap:0.9937 f1: 0.9382 pred_right: 455449 pred_wrong:14351 actu_right: 454992 actu_wrong: 14808
2026-07-10 06:40:04,133 P1763039 INFO ----------------------------------------------------------------------------------------------------
2026-07-10 06:40:04,133 P1763039 INFO 29/50 starting... lr: 0.001 para:0.03333333507180214
2026-07-10 06:40:25,010 P1763039 INFO Epoch 29/50, all_loss:0.43339 cls_loss:0.41094 rec_loss:1.08418 [20.87s]; best loss:0.43339, patience : 0
2026-07-10 06:40:35,634 P1763039 INFO pr:0.9264  rc:0.9768  auc:0.9994 ap:0.9937 f1: 0.9509 pred_right: 1059833 pred_wrong:36367 actu_right: 1061710 actu_wrong: 34490
2026-07-10 06:40:39,993 P1763039 INFO pr:0.9254  rc:0.9714  auc:0.9993 ap:0.9928 f1: 0.9478 pred_right: 454257 pred_wrong:15543 actu_right: 454992 actu_wrong: 14808
2026-07-10 06:40:39,998 P1763039 INFO ----------------------------------------------------------------------------------------------------
2026-07-10 06:40:39,998 P1763039 INFO 30/50 starting... lr: 0.001 para:0.032258063554763794
2026-07-10 06:41:01,843 P1763039 INFO Epoch 30/50, all_loss:0.43373 cls_loss:0.41183 rec_loss:1.09079 [21.84s]; best loss:0.43339, patience : 1
2026-07-10 06:41:11,729 P1763039 INFO pr:0.9373  rc:0.9613  auc:0.9995 ap:0.9942 f1: 0.9492 pred_right: 1060833 pred_wrong:35367 actu_right: 1061714 actu_wrong: 34486
2026-07-10 06:41:21,981 P1763039 INFO pr:0.9356  rc:0.9558  auc:0.9993 ap:0.9931 f1: 0.9456 pred_right: 454671 pred_wrong:15129 actu_right: 454992 actu_wrong: 14808
2026-07-10 06:41:21,983 P1763039 INFO ----------------------------------------------------------------------------------------------------
2026-07-10 06:41:21,983 P1763039 INFO 31/50 starting... lr: 0.001 para:0.03125
2026-07-10 06:41:46,121 P1763039 INFO Epoch 31/50, all_loss:0.42001 cls_loss:0.39724 rec_loss:1.12604 [24.13s]; best loss:0.42001, patience : 0
2026-07-10 06:41:56,826 P1763039 INFO pr:0.9339  rc:0.9605  auc:0.9993 ap:0.9924 f1: 0.9470 pred_right: 1060727 pred_wrong:35473 actu_right: 1061711 actu_wrong: 34489
2026-07-10 06:42:01,592 P1763039 INFO pr:0.9344  rc:0.9540  auc:0.9991 ap:0.9915 f1: 0.9441 pred_right: 454681 pred_wrong:15119 actu_right: 454992 actu_wrong: 14808
2026-07-10 06:42:01,592 P1763039 INFO ----------------------------------------------------------------------------------------------------
2026-07-10 06:42:01,593 P1763039 INFO 32/50 starting... lr: 0.001 para:0.03030303120613098
2026-07-10 06:42:22,771 P1763039 INFO Epoch 32/50, all_loss:0.40699 cls_loss:0.38369 rec_loss:1.15251 [21.17s]; best loss:0.40699, patience : 0
2026-07-10 06:42:33,412 P1763039 INFO pr:0.9417  rc:0.9528  auc:0.9994 ap:0.9941 f1: 0.9472 pred_right: 1061308 pred_wrong:34892 actu_right: 1061714 actu_wrong: 34486
2026-07-10 06:42:38,876 P1763039 INFO pr:0.9410  rc:0.9485  auc:0.9992 ap:0.9933 f1: 0.9447 pred_right: 454874 pred_wrong:14926 actu_right: 454992 actu_wrong: 14808
2026-07-10 06:42:38,876 P1763039 INFO ----------------------------------------------------------------------------------------------------
2026-07-10 06:42:38,877 P1763039 INFO 33/50 starting... lr: 0.001 para:0.029411764815449715
2026-07-10 06:43:05,452 P1763039 INFO Epoch 33/50, all_loss:0.40085 cls_loss:0.37877 rec_loss:1.12933 [26.57s]; best loss:0.40085, patience : 0
2026-07-10 06:43:16,409 P1763039 INFO pr:0.9436  rc:0.9612  auc:0.9991 ap:0.9947 f1: 0.9524 pred_right: 1061070 pred_wrong:35130 actu_right: 1061713 actu_wrong: 34487
2026-07-10 06:43:21,207 P1763039 INFO pr:0.9432  rc:0.9548  auc:0.9990 ap:0.9940 f1: 0.9490 pred_right: 454809 pred_wrong:14991 actu_right: 454992 actu_wrong: 14808
2026-07-10 06:43:21,212 P1763039 INFO ----------------------------------------------------------------------------------------------------
2026-07-10 06:43:21,212 P1763039 INFO 34/50 starting... lr: 0.001 para:0.02857142873108387
2026-07-10 06:43:42,020 P1763039 INFO Epoch 34/50, all_loss:0.41625 cls_loss:0.39423 rec_loss:1.16476 [20.81s]; best loss:0.40085, patience : 1
2026-07-10 06:43:53,242 P1763039 INFO pr:0.9209  rc:0.9843  auc:0.9995 ap:0.9948 f1: 0.9516 pred_right: 1059340 pred_wrong:36860 actu_right: 1061712 actu_wrong: 34488
2026-07-10 06:43:57,650 P1763039 INFO pr:0.9190  rc:0.9804  auc:0.9994 ap:0.9936 f1: 0.9487 pred_right: 454003 pred_wrong:15797 actu_right: 454992 actu_wrong: 14808
2026-07-10 06:43:57,651 P1763039 INFO ----------------------------------------------------------------------------------------------------
2026-07-10 06:43:57,652 P1763039 INFO 35/50 starting... lr: 0.001 para:0.02777777798473835
2026-07-10 06:44:18,424 P1763039 INFO Epoch 35/50, all_loss:0.39406 cls_loss:0.37154 rec_loss:1.18233 [20.77s]; best loss:0.39406, patience : 0
2026-07-10 06:44:35,143 P1763039 INFO pr:0.9350  rc:0.9711  auc:0.9996 ap:0.9948 f1: 0.9527 pred_right: 1060377 pred_wrong:35823 actu_right: 1061710 actu_wrong: 34490
2026-07-10 06:44:41,247 P1763039 INFO pr:0.9319  rc:0.9659  auc:0.9995 ap:0.9936 f1: 0.9486 pred_right: 454451 pred_wrong:15349 actu_right: 454992 actu_wrong: 14808
2026-07-10 06:44:41,252 P1763039 INFO ----------------------------------------------------------------------------------------------------
2026-07-10 06:44:41,252 P1763039 INFO 36/50 starting... lr: 0.001 para:0.027027027681469917
2026-07-10 06:45:02,138 P1763039 INFO Epoch 36/50, all_loss:0.41629 cls_loss:0.39457 rec_loss:1.19841 [20.89s]; best loss:0.39406, patience : 1
2026-07-10 06:45:13,126 P1763039 INFO pr:0.9373  rc:0.9720  auc:0.9993 ap:0.9950 f1: 0.9543 pred_right: 1060431 pred_wrong:35769 actu_right: 1061710 actu_wrong: 34490
2026-07-10 06:45:17,919 P1763039 INFO pr:0.9376  rc:0.9664  auc:0.9993 ap:0.9942 f1: 0.9518 pred_right: 454536 pred_wrong:15264 actu_right: 454992 actu_wrong: 14808
2026-07-10 06:45:17,924 P1763039 INFO ----------------------------------------------------------------------------------------------------
2026-07-10 06:45:17,924 P1763039 INFO 37/50 starting... lr: 0.001 para:0.02631578966975212
2026-07-10 06:45:39,312 P1763039 INFO Epoch 37/50, all_loss:0.38021 cls_loss:0.35809 rec_loss:1.19858 [21.38s]; best loss:0.38021, patience : 0
2026-07-10 06:45:50,789 P1763039 INFO pr:0.9458  rc:0.9607  auc:0.9996 ap:0.9944 f1: 0.9532 pred_right: 1061163 pred_wrong:35037 actu_right: 1061706 actu_wrong: 34494
2026-07-10 06:45:55,009 P1763039 INFO pr:0.9436  rc:0.9533  auc:0.9994 ap:0.9929 f1: 0.9484 pred_right: 454840 pred_wrong:14960 actu_right: 454992 actu_wrong: 14808
2026-07-10 06:45:55,010 P1763039 INFO ----------------------------------------------------------------------------------------------------
2026-07-10 06:45:55,010 P1763039 INFO 38/50 starting... lr: 0.001 para:0.025641025975346565
2026-07-10 06:46:23,376 P1763039 INFO Epoch 38/50, all_loss:0.37532 cls_loss:0.35331 rec_loss:1.21203 [28.36s]; best loss:0.37532, patience : 0
2026-07-10 06:46:34,376 P1763039 INFO pr:0.9436  rc:0.9708  auc:0.9997 ap:0.9953 f1: 0.9570 pred_right: 1060716 pred_wrong:35484 actu_right: 1061711 actu_wrong: 34489
2026-07-10 06:46:38,738 P1763039 INFO pr:0.9403  rc:0.9650  auc:0.9995 ap:0.9938 f1: 0.9525 pred_right: 454604 pred_wrong:15196 actu_right: 454992 actu_wrong: 14808
2026-07-10 06:46:38,742 P1763039 INFO ----------------------------------------------------------------------------------------------------
2026-07-10 06:46:38,742 P1763039 INFO 39/50 starting... lr: 0.001 para:0.02500000037252903
2026-07-10 06:46:59,738 P1763039 INFO Epoch 39/50, all_loss:0.39915 cls_loss:0.37849 rec_loss:1.20518 [21.00s]; best loss:0.37532, patience : 1
2026-07-10 06:47:10,497 P1763039 INFO pr:0.9348  rc:0.9776  auc:0.9996 ap:0.9954 f1: 0.9557 pred_right: 1060136 pred_wrong:36064 actu_right: 1061715 actu_wrong: 34485
2026-07-10 06:47:15,101 P1763039 INFO pr:0.9335  rc:0.9704  auc:0.9994 ap:0.9942 f1: 0.9516 pred_right: 454406 pred_wrong:15394 actu_right: 454992 actu_wrong: 14808
2026-07-10 06:47:15,102 P1763039 INFO ----------------------------------------------------------------------------------------------------
2026-07-10 06:47:15,102 P1763039 INFO 40/50 starting... lr: 0.001 para:0.024390242993831635
2026-07-10 06:47:39,616 P1763039 INFO Epoch 40/50, all_loss:0.36185 cls_loss:0.34020 rec_loss:1.22783 [24.51s]; best loss:0.36185, patience : 0
2026-07-10 06:47:54,786 P1763039 INFO pr:0.9590  rc:0.9206  auc:0.9996 ap:0.9946 f1: 0.9394 pred_right: 1063088 pred_wrong:33112 actu_right: 1061709 actu_wrong: 34491
2026-07-10 06:47:59,672 P1763039 INFO pr:0.9603  rc:0.9101  auc:0.9994 ap:0.9940 f1: 0.9345 pred_right: 455766 pred_wrong:14034 actu_right: 454992 actu_wrong: 14808
2026-07-10 06:47:59,673 P1763039 INFO ----------------------------------------------------------------------------------------------------
2026-07-10 06:47:59,673 P1763039 INFO 41/50 starting... lr: 0.001 para:0.02380952425301075
2026-07-10 06:48:20,640 P1763039 INFO Epoch 41/50, all_loss:0.35153 cls_loss:0.33043 rec_loss:1.21676 [20.96s]; best loss:0.35153, patience : 0
2026-07-10 06:48:31,371 P1763039 INFO pr:0.9492  rc:0.9562  auc:0.9995 ap:0.9955 f1: 0.9527 pred_right: 1061453 pred_wrong:34747 actu_right: 1061709 actu_wrong: 34491
2026-07-10 06:48:35,953 P1763039 INFO pr:0.9464  rc:0.9497  auc:0.9993 ap:0.9944 f1: 0.9480 pred_right: 454940 pred_wrong:14860 actu_right: 454992 actu_wrong: 14808
2026-07-10 06:48:35,954 P1763039 INFO ----------------------------------------------------------------------------------------------------
2026-07-10 06:48:35,954 P1763039 INFO 42/50 starting... lr: 0.001 para:0.023255813866853714
2026-07-10 06:48:57,439 P1763039 INFO Epoch 42/50, all_loss:0.35972 cls_loss:0.33903 rec_loss:1.22888 [21.48s]; best loss:0.35153, patience : 1
2026-07-10 06:49:07,094 P1763039 INFO pr:0.9251  rc:0.9878  auc:0.9996 ap:0.9958 f1: 0.9554 pred_right: 1059373 pred_wrong:36827 actu_right: 1061712 actu_wrong: 34488
2026-07-10 06:49:19,063 P1763039 INFO pr:0.9223  rc:0.9839  auc:0.9994 ap:0.9944 f1: 0.9521 pred_right: 454002 pred_wrong:15798 actu_right: 454992 actu_wrong: 14808
2026-07-10 06:49:19,065 P1763039 INFO ----------------------------------------------------------------------------------------------------
2026-07-10 06:49:19,066 P1763039 INFO 43/50 starting... lr: 0.001 para:0.022727273404598236
2026-07-10 06:49:41,876 P1763039 INFO Epoch 43/50, all_loss:0.34556 cls_loss:0.32511 rec_loss:1.22472 [22.81s]; best loss:0.34556, patience : 0
2026-07-10 06:49:52,670 P1763039 INFO pr:0.9360  rc:0.9825  auc:0.9996 ap:0.9955 f1: 0.9587 pred_right: 1060006 pred_wrong:36194 actu_right: 1061718 actu_wrong: 34482
2026-07-10 06:49:57,226 P1763039 INFO pr:0.9338  rc:0.9766  auc:0.9994 ap:0.9941 f1: 0.9547 pred_right: 454314 pred_wrong:15486 actu_right: 454992 actu_wrong: 14808
2026-07-10 06:49:57,231 P1763039 INFO ----------------------------------------------------------------------------------------------------
2026-07-10 06:49:57,231 P1763039 INFO 44/50 starting... lr: 0.001 para:0.02222222276031971
2026-07-10 06:50:18,185 P1763039 INFO Epoch 44/50, all_loss:0.34041 cls_loss:0.32021 rec_loss:1.22896 [20.95s]; best loss:0.34041, patience : 0
2026-07-10 06:50:31,158 P1763039 INFO pr:0.9507  rc:0.9559  auc:0.9994 ap:0.9952 f1: 0.9533 pred_right: 1061519 pred_wrong:34681 actu_right: 1061708 actu_wrong: 34492
2026-07-10 06:50:34,738 P1763039 INFO pr:0.9475  rc:0.9467  auc:0.9992 ap:0.9943 f1: 0.9471 pred_right: 455006 pred_wrong:14794 actu_right: 454992 actu_wrong: 14808
2026-07-10 06:50:34,739 P1763039 INFO ----------------------------------------------------------------------------------------------------
2026-07-10 06:50:34,739 P1763039 INFO 45/50 starting... lr: 0.001 para:0.021739130839705467
2026-07-10 06:51:02,638 P1763039 INFO Epoch 45/50, all_loss:0.37042 cls_loss:0.35059 rec_loss:1.26274 [27.90s]; best loss:0.34041, patience : 1
2026-07-10 06:51:13,661 P1763039 INFO pr:0.9368  rc:0.9830  auc:0.9996 ap:0.9958 f1: 0.9594 pred_right: 1060007 pred_wrong:36193 actu_right: 1061710 actu_wrong: 34490
2026-07-10 06:51:18,090 P1763039 INFO pr:0.9355  rc:0.9778  auc:0.9994 ap:0.9945 f1: 0.9562 pred_right: 454321 pred_wrong:15479 actu_right: 454992 actu_wrong: 14808
2026-07-10 06:51:18,095 P1763039 INFO ----------------------------------------------------------------------------------------------------
2026-07-10 06:51:18,095 P1763039 INFO 46/50 starting... lr: 0.001 para:0.021276595070958138
2026-07-10 06:51:39,339 P1763039 INFO Epoch 46/50, all_loss:0.33985 cls_loss:0.31929 rec_loss:1.28602 [21.24s]; best loss:0.33985, patience : 0
2026-07-10 06:51:50,756 P1763039 INFO pr:0.9480  rc:0.9689  auc:0.9997 ap:0.9953 f1: 0.9583 pred_right: 1060952 pred_wrong:35248 actu_right: 1061712 actu_wrong: 34488
2026-07-10 06:51:55,427 P1763039 INFO pr:0.9455  rc:0.9603  auc:0.9995 ap:0.9937 f1: 0.9528 pred_right: 454760 pred_wrong:15040 actu_right: 454992 actu_wrong: 14808
2026-07-10 06:51:55,428 P1763039 INFO ----------------------------------------------------------------------------------------------------
2026-07-10 06:51:55,428 P1763039 INFO 47/50 starting... lr: 0.001 para:0.02083333395421505
2026-07-10 06:52:15,695 P1763039 INFO Epoch 47/50, all_loss:0.31618 cls_loss:0.29571 rec_loss:1.27841 [20.26s]; best loss:0.31618, patience : 0
2026-07-10 06:52:36,199 P1763039 INFO pr:0.9406  rc:0.9755  auc:0.9996 ap:0.9957 f1: 0.9578 pred_right: 1060434 pred_wrong:35766 actu_right: 1061713 actu_wrong: 34487
2026-07-10 06:52:41,037 P1763039 INFO pr:0.9352  rc:0.9721  auc:0.9995 ap:0.9945 f1: 0.9533 pred_right: 454408 pred_wrong:15392 actu_right: 454992 actu_wrong: 14808
2026-07-10 06:52:41,038 P1763039 INFO ----------------------------------------------------------------------------------------------------
2026-07-10 06:52:41,038 P1763039 INFO 48/50 starting... lr: 0.001 para:0.020408162847161293
2026-07-10 06:53:01,974 P1763039 INFO Epoch 48/50, all_loss:0.32125 cls_loss:0.30173 rec_loss:1.25796 [20.94s]; best loss:0.31618, patience : 1
2026-07-10 06:53:12,737 P1763039 INFO pr:0.9587  rc:0.9604  auc:0.9996 ap:0.9959 f1: 0.9596 pred_right: 1061650 pred_wrong:34550 actu_right: 1061712 actu_wrong: 34488
2026-07-10 06:53:17,256 P1763039 INFO pr:0.9540  rc:0.9514  auc:0.9994 ap:0.9945 f1: 0.9527 pred_right: 455032 pred_wrong:14768 actu_right: 454992 actu_wrong: 14808
2026-07-10 06:53:17,261 P1763039 INFO ----------------------------------------------------------------------------------------------------
2026-07-10 06:53:17,261 P1763039 INFO 49/50 starting... lr: 0.001 para:0.019999999552965164
2026-07-10 06:53:39,307 P1763039 INFO Epoch 49/50, all_loss:0.35187 cls_loss:0.33273 rec_loss:1.28971 [22.05s]; best loss:0.31618, patience : 2
2026-07-10 06:53:48,779 P1763039 INFO pr:0.9478  rc:0.9659  auc:0.9995 ap:0.9955 f1: 0.9567 pred_right: 1061054 pred_wrong:35146 actu_right: 1061714 actu_wrong: 34486
2026-07-10 06:53:55,767 P1763039 INFO pr:0.9444  rc:0.9597  auc:0.9993 ap:0.9941 f1: 0.9520 pred_right: 454753 pred_wrong:15047 actu_right: 454992 actu_wrong: 14808
2026-07-10 06:53:55,769 P1763039 INFO saving model...
2026-07-10 06:53:55,769 P1763039 INFO FITS_Legendre - loss  best score:0.3161814510822296 at epoch 47
2026-07-10 06:53:55,782 P1763039 INFO FITS_Legendre - f1  best score:0.959558504012283 at epoch 48
2026-07-10 06:53:55,792 P1763039 INFO Average training time per epoch: 22.71 seconds
2026-07-10 06:53:55,793 P1763039 INFO calculate scores...
2026-07-10 06:53:55,794 P1763039 INFO calculate label with loss...
2026-07-10 06:53:55,794 P1763039 INFO FITS_Legendre on ./result/server_only_exps/Sensitivity/FITS_Legendre-TT-Epochs50-Seed2-ExpNameRQ3_sensitivity-LPFLPF-Attnlinear_attn-NormLinTrue-RecLambda1.0-AuxiLambda1.0-Degree5 loading...
2026-07-10 06:54:05,602 P1763039 INFO pr:0.9352  rc:0.9721  auc:0.9995 ap:0.9945 f1: 0.9533 pred_right: 454408 pred_wrong:15392 actu_right: 454992 actu_wrong: 14808
2026-07-10 06:54:20,287 P1763039 INFO pr:0.9352  rc:0.9721  auc:0.9995 ap:0.9945 f1: 0.9533 pred_right: 454408 pred_wrong:15392 actu_right: 454992 actu_wrong: 14808
2026-07-10 06:54:20,291 P1763039 INFO Performance Summary:
{'GPU': {'inference_time_per_sample_ms': 0.5196032308409874, 'throughput_samples_per_sec': 1924.54538510371, 'peak_memory_mb': 139.2978515625, 'energy_per_sample_joules': 0.025994450630897496}, 'CPU': {'inference_time_per_sample_ms': 0.8085804199104878, 'throughput_samples_per_sec': 1236.7353640726335, 'peak_memory_mb': 5805.90234375, 'energy_per_sample_joules': 0.05255772729418171}}
2026-07-10 06:54:20,292 P1763039 INFO Starting clean-room hardware benchmarking...
2026-07-10 06:54:21,270 P1763039 INFO Performance with loss: pr:0.9352  rc:0.9721  auc:0.9995 ap:0.9945 f1: 0.9533 pred_right: 454408 pred_wrong:15392 actu_right: 454992 actu_wrong: 14808
2026-07-10 06:54:21,270 P1763039 INFO calculate label with f1...
2026-07-10 06:54:21,278 P1763039 INFO FITS_Legendre on ./result/server_only_exps/Sensitivity/FITS_Legendre-TT-Epochs50-Seed2-ExpNameRQ3_sensitivity-LPFLPF-Attnlinear_attn-NormLinTrue-RecLambda1.0-AuxiLambda1.0-Degree5 loading...
2026-07-10 06:54:25,783 P1763039 INFO pr:0.9540  rc:0.9514  auc:0.9994 ap:0.9945 f1: 0.9527 pred_right: 455032 pred_wrong:14768 actu_right: 454992 actu_wrong: 14808
2026-07-10 06:54:39,765 P1763039 INFO pr:0.9540  rc:0.9514  auc:0.9994 ap:0.9945 f1: 0.9527 pred_right: 455032 pred_wrong:14768 actu_right: 454992 actu_wrong: 14808
2026-07-10 06:54:39,771 P1763039 INFO Performance Summary:
{'GPU': {'inference_time_per_sample_ms': 0.22639011597660735, 'throughput_samples_per_sec': 4417.153971966378, 'peak_memory_mb': 138.791015625, 'energy_per_sample_joules': 0.013375354442013938}, 'CPU': {'inference_time_per_sample_ms': 0.7695875540119088, 'throughput_samples_per_sec': 1299.3973132581687, 'peak_memory_mb': 5569.1796875, 'energy_per_sample_joules': 0.05002319101077407}}
2026-07-10 06:54:39,771 P1763039 INFO Starting clean-room hardware benchmarking...
2026-07-10 06:54:40,655 P1763039 INFO Performance with f1: pr:0.9540  rc:0.9514  auc:0.9994 ap:0.9945 f1: 0.9527 pred_right: 455032 pred_wrong:14768 actu_right: 454992 actu_wrong: 14808
