2026-07-13 13:44:36,109 P734866 INFO ---- Model: ----MSTGAD-483a0f34----random_seed : 2----req_loss_approach : Legendre-style----rec_lambda : 1.0----auxi_lambda : 0.0----Freq Domain : FITS_Legendre----Multi Fits : false----train : True----evaluate : False
2026-07-13 13:44:36,109 P734866 INFO Load from /home/db2003/Desktop/Amr/Tests/Eadro/codes/chunks/TT
2026-07-13 13:44:46,117 P734866 INFO Fewshot: training with 1.0 of the 70% of the data
2026-07-13 13:45:00,574 P734866 INFO Trainable Parameters Breakdown:
2026-07-13 13:45:00,574 P734866 INFO --------------------------------------------------------------------------------
2026-07-13 13:45:00,574 P734866 INFO Reconstruction-Specific Parameters:
2026-07-13 13:45:00,574 P734866 INFO linear_attn.Wq.weight                    | shape: (10, 10)                  | params: 100
2026-07-13 13:45:00,575 P734866 INFO linear_attn.Wk.weight                    | shape: (10, 10)                  | params: 100
2026-07-13 13:45:00,575 P734866 INFO linear_attn.Wv.weight                    | shape: (10, 10)                  | params: 100
2026-07-13 13:45:00,575 P734866 INFO linear_attn.out.weight                   | shape: (10, 10)                  | params: 100
2026-07-13 13:45:00,575 P734866 INFO linear_attn.out.bias                     | shape: (10,)                     | params: 10
2026-07-13 13:45:00,575 P734866 INFO linear_attn.norm.weight                  | shape: (10,)                     | params: 10
2026-07-13 13:45:00,575 P734866 INFO linear_attn.norm.bias                    | shape: (10,)                     | params: 10
2026-07-13 13:45:00,575 P734866 INFO shared_fits.normlin_W                    | shape: (5, 5)                    | params: 25
2026-07-13 13:45:00,575 P734866 INFO shared_fits.freq_upsampler.weight        | shape: (5, 5)                    | params: 25
2026-07-13 13:45:00,575 P734866 INFO shared_fits.freq_upsampler.bias          | shape: (5,)                      | params: 5
2026-07-13 13:45:00,575 P734866 INFO modality_proj.node.weight                | shape: (10, 8)                   | params: 80
2026-07-13 13:45:00,575 P734866 INFO modality_proj.node.bias                  | shape: (10,)                     | params: 10
2026-07-13 13:45:00,575 P734866 INFO modality_proj.log.weight                 | shape: (10, 32)                  | params: 320
2026-07-13 13:45:00,575 P734866 INFO modality_proj.log.bias                   | shape: (10,)                     | params: 10
2026-07-13 13:45:00,575 P734866 INFO modality_proj.edge.weight                | shape: (10, 8)                   | params: 80
2026-07-13 13:45:00,575 P734866 INFO modality_proj.edge.bias                  | shape: (10,)                     | params: 10
2026-07-13 13:45:00,575 P734866 INFO modality_proj_out.node.weight            | shape: (8, 10)                   | params: 80
2026-07-13 13:45:00,575 P734866 INFO modality_proj_out.node.bias              | shape: (8,)                      | params: 8
2026-07-13 13:45:00,575 P734866 INFO modality_proj_out.log.weight             | shape: (32, 10)                  | params: 320
2026-07-13 13:45:00,575 P734866 INFO modality_proj_out.log.bias               | shape: (32,)                     | params: 32
2026-07-13 13:45:00,576 P734866 INFO modality_proj_out.edge.weight            | shape: (8, 10)                   | params: 80
2026-07-13 13:45:00,576 P734866 INFO modality_proj_out.edge.bias              | shape: (8,)                      | params: 8
2026-07-13 13:45:00,576 P734866 INFO Subtotal: 1,523
2026-07-13 13:45:00,576 P734866 INFO --------------------------------------------------------------------------------
2026-07-13 13:45:00,576 P734866 INFO Common Parameters:
2026-07-13 13:45:00,576 P734866 INFO node_emb.linear.weight                   | shape: (8, 7)                    | params: 56
2026-07-13 13:45:00,576 P734866 INFO node_emb.linear.bias                     | shape: (8,)                      | params: 8
2026-07-13 13:45:00,576 P734866 INFO log_emb.linear.weight                    | shape: (32, 60)                  | params: 1,920
2026-07-13 13:45:00,576 P734866 INFO log_emb.linear.bias                      | shape: (32,)                     | params: 32
2026-07-13 13:45:00,576 P734866 INFO egde_emb.linear.weight                   | shape: (8, 2)                    | params: 16
2026-07-13 13:45:00,576 P734866 INFO egde_emb.linear.bias                     | shape: (8,)                      | params: 8
2026-07-13 13:45:00,576 P734866 INFO dense_node.weight                        | shape: (7, 8)                    | params: 56
2026-07-13 13:45:00,576 P734866 INFO dense_node.bias                          | shape: (7,)                      | params: 7
2026-07-13 13:45:00,576 P734866 INFO dense_log.weight                         | shape: (60, 32)                  | params: 1,920
2026-07-13 13:45:00,576 P734866 INFO dense_log.bias                           | shape: (60,)                     | params: 60
2026-07-13 13:45:00,576 P734866 INFO dense_edge.weight                        | shape: (2, 8)                    | params: 16
2026-07-13 13:45:00,576 P734866 INFO dense_edge.bias                          | shape: (2,)                      | params: 2
2026-07-13 13:45:00,576 P734866 INFO show.0.weight                            | shape: (128, 69)                 | params: 8,832
2026-07-13 13:45:00,576 P734866 INFO show.0.bias                              | shape: (128,)                    | params: 128
2026-07-13 13:45:00,577 P734866 INFO show.2.weight                            | shape: (2, 128)                  | params: 256
2026-07-13 13:45:00,577 P734866 INFO show.2.bias                              | shape: (2,)                      | params: 2
2026-07-13 13:45:00,577 P734866 INFO Subtotal: 13,319
2026-07-13 13:45:00,577 P734866 INFO --------------------------------------------------------------------------------
2026-07-13 13:45:00,577 P734866 INFO Total Trainable Parameters: 14,842

2026-07-13 13:45:00,577 P734866 INFO Trainable Parameters: 14842, reconstruction: 1523, common: 13319
2026-07-13 13:45:00,577 P734866 INFO model : init weight
2026-07-13 13:45:00,578 P734866 INFO Using GPU...
2026-07-13 13:45:00,583 P734866 INFO optimizer : using AdaBelief
2026-07-13 13:45:00,583 P734866 INFO ----------------------------------------------------------------------------------------------------
2026-07-13 13:45:00,583 P734866 INFO 0/50 starting... lr: 0.001 para:1.0
2026-07-13 13:45:22,325 P734866 INFO Epoch 0/50, all_loss:0.06669 cls_loss:29.22438 rec_loss:0.06669 [21.74s]; best loss:0.06669, patience : 0
2026-07-13 13:45:22,325 P734866 INFO ----------------------------------------------------------------------------------------------------
2026-07-13 13:45:22,325 P734866 INFO 1/50 starting... lr: 0.001 para:0.5
2026-07-13 13:45:42,908 P734866 INFO Epoch 1/50, all_loss:2.19771 cls_loss:4.18359 rec_loss:0.21184 [20.58s]; best loss:2.19771, patience : 0
2026-07-13 13:45:42,908 P734866 INFO ----------------------------------------------------------------------------------------------------
2026-07-13 13:45:42,908 P734866 INFO 2/50 starting... lr: 0.001 para:0.3333333432674408
2026-07-13 13:46:04,789 P734866 INFO Epoch 2/50, all_loss:1.57937 cls_loss:2.24024 rec_loss:0.25763 [21.88s]; best loss:1.57937, patience : 0
2026-07-13 13:46:13,999 P734866 INFO pr:0.9096  rc:0.4949  auc:0.9875 ap:0.8966 f1: 0.6410 pred_right: 1077433 pred_wrong:18767 actu_right: 1061707 actu_wrong: 34493
2026-07-13 13:46:18,517 P734866 INFO pr:0.9091  rc:0.4953  auc:0.9877 ap:0.8967 f1: 0.6412 pred_right: 461733 pred_wrong:8067 actu_right: 454992 actu_wrong: 14808
2026-07-13 13:46:18,526 P734866 INFO ----------------------------------------------------------------------------------------------------
2026-07-13 13:46:18,526 P734866 INFO 3/50 starting... lr: 0.001 para:0.25
2026-07-13 13:46:46,757 P734866 INFO Epoch 3/50, all_loss:1.61987 cls_loss:2.07399 rec_loss:0.25752 [28.23s]; best loss:1.57937, patience : 1
2026-07-13 13:46:57,838 P734866 INFO pr:0.9325  rc:0.5014  auc:0.9890 ap:0.9024 f1: 0.6521 pred_right: 1077655 pred_wrong:18545 actu_right: 1061708 actu_wrong: 34492
2026-07-13 13:47:02,111 P734866 INFO pr:0.9324  rc:0.5015  auc:0.9890 ap:0.9031 f1: 0.6522 pred_right: 461836 pred_wrong:7964 actu_right: 454992 actu_wrong: 14808
2026-07-13 13:47:02,116 P734866 INFO ----------------------------------------------------------------------------------------------------
2026-07-13 13:47:02,116 P734866 INFO 4/50 starting... lr: 0.001 para:0.20000000298023224
2026-07-13 13:47:23,216 P734866 INFO Epoch 4/50, all_loss:1.62729 cls_loss:1.96939 rec_loss:0.25892 [21.10s]; best loss:1.57937, patience : 2
2026-07-13 13:47:34,324 P734866 INFO pr:0.8478  rc:0.5421  auc:0.9898 ap:0.9079 f1: 0.6613 pred_right: 1074145 pred_wrong:22055 actu_right: 1061706 actu_wrong: 34494
2026-07-13 13:47:40,344 P734866 INFO pr:0.8529  rc:0.5448  auc:0.9899 ap:0.9089 f1: 0.6649 pred_right: 460340 pred_wrong:9460 actu_right: 454992 actu_wrong: 14808
2026-07-13 13:47:40,348 P734866 INFO ----------------------------------------------------------------------------------------------------
2026-07-13 13:47:40,348 P734866 INFO 5/50 starting... lr: 0.001 para:0.1666666716337204
2026-07-13 13:48:06,868 P734866 INFO Epoch 5/50, all_loss:1.64959 cls_loss:1.92769 rec_loss:0.25911 [26.52s]; best loss:1.57937, patience : 3
2026-07-13 13:48:17,785 P734866 INFO pr:0.7432  rc:0.6630  auc:0.9903 ap:0.9090 f1: 0.7008 pred_right: 1065433 pred_wrong:30767 actu_right: 1061711 actu_wrong: 34489
2026-07-13 13:48:22,271 P734866 INFO pr:0.7445  rc:0.6651  auc:0.9903 ap:0.9103 f1: 0.7026 pred_right: 456571 pred_wrong:13229 actu_right: 454992 actu_wrong: 14808
2026-07-13 13:48:22,276 P734866 INFO ----------------------------------------------------------------------------------------------------
2026-07-13 13:48:22,276 P734866 INFO 6/50 starting... lr: 0.001 para:0.1428571492433548
2026-07-13 13:48:43,088 P734866 INFO Epoch 6/50, all_loss:1.65267 cls_loss:1.88543 rec_loss:0.25612 [20.81s]; best loss:1.57937, patience : 4
2026-07-13 13:48:53,836 P734866 INFO pr:0.8385  rc:0.5777  auc:0.9902 ap:0.9101 f1: 0.6841 pred_right: 1072438 pred_wrong:23762 actu_right: 1061709 actu_wrong: 34491
2026-07-13 13:48:58,177 P734866 INFO pr:0.8467  rc:0.5787  auc:0.9903 ap:0.9116 f1: 0.6875 pred_right: 459678 pred_wrong:10122 actu_right: 454992 actu_wrong: 14808
2026-07-13 13:48:58,178 P734866 INFO ----------------------------------------------------------------------------------------------------
2026-07-13 13:48:58,178 P734866 INFO 7/50 starting... lr: 0.001 para:0.125
2026-07-13 13:49:19,498 P734866 INFO Epoch 7/50, all_loss:1.64555 cls_loss:1.84490 rec_loss:0.25011 [21.32s]; best loss:1.57937, patience : 4
2026-07-13 13:49:35,729 P734866 INFO pr:0.9285  rc:0.5189  auc:0.9913 ap:0.9149 f1: 0.6657 pred_right: 1076925 pred_wrong:19275 actu_right: 1061710 actu_wrong: 34490
2026-07-13 13:49:42,034 P734866 INFO pr:0.9311  rc:0.5184  auc:0.9912 ap:0.9163 f1: 0.6660 pred_right: 461556 pred_wrong:8244 actu_right: 454992 actu_wrong: 14808
2026-07-13 13:49:42,035 P734866 INFO ----------------------------------------------------------------------------------------------------
2026-07-13 13:49:42,035 P734866 INFO 8/50 starting... lr: 0.001 para:0.1111111119389534
2026-07-13 13:50:02,953 P734866 INFO Epoch 8/50, all_loss:1.64687 cls_loss:1.82174 rec_loss:0.24797 [20.92s]; best loss:1.57937, patience : 5
2026-07-13 13:50:13,890 P734866 INFO pr:0.8923  rc:0.5603  auc:0.9915 ap:0.9166 f1: 0.6884 pred_right: 1074538 pred_wrong:21662 actu_right: 1061707 actu_wrong: 34493
2026-07-13 13:50:18,616 P734866 INFO pr:0.8965  rc:0.5599  auc:0.9913 ap:0.9178 f1: 0.6893 pred_right: 460552 pred_wrong:9248 actu_right: 454992 actu_wrong: 14808
2026-07-13 13:50:18,617 P734866 INFO ----------------------------------------------------------------------------------------------------
2026-07-13 13:50:18,617 P734866 INFO 9/50 starting... lr: 0.001 para:0.10000000149011612
2026-07-13 13:50:39,671 P734866 INFO Epoch 9/50, all_loss:1.62675 cls_loss:1.78043 rec_loss:0.24365 [21.05s]; best loss:1.57937, patience : 5
2026-07-13 13:50:50,793 P734866 INFO pr:0.9117  rc:0.5349  auc:0.9919 ap:0.9188 f1: 0.6742 pred_right: 1075966 pred_wrong:20234 actu_right: 1061712 actu_wrong: 34488
2026-07-13 13:50:55,019 P734866 INFO pr:0.9148  rc:0.5353  auc:0.9916 ap:0.9199 f1: 0.6754 pred_right: 461135 pred_wrong:8665 actu_right: 454992 actu_wrong: 14808
2026-07-13 13:50:55,020 P734866 INFO ----------------------------------------------------------------------------------------------------
2026-07-13 13:50:55,020 P734866 INFO 10/50 starting... lr: 0.001 para:0.09090909361839294
2026-07-13 13:51:22,831 P734866 INFO Epoch 10/50, all_loss:1.62519 cls_loss:1.76349 rec_loss:0.24220 [27.81s]; best loss:1.57937, patience : 5
2026-07-13 13:51:33,800 P734866 INFO pr:0.9218  rc:0.5429  auc:0.9914 ap:0.9197 f1: 0.6833 pred_right: 1075887 pred_wrong:20313 actu_right: 1061709 actu_wrong: 34491
2026-07-13 13:51:38,511 P734866 INFO pr:0.9224  rc:0.5419  auc:0.9911 ap:0.9206 f1: 0.6827 pred_right: 461100 pred_wrong:8700 actu_right: 454992 actu_wrong: 14808
2026-07-13 13:51:38,512 P734866 INFO ----------------------------------------------------------------------------------------------------
2026-07-13 13:51:38,518 P734866 INFO 11/50 starting... lr: 0.001 para:0.0833333358168602
2026-07-13 13:51:59,425 P734866 INFO Epoch 11/50, all_loss:1.62328 cls_loss:1.74868 rec_loss:0.24388 [20.91s]; best loss:1.57937, patience : 5
2026-07-13 13:52:10,522 P734866 INFO pr:0.7663  rc:0.6932  auc:0.9919 ap:0.9230 f1: 0.7279 pred_right: 1065002 pred_wrong:31198 actu_right: 1061715 actu_wrong: 34485
2026-07-13 13:52:15,046 P734866 INFO pr:0.7733  rc:0.6956  auc:0.9918 ap:0.9240 f1: 0.7324 pred_right: 456480 pred_wrong:13320 actu_right: 454992 actu_wrong: 14808
2026-07-13 13:52:15,051 P734866 INFO ----------------------------------------------------------------------------------------------------
2026-07-13 13:52:15,051 P734866 INFO 12/50 starting... lr: 0.001 para:0.07692307978868484
2026-07-13 13:52:40,749 P734866 INFO Epoch 12/50, all_loss:1.60567 cls_loss:1.71840 rec_loss:0.25283 [25.70s]; best loss:1.57937, patience : 5
2026-07-13 13:52:53,670 P734866 INFO pr:0.8687  rc:0.6564  auc:0.9925 ap:0.9265 f1: 0.7477 pred_right: 1070141 pred_wrong:26059 actu_right: 1061711 actu_wrong: 34489
2026-07-13 13:52:58,370 P734866 INFO pr:0.8782  rc:0.6559  auc:0.9922 ap:0.9270 f1: 0.7509 pred_right: 458741 pred_wrong:11059 actu_right: 454992 actu_wrong: 14808
2026-07-13 13:52:58,375 P734866 INFO ----------------------------------------------------------------------------------------------------
2026-07-13 13:52:58,375 P734866 INFO 13/50 starting... lr: 0.001 para:0.0714285746216774
2026-07-13 13:53:19,400 P734866 INFO Epoch 13/50, all_loss:1.56876 cls_loss:1.66881 rec_loss:0.26802 [21.02s]; best loss:1.56876, patience : 0
2026-07-13 13:53:30,526 P734866 INFO pr:0.8474  rc:0.6739  auc:0.9926 ap:0.9280 f1: 0.7508 pred_right: 1068774 pred_wrong:27426 actu_right: 1061713 actu_wrong: 34487
2026-07-13 13:53:35,079 P734866 INFO pr:0.8557  rc:0.6770  auc:0.9924 ap:0.9286 f1: 0.7559 pred_right: 458084 pred_wrong:11716 actu_right: 454992 actu_wrong: 14808
2026-07-13 13:53:35,084 P734866 INFO ----------------------------------------------------------------------------------------------------
2026-07-13 13:53:35,084 P734866 INFO 14/50 starting... lr: 0.001 para:0.06666667014360428
2026-07-13 13:53:55,858 P734866 INFO Epoch 14/50, all_loss:1.55750 cls_loss:1.64875 rec_loss:0.27997 [20.77s]; best loss:1.55750, patience : 0
2026-07-13 13:54:09,236 P734866 INFO pr:0.8668  rc:0.6789  auc:0.9930 ap:0.9324 f1: 0.7614 pred_right: 1069185 pred_wrong:27015 actu_right: 1061707 actu_wrong: 34493
2026-07-13 13:54:18,258 P734866 INFO pr:0.8750  rc:0.6791  auc:0.9928 ap:0.9334 f1: 0.7647 pred_right: 458307 pred_wrong:11493 actu_right: 454992 actu_wrong: 14808
2026-07-13 13:54:18,264 P734866 INFO ----------------------------------------------------------------------------------------------------
2026-07-13 13:54:18,264 P734866 INFO 15/50 starting... lr: 0.001 para:0.0625
2026-07-13 13:54:39,602 P734866 INFO Epoch 15/50, all_loss:1.53976 cls_loss:1.62326 rec_loss:0.28721 [21.33s]; best loss:1.53976, patience : 0
2026-07-13 13:54:50,453 P734866 INFO pr:0.9238  rc:0.5895  auc:0.9933 ap:0.9343 f1: 0.7197 pred_right: 1074191 pred_wrong:22009 actu_right: 1061710 actu_wrong: 34490
2026-07-13 13:54:54,906 P734866 INFO pr:0.9251  rc:0.5868  auc:0.9931 ap:0.9342 f1: 0.7181 pred_right: 460408 pred_wrong:9392 actu_right: 454992 actu_wrong: 14808
2026-07-13 13:54:54,907 P734866 INFO ----------------------------------------------------------------------------------------------------
2026-07-13 13:54:54,907 P734866 INFO 16/50 starting... lr: 0.001 para:0.05882352963089943
2026-07-13 13:55:16,003 P734866 INFO Epoch 16/50, all_loss:1.51783 cls_loss:1.59386 rec_loss:0.30137 [21.09s]; best loss:1.51783, patience : 0
2026-07-13 13:55:28,025 P734866 INFO pr:0.9207  rc:0.6040  auc:0.9930 ap:0.9334 f1: 0.7295 pred_right: 1073574 pred_wrong:22626 actu_right: 1061709 actu_wrong: 34491
2026-07-13 13:55:32,000 P734866 INFO pr:0.9240  rc:0.6040  auc:0.9930 ap:0.9345 f1: 0.7305 pred_right: 460120 pred_wrong:9680 actu_right: 454992 actu_wrong: 14808
2026-07-13 13:55:32,000 P734866 INFO ----------------------------------------------------------------------------------------------------
2026-07-13 13:55:32,000 P734866 INFO 17/50 starting... lr: 0.001 para:0.0555555559694767
2026-07-13 13:56:00,931 P734866 INFO Epoch 17/50, all_loss:1.51165 cls_loss:1.58215 rec_loss:0.31313 [28.93s]; best loss:1.51165, patience : 0
2026-07-13 13:56:11,964 P734866 INFO pr:0.8951  rc:0.6753  auc:0.9934 ap:0.9380 f1: 0.7698 pred_right: 1070182 pred_wrong:26018 actu_right: 1061713 actu_wrong: 34487
2026-07-13 13:56:16,532 P734866 INFO pr:0.8998  rc:0.6785  auc:0.9934 ap:0.9385 f1: 0.7736 pred_right: 458634 pred_wrong:11166 actu_right: 454992 actu_wrong: 14808
2026-07-13 13:56:16,536 P734866 INFO ----------------------------------------------------------------------------------------------------
2026-07-13 13:56:16,537 P734866 INFO 18/50 starting... lr: 0.001 para:0.05263157933950424
2026-07-13 13:56:38,425 P734866 INFO Epoch 18/50, all_loss:1.46961 cls_loss:1.53359 rec_loss:0.31803 [21.88s]; best loss:1.46961, patience : 0
2026-07-13 13:56:49,683 P734866 INFO pr:0.8814  rc:0.6885  auc:0.9938 ap:0.9397 f1: 0.7731 pred_right: 1069259 pred_wrong:26941 actu_right: 1061712 actu_wrong: 34488
2026-07-13 13:56:54,294 P734866 INFO pr:0.8881  rc:0.6921  auc:0.9937 ap:0.9402 f1: 0.7779 pred_right: 458259 pred_wrong:11541 actu_right: 454992 actu_wrong: 14808
2026-07-13 13:56:54,299 P734866 INFO ----------------------------------------------------------------------------------------------------
2026-07-13 13:56:54,299 P734866 INFO 19/50 starting... lr: 0.001 para:0.05000000074505806
2026-07-13 13:57:23,970 P734866 INFO Epoch 19/50, all_loss:1.45671 cls_loss:1.51582 rec_loss:0.33375 [29.66s]; best loss:1.45671, patience : 0
2026-07-13 13:57:35,733 P734866 INFO pr:0.9062  rc:0.6681  auc:0.9941 ap:0.9437 f1: 0.7691 pred_right: 1070773 pred_wrong:25427 actu_right: 1061712 actu_wrong: 34488
2026-07-13 13:57:40,358 P734866 INFO pr:0.9097  rc:0.6711  auc:0.9941 ap:0.9441 f1: 0.7724 pred_right: 458876 pred_wrong:10924 actu_right: 454992 actu_wrong: 14808
2026-07-13 13:57:40,359 P734866 INFO ----------------------------------------------------------------------------------------------------
2026-07-13 13:57:40,359 P734866 INFO 20/50 starting... lr: 0.001 para:0.0476190485060215
2026-07-13 13:58:01,530 P734866 INFO Epoch 20/50, all_loss:1.42862 cls_loss:1.48291 rec_loss:0.34277 [21.17s]; best loss:1.42862, patience : 0
2026-07-13 13:58:12,398 P734866 INFO pr:0.9146  rc:0.6963  auc:0.9941 ap:0.9440 f1: 0.7907 pred_right: 1069940 pred_wrong:26260 actu_right: 1061709 actu_wrong: 34491
2026-07-13 13:58:17,066 P734866 INFO pr:0.9175  rc:0.6989  auc:0.9940 ap:0.9440 f1: 0.7934 pred_right: 458521 pred_wrong:11279 actu_right: 454992 actu_wrong: 14808
2026-07-13 13:58:17,070 P734866 INFO ----------------------------------------------------------------------------------------------------
2026-07-13 13:58:17,070 P734866 INFO 21/50 starting... lr: 0.001 para:0.04545454680919647
2026-07-13 13:58:37,669 P734866 INFO Epoch 21/50, all_loss:1.39108 cls_loss:1.44013 rec_loss:0.36109 [20.60s]; best loss:1.39108, patience : 0
2026-07-13 13:58:53,492 P734866 INFO pr:0.8986  rc:0.7369  auc:0.9948 ap:0.9487 f1: 0.8098 pred_right: 1067916 pred_wrong:28284 actu_right: 1061710 actu_wrong: 34490
2026-07-13 13:59:00,477 P734866 INFO pr:0.9003  rc:0.7396  auc:0.9947 ap:0.9486 f1: 0.8121 pred_right: 457635 pred_wrong:12165 actu_right: 454992 actu_wrong: 14808
2026-07-13 13:59:00,482 P734866 INFO ----------------------------------------------------------------------------------------------------
2026-07-13 13:59:00,482 P734866 INFO 22/50 starting... lr: 0.001 para:0.043478261679410934
2026-07-13 13:59:21,665 P734866 INFO Epoch 22/50, all_loss:1.37669 cls_loss:1.42239 rec_loss:0.37138 [21.18s]; best loss:1.37669, patience : 0
2026-07-13 13:59:32,663 P734866 INFO pr:0.8902  rc:0.7289  auc:0.9950 ap:0.9510 f1: 0.8015 pred_right: 1067955 pred_wrong:28245 actu_right: 1061707 actu_wrong: 34493
2026-07-13 13:59:37,072 P734866 INFO pr:0.8931  rc:0.7305  auc:0.9948 ap:0.9506 f1: 0.8036 pred_right: 457688 pred_wrong:12112 actu_right: 454992 actu_wrong: 14808
2026-07-13 13:59:37,073 P734866 INFO ----------------------------------------------------------------------------------------------------
2026-07-13 13:59:37,073 P734866 INFO 23/50 starting... lr: 0.001 para:0.0416666679084301
2026-07-13 13:59:58,231 P734866 INFO Epoch 23/50, all_loss:1.29948 cls_loss:1.33894 rec_loss:0.39200 [21.15s]; best loss:1.29948, patience : 0
2026-07-13 14:00:09,634 P734866 INFO pr:0.9151  rc:0.7438  auc:0.9948 ap:0.9509 f1: 0.8206 pred_right: 1068164 pred_wrong:28036 actu_right: 1061707 actu_wrong: 34493
2026-07-13 14:00:13,488 P734866 INFO pr:0.9152  rc:0.7446  auc:0.9947 ap:0.9510 f1: 0.8212 pred_right: 457753 pred_wrong:12047 actu_right: 454992 actu_wrong: 14808
2026-07-13 14:00:13,492 P734866 INFO ----------------------------------------------------------------------------------------------------
2026-07-13 14:00:13,492 P734866 INFO 24/50 starting... lr: 0.001 para:0.03999999910593033
2026-07-13 14:00:41,811 P734866 INFO Epoch 24/50, all_loss:1.34157 cls_loss:1.38090 rec_loss:0.39784 [28.32s]; best loss:1.29948, patience : 1
2026-07-13 14:00:52,251 P734866 INFO pr:0.9204  rc:0.7233  auc:0.9954 ap:0.9545 f1: 0.8100 pred_right: 1069097 pred_wrong:27103 actu_right: 1061712 actu_wrong: 34488
2026-07-13 14:00:56,852 P734866 INFO pr:0.9221  rc:0.7245  auc:0.9953 ap:0.9544 f1: 0.8114 pred_right: 458166 pred_wrong:11634 actu_right: 454992 actu_wrong: 14808
2026-07-13 14:00:56,853 P734866 INFO ----------------------------------------------------------------------------------------------------
2026-07-13 14:00:56,853 P734866 INFO 25/50 starting... lr: 0.001 para:0.03846153989434242
2026-07-13 14:01:17,909 P734866 INFO Epoch 25/50, all_loss:1.31143 cls_loss:1.34705 rec_loss:0.42094 [21.05s]; best loss:1.29948, patience : 1
2026-07-13 14:01:28,632 P734866 INFO pr:0.9190  rc:0.7399  auc:0.9956 ap:0.9562 f1: 0.8198 pred_right: 1068432 pred_wrong:27768 actu_right: 1061711 actu_wrong: 34489
2026-07-13 14:01:33,221 P734866 INFO pr:0.9202  rc:0.7367  auc:0.9954 ap:0.9558 f1: 0.8183 pred_right: 457945 pred_wrong:11855 actu_right: 454992 actu_wrong: 14808
2026-07-13 14:01:33,222 P734866 INFO ----------------------------------------------------------------------------------------------------
2026-07-13 14:01:33,222 P734866 INFO 26/50 starting... lr: 0.001 para:0.03703703731298447
2026-07-13 14:01:59,261 P734866 INFO Epoch 26/50, all_loss:1.24556 cls_loss:1.27720 rec_loss:0.42282 [26.03s]; best loss:1.24556, patience : 0
2026-07-13 14:02:13,349 P734866 INFO pr:0.9143  rc:0.7630  auc:0.9955 ap:0.9590 f1: 0.8318 pred_right: 1067418 pred_wrong:28782 actu_right: 1061708 actu_wrong: 34492
2026-07-13 14:02:17,854 P734866 INFO pr:0.9127  rc:0.7607  auc:0.9954 ap:0.9581 f1: 0.8298 pred_right: 457458 pred_wrong:12342 actu_right: 454992 actu_wrong: 14808
2026-07-13 14:02:17,858 P734866 INFO ----------------------------------------------------------------------------------------------------
2026-07-13 14:02:17,858 P734866 INFO 27/50 starting... lr: 0.001 para:0.0357142873108387
2026-07-13 14:02:38,885 P734866 INFO Epoch 27/50, all_loss:1.23391 cls_loss:1.26327 rec_loss:0.44103 [21.02s]; best loss:1.23391, patience : 0
2026-07-13 14:02:50,027 P734866 INFO pr:0.9432  rc:0.7412  auc:0.9961 ap:0.9612 f1: 0.8301 pred_right: 1069099 pred_wrong:27101 actu_right: 1061712 actu_wrong: 34488
2026-07-13 14:02:54,433 P734866 INFO pr:0.9432  rc:0.7410  auc:0.9960 ap:0.9609 f1: 0.8299 pred_right: 458167 pred_wrong:11633 actu_right: 454992 actu_wrong: 14808
2026-07-13 14:02:54,435 P734866 INFO ----------------------------------------------------------------------------------------------------
2026-07-13 14:02:54,435 P734866 INFO 28/50 starting... lr: 0.001 para:0.03448275849223137
2026-07-13 14:03:16,018 P734866 INFO Epoch 28/50, all_loss:1.18886 cls_loss:1.21532 rec_loss:0.44794 [21.58s]; best loss:1.18886, patience : 0
2026-07-13 14:03:25,632 P734866 INFO pr:0.9417  rc:0.7448  auc:0.9959 ap:0.9622 f1: 0.8317 pred_right: 1068923 pred_wrong:27277 actu_right: 1061708 actu_wrong: 34492
2026-07-13 14:03:36,129 P734866 INFO pr:0.9411  rc:0.7449  auc:0.9959 ap:0.9616 f1: 0.8316 pred_right: 458078 pred_wrong:11722 actu_right: 454992 actu_wrong: 14808
2026-07-13 14:03:36,131 P734866 INFO ----------------------------------------------------------------------------------------------------
2026-07-13 14:03:36,131 P734866 INFO 29/50 starting... lr: 0.001 para:0.03333333507180214
2026-07-13 14:03:58,919 P734866 INFO Epoch 29/50, all_loss:1.17659 cls_loss:1.20116 rec_loss:0.46404 [22.78s]; best loss:1.17659, patience : 0
2026-07-13 14:04:09,715 P734866 INFO pr:0.8712  rc:0.7892  auc:0.9960 ap:0.9583 f1: 0.8282 pred_right: 1064957 pred_wrong:31243 actu_right: 1061710 actu_wrong: 34490
2026-07-13 14:04:14,318 P734866 INFO pr:0.8704  rc:0.7867  auc:0.9957 ap:0.9575 f1: 0.8264 pred_right: 456417 pred_wrong:13383 actu_right: 454992 actu_wrong: 14808
2026-07-13 14:04:14,318 P734866 INFO ----------------------------------------------------------------------------------------------------
2026-07-13 14:04:14,319 P734866 INFO 30/50 starting... lr: 0.001 para:0.032258063554763794
2026-07-13 14:04:35,401 P734866 INFO Epoch 30/50, all_loss:1.19909 cls_loss:1.22334 rec_loss:0.47135 [21.08s]; best loss:1.17659, patience : 1
2026-07-13 14:04:46,906 P734866 INFO pr:0.9248  rc:0.7730  auc:0.9964 ap:0.9626 f1: 0.8421 pred_right: 1067375 pred_wrong:28825 actu_right: 1061714 actu_wrong: 34486
2026-07-13 14:04:50,663 P734866 INFO pr:0.9237  rc:0.7722  auc:0.9962 ap:0.9620 f1: 0.8412 pred_right: 457421 pred_wrong:12379 actu_right: 454992 actu_wrong: 14808
2026-07-13 14:04:50,667 P734866 INFO ----------------------------------------------------------------------------------------------------
2026-07-13 14:04:50,667 P734866 INFO 31/50 starting... lr: 0.001 para:0.03125
2026-07-13 14:05:17,938 P734866 INFO Epoch 31/50, all_loss:1.14908 cls_loss:1.17060 rec_loss:0.48172 [27.27s]; best loss:1.14908, patience : 0
2026-07-13 14:05:29,158 P734866 INFO pr:0.8817  rc:0.7773  auc:0.9958 ap:0.9589 f1: 0.8262 pred_right: 1065793 pred_wrong:30407 actu_right: 1061711 actu_wrong: 34489
2026-07-13 14:05:33,533 P734866 INFO pr:0.8817  rc:0.7746  auc:0.9956 ap:0.9582 f1: 0.8247 pred_right: 456791 pred_wrong:13009 actu_right: 454992 actu_wrong: 14808
2026-07-13 14:05:33,534 P734866 INFO ----------------------------------------------------------------------------------------------------
2026-07-13 14:05:33,534 P734866 INFO 32/50 starting... lr: 0.001 para:0.03030303120613098
2026-07-13 14:05:54,378 P734866 INFO Epoch 32/50, all_loss:1.15238 cls_loss:1.17339 rec_loss:0.48012 [20.84s]; best loss:1.14908, patience : 1
2026-07-13 14:06:05,052 P734866 INFO pr:0.8685  rc:0.8042  auc:0.9961 ap:0.9607 f1: 0.8352 pred_right: 1064267 pred_wrong:31933 actu_right: 1061714 actu_wrong: 34486
2026-07-13 14:06:09,459 P734866 INFO pr:0.8684  rc:0.8014  auc:0.9959 ap:0.9594 f1: 0.8336 pred_right: 456135 pred_wrong:13665 actu_right: 454992 actu_wrong: 14808
2026-07-13 14:06:09,460 P734866 INFO ----------------------------------------------------------------------------------------------------
2026-07-13 14:06:09,460 P734866 INFO 33/50 starting... lr: 0.001 para:0.029411764815449715
2026-07-13 14:06:30,705 P734866 INFO Epoch 33/50, all_loss:1.16331 cls_loss:1.18347 rec_loss:0.49820 [21.24s]; best loss:1.14908, patience : 2
2026-07-13 14:06:48,010 P734866 INFO pr:0.9197  rc:0.7898  auc:0.9965 ap:0.9645 f1: 0.8498 pred_right: 1066585 pred_wrong:29615 actu_right: 1061713 actu_wrong: 34487
2026-07-13 14:06:52,899 P734866 INFO pr:0.9205  rc:0.7871  auc:0.9963 ap:0.9635 f1: 0.8486 pred_right: 457138 pred_wrong:12662 actu_right: 454992 actu_wrong: 14808
2026-07-13 14:06:52,904 P734866 INFO ----------------------------------------------------------------------------------------------------
2026-07-13 14:06:52,905 P734866 INFO 34/50 starting... lr: 0.001 para:0.02857142873108387
2026-07-13 14:07:14,112 P734866 INFO Epoch 34/50, all_loss:1.10253 cls_loss:1.12044 rec_loss:0.49350 [21.20s]; best loss:1.10253, patience : 0
2026-07-13 14:07:25,283 P734866 INFO pr:0.9396  rc:0.7505  auc:0.9965 ap:0.9640 f1: 0.8345 pred_right: 1068652 pred_wrong:27548 actu_right: 1061712 actu_wrong: 34488
2026-07-13 14:07:29,754 P734866 INFO pr:0.9394  rc:0.7481  auc:0.9964 ap:0.9635 f1: 0.8329 pred_right: 458007 pred_wrong:11793 actu_right: 454992 actu_wrong: 14808
2026-07-13 14:07:29,755 P734866 INFO ----------------------------------------------------------------------------------------------------
2026-07-13 14:07:29,755 P734866 INFO 35/50 starting... lr: 0.001 para:0.02777777798473835
2026-07-13 14:07:50,627 P734866 INFO Epoch 35/50, all_loss:1.10328 cls_loss:1.12022 rec_loss:0.51052 [20.87s]; best loss:1.10253, patience : 1
2026-07-13 14:08:01,882 P734866 INFO pr:0.9418  rc:0.7719  auc:0.9971 ap:0.9684 f1: 0.8484 pred_right: 1067932 pred_wrong:28268 actu_right: 1061710 actu_wrong: 34490
2026-07-13 14:08:06,002 P734866 INFO pr:0.9428  rc:0.7674  auc:0.9969 ap:0.9676 f1: 0.8461 pred_right: 457747 pred_wrong:12053 actu_right: 454992 actu_wrong: 14808
2026-07-13 14:08:06,002 P734866 INFO ----------------------------------------------------------------------------------------------------
2026-07-13 14:08:06,002 P734866 INFO 36/50 starting... lr: 0.001 para:0.027027027681469917
2026-07-13 14:08:34,451 P734866 INFO Epoch 36/50, all_loss:1.09291 cls_loss:1.10899 rec_loss:0.51380 [28.44s]; best loss:1.09291, patience : 0
2026-07-13 14:08:45,153 P734866 INFO pr:0.9267  rc:0.7820  auc:0.9967 ap:0.9668 f1: 0.8482 pred_right: 1067095 pred_wrong:29105 actu_right: 1061710 actu_wrong: 34490
2026-07-13 14:08:49,570 P734866 INFO pr:0.9269  rc:0.7811  auc:0.9964 ap:0.9661 f1: 0.8478 pred_right: 457321 pred_wrong:12479 actu_right: 454992 actu_wrong: 14808
2026-07-13 14:08:49,571 P734866 INFO ----------------------------------------------------------------------------------------------------
2026-07-13 14:08:49,571 P734866 INFO 37/50 starting... lr: 0.001 para:0.02631578966975212
2026-07-13 14:09:10,587 P734866 INFO Epoch 37/50, all_loss:1.10460 cls_loss:1.12052 rec_loss:0.51543 [21.02s]; best loss:1.09291, patience : 1
2026-07-13 14:09:21,687 P734866 INFO pr:0.9258  rc:0.7939  auc:0.9973 ap:0.9700 f1: 0.8548 pred_right: 1066620 pred_wrong:29580 actu_right: 1061706 actu_wrong: 34494
2026-07-13 14:09:26,072 P734866 INFO pr:0.9269  rc:0.7909  auc:0.9971 ap:0.9693 f1: 0.8535 pred_right: 457164 pred_wrong:12636 actu_right: 454992 actu_wrong: 14808
2026-07-13 14:09:26,076 P734866 INFO ----------------------------------------------------------------------------------------------------
2026-07-13 14:09:26,076 P734866 INFO 38/50 starting... lr: 0.001 para:0.025641025975346565
2026-07-13 14:09:50,115 P734866 INFO Epoch 38/50, all_loss:1.07118 cls_loss:1.08549 rec_loss:0.52743 [24.03s]; best loss:1.07118, patience : 0
2026-07-13 14:10:04,533 P734866 INFO pr:0.9447  rc:0.7664  auc:0.9971 ap:0.9687 f1: 0.8463 pred_right: 1068222 pred_wrong:27978 actu_right: 1061711 actu_wrong: 34489
2026-07-13 14:10:09,204 P734866 INFO pr:0.9455  rc:0.7632  auc:0.9968 ap:0.9678 f1: 0.8446 pred_right: 457847 pred_wrong:11953 actu_right: 454992 actu_wrong: 14808
2026-07-13 14:10:09,205 P734866 INFO ----------------------------------------------------------------------------------------------------
2026-07-13 14:10:09,205 P734866 INFO 39/50 starting... lr: 0.001 para:0.02500000037252903
2026-07-13 14:10:30,068 P734866 INFO Epoch 39/50, all_loss:1.06578 cls_loss:1.07967 rec_loss:0.52408 [20.86s]; best loss:1.06578, patience : 0
2026-07-13 14:10:40,872 P734866 INFO pr:0.8802  rc:0.8168  auc:0.9969 ap:0.9672 f1: 0.8473 pred_right: 1064202 pred_wrong:31998 actu_right: 1061715 actu_wrong: 34485
2026-07-13 14:10:45,340 P734866 INFO pr:0.8813  rc:0.8154  auc:0.9968 ap:0.9664 f1: 0.8471 pred_right: 456099 pred_wrong:13701 actu_right: 454992 actu_wrong: 14808
2026-07-13 14:10:45,341 P734866 INFO ----------------------------------------------------------------------------------------------------
2026-07-13 14:10:45,341 P734866 INFO 40/50 starting... lr: 0.001 para:0.024390242993831635
2026-07-13 14:11:06,421 P734866 INFO Epoch 40/50, all_loss:1.08347 cls_loss:1.09734 rec_loss:0.52869 [21.08s]; best loss:1.06578, patience : 1
2026-07-13 14:11:15,784 P734866 INFO pr:0.8673  rc:0.8459  auc:0.9970 ap:0.9707 f1: 0.8565 pred_right: 1062561 pred_wrong:33639 actu_right: 1061709 actu_wrong: 34491
2026-07-13 14:11:23,696 P734866 INFO pr:0.8695  rc:0.8451  auc:0.9968 ap:0.9697 f1: 0.8571 pred_right: 455407 pred_wrong:14393 actu_right: 454992 actu_wrong: 14808
2026-07-13 14:11:23,705 P734866 INFO ----------------------------------------------------------------------------------------------------
2026-07-13 14:11:23,706 P734866 INFO 41/50 starting... lr: 0.001 para:0.02380952425301075
2026-07-13 14:11:49,289 P734866 INFO Epoch 41/50, all_loss:1.04146 cls_loss:1.05395 rec_loss:0.52938 [25.58s]; best loss:1.04146, patience : 0
2026-07-13 14:11:59,661 P734866 INFO pr:0.9311  rc:0.7922  auc:0.9974 ap:0.9721 f1: 0.8561 pred_right: 1066854 pred_wrong:29346 actu_right: 1061709 actu_wrong: 34491
2026-07-13 14:12:04,318 P734866 INFO pr:0.9311  rc:0.7890  auc:0.9972 ap:0.9711 f1: 0.8542 pred_right: 457253 pred_wrong:12547 actu_right: 454992 actu_wrong: 14808
2026-07-13 14:12:04,319 P734866 INFO ----------------------------------------------------------------------------------------------------
2026-07-13 14:12:04,319 P734866 INFO 42/50 starting... lr: 0.001 para:0.023255813866853714
2026-07-13 14:12:25,319 P734866 INFO Epoch 42/50, all_loss:1.07622 cls_loss:1.08901 rec_loss:0.53894 [21.00s]; best loss:1.04146, patience : 1
2026-07-13 14:12:36,405 P734866 INFO pr:0.9249  rc:0.8043  auc:0.9974 ap:0.9711 f1: 0.8604 pred_right: 1066211 pred_wrong:29989 actu_right: 1061712 actu_wrong: 34488
2026-07-13 14:12:41,738 P734866 INFO pr:0.9233  rc:0.8031  auc:0.9972 ap:0.9699 f1: 0.8590 pred_right: 456919 pred_wrong:12881 actu_right: 454992 actu_wrong: 14808
2026-07-13 14:12:41,742 P734866 INFO ----------------------------------------------------------------------------------------------------
2026-07-13 14:12:41,742 P734866 INFO 43/50 starting... lr: 0.001 para:0.022727273404598236
2026-07-13 14:13:08,375 P734866 INFO Epoch 43/50, all_loss:1.05621 cls_loss:1.06810 rec_loss:0.54484 [26.63s]; best loss:1.04146, patience : 1
2026-07-13 14:13:19,057 P734866 INFO pr:0.9276  rc:0.7812  auc:0.9971 ap:0.9692 f1: 0.8482 pred_right: 1067161 pred_wrong:29039 actu_right: 1061718 actu_wrong: 34482
2026-07-13 14:13:23,802 P734866 INFO pr:0.9286  rc:0.7804  auc:0.9969 ap:0.9679 f1: 0.8481 pred_right: 457356 pred_wrong:12444 actu_right: 454992 actu_wrong: 14808
2026-07-13 14:13:23,803 P734866 INFO ----------------------------------------------------------------------------------------------------
2026-07-13 14:13:23,803 P734866 INFO 44/50 starting... lr: 0.001 para:0.02222222276031971
2026-07-13 14:13:44,567 P734866 INFO Epoch 44/50, all_loss:1.02562 cls_loss:1.03639 rec_loss:0.55171 [20.76s]; best loss:1.02562, patience : 0
2026-07-13 14:13:55,432 P734866 INFO pr:0.9148  rc:0.8221  auc:0.9973 ap:0.9719 f1: 0.8660 pred_right: 1065203 pred_wrong:30997 actu_right: 1061708 actu_wrong: 34492
2026-07-13 14:14:00,117 P734866 INFO pr:0.9154  rc:0.8188  auc:0.9972 ap:0.9713 f1: 0.8644 pred_right: 456555 pred_wrong:13245 actu_right: 454992 actu_wrong: 14808
2026-07-13 14:14:00,122 P734866 INFO ----------------------------------------------------------------------------------------------------
2026-07-13 14:14:00,122 P734866 INFO 45/50 starting... lr: 0.001 para:0.021739130839705467
2026-07-13 14:14:21,265 P734866 INFO Epoch 45/50, all_loss:0.98922 cls_loss:0.99868 rec_loss:0.56372 [21.14s]; best loss:0.98922, patience : 0
2026-07-13 14:14:37,146 P734866 INFO pr:0.9464  rc:0.7870  auc:0.9970 ap:0.9689 f1: 0.8593 pred_right: 1067520 pred_wrong:28680 actu_right: 1061710 actu_wrong: 34490
2026-07-13 14:14:43,193 P734866 INFO pr:0.9473  rc:0.7849  auc:0.9969 ap:0.9691 f1: 0.8585 pred_right: 457531 pred_wrong:12269 actu_right: 454992 actu_wrong: 14808
2026-07-13 14:14:43,194 P734866 INFO ----------------------------------------------------------------------------------------------------
2026-07-13 14:14:43,194 P734866 INFO 46/50 starting... lr: 0.001 para:0.021276595070958138
2026-07-13 14:15:04,508 P734866 INFO Epoch 46/50, all_loss:1.01958 cls_loss:1.02957 rec_loss:0.56015 [21.31s]; best loss:0.98922, patience : 1
2026-07-13 14:15:15,153 P734866 INFO pr:0.9210  rc:0.8157  auc:0.9974 ap:0.9721 f1: 0.8652 pred_right: 1065655 pred_wrong:30545 actu_right: 1061712 actu_wrong: 34488
2026-07-13 14:15:19,448 P734866 INFO pr:0.9226  rc:0.8125  auc:0.9973 ap:0.9713 f1: 0.8640 pred_right: 456759 pred_wrong:13041 actu_right: 454992 actu_wrong: 14808
2026-07-13 14:15:19,448 P734866 INFO ----------------------------------------------------------------------------------------------------
2026-07-13 14:15:19,449 P734866 INFO 47/50 starting... lr: 0.001 para:0.02083333395421505
2026-07-13 14:15:40,538 P734866 INFO Epoch 47/50, all_loss:0.99152 cls_loss:1.00047 rec_loss:0.57111 [21.09s]; best loss:0.98922, patience : 1
2026-07-13 14:15:51,847 P734866 INFO pr:0.9311  rc:0.8102  auc:0.9974 ap:0.9744 f1: 0.8664 pred_right: 1066191 pred_wrong:30009 actu_right: 1061713 actu_wrong: 34487
2026-07-13 14:15:55,996 P734866 INFO pr:0.9309  rc:0.8080  auc:0.9973 ap:0.9737 f1: 0.8651 pred_right: 456947 pred_wrong:12853 actu_right: 454992 actu_wrong: 14808
2026-07-13 14:15:56,001 P734866 INFO ----------------------------------------------------------------------------------------------------
2026-07-13 14:15:56,001 P734866 INFO 48/50 starting... lr: 0.001 para:0.020408162847161293
2026-07-13 14:16:23,545 P734866 INFO Epoch 48/50, all_loss:0.99992 cls_loss:1.00887 rec_loss:0.57037 [27.54s]; best loss:0.98922, patience : 2
2026-07-13 14:16:34,393 P734866 INFO pr:0.8052  rc:0.8718  auc:0.9971 ap:0.9681 f1: 0.8372 pred_right: 1058862 pred_wrong:37338 actu_right: 1061712 actu_wrong: 34488
2026-07-13 14:16:38,872 P734866 INFO pr:0.8045  rc:0.8672  auc:0.9969 ap:0.9670 f1: 0.8347 pred_right: 453837 pred_wrong:15963 actu_right: 454992 actu_wrong: 14808
2026-07-13 14:16:38,877 P734866 INFO ----------------------------------------------------------------------------------------------------
2026-07-13 14:16:38,880 P734866 INFO 49/50 starting... lr: 0.001 para:0.019999999552965164
2026-07-13 14:16:59,767 P734866 INFO Epoch 49/50, all_loss:0.97625 cls_loss:0.98452 rec_loss:0.57122 [20.88s]; best loss:0.97625, patience : 0
2026-07-13 14:17:10,276 P734866 INFO pr:0.9411  rc:0.8129  auc:0.9975 ap:0.9747 f1: 0.8723 pred_right: 1066411 pred_wrong:29789 actu_right: 1061714 actu_wrong: 34486
2026-07-13 14:17:14,740 P734866 INFO pr:0.9430  rc:0.8085  auc:0.9973 ap:0.9738 f1: 0.8706 pred_right: 457103 pred_wrong:12697 actu_right: 454992 actu_wrong: 14808
2026-07-13 14:17:14,745 P734866 INFO saving model...
2026-07-13 14:17:14,745 P734866 INFO FITS_Legendre - loss  best score:0.9762517809867859 at epoch 49
2026-07-13 14:17:14,752 P734866 INFO FITS_Legendre - f1  best score:0.8722831583041618 at epoch 49
2026-07-13 14:17:14,757 P734866 INFO Average training time per epoch: 22.84 seconds
2026-07-13 14:17:14,757 P734866 INFO calculate scores...
2026-07-13 14:17:14,757 P734866 INFO calculate label with loss...
2026-07-13 14:17:14,758 P734866 INFO FITS_Legendre on ./result/server_only_exps/Ablations_updatedFreDF/FITS_Legendre-TT-Epochs50-Seed2-ExpNameRQ2_ablations_components-LPFLPF-Attnlinear_attn-NormLinTrue-RecLambda1.0-AuxiLambda0.0 loading...
2026-07-13 14:17:20,278 P734866 INFO pr:0.9430  rc:0.8085  auc:0.9973 ap:0.9738 f1: 0.8706 pred_right: 457103 pred_wrong:12697 actu_right: 454992 actu_wrong: 14808
2026-07-13 14:17:31,675 P734866 INFO pr:0.9430  rc:0.8085  auc:0.9973 ap:0.9738 f1: 0.8706 pred_right: 457103 pred_wrong:12697 actu_right: 454992 actu_wrong: 14808
2026-07-13 14:17:31,675 P734866 INFO Performance Summary:
{'GPU': {'inference_time_per_sample_ms': 0.2900107242483496, 'throughput_samples_per_sec': 3448.1483489681364, 'peak_memory_mb': 139.2978515625, 'energy_per_sample_joules': 0.01673042867116304}, 'CPU': {'inference_time_per_sample_ms': 0.6252173715015503, 'throughput_samples_per_sec': 1599.4437224262574, 'peak_memory_mb': 5769.609375, 'energy_per_sample_joules': 0.040639129147600775}}
2026-07-13 14:17:31,676 P734866 INFO Starting clean-room hardware benchmarking...
2026-07-13 14:17:32,495 P734866 INFO Performance with loss: pr:0.9430  rc:0.8085  auc:0.9973 ap:0.9738 f1: 0.8706 pred_right: 457103 pred_wrong:12697 actu_right: 454992 actu_wrong: 14808
2026-07-13 14:17:32,495 P734866 INFO calculate label with f1...
2026-07-13 14:17:32,495 P734866 INFO FITS_Legendre on ./result/server_only_exps/Ablations_updatedFreDF/FITS_Legendre-TT-Epochs50-Seed2-ExpNameRQ2_ablations_components-LPFLPF-Attnlinear_attn-NormLinTrue-RecLambda1.0-AuxiLambda0.0 loading...
2026-07-13 14:17:40,087 P734866 INFO pr:0.9430  rc:0.8085  auc:0.9973 ap:0.9738 f1: 0.8706 pred_right: 457103 pred_wrong:12697 actu_right: 454992 actu_wrong: 14808
2026-07-13 14:17:59,347 P734866 INFO pr:0.9430  rc:0.8085  auc:0.9973 ap:0.9738 f1: 0.8706 pred_right: 457103 pred_wrong:12697 actu_right: 454992 actu_wrong: 14808
2026-07-13 14:17:59,348 P734866 INFO Performance Summary:
{'GPU': {'inference_time_per_sample_ms': 0.3726911472535161, 'throughput_samples_per_sec': 2683.18688911537, 'peak_memory_mb': 138.791015625, 'energy_per_sample_joules': 0.021186187302347004}, 'CPU': {'inference_time_per_sample_ms': 1.0720872988520205, 'throughput_samples_per_sec': 932.7598611333136, 'peak_memory_mb': 5716.8046875, 'energy_per_sample_joules': 0.06968567442538133}}
2026-07-13 14:17:59,348 P734866 INFO Starting clean-room hardware benchmarking...
2026-07-13 14:18:00,258 P734866 INFO Performance with f1: pr:0.9430  rc:0.8085  auc:0.9973 ap:0.9738 f1: 0.8706 pred_right: 457103 pred_wrong:12697 actu_right: 454992 actu_wrong: 14808
