2026-09-14 10:47:39,935 P2658457 INFO ---- Model: ----MSTGAD-fcccec7a----random_seed : 3----req_loss_approach : Legendre-style----rec_lambda : 1.0----auxi_lambda : 0.2----Freq Domain : FITS_Legendre----Multi Fits : false----train : True----evaluate : False
2026-09-14 10:47:39,935 P2658457 INFO Load from /home/db2003/Desktop/Amr/Tests/Eadro/codes/chunks/TT
2026-09-14 10:47:54,256 P2658457 INFO Fewshot: training with 1.0 of the 70% of the data
2026-09-14 10:47:54,367 P2658457 INFO Trainable Parameters Breakdown:
2026-09-14 10:47:54,367 P2658457 INFO --------------------------------------------------------------------------------
2026-09-14 10:47:54,367 P2658457 INFO Reconstruction-Specific Parameters:
2026-09-14 10:47:54,367 P2658457 INFO node_emb.linear.weight                   | shape: (8, 7)                    | params: 56
2026-09-14 10:47:54,367 P2658457 INFO node_emb.linear.bias                     | shape: (8,)                      | params: 8
2026-09-14 10:47:54,367 P2658457 INFO log_emb.linear.weight                    | shape: (32, 60)                  | params: 1,920
2026-09-14 10:47:54,368 P2658457 INFO log_emb.linear.bias                      | shape: (32,)                     | params: 32
2026-09-14 10:47:54,368 P2658457 INFO egde_emb.linear.weight                   | shape: (8, 2)                    | params: 16
2026-09-14 10:47:54,368 P2658457 INFO egde_emb.linear.bias                     | shape: (8,)                      | params: 8
2026-09-14 10:47:54,368 P2658457 INFO dense_node.weight                        | shape: (7, 8)                    | params: 56
2026-09-14 10:47:54,368 P2658457 INFO dense_node.bias                          | shape: (7,)                      | params: 7
2026-09-14 10:47:54,368 P2658457 INFO dense_log.weight                         | shape: (60, 32)                  | params: 1,920
2026-09-14 10:47:54,368 P2658457 INFO dense_log.bias                           | shape: (60,)                     | params: 60
2026-09-14 10:47:54,368 P2658457 INFO dense_edge.weight                        | shape: (2, 8)                    | params: 16
2026-09-14 10:47:54,368 P2658457 INFO dense_edge.bias                          | shape: (2,)                      | params: 2
2026-09-14 10:47:54,368 P2658457 INFO linear_attn.Wq.weight                    | shape: (10, 10)                  | params: 100
2026-09-14 10:47:54,368 P2658457 INFO linear_attn.Wk.weight                    | shape: (10, 10)                  | params: 100
2026-09-14 10:47:54,368 P2658457 INFO linear_attn.Wv.weight                    | shape: (10, 10)                  | params: 100
2026-09-14 10:47:54,368 P2658457 INFO linear_attn.out.weight                   | shape: (10, 10)                  | params: 100
2026-09-14 10:47:54,368 P2658457 INFO linear_attn.out.bias                     | shape: (10,)                     | params: 10
2026-09-14 10:47:54,368 P2658457 INFO linear_attn.norm.weight                  | shape: (10,)                     | params: 10
2026-09-14 10:47:54,368 P2658457 INFO linear_attn.norm.bias                    | shape: (10,)                     | params: 10
2026-09-14 10:47:54,369 P2658457 INFO shared_fits.normlin_W                    | shape: (3, 3)                    | params: 9
2026-09-14 10:47:54,369 P2658457 INFO shared_fits.freq_upsampler.weight        | shape: (3, 3)                    | params: 9
2026-09-14 10:47:54,369 P2658457 INFO shared_fits.freq_upsampler.bias          | shape: (3,)                      | params: 3
2026-09-14 10:47:54,369 P2658457 INFO modality_proj.node.weight                | shape: (10, 8)                   | params: 80
2026-09-14 10:47:54,369 P2658457 INFO modality_proj.node.bias                  | shape: (10,)                     | params: 10
2026-09-14 10:47:54,369 P2658457 INFO modality_proj.log.weight                 | shape: (10, 32)                  | params: 320
2026-09-14 10:47:54,369 P2658457 INFO modality_proj.log.bias                   | shape: (10,)                     | params: 10
2026-09-14 10:47:54,369 P2658457 INFO modality_proj.edge.weight                | shape: (10, 8)                   | params: 80
2026-09-14 10:47:54,369 P2658457 INFO modality_proj.edge.bias                  | shape: (10,)                     | params: 10
2026-09-14 10:47:54,369 P2658457 INFO modality_proj_out.node.weight            | shape: (8, 10)                   | params: 80
2026-09-14 10:47:54,369 P2658457 INFO modality_proj_out.node.bias              | shape: (8,)                      | params: 8
2026-09-14 10:47:54,369 P2658457 INFO modality_proj_out.log.weight             | shape: (32, 10)                  | params: 320
2026-09-14 10:47:54,369 P2658457 INFO modality_proj_out.log.bias               | shape: (32,)                     | params: 32
2026-09-14 10:47:54,369 P2658457 INFO modality_proj_out.edge.weight            | shape: (8, 10)                   | params: 80
2026-09-14 10:47:54,369 P2658457 INFO modality_proj_out.edge.bias              | shape: (8,)                      | params: 8
2026-09-14 10:47:54,369 P2658457 INFO Subtotal: 5,590
2026-09-14 10:47:54,369 P2658457 INFO --------------------------------------------------------------------------------
2026-09-14 10:47:54,370 P2658457 INFO Common Parameters:
2026-09-14 10:47:54,370 P2658457 INFO show.0.weight                            | shape: (128, 69)                 | params: 8,832
2026-09-14 10:47:54,370 P2658457 INFO show.0.bias                              | shape: (128,)                    | params: 128
2026-09-14 10:47:54,370 P2658457 INFO show.2.weight                            | shape: (2, 128)                  | params: 256
2026-09-14 10:47:54,370 P2658457 INFO show.2.bias                              | shape: (2,)                      | params: 2
2026-09-14 10:47:54,370 P2658457 INFO Subtotal: 9,218
2026-09-14 10:47:54,370 P2658457 INFO --------------------------------------------------------------------------------
2026-09-14 10:47:54,370 P2658457 INFO Total Trainable Parameters: 14,808

2026-09-14 10:47:54,370 P2658457 INFO Trainable Parameters: 14808, reconstruction: 5590, common: 9218
2026-09-14 10:47:54,370 P2658457 INFO model : init weight
2026-09-14 10:47:54,371 P2658457 INFO Using GPU...
2026-09-14 10:47:54,378 P2658457 INFO optimizer : using AdaBelief
2026-09-14 10:47:54,378 P2658457 INFO ----------------------------------------------------------------------------------------------------
2026-09-14 10:47:54,378 P2658457 INFO 0/50 starting... lr: 0.001 para:1.0
2026-09-14 10:48:26,103 P2658457 INFO Epoch 0/50, all_loss:0.08589 cls_loss:25.44912 rec_loss:0.08589 [31.72s]; best loss:0.08589, patience : 0
2026-09-14 10:48:26,103 P2658457 INFO ----------------------------------------------------------------------------------------------------
2026-09-14 10:48:26,103 P2658457 INFO 1/50 starting... lr: 0.001 para:0.5
2026-09-14 10:49:04,638 P2658457 INFO Epoch 1/50, all_loss:2.10496 cls_loss:4.01135 rec_loss:0.19857 [38.53s]; best loss:2.10496, patience : 0
2026-09-14 10:49:04,639 P2658457 INFO ----------------------------------------------------------------------------------------------------
2026-09-14 10:49:04,639 P2658457 INFO 2/50 starting... lr: 0.001 para:0.3333333432674408
2026-09-14 10:49:33,963 P2658457 INFO Epoch 2/50, all_loss:1.48436 cls_loss:2.11626 rec_loss:0.22055 [29.32s]; best loss:1.48436, patience : 0
2026-09-14 10:49:49,672 P2658457 INFO pr:0.8433  rc:0.5580  auc:0.9902 ap:0.9127 f1: 0.6716 pred_right: 1073381 pred_wrong:22819 actu_right: 1061713 actu_wrong: 34487
2026-09-14 10:49:56,488 P2658457 INFO pr:0.8449  rc:0.5608  auc:0.9906 ap:0.9138 f1: 0.6742 pred_right: 459970 pred_wrong:9830 actu_right: 454992 actu_wrong: 14808
2026-09-14 10:49:56,494 P2658457 INFO ----------------------------------------------------------------------------------------------------
2026-09-14 10:49:56,494 P2658457 INFO 3/50 starting... lr: 0.001 para:0.25
2026-09-14 10:50:28,830 P2658457 INFO Epoch 3/50, all_loss:1.43146 cls_loss:1.82384 rec_loss:0.25431 [32.33s]; best loss:1.43146, patience : 0
2026-09-14 10:50:41,400 P2658457 INFO pr:0.8846  rc:0.5948  auc:0.9922 ap:0.9247 f1: 0.7113 pred_right: 1073011 pred_wrong:23189 actu_right: 1061710 actu_wrong: 34490
2026-09-14 10:50:59,932 P2658457 INFO pr:0.8858  rc:0.5976  auc:0.9924 ap:0.9258 f1: 0.7137 pred_right: 459809 pred_wrong:9991 actu_right: 454992 actu_wrong: 14808
2026-09-14 10:50:59,940 P2658457 INFO ----------------------------------------------------------------------------------------------------
2026-09-14 10:50:59,940 P2658457 INFO 4/50 starting... lr: 0.001 para:0.20000000298023224
2026-09-14 10:51:32,961 P2658457 INFO Epoch 4/50, all_loss:1.40529 cls_loss:1.69009 rec_loss:0.26609 [33.01s]; best loss:1.40529, patience : 0
2026-09-14 10:51:49,057 P2658457 INFO pr:0.7752  rc:0.7307  auc:0.9931 ap:0.9316 f1: 0.7523 pred_right: 1063689 pred_wrong:32511 actu_right: 1061710 actu_wrong: 34490
2026-09-14 10:51:55,692 P2658457 INFO pr:0.7821  rc:0.7328  auc:0.9933 ap:0.9334 f1: 0.7566 pred_right: 455925 pred_wrong:13875 actu_right: 454992 actu_wrong: 14808
2026-09-14 10:51:55,697 P2658457 INFO ----------------------------------------------------------------------------------------------------
2026-09-14 10:51:55,697 P2658457 INFO 5/50 starting... lr: 0.001 para:0.1666666716337204
2026-09-14 10:52:27,979 P2658457 INFO Epoch 5/50, all_loss:1.40212 cls_loss:1.62773 rec_loss:0.27411 [32.28s]; best loss:1.40212, patience : 0
2026-09-14 10:52:43,906 P2658457 INFO pr:0.7730  rc:0.7448  auc:0.9938 ap:0.9350 f1: 0.7586 pred_right: 1062968 pred_wrong:33232 actu_right: 1061712 actu_wrong: 34488
2026-09-14 10:52:49,382 P2658457 INFO pr:0.7798  rc:0.7489  auc:0.9940 ap:0.9368 f1: 0.7641 pred_right: 455579 pred_wrong:14221 actu_right: 454992 actu_wrong: 14808
2026-09-14 10:52:49,387 P2658457 INFO ----------------------------------------------------------------------------------------------------
2026-09-14 10:52:49,387 P2658457 INFO 6/50 starting... lr: 0.001 para:0.1428571492433548
2026-09-14 10:53:31,868 P2658457 INFO Epoch 6/50, all_loss:1.36370 cls_loss:1.54269 rec_loss:0.28978 [42.47s]; best loss:1.36370, patience : 0
2026-09-14 10:53:47,554 P2658457 INFO pr:0.9002  rc:0.6523  auc:0.9945 ap:0.9417 f1: 0.7564 pred_right: 1071208 pred_wrong:24992 actu_right: 1061710 actu_wrong: 34490
2026-09-14 10:53:54,053 P2658457 INFO pr:0.9057  rc:0.6531  auc:0.9948 ap:0.9439 f1: 0.7589 pred_right: 459122 pred_wrong:10678 actu_right: 454992 actu_wrong: 14808
2026-09-14 10:53:54,054 P2658457 INFO ----------------------------------------------------------------------------------------------------
2026-09-14 10:53:54,055 P2658457 INFO 7/50 starting... lr: 0.001 para:0.125
2026-09-14 10:54:24,791 P2658457 INFO Epoch 7/50, all_loss:1.32930 cls_loss:1.47296 rec_loss:0.32369 [30.73s]; best loss:1.32930, patience : 0
2026-09-14 10:54:42,139 P2658457 INFO pr:0.8776  rc:0.6954  auc:0.9958 ap:0.9494 f1: 0.7760 pred_right: 1068870 pred_wrong:27330 actu_right: 1061708 actu_wrong: 34492
2026-09-14 10:54:47,701 P2658457 INFO pr:0.8816  rc:0.6921  auc:0.9959 ap:0.9507 f1: 0.7754 pred_right: 458174 pred_wrong:11626 actu_right: 454992 actu_wrong: 14808
2026-09-14 10:54:47,706 P2658457 INFO ----------------------------------------------------------------------------------------------------
2026-09-14 10:54:47,706 P2658457 INFO 8/50 starting... lr: 0.001 para:0.1111111119389534
2026-09-14 10:55:28,162 P2658457 INFO Epoch 8/50, all_loss:1.20101 cls_loss:1.29993 rec_loss:0.40965 [40.45s]; best loss:1.20101, patience : 0
2026-09-14 10:55:44,373 P2658457 INFO pr:0.8121  rc:0.8581  auc:0.9964 ap:0.9608 f1: 0.8345 pred_right: 1059765 pred_wrong:36435 actu_right: 1061715 actu_wrong: 34485
2026-09-14 10:55:50,580 P2658457 INFO pr:0.8143  rc:0.8566  auc:0.9967 ap:0.9616 f1: 0.8349 pred_right: 454222 pred_wrong:15578 actu_right: 454992 actu_wrong: 14808
2026-09-14 10:55:50,586 P2658457 INFO ----------------------------------------------------------------------------------------------------
2026-09-14 10:55:50,586 P2658457 INFO 9/50 starting... lr: 0.001 para:0.10000000149011612
2026-09-14 10:56:21,979 P2658457 INFO Epoch 9/50, all_loss:1.05083 cls_loss:1.10857 rec_loss:0.53120 [31.39s]; best loss:1.05083, patience : 0
2026-09-14 10:56:38,191 P2658457 INFO pr:0.8586  rc:0.8669  auc:0.9977 ap:0.9681 f1: 0.8627 pred_right: 1061379 pred_wrong:34821 actu_right: 1061713 actu_wrong: 34487
2026-09-14 10:56:44,921 P2658457 INFO pr:0.8614  rc:0.8671  auc:0.9977 ap:0.9683 f1: 0.8642 pred_right: 454894 pred_wrong:14906 actu_right: 454992 actu_wrong: 14808
2026-09-14 10:56:44,929 P2658457 INFO ----------------------------------------------------------------------------------------------------
2026-09-14 10:56:44,930 P2658457 INFO 10/50 starting... lr: 0.001 para:0.09090909361839294
2026-09-14 10:57:25,238 P2658457 INFO Epoch 10/50, all_loss:0.98327 cls_loss:1.02151 rec_loss:0.60088 [40.30s]; best loss:0.98327, patience : 0
2026-09-14 10:57:41,114 P2658457 INFO pr:0.9015  rc:0.8080  auc:0.9981 ap:0.9741 f1: 0.8522 pred_right: 1065289 pred_wrong:30911 actu_right: 1061710 actu_wrong: 34490
2026-09-14 10:57:48,052 P2658457 INFO pr:0.9050  rc:0.8073  auc:0.9982 ap:0.9748 f1: 0.8534 pred_right: 456590 pred_wrong:13210 actu_right: 454992 actu_wrong: 14808
2026-09-14 10:57:48,053 P2658457 INFO ----------------------------------------------------------------------------------------------------
2026-09-14 10:57:48,053 P2658457 INFO 11/50 starting... lr: 0.001 para:0.0833333358168602
2026-09-14 10:58:18,982 P2658457 INFO Epoch 11/50, all_loss:0.89566 cls_loss:0.91885 rec_loss:0.64059 [30.92s]; best loss:0.89566, patience : 0
2026-09-14 10:58:36,069 P2658457 INFO pr:0.9080  rc:0.8473  auc:0.9985 ap:0.9798 f1: 0.8766 pred_right: 1064015 pred_wrong:32185 actu_right: 1061709 actu_wrong: 34491
2026-09-14 10:58:42,965 P2658457 INFO pr:0.9135  rc:0.8451  auc:0.9986 ap:0.9806 f1: 0.8780 pred_right: 456101 pred_wrong:13699 actu_right: 454992 actu_wrong: 14808
2026-09-14 10:58:42,971 P2658457 INFO ----------------------------------------------------------------------------------------------------
2026-09-14 10:58:42,971 P2658457 INFO 12/50 starting... lr: 0.001 para:0.07692307978868484
2026-09-14 10:59:17,276 P2658457 INFO Epoch 12/50, all_loss:0.82801 cls_loss:0.84133 rec_loss:0.66810 [34.28s]; best loss:0.82801, patience : 0
2026-09-14 10:59:41,163 P2658457 INFO pr:0.9107  rc:0.8547  auc:0.9984 ap:0.9798 f1: 0.8818 pred_right: 1063830 pred_wrong:32370 actu_right: 1061711 actu_wrong: 34489
2026-09-14 10:59:48,026 P2658457 INFO pr:0.9159  rc:0.8520  auc:0.9985 ap:0.9798 f1: 0.8828 pred_right: 456024 pred_wrong:13776 actu_right: 454992 actu_wrong: 14808
2026-09-14 10:59:48,032 P2658457 INFO ----------------------------------------------------------------------------------------------------
2026-09-14 10:59:48,032 P2658457 INFO 13/50 starting... lr: 0.001 para:0.0714285746216774
2026-09-14 11:00:19,307 P2658457 INFO Epoch 13/50, all_loss:0.79211 cls_loss:0.80064 rec_loss:0.68117 [31.27s]; best loss:0.79211, patience : 0
2026-09-14 11:00:35,574 P2658457 INFO pr:0.8872  rc:0.9200  auc:0.9985 ap:0.9824 f1: 0.9033 pred_right: 1060436 pred_wrong:35764 actu_right: 1061711 actu_wrong: 34489
2026-09-14 11:00:42,893 P2658457 INFO pr:0.8918  rc:0.9175  auc:0.9987 ap:0.9829 f1: 0.9045 pred_right: 454566 pred_wrong:15234 actu_right: 454992 actu_wrong: 14808
2026-09-14 11:00:42,898 P2658457 INFO ----------------------------------------------------------------------------------------------------
2026-09-14 11:00:42,898 P2658457 INFO 14/50 starting... lr: 0.001 para:0.06666667014360428
2026-09-14 11:01:12,964 P2658457 INFO Epoch 14/50, all_loss:0.75038 cls_loss:0.75332 rec_loss:0.70914 [30.06s]; best loss:0.75038, patience : 0
2026-09-14 11:01:41,391 P2658457 INFO pr:0.9025  rc:0.8942  auc:0.9988 ap:0.9828 f1: 0.8983 pred_right: 1062032 pred_wrong:34168 actu_right: 1061715 actu_wrong: 34485
2026-09-14 11:01:48,313 P2658457 INFO pr:0.9065  rc:0.8919  auc:0.9988 ap:0.9833 f1: 0.8991 pred_right: 455230 pred_wrong:14570 actu_right: 454992 actu_wrong: 14808
2026-09-14 11:01:48,314 P2658457 INFO ----------------------------------------------------------------------------------------------------
2026-09-14 11:01:48,314 P2658457 INFO 15/50 starting... lr: 0.001 para:0.0625
2026-09-14 11:02:19,389 P2658457 INFO Epoch 15/50, all_loss:0.73196 cls_loss:0.73220 rec_loss:0.72847 [31.07s]; best loss:0.73196, patience : 0
2026-09-14 11:02:35,409 P2658457 INFO pr:0.8761  rc:0.9476  auc:0.9989 ap:0.9833 f1: 0.9104 pred_right: 1058893 pred_wrong:37307 actu_right: 1061705 actu_wrong: 34495
2026-09-14 11:02:41,639 P2658457 INFO pr:0.8803  rc:0.9473  auc:0.9988 ap:0.9831 f1: 0.9126 pred_right: 453866 pred_wrong:15934 actu_right: 454992 actu_wrong: 14808
2026-09-14 11:02:41,644 P2658457 INFO ----------------------------------------------------------------------------------------------------
2026-09-14 11:02:41,645 P2658457 INFO 16/50 starting... lr: 0.001 para:0.05882352963089943
2026-09-14 11:03:13,330 P2658457 INFO Epoch 16/50, all_loss:0.71279 cls_loss:0.71049 rec_loss:0.74955 [31.68s]; best loss:0.71279, patience : 0
2026-09-14 11:03:37,167 P2658457 INFO pr:0.9085  rc:0.9049  auc:0.9984 ap:0.9830 f1: 0.9067 pred_right: 1061849 pred_wrong:34351 actu_right: 1061711 actu_wrong: 34489
2026-09-14 11:03:47,495 P2658457 INFO pr:0.9133  rc:0.9018  auc:0.9984 ap:0.9830 f1: 0.9075 pred_right: 455178 pred_wrong:14622 actu_right: 454992 actu_wrong: 14808
2026-09-14 11:03:47,497 P2658457 INFO ----------------------------------------------------------------------------------------------------
2026-09-14 11:03:47,497 P2658457 INFO 17/50 starting... lr: 0.001 para:0.0555555559694767
2026-09-14 11:04:18,880 P2658457 INFO Epoch 17/50, all_loss:0.69104 cls_loss:0.68682 rec_loss:0.76275 [31.38s]; best loss:0.69104, patience : 0
2026-09-14 11:04:35,010 P2658457 INFO pr:0.9003  rc:0.8996  auc:0.9986 ap:0.9846 f1: 0.9000 pred_right: 1061734 pred_wrong:34466 actu_right: 1061707 actu_wrong: 34493
2026-09-14 11:04:42,062 P2658457 INFO pr:0.9055  rc:0.8955  auc:0.9985 ap:0.9846 f1: 0.9004 pred_right: 455156 pred_wrong:14644 actu_right: 454992 actu_wrong: 14808
2026-09-14 11:04:42,063 P2658457 INFO ----------------------------------------------------------------------------------------------------
2026-09-14 11:04:42,063 P2658457 INFO 18/50 starting... lr: 0.001 para:0.05263157933950424
2026-09-14 11:05:13,081 P2658457 INFO Epoch 18/50, all_loss:0.65360 cls_loss:0.64610 rec_loss:0.78867 [31.01s]; best loss:0.65360, patience : 0
2026-09-14 11:05:27,315 P2658457 INFO pr:0.9187  rc:0.9179  auc:0.9989 ap:0.9881 f1: 0.9183 pred_right: 1061741 pred_wrong:34459 actu_right: 1061711 actu_wrong: 34489
2026-09-14 11:05:39,775 P2658457 INFO pr:0.9209  rc:0.9140  auc:0.9990 ap:0.9879 f1: 0.9174 pred_right: 455104 pred_wrong:14696 actu_right: 454992 actu_wrong: 14808
2026-09-14 11:05:39,788 P2658457 INFO ----------------------------------------------------------------------------------------------------
2026-09-14 11:05:39,789 P2658457 INFO 19/50 starting... lr: 0.001 para:0.05000000074505806
2026-09-14 11:06:16,283 P2658457 INFO Epoch 19/50, all_loss:0.62784 cls_loss:0.61847 rec_loss:0.80589 [36.49s]; best loss:0.62784, patience : 0
2026-09-14 11:06:32,402 P2658457 INFO pr:0.9293  rc:0.8992  auc:0.9991 ap:0.9867 f1: 0.9140 pred_right: 1062827 pred_wrong:33373 actu_right: 1061713 actu_wrong: 34487
2026-09-14 11:06:39,614 P2658457 INFO pr:0.9318  rc:0.8963  auc:0.9991 ap:0.9864 f1: 0.9137 pred_right: 455556 pred_wrong:14244 actu_right: 454992 actu_wrong: 14808
2026-09-14 11:06:39,615 P2658457 INFO ----------------------------------------------------------------------------------------------------
2026-09-14 11:06:39,615 P2658457 INFO 20/50 starting... lr: 0.001 para:0.0476190485060215
2026-09-14 11:07:10,600 P2658457 INFO Epoch 20/50, all_loss:0.66229 cls_loss:0.65418 rec_loss:0.82440 [30.98s]; best loss:0.62784, patience : 1
2026-09-14 11:07:27,329 P2658457 INFO pr:0.8954  rc:0.9640  auc:0.9991 ap:0.9885 f1: 0.9284 pred_right: 1059064 pred_wrong:37136 actu_right: 1061710 actu_wrong: 34490
2026-09-14 11:07:32,792 P2658457 INFO pr:0.8987  rc:0.9616  auc:0.9991 ap:0.9881 f1: 0.9291 pred_right: 453955 pred_wrong:15845 actu_right: 454992 actu_wrong: 14808
2026-09-14 11:07:32,797 P2658457 INFO ----------------------------------------------------------------------------------------------------
2026-09-14 11:07:32,797 P2658457 INFO 21/50 starting... lr: 0.001 para:0.04545454680919647
2026-09-14 11:08:15,687 P2658457 INFO Epoch 21/50, all_loss:0.59945 cls_loss:0.58742 rec_loss:0.85203 [42.88s]; best loss:0.59945, patience : 0
2026-09-14 11:08:31,345 P2658457 INFO pr:0.9341  rc:0.8887  auc:0.9989 ap:0.9891 f1: 0.9108 pred_right: 1063383 pred_wrong:32817 actu_right: 1061708 actu_wrong: 34492
2026-09-14 11:08:38,290 P2658457 INFO pr:0.9361  rc:0.8838  auc:0.9989 ap:0.9887 f1: 0.9092 pred_right: 455819 pred_wrong:13981 actu_right: 454992 actu_wrong: 14808
2026-09-14 11:08:38,291 P2658457 INFO ----------------------------------------------------------------------------------------------------
2026-09-14 11:08:38,297 P2658457 INFO 22/50 starting... lr: 0.001 para:0.043478261679410934
2026-09-14 11:09:09,780 P2658457 INFO Epoch 22/50, all_loss:0.59643 cls_loss:0.58491 rec_loss:0.84986 [31.48s]; best loss:0.59643, patience : 0
2026-09-14 11:09:26,992 P2658457 INFO pr:0.9117  rc:0.9454  auc:0.9991 ap:0.9883 f1: 0.9282 pred_right: 1060438 pred_wrong:35762 actu_right: 1061713 actu_wrong: 34487
2026-09-14 11:09:31,792 P2658457 INFO pr:0.9136  rc:0.9413  auc:0.9991 ap:0.9882 f1: 0.9272 pred_right: 454542 pred_wrong:15258 actu_right: 454992 actu_wrong: 14808
2026-09-14 11:09:31,792 P2658457 INFO ----------------------------------------------------------------------------------------------------
2026-09-14 11:09:31,793 P2658457 INFO 23/50 starting... lr: 0.001 para:0.0416666679084301
2026-09-14 11:10:13,395 P2658457 INFO Epoch 23/50, all_loss:0.55348 cls_loss:0.53983 rec_loss:0.86737 [41.60s]; best loss:0.55348, patience : 0
2026-09-14 11:10:28,763 P2658457 INFO pr:0.9473  rc:0.8703  auc:0.9992 ap:0.9888 f1: 0.9072 pred_right: 1064514 pred_wrong:31686 actu_right: 1061712 actu_wrong: 34488
2026-09-14 11:10:34,999 P2658457 INFO pr:0.9466  rc:0.8654  auc:0.9991 ap:0.9879 f1: 0.9042 pred_right: 456262 pred_wrong:13538 actu_right: 454992 actu_wrong: 14808
2026-09-14 11:10:35,000 P2658457 INFO ----------------------------------------------------------------------------------------------------
2026-09-14 11:10:35,000 P2658457 INFO 24/50 starting... lr: 0.001 para:0.03999999910593033
2026-09-14 11:11:06,245 P2658457 INFO Epoch 24/50, all_loss:0.57521 cls_loss:0.56235 rec_loss:0.88400 [31.24s]; best loss:0.55348, patience : 1
2026-09-14 11:11:23,096 P2658457 INFO pr:0.9129  rc:0.9659  auc:0.9993 ap:0.9910 f1: 0.9387 pred_right: 1059704 pred_wrong:36496 actu_right: 1061707 actu_wrong: 34493
2026-09-14 11:11:30,187 P2658457 INFO pr:0.9152  rc:0.9641  auc:0.9992 ap:0.9904 f1: 0.9390 pred_right: 454200 pred_wrong:15600 actu_right: 454992 actu_wrong: 14808
2026-09-14 11:11:30,198 P2658457 INFO ----------------------------------------------------------------------------------------------------
2026-09-14 11:11:30,198 P2658457 INFO 25/50 starting... lr: 0.001 para:0.03846153989434242
2026-09-14 11:12:10,024 P2658457 INFO Epoch 25/50, all_loss:0.53269 cls_loss:0.51750 rec_loss:0.91251 [39.82s]; best loss:0.53269, patience : 0
2026-09-14 11:12:26,245 P2658457 INFO pr:0.9216  rc:0.9456  auc:0.9991 ap:0.9898 f1: 0.9335 pred_right: 1060811 pred_wrong:35389 actu_right: 1061708 actu_wrong: 34492
2026-09-14 11:12:32,769 P2658457 INFO pr:0.9236  rc:0.9431  auc:0.9990 ap:0.9896 f1: 0.9332 pred_right: 454680 pred_wrong:15120 actu_right: 454992 actu_wrong: 14808
2026-09-14 11:12:32,770 P2658457 INFO ----------------------------------------------------------------------------------------------------
2026-09-14 11:12:32,770 P2658457 INFO 26/50 starting... lr: 0.001 para:0.03703703731298447
2026-09-14 11:13:03,642 P2658457 INFO Epoch 26/50, all_loss:0.54972 cls_loss:0.53596 rec_loss:0.90737 [30.87s]; best loss:0.53269, patience : 1
2026-09-14 11:13:20,526 P2658457 INFO pr:0.9207  rc:0.9503  auc:0.9991 ap:0.9901 f1: 0.9353 pred_right: 1060598 pred_wrong:35602 actu_right: 1061708 actu_wrong: 34492
2026-09-14 11:13:27,968 P2658457 INFO pr:0.9208  rc:0.9487  auc:0.9989 ap:0.9894 f1: 0.9345 pred_right: 454542 pred_wrong:15258 actu_right: 454992 actu_wrong: 14808
2026-09-14 11:13:27,969 P2658457 INFO ----------------------------------------------------------------------------------------------------
2026-09-14 11:13:27,969 P2658457 INFO 27/50 starting... lr: 0.001 para:0.0357142873108387
2026-09-14 11:14:04,377 P2658457 INFO Epoch 27/50, all_loss:0.51454 cls_loss:0.49949 rec_loss:0.92078 [36.40s]; best loss:0.51454, patience : 0
2026-09-14 11:14:25,042 P2658457 INFO pr:0.9119  rc:0.9709  auc:0.9994 ap:0.9918 f1: 0.9405 pred_right: 1059480 pred_wrong:36720 actu_right: 1061711 actu_wrong: 34489
2026-09-14 11:14:31,679 P2658457 INFO pr:0.9151  rc:0.9677  auc:0.9994 ap:0.9913 f1: 0.9406 pred_right: 454141 pred_wrong:15659 actu_right: 454992 actu_wrong: 14808
2026-09-14 11:14:31,685 P2658457 INFO ----------------------------------------------------------------------------------------------------
2026-09-14 11:14:31,685 P2658457 INFO 28/50 starting... lr: 0.001 para:0.03448275849223137
2026-09-14 11:15:01,971 P2658457 INFO Epoch 28/50, all_loss:0.51673 cls_loss:0.50198 rec_loss:0.92951 [30.29s]; best loss:0.51454, patience : 1
2026-09-14 11:15:18,409 P2658457 INFO pr:0.9235  rc:0.9540  auc:0.9991 ap:0.9900 f1: 0.9385 pred_right: 1060571 pred_wrong:35629 actu_right: 1061711 actu_wrong: 34489
2026-09-14 11:15:25,205 P2658457 INFO pr:0.9256  rc:0.9520  auc:0.9992 ap:0.9896 f1: 0.9386 pred_right: 454570 pred_wrong:15230 actu_right: 454992 actu_wrong: 14808
2026-09-14 11:15:25,206 P2658457 INFO ----------------------------------------------------------------------------------------------------
2026-09-14 11:15:25,207 P2658457 INFO 29/50 starting... lr: 0.001 para:0.03333333507180214
2026-09-14 11:15:55,826 P2658457 INFO Epoch 29/50, all_loss:0.52110 cls_loss:0.50669 rec_loss:0.93905 [30.62s]; best loss:0.51454, patience : 2
2026-09-14 11:16:25,457 P2658457 INFO pr:0.9404  rc:0.9306  auc:0.9993 ap:0.9921 f1: 0.9355 pred_right: 1062068 pred_wrong:34132 actu_right: 1061711 actu_wrong: 34489
2026-09-14 11:16:32,391 P2658457 INFO pr:0.9411  rc:0.9263  auc:0.9993 ap:0.9916 f1: 0.9336 pred_right: 455226 pred_wrong:14574 actu_right: 454992 actu_wrong: 14808
2026-09-14 11:16:32,392 P2658457 INFO ----------------------------------------------------------------------------------------------------
2026-09-14 11:16:32,392 P2658457 INFO 30/50 starting... lr: 0.001 para:0.032258063554763794
2026-09-14 11:17:02,988 P2658457 INFO Epoch 30/50, all_loss:0.49835 cls_loss:0.48407 rec_loss:0.92678 [30.59s]; best loss:0.49835, patience : 0
2026-09-14 11:17:19,586 P2658457 INFO pr:0.9351  rc:0.9412  auc:0.9993 ap:0.9915 f1: 0.9381 pred_right: 1061490 pred_wrong:34710 actu_right: 1061713 actu_wrong: 34487
2026-09-14 11:17:26,297 P2658457 INFO pr:0.9377  rc:0.9369  auc:0.9992 ap:0.9909 f1: 0.9373 pred_right: 455004 pred_wrong:14796 actu_right: 454992 actu_wrong: 14808
2026-09-14 11:17:26,298 P2658457 INFO ----------------------------------------------------------------------------------------------------
2026-09-14 11:17:26,298 P2658457 INFO 31/50 starting... lr: 0.001 para:0.03125
2026-09-14 11:17:56,682 P2658457 INFO Epoch 31/50, all_loss:0.48524 cls_loss:0.47045 rec_loss:0.94379 [30.38s]; best loss:0.48524, patience : 0
2026-09-14 11:18:23,796 P2658457 INFO pr:0.9301  rc:0.9527  auc:0.9994 ap:0.9914 f1: 0.9413 pred_right: 1060868 pred_wrong:35332 actu_right: 1061707 actu_wrong: 34493
2026-09-14 11:18:31,468 P2658457 INFO pr:0.9306  rc:0.9502  auc:0.9994 ap:0.9912 f1: 0.9403 pred_right: 454680 pred_wrong:15120 actu_right: 454992 actu_wrong: 14808
2026-09-14 11:18:31,474 P2658457 INFO ----------------------------------------------------------------------------------------------------
2026-09-14 11:18:31,474 P2658457 INFO 32/50 starting... lr: 0.001 para:0.03030303120613098
2026-09-14 11:19:02,442 P2658457 INFO Epoch 32/50, all_loss:0.47610 cls_loss:0.46087 rec_loss:0.96338 [30.96s]; best loss:0.47610, patience : 0
2026-09-14 11:19:18,961 P2658457 INFO pr:0.9183  rc:0.9630  auc:0.9992 ap:0.9918 f1: 0.9401 pred_right: 1060037 pred_wrong:36163 actu_right: 1061715 actu_wrong: 34485
2026-09-14 11:19:26,009 P2658457 INFO pr:0.9195  rc:0.9583  auc:0.9992 ap:0.9910 f1: 0.9385 pred_right: 454367 pred_wrong:15433 actu_right: 454992 actu_wrong: 14808
2026-09-14 11:19:26,010 P2658457 INFO ----------------------------------------------------------------------------------------------------
2026-09-14 11:19:26,010 P2658457 INFO 33/50 starting... lr: 0.001 para:0.029411764815449715
2026-09-14 11:20:00,297 P2658457 INFO Epoch 33/50, all_loss:0.47670 cls_loss:0.46155 rec_loss:0.97668 [34.29s]; best loss:0.47610, patience : 1
2026-09-14 11:20:13,338 P2658457 INFO pr:0.9129  rc:0.9767  auc:0.9995 ap:0.9925 f1: 0.9438 pred_right: 1059306 pred_wrong:36894 actu_right: 1061715 actu_wrong: 34485
2026-09-14 11:20:31,180 P2658457 INFO pr:0.9120  rc:0.9727  auc:0.9995 ap:0.9916 f1: 0.9414 pred_right: 454007 pred_wrong:15793 actu_right: 454992 actu_wrong: 14808
2026-09-14 11:20:31,188 P2658457 INFO ----------------------------------------------------------------------------------------------------
2026-09-14 11:20:31,188 P2658457 INFO 34/50 starting... lr: 0.001 para:0.02857142873108387
2026-09-14 11:21:03,927 P2658457 INFO Epoch 34/50, all_loss:0.44935 cls_loss:0.43340 rec_loss:0.99169 [32.73s]; best loss:0.44935, patience : 0
2026-09-14 11:21:22,520 P2658457 INFO pr:0.9143  rc:0.9749  auc:0.9996 ap:0.9934 f1: 0.9436 pred_right: 1059417 pred_wrong:36783 actu_right: 1061706 actu_wrong: 34494
2026-09-14 11:21:31,264 P2658457 INFO pr:0.9157  rc:0.9712  auc:0.9995 ap:0.9924 f1: 0.9426 pred_right: 454095 pred_wrong:15705 actu_right: 454992 actu_wrong: 14808
2026-09-14 11:21:31,265 P2658457 INFO ----------------------------------------------------------------------------------------------------
2026-09-14 11:21:31,265 P2658457 INFO 35/50 starting... lr: 0.001 para:0.02777777798473835
2026-09-14 11:22:12,505 P2658457 INFO Epoch 35/50, all_loss:0.43057 cls_loss:0.41443 rec_loss:0.99547 [41.23s]; best loss:0.43057, patience : 0
2026-09-14 11:22:29,810 P2658457 INFO pr:0.9347  rc:0.9569  auc:0.9996 ap:0.9934 f1: 0.9457 pred_right: 1060892 pred_wrong:35308 actu_right: 1061708 actu_wrong: 34492
2026-09-14 11:22:46,921 P2658457 INFO pr:0.9362  rc:0.9535  auc:0.9995 ap:0.9928 f1: 0.9448 pred_right: 454718 pred_wrong:15082 actu_right: 454992 actu_wrong: 14808
2026-09-14 11:22:46,934 P2658457 INFO ----------------------------------------------------------------------------------------------------
2026-09-14 11:22:46,935 P2658457 INFO 36/50 starting... lr: 0.001 para:0.027027027681469917
2026-09-14 11:23:27,598 P2658457 INFO Epoch 36/50, all_loss:0.49302 cls_loss:0.47895 rec_loss:0.99947 [40.66s]; best loss:0.43057, patience : 1
2026-09-14 11:23:46,541 P2658457 INFO pr:0.9237  rc:0.9725  auc:0.9996 ap:0.9930 f1: 0.9474 pred_right: 1059887 pred_wrong:36313 actu_right: 1061709 actu_wrong: 34491
2026-09-14 11:23:54,622 P2658457 INFO pr:0.9231  rc:0.9699  auc:0.9995 ap:0.9927 f1: 0.9459 pred_right: 454241 pred_wrong:15559 actu_right: 454992 actu_wrong: 14808
2026-09-14 11:23:54,628 P2658457 INFO ----------------------------------------------------------------------------------------------------
2026-09-14 11:23:54,629 P2658457 INFO 37/50 starting... lr: 0.001 para:0.02631578966975212
2026-09-14 11:24:34,682 P2658457 INFO Epoch 37/50, all_loss:0.43425 cls_loss:0.41853 rec_loss:1.01572 [40.05s]; best loss:0.43057, patience : 1
2026-09-14 11:24:53,338 P2658457 INFO pr:0.9422  rc:0.9409  auc:0.9993 ap:0.9931 f1: 0.9416 pred_right: 1061757 pred_wrong:34443 actu_right: 1061712 actu_wrong: 34488
2026-09-14 11:25:14,476 P2658457 INFO pr:0.9438  rc:0.9354  auc:0.9993 ap:0.9928 f1: 0.9396 pred_right: 455123 pred_wrong:14677 actu_right: 454992 actu_wrong: 14808
2026-09-14 11:25:14,478 P2658457 INFO ----------------------------------------------------------------------------------------------------
2026-09-14 11:25:14,478 P2658457 INFO 38/50 starting... lr: 0.001 para:0.025641025975346565
2026-09-14 11:25:54,318 P2658457 INFO Epoch 38/50, all_loss:0.45567 cls_loss:0.44077 rec_loss:1.02175 [39.84s]; best loss:0.43057, patience : 2
2026-09-14 11:26:13,783 P2658457 INFO pr:0.9171  rc:0.9751  auc:0.9995 ap:0.9937 f1: 0.9452 pred_right: 1059532 pred_wrong:36668 actu_right: 1061715 actu_wrong: 34485
2026-09-14 11:26:22,221 P2658457 INFO pr:0.9187  rc:0.9709  auc:0.9994 ap:0.9930 f1: 0.9441 pred_right: 454150 pred_wrong:15650 actu_right: 454992 actu_wrong: 14808
2026-09-14 11:26:22,222 P2658457 INFO ----------------------------------------------------------------------------------------------------
2026-09-14 11:26:22,223 P2658457 INFO 39/50 starting... lr: 0.001 para:0.02500000037252903
2026-09-14 11:27:02,468 P2658457 INFO Epoch 39/50, all_loss:0.43135 cls_loss:0.41611 rec_loss:1.02571 [40.24s]; best loss:0.43057, patience : 2
2026-09-14 11:27:20,332 P2658457 INFO pr:0.9233  rc:0.9749  auc:0.9996 ap:0.9928 f1: 0.9484 pred_right: 1059780 pred_wrong:36420 actu_right: 1061711 actu_wrong: 34489
2026-09-14 11:27:41,225 P2658457 INFO pr:0.9228  rc:0.9729  auc:0.9995 ap:0.9924 f1: 0.9472 pred_right: 454188 pred_wrong:15612 actu_right: 454992 actu_wrong: 14808
2026-09-14 11:27:41,237 P2658457 INFO ----------------------------------------------------------------------------------------------------
2026-09-14 11:27:41,238 P2658457 INFO 40/50 starting... lr: 0.001 para:0.024390242993831635
2026-09-14 11:28:21,674 P2658457 INFO Epoch 40/50, all_loss:0.43825 cls_loss:0.42288 rec_loss:1.05311 [40.43s]; best loss:0.43057, patience : 3
2026-09-14 11:28:41,017 P2658457 INFO pr:0.9521  rc:0.9401  auc:0.9995 ap:0.9942 f1: 0.9461 pred_right: 1062149 pred_wrong:34051 actu_right: 1061714 actu_wrong: 34486
2026-09-14 11:28:49,057 P2658457 INFO pr:0.9530  rc:0.9356  auc:0.9995 ap:0.9938 f1: 0.9442 pred_right: 455263 pred_wrong:14537 actu_right: 454992 actu_wrong: 14808
2026-09-14 11:28:49,058 P2658457 INFO ----------------------------------------------------------------------------------------------------
2026-09-14 11:28:49,058 P2658457 INFO 41/50 starting... lr: 0.001 para:0.02380952425301075
2026-09-14 11:29:32,004 P2658457 INFO Epoch 41/50, all_loss:0.41929 cls_loss:0.40406 rec_loss:1.04367 [42.94s]; best loss:0.41929, patience : 0
2026-09-14 11:29:50,383 P2658457 INFO pr:0.9470  rc:0.9511  auc:0.9995 ap:0.9937 f1: 0.9490 pred_right: 1061553 pred_wrong:34647 actu_right: 1061702 actu_wrong: 34498
2026-09-14 11:30:09,449 P2658457 INFO pr:0.9480  rc:0.9459  auc:0.9994 ap:0.9928 f1: 0.9469 pred_right: 455024 pred_wrong:14776 actu_right: 454992 actu_wrong: 14808
2026-09-14 11:30:09,459 P2658457 INFO ----------------------------------------------------------------------------------------------------
2026-09-14 11:30:09,459 P2658457 INFO 42/50 starting... lr: 0.001 para:0.023255813866853714
2026-09-14 11:30:48,726 P2658457 INFO Epoch 42/50, all_loss:0.38477 cls_loss:0.36858 rec_loss:1.06470 [39.26s]; best loss:0.38477, patience : 0
2026-09-14 11:31:08,179 P2658457 INFO pr:0.9397  rc:0.9473  auc:0.9996 ap:0.9939 f1: 0.9435 pred_right: 1061436 pred_wrong:34764 actu_right: 1061713 actu_wrong: 34487
2026-09-14 11:31:16,087 P2658457 INFO pr:0.9372  rc:0.9444  auc:0.9995 ap:0.9930 f1: 0.9408 pred_right: 454878 pred_wrong:14922 actu_right: 454992 actu_wrong: 14808
2026-09-14 11:31:16,088 P2658457 INFO ----------------------------------------------------------------------------------------------------
2026-09-14 11:31:16,089 P2658457 INFO 43/50 starting... lr: 0.001 para:0.022727273404598236
2026-09-14 11:31:57,354 P2658457 INFO Epoch 43/50, all_loss:0.41747 cls_loss:0.40221 rec_loss:1.07364 [41.26s]; best loss:0.38477, patience : 1
2026-09-14 11:32:19,420 P2658457 INFO pr:0.9255  rc:0.9726  auc:0.9994 ap:0.9936 f1: 0.9485 pred_right: 1059955 pred_wrong:36245 actu_right: 1061710 actu_wrong: 34490
2026-09-14 11:32:35,363 P2658457 INFO pr:0.9255  rc:0.9691  auc:0.9995 ap:0.9934 f1: 0.9468 pred_right: 454293 pred_wrong:15507 actu_right: 454992 actu_wrong: 14808
2026-09-14 11:32:35,364 P2658457 INFO ----------------------------------------------------------------------------------------------------
2026-09-14 11:32:35,364 P2658457 INFO 44/50 starting... lr: 0.001 para:0.02222222276031971
2026-09-14 11:33:15,176 P2658457 INFO Epoch 44/50, all_loss:0.41685 cls_loss:0.40133 rec_loss:1.09968 [39.81s]; best loss:0.38477, patience : 1
2026-09-14 11:33:34,615 P2658457 INFO pr:0.9372  rc:0.9613  auc:0.9992 ap:0.9940 f1: 0.9491 pred_right: 1060827 pred_wrong:35373 actu_right: 1061715 actu_wrong: 34485
2026-09-14 11:33:43,168 P2658457 INFO pr:0.9378  rc:0.9551  auc:0.9991 ap:0.9931 f1: 0.9464 pred_right: 454719 pred_wrong:15081 actu_right: 454992 actu_wrong: 14808
2026-09-14 11:33:43,175 P2658457 INFO ----------------------------------------------------------------------------------------------------
2026-09-14 11:33:43,175 P2658457 INFO 45/50 starting... lr: 0.001 para:0.021739130839705467
2026-09-14 11:34:24,308 P2658457 INFO Epoch 45/50, all_loss:0.40444 cls_loss:0.38896 rec_loss:1.10109 [41.13s]; best loss:0.38477, patience : 1
2026-09-14 11:34:48,891 P2658457 INFO pr:0.9545  rc:0.9476  auc:0.9994 ap:0.9950 f1: 0.9510 pred_right: 1061952 pred_wrong:34248 actu_right: 1061705 actu_wrong: 34495
2026-09-14 11:35:02,226 P2658457 INFO pr:0.9555  rc:0.9419  auc:0.9993 ap:0.9944 f1: 0.9486 pred_right: 455204 pred_wrong:14596 actu_right: 454992 actu_wrong: 14808
2026-09-14 11:35:02,232 P2658457 INFO ----------------------------------------------------------------------------------------------------
2026-09-14 11:35:02,232 P2658457 INFO 46/50 starting... lr: 0.001 para:0.021276595070958138
2026-09-14 11:35:41,339 P2658457 INFO Epoch 46/50, all_loss:0.39269 cls_loss:0.37736 rec_loss:1.09779 [39.11s]; best loss:0.38477, patience : 1
2026-09-14 11:36:00,460 P2658457 INFO pr:0.9464  rc:0.9608  auc:0.9996 ap:0.9950 f1: 0.9535 pred_right: 1061185 pred_wrong:35015 actu_right: 1061709 actu_wrong: 34491
2026-09-14 11:36:08,457 P2658457 INFO pr:0.9478  rc:0.9539  auc:0.9996 ap:0.9945 f1: 0.9509 pred_right: 454896 pred_wrong:14904 actu_right: 454992 actu_wrong: 14808
2026-09-14 11:36:08,463 P2658457 INFO ----------------------------------------------------------------------------------------------------
2026-09-14 11:36:08,464 P2658457 INFO 47/50 starting... lr: 0.001 para:0.02083333395421505
2026-09-14 11:36:48,855 P2658457 INFO Epoch 47/50, all_loss:0.38390 cls_loss:0.36856 rec_loss:1.10496 [40.39s]; best loss:0.38390, patience : 0
2026-09-14 11:37:17,728 P2658457 INFO pr:0.9437  rc:0.9666  auc:0.9997 ap:0.9952 f1: 0.9550 pred_right: 1060872 pred_wrong:35328 actu_right: 1061710 actu_wrong: 34490
2026-09-14 11:37:27,732 P2658457 INFO pr:0.9440  rc:0.9604  auc:0.9996 ap:0.9943 f1: 0.9521 pred_right: 454736 pred_wrong:15064 actu_right: 454992 actu_wrong: 14808
2026-09-14 11:37:27,738 P2658457 INFO ----------------------------------------------------------------------------------------------------
2026-09-14 11:37:27,738 P2658457 INFO 48/50 starting... lr: 0.001 para:0.020408162847161293
2026-09-14 11:38:06,700 P2658457 INFO Epoch 48/50, all_loss:0.35794 cls_loss:0.34233 rec_loss:1.10710 [38.95s]; best loss:0.35794, patience : 0
2026-09-14 11:38:26,617 P2658457 INFO pr:0.9324  rc:0.9757  auc:0.9997 ap:0.9948 f1: 0.9536 pred_right: 1060108 pred_wrong:36092 actu_right: 1061709 actu_wrong: 34491
2026-09-14 11:38:34,970 P2658457 INFO pr:0.9331  rc:0.9708  auc:0.9996 ap:0.9938 f1: 0.9516 pred_right: 454395 pred_wrong:15405 actu_right: 454992 actu_wrong: 14808
2026-09-14 11:38:34,971 P2658457 INFO ----------------------------------------------------------------------------------------------------
2026-09-14 11:38:34,978 P2658457 INFO 49/50 starting... lr: 0.001 para:0.019999999552965164
2026-09-14 11:39:15,327 P2658457 INFO Epoch 49/50, all_loss:0.38499 cls_loss:0.36998 rec_loss:1.12074 [40.35s]; best loss:0.35794, patience : 1
2026-09-14 11:39:45,765 P2658457 INFO pr:0.9560  rc:0.9390  auc:0.9995 ap:0.9944 f1: 0.9474 pred_right: 1062324 pred_wrong:33876 actu_right: 1061714 actu_wrong: 34486
2026-09-14 11:39:55,075 P2658457 INFO pr:0.9551  rc:0.9333  auc:0.9994 ap:0.9938 f1: 0.9441 pred_right: 455329 pred_wrong:14471 actu_right: 454992 actu_wrong: 14808
2026-09-14 11:39:55,076 P2658457 INFO saving model...
2026-09-14 11:39:55,076 P2658457 INFO FITS_Legendre - loss  best score:0.35794177651405334 at epoch 48
2026-09-14 11:39:55,084 P2658457 INFO FITS_Legendre - f1  best score:0.9550259245466786 at epoch 47
2026-09-14 11:39:55,090 P2658457 INFO Average training time per epoch: 35.63 seconds
2026-09-14 11:39:55,091 P2658457 INFO calculate scores...
2026-09-14 11:39:55,091 P2658457 INFO calculate label with loss...
2026-09-14 11:39:55,091 P2658457 INFO FITS_Legendre on ./result/server_only_exps/Ablations_updatedFreDF/FITS_Legendre-TT-Epochs50-Seed3-ExpNameRQ2z5_basis_degree_comparison-LPFLPF-Attnlinear_attn-NormLinTrue-RecLambda1.0-AuxiLambda0.2-lowshow-simplegraph-Degree3-BasisTypelaguerre loading...
2026-09-14 11:40:03,270 P2658457 INFO pr:0.9331  rc:0.9708  auc:0.9996 ap:0.9938 f1: 0.9516 pred_right: 454395 pred_wrong:15405 actu_right: 454992 actu_wrong: 14808
2026-09-14 11:40:15,555 P2658457 INFO pr:0.9331  rc:0.9708  auc:0.9996 ap:0.9938 f1: 0.9516 pred_right: 454395 pred_wrong:15405 actu_right: 454992 actu_wrong: 14808
2026-09-14 11:40:15,556 P2658457 INFO Performance Summary:
{'GPU': {'inference_time_per_sample_ms': 0.4264082233065442, 'throughput_samples_per_sec': 2345.1705322322114, 'peak_memory_mb': 87.724609375, 'energy_per_sample_joules': 0.020511514765714698}, 'CPU': {'inference_time_per_sample_ms': 0.656518281943215, 'throughput_samples_per_sec': 1523.1868289183365, 'peak_memory_mb': 5614.140625, 'energy_per_sample_joules': 0.042673688326308974}}
2026-09-14 11:40:15,556 P2658457 INFO Starting clean-room hardware benchmarking...
2026-09-14 11:40:16,902 P2658457 INFO Performance with loss: pr:0.9331  rc:0.9708  auc:0.9996 ap:0.9938 f1: 0.9516 pred_right: 454395 pred_wrong:15405 actu_right: 454992 actu_wrong: 14808
2026-09-14 11:40:16,903 P2658457 INFO calculate label with f1...
2026-09-14 11:40:16,903 P2658457 INFO FITS_Legendre on ./result/server_only_exps/Ablations_updatedFreDF/FITS_Legendre-TT-Epochs50-Seed3-ExpNameRQ2z5_basis_degree_comparison-LPFLPF-Attnlinear_attn-NormLinTrue-RecLambda1.0-AuxiLambda0.2-lowshow-simplegraph-Degree3-BasisTypelaguerre loading...
2026-09-14 11:40:24,563 P2658457 INFO pr:0.9440  rc:0.9604  auc:0.9996 ap:0.9943 f1: 0.9521 pred_right: 454736 pred_wrong:15064 actu_right: 454992 actu_wrong: 14808
2026-09-14 11:40:37,027 P2658457 INFO pr:0.9440  rc:0.9604  auc:0.9996 ap:0.9943 f1: 0.9521 pred_right: 454736 pred_wrong:15064 actu_right: 454992 actu_wrong: 14808
2026-09-14 11:40:37,028 P2658457 INFO Performance Summary:
{'GPU': {'inference_time_per_sample_ms': 0.39362711681974744, 'throughput_samples_per_sec': 2540.475382080771, 'peak_memory_mb': 87.220703125, 'energy_per_sample_joules': 0.02023085929606774}, 'CPU': {'inference_time_per_sample_ms': 0.6653589851957512, 'throughput_samples_per_sec': 1502.9480660064976, 'peak_memory_mb': 5498.375, 'energy_per_sample_joules': 0.04324833403772382}}
2026-09-14 11:40:37,028 P2658457 INFO Starting clean-room hardware benchmarking...
2026-09-14 11:40:38,379 P2658457 INFO Performance with f1: pr:0.9440  rc:0.9604  auc:0.9996 ap:0.9943 f1: 0.9521 pred_right: 454736 pred_wrong:15064 actu_right: 454992 actu_wrong: 14808
2026-09-14 11:40:38,380 P2658457 INFO Collecting case-study samples...
