2026-07-02 14:51:59,455 P1066557 INFO ---- Model: ----MSTGAD-96cf7e78----random_seed : 1----req_loss_approach : Legendre-style----rec_lambda : 1.0----auxi_lambda : 0.1----Freq Domain : FITS_Legendre----Multi Fits : false----train : True----evaluate : False
2026-07-02 14:51:59,455 P1066557 INFO Load from /home/db2003/Desktop/Amr/Tests/Eadro/codes/chunks/TT
2026-07-02 14:52:08,767 P1066557 INFO Fewshot: training with 1.0 of the 70% of the data
2026-07-02 14:52:21,022 P1066557 INFO Trainable Parameters Breakdown:
2026-07-02 14:52:21,022 P1066557 INFO --------------------------------------------------------------------------------
2026-07-02 14:52:21,022 P1066557 INFO Reconstruction-Specific Parameters:
2026-07-02 14:52:21,022 P1066557 INFO linear_attn.Wq.weight                    | shape: (10, 10)                  | params: 100
2026-07-02 14:52:21,022 P1066557 INFO linear_attn.Wk.weight                    | shape: (10, 10)                  | params: 100
2026-07-02 14:52:21,022 P1066557 INFO linear_attn.Wv.weight                    | shape: (10, 10)                  | params: 100
2026-07-02 14:52:21,022 P1066557 INFO linear_attn.out.weight                   | shape: (10, 10)                  | params: 100
2026-07-02 14:52:21,022 P1066557 INFO linear_attn.out.bias                     | shape: (10,)                     | params: 10
2026-07-02 14:52:21,022 P1066557 INFO linear_attn.norm.weight                  | shape: (10,)                     | params: 10
2026-07-02 14:52:21,022 P1066557 INFO linear_attn.norm.bias                    | shape: (10,)                     | params: 10
2026-07-02 14:52:21,022 P1066557 INFO shared_fits.normlin_W                    | shape: (5, 5)                    | params: 25
2026-07-02 14:52:21,023 P1066557 INFO shared_fits.freq_upsampler.weight        | shape: (5, 5)                    | params: 25
2026-07-02 14:52:21,023 P1066557 INFO shared_fits.freq_upsampler.bias          | shape: (5,)                      | params: 5
2026-07-02 14:52:21,023 P1066557 INFO modality_proj.node.weight                | shape: (10, 8)                   | params: 80
2026-07-02 14:52:21,023 P1066557 INFO modality_proj.node.bias                  | shape: (10,)                     | params: 10
2026-07-02 14:52:21,023 P1066557 INFO modality_proj.log.weight                 | shape: (10, 32)                  | params: 320
2026-07-02 14:52:21,023 P1066557 INFO modality_proj.log.bias                   | shape: (10,)                     | params: 10
2026-07-02 14:52:21,023 P1066557 INFO modality_proj.edge.weight                | shape: (10, 8)                   | params: 80
2026-07-02 14:52:21,023 P1066557 INFO modality_proj.edge.bias                  | shape: (10,)                     | params: 10
2026-07-02 14:52:21,023 P1066557 INFO modality_proj_out.node.weight            | shape: (8, 10)                   | params: 80
2026-07-02 14:52:21,023 P1066557 INFO modality_proj_out.node.bias              | shape: (8,)                      | params: 8
2026-07-02 14:52:21,023 P1066557 INFO modality_proj_out.log.weight             | shape: (32, 10)                  | params: 320
2026-07-02 14:52:21,023 P1066557 INFO modality_proj_out.log.bias               | shape: (32,)                     | params: 32
2026-07-02 14:52:21,023 P1066557 INFO modality_proj_out.edge.weight            | shape: (8, 10)                   | params: 80
2026-07-02 14:52:21,023 P1066557 INFO modality_proj_out.edge.bias              | shape: (8,)                      | params: 8
2026-07-02 14:52:21,023 P1066557 INFO Subtotal: 1,523
2026-07-02 14:52:21,023 P1066557 INFO --------------------------------------------------------------------------------
2026-07-02 14:52:21,023 P1066557 INFO Common Parameters:
2026-07-02 14:52:21,023 P1066557 INFO node_emb.linear.weight                   | shape: (8, 7)                    | params: 56
2026-07-02 14:52:21,023 P1066557 INFO node_emb.linear.bias                     | shape: (8,)                      | params: 8
2026-07-02 14:52:21,023 P1066557 INFO log_emb.linear.weight                    | shape: (32, 60)                  | params: 1,920
2026-07-02 14:52:21,023 P1066557 INFO log_emb.linear.bias                      | shape: (32,)                     | params: 32
2026-07-02 14:52:21,023 P1066557 INFO egde_emb.linear.weight                   | shape: (8, 2)                    | params: 16
2026-07-02 14:52:21,024 P1066557 INFO egde_emb.linear.bias                     | shape: (8,)                      | params: 8
2026-07-02 14:52:21,024 P1066557 INFO dense_node.weight                        | shape: (7, 8)                    | params: 56
2026-07-02 14:52:21,024 P1066557 INFO dense_node.bias                          | shape: (7,)                      | params: 7
2026-07-02 14:52:21,024 P1066557 INFO dense_log.weight                         | shape: (60, 32)                  | params: 1,920
2026-07-02 14:52:21,024 P1066557 INFO dense_log.bias                           | shape: (60,)                     | params: 60
2026-07-02 14:52:21,024 P1066557 INFO dense_edge.weight                        | shape: (2, 8)                    | params: 16
2026-07-02 14:52:21,024 P1066557 INFO dense_edge.bias                          | shape: (2,)                      | params: 2
2026-07-02 14:52:21,024 P1066557 INFO show.0.weight                            | shape: (128, 69)                 | params: 8,832
2026-07-02 14:52:21,024 P1066557 INFO show.0.bias                              | shape: (128,)                    | params: 128
2026-07-02 14:52:21,024 P1066557 INFO show.2.weight                            | shape: (2, 128)                  | params: 256
2026-07-02 14:52:21,024 P1066557 INFO show.2.bias                              | shape: (2,)                      | params: 2
2026-07-02 14:52:21,024 P1066557 INFO Subtotal: 13,319
2026-07-02 14:52:21,024 P1066557 INFO --------------------------------------------------------------------------------
2026-07-02 14:52:21,024 P1066557 INFO Total Trainable Parameters: 14,842

2026-07-02 14:52:21,024 P1066557 INFO Trainable Parameters: 14842, reconstruction: 1523, common: 13319
2026-07-02 14:52:21,024 P1066557 INFO model : init weight
2026-07-02 14:52:21,025 P1066557 INFO Using GPU...
2026-07-02 14:52:21,029 P1066557 INFO optimizer : using AdaBelief
2026-07-02 14:52:21,029 P1066557 INFO ----------------------------------------------------------------------------------------------------
2026-07-02 14:52:21,030 P1066557 INFO 0/10 starting... lr: 0.001 para:1.0
2026-07-02 14:52:40,606 P1066557 INFO Epoch 0/10, all_loss:0.07248 cls_loss:30.96115 rec_loss:0.07248 [19.57s]; best loss:0.07248, patience : 0
2026-07-02 14:52:40,606 P1066557 INFO ----------------------------------------------------------------------------------------------------
2026-07-02 14:52:40,606 P1066557 INFO 1/10 starting... lr: 0.001 para:0.5
2026-07-02 14:52:59,589 P1066557 INFO Epoch 1/10, all_loss:1.99684 cls_loss:3.76637 rec_loss:0.22730 [18.98s]; best loss:1.99684, patience : 0
2026-07-02 14:52:59,590 P1066557 INFO ----------------------------------------------------------------------------------------------------
2026-07-02 14:52:59,590 P1066557 INFO 2/10 starting... lr: 0.001 para:0.3333333432674408
2026-07-02 14:53:19,913 P1066557 INFO Epoch 2/10, all_loss:1.50971 cls_loss:2.13789 rec_loss:0.25335 [20.32s]; best loss:1.50971, patience : 0
2026-07-02 14:53:28,082 P1066557 INFO pr:0.9629  rc:0.4308  auc:0.9885 ap:0.9045 f1: 0.5953 pred_right: 1080769 pred_wrong:15431 actu_right: 1061712 actu_wrong: 34488
2026-07-02 14:53:32,644 P1066557 INFO pr:0.9620  rc:0.4320  auc:0.9886 ap:0.9048 f1: 0.5962 pred_right: 463150 pred_wrong:6650 actu_right: 454992 actu_wrong: 14808
2026-07-02 14:53:32,652 P1066557 INFO ----------------------------------------------------------------------------------------------------
2026-07-02 14:53:32,652 P1066557 INFO 3/10 starting... lr: 0.001 para:0.25
2026-07-02 14:53:57,306 P1066557 INFO Epoch 3/10, all_loss:1.48484 cls_loss:1.88057 rec_loss:0.29764 [24.65s]; best loss:1.48484, patience : 0
2026-07-02 14:54:06,833 P1066557 INFO pr:0.9215  rc:0.5711  auc:0.9928 ap:0.9320 f1: 0.7052 pred_right: 1074823 pred_wrong:21377 actu_right: 1061708 actu_wrong: 34492
2026-07-02 14:54:10,673 P1066557 INFO pr:0.9262  rc:0.5754  auc:0.9929 ap:0.9325 f1: 0.7098 pred_right: 460600 pred_wrong:9200 actu_right: 454992 actu_wrong: 14808
2026-07-02 14:54:10,678 P1066557 INFO ----------------------------------------------------------------------------------------------------
2026-07-02 14:54:10,678 P1066557 INFO 4/10 starting... lr: 0.001 para:0.20000000298023224
2026-07-02 14:54:29,880 P1066557 INFO Epoch 4/10, all_loss:1.35378 cls_loss:1.61245 rec_loss:0.31911 [19.20s]; best loss:1.35378, patience : 0
2026-07-02 14:54:39,198 P1066557 INFO pr:0.8741  rc:0.6588  auc:0.9948 ap:0.9433 f1: 0.7514 pred_right: 1070207 pred_wrong:25993 actu_right: 1061714 actu_wrong: 34486
2026-07-02 14:54:44,534 P1066557 INFO pr:0.8795  rc:0.6633  auc:0.9948 ap:0.9435 f1: 0.7562 pred_right: 458632 pred_wrong:11168 actu_right: 454992 actu_wrong: 14808
2026-07-02 14:54:44,539 P1066557 INFO ----------------------------------------------------------------------------------------------------
2026-07-02 14:54:44,539 P1066557 INFO 5/10 starting... lr: 0.001 para:0.1666666716337204
2026-07-02 14:55:10,324 P1066557 INFO Epoch 5/10, all_loss:1.30197 cls_loss:1.49315 rec_loss:0.34607 [25.78s]; best loss:1.30197, patience : 0
2026-07-02 14:55:20,793 P1066557 INFO pr:0.8465  rc:0.7396  auc:0.9956 ap:0.9507 f1: 0.7894 pred_right: 1066066 pred_wrong:30134 actu_right: 1061714 actu_wrong: 34486
2026-07-02 14:55:25,224 P1066557 INFO pr:0.8500  rc:0.7430  auc:0.9956 ap:0.9509 f1: 0.7929 pred_right: 456856 pred_wrong:12944 actu_right: 454992 actu_wrong: 14808
2026-07-02 14:55:25,228 P1066557 INFO ----------------------------------------------------------------------------------------------------
2026-07-02 14:55:25,228 P1066557 INFO 6/10 starting... lr: 0.001 para:0.1428571492433548
2026-07-02 14:55:44,962 P1066557 INFO Epoch 6/10, all_loss:1.28005 cls_loss:1.42932 rec_loss:0.38444 [19.73s]; best loss:1.28005, patience : 0
2026-07-02 14:55:55,353 P1066557 INFO pr:0.8297  rc:0.8018  auc:0.9963 ap:0.9573 f1: 0.8155 pred_right: 1062865 pred_wrong:33335 actu_right: 1061707 actu_wrong: 34493
2026-07-02 14:55:59,307 P1066557 INFO pr:0.8326  rc:0.8044  auc:0.9963 ap:0.9575 f1: 0.8183 pred_right: 455493 pred_wrong:14307 actu_right: 454992 actu_wrong: 14808
2026-07-02 14:55:59,312 P1066557 INFO ----------------------------------------------------------------------------------------------------
2026-07-02 14:55:59,312 P1066557 INFO 7/10 starting... lr: 0.001 para:0.125
2026-07-02 14:56:18,544 P1066557 INFO Epoch 7/10, all_loss:1.13460 cls_loss:1.23016 rec_loss:0.46563 [19.23s]; best loss:1.13460, patience : 0
2026-07-02 14:56:33,971 P1066557 INFO pr:0.8423  rc:0.8931  auc:0.9973 ap:0.9703 f1: 0.8669 pred_right: 1059627 pred_wrong:36573 actu_right: 1061707 actu_wrong: 34493
2026-07-02 14:56:38,932 P1066557 INFO pr:0.8441  rc:0.8919  auc:0.9972 ap:0.9707 f1: 0.8673 pred_right: 454154 pred_wrong:15646 actu_right: 454992 actu_wrong: 14808
2026-07-02 14:56:38,936 P1066557 INFO ----------------------------------------------------------------------------------------------------
2026-07-02 14:56:38,937 P1066557 INFO 8/10 starting... lr: 0.001 para:0.1111111119389534
2026-07-02 14:56:58,782 P1066557 INFO Epoch 8/10, all_loss:1.00831 cls_loss:1.06167 rec_loss:0.58143 [19.84s]; best loss:1.00831, patience : 0
2026-07-02 14:57:08,411 P1066557 INFO pr:0.8724  rc:0.9088  auc:0.9981 ap:0.9764 f1: 0.8902 pred_right: 1060272 pred_wrong:35928 actu_right: 1061712 actu_wrong: 34488
2026-07-02 14:57:12,370 P1066557 INFO pr:0.8721  rc:0.9079  auc:0.9981 ap:0.9755 f1: 0.8897 pred_right: 454385 pred_wrong:15415 actu_right: 454992 actu_wrong: 14808
2026-07-02 14:57:12,374 P1066557 INFO ----------------------------------------------------------------------------------------------------
2026-07-02 14:57:12,374 P1066557 INFO 9/10 starting... lr: 0.001 para:0.10000000149011612
2026-07-02 14:57:32,150 P1066557 INFO Epoch 9/10, all_loss:0.86602 cls_loss:0.88787 rec_loss:0.66934 [19.77s]; best loss:0.86602, patience : 0
2026-07-02 14:57:42,327 P1066557 INFO pr:0.8970  rc:0.8950  auc:0.9981 ap:0.9813 f1: 0.8960 pred_right: 1061792 pred_wrong:34408 actu_right: 1061714 actu_wrong: 34486
2026-07-02 14:57:45,859 P1066557 INFO pr:0.8985  rc:0.8953  auc:0.9980 ap:0.9815 f1: 0.8969 pred_right: 455044 pred_wrong:14756 actu_right: 454992 actu_wrong: 14808
2026-07-02 14:57:45,864 P1066557 INFO saving model...
2026-07-02 14:57:45,864 P1066557 INFO FITS_Legendre - loss  best score:0.866020143032074 at epoch 9
2026-07-02 14:57:45,869 P1066557 INFO FITS_Legendre - f1  best score:0.8960141666908584 at epoch 9
2026-07-02 14:57:45,873 P1066557 INFO Average training time per epoch: 20.71 seconds
2026-07-02 14:57:45,874 P1066557 INFO calculate scores...
2026-07-02 14:57:45,874 P1066557 INFO calculate label with loss...
2026-07-02 14:57:45,874 P1066557 INFO FITS_Legendre on ./result/FITS_Legendre-TT-1 loading...
2026-07-02 14:57:49,611 P1066557 INFO pr:0.8985  rc:0.8953  auc:0.9980 ap:0.9815 f1: 0.8969 pred_right: 455044 pred_wrong:14756 actu_right: 454992 actu_wrong: 14808
2026-07-02 14:58:10,587 P1066557 INFO pr:0.8985  rc:0.8953  auc:0.9980 ap:0.9815 f1: 0.8969 pred_right: 455044 pred_wrong:14756 actu_right: 454992 actu_wrong: 14808
2026-07-02 14:58:10,591 P1066557 INFO Performance Summary:
{'GPU': {'inference_time_per_sample_ms': 0.18503762736796786, 'throughput_samples_per_sec': 5404.306217196511, 'peak_memory_mb': 139.30078125, 'energy_per_sample_joules': 0.011137414791277984}, 'CPU': {'inference_time_per_sample_ms': 1.1710874248728003, 'throughput_samples_per_sec': 853.9072137237036, 'peak_memory_mb': 5573.53125, 'energy_per_sample_joules': 0.07612068261673201}}
2026-07-02 14:58:10,591 P1066557 INFO Starting clean-room hardware benchmarking...
2026-07-02 14:58:11,431 P1066557 INFO calculate label with f1...
2026-07-02 14:58:11,431 P1066557 INFO FITS_Legendre on ./result/FITS_Legendre-TT-1 loading...
2026-07-02 14:58:15,563 P1066557 INFO pr:0.8985  rc:0.8953  auc:0.9980 ap:0.9815 f1: 0.8969 pred_right: 455044 pred_wrong:14756 actu_right: 454992 actu_wrong: 14808
2026-07-02 14:58:27,439 P1066557 INFO pr:0.8985  rc:0.8953  auc:0.9980 ap:0.9815 f1: 0.8969 pred_right: 455044 pred_wrong:14756 actu_right: 454992 actu_wrong: 14808
2026-07-02 14:58:27,440 P1066557 INFO Performance Summary:
{'GPU': {'inference_time_per_sample_ms': 0.20562535317702355, 'throughput_samples_per_sec': 4863.213531548791, 'peak_memory_mb': 138.7919921875, 'energy_per_sample_joules': 0.012555484064989058}, 'CPU': {'inference_time_per_sample_ms': 0.6487264562008986, 'throughput_samples_per_sec': 1541.4817608275844, 'peak_memory_mb': 5574.28515625, 'energy_per_sample_joules': 0.042167219653058405}}
2026-07-02 14:58:27,440 P1066557 INFO Starting clean-room hardware benchmarking...
2026-07-02 15:00:00,800 P1070148 INFO ---- Model: ----MSTGAD-96cf7e78----random_seed : 1----req_loss_approach : Legendre-style----rec_lambda : 1.0----auxi_lambda : 0.1----Freq Domain : FITS_Legendre----Multi Fits : false----train : True----evaluate : False
2026-07-02 15:00:00,801 P1070148 INFO Load from /home/db2003/Desktop/Amr/Tests/Eadro/codes/chunks/TT
2026-07-02 15:00:11,403 P1070148 INFO Fewshot: training with 1.0 of the 70% of the data
2026-07-02 15:00:19,037 P1070148 INFO Trainable Parameters Breakdown:
2026-07-02 15:00:19,037 P1070148 INFO --------------------------------------------------------------------------------
2026-07-02 15:00:19,037 P1070148 INFO Reconstruction-Specific Parameters:
2026-07-02 15:00:19,037 P1070148 INFO linear_attn.Wq.weight                    | shape: (10, 10)                  | params: 100
2026-07-02 15:00:19,037 P1070148 INFO linear_attn.Wk.weight                    | shape: (10, 10)                  | params: 100
2026-07-02 15:00:19,037 P1070148 INFO linear_attn.Wv.weight                    | shape: (10, 10)                  | params: 100
2026-07-02 15:00:19,037 P1070148 INFO linear_attn.out.weight                   | shape: (10, 10)                  | params: 100
2026-07-02 15:00:19,037 P1070148 INFO linear_attn.out.bias                     | shape: (10,)                     | params: 10
2026-07-02 15:00:19,037 P1070148 INFO linear_attn.norm.weight                  | shape: (10,)                     | params: 10
2026-07-02 15:00:19,037 P1070148 INFO linear_attn.norm.bias                    | shape: (10,)                     | params: 10
2026-07-02 15:00:19,037 P1070148 INFO shared_fits.normlin_W                    | shape: (5, 5)                    | params: 25
2026-07-02 15:00:19,037 P1070148 INFO shared_fits.freq_upsampler.weight        | shape: (5, 5)                    | params: 25
2026-07-02 15:00:19,037 P1070148 INFO shared_fits.freq_upsampler.bias          | shape: (5,)                      | params: 5
2026-07-02 15:00:19,037 P1070148 INFO modality_proj.node.weight                | shape: (10, 8)                   | params: 80
2026-07-02 15:00:19,037 P1070148 INFO modality_proj.node.bias                  | shape: (10,)                     | params: 10
2026-07-02 15:00:19,037 P1070148 INFO modality_proj.log.weight                 | shape: (10, 32)                  | params: 320
2026-07-02 15:00:19,037 P1070148 INFO modality_proj.log.bias                   | shape: (10,)                     | params: 10
2026-07-02 15:00:19,037 P1070148 INFO modality_proj.edge.weight                | shape: (10, 8)                   | params: 80
2026-07-02 15:00:19,037 P1070148 INFO modality_proj.edge.bias                  | shape: (10,)                     | params: 10
2026-07-02 15:00:19,037 P1070148 INFO modality_proj_out.node.weight            | shape: (8, 10)                   | params: 80
2026-07-02 15:00:19,037 P1070148 INFO modality_proj_out.node.bias              | shape: (8,)                      | params: 8
2026-07-02 15:00:19,037 P1070148 INFO modality_proj_out.log.weight             | shape: (32, 10)                  | params: 320
2026-07-02 15:00:19,037 P1070148 INFO modality_proj_out.log.bias               | shape: (32,)                     | params: 32
2026-07-02 15:00:19,037 P1070148 INFO modality_proj_out.edge.weight            | shape: (8, 10)                   | params: 80
2026-07-02 15:00:19,037 P1070148 INFO modality_proj_out.edge.bias              | shape: (8,)                      | params: 8
2026-07-02 15:00:19,038 P1070148 INFO Subtotal: 1,523
2026-07-02 15:00:19,038 P1070148 INFO --------------------------------------------------------------------------------
2026-07-02 15:00:19,038 P1070148 INFO Common Parameters:
2026-07-02 15:00:19,038 P1070148 INFO node_emb.linear.weight                   | shape: (8, 7)                    | params: 56
2026-07-02 15:00:19,038 P1070148 INFO node_emb.linear.bias                     | shape: (8,)                      | params: 8
2026-07-02 15:00:19,038 P1070148 INFO log_emb.linear.weight                    | shape: (32, 60)                  | params: 1,920
2026-07-02 15:00:19,038 P1070148 INFO log_emb.linear.bias                      | shape: (32,)                     | params: 32
2026-07-02 15:00:19,038 P1070148 INFO egde_emb.linear.weight                   | shape: (8, 2)                    | params: 16
2026-07-02 15:00:19,038 P1070148 INFO egde_emb.linear.bias                     | shape: (8,)                      | params: 8
2026-07-02 15:00:19,038 P1070148 INFO dense_node.weight                        | shape: (7, 8)                    | params: 56
2026-07-02 15:00:19,038 P1070148 INFO dense_node.bias                          | shape: (7,)                      | params: 7
2026-07-02 15:00:19,038 P1070148 INFO dense_log.weight                         | shape: (60, 32)                  | params: 1,920
2026-07-02 15:00:19,038 P1070148 INFO dense_log.bias                           | shape: (60,)                     | params: 60
2026-07-02 15:00:19,038 P1070148 INFO dense_edge.weight                        | shape: (2, 8)                    | params: 16
2026-07-02 15:00:19,038 P1070148 INFO dense_edge.bias                          | shape: (2,)                      | params: 2
2026-07-02 15:00:19,038 P1070148 INFO show.0.weight                            | shape: (128, 69)                 | params: 8,832
2026-07-02 15:00:19,038 P1070148 INFO show.0.bias                              | shape: (128,)                    | params: 128
2026-07-02 15:00:19,038 P1070148 INFO show.2.weight                            | shape: (2, 128)                  | params: 256
2026-07-02 15:00:19,038 P1070148 INFO show.2.bias                              | shape: (2,)                      | params: 2
2026-07-02 15:00:19,038 P1070148 INFO Subtotal: 13,319
2026-07-02 15:00:19,038 P1070148 INFO --------------------------------------------------------------------------------
2026-07-02 15:00:19,038 P1070148 INFO Total Trainable Parameters: 14,842

2026-07-02 15:00:19,038 P1070148 INFO Trainable Parameters: 14842, reconstruction: 1523, common: 13319
2026-07-02 15:00:19,038 P1070148 INFO model : init weight
2026-07-02 15:00:19,038 P1070148 INFO Using GPU...
2026-07-02 15:00:19,042 P1070148 INFO optimizer : using AdaBelief
2026-07-02 15:00:19,042 P1070148 INFO ----------------------------------------------------------------------------------------------------
2026-07-02 15:00:19,042 P1070148 INFO 0/10 starting... lr: 0.001 para:1.0
