2026-07-13 23:12:19,748 P1158833 INFO ---- Model: ----MSTGAD-60cb3078----random_seed : 2----req_loss_approach : Legendre-style----rec_lambda : 1.0----auxi_lambda : 0.2----Freq Domain : FITS_Legendre----Multi Fits : false----train : True----evaluate : False
2026-07-13 23:12:19,749 P1158833 INFO Load from /home/db2003/Desktop/Amr/Tests/Eadro/codes/chunks/TT
2026-07-13 23:12:35,255 P1158833 INFO Fewshot: training with 1.0 of the 70% of the data
2026-07-13 23:12:43,892 P1158833 INFO Trainable Parameters Breakdown:
2026-07-13 23:12:43,892 P1158833 INFO --------------------------------------------------------------------------------
2026-07-13 23:12:43,892 P1158833 INFO Reconstruction-Specific Parameters:
2026-07-13 23:12:43,892 P1158833 INFO linear_attn.Wq.weight                    | shape: (10, 10)                  | params: 100
2026-07-13 23:12:43,892 P1158833 INFO linear_attn.Wk.weight                    | shape: (10, 10)                  | params: 100
2026-07-13 23:12:43,893 P1158833 INFO linear_attn.Wv.weight                    | shape: (10, 10)                  | params: 100
2026-07-13 23:12:43,893 P1158833 INFO linear_attn.out.weight                   | shape: (10, 10)                  | params: 100
2026-07-13 23:12:43,893 P1158833 INFO linear_attn.out.bias                     | shape: (10,)                     | params: 10
2026-07-13 23:12:43,893 P1158833 INFO linear_attn.norm.weight                  | shape: (10,)                     | params: 10
2026-07-13 23:12:43,893 P1158833 INFO linear_attn.norm.bias                    | shape: (10,)                     | params: 10
2026-07-13 23:12:43,893 P1158833 INFO shared_fits.normlin_W                    | shape: (5, 5)                    | params: 25
2026-07-13 23:12:43,893 P1158833 INFO shared_fits.freq_upsampler.weight        | shape: (5, 5)                    | params: 25
2026-07-13 23:12:43,893 P1158833 INFO shared_fits.freq_upsampler.bias          | shape: (5,)                      | params: 5
2026-07-13 23:12:43,893 P1158833 INFO modality_proj.node.weight                | shape: (10, 8)                   | params: 80
2026-07-13 23:12:43,893 P1158833 INFO modality_proj.node.bias                  | shape: (10,)                     | params: 10
2026-07-13 23:12:43,893 P1158833 INFO modality_proj.log.weight                 | shape: (10, 32)                  | params: 320
2026-07-13 23:12:43,893 P1158833 INFO modality_proj.log.bias                   | shape: (10,)                     | params: 10
2026-07-13 23:12:43,893 P1158833 INFO modality_proj.edge.weight                | shape: (10, 8)                   | params: 80
2026-07-13 23:12:43,893 P1158833 INFO modality_proj.edge.bias                  | shape: (10,)                     | params: 10
2026-07-13 23:12:43,893 P1158833 INFO modality_proj_out.node.weight            | shape: (8, 10)                   | params: 80
2026-07-13 23:12:43,893 P1158833 INFO modality_proj_out.node.bias              | shape: (8,)                      | params: 8
2026-07-13 23:12:43,893 P1158833 INFO modality_proj_out.log.weight             | shape: (32, 10)                  | params: 320
2026-07-13 23:12:43,893 P1158833 INFO modality_proj_out.log.bias               | shape: (32,)                     | params: 32
2026-07-13 23:12:43,893 P1158833 INFO modality_proj_out.edge.weight            | shape: (8, 10)                   | params: 80
2026-07-13 23:12:43,893 P1158833 INFO modality_proj_out.edge.bias              | shape: (8,)                      | params: 8
2026-07-13 23:12:43,893 P1158833 INFO Subtotal: 1,523
2026-07-13 23:12:43,893 P1158833 INFO --------------------------------------------------------------------------------
2026-07-13 23:12:43,894 P1158833 INFO Common Parameters:
2026-07-13 23:12:43,894 P1158833 INFO node_emb.linear.weight                   | shape: (8, 7)                    | params: 56
2026-07-13 23:12:43,894 P1158833 INFO node_emb.linear.bias                     | shape: (8,)                      | params: 8
2026-07-13 23:12:43,894 P1158833 INFO log_emb.linear.weight                    | shape: (32, 60)                  | params: 1,920
2026-07-13 23:12:43,894 P1158833 INFO log_emb.linear.bias                      | shape: (32,)                     | params: 32
2026-07-13 23:12:43,894 P1158833 INFO egde_emb.linear.weight                   | shape: (8, 2)                    | params: 16
2026-07-13 23:12:43,894 P1158833 INFO egde_emb.linear.bias                     | shape: (8,)                      | params: 8
2026-07-13 23:12:43,894 P1158833 INFO dense_node.weight                        | shape: (7, 8)                    | params: 56
2026-07-13 23:12:43,894 P1158833 INFO dense_node.bias                          | shape: (7,)                      | params: 7
2026-07-13 23:12:43,894 P1158833 INFO dense_log.weight                         | shape: (60, 32)                  | params: 1,920
2026-07-13 23:12:43,894 P1158833 INFO dense_log.bias                           | shape: (60,)                     | params: 60
2026-07-13 23:12:43,894 P1158833 INFO dense_edge.weight                        | shape: (2, 8)                    | params: 16
2026-07-13 23:12:43,894 P1158833 INFO dense_edge.bias                          | shape: (2,)                      | params: 2
2026-07-13 23:12:43,894 P1158833 INFO show.0.weight                            | shape: (128, 69)                 | params: 8,832
2026-07-13 23:12:43,894 P1158833 INFO show.0.bias                              | shape: (128,)                    | params: 128
2026-07-13 23:12:43,894 P1158833 INFO show.2.weight                            | shape: (2, 128)                  | params: 256
2026-07-13 23:12:43,894 P1158833 INFO show.2.bias                              | shape: (2,)                      | params: 2
2026-07-13 23:12:43,894 P1158833 INFO Subtotal: 13,319
2026-07-13 23:12:43,894 P1158833 INFO --------------------------------------------------------------------------------
2026-07-13 23:12:43,894 P1158833 INFO Total Trainable Parameters: 14,842

2026-07-13 23:12:43,894 P1158833 INFO Trainable Parameters: 14842, reconstruction: 1523, common: 13319
2026-07-13 23:12:43,895 P1158833 INFO model : init weight
2026-07-13 23:12:43,895 P1158833 INFO Using GPU...
2026-07-13 23:12:43,900 P1158833 INFO optimizer : using AdaBelief
2026-07-13 23:12:43,900 P1158833 INFO ----------------------------------------------------------------------------------------------------
2026-07-13 23:12:43,900 P1158833 INFO 0/50 starting... lr: 0.001 para:1.0
2026-07-13 23:13:02,524 P1158833 INFO Epoch 0/50, all_loss:0.15208 cls_loss:45.09797 rec_loss:0.15208 [18.62s]; best loss:0.15208, patience : 0
2026-07-13 23:13:02,524 P1158833 INFO ----------------------------------------------------------------------------------------------------
2026-07-13 23:13:02,524 P1158833 INFO 1/50 starting... lr: 0.001 para:0.5
2026-07-13 23:13:21,272 P1158833 INFO Epoch 1/50, all_loss:2.56044 cls_loss:4.84817 rec_loss:0.27270 [18.74s]; best loss:2.56044, patience : 0
2026-07-13 23:13:21,272 P1158833 INFO ----------------------------------------------------------------------------------------------------
2026-07-13 23:13:21,272 P1158833 INFO 2/50 starting... lr: 0.001 para:0.3333333432674408
2026-07-13 23:13:39,112 P1158833 INFO Epoch 2/50, all_loss:2.04961 cls_loss:2.90330 rec_loss:0.34224 [17.84s]; best loss:2.04961, patience : 0
2026-07-13 23:13:56,634 P1158833 INFO pr:0.8645  rc:0.4724  auc:0.9784 ap:0.8626 f1: 0.6109 pred_right: 1077353 pred_wrong:18847 actu_right: 1061707 actu_wrong: 34493
2026-07-13 23:14:00,892 P1158833 INFO pr:0.8675  rc:0.4705  auc:0.9779 ap:0.8631 f1: 0.6101 pred_right: 461769 pred_wrong:8031 actu_right: 454992 actu_wrong: 14808
2026-07-13 23:14:00,896 P1158833 INFO ----------------------------------------------------------------------------------------------------
2026-07-13 23:14:00,897 P1158833 INFO 3/50 starting... lr: 0.001 para:0.25
2026-07-13 23:14:19,344 P1158833 INFO Epoch 3/50, all_loss:1.98134 cls_loss:2.53062 rec_loss:0.33352 [18.44s]; best loss:1.98134, patience : 0
2026-07-13 23:14:28,961 P1158833 INFO pr:0.9040  rc:0.4580  auc:0.9829 ap:0.8755 f1: 0.6080 pred_right: 1078724 pred_wrong:17476 actu_right: 1061708 actu_wrong: 34492
2026-07-13 23:14:33,003 P1158833 INFO pr:0.9074  rc:0.4577  auc:0.9829 ap:0.8760 f1: 0.6084 pred_right: 462331 pred_wrong:7469 actu_right: 454992 actu_wrong: 14808
2026-07-13 23:14:33,004 P1158833 INFO ----------------------------------------------------------------------------------------------------
2026-07-13 23:14:33,004 P1158833 INFO 4/50 starting... lr: 0.001 para:0.20000000298023224
2026-07-13 23:14:51,891 P1158833 INFO Epoch 4/50, all_loss:1.97033 cls_loss:2.37693 rec_loss:0.34391 [18.88s]; best loss:1.97033, patience : 0
2026-07-13 23:15:02,757 P1158833 INFO pr:0.8075  rc:0.5508  auc:0.9846 ap:0.8807 f1: 0.6549 pred_right: 1072671 pred_wrong:23529 actu_right: 1061706 actu_wrong: 34494
2026-07-13 23:15:06,750 P1158833 INFO pr:0.8152  rc:0.5524  auc:0.9845 ap:0.8801 f1: 0.6586 pred_right: 459766 pred_wrong:10034 actu_right: 454992 actu_wrong: 14808
2026-07-13 23:15:06,754 P1158833 INFO ----------------------------------------------------------------------------------------------------
2026-07-13 23:15:06,754 P1158833 INFO 5/50 starting... lr: 0.001 para:0.1666666716337204
2026-07-13 23:15:32,745 P1158833 INFO Epoch 5/50, all_loss:1.99469 cls_loss:2.32190 rec_loss:0.35864 [25.99s]; best loss:1.97033, patience : 1
2026-07-13 23:15:42,582 P1158833 INFO pr:0.7933  rc:0.5733  auc:0.9830 ap:0.8799 f1: 0.6656 pred_right: 1071275 pred_wrong:24925 actu_right: 1061711 actu_wrong: 34489
2026-07-13 23:15:46,772 P1158833 INFO pr:0.8009  rc:0.5720  auc:0.9826 ap:0.8810 f1: 0.6674 pred_right: 459225 pred_wrong:10575 actu_right: 454992 actu_wrong: 14808
2026-07-13 23:15:46,776 P1158833 INFO ----------------------------------------------------------------------------------------------------
2026-07-13 23:15:46,776 P1158833 INFO 6/50 starting... lr: 0.001 para:0.1428571492433548
2026-07-13 23:16:05,215 P1158833 INFO Epoch 6/50, all_loss:1.97732 cls_loss:2.24632 rec_loss:0.36330 [18.44s]; best loss:1.97033, patience : 1
2026-07-13 23:16:15,235 P1158833 INFO pr:0.9333  rc:0.4732  auc:0.9866 ap:0.8960 f1: 0.6280 pred_right: 1078712 pred_wrong:17488 actu_right: 1061709 actu_wrong: 34491
2026-07-13 23:16:19,292 P1158833 INFO pr:0.9336  rc:0.4711  auc:0.9863 ap:0.8965 f1: 0.6262 pred_right: 462328 pred_wrong:7472 actu_right: 454992 actu_wrong: 14808
2026-07-13 23:16:19,293 P1158833 INFO ----------------------------------------------------------------------------------------------------
2026-07-13 23:16:19,293 P1158833 INFO 7/50 starting... lr: 0.001 para:0.125
2026-07-13 23:16:39,167 P1158833 INFO Epoch 7/50, all_loss:1.95028 cls_loss:2.17568 rec_loss:0.37247 [19.87s]; best loss:1.95028, patience : 0
2026-07-13 23:16:47,721 P1158833 INFO pr:0.8952  rc:0.5050  auc:0.9854 ap:0.8876 f1: 0.6457 pred_right: 1076743 pred_wrong:19457 actu_right: 1061710 actu_wrong: 34490
2026-07-13 23:16:51,781 P1158833 INFO pr:0.8982  rc:0.5050  auc:0.9854 ap:0.8874 f1: 0.6465 pred_right: 461474 pred_wrong:8326 actu_right: 454992 actu_wrong: 14808
2026-07-13 23:16:51,783 P1158833 INFO ----------------------------------------------------------------------------------------------------
2026-07-13 23:16:51,783 P1158833 INFO 8/50 starting... lr: 0.001 para:0.1111111119389534
2026-07-13 23:17:17,006 P1158833 INFO Epoch 8/50, all_loss:1.95985 cls_loss:2.15723 rec_loss:0.38082 [25.22s]; best loss:1.95028, patience : 1
2026-07-13 23:17:26,887 P1158833 INFO pr:0.8877  rc:0.5349  auc:0.9883 ap:0.9032 f1: 0.6676 pred_right: 1075417 pred_wrong:20783 actu_right: 1061707 actu_wrong: 34493
2026-07-13 23:17:31,300 P1158833 INFO pr:0.8923  rc:0.5346  auc:0.9884 ap:0.9034 f1: 0.6686 pred_right: 460927 pred_wrong:8873 actu_right: 454992 actu_wrong: 14808
2026-07-13 23:17:31,304 P1158833 INFO ----------------------------------------------------------------------------------------------------
2026-07-13 23:17:31,304 P1158833 INFO 9/50 starting... lr: 0.001 para:0.10000000149011612
2026-07-13 23:17:49,657 P1158833 INFO Epoch 9/50, all_loss:1.90447 cls_loss:2.07239 rec_loss:0.39318 [18.35s]; best loss:1.90447, patience : 0
2026-07-13 23:17:59,560 P1158833 INFO pr:0.8542  rc:0.5962  auc:0.9888 ap:0.9047 f1: 0.7023 pred_right: 1072126 pred_wrong:24074 actu_right: 1061712 actu_wrong: 34488
2026-07-13 23:18:03,883 P1158833 INFO pr:0.8643  rc:0.5947  auc:0.9888 ap:0.9052 f1: 0.7046 pred_right: 459610 pred_wrong:10190 actu_right: 454992 actu_wrong: 14808
2026-07-13 23:18:03,888 P1158833 INFO ----------------------------------------------------------------------------------------------------
2026-07-13 23:18:03,891 P1158833 INFO 10/50 starting... lr: 0.001 para:0.09090909361839294
2026-07-13 23:18:21,620 P1158833 INFO Epoch 10/50, all_loss:1.90637 cls_loss:2.05505 rec_loss:0.41964 [17.73s]; best loss:1.90447, patience : 1
2026-07-13 23:18:40,606 P1158833 INFO pr:0.7928  rc:0.6396  auc:0.9866 ap:0.9040 f1: 0.7080 pred_right: 1068371 pred_wrong:27829 actu_right: 1061709 actu_wrong: 34491
2026-07-13 23:18:45,047 P1158833 INFO pr:0.7993  rc:0.6374  auc:0.9857 ap:0.9036 f1: 0.7092 pred_right: 457991 pred_wrong:11809 actu_right: 454992 actu_wrong: 14808
2026-07-13 23:18:45,052 P1158833 INFO ----------------------------------------------------------------------------------------------------
2026-07-13 23:18:45,052 P1158833 INFO 11/50 starting... lr: 0.001 para:0.0833333358168602
2026-07-13 23:19:03,464 P1158833 INFO Epoch 11/50, all_loss:1.87223 cls_loss:2.00262 rec_loss:0.43795 [18.41s]; best loss:1.87223, patience : 0
2026-07-13 23:19:13,500 P1158833 INFO pr:0.8204  rc:0.6590  auc:0.9899 ap:0.9152 f1: 0.7309 pred_right: 1068499 pred_wrong:27701 actu_right: 1061715 actu_wrong: 34485
2026-07-13 23:19:17,554 P1158833 INFO pr:0.8207  rc:0.6567  auc:0.9897 ap:0.9133 f1: 0.7296 pred_right: 457950 pred_wrong:11850 actu_right: 454992 actu_wrong: 14808
2026-07-13 23:19:17,559 P1158833 INFO ----------------------------------------------------------------------------------------------------
2026-07-13 23:19:17,559 P1158833 INFO 12/50 starting... lr: 0.001 para:0.07692307978868484
2026-07-13 23:19:36,183 P1158833 INFO Epoch 12/50, all_loss:1.79419 cls_loss:1.90496 rec_loss:0.46497 [18.62s]; best loss:1.79419, patience : 0
2026-07-13 23:19:47,174 P1158833 INFO pr:0.8552  rc:0.6492  auc:0.9907 ap:0.9224 f1: 0.7381 pred_right: 1070021 pred_wrong:26179 actu_right: 1061711 actu_wrong: 34489
2026-07-13 23:19:50,453 P1158833 INFO pr:0.8559  rc:0.6503  auc:0.9907 ap:0.9219 f1: 0.7390 pred_right: 458550 pred_wrong:11250 actu_right: 454992 actu_wrong: 14808
2026-07-13 23:19:50,456 P1158833 INFO ----------------------------------------------------------------------------------------------------
2026-07-13 23:19:50,456 P1158833 INFO 13/50 starting... lr: 0.001 para:0.0714285746216774
2026-07-13 23:20:14,945 P1158833 INFO Epoch 13/50, all_loss:1.78225 cls_loss:1.88306 rec_loss:0.47170 [24.48s]; best loss:1.78225, patience : 0
2026-07-13 23:20:25,031 P1158833 INFO pr:0.7086  rc:0.7446  auc:0.9910 ap:0.9201 f1: 0.7262 pred_right: 1059961 pred_wrong:36239 actu_right: 1061713 actu_wrong: 34487
2026-07-13 23:20:29,502 P1158833 INFO pr:0.7076  rc:0.7419  auc:0.9908 ap:0.9194 f1: 0.7243 pred_right: 454274 pred_wrong:15526 actu_right: 454992 actu_wrong: 14808
2026-07-13 23:20:29,503 P1158833 INFO ----------------------------------------------------------------------------------------------------
2026-07-13 23:20:29,503 P1158833 INFO 14/50 starting... lr: 0.001 para:0.06666667014360428
2026-07-13 23:20:47,787 P1158833 INFO Epoch 14/50, all_loss:1.72023 cls_loss:1.80774 rec_loss:0.49519 [18.28s]; best loss:1.72023, patience : 0
2026-07-13 23:20:57,749 P1158833 INFO pr:0.8728  rc:0.6548  auc:0.9921 ap:0.9290 f1: 0.7482 pred_right: 1070320 pred_wrong:25880 actu_right: 1061707 actu_wrong: 34493
2026-07-13 23:21:01,784 P1158833 INFO pr:0.8740  rc:0.6542  auc:0.9918 ap:0.9278 f1: 0.7483 pred_right: 458717 pred_wrong:11083 actu_right: 454992 actu_wrong: 14808
2026-07-13 23:21:01,789 P1158833 INFO ----------------------------------------------------------------------------------------------------
2026-07-13 23:21:01,789 P1158833 INFO 15/50 starting... lr: 0.001 para:0.0625
2026-07-13 23:21:21,090 P1158833 INFO Epoch 15/50, all_loss:1.68156 cls_loss:1.76070 rec_loss:0.49446 [19.30s]; best loss:1.68156, patience : 0
2026-07-13 23:21:29,637 P1158833 INFO pr:0.9064  rc:0.6099  auc:0.9925 ap:0.9295 f1: 0.7291 pred_right: 1072993 pred_wrong:23207 actu_right: 1061710 actu_wrong: 34490
2026-07-13 23:21:34,197 P1158833 INFO pr:0.9047  rc:0.6093  auc:0.9922 ap:0.9286 f1: 0.7282 pred_right: 459826 pred_wrong:9974 actu_right: 454992 actu_wrong: 14808
2026-07-13 23:21:34,198 P1158833 INFO ----------------------------------------------------------------------------------------------------
2026-07-13 23:21:34,199 P1158833 INFO 16/50 starting... lr: 0.001 para:0.05882352963089943
2026-07-13 23:21:59,340 P1158833 INFO Epoch 16/50, all_loss:1.67112 cls_loss:1.74457 rec_loss:0.49584 [25.14s]; best loss:1.67112, patience : 0
2026-07-13 23:22:09,958 P1158833 INFO pr:0.9309  rc:0.5650  auc:0.9913 ap:0.9277 f1: 0.7032 pred_right: 1075264 pred_wrong:20936 actu_right: 1061709 actu_wrong: 34491
2026-07-13 23:22:14,392 P1158833 INFO pr:0.9309  rc:0.5669  auc:0.9911 ap:0.9270 f1: 0.7046 pred_right: 460783 pred_wrong:9017 actu_right: 454992 actu_wrong: 14808
2026-07-13 23:22:14,393 P1158833 INFO ----------------------------------------------------------------------------------------------------
2026-07-13 23:22:14,393 P1158833 INFO 17/50 starting... lr: 0.001 para:0.0555555559694767
2026-07-13 23:22:33,031 P1158833 INFO Epoch 17/50, all_loss:1.63890 cls_loss:1.70546 rec_loss:0.50739 [18.63s]; best loss:1.63890, patience : 0
2026-07-13 23:22:42,791 P1158833 INFO pr:0.8202  rc:0.7074  auc:0.9922 ap:0.9316 f1: 0.7596 pred_right: 1066457 pred_wrong:29743 actu_right: 1061713 actu_wrong: 34487
2026-07-13 23:22:47,253 P1158833 INFO pr:0.8198  rc:0.7043  auc:0.9920 ap:0.9310 f1: 0.7577 pred_right: 457079 pred_wrong:12721 actu_right: 454992 actu_wrong: 14808
2026-07-13 23:22:47,258 P1158833 INFO ----------------------------------------------------------------------------------------------------
2026-07-13 23:22:47,258 P1158833 INFO 18/50 starting... lr: 0.001 para:0.05263157933950424
2026-07-13 23:23:07,175 P1158833 INFO Epoch 18/50, all_loss:1.65383 cls_loss:1.71734 rec_loss:0.51063 [19.92s]; best loss:1.63890, patience : 1
2026-07-13 23:23:23,613 P1158833 INFO pr:0.8940  rc:0.6732  auc:0.9934 ap:0.9368 f1: 0.7681 pred_right: 1070228 pred_wrong:25972 actu_right: 1061712 actu_wrong: 34488
2026-07-13 23:23:27,831 P1158833 INFO pr:0.8933  rc:0.6703  auc:0.9932 ap:0.9360 f1: 0.7659 pred_right: 458688 pred_wrong:11112 actu_right: 454992 actu_wrong: 14808
2026-07-13 23:23:27,836 P1158833 INFO ----------------------------------------------------------------------------------------------------
2026-07-13 23:23:27,836 P1158833 INFO 19/50 starting... lr: 0.001 para:0.05000000074505806
2026-07-13 23:23:46,339 P1158833 INFO Epoch 19/50, all_loss:1.60162 cls_loss:1.65906 rec_loss:0.51021 [18.50s]; best loss:1.60162, patience : 0
2026-07-13 23:23:56,066 P1158833 INFO pr:0.9090  rc:0.6545  auc:0.9931 ap:0.9362 f1: 0.7611 pred_right: 1071365 pred_wrong:24835 actu_right: 1061712 actu_wrong: 34488
2026-07-13 23:24:00,326 P1158833 INFO pr:0.9099  rc:0.6528  auc:0.9930 ap:0.9362 f1: 0.7602 pred_right: 459177 pred_wrong:10623 actu_right: 454992 actu_wrong: 14808
2026-07-13 23:24:00,327 P1158833 INFO ----------------------------------------------------------------------------------------------------
2026-07-13 23:24:00,327 P1158833 INFO 20/50 starting... lr: 0.001 para:0.0476190485060215
2026-07-13 23:24:18,958 P1158833 INFO Epoch 20/50, all_loss:1.58280 cls_loss:1.63583 rec_loss:0.52214 [18.63s]; best loss:1.58280, patience : 0
2026-07-13 23:24:29,438 P1158833 INFO pr:0.9324  rc:0.6155  auc:0.9934 ap:0.9387 f1: 0.7415 pred_right: 1073433 pred_wrong:22767 actu_right: 1061709 actu_wrong: 34491
2026-07-13 23:24:32,923 P1158833 INFO pr:0.9318  rc:0.6181  auc:0.9933 ap:0.9380 f1: 0.7432 pred_right: 459977 pred_wrong:9823 actu_right: 454992 actu_wrong: 14808
2026-07-13 23:24:32,924 P1158833 INFO ----------------------------------------------------------------------------------------------------
2026-07-13 23:24:32,924 P1158833 INFO 21/50 starting... lr: 0.001 para:0.04545454680919647
2026-07-13 23:24:58,600 P1158833 INFO Epoch 21/50, all_loss:1.56586 cls_loss:1.61547 rec_loss:0.52406 [25.67s]; best loss:1.56586, patience : 0
2026-07-13 23:25:08,228 P1158833 INFO pr:0.9097  rc:0.6515  auc:0.9929 ap:0.9356 f1: 0.7592 pred_right: 1071502 pred_wrong:24698 actu_right: 1061710 actu_wrong: 34490
2026-07-13 23:25:12,193 P1158833 INFO pr:0.9093  rc:0.6523  auc:0.9927 ap:0.9350 f1: 0.7597 pred_right: 459178 pred_wrong:10622 actu_right: 454992 actu_wrong: 14808
2026-07-13 23:25:12,194 P1158833 INFO ----------------------------------------------------------------------------------------------------
2026-07-13 23:25:12,195 P1158833 INFO 22/50 starting... lr: 0.001 para:0.043478261679410934
2026-07-13 23:25:30,403 P1158833 INFO Epoch 22/50, all_loss:1.54641 cls_loss:1.59226 rec_loss:0.53782 [18.20s]; best loss:1.54641, patience : 0
2026-07-13 23:25:40,103 P1158833 INFO pr:0.9271  rc:0.6282  auc:0.9930 ap:0.9371 f1: 0.7490 pred_right: 1072826 pred_wrong:23374 actu_right: 1061707 actu_wrong: 34493
2026-07-13 23:25:44,336 P1158833 INFO pr:0.9248  rc:0.6293  auc:0.9923 ap:0.9354 f1: 0.7490 pred_right: 459723 pred_wrong:10077 actu_right: 454992 actu_wrong: 14808
2026-07-13 23:25:44,337 P1158833 INFO ----------------------------------------------------------------------------------------------------
2026-07-13 23:25:44,337 P1158833 INFO 23/50 starting... lr: 0.001 para:0.0416666679084301
2026-07-13 23:26:03,109 P1158833 INFO Epoch 23/50, all_loss:1.51774 cls_loss:1.56003 rec_loss:0.54499 [18.77s]; best loss:1.51774, patience : 0
2026-07-13 23:26:11,689 P1158833 INFO pr:0.8663  rc:0.7215  auc:0.9934 ap:0.9404 f1: 0.7873 pred_right: 1067473 pred_wrong:28727 actu_right: 1061707 actu_wrong: 34493
2026-07-13 23:26:18,289 P1158833 INFO pr:0.8658  rc:0.7220  auc:0.9934 ap:0.9395 f1: 0.7874 pred_right: 457452 pred_wrong:12348 actu_right: 454992 actu_wrong: 14808
2026-07-13 23:26:18,299 P1158833 INFO ----------------------------------------------------------------------------------------------------
2026-07-13 23:26:18,299 P1158833 INFO 24/50 starting... lr: 0.001 para:0.03999999910593033
2026-07-13 23:26:41,596 P1158833 INFO Epoch 24/50, all_loss:1.51531 cls_loss:1.55583 rec_loss:0.54284 [23.29s]; best loss:1.51531, patience : 0
2026-07-13 23:26:51,656 P1158833 INFO pr:0.9169  rc:0.6602  auc:0.9929 ap:0.9410 f1: 0.7677 pred_right: 1071367 pred_wrong:24833 actu_right: 1061712 actu_wrong: 34488
2026-07-13 23:26:55,894 P1158833 INFO pr:0.9164  rc:0.6569  auc:0.9928 ap:0.9390 f1: 0.7652 pred_right: 459186 pred_wrong:10614 actu_right: 454992 actu_wrong: 14808
2026-07-13 23:26:55,895 P1158833 INFO ----------------------------------------------------------------------------------------------------
2026-07-13 23:26:55,895 P1158833 INFO 25/50 starting... lr: 0.001 para:0.03846153989434242
2026-07-13 23:27:14,592 P1158833 INFO Epoch 25/50, all_loss:1.51834 cls_loss:1.55707 rec_loss:0.55013 [18.70s]; best loss:1.51531, patience : 1
2026-07-13 23:27:24,914 P1158833 INFO pr:0.9077  rc:0.6920  auc:0.9945 ap:0.9456 f1: 0.7853 pred_right: 1069907 pred_wrong:26293 actu_right: 1061711 actu_wrong: 34489
2026-07-13 23:27:29,150 P1158833 INFO pr:0.9064  rc:0.6898  auc:0.9942 ap:0.9440 f1: 0.7834 pred_right: 458530 pred_wrong:11270 actu_right: 454992 actu_wrong: 14808
2026-07-13 23:27:29,151 P1158833 INFO ----------------------------------------------------------------------------------------------------
2026-07-13 23:27:29,151 P1158833 INFO 26/50 starting... lr: 0.001 para:0.03703703731298447
2026-07-13 23:27:46,662 P1158833 INFO Epoch 26/50, all_loss:1.47307 cls_loss:1.50849 rec_loss:0.55224 [17.51s]; best loss:1.47307, patience : 0
2026-07-13 23:28:05,429 P1158833 INFO pr:0.8904  rc:0.7088  auc:0.9938 ap:0.9456 f1: 0.7893 pred_right: 1068743 pred_wrong:27457 actu_right: 1061708 actu_wrong: 34492
2026-07-13 23:28:09,660 P1158833 INFO pr:0.8848  rc:0.7060  auc:0.9936 ap:0.9430 f1: 0.7853 pred_right: 457985 pred_wrong:11815 actu_right: 454992 actu_wrong: 14808
2026-07-13 23:28:09,664 P1158833 INFO ----------------------------------------------------------------------------------------------------
2026-07-13 23:28:09,664 P1158833 INFO 27/50 starting... lr: 0.001 para:0.0357142873108387
2026-07-13 23:28:28,147 P1158833 INFO Epoch 27/50, all_loss:1.50087 cls_loss:1.53590 rec_loss:0.55503 [18.48s]; best loss:1.47307, patience : 1
2026-07-13 23:28:38,388 P1158833 INFO pr:0.8734  rc:0.7291  auc:0.9946 ap:0.9465 f1: 0.7947 pred_right: 1067410 pred_wrong:28790 actu_right: 1061712 actu_wrong: 34488
2026-07-13 23:28:42,535 P1158833 INFO pr:0.8697  rc:0.7271  auc:0.9945 ap:0.9455 f1: 0.7920 pred_right: 457420 pred_wrong:12380 actu_right: 454992 actu_wrong: 14808
2026-07-13 23:28:42,539 P1158833 INFO ----------------------------------------------------------------------------------------------------
2026-07-13 23:28:42,539 P1158833 INFO 28/50 starting... lr: 0.001 para:0.03448275849223137
2026-07-13 23:29:01,062 P1158833 INFO Epoch 28/50, all_loss:1.44373 cls_loss:1.47533 rec_loss:0.55899 [18.52s]; best loss:1.44373, patience : 0
2026-07-13 23:29:11,812 P1158833 INFO pr:0.9094  rc:0.6971  auc:0.9946 ap:0.9467 f1: 0.7892 pred_right: 1069761 pred_wrong:26439 actu_right: 1061708 actu_wrong: 34492
2026-07-13 23:29:15,092 P1158833 INFO pr:0.9075  rc:0.6943  auc:0.9946 ap:0.9452 f1: 0.7867 pred_right: 458471 pred_wrong:11329 actu_right: 454992 actu_wrong: 14808
2026-07-13 23:29:15,093 P1158833 INFO ----------------------------------------------------------------------------------------------------
2026-07-13 23:29:15,093 P1158833 INFO 29/50 starting... lr: 0.001 para:0.03333333507180214
2026-07-13 23:29:41,017 P1158833 INFO Epoch 29/50, all_loss:1.44984 cls_loss:1.48021 rec_loss:0.56928 [25.92s]; best loss:1.44373, patience : 1
2026-07-13 23:29:50,839 P1158833 INFO pr:0.8669  rc:0.7191  auc:0.9944 ap:0.9430 f1: 0.7861 pred_right: 1067588 pred_wrong:28612 actu_right: 1061710 actu_wrong: 34490
2026-07-13 23:29:54,828 P1158833 INFO pr:0.8651  rc:0.7164  auc:0.9942 ap:0.9412 f1: 0.7837 pred_right: 457538 pred_wrong:12262 actu_right: 454992 actu_wrong: 14808
2026-07-13 23:29:54,828 P1158833 INFO ----------------------------------------------------------------------------------------------------
2026-07-13 23:29:54,829 P1158833 INFO 30/50 starting... lr: 0.001 para:0.032258063554763794
2026-07-13 23:30:13,344 P1158833 INFO Epoch 30/50, all_loss:1.44659 cls_loss:1.47571 rec_loss:0.57287 [18.51s]; best loss:1.44373, patience : 1
2026-07-13 23:30:23,194 P1158833 INFO pr:0.9153  rc:0.7042  auc:0.9948 ap:0.9498 f1: 0.7960 pred_right: 1069666 pred_wrong:26534 actu_right: 1061714 actu_wrong: 34486
2026-07-13 23:30:27,134 P1158833 INFO pr:0.9121  rc:0.7023  auc:0.9947 ap:0.9486 f1: 0.7935 pred_right: 458399 pred_wrong:11401 actu_right: 454992 actu_wrong: 14808
2026-07-13 23:30:27,139 P1158833 INFO ----------------------------------------------------------------------------------------------------
2026-07-13 23:30:27,139 P1158833 INFO 31/50 starting... lr: 0.001 para:0.03125
2026-07-13 23:30:46,685 P1158833 INFO Epoch 31/50, all_loss:1.42621 cls_loss:1.45337 rec_loss:0.58413 [19.54s]; best loss:1.42621, patience : 0
2026-07-13 23:30:55,384 P1158833 INFO pr:0.9130  rc:0.6898  auc:0.9947 ap:0.9487 f1: 0.7859 pred_right: 1070141 pred_wrong:26059 actu_right: 1061711 actu_wrong: 34489
2026-07-13 23:31:01,670 P1158833 INFO pr:0.9107  rc:0.6863  auc:0.9943 ap:0.9468 f1: 0.7827 pred_right: 458641 pred_wrong:11159 actu_right: 454992 actu_wrong: 14808
2026-07-13 23:31:01,672 P1158833 INFO ----------------------------------------------------------------------------------------------------
2026-07-13 23:31:01,672 P1158833 INFO 32/50 starting... lr: 0.001 para:0.03030303120613098
2026-07-13 23:31:26,035 P1158833 INFO Epoch 32/50, all_loss:1.42692 cls_loss:1.45340 rec_loss:0.57957 [24.36s]; best loss:1.42621, patience : 1
2026-07-13 23:31:36,097 P1158833 INFO pr:0.8400  rc:0.7632  auc:0.9950 ap:0.9492 f1: 0.7998 pred_right: 1064864 pred_wrong:31336 actu_right: 1061714 actu_wrong: 34486
2026-07-13 23:31:40,081 P1158833 INFO pr:0.8398  rc:0.7651  auc:0.9948 ap:0.9471 f1: 0.8007 pred_right: 456310 pred_wrong:13490 actu_right: 454992 actu_wrong: 14808
2026-07-13 23:31:40,086 P1158833 INFO ----------------------------------------------------------------------------------------------------
2026-07-13 23:31:40,086 P1158833 INFO 33/50 starting... lr: 0.001 para:0.029411764815449715
2026-07-13 23:31:58,729 P1158833 INFO Epoch 33/50, all_loss:1.39201 cls_loss:1.41616 rec_loss:0.59508 [18.64s]; best loss:1.39201, patience : 0
2026-07-13 23:32:08,543 P1158833 INFO pr:0.8589  rc:0.7453  auc:0.9951 ap:0.9497 f1: 0.7981 pred_right: 1066275 pred_wrong:29925 actu_right: 1061713 actu_wrong: 34487
2026-07-13 23:32:12,775 P1158833 INFO pr:0.8565  rc:0.7431  auc:0.9947 ap:0.9468 f1: 0.7958 pred_right: 456953 pred_wrong:12847 actu_right: 454992 actu_wrong: 14808
2026-07-13 23:32:12,776 P1158833 INFO ----------------------------------------------------------------------------------------------------
2026-07-13 23:32:12,776 P1158833 INFO 34/50 starting... lr: 0.001 para:0.02857142873108387
2026-07-13 23:32:31,659 P1158833 INFO Epoch 34/50, all_loss:1.39049 cls_loss:1.41400 rec_loss:0.59121 [18.88s]; best loss:1.39049, patience : 0
2026-07-13 23:32:48,184 P1158833 INFO pr:0.9089  rc:0.6938  auc:0.9946 ap:0.9468 f1: 0.7869 pred_right: 1069873 pred_wrong:26327 actu_right: 1061712 actu_wrong: 34488
2026-07-13 23:32:52,416 P1158833 INFO pr:0.9054  rc:0.6931  auc:0.9944 ap:0.9448 f1: 0.7852 pred_right: 458464 pred_wrong:11336 actu_right: 454992 actu_wrong: 14808
2026-07-13 23:32:52,417 P1158833 INFO ----------------------------------------------------------------------------------------------------
2026-07-13 23:32:52,417 P1158833 INFO 35/50 starting... lr: 0.001 para:0.02777777798473835
2026-07-13 23:33:10,757 P1158833 INFO Epoch 35/50, all_loss:1.39812 cls_loss:1.42088 rec_loss:0.60127 [18.34s]; best loss:1.39049, patience : 1
2026-07-13 23:33:20,579 P1158833 INFO pr:0.8740  rc:0.7495  auc:0.9952 ap:0.9512 f1: 0.8070 pred_right: 1066622 pred_wrong:29578 actu_right: 1061710 actu_wrong: 34490
2026-07-13 23:33:24,801 P1158833 INFO pr:0.8731  rc:0.7465  auc:0.9949 ap:0.9487 f1: 0.8049 pred_right: 457140 pred_wrong:12660 actu_right: 454992 actu_wrong: 14808
2026-07-13 23:33:24,807 P1158833 INFO ----------------------------------------------------------------------------------------------------
2026-07-13 23:33:24,807 P1158833 INFO 36/50 starting... lr: 0.001 para:0.027027027681469917
2026-07-13 23:33:43,529 P1158833 INFO Epoch 36/50, all_loss:1.38606 cls_loss:1.40788 rec_loss:0.60053 [18.72s]; best loss:1.38606, patience : 0
2026-07-13 23:33:54,918 P1158833 INFO pr:0.8666  rc:0.7538  auc:0.9953 ap:0.9515 f1: 0.8063 pred_right: 1066198 pred_wrong:30002 actu_right: 1061710 actu_wrong: 34490
2026-07-13 23:33:58,231 P1158833 INFO pr:0.8583  rc:0.7528  auc:0.9950 ap:0.9490 f1: 0.8021 pred_right: 456811 pred_wrong:12989 actu_right: 454992 actu_wrong: 14808
2026-07-13 23:33:58,232 P1158833 INFO ----------------------------------------------------------------------------------------------------
2026-07-13 23:33:58,232 P1158833 INFO 37/50 starting... lr: 0.001 para:0.02631578966975212
2026-07-13 23:34:23,596 P1158833 INFO Epoch 37/50, all_loss:1.36684 cls_loss:1.38758 rec_loss:0.59954 [25.36s]; best loss:1.36684, patience : 0
2026-07-13 23:34:33,396 P1158833 INFO pr:0.9259  rc:0.6988  auc:0.9953 ap:0.9516 f1: 0.7965 pred_right: 1070167 pred_wrong:26033 actu_right: 1061706 actu_wrong: 34494
2026-07-13 23:34:37,486 P1158833 INFO pr:0.9259  rc:0.6976  auc:0.9950 ap:0.9502 f1: 0.7957 pred_right: 458643 pred_wrong:11157 actu_right: 454992 actu_wrong: 14808
2026-07-13 23:34:37,487 P1158833 INFO ----------------------------------------------------------------------------------------------------
2026-07-13 23:34:37,487 P1158833 INFO 38/50 starting... lr: 0.001 para:0.025641025975346565
2026-07-13 23:34:55,971 P1158833 INFO Epoch 38/50, all_loss:1.33664 cls_loss:1.35578 rec_loss:0.60918 [18.48s]; best loss:1.33664, patience : 0
2026-07-13 23:35:06,071 P1158833 INFO pr:0.8497  rc:0.7678  auc:0.9954 ap:0.9508 f1: 0.8067 pred_right: 1065033 pred_wrong:31167 actu_right: 1061711 actu_wrong: 34489
2026-07-13 23:35:10,205 P1158833 INFO pr:0.8455  rc:0.7640  auc:0.9951 ap:0.9487 f1: 0.8027 pred_right: 456419 pred_wrong:13381 actu_right: 454992 actu_wrong: 14808
2026-07-13 23:35:10,206 P1158833 INFO ----------------------------------------------------------------------------------------------------
2026-07-13 23:35:10,206 P1158833 INFO 39/50 starting... lr: 0.001 para:0.02500000037252903
2026-07-13 23:35:29,446 P1158833 INFO Epoch 39/50, all_loss:1.34875 cls_loss:1.36752 rec_loss:0.61680 [19.24s]; best loss:1.33664, patience : 1
2026-07-13 23:35:38,162 P1158833 INFO pr:0.9017  rc:0.7371  auc:0.9957 ap:0.9520 f1: 0.8111 pred_right: 1068010 pred_wrong:28190 actu_right: 1061715 actu_wrong: 34485
2026-07-13 23:35:44,580 P1158833 INFO pr:0.8996  rc:0.7341  auc:0.9953 ap:0.9495 f1: 0.8085 pred_right: 457716 pred_wrong:12084 actu_right: 454992 actu_wrong: 14808
2026-07-13 23:35:44,589 P1158833 INFO ----------------------------------------------------------------------------------------------------
2026-07-13 23:35:44,589 P1158833 INFO 40/50 starting... lr: 0.001 para:0.024390242993831635
2026-07-13 23:36:08,698 P1158833 INFO Epoch 40/50, all_loss:1.36795 cls_loss:1.38669 rec_loss:0.61834 [24.11s]; best loss:1.33664, patience : 2
2026-07-13 23:36:18,500 P1158833 INFO pr:0.8584  rc:0.7557  auc:0.9949 ap:0.9485 f1: 0.8038 pred_right: 1065835 pred_wrong:30365 actu_right: 1061709 actu_wrong: 34491
2026-07-13 23:36:22,527 P1158833 INFO pr:0.8569  rc:0.7518  auc:0.9947 ap:0.9464 f1: 0.8009 pred_right: 456808 pred_wrong:12992 actu_right: 454992 actu_wrong: 14808
2026-07-13 23:36:22,528 P1158833 INFO ----------------------------------------------------------------------------------------------------
2026-07-13 23:36:22,528 P1158833 INFO 41/50 starting... lr: 0.001 para:0.02380952425301075
2026-07-13 23:36:40,952 P1158833 INFO Epoch 41/50, all_loss:1.35299 cls_loss:1.37105 rec_loss:0.61285 [18.42s]; best loss:1.33664, patience : 2
2026-07-13 23:36:50,590 P1158833 INFO pr:0.9235  rc:0.7066  auc:0.9955 ap:0.9531 f1: 0.8006 pred_right: 1069810 pred_wrong:26390 actu_right: 1061709 actu_wrong: 34491
2026-07-13 23:36:54,627 P1158833 INFO pr:0.9192  rc:0.7036  auc:0.9952 ap:0.9507 f1: 0.7971 pred_right: 458465 pred_wrong:11335 actu_right: 454992 actu_wrong: 14808
2026-07-13 23:36:54,628 P1158833 INFO ----------------------------------------------------------------------------------------------------
2026-07-13 23:36:54,628 P1158833 INFO 42/50 starting... lr: 0.001 para:0.023255813866853714
2026-07-13 23:37:12,303 P1158833 INFO Epoch 42/50, all_loss:1.32136 cls_loss:1.33808 rec_loss:0.61932 [17.67s]; best loss:1.32136, patience : 0
2026-07-13 23:37:30,894 P1158833 INFO pr:0.8521  rc:0.7868  auc:0.9957 ap:0.9559 f1: 0.8181 pred_right: 1064355 pred_wrong:31845 actu_right: 1061712 actu_wrong: 34488
2026-07-13 23:37:35,246 P1158833 INFO pr:0.8475  rc:0.7831  auc:0.9953 ap:0.9531 f1: 0.8140 pred_right: 456117 pred_wrong:13683 actu_right: 454992 actu_wrong: 14808
2026-07-13 23:37:35,250 P1158833 INFO ----------------------------------------------------------------------------------------------------
2026-07-13 23:37:35,250 P1158833 INFO 43/50 starting... lr: 0.001 para:0.022727273404598236
2026-07-13 23:37:53,597 P1158833 INFO Epoch 43/50, all_loss:1.33194 cls_loss:1.34804 rec_loss:0.63980 [18.35s]; best loss:1.32136, patience : 1
2026-07-13 23:38:03,108 P1158833 INFO pr:0.9060  rc:0.7509  auc:0.9960 ap:0.9580 f1: 0.8212 pred_right: 1067622 pred_wrong:28578 actu_right: 1061718 actu_wrong: 34482
2026-07-13 23:38:07,163 P1158833 INFO pr:0.9021  rc:0.7501  auc:0.9956 ap:0.9555 f1: 0.8191 pred_right: 457487 pred_wrong:12313 actu_right: 454992 actu_wrong: 14808
2026-07-13 23:38:07,167 P1158833 INFO ----------------------------------------------------------------------------------------------------
2026-07-13 23:38:07,167 P1158833 INFO 44/50 starting... lr: 0.001 para:0.02222222276031971
2026-07-13 23:38:25,906 P1158833 INFO Epoch 44/50, all_loss:1.29214 cls_loss:1.30707 rec_loss:0.63542 [18.73s]; best loss:1.29214, patience : 0
2026-07-13 23:38:37,305 P1158833 INFO pr:0.8952  rc:0.7570  auc:0.9956 ap:0.9565 f1: 0.8203 pred_right: 1067034 pred_wrong:29166 actu_right: 1061708 actu_wrong: 34492
2026-07-13 23:38:40,673 P1158833 INFO pr:0.8973  rc:0.7532  auc:0.9954 ap:0.9549 f1: 0.8189 pred_right: 457370 pred_wrong:12430 actu_right: 454992 actu_wrong: 14808
2026-07-13 23:38:40,674 P1158833 INFO ----------------------------------------------------------------------------------------------------
2026-07-13 23:38:40,674 P1158833 INFO 45/50 starting... lr: 0.001 para:0.021739130839705467
2026-07-13 23:39:05,470 P1158833 INFO Epoch 45/50, all_loss:1.26235 cls_loss:1.27602 rec_loss:0.64718 [24.79s]; best loss:1.26235, patience : 0
2026-07-13 23:39:15,994 P1158833 INFO pr:0.9030  rc:0.7352  auc:0.9955 ap:0.9530 f1: 0.8105 pred_right: 1068118 pred_wrong:28082 actu_right: 1061710 actu_wrong: 34490
2026-07-13 23:39:20,141 P1158833 INFO pr:0.8987  rc:0.7331  auc:0.9952 ap:0.9496 f1: 0.8075 pred_right: 457721 pred_wrong:12079 actu_right: 454992 actu_wrong: 14808
2026-07-13 23:39:20,142 P1158833 INFO ----------------------------------------------------------------------------------------------------
2026-07-13 23:39:20,142 P1158833 INFO 46/50 starting... lr: 0.001 para:0.021276595070958138
2026-07-13 23:39:38,535 P1158833 INFO Epoch 46/50, all_loss:1.25172 cls_loss:1.26491 rec_loss:0.64488 [18.39s]; best loss:1.25172, patience : 0
2026-07-13 23:39:48,292 P1158833 INFO pr:0.9093  rc:0.7499  auc:0.9954 ap:0.9584 f1: 0.8220 pred_right: 1067758 pred_wrong:28442 actu_right: 1061712 actu_wrong: 34488
2026-07-13 23:39:52,537 P1158833 INFO pr:0.9013  rc:0.7469  auc:0.9950 ap:0.9551 f1: 0.8169 pred_right: 457529 pred_wrong:12271 actu_right: 454992 actu_wrong: 14808
2026-07-13 23:39:52,541 P1158833 INFO ----------------------------------------------------------------------------------------------------
2026-07-13 23:39:52,541 P1158833 INFO 47/50 starting... lr: 0.001 para:0.02083333395421505
2026-07-13 23:40:12,191 P1158833 INFO Epoch 47/50, all_loss:1.26115 cls_loss:1.27405 rec_loss:0.65518 [19.65s]; best loss:1.25172, patience : 1
2026-07-13 23:40:20,864 P1158833 INFO pr:0.8220  rc:0.8204  auc:0.9960 ap:0.9591 f1: 0.8212 pred_right: 1061780 pred_wrong:34420 actu_right: 1061713 actu_wrong: 34487
2026-07-13 23:40:25,814 P1158833 INFO pr:0.8160  rc:0.8170  auc:0.9956 ap:0.9565 f1: 0.8165 pred_right: 454974 pred_wrong:14826 actu_right: 454992 actu_wrong: 14808
2026-07-13 23:40:25,816 P1158833 INFO ----------------------------------------------------------------------------------------------------
2026-07-13 23:40:25,816 P1158833 INFO 48/50 starting... lr: 0.001 para:0.020408162847161293
2026-07-13 23:40:51,174 P1158833 INFO Epoch 48/50, all_loss:1.25036 cls_loss:1.26279 rec_loss:0.65357 [25.35s]; best loss:1.25036, patience : 0
2026-07-13 23:41:01,092 P1158833 INFO pr:0.9275  rc:0.7216  auc:0.9954 ap:0.9570 f1: 0.8117 pred_right: 1069371 pred_wrong:26829 actu_right: 1061712 actu_wrong: 34488
2026-07-13 23:41:05,605 P1158833 INFO pr:0.9227  rc:0.7184  auc:0.9950 ap:0.9549 f1: 0.8078 pred_right: 458271 pred_wrong:11529 actu_right: 454992 actu_wrong: 14808
2026-07-13 23:41:05,605 P1158833 INFO ----------------------------------------------------------------------------------------------------
2026-07-13 23:41:05,606 P1158833 INFO 49/50 starting... lr: 0.001 para:0.019999999552965164
2026-07-13 23:41:24,247 P1158833 INFO Epoch 49/50, all_loss:1.25293 cls_loss:1.26486 rec_loss:0.66811 [18.64s]; best loss:1.25036, patience : 1
2026-07-13 23:41:33,988 P1158833 INFO pr:0.9292  rc:0.7287  auc:0.9957 ap:0.9580 f1: 0.8168 pred_right: 1069154 pred_wrong:27046 actu_right: 1061714 actu_wrong: 34486
2026-07-13 23:41:38,032 P1158833 INFO pr:0.9265  rc:0.7251  auc:0.9954 ap:0.9551 f1: 0.8135 pred_right: 458211 pred_wrong:11589 actu_right: 454992 actu_wrong: 14808
2026-07-13 23:41:38,033 P1158833 INFO saving model...
2026-07-13 23:41:38,033 P1158833 INFO FITS_Legendre - loss  best score:1.2503557205200195 at epoch 48
2026-07-13 23:41:38,039 P1158833 INFO FITS_Legendre - f1  best score:0.8219609089464485 at epoch 46
2026-07-13 23:41:38,043 P1158833 INFO Average training time per epoch: 20.15 seconds
2026-07-13 23:41:38,044 P1158833 INFO calculate scores...
2026-07-13 23:41:38,044 P1158833 INFO calculate label with loss...
2026-07-13 23:41:38,044 P1158833 INFO FITS_Legendre on ./result/server_only_exps/Basis_updatedFreDF/FITS_Legendre-TT-Epochs50-Seed2-ExpNameRQ2_basis_comparison-BasisTypelaguerre loading...
2026-07-13 23:41:42,155 P1158833 INFO pr:0.9227  rc:0.7184  auc:0.9950 ap:0.9549 f1: 0.8078 pred_right: 458271 pred_wrong:11529 actu_right: 454992 actu_wrong: 14808
2026-07-13 23:41:56,054 P1158833 INFO pr:0.9227  rc:0.7184  auc:0.9950 ap:0.9549 f1: 0.8078 pred_right: 458271 pred_wrong:11529 actu_right: 454992 actu_wrong: 14808
2026-07-13 23:41:56,055 P1158833 INFO Performance Summary:
{'GPU': {'inference_time_per_sample_ms': 0.20626240324070752, 'throughput_samples_per_sec': 4848.1932930501325, 'peak_memory_mb': 139.2978515625, 'energy_per_sample_joules': 0.01182151711693467}, 'CPU': {'inference_time_per_sample_ms': 0.7680867213743015, 'throughput_samples_per_sec': 1301.9363206940318, 'peak_memory_mb': 5907.73828125, 'energy_per_sample_joules': 0.0499256368893296}}
2026-07-13 23:41:56,055 P1158833 INFO Starting clean-room hardware benchmarking...
2026-07-13 23:41:56,794 P1158833 INFO Performance with loss: pr:0.9227  rc:0.7184  auc:0.9950 ap:0.9549 f1: 0.8078 pred_right: 458271 pred_wrong:11529 actu_right: 454992 actu_wrong: 14808
2026-07-13 23:41:56,794 P1158833 INFO calculate label with f1...
2026-07-13 23:41:56,794 P1158833 INFO FITS_Legendre on ./result/server_only_exps/Basis_updatedFreDF/FITS_Legendre-TT-Epochs50-Seed2-ExpNameRQ2_basis_comparison-BasisTypelaguerre loading...
2026-07-13 23:42:00,505 P1158833 INFO pr:0.9013  rc:0.7469  auc:0.9950 ap:0.9551 f1: 0.8169 pred_right: 457529 pred_wrong:12271 actu_right: 454992 actu_wrong: 14808
2026-07-13 23:42:21,413 P1158833 INFO pr:0.9013  rc:0.7469  auc:0.9950 ap:0.9551 f1: 0.8169 pred_right: 457529 pred_wrong:12271 actu_right: 454992 actu_wrong: 14808
2026-07-13 23:42:21,413 P1158833 INFO Performance Summary:
{'GPU': {'inference_time_per_sample_ms': 0.18420913293358926, 'throughput_samples_per_sec': 5428.612491002377, 'peak_memory_mb': 138.791015625, 'energy_per_sample_joules': 0.010847891629326138}, 'CPU': {'inference_time_per_sample_ms': 1.1670472701299341, 'throughput_samples_per_sec': 856.8633213020277, 'peak_memory_mb': 5659.375, 'energy_per_sample_joules': 0.07585807255844572}}
2026-07-13 23:42:21,413 P1158833 INFO Starting clean-room hardware benchmarking...
2026-07-13 23:42:22,194 P1158833 INFO Performance with f1: pr:0.9013  rc:0.7469  auc:0.9950 ap:0.9551 f1: 0.8169 pred_right: 457529 pred_wrong:12271 actu_right: 454992 actu_wrong: 14808
