2026-07-25 19:07:57,974 P2005997 INFO ---- Model: ----MSTGAD-dd5c2129----random_seed : 46----req_loss_approach : Legendre-style----rec_lambda : 1.0----auxi_lambda : 0.5----Freq Domain : Anofusion----Multi Fits : false----train : True----evaluate : False
2026-07-25 19:07:57,974 P2005997 INFO Load from /home/db2003/Desktop/Amr/Tests/Eadro/codes/chunks/SN
2026-07-25 19:07:58,613 P2005997 INFO Fewshot: training with 1.0 of the 70% of the data
2026-07-25 19:07:58,682 P2005997 INFO Trainable Parameters Breakdown:
2026-07-25 19:07:58,683 P2005997 INFO --------------------------------------------------------------------------------
2026-07-25 19:07:58,683 P2005997 INFO Reconstruction-Specific Parameters:
2026-07-25 19:07:58,683 P2005997 INFO Subtotal: 0
2026-07-25 19:07:58,683 P2005997 INFO --------------------------------------------------------------------------------
2026-07-25 19:07:58,683 P2005997 INFO Common Parameters:
2026-07-25 19:07:58,683 P2005997 INFO show.0.weight                            | shape: (128, 16)                 | params: 2,048
2026-07-25 19:07:58,683 P2005997 INFO show.0.bias                              | shape: (128,)                    | params: 128
2026-07-25 19:07:58,683 P2005997 INFO show.2.weight                            | shape: (2, 128)                  | params: 256
2026-07-25 19:07:58,683 P2005997 INFO show.2.bias                              | shape: (2,)                      | params: 2
2026-07-25 19:07:58,683 P2005997 INFO Subtotal: 2,434
2026-07-25 19:07:58,683 P2005997 INFO --------------------------------------------------------------------------------
2026-07-25 19:07:58,683 P2005997 INFO Total Trainable Parameters: 2,434

2026-07-25 19:07:58,683 P2005997 INFO Trainable Parameters: 2434, reconstruction: 0, common: 2434
2026-07-25 19:07:58,683 P2005997 INFO model : init weight
2026-07-25 19:07:58,683 P2005997 INFO Using GPU...
2026-07-25 19:07:58,685 P2005997 INFO optimizer : using AdaBelief
2026-07-25 19:07:58,685 P2005997 INFO ----------------------------------------------------------------------------------------------------
2026-07-25 19:07:58,685 P2005997 INFO 0/5 starting... lr: 0.001 para:1.0
