2026-09-14 09:02:26,985 P2579569 INFO ---- Model: ----MSTGAD-6a576927----random_seed : 2----req_loss_approach : Legendre-style----rec_lambda : 1.0----auxi_lambda : 0.2----Freq Domain : FITS_Legendre----Multi Fits : false----train : True----evaluate : False
2026-09-14 09:02:26,985 P2579569 INFO Load from /home/db2003/Desktop/Amr/Tests/Eadro/codes/chunks/TT
2026-09-14 09:02:41,030 P2579569 INFO Fewshot: training with 1.0 of the 70% of the data
2026-09-14 09:02:41,135 P2579569 INFO Trainable Parameters Breakdown:
2026-09-14 09:02:41,135 P2579569 INFO --------------------------------------------------------------------------------
2026-09-14 09:02:41,136 P2579569 INFO Reconstruction-Specific Parameters:
2026-09-14 09:02:41,136 P2579569 INFO node_emb.linear.weight                   | shape: (8, 7)                    | params: 56
2026-09-14 09:02:41,136 P2579569 INFO node_emb.linear.bias                     | shape: (8,)                      | params: 8
2026-09-14 09:02:41,136 P2579569 INFO log_emb.linear.weight                    | shape: (32, 60)                  | params: 1,920
2026-09-14 09:02:41,136 P2579569 INFO log_emb.linear.bias                      | shape: (32,)                     | params: 32
2026-09-14 09:02:41,136 P2579569 INFO egde_emb.linear.weight                   | shape: (8, 2)                    | params: 16
2026-09-14 09:02:41,136 P2579569 INFO egde_emb.linear.bias                     | shape: (8,)                      | params: 8
2026-09-14 09:02:41,136 P2579569 INFO dense_node.weight                        | shape: (7, 8)                    | params: 56
2026-09-14 09:02:41,136 P2579569 INFO dense_node.bias                          | shape: (7,)                      | params: 7
2026-09-14 09:02:41,136 P2579569 INFO dense_log.weight                         | shape: (60, 32)                  | params: 1,920
2026-09-14 09:02:41,136 P2579569 INFO dense_log.bias                           | shape: (60,)                     | params: 60
2026-09-14 09:02:41,136 P2579569 INFO dense_edge.weight                        | shape: (2, 8)                    | params: 16
2026-09-14 09:02:41,136 P2579569 INFO dense_edge.bias                          | shape: (2,)                      | params: 2
2026-09-14 09:02:41,136 P2579569 INFO linear_attn.Wq.weight                    | shape: (10, 10)                  | params: 100
2026-09-14 09:02:41,136 P2579569 INFO linear_attn.Wk.weight                    | shape: (10, 10)                  | params: 100
2026-09-14 09:02:41,136 P2579569 INFO linear_attn.Wv.weight                    | shape: (10, 10)                  | params: 100
2026-09-14 09:02:41,136 P2579569 INFO linear_attn.out.weight                   | shape: (10, 10)                  | params: 100
2026-09-14 09:02:41,137 P2579569 INFO linear_attn.out.bias                     | shape: (10,)                     | params: 10
2026-09-14 09:02:41,137 P2579569 INFO linear_attn.norm.weight                  | shape: (10,)                     | params: 10
2026-09-14 09:02:41,137 P2579569 INFO linear_attn.norm.bias                    | shape: (10,)                     | params: 10
2026-09-14 09:02:41,137 P2579569 INFO shared_fits.normlin_W                    | shape: (9, 9)                    | params: 81
2026-09-14 09:02:41,137 P2579569 INFO shared_fits.freq_upsampler.weight        | shape: (9, 9)                    | params: 81
2026-09-14 09:02:41,137 P2579569 INFO shared_fits.freq_upsampler.bias          | shape: (9,)                      | params: 9
2026-09-14 09:02:41,137 P2579569 INFO modality_proj.node.weight                | shape: (10, 8)                   | params: 80
2026-09-14 09:02:41,137 P2579569 INFO modality_proj.node.bias                  | shape: (10,)                     | params: 10
2026-09-14 09:02:41,137 P2579569 INFO modality_proj.log.weight                 | shape: (10, 32)                  | params: 320
2026-09-14 09:02:41,137 P2579569 INFO modality_proj.log.bias                   | shape: (10,)                     | params: 10
2026-09-14 09:02:41,137 P2579569 INFO modality_proj.edge.weight                | shape: (10, 8)                   | params: 80
2026-09-14 09:02:41,137 P2579569 INFO modality_proj.edge.bias                  | shape: (10,)                     | params: 10
2026-09-14 09:02:41,137 P2579569 INFO modality_proj_out.node.weight            | shape: (8, 10)                   | params: 80
2026-09-14 09:02:41,137 P2579569 INFO modality_proj_out.node.bias              | shape: (8,)                      | params: 8
2026-09-14 09:02:41,137 P2579569 INFO modality_proj_out.log.weight             | shape: (32, 10)                  | params: 320
2026-09-14 09:02:41,137 P2579569 INFO modality_proj_out.log.bias               | shape: (32,)                     | params: 32
2026-09-14 09:02:41,137 P2579569 INFO modality_proj_out.edge.weight            | shape: (8, 10)                   | params: 80
2026-09-14 09:02:41,137 P2579569 INFO modality_proj_out.edge.bias              | shape: (8,)                      | params: 8
2026-09-14 09:02:41,138 P2579569 INFO Subtotal: 5,740
2026-09-14 09:02:41,138 P2579569 INFO --------------------------------------------------------------------------------
2026-09-14 09:02:41,138 P2579569 INFO Common Parameters:
2026-09-14 09:02:41,138 P2579569 INFO show.0.weight                            | shape: (128, 69)                 | params: 8,832
2026-09-14 09:02:41,138 P2579569 INFO show.0.bias                              | shape: (128,)                    | params: 128
2026-09-14 09:02:41,138 P2579569 INFO show.2.weight                            | shape: (2, 128)                  | params: 256
2026-09-14 09:02:41,138 P2579569 INFO show.2.bias                              | shape: (2,)                      | params: 2
2026-09-14 09:02:41,138 P2579569 INFO Subtotal: 9,218
2026-09-14 09:02:41,138 P2579569 INFO --------------------------------------------------------------------------------
2026-09-14 09:02:41,138 P2579569 INFO Total Trainable Parameters: 14,958

2026-09-14 09:02:41,138 P2579569 INFO Trainable Parameters: 14958, reconstruction: 5740, common: 9218
2026-09-14 09:02:41,138 P2579569 INFO model : init weight
2026-09-14 09:02:41,139 P2579569 INFO Using GPU...
2026-09-14 09:02:41,145 P2579569 INFO optimizer : using AdaBelief
2026-09-14 09:02:41,146 P2579569 INFO ----------------------------------------------------------------------------------------------------
2026-09-14 09:02:41,146 P2579569 INFO 0/50 starting... lr: 0.001 para:1.0
2026-09-14 09:03:11,393 P2579569 INFO Epoch 0/50, all_loss:0.07634 cls_loss:32.78069 rec_loss:0.07634 [30.24s]; best loss:0.07634, patience : 0
2026-09-14 09:03:11,394 P2579569 INFO ----------------------------------------------------------------------------------------------------
2026-09-14 09:03:11,394 P2579569 INFO 1/50 starting... lr: 0.001 para:0.5
2026-09-14 09:03:40,247 P2579569 INFO Epoch 1/50, all_loss:1.96152 cls_loss:3.67256 rec_loss:0.25047 [28.85s]; best loss:1.96152, patience : 0
2026-09-14 09:03:40,247 P2579569 INFO ----------------------------------------------------------------------------------------------------
2026-09-14 09:03:40,247 P2579569 INFO 2/50 starting... lr: 0.001 para:0.3333333432674408
2026-09-14 09:04:23,156 P2579569 INFO Epoch 2/50, all_loss:1.62695 cls_loss:2.31013 rec_loss:0.26058 [42.90s]; best loss:1.62695, patience : 0
2026-09-14 09:04:38,510 P2579569 INFO pr:0.8342  rc:0.4730  auc:0.9856 ap:0.8833 f1: 0.6036 pred_right: 1076644 pred_wrong:19556 actu_right: 1061708 actu_wrong: 34492
2026-09-14 09:04:45,074 P2579569 INFO pr:0.8405  rc:0.4737  auc:0.9859 ap:0.8847 f1: 0.6059 pred_right: 461455 pred_wrong:8345 actu_right: 454992 actu_wrong: 14808
2026-09-14 09:04:45,079 P2579569 INFO ----------------------------------------------------------------------------------------------------
2026-09-14 09:04:45,079 P2579569 INFO 3/50 starting... lr: 0.001 para:0.25
2026-09-14 09:05:18,258 P2579569 INFO Epoch 3/50, all_loss:1.69053 cls_loss:2.15270 rec_loss:0.30403 [33.18s]; best loss:1.62695, patience : 1
2026-09-14 09:05:34,069 P2579569 INFO pr:0.9257  rc:0.4477  auc:0.9883 ap:0.8996 f1: 0.6035 pred_right: 1079521 pred_wrong:16679 actu_right: 1061710 actu_wrong: 34490
2026-09-14 09:05:39,777 P2579569 INFO pr:0.9244  rc:0.4485  auc:0.9884 ap:0.9005 f1: 0.6039 pred_right: 462616 pred_wrong:7184 actu_right: 454992 actu_wrong: 14808
2026-09-14 09:05:39,778 P2579569 INFO ----------------------------------------------------------------------------------------------------
2026-09-14 09:05:39,778 P2579569 INFO 4/50 starting... lr: 0.001 para:0.20000000298023224
2026-09-14 09:06:22,862 P2579569 INFO Epoch 4/50, all_loss:1.65437 cls_loss:1.97296 rec_loss:0.38002 [43.08s]; best loss:1.62695, patience : 1
2026-09-14 09:06:39,089 P2579569 INFO pr:0.8981  rc:0.5491  auc:0.9909 ap:0.9167 f1: 0.6815 pred_right: 1075109 pred_wrong:21091 actu_right: 1061705 actu_wrong: 34495
2026-09-14 09:06:46,336 P2579569 INFO pr:0.8962  rc:0.5552  auc:0.9911 ap:0.9179 f1: 0.6857 pred_right: 460626 pred_wrong:9174 actu_right: 454992 actu_wrong: 14808
2026-09-14 09:06:46,342 P2579569 INFO ----------------------------------------------------------------------------------------------------
2026-09-14 09:06:46,342 P2579569 INFO 5/50 starting... lr: 0.001 para:0.1666666716337204
2026-09-14 09:07:19,677 P2579569 INFO Epoch 5/50, all_loss:1.53973 cls_loss:1.75801 rec_loss:0.44831 [33.33s]; best loss:1.53973, patience : 0
2026-09-14 09:07:35,738 P2579569 INFO pr:0.8700  rc:0.6134  auc:0.9921 ap:0.9256 f1: 0.7195 pred_right: 1071882 pred_wrong:24318 actu_right: 1061709 actu_wrong: 34491
2026-09-14 09:07:41,855 P2579569 INFO pr:0.8776  rc:0.6157  auc:0.9922 ap:0.9263 f1: 0.7237 pred_right: 459412 pred_wrong:10388 actu_right: 454992 actu_wrong: 14808
2026-09-14 09:07:41,860 P2579569 INFO ----------------------------------------------------------------------------------------------------
2026-09-14 09:07:41,860 P2579569 INFO 6/50 starting... lr: 0.001 para:0.1428571492433548
2026-09-14 09:08:25,570 P2579569 INFO Epoch 6/50, all_loss:1.48298 cls_loss:1.65087 rec_loss:0.47562 [43.70s]; best loss:1.48298, patience : 0
2026-09-14 09:08:41,742 P2579569 INFO pr:0.8433  rc:0.6787  auc:0.9930 ap:0.9329 f1: 0.7521 pred_right: 1068444 pred_wrong:27756 actu_right: 1061712 actu_wrong: 34488
2026-09-14 09:08:48,671 P2579569 INFO pr:0.8454  rc:0.6786  auc:0.9931 ap:0.9330 f1: 0.7528 pred_right: 457914 pred_wrong:11886 actu_right: 454992 actu_wrong: 14808
2026-09-14 09:08:48,676 P2579569 INFO ----------------------------------------------------------------------------------------------------
2026-09-14 09:08:48,676 P2579569 INFO 7/50 starting... lr: 0.001 para:0.125
2026-09-14 09:09:20,881 P2579569 INFO Epoch 7/50, all_loss:1.50841 cls_loss:1.65272 rec_loss:0.49828 [32.20s]; best loss:1.48298, patience : 1
2026-09-14 09:09:38,054 P2579569 INFO pr:0.8490  rc:0.6719  auc:0.9936 ap:0.9352 f1: 0.7502 pred_right: 1068902 pred_wrong:27298 actu_right: 1061709 actu_wrong: 34491
2026-09-14 09:09:43,988 P2579569 INFO pr:0.8473  rc:0.6744  auc:0.9936 ap:0.9356 f1: 0.7510 pred_right: 458013 pred_wrong:11787 actu_right: 454992 actu_wrong: 14808
2026-09-14 09:09:43,989 P2579569 INFO ----------------------------------------------------------------------------------------------------
2026-09-14 09:09:43,989 P2579569 INFO 8/50 starting... lr: 0.001 para:0.1111111119389534
2026-09-14 09:10:27,488 P2579569 INFO Epoch 8/50, all_loss:1.45847 cls_loss:1.57511 rec_loss:0.52537 [43.49s]; best loss:1.45847, patience : 0
2026-09-14 09:10:43,501 P2579569 INFO pr:0.8626  rc:0.6680  auc:0.9940 ap:0.9381 f1: 0.7529 pred_right: 1069489 pred_wrong:26711 actu_right: 1061708 actu_wrong: 34492
2026-09-14 09:10:50,951 P2579569 INFO pr:0.8654  rc:0.6715  auc:0.9940 ap:0.9384 f1: 0.7562 pred_right: 458310 pred_wrong:11490 actu_right: 454992 actu_wrong: 14808
2026-09-14 09:10:50,957 P2579569 INFO ----------------------------------------------------------------------------------------------------
2026-09-14 09:10:50,957 P2579569 INFO 9/50 starting... lr: 0.001 para:0.10000000149011612
2026-09-14 09:11:24,722 P2579569 INFO Epoch 9/50, all_loss:1.44228 cls_loss:1.54019 rec_loss:0.56110 [33.76s]; best loss:1.44228, patience : 0
2026-09-14 09:11:40,493 P2579569 INFO pr:0.8576  rc:0.6911  auc:0.9943 ap:0.9409 f1: 0.7654 pred_right: 1068407 pred_wrong:27793 actu_right: 1061711 actu_wrong: 34489
2026-09-14 09:11:46,577 P2579569 INFO pr:0.8603  rc:0.6915  auc:0.9943 ap:0.9410 f1: 0.7667 pred_right: 457897 pred_wrong:11903 actu_right: 454992 actu_wrong: 14808
2026-09-14 09:11:46,582 P2579569 INFO ----------------------------------------------------------------------------------------------------
2026-09-14 09:11:46,582 P2579569 INFO 10/50 starting... lr: 0.001 para:0.09090909361839294
2026-09-14 09:12:30,521 P2579569 INFO Epoch 10/50, all_loss:1.40785 cls_loss:1.49042 rec_loss:0.58214 [43.93s]; best loss:1.40785, patience : 0
2026-09-14 09:12:46,415 P2579569 INFO pr:0.8870  rc:0.6739  auc:0.9946 ap:0.9446 f1: 0.7659 pred_right: 1069996 pred_wrong:26204 actu_right: 1061710 actu_wrong: 34490
2026-09-14 09:12:53,591 P2579569 INFO pr:0.8945  rc:0.6762  auc:0.9947 ap:0.9451 f1: 0.7702 pred_right: 458606 pred_wrong:11194 actu_right: 454992 actu_wrong: 14808
2026-09-14 09:12:53,596 P2579569 INFO ----------------------------------------------------------------------------------------------------
2026-09-14 09:12:53,596 P2579569 INFO 11/50 starting... lr: 0.001 para:0.0833333358168602
2026-09-14 09:13:26,834 P2579569 INFO Epoch 11/50, all_loss:1.39215 cls_loss:1.46289 rec_loss:0.61397 [33.23s]; best loss:1.39215, patience : 0
2026-09-14 09:13:42,779 P2579569 INFO pr:0.8449  rc:0.7435  auc:0.9954 ap:0.9487 f1: 0.7910 pred_right: 1065843 pred_wrong:30357 actu_right: 1061704 actu_wrong: 34496
2026-09-14 09:13:48,640 P2579569 INFO pr:0.8480  rc:0.7457  auc:0.9953 ap:0.9492 f1: 0.7936 pred_right: 456777 pred_wrong:13023 actu_right: 454992 actu_wrong: 14808
2026-09-14 09:13:48,644 P2579569 INFO ----------------------------------------------------------------------------------------------------
2026-09-14 09:13:48,644 P2579569 INFO 12/50 starting... lr: 0.001 para:0.07692307978868484
2026-09-14 09:14:34,696 P2579569 INFO Epoch 12/50, all_loss:1.36140 cls_loss:1.42096 rec_loss:0.64671 [46.05s]; best loss:1.36140, patience : 0
2026-09-14 09:14:50,817 P2579569 INFO pr:0.8666  rc:0.7331  auc:0.9954 ap:0.9510 f1: 0.7943 pred_right: 1067022 pred_wrong:29178 actu_right: 1061707 actu_wrong: 34493
2026-09-14 09:14:58,282 P2579569 INFO pr:0.8738  rc:0.7331  auc:0.9954 ap:0.9517 f1: 0.7973 pred_right: 457376 pred_wrong:12424 actu_right: 454992 actu_wrong: 14808
2026-09-14 09:14:58,287 P2579569 INFO ----------------------------------------------------------------------------------------------------
2026-09-14 09:14:58,287 P2579569 INFO 13/50 starting... lr: 0.001 para:0.0714285746216774
2026-09-14 09:15:32,680 P2579569 INFO Epoch 13/50, all_loss:1.30373 cls_loss:1.35003 rec_loss:0.70191 [34.39s]; best loss:1.30373, patience : 0
2026-09-14 09:15:48,695 P2579569 INFO pr:0.8903  rc:0.7329  auc:0.9962 ap:0.9580 f1: 0.8040 pred_right: 1067806 pred_wrong:28394 actu_right: 1061708 actu_wrong: 34492
2026-09-14 09:15:54,947 P2579569 INFO pr:0.8933  rc:0.7287  auc:0.9962 ap:0.9577 f1: 0.8026 pred_right: 457721 pred_wrong:12079 actu_right: 454992 actu_wrong: 14808
2026-09-14 09:15:54,954 P2579569 INFO ----------------------------------------------------------------------------------------------------
2026-09-14 09:15:54,954 P2579569 INFO 14/50 starting... lr: 0.001 para:0.06666667014360428
2026-09-14 09:16:38,594 P2579569 INFO Epoch 14/50, all_loss:1.23292 cls_loss:1.26708 rec_loss:0.75472 [43.64s]; best loss:1.23292, patience : 0
2026-09-14 09:16:55,143 P2579569 INFO pr:0.8985  rc:0.7136  auc:0.9961 ap:0.9590 f1: 0.7955 pred_right: 1068808 pred_wrong:27392 actu_right: 1061711 actu_wrong: 34489
2026-09-14 09:17:02,161 P2579569 INFO pr:0.8982  rc:0.7118  auc:0.9960 ap:0.9584 f1: 0.7942 pred_right: 458065 pred_wrong:11735 actu_right: 454992 actu_wrong: 14808
2026-09-14 09:17:02,162 P2579569 INFO ----------------------------------------------------------------------------------------------------
2026-09-14 09:17:02,162 P2579569 INFO 15/50 starting... lr: 0.001 para:0.0625
2026-09-14 09:17:35,560 P2579569 INFO Epoch 15/50, all_loss:1.14566 cls_loss:1.16829 rec_loss:0.80625 [33.39s]; best loss:1.14566, patience : 0
2026-09-14 09:17:51,441 P2579569 INFO pr:0.8691  rc:0.8156  auc:0.9970 ap:0.9657 f1: 0.8415 pred_right: 1063833 pred_wrong:32367 actu_right: 1061710 actu_wrong: 34490
2026-09-14 09:17:57,361 P2579569 INFO pr:0.8714  rc:0.8120  auc:0.9970 ap:0.9652 f1: 0.8407 pred_right: 456002 pred_wrong:13798 actu_right: 454992 actu_wrong: 14808
2026-09-14 09:17:57,369 P2579569 INFO ----------------------------------------------------------------------------------------------------
2026-09-14 09:17:57,369 P2579569 INFO 16/50 starting... lr: 0.001 para:0.05882352963089943
2026-09-14 09:18:40,984 P2579569 INFO Epoch 16/50, all_loss:1.06899 cls_loss:1.08291 rec_loss:0.84630 [43.61s]; best loss:1.06899, patience : 0
2026-09-14 09:18:58,292 P2579569 INFO pr:0.8909  rc:0.8355  auc:0.9976 ap:0.9719 f1: 0.8623 pred_right: 1063858 pred_wrong:32342 actu_right: 1061713 actu_wrong: 34487
2026-09-14 09:19:05,194 P2579569 INFO pr:0.8939  rc:0.8273  auc:0.9976 ap:0.9714 f1: 0.8593 pred_right: 456096 pred_wrong:13704 actu_right: 454992 actu_wrong: 14808
2026-09-14 09:19:05,199 P2579569 INFO ----------------------------------------------------------------------------------------------------
2026-09-14 09:19:05,199 P2579569 INFO 17/50 starting... lr: 0.001 para:0.0555555559694767
2026-09-14 09:19:39,102 P2579569 INFO Epoch 17/50, all_loss:1.00122 cls_loss:1.00726 rec_loss:0.89866 [33.90s]; best loss:1.00122, patience : 0
2026-09-14 09:19:55,442 P2579569 INFO pr:0.8509  rc:0.9122  auc:0.9981 ap:0.9743 f1: 0.8805 pred_right: 1059226 pred_wrong:36974 actu_right: 1061711 actu_wrong: 34489
2026-09-14 09:20:05,518 P2579569 INFO pr:0.8542  rc:0.9098  auc:0.9980 ap:0.9744 f1: 0.8812 pred_right: 454028 pred_wrong:15772 actu_right: 454992 actu_wrong: 14808
2026-09-14 09:20:05,532 P2579569 INFO ----------------------------------------------------------------------------------------------------
2026-09-14 09:20:05,533 P2579569 INFO 18/50 starting... lr: 0.001 para:0.05263157933950424
2026-09-14 09:20:45,660 P2579569 INFO Epoch 18/50, all_loss:0.95095 cls_loss:0.95013 rec_loss:0.96565 [40.12s]; best loss:0.95095, patience : 0
2026-09-14 09:21:02,291 P2579569 INFO pr:0.8921  rc:0.8477  auc:0.9980 ap:0.9762 f1: 0.8694 pred_right: 1063425 pred_wrong:32775 actu_right: 1061709 actu_wrong: 34491
2026-09-14 09:21:09,055 P2579569 INFO pr:0.8945  rc:0.8456  auc:0.9979 ap:0.9761 f1: 0.8694 pred_right: 455803 pred_wrong:13997 actu_right: 454992 actu_wrong: 14808
2026-09-14 09:21:09,056 P2579569 INFO ----------------------------------------------------------------------------------------------------
2026-09-14 09:21:09,056 P2579569 INFO 19/50 starting... lr: 0.001 para:0.05000000074505806
2026-09-14 09:21:43,911 P2579569 INFO Epoch 19/50, all_loss:0.87398 cls_loss:0.86663 rec_loss:1.01376 [34.85s]; best loss:0.87398, patience : 0
2026-09-14 09:21:59,914 P2579569 INFO pr:0.9218  rc:0.8006  auc:0.9983 ap:0.9783 f1: 0.8569 pred_right: 1066245 pred_wrong:29955 actu_right: 1061710 actu_wrong: 34490
2026-09-14 09:22:14,316 P2579569 INFO pr:0.9217  rc:0.7967  auc:0.9983 ap:0.9777 f1: 0.8547 pred_right: 457000 pred_wrong:12800 actu_right: 454992 actu_wrong: 14808
2026-09-14 09:22:14,319 P2579569 INFO ----------------------------------------------------------------------------------------------------
2026-09-14 09:22:14,319 P2579569 INFO 20/50 starting... lr: 0.001 para:0.0476190485060215
2026-09-14 09:22:53,887 P2579569 INFO Epoch 20/50, all_loss:0.82846 cls_loss:0.81798 rec_loss:1.03805 [39.56s]; best loss:0.82846, patience : 0
2026-09-14 09:23:11,279 P2579569 INFO pr:0.8974  rc:0.8856  auc:0.9984 ap:0.9803 f1: 0.8914 pred_right: 1062162 pred_wrong:34038 actu_right: 1061711 actu_wrong: 34489
2026-09-14 09:23:18,634 P2579569 INFO pr:0.8989  rc:0.8815  auc:0.9983 ap:0.9798 f1: 0.8901 pred_right: 455279 pred_wrong:14521 actu_right: 454992 actu_wrong: 14808
2026-09-14 09:23:18,640 P2579569 INFO ----------------------------------------------------------------------------------------------------
2026-09-14 09:23:18,640 P2579569 INFO 21/50 starting... lr: 0.001 para:0.04545454680919647
2026-09-14 09:23:55,957 P2579569 INFO Epoch 21/50, all_loss:0.78447 cls_loss:0.77092 rec_loss:1.06898 [37.31s]; best loss:0.78447, patience : 0
2026-09-14 09:24:11,722 P2579569 INFO pr:0.9175  rc:0.8439  auc:0.9986 ap:0.9817 f1: 0.8792 pred_right: 1064482 pred_wrong:31718 actu_right: 1061715 actu_wrong: 34485
2026-09-14 09:24:30,659 P2579569 INFO pr:0.9199  rc:0.8454  auc:0.9985 ap:0.9815 f1: 0.8811 pred_right: 456191 pred_wrong:13609 actu_right: 454992 actu_wrong: 14808
2026-09-14 09:24:30,660 P2579569 INFO ----------------------------------------------------------------------------------------------------
2026-09-14 09:24:30,661 P2579569 INFO 22/50 starting... lr: 0.001 para:0.043478261679410934
2026-09-14 09:25:06,072 P2579569 INFO Epoch 22/50, all_loss:0.76260 cls_loss:0.74734 rec_loss:1.09843 [35.40s]; best loss:0.76260, patience : 0
2026-09-14 09:25:24,066 P2579569 INFO pr:0.8888  rc:0.9260  auc:0.9988 ap:0.9827 f1: 0.9070 pred_right: 1060268 pred_wrong:35932 actu_right: 1061712 actu_wrong: 34488
2026-09-14 09:25:31,542 P2579569 INFO pr:0.8914  rc:0.9243  auc:0.9987 ap:0.9830 f1: 0.9076 pred_right: 454446 pred_wrong:15354 actu_right: 454992 actu_wrong: 14808
2026-09-14 09:25:31,547 P2579569 INFO ----------------------------------------------------------------------------------------------------
2026-09-14 09:25:31,547 P2579569 INFO 23/50 starting... lr: 0.001 para:0.0416666679084301
2026-09-14 09:26:08,042 P2579569 INFO Epoch 23/50, all_loss:0.71170 cls_loss:0.69401 rec_loss:1.11838 [36.49s]; best loss:0.71170, patience : 0
2026-09-14 09:26:27,802 P2579569 INFO pr:0.8993  rc:0.9150  auc:0.9989 ap:0.9848 f1: 0.9071 pred_right: 1061107 pred_wrong:35093 actu_right: 1061709 actu_wrong: 34491
2026-09-14 09:26:44,238 P2579569 INFO pr:0.9022  rc:0.9160  auc:0.9987 ap:0.9843 f1: 0.9091 pred_right: 454766 pred_wrong:15034 actu_right: 454992 actu_wrong: 14808
2026-09-14 09:26:44,244 P2579569 INFO ----------------------------------------------------------------------------------------------------
2026-09-14 09:26:44,246 P2579569 INFO 24/50 starting... lr: 0.001 para:0.03999999910593033
2026-09-14 09:27:19,195 P2579569 INFO Epoch 24/50, all_loss:0.68089 cls_loss:0.66179 rec_loss:1.13945 [34.94s]; best loss:0.68089, patience : 0
2026-09-14 09:27:37,466 P2579569 INFO pr:0.8949  rc:0.9437  auc:0.9991 ap:0.9865 f1: 0.9186 pred_right: 1059830 pred_wrong:36370 actu_right: 1061709 actu_wrong: 34491
2026-09-14 09:27:45,184 P2579569 INFO pr:0.8965  rc:0.9442  auc:0.9990 ap:0.9861 f1: 0.9197 pred_right: 454204 pred_wrong:15596 actu_right: 454992 actu_wrong: 14808
2026-09-14 09:27:45,190 P2579569 INFO ----------------------------------------------------------------------------------------------------
2026-09-14 09:27:45,190 P2579569 INFO 25/50 starting... lr: 0.001 para:0.03846153989434242
2026-09-14 09:28:20,838 P2579569 INFO Epoch 25/50, all_loss:0.65175 cls_loss:0.63110 rec_loss:1.16812 [35.64s]; best loss:0.65175, patience : 0
2026-09-14 09:28:49,868 P2579569 INFO pr:0.9163  rc:0.8954  auc:0.9990 ap:0.9868 f1: 0.9057 pred_right: 1062489 pred_wrong:33711 actu_right: 1061704 actu_wrong: 34496
2026-09-14 09:28:58,488 P2579569 INFO pr:0.9185  rc:0.8947  auc:0.9989 ap:0.9865 f1: 0.9065 pred_right: 455376 pred_wrong:14424 actu_right: 454992 actu_wrong: 14808
2026-09-14 09:28:58,489 P2579569 INFO ----------------------------------------------------------------------------------------------------
2026-09-14 09:28:58,489 P2579569 INFO 26/50 starting... lr: 0.001 para:0.03703703731298447
2026-09-14 09:29:33,466 P2579569 INFO Epoch 26/50, all_loss:0.64450 cls_loss:0.62408 rec_loss:1.17541 [34.97s]; best loss:0.64450, patience : 0
2026-09-14 09:29:52,071 P2579569 INFO pr:0.8825  rc:0.9645  auc:0.9991 ap:0.9879 f1: 0.9217 pred_right: 1058511 pred_wrong:37689 actu_right: 1061712 actu_wrong: 34488
2026-09-14 09:29:59,710 P2579569 INFO pr:0.8842  rc:0.9631  auc:0.9990 ap:0.9869 f1: 0.9220 pred_right: 453672 pred_wrong:16128 actu_right: 454992 actu_wrong: 14808
2026-09-14 09:29:59,716 P2579569 INFO ----------------------------------------------------------------------------------------------------
2026-09-14 09:29:59,717 P2579569 INFO 27/50 starting... lr: 0.001 para:0.0357142873108387
2026-09-14 09:30:34,826 P2579569 INFO Epoch 27/50, all_loss:0.61666 cls_loss:0.59528 rec_loss:1.19368 [35.10s]; best loss:0.61666, patience : 0
2026-09-14 09:31:05,572 P2579569 INFO pr:0.9022  rc:0.9454  auc:0.9990 ap:0.9881 f1: 0.9233 pred_right: 1060058 pred_wrong:36142 actu_right: 1061710 actu_wrong: 34490
2026-09-14 09:31:13,555 P2579569 INFO pr:0.9033  rc:0.9456  auc:0.9989 ap:0.9874 f1: 0.9239 pred_right: 454299 pred_wrong:15501 actu_right: 454992 actu_wrong: 14808
2026-09-14 09:31:13,561 P2579569 INFO ----------------------------------------------------------------------------------------------------
2026-09-14 09:31:13,561 P2579569 INFO 28/50 starting... lr: 0.001 para:0.03448275849223137
2026-09-14 09:31:48,815 P2579569 INFO Epoch 28/50, all_loss:0.60875 cls_loss:0.58731 rec_loss:1.20922 [35.25s]; best loss:0.60875, patience : 0
2026-09-14 09:32:06,799 P2579569 INFO pr:0.9209  rc:0.9113  auc:0.9991 ap:0.9878 f1: 0.9161 pred_right: 1062066 pred_wrong:34134 actu_right: 1061709 actu_wrong: 34491
2026-09-14 09:32:14,061 P2579569 INFO pr:0.9226  rc:0.9096  auc:0.9989 ap:0.9873 f1: 0.9161 pred_right: 455200 pred_wrong:14600 actu_right: 454992 actu_wrong: 14808
2026-09-14 09:32:14,062 P2579569 INFO ----------------------------------------------------------------------------------------------------
2026-09-14 09:32:14,062 P2579569 INFO 29/50 starting... lr: 0.001 para:0.03333333507180214
2026-09-14 09:32:49,449 P2579569 INFO Epoch 29/50, all_loss:0.59652 cls_loss:0.57473 rec_loss:1.22867 [35.38s]; best loss:0.59652, patience : 0
2026-09-14 09:33:20,849 P2579569 INFO pr:0.9165  rc:0.9141  auc:0.9992 ap:0.9870 f1: 0.9153 pred_right: 1061804 pred_wrong:34396 actu_right: 1061713 actu_wrong: 34487
2026-09-14 09:33:28,740 P2579569 INFO pr:0.9177  rc:0.9111  auc:0.9991 ap:0.9866 f1: 0.9144 pred_right: 455099 pred_wrong:14701 actu_right: 454992 actu_wrong: 14808
2026-09-14 09:33:28,741 P2579569 INFO ----------------------------------------------------------------------------------------------------
2026-09-14 09:33:28,741 P2579569 INFO 30/50 starting... lr: 0.001 para:0.032258063554763794
2026-09-14 09:34:03,543 P2579569 INFO Epoch 30/50, all_loss:0.57416 cls_loss:0.55168 rec_loss:1.24866 [34.80s]; best loss:0.57416, patience : 0
2026-09-14 09:34:21,511 P2579569 INFO pr:0.9052  rc:0.9533  auc:0.9992 ap:0.9897 f1: 0.9286 pred_right: 1059877 pred_wrong:36323 actu_right: 1061708 actu_wrong: 34492
2026-09-14 09:34:28,865 P2579569 INFO pr:0.9069  rc:0.9521  auc:0.9991 ap:0.9886 f1: 0.9289 pred_right: 454255 pred_wrong:15545 actu_right: 454992 actu_wrong: 14808
2026-09-14 09:34:28,871 P2579569 INFO ----------------------------------------------------------------------------------------------------
2026-09-14 09:34:28,871 P2579569 INFO 31/50 starting... lr: 0.001 para:0.03125
2026-09-14 09:35:06,110 P2579569 INFO Epoch 31/50, all_loss:0.55252 cls_loss:0.52980 rec_loss:1.25659 [37.22s]; best loss:0.55252, patience : 0
2026-09-14 09:35:32,735 P2579569 INFO pr:0.9072  rc:0.9493  auc:0.9992 ap:0.9902 f1: 0.9278 pred_right: 1060112 pred_wrong:36088 actu_right: 1061712 actu_wrong: 34488
2026-09-14 09:35:39,685 P2579569 INFO pr:0.9079  rc:0.9483  auc:0.9990 ap:0.9892 f1: 0.9276 pred_right: 454333 pred_wrong:15467 actu_right: 454992 actu_wrong: 14808
2026-09-14 09:35:39,686 P2579569 INFO ----------------------------------------------------------------------------------------------------
2026-09-14 09:35:39,686 P2579569 INFO 32/50 starting... lr: 0.001 para:0.03030303120613098
2026-09-14 09:36:14,787 P2579569 INFO Epoch 32/50, all_loss:0.53906 cls_loss:0.51493 rec_loss:1.31098 [35.10s]; best loss:0.53906, patience : 0
2026-09-14 09:36:32,896 P2579569 INFO pr:0.9087  rc:0.9555  auc:0.9993 ap:0.9900 f1: 0.9315 pred_right: 1059936 pred_wrong:36264 actu_right: 1061710 actu_wrong: 34490
2026-09-14 09:36:40,607 P2579569 INFO pr:0.9087  rc:0.9552  auc:0.9992 ap:0.9890 f1: 0.9314 pred_right: 454234 pred_wrong:15566 actu_right: 454992 actu_wrong: 14808
2026-09-14 09:36:40,613 P2579569 INFO ----------------------------------------------------------------------------------------------------
2026-09-14 09:36:40,613 P2579569 INFO 33/50 starting... lr: 0.001 para:0.029411764815449715
2026-09-14 09:37:24,898 P2579569 INFO Epoch 33/50, all_loss:0.54396 cls_loss:0.52049 rec_loss:1.31853 [44.28s]; best loss:0.53906, patience : 1
2026-09-14 09:37:44,287 P2579569 INFO pr:0.9539  rc:0.8590  auc:0.9993 ap:0.9909 f1: 0.9039 pred_right: 1065142 pred_wrong:31058 actu_right: 1061711 actu_wrong: 34489
2026-09-14 09:37:51,304 P2579569 INFO pr:0.9509  rc:0.8560  auc:0.9991 ap:0.9899 f1: 0.9010 pred_right: 456469 pred_wrong:13331 actu_right: 454992 actu_wrong: 14808
2026-09-14 09:37:51,305 P2579569 INFO ----------------------------------------------------------------------------------------------------
2026-09-14 09:37:51,305 P2579569 INFO 34/50 starting... lr: 0.001 para:0.02857142873108387
2026-09-14 09:38:27,017 P2579569 INFO Epoch 34/50, all_loss:0.52875 cls_loss:0.50616 rec_loss:1.29673 [35.70s]; best loss:0.52875, patience : 0
2026-09-14 09:38:44,710 P2579569 INFO pr:0.9222  rc:0.9435  auc:0.9994 ap:0.9909 f1: 0.9327 pred_right: 1060914 pred_wrong:35286 actu_right: 1061713 actu_wrong: 34487
2026-09-14 09:38:52,853 P2579569 INFO pr:0.9216  rc:0.9435  auc:0.9992 ap:0.9898 f1: 0.9324 pred_right: 454640 pred_wrong:15160 actu_right: 454992 actu_wrong: 14808
2026-09-14 09:38:52,860 P2579569 INFO ----------------------------------------------------------------------------------------------------
2026-09-14 09:38:52,861 P2579569 INFO 35/50 starting... lr: 0.001 para:0.02777777798473835
2026-09-14 09:39:36,835 P2579569 INFO Epoch 35/50, all_loss:0.49456 cls_loss:0.47090 rec_loss:1.32261 [43.97s]; best loss:0.49456, patience : 0
2026-09-14 09:39:54,931 P2579569 INFO pr:0.9162  rc:0.9524  auc:0.9994 ap:0.9909 f1: 0.9339 pred_right: 1060347 pred_wrong:35853 actu_right: 1061711 actu_wrong: 34489
2026-09-14 09:40:02,365 P2579569 INFO pr:0.9123  rc:0.9510  auc:0.9992 ap:0.9896 f1: 0.9313 pred_right: 454364 pred_wrong:15436 actu_right: 454992 actu_wrong: 14808
2026-09-14 09:40:02,371 P2579569 INFO ----------------------------------------------------------------------------------------------------
2026-09-14 09:40:02,371 P2579569 INFO 36/50 starting... lr: 0.001 para:0.027027027681469917
2026-09-14 09:40:36,885 P2579569 INFO Epoch 36/50, all_loss:0.49997 cls_loss:0.47657 rec_loss:1.34231 [34.51s]; best loss:0.49456, patience : 1
2026-09-14 09:40:55,530 P2579569 INFO pr:0.9046  rc:0.9615  auc:0.9993 ap:0.9909 f1: 0.9321 pred_right: 1059540 pred_wrong:36660 actu_right: 1061710 actu_wrong: 34490
2026-09-14 09:41:02,989 P2579569 INFO pr:0.9048  rc:0.9573  auc:0.9991 ap:0.9894 f1: 0.9303 pred_right: 454133 pred_wrong:15667 actu_right: 454992 actu_wrong: 14808
2026-09-14 09:41:02,991 P2579569 INFO ----------------------------------------------------------------------------------------------------
2026-09-14 09:41:02,991 P2579569 INFO 37/50 starting... lr: 0.001 para:0.02631578966975212
2026-09-14 09:41:47,678 P2579569 INFO Epoch 37/50, all_loss:0.49305 cls_loss:0.47020 rec_loss:1.33865 [44.68s]; best loss:0.49305, patience : 0
2026-09-14 09:42:05,644 P2579569 INFO pr:0.9102  rc:0.9709  auc:0.9994 ap:0.9922 f1: 0.9396 pred_right: 1059412 pred_wrong:36788 actu_right: 1061711 actu_wrong: 34489
2026-09-14 09:42:13,355 P2579569 INFO pr:0.9095  rc:0.9670  auc:0.9992 ap:0.9908 f1: 0.9374 pred_right: 454057 pred_wrong:15743 actu_right: 454992 actu_wrong: 14808
2026-09-14 09:42:13,360 P2579569 INFO ----------------------------------------------------------------------------------------------------
2026-09-14 09:42:13,361 P2579569 INFO 38/50 starting... lr: 0.001 para:0.025641025975346565
2026-09-14 09:42:48,816 P2579569 INFO Epoch 38/50, all_loss:0.48202 cls_loss:0.45879 rec_loss:1.36499 [35.45s]; best loss:0.48202, patience : 0
2026-09-14 09:43:06,761 P2579569 INFO pr:0.9538  rc:0.8705  auc:0.9986 ap:0.9905 f1: 0.9103 pred_right: 1064723 pred_wrong:31477 actu_right: 1061711 actu_wrong: 34489
2026-09-14 09:43:14,692 P2579569 INFO pr:0.9531  rc:0.8616  auc:0.9982 ap:0.9896 f1: 0.9051 pred_right: 456413 pred_wrong:13387 actu_right: 454992 actu_wrong: 14808
2026-09-14 09:43:14,693 P2579569 INFO ----------------------------------------------------------------------------------------------------
2026-09-14 09:43:14,694 P2579569 INFO 39/50 starting... lr: 0.001 para:0.02500000037252903
2026-09-14 09:43:59,109 P2579569 INFO Epoch 39/50, all_loss:0.46784 cls_loss:0.44453 rec_loss:1.37710 [44.41s]; best loss:0.46784, patience : 0
2026-09-14 09:44:17,111 P2579569 INFO pr:0.9332  rc:0.9378  auc:0.9995 ap:0.9925 f1: 0.9355 pred_right: 1061541 pred_wrong:34659 actu_right: 1061710 actu_wrong: 34490
2026-09-14 09:44:24,260 P2579569 INFO pr:0.9316  rc:0.9311  auc:0.9993 ap:0.9913 f1: 0.9313 pred_right: 455001 pred_wrong:14799 actu_right: 454992 actu_wrong: 14808
2026-09-14 09:44:24,261 P2579569 INFO ----------------------------------------------------------------------------------------------------
2026-09-14 09:44:24,262 P2579569 INFO 40/50 starting... lr: 0.001 para:0.024390242993831635
2026-09-14 09:45:00,366 P2579569 INFO Epoch 40/50, all_loss:0.46515 cls_loss:0.44167 rec_loss:1.40427 [36.10s]; best loss:0.46515, patience : 0
2026-09-14 09:45:18,515 P2579569 INFO pr:0.9365  rc:0.9365  auc:0.9994 ap:0.9925 f1: 0.9365 pred_right: 1061708 pred_wrong:34492 actu_right: 1061705 actu_wrong: 34495
2026-09-14 09:45:26,896 P2579569 INFO pr:0.9321  rc:0.9302  auc:0.9992 ap:0.9911 f1: 0.9312 pred_right: 455021 pred_wrong:14779 actu_right: 454992 actu_wrong: 14808
2026-09-14 09:45:26,897 P2579569 INFO ----------------------------------------------------------------------------------------------------
2026-09-14 09:45:26,897 P2579569 INFO 41/50 starting... lr: 0.001 para:0.02380952425301075
2026-09-14 09:46:10,589 P2579569 INFO Epoch 41/50, all_loss:0.47104 cls_loss:0.44775 rec_loss:1.42606 [43.69s]; best loss:0.46515, patience : 1
2026-09-14 09:46:27,959 P2579569 INFO pr:0.9301  rc:0.9563  auc:0.9995 ap:0.9933 f1: 0.9430 pred_right: 1060743 pred_wrong:35457 actu_right: 1061716 actu_wrong: 34484
2026-09-14 09:46:35,083 P2579569 INFO pr:0.9284  rc:0.9489  auc:0.9993 ap:0.9922 f1: 0.9386 pred_right: 454665 pred_wrong:15135 actu_right: 454992 actu_wrong: 14808
2026-09-14 09:46:35,089 P2579569 INFO ----------------------------------------------------------------------------------------------------
2026-09-14 09:46:35,089 P2579569 INFO 42/50 starting... lr: 0.001 para:0.023255813866853714
2026-09-14 09:47:10,487 P2579569 INFO Epoch 42/50, all_loss:0.44371 cls_loss:0.42031 rec_loss:1.42645 [35.39s]; best loss:0.44371, patience : 0
2026-09-14 09:47:29,078 P2579569 INFO pr:0.9246  rc:0.9657  auc:0.9995 ap:0.9936 f1: 0.9447 pred_right: 1060174 pred_wrong:36026 actu_right: 1061709 actu_wrong: 34491
2026-09-14 09:47:37,969 P2579569 INFO pr:0.9235  rc:0.9605  auc:0.9994 ap:0.9924 f1: 0.9416 pred_right: 454399 pred_wrong:15401 actu_right: 454992 actu_wrong: 14808
2026-09-14 09:47:37,974 P2579569 INFO ----------------------------------------------------------------------------------------------------
2026-09-14 09:47:37,974 P2579569 INFO 43/50 starting... lr: 0.001 para:0.022727273404598236
2026-09-14 09:48:21,341 P2579569 INFO Epoch 43/50, all_loss:0.43478 cls_loss:0.41147 rec_loss:1.43707 [43.36s]; best loss:0.43478, patience : 0
2026-09-14 09:48:38,723 P2579569 INFO pr:0.9373  rc:0.9328  auc:0.9994 ap:0.9924 f1: 0.9351 pred_right: 1061873 pred_wrong:34327 actu_right: 1061708 actu_wrong: 34492
2026-09-14 09:48:45,990 P2579569 INFO pr:0.9344  rc:0.9287  auc:0.9991 ap:0.9911 f1: 0.9315 pred_right: 455082 pred_wrong:14718 actu_right: 454992 actu_wrong: 14808
2026-09-14 09:48:45,991 P2579569 INFO ----------------------------------------------------------------------------------------------------
2026-09-14 09:48:45,991 P2579569 INFO 44/50 starting... lr: 0.001 para:0.02222222276031971
2026-09-14 09:49:22,342 P2579569 INFO Epoch 44/50, all_loss:0.43101 cls_loss:0.40794 rec_loss:1.44612 [36.34s]; best loss:0.43101, patience : 0
2026-09-14 09:49:40,470 P2579569 INFO pr:0.9330  rc:0.9321  auc:0.9994 ap:0.9923 f1: 0.9326 pred_right: 1061749 pred_wrong:34451 actu_right: 1061714 actu_wrong: 34486
2026-09-14 09:49:48,537 P2579569 INFO pr:0.9287  rc:0.9219  auc:0.9992 ap:0.9908 f1: 0.9253 pred_right: 455100 pred_wrong:14700 actu_right: 454992 actu_wrong: 14808
2026-09-14 09:49:48,538 P2579569 INFO ----------------------------------------------------------------------------------------------------
2026-09-14 09:49:48,538 P2579569 INFO 45/50 starting... lr: 0.001 para:0.021739130839705467
2026-09-14 09:50:33,071 P2579569 INFO Epoch 45/50, all_loss:0.43451 cls_loss:0.41134 rec_loss:1.47695 [44.53s]; best loss:0.43101, patience : 1
2026-09-14 09:50:50,604 P2579569 INFO pr:0.9263  rc:0.9531  auc:0.9994 ap:0.9924 f1: 0.9395 pred_right: 1060716 pred_wrong:35484 actu_right: 1061714 actu_wrong: 34486
2026-09-14 09:50:57,851 P2579569 INFO pr:0.9239  rc:0.9499  auc:0.9993 ap:0.9912 f1: 0.9367 pred_right: 454576 pred_wrong:15224 actu_right: 454992 actu_wrong: 14808
2026-09-14 09:50:57,852 P2579569 INFO ----------------------------------------------------------------------------------------------------
2026-09-14 09:50:57,852 P2579569 INFO 46/50 starting... lr: 0.001 para:0.021276595070958138
2026-09-14 09:51:33,800 P2579569 INFO Epoch 46/50, all_loss:0.41331 cls_loss:0.38979 rec_loss:1.49533 [35.94s]; best loss:0.41331, patience : 0
2026-09-14 09:51:51,996 P2579569 INFO pr:0.9462  rc:0.9432  auc:0.9995 ap:0.9940 f1: 0.9447 pred_right: 1061822 pred_wrong:34378 actu_right: 1061713 actu_wrong: 34487
2026-09-14 09:51:59,194 P2579569 INFO pr:0.9415  rc:0.9355  auc:0.9992 ap:0.9922 f1: 0.9385 pred_right: 455087 pred_wrong:14713 actu_right: 454992 actu_wrong: 14808
2026-09-14 09:51:59,198 P2579569 INFO ----------------------------------------------------------------------------------------------------
2026-09-14 09:51:59,199 P2579569 INFO 47/50 starting... lr: 0.001 para:0.02083333395421505
2026-09-14 09:52:44,099 P2579569 INFO Epoch 47/50, all_loss:0.42606 cls_loss:0.40340 rec_loss:1.49092 [44.90s]; best loss:0.41331, patience : 1
2026-09-14 09:53:01,611 P2579569 INFO pr:0.9389  rc:0.9441  auc:0.9993 ap:0.9934 f1: 0.9415 pred_right: 1061518 pred_wrong:34682 actu_right: 1061708 actu_wrong: 34492
2026-09-14 09:53:08,684 P2579569 INFO pr:0.9346  rc:0.9377  auc:0.9990 ap:0.9920 f1: 0.9362 pred_right: 454943 pred_wrong:14857 actu_right: 454992 actu_wrong: 14808
2026-09-14 09:53:08,685 P2579569 INFO ----------------------------------------------------------------------------------------------------
2026-09-14 09:53:08,685 P2579569 INFO 48/50 starting... lr: 0.001 para:0.020408162847161293
2026-09-14 09:53:43,889 P2579569 INFO Epoch 48/50, all_loss:0.41717 cls_loss:0.39433 rec_loss:1.51326 [35.20s]; best loss:0.41331, patience : 1
2026-09-14 09:54:02,475 P2579569 INFO pr:0.9235  rc:0.9669  auc:0.9995 ap:0.9935 f1: 0.9447 pred_right: 1060094 pred_wrong:36106 actu_right: 1061717 actu_wrong: 34483
2026-09-14 09:54:08,863 P2579569 INFO pr:0.9195  rc:0.9608  auc:0.9993 ap:0.9920 f1: 0.9397 pred_right: 454327 pred_wrong:15473 actu_right: 454992 actu_wrong: 14808
2026-09-14 09:54:08,867 P2579569 INFO ----------------------------------------------------------------------------------------------------
2026-09-14 09:54:08,867 P2579569 INFO 49/50 starting... lr: 0.001 para:0.019999999552965164
2026-09-14 09:54:54,507 P2579569 INFO Epoch 49/50, all_loss:0.40526 cls_loss:0.38276 rec_loss:1.50754 [45.63s]; best loss:0.40526, patience : 0
2026-09-14 09:55:12,070 P2579569 INFO pr:0.9315  rc:0.9614  auc:0.9994 ap:0.9935 f1: 0.9462 pred_right: 1060607 pred_wrong:35593 actu_right: 1061715 actu_wrong: 34485
2026-09-14 09:55:19,392 P2579569 INFO pr:0.9274  rc:0.9559  auc:0.9991 ap:0.9916 f1: 0.9414 pred_right: 454537 pred_wrong:15263 actu_right: 454992 actu_wrong: 14808
2026-09-14 09:55:19,397 P2579569 INFO saving model...
2026-09-14 09:55:19,400 P2579569 INFO FITS_Legendre - loss  best score:0.40525561571121216 at epoch 49
2026-09-14 09:55:19,409 P2579569 INFO FITS_Legendre - f1  best score:0.9462028025913981 at epoch 49
2026-09-14 09:55:19,417 P2579569 INFO Average training time per epoch: 38.06 seconds
2026-09-14 09:55:19,418 P2579569 INFO calculate scores...
2026-09-14 09:55:19,418 P2579569 INFO calculate label with loss...
2026-09-14 09:55:19,419 P2579569 INFO FITS_Legendre on ./result/server_only_exps/Ablations_updatedFreDF/FITS_Legendre-TT-Epochs50-Seed2-ExpNameRQ2z5_basis_degree_comparison-LPFLPF-Attnlinear_attn-NormLinTrue-RecLambda1.0-AuxiLambda0.2-lowshow-simplegraph-Degree9-BasisTypelegendre loading...
2026-09-14 09:55:26,833 P2579569 INFO pr:0.9274  rc:0.9559  auc:0.9991 ap:0.9916 f1: 0.9414 pred_right: 454537 pred_wrong:15263 actu_right: 454992 actu_wrong: 14808
2026-09-14 09:55:39,162 P2579569 INFO pr:0.9274  rc:0.9559  auc:0.9991 ap:0.9916 f1: 0.9414 pred_right: 454537 pred_wrong:15263 actu_right: 454992 actu_wrong: 14808
2026-09-14 09:55:39,163 P2579569 INFO Performance Summary:
{'GPU': {'inference_time_per_sample_ms': 0.3817811109715844, 'throughput_samples_per_sec': 2619.3019278903744, 'peak_memory_mb': 87.724609375, 'energy_per_sample_joules': 0.01851523853878893}, 'CPU': {'inference_time_per_sample_ms': 0.6595934299596005, 'throughput_samples_per_sec': 1516.0854468505684, 'peak_memory_mb': 5462.046875, 'energy_per_sample_joules': 0.04287357294737403}}
2026-09-14 09:55:39,163 P2579569 INFO Starting clean-room hardware benchmarking...
2026-09-14 09:55:40,429 P2579569 INFO Performance with loss: pr:0.9274  rc:0.9559  auc:0.9991 ap:0.9916 f1: 0.9414 pred_right: 454537 pred_wrong:15263 actu_right: 454992 actu_wrong: 14808
2026-09-14 09:55:40,429 P2579569 INFO calculate label with f1...
2026-09-14 09:55:40,429 P2579569 INFO FITS_Legendre on ./result/server_only_exps/Ablations_updatedFreDF/FITS_Legendre-TT-Epochs50-Seed2-ExpNameRQ2z5_basis_degree_comparison-LPFLPF-Attnlinear_attn-NormLinTrue-RecLambda1.0-AuxiLambda0.2-lowshow-simplegraph-Degree9-BasisTypelegendre loading...
2026-09-14 09:55:47,382 P2579569 INFO pr:0.9274  rc:0.9559  auc:0.9991 ap:0.9916 f1: 0.9414 pred_right: 454537 pred_wrong:15263 actu_right: 454992 actu_wrong: 14808
2026-09-14 09:55:59,675 P2579569 INFO pr:0.9274  rc:0.9559  auc:0.9991 ap:0.9916 f1: 0.9414 pred_right: 454537 pred_wrong:15263 actu_right: 454992 actu_wrong: 14808
2026-09-14 09:55:59,676 P2579569 INFO Performance Summary:
{'GPU': {'inference_time_per_sample_ms': 0.35437359289789033, 'throughput_samples_per_sec': 2821.8806932607454, 'peak_memory_mb': 87.220703125, 'energy_per_sample_joules': 0.01781046240545507}, 'CPU': {'inference_time_per_sample_ms': 0.6615225264180268, 'throughput_samples_per_sec': 1511.6643199056896, 'peak_memory_mb': 5734.265625, 'energy_per_sample_joules': 0.04299896421717174}}
2026-09-14 09:55:59,676 P2579569 INFO Starting clean-room hardware benchmarking...
2026-09-14 09:56:01,061 P2579569 INFO Performance with f1: pr:0.9274  rc:0.9559  auc:0.9991 ap:0.9916 f1: 0.9414 pred_right: 454537 pred_wrong:15263 actu_right: 454992 actu_wrong: 14808
2026-09-14 09:56:01,061 P2579569 INFO Collecting case-study samples...
