2026-07-03 09:17:51,081 P1563403 INFO ---- Model: ----MSTGAD-bec0c40d----random_seed : 3----req_loss_approach : Legendre-style----rec_lambda : 1.0----auxi_lambda : 0.1----Freq Domain : FITS_Legendre----Multi Fits : false----train : True----evaluate : False
2026-07-03 09:17:51,082 P1563403 INFO Load from /home/db2003/Desktop/Amr/Tests/Eadro/codes/chunks/TT
2026-07-03 09:18:01,880 P1563403 INFO Fewshot: training with 1.0 of the 70% of the data
2026-07-03 09:18:09,103 P1563403 INFO Trainable Parameters Breakdown:
2026-07-03 09:18:09,104 P1563403 INFO --------------------------------------------------------------------------------
2026-07-03 09:18:09,104 P1563403 INFO Reconstruction-Specific Parameters:
2026-07-03 09:18:09,104 P1563403 INFO linear_attn.Wq.weight                    | shape: (10, 10)                  | params: 100
2026-07-03 09:18:09,104 P1563403 INFO linear_attn.Wk.weight                    | shape: (10, 10)                  | params: 100
2026-07-03 09:18:09,104 P1563403 INFO linear_attn.Wv.weight                    | shape: (10, 10)                  | params: 100
2026-07-03 09:18:09,104 P1563403 INFO linear_attn.out.weight                   | shape: (10, 10)                  | params: 100
2026-07-03 09:18:09,104 P1563403 INFO linear_attn.out.bias                     | shape: (10,)                     | params: 10
2026-07-03 09:18:09,104 P1563403 INFO linear_attn.norm.weight                  | shape: (10,)                     | params: 10
2026-07-03 09:18:09,104 P1563403 INFO linear_attn.norm.bias                    | shape: (10,)                     | params: 10
2026-07-03 09:18:09,104 P1563403 INFO shared_fits.normlin_W                    | shape: (5, 5)                    | params: 25
2026-07-03 09:18:09,104 P1563403 INFO shared_fits.freq_upsampler.weight        | shape: (5, 5)                    | params: 25
2026-07-03 09:18:09,104 P1563403 INFO shared_fits.freq_upsampler.bias          | shape: (5,)                      | params: 5
2026-07-03 09:18:09,104 P1563403 INFO modality_proj.node.weight                | shape: (10, 8)                   | params: 80
2026-07-03 09:18:09,104 P1563403 INFO modality_proj.node.bias                  | shape: (10,)                     | params: 10
2026-07-03 09:18:09,104 P1563403 INFO modality_proj.log.weight                 | shape: (10, 32)                  | params: 320
2026-07-03 09:18:09,104 P1563403 INFO modality_proj.log.bias                   | shape: (10,)                     | params: 10
2026-07-03 09:18:09,104 P1563403 INFO modality_proj.edge.weight                | shape: (10, 8)                   | params: 80
2026-07-03 09:18:09,104 P1563403 INFO modality_proj.edge.bias                  | shape: (10,)                     | params: 10
2026-07-03 09:18:09,104 P1563403 INFO modality_proj_out.node.weight            | shape: (8, 10)                   | params: 80
2026-07-03 09:18:09,104 P1563403 INFO modality_proj_out.node.bias              | shape: (8,)                      | params: 8
2026-07-03 09:18:09,104 P1563403 INFO modality_proj_out.log.weight             | shape: (32, 10)                  | params: 320
2026-07-03 09:18:09,104 P1563403 INFO modality_proj_out.log.bias               | shape: (32,)                     | params: 32
2026-07-03 09:18:09,104 P1563403 INFO modality_proj_out.edge.weight            | shape: (8, 10)                   | params: 80
2026-07-03 09:18:09,105 P1563403 INFO modality_proj_out.edge.bias              | shape: (8,)                      | params: 8
2026-07-03 09:18:09,105 P1563403 INFO Subtotal: 1,523
2026-07-03 09:18:09,105 P1563403 INFO --------------------------------------------------------------------------------
2026-07-03 09:18:09,105 P1563403 INFO Common Parameters:
2026-07-03 09:18:09,105 P1563403 INFO node_emb.linear.weight                   | shape: (8, 7)                    | params: 56
2026-07-03 09:18:09,105 P1563403 INFO node_emb.linear.bias                     | shape: (8,)                      | params: 8
2026-07-03 09:18:09,105 P1563403 INFO log_emb.linear.weight                    | shape: (32, 60)                  | params: 1,920
2026-07-03 09:18:09,105 P1563403 INFO log_emb.linear.bias                      | shape: (32,)                     | params: 32
2026-07-03 09:18:09,105 P1563403 INFO egde_emb.linear.weight                   | shape: (8, 2)                    | params: 16
2026-07-03 09:18:09,105 P1563403 INFO egde_emb.linear.bias                     | shape: (8,)                      | params: 8
2026-07-03 09:18:09,105 P1563403 INFO dense_node.weight                        | shape: (7, 8)                    | params: 56
2026-07-03 09:18:09,105 P1563403 INFO dense_node.bias                          | shape: (7,)                      | params: 7
2026-07-03 09:18:09,105 P1563403 INFO dense_log.weight                         | shape: (60, 32)                  | params: 1,920
2026-07-03 09:18:09,105 P1563403 INFO dense_log.bias                           | shape: (60,)                     | params: 60
2026-07-03 09:18:09,105 P1563403 INFO dense_edge.weight                        | shape: (2, 8)                    | params: 16
2026-07-03 09:18:09,105 P1563403 INFO dense_edge.bias                          | shape: (2,)                      | params: 2
2026-07-03 09:18:09,105 P1563403 INFO show.0.weight                            | shape: (128, 69)                 | params: 8,832
2026-07-03 09:18:09,105 P1563403 INFO show.0.bias                              | shape: (128,)                    | params: 128
2026-07-03 09:18:09,105 P1563403 INFO show.2.weight                            | shape: (2, 128)                  | params: 256
2026-07-03 09:18:09,105 P1563403 INFO show.2.bias                              | shape: (2,)                      | params: 2
2026-07-03 09:18:09,105 P1563403 INFO Subtotal: 13,319
2026-07-03 09:18:09,105 P1563403 INFO --------------------------------------------------------------------------------
2026-07-03 09:18:09,105 P1563403 INFO Total Trainable Parameters: 14,842

2026-07-03 09:18:09,105 P1563403 INFO Trainable Parameters: 14842, reconstruction: 1523, common: 13319
2026-07-03 09:18:09,106 P1563403 INFO model : init weight
2026-07-03 09:18:09,106 P1563403 INFO Using GPU...
2026-07-03 09:18:09,110 P1563403 INFO optimizer : using AdaBelief
2026-07-03 09:18:09,110 P1563403 INFO ----------------------------------------------------------------------------------------------------
2026-07-03 09:18:09,110 P1563403 INFO 0/50 starting... lr: 0.001 para:1.0
2026-07-03 09:18:35,105 P1563403 INFO Epoch 0/50, all_loss:0.08682 cls_loss:29.78564 rec_loss:0.08682 [25.99s]; best loss:0.08682, patience : 0
2026-07-03 09:18:35,105 P1563403 INFO ----------------------------------------------------------------------------------------------------
2026-07-03 09:18:35,105 P1563403 INFO 1/50 starting... lr: 0.001 para:0.5
2026-07-03 09:18:54,111 P1563403 INFO Epoch 1/50, all_loss:1.99173 cls_loss:3.72812 rec_loss:0.25533 [19.00s]; best loss:1.99173, patience : 0
2026-07-03 09:18:54,111 P1563403 INFO ----------------------------------------------------------------------------------------------------
2026-07-03 09:18:54,111 P1563403 INFO 2/50 starting... lr: 0.001 para:0.3333333432674408
2026-07-03 09:19:13,402 P1563403 INFO Epoch 2/50, all_loss:1.57059 cls_loss:2.22896 rec_loss:0.25385 [19.29s]; best loss:1.57059, patience : 0
2026-07-03 09:19:24,211 P1563403 INFO pr:0.9161  rc:0.4453  auc:0.9887 ap:0.8962 f1: 0.5993 pred_right: 1079436 pred_wrong:16764 actu_right: 1061711 actu_wrong: 34489
2026-07-03 09:19:27,888 P1563403 INFO pr:0.9223  rc:0.4473  auc:0.9885 ap:0.8965 f1: 0.6024 pred_right: 462619 pred_wrong:7181 actu_right: 454992 actu_wrong: 14808
2026-07-03 09:19:27,892 P1563403 INFO ----------------------------------------------------------------------------------------------------
2026-07-03 09:19:27,892 P1563403 INFO 3/50 starting... lr: 0.001 para:0.25
2026-07-03 09:19:54,199 P1563403 INFO Epoch 3/50, all_loss:1.52270 cls_loss:1.94289 rec_loss:0.26212 [26.30s]; best loss:1.52270, patience : 0
2026-07-03 09:20:04,120 P1563403 INFO pr:0.8625  rc:0.5475  auc:0.9911 ap:0.9119 f1: 0.6698 pred_right: 1074305 pred_wrong:21895 actu_right: 1061706 actu_wrong: 34494
2026-07-03 09:20:08,542 P1563403 INFO pr:0.8634  rc:0.5446  auc:0.9910 ap:0.9114 f1: 0.6679 pred_right: 460459 pred_wrong:9341 actu_right: 454992 actu_wrong: 14808
2026-07-03 09:20:08,546 P1563403 INFO ----------------------------------------------------------------------------------------------------
2026-07-03 09:20:08,546 P1563403 INFO 4/50 starting... lr: 0.001 para:0.20000000298023224
2026-07-03 09:20:28,019 P1563403 INFO Epoch 4/50, all_loss:1.50733 cls_loss:1.81433 rec_loss:0.27934 [19.47s]; best loss:1.50733, patience : 0
2026-07-03 09:20:37,936 P1563403 INFO pr:0.9312  rc:0.5296  auc:0.9925 ap:0.9243 f1: 0.6752 pred_right: 1076582 pred_wrong:19618 actu_right: 1061709 actu_wrong: 34491
2026-07-03 09:20:42,061 P1563403 INFO pr:0.9339  rc:0.5288  auc:0.9924 ap:0.9237 f1: 0.6753 pred_right: 461415 pred_wrong:8385 actu_right: 454992 actu_wrong: 14808
2026-07-03 09:20:42,065 P1563403 INFO ----------------------------------------------------------------------------------------------------
2026-07-03 09:20:42,065 P1563403 INFO 5/50 starting... lr: 0.001 para:0.1666666716337204
2026-07-03 09:21:03,534 P1563403 INFO Epoch 5/50, all_loss:1.46177 cls_loss:1.69246 rec_loss:0.30833 [21.46s]; best loss:1.46177, patience : 0
2026-07-03 09:21:17,315 P1563403 INFO pr:0.8955  rc:0.6108  auc:0.9940 ap:0.9385 f1: 0.7263 pred_right: 1072677 pred_wrong:23523 actu_right: 1061713 actu_wrong: 34487
2026-07-03 09:21:21,435 P1563403 INFO pr:0.8968  rc:0.6064  auc:0.9939 ap:0.9377 f1: 0.7236 pred_right: 459787 pred_wrong:10013 actu_right: 454992 actu_wrong: 14808
2026-07-03 09:21:21,440 P1563403 INFO ----------------------------------------------------------------------------------------------------
2026-07-03 09:21:21,440 P1563403 INFO 6/50 starting... lr: 0.001 para:0.1428571492433548
2026-07-03 09:21:40,793 P1563403 INFO Epoch 6/50, all_loss:1.37135 cls_loss:1.54171 rec_loss:0.34919 [19.35s]; best loss:1.37135, patience : 0
2026-07-03 09:21:50,845 P1563403 INFO pr:0.8946  rc:0.6184  auc:0.9942 ap:0.9396 f1: 0.7313 pred_right: 1072359 pred_wrong:23841 actu_right: 1061711 actu_wrong: 34489
2026-07-03 09:21:55,386 P1563403 INFO pr:0.8917  rc:0.6136  auc:0.9940 ap:0.9380 f1: 0.7270 pred_right: 459611 pred_wrong:10189 actu_right: 454992 actu_wrong: 14808
2026-07-03 09:21:55,390 P1563403 INFO ----------------------------------------------------------------------------------------------------
2026-07-03 09:21:55,390 P1563403 INFO 7/50 starting... lr: 0.001 para:0.125
2026-07-03 09:22:14,551 P1563403 INFO Epoch 7/50, all_loss:1.27754 cls_loss:1.40443 rec_loss:0.38933 [19.16s]; best loss:1.27754, patience : 0
2026-07-03 09:22:23,602 P1563403 INFO pr:0.8491  rc:0.7757  auc:0.9961 ap:0.9554 f1: 0.8108 pred_right: 1064691 pred_wrong:31509 actu_right: 1061710 actu_wrong: 34490
2026-07-03 09:22:34,041 P1563403 INFO pr:0.8519  rc:0.7740  auc:0.9961 ap:0.9555 f1: 0.8111 pred_right: 456347 pred_wrong:13453 actu_right: 454992 actu_wrong: 14808
2026-07-03 09:22:34,049 P1563403 INFO ----------------------------------------------------------------------------------------------------
2026-07-03 09:22:34,050 P1563403 INFO 8/50 starting... lr: 0.001 para:0.1111111119389534
2026-07-03 09:22:54,215 P1563403 INFO Epoch 8/50, all_loss:1.15049 cls_loss:1.23759 rec_loss:0.45368 [20.16s]; best loss:1.15049, patience : 0
2026-07-03 09:23:04,368 P1563403 INFO pr:0.8573  rc:0.8246  auc:0.9968 ap:0.9638 f1: 0.8406 pred_right: 1063025 pred_wrong:33175 actu_right: 1061710 actu_wrong: 34490
2026-07-03 09:23:08,809 P1563403 INFO pr:0.8599  rc:0.8221  auc:0.9967 ap:0.9632 f1: 0.8406 pred_right: 455643 pred_wrong:14157 actu_right: 454992 actu_wrong: 14808
2026-07-03 09:23:08,813 P1563403 INFO ----------------------------------------------------------------------------------------------------
2026-07-03 09:23:08,813 P1563403 INFO 9/50 starting... lr: 0.001 para:0.10000000149011612
2026-07-03 09:23:27,884 P1563403 INFO Epoch 9/50, all_loss:1.05861 cls_loss:1.11741 rec_loss:0.52943 [19.07s]; best loss:1.05861, patience : 0
2026-07-03 09:23:38,509 P1563403 INFO pr:0.8506  rc:0.8799  auc:0.9970 ap:0.9695 f1: 0.8650 pred_right: 1060516 pred_wrong:35684 actu_right: 1061703 actu_wrong: 34497
2026-07-03 09:23:42,099 P1563403 INFO pr:0.8536  rc:0.8769  auc:0.9971 ap:0.9686 f1: 0.8651 pred_right: 454588 pred_wrong:15212 actu_right: 454992 actu_wrong: 14808
2026-07-03 09:23:42,104 P1563403 INFO ----------------------------------------------------------------------------------------------------
2026-07-03 09:23:42,104 P1563403 INFO 10/50 starting... lr: 0.001 para:0.09090909361839294
2026-07-03 09:24:07,562 P1563403 INFO Epoch 10/50, all_loss:0.97875 cls_loss:1.01811 rec_loss:0.58514 [25.45s]; best loss:0.97875, patience : 0
2026-07-03 09:24:17,554 P1563403 INFO pr:0.9021  rc:0.8090  auc:0.9975 ap:0.9744 f1: 0.8530 pred_right: 1065266 pred_wrong:30934 actu_right: 1061704 actu_wrong: 34496
2026-07-03 09:24:21,705 P1563403 INFO pr:0.9035  rc:0.8029  auc:0.9975 ap:0.9735 f1: 0.8502 pred_right: 456641 pred_wrong:13159 actu_right: 454992 actu_wrong: 14808
2026-07-03 09:24:21,706 P1563403 INFO ----------------------------------------------------------------------------------------------------
2026-07-03 09:24:21,706 P1563403 INFO 11/50 starting... lr: 0.001 para:0.0833333358168602
2026-07-03 09:24:40,903 P1563403 INFO Epoch 11/50, all_loss:0.91649 cls_loss:0.94243 rec_loss:0.63114 [19.19s]; best loss:0.91649, patience : 0
2026-07-03 09:24:51,138 P1563403 INFO pr:0.9102  rc:0.8018  auc:0.9977 ap:0.9754 f1: 0.8526 pred_right: 1065818 pred_wrong:30382 actu_right: 1061713 actu_wrong: 34487
2026-07-03 09:24:55,618 P1563403 INFO pr:0.9120  rc:0.8006  auc:0.9977 ap:0.9750 f1: 0.8527 pred_right: 456801 pred_wrong:12999 actu_right: 454992 actu_wrong: 14808
2026-07-03 09:24:55,619 P1563403 INFO ----------------------------------------------------------------------------------------------------
2026-07-03 09:24:55,619 P1563403 INFO 12/50 starting... lr: 0.001 para:0.07692307978868484
2026-07-03 09:25:18,137 P1563403 INFO Epoch 12/50, all_loss:0.87798 cls_loss:0.89534 rec_loss:0.66964 [22.50s]; best loss:0.87798, patience : 0
2026-07-03 09:25:30,765 P1563403 INFO pr:0.8884  rc:0.8921  auc:0.9979 ap:0.9801 f1: 0.8902 pred_right: 1061566 pred_wrong:34634 actu_right: 1061711 actu_wrong: 34489
2026-07-03 09:25:35,046 P1563403 INFO pr:0.8913  rc:0.8888  auc:0.9977 ap:0.9794 f1: 0.8900 pred_right: 455032 pred_wrong:14768 actu_right: 454992 actu_wrong: 14808
2026-07-03 09:25:35,050 P1563403 INFO ----------------------------------------------------------------------------------------------------
2026-07-03 09:25:35,050 P1563403 INFO 13/50 starting... lr: 0.001 para:0.0714285746216774
2026-07-03 09:25:54,012 P1563403 INFO Epoch 13/50, all_loss:0.83718 cls_loss:0.84798 rec_loss:0.69670 [18.96s]; best loss:0.83718, patience : 0
2026-07-03 09:26:04,168 P1563403 INFO pr:0.9133  rc:0.8385  auc:0.9983 ap:0.9800 f1: 0.8743 pred_right: 1064540 pred_wrong:31660 actu_right: 1061716 actu_wrong: 34484
2026-07-03 09:26:08,341 P1563403 INFO pr:0.9120  rc:0.8379  auc:0.9982 ap:0.9796 f1: 0.8734 pred_right: 456194 pred_wrong:13606 actu_right: 454992 actu_wrong: 14808
2026-07-03 09:26:08,342 P1563403 INFO ----------------------------------------------------------------------------------------------------
2026-07-03 09:26:08,342 P1563403 INFO 14/50 starting... lr: 0.001 para:0.06666667014360428
2026-07-03 09:26:27,329 P1563403 INFO Epoch 14/50, all_loss:0.80090 cls_loss:0.80727 rec_loss:0.71168 [18.98s]; best loss:0.80090, patience : 0
2026-07-03 09:26:39,629 P1563403 INFO pr:0.8965  rc:0.8906  auc:0.9987 ap:0.9816 f1: 0.8935 pred_right: 1061936 pred_wrong:34264 actu_right: 1061711 actu_wrong: 34489
2026-07-03 09:26:47,350 P1563403 INFO pr:0.8967  rc:0.8890  auc:0.9986 ap:0.9809 f1: 0.8929 pred_right: 455119 pred_wrong:14681 actu_right: 454992 actu_wrong: 14808
2026-07-03 09:26:47,355 P1563403 INFO ----------------------------------------------------------------------------------------------------
2026-07-03 09:26:47,355 P1563403 INFO 15/50 starting... lr: 0.001 para:0.0625
2026-07-03 09:27:06,899 P1563403 INFO Epoch 15/50, all_loss:0.76817 cls_loss:0.77075 rec_loss:0.72956 [19.54s]; best loss:0.76817, patience : 0
2026-07-03 09:27:17,162 P1563403 INFO pr:0.8824  rc:0.9122  auc:0.9983 ap:0.9824 f1: 0.8970 pred_right: 1060550 pred_wrong:35650 actu_right: 1061713 actu_wrong: 34487
2026-07-03 09:27:21,257 P1563403 INFO pr:0.8830  rc:0.9080  auc:0.9978 ap:0.9812 f1: 0.8953 pred_right: 454573 pred_wrong:15227 actu_right: 454992 actu_wrong: 14808
2026-07-03 09:27:21,261 P1563403 INFO ----------------------------------------------------------------------------------------------------
2026-07-03 09:27:21,262 P1563403 INFO 16/50 starting... lr: 0.001 para:0.05882352963089943
2026-07-03 09:27:40,281 P1563403 INFO Epoch 16/50, all_loss:0.73874 cls_loss:0.73841 rec_loss:0.74402 [19.02s]; best loss:0.73874, patience : 0
2026-07-03 09:27:50,520 P1563403 INFO pr:0.8952  rc:0.8940  auc:0.9987 ap:0.9818 f1: 0.8946 pred_right: 1061754 pred_wrong:34446 actu_right: 1061709 actu_wrong: 34491
2026-07-03 09:27:54,368 P1563403 INFO pr:0.8952  rc:0.8917  auc:0.9987 ap:0.9811 f1: 0.8935 pred_right: 455049 pred_wrong:14751 actu_right: 454992 actu_wrong: 14808
2026-07-03 09:27:54,369 P1563403 INFO ----------------------------------------------------------------------------------------------------
2026-07-03 09:27:54,369 P1563403 INFO 17/50 starting... lr: 0.001 para:0.0555555559694767
2026-07-03 09:28:19,695 P1563403 INFO Epoch 17/50, all_loss:0.74517 cls_loss:0.74382 rec_loss:0.76810 [25.33s]; best loss:0.73874, patience : 1
2026-07-03 09:28:29,614 P1563403 INFO pr:0.8673  rc:0.9364  auc:0.9985 ap:0.9801 f1: 0.9005 pred_right: 1058966 pred_wrong:37234 actu_right: 1061715 actu_wrong: 34485
2026-07-03 09:28:33,832 P1563403 INFO pr:0.8707  rc:0.9356  auc:0.9984 ap:0.9797 f1: 0.9020 pred_right: 453888 pred_wrong:15912 actu_right: 454992 actu_wrong: 14808
2026-07-03 09:28:33,836 P1563403 INFO ----------------------------------------------------------------------------------------------------
2026-07-03 09:28:33,836 P1563403 INFO 18/50 starting... lr: 0.001 para:0.05263157933950424
2026-07-03 09:28:52,988 P1563403 INFO Epoch 18/50, all_loss:0.69562 cls_loss:0.69088 rec_loss:0.78105 [19.15s]; best loss:0.69562, patience : 0
2026-07-03 09:29:03,178 P1563403 INFO pr:0.8839  rc:0.9373  auc:0.9989 ap:0.9857 f1: 0.9098 pred_right: 1059631 pred_wrong:36569 actu_right: 1061713 actu_wrong: 34487
2026-07-03 09:29:07,404 P1563403 INFO pr:0.8850  rc:0.9379  auc:0.9988 ap:0.9855 f1: 0.9107 pred_right: 454107 pred_wrong:15693 actu_right: 454992 actu_wrong: 14808
2026-07-03 09:29:07,409 P1563403 INFO ----------------------------------------------------------------------------------------------------
2026-07-03 09:29:07,412 P1563403 INFO 19/50 starting... lr: 0.001 para:0.05000000074505806
2026-07-03 09:29:31,725 P1563403 INFO Epoch 19/50, all_loss:0.70133 cls_loss:0.69693 rec_loss:0.78492 [24.31s]; best loss:0.69562, patience : 1
2026-07-03 09:29:42,737 P1563403 INFO pr:0.9149  rc:0.8984  auc:0.9989 ap:0.9861 f1: 0.9066 pred_right: 1062336 pred_wrong:33864 actu_right: 1061712 actu_wrong: 34488
2026-07-03 09:29:46,885 P1563403 INFO pr:0.9155  rc:0.8982  auc:0.9986 ap:0.9854 f1: 0.9068 pred_right: 455272 pred_wrong:14528 actu_right: 454992 actu_wrong: 14808
2026-07-03 09:29:46,886 P1563403 INFO ----------------------------------------------------------------------------------------------------
2026-07-03 09:29:46,886 P1563403 INFO 20/50 starting... lr: 0.001 para:0.0476190485060215
2026-07-03 09:30:05,827 P1563403 INFO Epoch 20/50, all_loss:0.67927 cls_loss:0.67260 rec_loss:0.81266 [18.94s]; best loss:0.67927, patience : 0
2026-07-03 09:30:15,643 P1563403 INFO pr:0.9121  rc:0.9036  auc:0.9990 ap:0.9871 f1: 0.9078 pred_right: 1062032 pred_wrong:34168 actu_right: 1061713 actu_wrong: 34487
2026-07-03 09:30:19,788 P1563403 INFO pr:0.9103  rc:0.8996  auc:0.9989 ap:0.9862 f1: 0.9049 pred_right: 455166 pred_wrong:14634 actu_right: 454992 actu_wrong: 14808
2026-07-03 09:30:19,789 P1563403 INFO ----------------------------------------------------------------------------------------------------
2026-07-03 09:30:19,789 P1563403 INFO 21/50 starting... lr: 0.001 para:0.04545454680919647
2026-07-03 09:30:39,020 P1563403 INFO Epoch 21/50, all_loss:0.66780 cls_loss:0.66100 rec_loss:0.81054 [19.23s]; best loss:0.66780, patience : 0
2026-07-03 09:30:48,195 P1563403 INFO pr:0.9062  rc:0.9185  auc:0.9986 ap:0.9834 f1: 0.9123 pred_right: 1061241 pred_wrong:34959 actu_right: 1061710 actu_wrong: 34490
2026-07-03 09:30:57,704 P1563403 INFO pr:0.9083  rc:0.9145  auc:0.9985 ap:0.9832 f1: 0.9114 pred_right: 454891 pred_wrong:14909 actu_right: 454992 actu_wrong: 14808
2026-07-03 09:30:57,713 P1563403 INFO ----------------------------------------------------------------------------------------------------
2026-07-03 09:30:57,713 P1563403 INFO 22/50 starting... lr: 0.001 para:0.043478261679410934
2026-07-03 09:31:18,156 P1563403 INFO Epoch 22/50, all_loss:0.65394 cls_loss:0.64627 rec_loss:0.82267 [20.44s]; best loss:0.65394, patience : 0
2026-07-03 09:31:28,358 P1563403 INFO pr:0.9032  rc:0.9396  auc:0.9987 ap:0.9868 f1: 0.9210 pred_right: 1060323 pred_wrong:35877 actu_right: 1061712 actu_wrong: 34488
2026-07-03 09:31:32,434 P1563403 INFO pr:0.9046  rc:0.9373  auc:0.9987 ap:0.9866 f1: 0.9207 pred_right: 454457 pred_wrong:15343 actu_right: 454992 actu_wrong: 14808
2026-07-03 09:31:32,439 P1563403 INFO ----------------------------------------------------------------------------------------------------
2026-07-03 09:31:32,439 P1563403 INFO 23/50 starting... lr: 0.001 para:0.0416666679084301
2026-07-03 09:31:51,840 P1563403 INFO Epoch 23/50, all_loss:0.64377 cls_loss:0.63528 rec_loss:0.83919 [19.40s]; best loss:0.64377, patience : 0
2026-07-03 09:32:02,568 P1563403 INFO pr:0.8891  rc:0.9572  auc:0.9991 ap:0.9876 f1: 0.9219 pred_right: 1059070 pred_wrong:37130 actu_right: 1061711 actu_wrong: 34489
2026-07-03 09:32:06,107 P1563403 INFO pr:0.8907  rc:0.9535  auc:0.9990 ap:0.9868 f1: 0.9210 pred_right: 453948 pred_wrong:15852 actu_right: 454992 actu_wrong: 14808
2026-07-03 09:32:06,111 P1563403 INFO ----------------------------------------------------------------------------------------------------
2026-07-03 09:32:06,111 P1563403 INFO 24/50 starting... lr: 0.001 para:0.03999999910593033
2026-07-03 09:32:30,714 P1563403 INFO Epoch 24/50, all_loss:0.62225 cls_loss:0.61258 rec_loss:0.85442 [24.60s]; best loss:0.62225, patience : 0
2026-07-03 09:32:40,387 P1563403 INFO pr:0.9134  rc:0.9311  auc:0.9991 ap:0.9888 f1: 0.9222 pred_right: 1061042 pred_wrong:35158 actu_right: 1061708 actu_wrong: 34492
2026-07-03 09:32:44,654 P1563403 INFO pr:0.9126  rc:0.9273  auc:0.9990 ap:0.9874 f1: 0.9199 pred_right: 454753 pred_wrong:15047 actu_right: 454992 actu_wrong: 14808
2026-07-03 09:32:44,658 P1563403 INFO ----------------------------------------------------------------------------------------------------
2026-07-03 09:32:44,659 P1563403 INFO 25/50 starting... lr: 0.001 para:0.03846153989434242
2026-07-03 09:33:03,713 P1563403 INFO Epoch 25/50, all_loss:0.61137 cls_loss:0.60087 rec_loss:0.87391 [19.05s]; best loss:0.61137, patience : 0
2026-07-03 09:33:13,853 P1563403 INFO pr:0.8744  rc:0.9738  auc:0.9990 ap:0.9892 f1: 0.9214 pred_right: 1057794 pred_wrong:38406 actu_right: 1061714 actu_wrong: 34486
2026-07-03 09:33:17,928 P1563403 INFO pr:0.8760  rc:0.9714  auc:0.9989 ap:0.9888 f1: 0.9212 pred_right: 453378 pred_wrong:16422 actu_right: 454992 actu_wrong: 14808
2026-07-03 09:33:17,929 P1563403 INFO ----------------------------------------------------------------------------------------------------
2026-07-03 09:33:17,929 P1563403 INFO 26/50 starting... lr: 0.001 para:0.03703703731298447
2026-07-03 09:33:39,740 P1563403 INFO Epoch 26/50, all_loss:0.58351 cls_loss:0.57174 rec_loss:0.88941 [21.80s]; best loss:0.58351, patience : 0
2026-07-03 09:33:53,761 P1563403 INFO pr:0.9094  rc:0.9528  auc:0.9990 ap:0.9904 f1: 0.9306 pred_right: 1060068 pred_wrong:36132 actu_right: 1061715 actu_wrong: 34485
2026-07-03 09:33:57,774 P1563403 INFO pr:0.9083  rc:0.9489  auc:0.9990 ap:0.9895 f1: 0.9282 pred_right: 454331 pred_wrong:15469 actu_right: 454992 actu_wrong: 14808
2026-07-03 09:33:57,778 P1563403 INFO ----------------------------------------------------------------------------------------------------
2026-07-03 09:33:57,778 P1563403 INFO 27/50 starting... lr: 0.001 para:0.0357142873108387
2026-07-03 09:34:16,800 P1563403 INFO Epoch 27/50, all_loss:0.57602 cls_loss:0.56413 rec_loss:0.89711 [19.02s]; best loss:0.57602, patience : 0
2026-07-03 09:34:26,929 P1563403 INFO pr:0.9161  rc:0.9387  auc:0.9992 ap:0.9889 f1: 0.9273 pred_right: 1060864 pred_wrong:35336 actu_right: 1061714 actu_wrong: 34486
2026-07-03 09:34:31,026 P1563403 INFO pr:0.9150  rc:0.9371  auc:0.9992 ap:0.9884 f1: 0.9259 pred_right: 454634 pred_wrong:15166 actu_right: 454992 actu_wrong: 14808
2026-07-03 09:34:31,027 P1563403 INFO ----------------------------------------------------------------------------------------------------
2026-07-03 09:34:31,027 P1563403 INFO 28/50 starting... lr: 0.001 para:0.03448275849223137
2026-07-03 09:34:50,232 P1563403 INFO Epoch 28/50, all_loss:0.57277 cls_loss:0.56000 rec_loss:0.93030 [19.20s]; best loss:0.57277, patience : 0
2026-07-03 09:34:59,226 P1563403 INFO pr:0.9357  rc:0.9218  auc:0.9994 ap:0.9915 f1: 0.9287 pred_right: 1062223 pred_wrong:33977 actu_right: 1061711 actu_wrong: 34489
2026-07-03 09:35:07,902 P1563403 INFO pr:0.9343  rc:0.9202  auc:0.9992 ap:0.9906 f1: 0.9272 pred_right: 455216 pred_wrong:14584 actu_right: 454992 actu_wrong: 14808
2026-07-03 09:35:07,904 P1563403 INFO ----------------------------------------------------------------------------------------------------
2026-07-03 09:35:07,904 P1563403 INFO 29/50 starting... lr: 0.001 para:0.03333333507180214
2026-07-03 09:35:29,108 P1563403 INFO Epoch 29/50, all_loss:0.54861 cls_loss:0.53487 rec_loss:0.94695 [21.20s]; best loss:0.54861, patience : 0
2026-07-03 09:35:39,069 P1563403 INFO pr:0.9093  rc:0.9255  auc:0.9992 ap:0.9890 f1: 0.9173 pred_right: 1061098 pred_wrong:35102 actu_right: 1061713 actu_wrong: 34487
2026-07-03 09:35:43,190 P1563403 INFO pr:0.9087  rc:0.9224  auc:0.9991 ap:0.9880 f1: 0.9155 pred_right: 454768 pred_wrong:15032 actu_right: 454992 actu_wrong: 14808
2026-07-03 09:35:43,191 P1563403 INFO ----------------------------------------------------------------------------------------------------
2026-07-03 09:35:43,191 P1563403 INFO 30/50 starting... lr: 0.001 para:0.032258063554763794
2026-07-03 09:36:02,207 P1563403 INFO Epoch 30/50, all_loss:0.54388 cls_loss:0.52994 rec_loss:0.96225 [19.01s]; best loss:0.54388, patience : 0
2026-07-03 09:36:13,022 P1563403 INFO pr:0.9339  rc:0.9115  auc:0.9993 ap:0.9905 f1: 0.9225 pred_right: 1062536 pred_wrong:33664 actu_right: 1061707 actu_wrong: 34493
2026-07-03 09:36:16,560 P1563403 INFO pr:0.9318  rc:0.9036  auc:0.9991 ap:0.9896 f1: 0.9175 pred_right: 455439 pred_wrong:14361 actu_right: 454992 actu_wrong: 14808
2026-07-03 09:36:16,561 P1563403 INFO ----------------------------------------------------------------------------------------------------
2026-07-03 09:36:16,561 P1563403 INFO 31/50 starting... lr: 0.001 para:0.03125
2026-07-03 09:36:42,021 P1563403 INFO Epoch 31/50, all_loss:0.54237 cls_loss:0.52861 rec_loss:0.96881 [25.46s]; best loss:0.54237, patience : 0
2026-07-03 09:36:51,827 P1563403 INFO pr:0.8885  rc:0.9758  auc:0.9992 ap:0.9910 f1: 0.9301 pred_right: 1058315 pred_wrong:37885 actu_right: 1061705 actu_wrong: 34495
2026-07-03 09:36:55,953 P1563403 INFO pr:0.8885  rc:0.9745  auc:0.9991 ap:0.9902 f1: 0.9295 pred_right: 453558 pred_wrong:16242 actu_right: 454992 actu_wrong: 14808
2026-07-03 09:36:55,954 P1563403 INFO ----------------------------------------------------------------------------------------------------
2026-07-03 09:36:55,954 P1563403 INFO 32/50 starting... lr: 0.001 para:0.03030303120613098
2026-07-03 09:37:15,163 P1563403 INFO Epoch 32/50, all_loss:0.54943 cls_loss:0.53564 rec_loss:0.99067 [19.21s]; best loss:0.54237, patience : 1
2026-07-03 09:37:25,102 P1563403 INFO pr:0.9278  rc:0.9421  auc:0.9994 ap:0.9916 f1: 0.9349 pred_right: 1061176 pred_wrong:35024 actu_right: 1061710 actu_wrong: 34490
2026-07-03 09:37:29,279 P1563403 INFO pr:0.9270  rc:0.9389  auc:0.9992 ap:0.9905 f1: 0.9329 pred_right: 454802 pred_wrong:14998 actu_right: 454992 actu_wrong: 14808
2026-07-03 09:37:29,283 P1563403 INFO ----------------------------------------------------------------------------------------------------
2026-07-03 09:37:29,286 P1563403 INFO 33/50 starting... lr: 0.001 para:0.029411764815449715
2026-07-03 09:37:50,226 P1563403 INFO Epoch 33/50, all_loss:0.52158 cls_loss:0.50691 rec_loss:1.00558 [20.93s]; best loss:0.52158, patience : 0
2026-07-03 09:38:04,746 P1563403 INFO pr:0.9313  rc:0.9307  auc:0.9992 ap:0.9909 f1: 0.9310 pred_right: 1061738 pred_wrong:34462 actu_right: 1061715 actu_wrong: 34485
2026-07-03 09:38:09,019 P1563403 INFO pr:0.9295  rc:0.9289  auc:0.9992 ap:0.9900 f1: 0.9292 pred_right: 455002 pred_wrong:14798 actu_right: 454992 actu_wrong: 14808
2026-07-03 09:38:09,020 P1563403 INFO ----------------------------------------------------------------------------------------------------
2026-07-03 09:38:09,020 P1563403 INFO 34/50 starting... lr: 0.001 para:0.02857142873108387
2026-07-03 09:38:28,286 P1563403 INFO Epoch 34/50, all_loss:0.53070 cls_loss:0.51658 rec_loss:1.01058 [19.26s]; best loss:0.52158, patience : 1
2026-07-03 09:38:38,396 P1563403 INFO pr:0.9326  rc:0.9397  auc:0.9992 ap:0.9916 f1: 0.9361 pred_right: 1061449 pred_wrong:34751 actu_right: 1061714 actu_wrong: 34486
2026-07-03 09:38:42,598 P1563403 INFO pr:0.9317  rc:0.9358  auc:0.9991 ap:0.9906 f1: 0.9338 pred_right: 454926 pred_wrong:14874 actu_right: 454992 actu_wrong: 14808
2026-07-03 09:38:42,603 P1563403 INFO ----------------------------------------------------------------------------------------------------
2026-07-03 09:38:42,603 P1563403 INFO 35/50 starting... lr: 0.001 para:0.02777777798473835
2026-07-03 09:39:01,726 P1563403 INFO Epoch 35/50, all_loss:0.52718 cls_loss:0.51283 rec_loss:1.02956 [19.12s]; best loss:0.52158, patience : 1
2026-07-03 09:39:10,550 P1563403 INFO pr:0.9352  rc:0.9210  auc:0.9992 ap:0.9904 f1: 0.9280 pred_right: 1062233 pred_wrong:33967 actu_right: 1061710 actu_wrong: 34490
2026-07-03 09:39:17,383 P1563403 INFO pr:0.9336  rc:0.9165  auc:0.9991 ap:0.9892 f1: 0.9250 pred_right: 455264 pred_wrong:14536 actu_right: 454992 actu_wrong: 14808
2026-07-03 09:39:17,384 P1563403 INFO ----------------------------------------------------------------------------------------------------
2026-07-03 09:39:17,385 P1563403 INFO 36/50 starting... lr: 0.001 para:0.027027027681469917
2026-07-03 09:39:40,509 P1563403 INFO Epoch 36/50, all_loss:0.49922 cls_loss:0.48390 rec_loss:1.05073 [23.12s]; best loss:0.49922, patience : 0
2026-07-03 09:39:50,388 P1563403 INFO pr:0.9245  rc:0.9568  auc:0.9994 ap:0.9924 f1: 0.9404 pred_right: 1060506 pred_wrong:35694 actu_right: 1061713 actu_wrong: 34487
2026-07-03 09:39:54,398 P1563403 INFO pr:0.9271  rc:0.9525  auc:0.9993 ap:0.9917 f1: 0.9396 pred_right: 454587 pred_wrong:15213 actu_right: 454992 actu_wrong: 14808
2026-07-03 09:39:54,402 P1563403 INFO ----------------------------------------------------------------------------------------------------
2026-07-03 09:39:54,402 P1563403 INFO 37/50 starting... lr: 0.001 para:0.02631578966975212
2026-07-03 09:40:13,594 P1563403 INFO Epoch 37/50, all_loss:0.49390 cls_loss:0.47854 rec_loss:1.06230 [19.19s]; best loss:0.49390, patience : 0
2026-07-03 09:40:24,610 P1563403 INFO pr:0.9419  rc:0.9358  auc:0.9993 ap:0.9924 f1: 0.9389 pred_right: 1061934 pred_wrong:34266 actu_right: 1061711 actu_wrong: 34489
2026-07-03 09:40:28,012 P1563403 INFO pr:0.9398  rc:0.9313  auc:0.9992 ap:0.9917 f1: 0.9356 pred_right: 455126 pred_wrong:14674 actu_right: 454992 actu_wrong: 14808
2026-07-03 09:40:28,013 P1563403 INFO ----------------------------------------------------------------------------------------------------
2026-07-03 09:40:28,013 P1563403 INFO 38/50 starting... lr: 0.001 para:0.025641025975346565
2026-07-03 09:40:52,929 P1563403 INFO Epoch 38/50, all_loss:0.49230 cls_loss:0.47681 rec_loss:1.08091 [24.91s]; best loss:0.49230, patience : 0
2026-07-03 09:41:02,757 P1563403 INFO pr:0.9297  rc:0.9351  auc:0.9991 ap:0.9912 f1: 0.9324 pred_right: 1061512 pred_wrong:34688 actu_right: 1061710 actu_wrong: 34490
2026-07-03 09:41:06,920 P1563403 INFO pr:0.9267  rc:0.9312  auc:0.9990 ap:0.9902 f1: 0.9289 pred_right: 454920 pred_wrong:14880 actu_right: 454992 actu_wrong: 14808
2026-07-03 09:41:06,921 P1563403 INFO ----------------------------------------------------------------------------------------------------
2026-07-03 09:41:06,928 P1563403 INFO 39/50 starting... lr: 0.001 para:0.02500000037252903
2026-07-03 09:41:25,918 P1563403 INFO Epoch 39/50, all_loss:0.47347 cls_loss:0.45813 rec_loss:1.07160 [18.99s]; best loss:0.47347, patience : 0
2026-07-03 09:41:35,447 P1563403 INFO pr:0.9118  rc:0.9718  auc:0.9994 ap:0.9920 f1: 0.9409 pred_right: 1059445 pred_wrong:36755 actu_right: 1061711 actu_wrong: 34489
2026-07-03 09:41:39,604 P1563403 INFO pr:0.9119  rc:0.9697  auc:0.9991 ap:0.9911 f1: 0.9399 pred_right: 454053 pred_wrong:15747 actu_right: 454992 actu_wrong: 14808
2026-07-03 09:41:39,608 P1563403 INFO ----------------------------------------------------------------------------------------------------
2026-07-03 09:41:39,608 P1563403 INFO 40/50 starting... lr: 0.001 para:0.024390242993831635
2026-07-03 09:41:58,629 P1563403 INFO Epoch 40/50, all_loss:0.51467 cls_loss:0.50023 rec_loss:1.09214 [19.01s]; best loss:0.47347, patience : 1
2026-07-03 09:42:16,220 P1563403 INFO pr:0.9398  rc:0.9183  auc:0.9994 ap:0.9924 f1: 0.9289 pred_right: 1062499 pred_wrong:33701 actu_right: 1061709 actu_wrong: 34491
2026-07-03 09:42:20,355 P1563403 INFO pr:0.9373  rc:0.9140  auc:0.9993 ap:0.9914 f1: 0.9255 pred_right: 455360 pred_wrong:14440 actu_right: 454992 actu_wrong: 14808
2026-07-03 09:42:20,355 P1563403 INFO ----------------------------------------------------------------------------------------------------
2026-07-03 09:42:20,356 P1563403 INFO 41/50 starting... lr: 0.001 para:0.02380952425301075
2026-07-03 09:42:39,290 P1563403 INFO Epoch 41/50, all_loss:0.46948 cls_loss:0.45374 rec_loss:1.11489 [18.93s]; best loss:0.46948, patience : 0
2026-07-03 09:42:49,271 P1563403 INFO pr:0.9244  rc:0.9618  auc:0.9995 ap:0.9932 f1: 0.9427 pred_right: 1060313 pred_wrong:35887 actu_right: 1061710 actu_wrong: 34490
2026-07-03 09:42:53,475 P1563403 INFO pr:0.9230  rc:0.9580  auc:0.9994 ap:0.9926 f1: 0.9402 pred_right: 454430 pred_wrong:15370 actu_right: 454992 actu_wrong: 14808
2026-07-03 09:42:53,479 P1563403 INFO ----------------------------------------------------------------------------------------------------
2026-07-03 09:42:53,487 P1563403 INFO 42/50 starting... lr: 0.001 para:0.023255813866853714
2026-07-03 09:43:12,479 P1563403 INFO Epoch 42/50, all_loss:0.46403 cls_loss:0.44811 rec_loss:1.13277 [18.99s]; best loss:0.46403, patience : 0
2026-07-03 09:43:21,336 P1563403 INFO pr:0.9507  rc:0.9169  auc:0.9994 ap:0.9920 f1: 0.9335 pred_right: 1062935 pred_wrong:33265 actu_right: 1061709 actu_wrong: 34491
2026-07-03 09:43:30,658 P1563403 INFO pr:0.9489  rc:0.9100  auc:0.9993 ap:0.9912 f1: 0.9290 pred_right: 455599 pred_wrong:14201 actu_right: 454992 actu_wrong: 14808
2026-07-03 09:43:30,660 P1563403 INFO ----------------------------------------------------------------------------------------------------
2026-07-03 09:43:30,660 P1563403 INFO 43/50 starting... lr: 0.001 para:0.022727273404598236
2026-07-03 09:43:51,418 P1563403 INFO Epoch 43/50, all_loss:0.46260 cls_loss:0.44720 rec_loss:1.12463 [20.75s]; best loss:0.46260, patience : 0
2026-07-03 09:44:00,942 P1563403 INFO pr:0.9492  rc:0.9418  auc:0.9994 ap:0.9936 f1: 0.9455 pred_right: 1061978 pred_wrong:34222 actu_right: 1061710 actu_wrong: 34490
2026-07-03 09:44:05,104 P1563403 INFO pr:0.9474  rc:0.9381  auc:0.9993 ap:0.9927 f1: 0.9427 pred_right: 455137 pred_wrong:14663 actu_right: 454992 actu_wrong: 14808
2026-07-03 09:44:05,108 P1563403 INFO ----------------------------------------------------------------------------------------------------
2026-07-03 09:44:05,112 P1563403 INFO 44/50 starting... lr: 0.001 para:0.02222222276031971
2026-07-03 09:44:24,142 P1563403 INFO Epoch 44/50, all_loss:0.46195 cls_loss:0.44621 rec_loss:1.15477 [19.03s]; best loss:0.46195, patience : 0
2026-07-03 09:44:35,410 P1563403 INFO pr:0.9307  rc:0.9667  auc:0.9995 ap:0.9934 f1: 0.9483 pred_right: 1060378 pred_wrong:35822 actu_right: 1061710 actu_wrong: 34490
2026-07-03 09:44:38,867 P1563403 INFO pr:0.9301  rc:0.9623  auc:0.9993 ap:0.9926 f1: 0.9459 pred_right: 454480 pred_wrong:15320 actu_right: 454992 actu_wrong: 14808
2026-07-03 09:44:38,871 P1563403 INFO ----------------------------------------------------------------------------------------------------
2026-07-03 09:44:38,871 P1563403 INFO 45/50 starting... lr: 0.001 para:0.021739130839705467
2026-07-03 09:45:03,774 P1563403 INFO Epoch 45/50, all_loss:0.45726 cls_loss:0.44195 rec_loss:1.14608 [24.90s]; best loss:0.45726, patience : 0
2026-07-03 09:45:13,687 P1563403 INFO pr:0.9186  rc:0.9783  auc:0.9995 ap:0.9942 f1: 0.9475 pred_right: 1059469 pred_wrong:36731 actu_right: 1061710 actu_wrong: 34490
2026-07-03 09:45:17,702 P1563403 INFO pr:0.9161  rc:0.9735  auc:0.9994 ap:0.9929 f1: 0.9439 pred_right: 454064 pred_wrong:15736 actu_right: 454992 actu_wrong: 14808
2026-07-03 09:45:17,703 P1563403 INFO ----------------------------------------------------------------------------------------------------
2026-07-03 09:45:17,703 P1563403 INFO 46/50 starting... lr: 0.001 para:0.021276595070958138
2026-07-03 09:45:36,620 P1563403 INFO Epoch 46/50, all_loss:0.43155 cls_loss:0.41536 rec_loss:1.17612 [18.91s]; best loss:0.43155, patience : 0
2026-07-03 09:45:46,649 P1563403 INFO pr:0.9403  rc:0.9544  auc:0.9991 ap:0.9941 f1: 0.9473 pred_right: 1061192 pred_wrong:35008 actu_right: 1061709 actu_wrong: 34491
2026-07-03 09:45:50,758 P1563403 INFO pr:0.9388  rc:0.9507  auc:0.9992 ap:0.9931 f1: 0.9447 pred_right: 454805 pred_wrong:14995 actu_right: 454992 actu_wrong: 14808
2026-07-03 09:45:50,759 P1563403 INFO ----------------------------------------------------------------------------------------------------
2026-07-03 09:45:50,759 P1563403 INFO 47/50 starting... lr: 0.001 para:0.02083333395421505
2026-07-03 09:46:09,991 P1563403 INFO Epoch 47/50, all_loss:0.46851 cls_loss:0.45359 rec_loss:1.16982 [19.23s]; best loss:0.43155, patience : 1
2026-07-03 09:46:26,627 P1563403 INFO pr:0.9360  rc:0.9622  auc:0.9990 ap:0.9939 f1: 0.9489 pred_right: 1060745 pred_wrong:35455 actu_right: 1061710 actu_wrong: 34490
2026-07-03 09:46:30,684 P1563403 INFO pr:0.9354  rc:0.9563  auc:0.9989 ap:0.9930 f1: 0.9457 pred_right: 454661 pred_wrong:15139 actu_right: 454992 actu_wrong: 14808
2026-07-03 09:46:30,689 P1563403 INFO ----------------------------------------------------------------------------------------------------
2026-07-03 09:46:30,692 P1563403 INFO 48/50 starting... lr: 0.001 para:0.020408162847161293
2026-07-03 09:46:49,673 P1563403 INFO Epoch 48/50, all_loss:0.43439 cls_loss:0.41869 rec_loss:1.18768 [18.98s]; best loss:0.43155, patience : 1
2026-07-03 09:46:59,792 P1563403 INFO pr:0.9422  rc:0.9504  auc:0.9995 ap:0.9944 f1: 0.9463 pred_right: 1061406 pred_wrong:34794 actu_right: 1061706 actu_wrong: 34494
2026-07-03 09:47:03,914 P1563403 INFO pr:0.9417  rc:0.9454  auc:0.9994 ap:0.9935 f1: 0.9435 pred_right: 454934 pred_wrong:14866 actu_right: 454992 actu_wrong: 14808
2026-07-03 09:47:03,915 P1563403 INFO ----------------------------------------------------------------------------------------------------
2026-07-03 09:47:03,915 P1563403 INFO 49/50 starting... lr: 0.001 para:0.019999999552965164
2026-07-03 09:47:23,498 P1563403 INFO Epoch 49/50, all_loss:0.41785 cls_loss:0.40209 rec_loss:1.19027 [19.58s]; best loss:0.41785, patience : 0
2026-07-03 09:47:32,517 P1563403 INFO pr:0.9401  rc:0.9513  auc:0.9994 ap:0.9938 f1: 0.9456 pred_right: 1061296 pred_wrong:34904 actu_right: 1061707 actu_wrong: 34493
2026-07-03 09:47:41,406 P1563403 INFO pr:0.9399  rc:0.9458  auc:0.9993 ap:0.9927 f1: 0.9428 pred_right: 454898 pred_wrong:14902 actu_right: 454992 actu_wrong: 14808
2026-07-03 09:47:41,407 P1563403 INFO saving model...
2026-07-03 09:47:41,408 P1563403 INFO FITS_Legendre - loss  best score:0.4178548753261566 at epoch 49
2026-07-03 09:47:41,418 P1563403 INFO FITS_Legendre - f1  best score:0.9488884123239688 at epoch 47
2026-07-03 09:47:41,427 P1563403 INFO Average training time per epoch: 20.64 seconds
2026-07-03 09:47:41,429 P1563403 INFO calculate scores...
2026-07-03 09:47:41,429 P1563403 INFO calculate label with loss...
2026-07-03 09:47:41,429 P1563403 INFO FITS_Legendre on ./result/FITS_Legendre-TT-Epochs50-Seed3 loading...
2026-07-03 09:47:47,578 P1563403 INFO pr:0.9399  rc:0.9458  auc:0.9993 ap:0.9927 f1: 0.9428 pred_right: 454898 pred_wrong:14902 actu_right: 454992 actu_wrong: 14808
2026-07-03 09:47:47,633 P1563403 ERROR Error during inference: Expected all tensors to be on the same device, but got mask is on cuda:0, different from other tensors on cpu (when checking argument in method wrapper_CUDA__masked_select)
2026-07-03 09:47:47,681 P1563403 ERROR Error during inference: Expected all tensors to be on the same device, but got mask is on cuda:0, different from other tensors on cpu (when checking argument in method wrapper_CUDA__masked_select)
2026-07-03 09:47:47,733 P1563403 ERROR Error during inference: Expected all tensors to be on the same device, but got mask is on cuda:0, different from other tensors on cpu (when checking argument in method wrapper_CUDA__masked_select)
2026-07-03 09:47:47,786 P1563403 ERROR Error during inference: Expected all tensors to be on the same device, but got mask is on cuda:0, different from other tensors on cpu (when checking argument in method wrapper_CUDA__masked_select)
2026-07-03 09:47:47,840 P1563403 ERROR Error during inference: Expected all tensors to be on the same device, but got mask is on cuda:0, different from other tensors on cpu (when checking argument in method wrapper_CUDA__masked_select)
2026-07-03 09:47:47,892 P1563403 ERROR Error during inference: Expected all tensors to be on the same device, but got mask is on cuda:0, different from other tensors on cpu (when checking argument in method wrapper_CUDA__masked_select)
2026-07-03 09:47:47,946 P1563403 ERROR Error during inference: Expected all tensors to be on the same device, but got mask is on cuda:0, different from other tensors on cpu (when checking argument in method wrapper_CUDA__masked_select)
2026-07-03 09:47:48,004 P1563403 ERROR Error during inference: Expected all tensors to be on the same device, but got mask is on cuda:0, different from other tensors on cpu (when checking argument in method wrapper_CUDA__masked_select)
2026-07-03 09:47:48,057 P1563403 ERROR Error during inference: Expected all tensors to be on the same device, but got mask is on cuda:0, different from other tensors on cpu (when checking argument in method wrapper_CUDA__masked_select)
2026-07-03 09:47:48,111 P1563403 ERROR Error during inference: Expected all tensors to be on the same device, but got mask is on cuda:0, different from other tensors on cpu (when checking argument in method wrapper_CUDA__masked_select)
2026-07-03 09:47:48,164 P1563403 ERROR Error during inference: Expected all tensors to be on the same device, but got mask is on cuda:0, different from other tensors on cpu (when checking argument in method wrapper_CUDA__masked_select)
2026-07-03 09:47:48,218 P1563403 ERROR Error during inference: Expected all tensors to be on the same device, but got mask is on cuda:0, different from other tensors on cpu (when checking argument in method wrapper_CUDA__masked_select)
2026-07-03 09:47:48,279 P1563403 ERROR Error during inference: Expected all tensors to be on the same device, but got mask is on cuda:0, different from other tensors on cpu (when checking argument in method wrapper_CUDA__masked_select)
2026-07-03 09:47:48,339 P1563403 ERROR Error during inference: Expected all tensors to be on the same device, but got mask is on cuda:0, different from other tensors on cpu (when checking argument in method wrapper_CUDA__masked_select)
2026-07-03 09:47:48,400 P1563403 ERROR Error during inference: Expected all tensors to be on the same device, but got mask is on cuda:0, different from other tensors on cpu (when checking argument in method wrapper_CUDA__masked_select)
2026-07-03 09:47:48,459 P1563403 ERROR Error during inference: Expected all tensors to be on the same device, but got mask is on cuda:0, different from other tensors on cpu (when checking argument in method wrapper_CUDA__masked_select)
2026-07-03 09:47:48,518 P1563403 ERROR Error during inference: Expected all tensors to be on the same device, but got mask is on cuda:0, different from other tensors on cpu (when checking argument in method wrapper_CUDA__masked_select)
2026-07-03 09:47:48,570 P1563403 ERROR Error during inference: Expected all tensors to be on the same device, but got mask is on cuda:0, different from other tensors on cpu (when checking argument in method wrapper_CUDA__masked_select)
2026-07-03 09:47:48,623 P1563403 ERROR Error during inference: Expected all tensors to be on the same device, but got mask is on cuda:0, different from other tensors on cpu (when checking argument in method wrapper_CUDA__masked_select)
2026-07-03 09:47:48,675 P1563403 ERROR Error during inference: Expected all tensors to be on the same device, but got mask is on cuda:0, different from other tensors on cpu (when checking argument in method wrapper_CUDA__masked_select)
2026-07-03 09:47:48,727 P1563403 ERROR Error during inference: Expected all tensors to be on the same device, but got mask is on cuda:0, different from other tensors on cpu (when checking argument in method wrapper_CUDA__masked_select)
2026-07-03 09:47:48,779 P1563403 ERROR Error during inference: Expected all tensors to be on the same device, but got mask is on cuda:0, different from other tensors on cpu (when checking argument in method wrapper_CUDA__masked_select)
2026-07-03 09:47:48,830 P1563403 ERROR Error during inference: Expected all tensors to be on the same device, but got mask is on cuda:0, different from other tensors on cpu (when checking argument in method wrapper_CUDA__masked_select)
2026-07-03 09:47:48,882 P1563403 ERROR Error during inference: Expected all tensors to be on the same device, but got mask is on cuda:0, different from other tensors on cpu (when checking argument in method wrapper_CUDA__masked_select)
2026-07-03 09:47:48,935 P1563403 ERROR Error during inference: Expected all tensors to be on the same device, but got mask is on cuda:0, different from other tensors on cpu (when checking argument in method wrapper_CUDA__masked_select)
2026-07-03 09:47:48,987 P1563403 ERROR Error during inference: Expected all tensors to be on the same device, but got mask is on cuda:0, different from other tensors on cpu (when checking argument in method wrapper_CUDA__masked_select)
2026-07-03 09:47:49,040 P1563403 ERROR Error during inference: Expected all tensors to be on the same device, but got mask is on cuda:0, different from other tensors on cpu (when checking argument in method wrapper_CUDA__masked_select)
2026-07-03 09:47:49,091 P1563403 ERROR Error during inference: Expected all tensors to be on the same device, but got mask is on cuda:0, different from other tensors on cpu (when checking argument in method wrapper_CUDA__masked_select)
2026-07-03 09:47:49,141 P1563403 ERROR Error during inference: Expected all tensors to be on the same device, but got mask is on cuda:0, different from other tensors on cpu (when checking argument in method wrapper_CUDA__masked_select)
2026-07-03 09:47:49,192 P1563403 ERROR Error during inference: Expected all tensors to be on the same device, but got mask is on cuda:0, different from other tensors on cpu (when checking argument in method wrapper_CUDA__masked_select)
2026-07-03 09:47:49,248 P1563403 ERROR Error during inference: Expected all tensors to be on the same device, but got mask is on cuda:0, different from other tensors on cpu (when checking argument in method wrapper_CUDA__masked_select)
2026-07-03 09:47:49,357 P1563403 ERROR Error during inference: Expected all tensors to be on the same device, but got mask is on cuda:0, different from other tensors on cpu (when checking argument in method wrapper_CUDA__masked_select)
2026-07-03 09:47:49,411 P1563403 ERROR Error during inference: Expected all tensors to be on the same device, but got mask is on cuda:0, different from other tensors on cpu (when checking argument in method wrapper_CUDA__masked_select)
2026-07-03 09:47:49,463 P1563403 ERROR Error during inference: Expected all tensors to be on the same device, but got mask is on cuda:0, different from other tensors on cpu (when checking argument in method wrapper_CUDA__masked_select)
2026-07-03 09:47:49,515 P1563403 ERROR Error during inference: Expected all tensors to be on the same device, but got mask is on cuda:0, different from other tensors on cpu (when checking argument in method wrapper_CUDA__masked_select)
2026-07-03 09:47:49,566 P1563403 ERROR Error during inference: Expected all tensors to be on the same device, but got mask is on cuda:0, different from other tensors on cpu (when checking argument in method wrapper_CUDA__masked_select)
2026-07-03 09:47:49,620 P1563403 ERROR Error during inference: Expected all tensors to be on the same device, but got mask is on cuda:0, different from other tensors on cpu (when checking argument in method wrapper_CUDA__masked_select)
2026-07-03 09:47:49,671 P1563403 ERROR Error during inference: Expected all tensors to be on the same device, but got mask is on cuda:0, different from other tensors on cpu (when checking argument in method wrapper_CUDA__masked_select)
2026-07-03 09:47:49,723 P1563403 ERROR Error during inference: Expected all tensors to be on the same device, but got mask is on cuda:0, different from other tensors on cpu (when checking argument in method wrapper_CUDA__masked_select)
2026-07-03 09:47:49,774 P1563403 ERROR Error during inference: Expected all tensors to be on the same device, but got mask is on cuda:0, different from other tensors on cpu (when checking argument in method wrapper_CUDA__masked_select)
2026-07-03 09:47:49,826 P1563403 ERROR Error during inference: Expected all tensors to be on the same device, but got mask is on cuda:0, different from other tensors on cpu (when checking argument in method wrapper_CUDA__masked_select)
2026-07-03 09:47:49,877 P1563403 ERROR Error during inference: Expected all tensors to be on the same device, but got mask is on cuda:0, different from other tensors on cpu (when checking argument in method wrapper_CUDA__masked_select)
2026-07-03 09:47:49,931 P1563403 ERROR Error during inference: Expected all tensors to be on the same device, but got mask is on cuda:0, different from other tensors on cpu (when checking argument in method wrapper_CUDA__masked_select)
2026-07-03 09:47:49,984 P1563403 ERROR Error during inference: Expected all tensors to be on the same device, but got mask is on cuda:0, different from other tensors on cpu (when checking argument in method wrapper_CUDA__masked_select)
2026-07-03 09:47:50,037 P1563403 ERROR Error during inference: Expected all tensors to be on the same device, but got mask is on cuda:0, different from other tensors on cpu (when checking argument in method wrapper_CUDA__masked_select)
2026-07-03 09:47:50,090 P1563403 ERROR Error during inference: Expected all tensors to be on the same device, but got mask is on cuda:0, different from other tensors on cpu (when checking argument in method wrapper_CUDA__masked_select)
2026-07-03 09:47:50,144 P1563403 ERROR Error during inference: Expected all tensors to be on the same device, but got mask is on cuda:0, different from other tensors on cpu (when checking argument in method wrapper_CUDA__masked_select)
2026-07-03 09:47:50,198 P1563403 ERROR Error during inference: Expected all tensors to be on the same device, but got mask is on cuda:0, different from other tensors on cpu (when checking argument in method wrapper_CUDA__masked_select)
2026-07-03 09:47:50,256 P1563403 ERROR Error during inference: Expected all tensors to be on the same device, but got mask is on cuda:0, different from other tensors on cpu (when checking argument in method wrapper_CUDA__masked_select)
2026-07-03 09:47:50,314 P1563403 ERROR Error during inference: Expected all tensors to be on the same device, but got mask is on cuda:0, different from other tensors on cpu (when checking argument in method wrapper_CUDA__masked_select)
2026-07-03 09:47:50,367 P1563403 ERROR Error during inference: Expected all tensors to be on the same device, but got mask is on cuda:0, different from other tensors on cpu (when checking argument in method wrapper_CUDA__masked_select)
2026-07-03 09:47:50,420 P1563403 ERROR Error during inference: Expected all tensors to be on the same device, but got mask is on cuda:0, different from other tensors on cpu (when checking argument in method wrapper_CUDA__masked_select)
2026-07-03 09:47:50,472 P1563403 ERROR Error during inference: Expected all tensors to be on the same device, but got mask is on cuda:0, different from other tensors on cpu (when checking argument in method wrapper_CUDA__masked_select)
2026-07-03 09:47:50,524 P1563403 ERROR Error during inference: Expected all tensors to be on the same device, but got mask is on cuda:0, different from other tensors on cpu (when checking argument in method wrapper_CUDA__masked_select)
2026-07-03 09:47:50,578 P1563403 ERROR Error during inference: Expected all tensors to be on the same device, but got mask is on cuda:0, different from other tensors on cpu (when checking argument in method wrapper_CUDA__masked_select)
2026-07-03 09:47:50,631 P1563403 ERROR Error during inference: Expected all tensors to be on the same device, but got mask is on cuda:0, different from other tensors on cpu (when checking argument in method wrapper_CUDA__masked_select)
2026-07-03 09:47:50,685 P1563403 ERROR Error during inference: Expected all tensors to be on the same device, but got mask is on cuda:0, different from other tensors on cpu (when checking argument in method wrapper_CUDA__masked_select)
2026-07-03 09:47:50,740 P1563403 ERROR Error during inference: Expected all tensors to be on the same device, but got mask is on cuda:0, different from other tensors on cpu (when checking argument in method wrapper_CUDA__masked_select)
2026-07-03 09:47:50,792 P1563403 ERROR Error during inference: Expected all tensors to be on the same device, but got mask is on cuda:0, different from other tensors on cpu (when checking argument in method wrapper_CUDA__masked_select)
2026-07-03 09:47:50,844 P1563403 ERROR Error during inference: Expected all tensors to be on the same device, but got mask is on cuda:0, different from other tensors on cpu (when checking argument in method wrapper_CUDA__masked_select)
2026-07-03 09:47:50,895 P1563403 ERROR Error during inference: Expected all tensors to be on the same device, but got mask is on cuda:0, different from other tensors on cpu (when checking argument in method wrapper_CUDA__masked_select)
2026-07-03 09:47:50,946 P1563403 ERROR Error during inference: Expected all tensors to be on the same device, but got mask is on cuda:0, different from other tensors on cpu (when checking argument in method wrapper_CUDA__masked_select)
2026-07-03 09:47:50,998 P1563403 ERROR Error during inference: Expected all tensors to be on the same device, but got mask is on cuda:0, different from other tensors on cpu (when checking argument in method wrapper_CUDA__masked_select)
2026-07-03 09:47:51,048 P1563403 ERROR Error during inference: Expected all tensors to be on the same device, but got mask is on cuda:0, different from other tensors on cpu (when checking argument in method wrapper_CUDA__masked_select)
2026-07-03 09:47:51,099 P1563403 ERROR Error during inference: Expected all tensors to be on the same device, but got mask is on cuda:0, different from other tensors on cpu (when checking argument in method wrapper_CUDA__masked_select)
2026-07-03 09:47:51,150 P1563403 ERROR Error during inference: Expected all tensors to be on the same device, but got mask is on cuda:0, different from other tensors on cpu (when checking argument in method wrapper_CUDA__masked_select)
2026-07-03 09:47:51,202 P1563403 ERROR Error during inference: Expected all tensors to be on the same device, but got mask is on cuda:0, different from other tensors on cpu (when checking argument in method wrapper_CUDA__masked_select)
2026-07-03 09:47:51,255 P1563403 ERROR Error during inference: Expected all tensors to be on the same device, but got mask is on cuda:0, different from other tensors on cpu (when checking argument in method wrapper_CUDA__masked_select)
2026-07-03 09:47:51,309 P1563403 ERROR Error during inference: Expected all tensors to be on the same device, but got mask is on cuda:0, different from other tensors on cpu (when checking argument in method wrapper_CUDA__masked_select)
2026-07-03 09:47:51,363 P1563403 ERROR Error during inference: Expected all tensors to be on the same device, but got mask is on cuda:0, different from other tensors on cpu (when checking argument in method wrapper_CUDA__masked_select)
2026-07-03 09:47:51,417 P1563403 ERROR Error during inference: Expected all tensors to be on the same device, but got mask is on cuda:0, different from other tensors on cpu (when checking argument in method wrapper_CUDA__masked_select)
2026-07-03 09:47:51,470 P1563403 ERROR Error during inference: Expected all tensors to be on the same device, but got mask is on cuda:0, different from other tensors on cpu (when checking argument in method wrapper_CUDA__masked_select)
2026-07-03 09:47:51,524 P1563403 ERROR Error during inference: Expected all tensors to be on the same device, but got mask is on cuda:0, different from other tensors on cpu (when checking argument in method wrapper_CUDA__masked_select)
2026-07-03 09:47:51,577 P1563403 ERROR Error during inference: Expected all tensors to be on the same device, but got mask is on cuda:0, different from other tensors on cpu (when checking argument in method wrapper_CUDA__masked_select)
2026-07-03 09:47:51,631 P1563403 ERROR Error during inference: Expected all tensors to be on the same device, but got mask is on cuda:0, different from other tensors on cpu (when checking argument in method wrapper_CUDA__masked_select)
2026-07-03 09:47:51,684 P1563403 ERROR Error during inference: Expected all tensors to be on the same device, but got mask is on cuda:0, different from other tensors on cpu (when checking argument in method wrapper_CUDA__masked_select)
2026-07-03 09:47:51,738 P1563403 ERROR Error during inference: Expected all tensors to be on the same device, but got mask is on cuda:0, different from other tensors on cpu (when checking argument in method wrapper_CUDA__masked_select)
2026-07-03 09:47:51,790 P1563403 ERROR Error during inference: Expected all tensors to be on the same device, but got mask is on cuda:0, different from other tensors on cpu (when checking argument in method wrapper_CUDA__masked_select)
2026-07-03 09:47:51,843 P1563403 ERROR Error during inference: Expected all tensors to be on the same device, but got mask is on cuda:0, different from other tensors on cpu (when checking argument in method wrapper_CUDA__masked_select)
2026-07-03 09:47:51,896 P1563403 ERROR Error during inference: Expected all tensors to be on the same device, but got mask is on cuda:0, different from other tensors on cpu (when checking argument in method wrapper_CUDA__masked_select)
2026-07-03 09:47:51,952 P1563403 ERROR Error during inference: Expected all tensors to be on the same device, but got mask is on cuda:0, different from other tensors on cpu (when checking argument in method wrapper_CUDA__masked_select)
2026-07-03 09:47:52,005 P1563403 ERROR Error during inference: Expected all tensors to be on the same device, but got mask is on cuda:0, different from other tensors on cpu (when checking argument in method wrapper_CUDA__masked_select)
2026-07-03 09:47:52,059 P1563403 ERROR Error during inference: Expected all tensors to be on the same device, but got mask is on cuda:0, different from other tensors on cpu (when checking argument in method wrapper_CUDA__masked_select)
2026-07-03 09:47:52,111 P1563403 ERROR Error during inference: Expected all tensors to be on the same device, but got mask is on cuda:0, different from other tensors on cpu (when checking argument in method wrapper_CUDA__masked_select)
2026-07-03 09:47:52,163 P1563403 ERROR Error during inference: Expected all tensors to be on the same device, but got mask is on cuda:0, different from other tensors on cpu (when checking argument in method wrapper_CUDA__masked_select)
2026-07-03 09:47:52,213 P1563403 ERROR Error during inference: Expected all tensors to be on the same device, but got mask is on cuda:0, different from other tensors on cpu (when checking argument in method wrapper_CUDA__masked_select)
2026-07-03 09:47:52,264 P1563403 ERROR Error during inference: Expected all tensors to be on the same device, but got mask is on cuda:0, different from other tensors on cpu (when checking argument in method wrapper_CUDA__masked_select)
2026-07-03 09:47:52,315 P1563403 ERROR Error during inference: Expected all tensors to be on the same device, but got mask is on cuda:0, different from other tensors on cpu (when checking argument in method wrapper_CUDA__masked_select)
2026-07-03 09:47:52,369 P1563403 ERROR Error during inference: Expected all tensors to be on the same device, but got mask is on cuda:0, different from other tensors on cpu (when checking argument in method wrapper_CUDA__masked_select)
2026-07-03 09:47:52,422 P1563403 ERROR Error during inference: Expected all tensors to be on the same device, but got mask is on cuda:0, different from other tensors on cpu (when checking argument in method wrapper_CUDA__masked_select)
2026-07-03 09:47:52,475 P1563403 ERROR Error during inference: Expected all tensors to be on the same device, but got mask is on cuda:0, different from other tensors on cpu (when checking argument in method wrapper_CUDA__masked_select)
2026-07-03 09:47:52,528 P1563403 ERROR Error during inference: Expected all tensors to be on the same device, but got mask is on cuda:0, different from other tensors on cpu (when checking argument in method wrapper_CUDA__masked_select)
2026-07-03 09:47:52,583 P1563403 ERROR Error during inference: Expected all tensors to be on the same device, but got mask is on cuda:0, different from other tensors on cpu (when checking argument in method wrapper_CUDA__masked_select)
2026-07-03 09:47:52,636 P1563403 ERROR Error during inference: Expected all tensors to be on the same device, but got mask is on cuda:0, different from other tensors on cpu (when checking argument in method wrapper_CUDA__masked_select)
2026-07-03 09:47:52,689 P1563403 ERROR Error during inference: Expected all tensors to be on the same device, but got mask is on cuda:0, different from other tensors on cpu (when checking argument in method wrapper_CUDA__masked_select)
2026-07-03 09:47:52,743 P1563403 ERROR Error during inference: Expected all tensors to be on the same device, but got mask is on cuda:0, different from other tensors on cpu (when checking argument in method wrapper_CUDA__masked_select)
2026-07-03 09:47:52,796 P1563403 ERROR Error during inference: Expected all tensors to be on the same device, but got mask is on cuda:0, different from other tensors on cpu (when checking argument in method wrapper_CUDA__masked_select)
2026-07-03 09:47:52,851 P1563403 ERROR Error during inference: Expected all tensors to be on the same device, but got mask is on cuda:0, different from other tensors on cpu (when checking argument in method wrapper_CUDA__masked_select)
2026-07-03 09:47:52,909 P1563403 ERROR Error during inference: Expected all tensors to be on the same device, but got mask is on cuda:0, different from other tensors on cpu (when checking argument in method wrapper_CUDA__masked_select)
2026-07-03 09:47:52,968 P1563403 ERROR Error during inference: Expected all tensors to be on the same device, but got mask is on cuda:0, different from other tensors on cpu (when checking argument in method wrapper_CUDA__masked_select)
2026-07-03 09:47:53,024 P1563403 ERROR Error during inference: Expected all tensors to be on the same device, but got mask is on cuda:0, different from other tensors on cpu (when checking argument in method wrapper_CUDA__masked_select)
2026-07-03 09:47:53,082 P1563403 ERROR Error during inference: Expected all tensors to be on the same device, but got mask is on cuda:0, different from other tensors on cpu (when checking argument in method wrapper_CUDA__masked_select)
2026-07-03 09:47:53,137 P1563403 ERROR Error during inference: Expected all tensors to be on the same device, but got mask is on cuda:0, different from other tensors on cpu (when checking argument in method wrapper_CUDA__masked_select)
2026-07-03 09:47:53,188 P1563403 ERROR Error during inference: Expected all tensors to be on the same device, but got mask is on cuda:0, different from other tensors on cpu (when checking argument in method wrapper_CUDA__masked_select)
2026-07-03 09:47:53,241 P1563403 ERROR Error during inference: Expected all tensors to be on the same device, but got mask is on cuda:0, different from other tensors on cpu (when checking argument in method wrapper_CUDA__masked_select)
2026-07-03 09:47:53,293 P1563403 ERROR Error during inference: Expected all tensors to be on the same device, but got mask is on cuda:0, different from other tensors on cpu (when checking argument in method wrapper_CUDA__masked_select)
2026-07-03 09:47:53,347 P1563403 ERROR Error during inference: Expected all tensors to be on the same device, but got mask is on cuda:0, different from other tensors on cpu (when checking argument in method wrapper_CUDA__masked_select)
2026-07-03 09:47:53,400 P1563403 ERROR Error during inference: Expected all tensors to be on the same device, but got mask is on cuda:0, different from other tensors on cpu (when checking argument in method wrapper_CUDA__masked_select)
2026-07-03 09:47:53,454 P1563403 ERROR Error during inference: Expected all tensors to be on the same device, but got mask is on cuda:0, different from other tensors on cpu (when checking argument in method wrapper_CUDA__masked_select)
2026-07-03 09:47:53,507 P1563403 ERROR Error during inference: Expected all tensors to be on the same device, but got mask is on cuda:0, different from other tensors on cpu (when checking argument in method wrapper_CUDA__masked_select)
2026-07-03 09:47:53,561 P1563403 ERROR Error during inference: Expected all tensors to be on the same device, but got mask is on cuda:0, different from other tensors on cpu (when checking argument in method wrapper_CUDA__masked_select)
2026-07-03 09:47:53,617 P1563403 ERROR Error during inference: Expected all tensors to be on the same device, but got mask is on cuda:0, different from other tensors on cpu (when checking argument in method wrapper_CUDA__masked_select)
2026-07-03 09:47:53,671 P1563403 ERROR Error during inference: Expected all tensors to be on the same device, but got mask is on cuda:0, different from other tensors on cpu (when checking argument in method wrapper_CUDA__masked_select)
2026-07-03 09:47:53,723 P1563403 ERROR Error during inference: Expected all tensors to be on the same device, but got mask is on cuda:0, different from other tensors on cpu (when checking argument in method wrapper_CUDA__masked_select)
2026-07-03 09:47:53,776 P1563403 ERROR Error during inference: Expected all tensors to be on the same device, but got mask is on cuda:0, different from other tensors on cpu (when checking argument in method wrapper_CUDA__masked_select)
2026-07-03 09:47:53,827 P1563403 ERROR Error during inference: Expected all tensors to be on the same device, but got mask is on cuda:0, different from other tensors on cpu (when checking argument in method wrapper_CUDA__masked_select)
2026-07-03 09:47:53,879 P1563403 ERROR Error during inference: Expected all tensors to be on the same device, but got mask is on cuda:0, different from other tensors on cpu (when checking argument in method wrapper_CUDA__masked_select)
2026-07-03 09:47:53,931 P1563403 ERROR Error during inference: Expected all tensors to be on the same device, but got mask is on cuda:0, different from other tensors on cpu (when checking argument in method wrapper_CUDA__masked_select)
2026-07-03 09:47:53,982 P1563403 ERROR Error during inference: Expected all tensors to be on the same device, but got mask is on cuda:0, different from other tensors on cpu (when checking argument in method wrapper_CUDA__masked_select)
2026-07-03 09:47:54,033 P1563403 ERROR Error during inference: Expected all tensors to be on the same device, but got mask is on cuda:0, different from other tensors on cpu (when checking argument in method wrapper_CUDA__masked_select)
2026-07-03 09:47:54,084 P1563403 ERROR Error during inference: Expected all tensors to be on the same device, but got mask is on cuda:0, different from other tensors on cpu (when checking argument in method wrapper_CUDA__masked_select)
2026-07-03 09:47:54,136 P1563403 ERROR Error during inference: Expected all tensors to be on the same device, but got mask is on cuda:0, different from other tensors on cpu (when checking argument in method wrapper_CUDA__masked_select)
2026-07-03 09:47:54,191 P1563403 ERROR Error during inference: Expected all tensors to be on the same device, but got mask is on cuda:0, different from other tensors on cpu (when checking argument in method wrapper_CUDA__masked_select)
2026-07-03 09:47:54,244 P1563403 ERROR Error during inference: Expected all tensors to be on the same device, but got mask is on cuda:0, different from other tensors on cpu (when checking argument in method wrapper_CUDA__masked_select)
2026-07-03 09:47:54,299 P1563403 ERROR Error during inference: Expected all tensors to be on the same device, but got mask is on cuda:0, different from other tensors on cpu (when checking argument in method wrapper_CUDA__masked_select)
2026-07-03 09:47:54,354 P1563403 ERROR Error during inference: Expected all tensors to be on the same device, but got mask is on cuda:0, different from other tensors on cpu (when checking argument in method wrapper_CUDA__masked_select)
2026-07-03 09:47:54,409 P1563403 ERROR Error during inference: Expected all tensors to be on the same device, but got mask is on cuda:0, different from other tensors on cpu (when checking argument in method wrapper_CUDA__masked_select)
2026-07-03 09:47:54,462 P1563403 ERROR Error during inference: Expected all tensors to be on the same device, but got mask is on cuda:0, different from other tensors on cpu (when checking argument in method wrapper_CUDA__masked_select)
2026-07-03 09:47:54,517 P1563403 ERROR Error during inference: Expected all tensors to be on the same device, but got mask is on cuda:0, different from other tensors on cpu (when checking argument in method wrapper_CUDA__masked_select)
2026-07-03 09:47:54,570 P1563403 ERROR Error during inference: Expected all tensors to be on the same device, but got mask is on cuda:0, different from other tensors on cpu (when checking argument in method wrapper_CUDA__masked_select)
2026-07-03 09:47:54,624 P1563403 ERROR Error during inference: Expected all tensors to be on the same device, but got mask is on cuda:0, different from other tensors on cpu (when checking argument in method wrapper_CUDA__masked_select)
2026-07-03 09:47:54,678 P1563403 ERROR Error during inference: Expected all tensors to be on the same device, but got mask is on cuda:0, different from other tensors on cpu (when checking argument in method wrapper_CUDA__masked_select)
2026-07-03 09:47:54,733 P1563403 ERROR Error during inference: Expected all tensors to be on the same device, but got mask is on cuda:0, different from other tensors on cpu (when checking argument in method wrapper_CUDA__masked_select)
2026-07-03 09:47:54,787 P1563403 ERROR Error during inference: Expected all tensors to be on the same device, but got mask is on cuda:0, different from other tensors on cpu (when checking argument in method wrapper_CUDA__masked_select)
2026-07-03 09:47:54,842 P1563403 ERROR Error during inference: Expected all tensors to be on the same device, but got mask is on cuda:0, different from other tensors on cpu (when checking argument in method wrapper_CUDA__masked_select)
2026-07-03 09:47:54,897 P1563403 ERROR Error during inference: Expected all tensors to be on the same device, but got mask is on cuda:0, different from other tensors on cpu (when checking argument in method wrapper_CUDA__masked_select)
2026-07-03 09:47:54,952 P1563403 ERROR Error during inference: Expected all tensors to be on the same device, but got mask is on cuda:0, different from other tensors on cpu (when checking argument in method wrapper_CUDA__masked_select)
2026-07-03 09:47:55,006 P1563403 ERROR Error during inference: Expected all tensors to be on the same device, but got mask is on cuda:0, different from other tensors on cpu (when checking argument in method wrapper_CUDA__masked_select)
2026-07-03 09:47:55,061 P1563403 ERROR Error during inference: Expected all tensors to be on the same device, but got mask is on cuda:0, different from other tensors on cpu (when checking argument in method wrapper_CUDA__masked_select)
2026-07-03 09:47:55,115 P1563403 ERROR Error during inference: Expected all tensors to be on the same device, but got mask is on cuda:0, different from other tensors on cpu (when checking argument in method wrapper_CUDA__masked_select)
2026-07-03 09:47:55,172 P1563403 ERROR Error during inference: Expected all tensors to be on the same device, but got mask is on cuda:0, different from other tensors on cpu (when checking argument in method wrapper_CUDA__masked_select)
2026-07-03 09:47:55,228 P1563403 ERROR Error during inference: Expected all tensors to be on the same device, but got mask is on cuda:0, different from other tensors on cpu (when checking argument in method wrapper_CUDA__masked_select)
2026-07-03 09:47:55,285 P1563403 ERROR Error during inference: Expected all tensors to be on the same device, but got mask is on cuda:0, different from other tensors on cpu (when checking argument in method wrapper_CUDA__masked_select)
2026-07-03 09:47:55,340 P1563403 ERROR Error during inference: Expected all tensors to be on the same device, but got mask is on cuda:0, different from other tensors on cpu (when checking argument in method wrapper_CUDA__masked_select)
2026-07-03 09:47:55,398 P1563403 ERROR Error during inference: Expected all tensors to be on the same device, but got mask is on cuda:0, different from other tensors on cpu (when checking argument in method wrapper_CUDA__masked_select)
2026-07-03 09:47:55,454 P1563403 ERROR Error during inference: Expected all tensors to be on the same device, but got mask is on cuda:0, different from other tensors on cpu (when checking argument in method wrapper_CUDA__masked_select)
2026-07-03 09:47:55,512 P1563403 ERROR Error during inference: Expected all tensors to be on the same device, but got mask is on cuda:0, different from other tensors on cpu (when checking argument in method wrapper_CUDA__masked_select)
2026-07-03 09:47:55,568 P1563403 ERROR Error during inference: Expected all tensors to be on the same device, but got mask is on cuda:0, different from other tensors on cpu (when checking argument in method wrapper_CUDA__masked_select)
2026-07-03 09:47:55,624 P1563403 ERROR Error during inference: Expected all tensors to be on the same device, but got mask is on cuda:0, different from other tensors on cpu (when checking argument in method wrapper_CUDA__masked_select)
2026-07-03 09:47:55,678 P1563403 ERROR Error during inference: Expected all tensors to be on the same device, but got mask is on cuda:0, different from other tensors on cpu (when checking argument in method wrapper_CUDA__masked_select)
2026-07-03 09:47:55,733 P1563403 ERROR Error during inference: Expected all tensors to be on the same device, but got mask is on cuda:0, different from other tensors on cpu (when checking argument in method wrapper_CUDA__masked_select)
2026-07-03 09:47:55,784 P1563403 ERROR Error during inference: Expected all tensors to be on the same device, but got mask is on cuda:0, different from other tensors on cpu (when checking argument in method wrapper_CUDA__masked_select)
2026-07-03 09:47:55,834 P1563403 ERROR Error during inference: Expected all tensors to be on the same device, but got mask is on cuda:0, different from other tensors on cpu (when checking argument in method wrapper_CUDA__masked_select)
2026-07-03 09:47:55,885 P1563403 ERROR Error during inference: Expected all tensors to be on the same device, but got mask is on cuda:0, different from other tensors on cpu (when checking argument in method wrapper_CUDA__masked_select)
2026-07-03 09:47:55,935 P1563403 ERROR Error during inference: Expected all tensors to be on the same device, but got mask is on cuda:0, different from other tensors on cpu (when checking argument in method wrapper_CUDA__masked_select)
2026-07-03 09:47:55,986 P1563403 ERROR Error during inference: Expected all tensors to be on the same device, but got mask is on cuda:0, different from other tensors on cpu (when checking argument in method wrapper_CUDA__masked_select)
2026-07-03 09:47:56,037 P1563403 ERROR Error during inference: Expected all tensors to be on the same device, but got mask is on cuda:0, different from other tensors on cpu (when checking argument in method wrapper_CUDA__masked_select)
2026-07-03 09:47:56,107 P1563403 ERROR Error during inference: Expected all tensors to be on the same device, but got mask is on cuda:0, different from other tensors on cpu (when checking argument in method wrapper_CUDA__masked_select)
2026-07-03 09:47:56,173 P1563403 ERROR Error during inference: Expected all tensors to be on the same device, but got mask is on cuda:0, different from other tensors on cpu (when checking argument in method wrapper_CUDA__masked_select)
2026-07-03 09:47:56,235 P1563403 ERROR Error during inference: Expected all tensors to be on the same device, but got mask is on cuda:0, different from other tensors on cpu (when checking argument in method wrapper_CUDA__masked_select)
2026-07-03 09:47:56,295 P1563403 ERROR Error during inference: Expected all tensors to be on the same device, but got mask is on cuda:0, different from other tensors on cpu (when checking argument in method wrapper_CUDA__masked_select)
2026-07-03 09:47:56,354 P1563403 ERROR Error during inference: Expected all tensors to be on the same device, but got mask is on cuda:0, different from other tensors on cpu (when checking argument in method wrapper_CUDA__masked_select)
2026-07-03 09:47:56,411 P1563403 ERROR Error during inference: Expected all tensors to be on the same device, but got mask is on cuda:0, different from other tensors on cpu (when checking argument in method wrapper_CUDA__masked_select)
2026-07-03 09:47:56,468 P1563403 ERROR Error during inference: Expected all tensors to be on the same device, but got mask is on cuda:0, different from other tensors on cpu (when checking argument in method wrapper_CUDA__masked_select)
2026-07-03 09:47:56,523 P1563403 ERROR Error during inference: Expected all tensors to be on the same device, but got mask is on cuda:0, different from other tensors on cpu (when checking argument in method wrapper_CUDA__masked_select)
2026-07-03 09:47:56,580 P1563403 ERROR Error during inference: Expected all tensors to be on the same device, but got mask is on cuda:0, different from other tensors on cpu (when checking argument in method wrapper_CUDA__masked_select)
2026-07-03 09:47:56,634 P1563403 ERROR Error during inference: Expected all tensors to be on the same device, but got mask is on cuda:0, different from other tensors on cpu (when checking argument in method wrapper_CUDA__masked_select)
2026-07-03 09:47:56,691 P1563403 ERROR Error during inference: Expected all tensors to be on the same device, but got mask is on cuda:0, different from other tensors on cpu (when checking argument in method wrapper_CUDA__masked_select)
2026-07-03 09:47:56,753 P1563403 ERROR Error during inference: Expected all tensors to be on the same device, but got mask is on cuda:0, different from other tensors on cpu (when checking argument in method wrapper_CUDA__masked_select)
2026-07-03 09:47:56,814 P1563403 ERROR Error during inference: Expected all tensors to be on the same device, but got mask is on cuda:0, different from other tensors on cpu (when checking argument in method wrapper_CUDA__masked_select)
2026-07-03 09:47:56,876 P1563403 ERROR Error during inference: Expected all tensors to be on the same device, but got mask is on cuda:0, different from other tensors on cpu (when checking argument in method wrapper_CUDA__masked_select)
2026-07-03 09:47:56,934 P1563403 ERROR Error during inference: Expected all tensors to be on the same device, but got mask is on cuda:0, different from other tensors on cpu (when checking argument in method wrapper_CUDA__masked_select)
2026-07-03 09:47:56,985 P1563403 ERROR Error during inference: Expected all tensors to be on the same device, but got mask is on cuda:0, different from other tensors on cpu (when checking argument in method wrapper_CUDA__masked_select)
2026-07-03 09:47:57,037 P1563403 ERROR Error during inference: Expected all tensors to be on the same device, but got mask is on cuda:0, different from other tensors on cpu (when checking argument in method wrapper_CUDA__masked_select)
