2026-07-22 10:11:28,319 P3213887 INFO ---- Model: ----MSTGAD-90fb402f----random_seed : 3----req_loss_approach : Legendre-style----rec_lambda : 1.0----auxi_lambda : 0.01----Freq Domain : FITS_Legendre----Multi Fits : false----train : True----evaluate : False
2026-07-22 10:11:28,319 P3213887 INFO Load from /home/db2003/Desktop/Amr/Tests/Eadro/codes/chunks/TT
2026-07-22 10:11:39,532 P3213887 INFO Fewshot: training with 1.0 of the 70% of the data
2026-07-22 10:11:39,627 P3213887 INFO Trainable Parameters Breakdown:
2026-07-22 10:11:39,627 P3213887 INFO --------------------------------------------------------------------------------
2026-07-22 10:11:39,627 P3213887 INFO Reconstruction-Specific Parameters:
2026-07-22 10:11:39,627 P3213887 INFO node_emb.linear.weight                   | shape: (8, 7)                    | params: 56
2026-07-22 10:11:39,627 P3213887 INFO node_emb.linear.bias                     | shape: (8,)                      | params: 8
2026-07-22 10:11:39,627 P3213887 INFO log_emb.linear.weight                    | shape: (32, 60)                  | params: 1,920
2026-07-22 10:11:39,628 P3213887 INFO log_emb.linear.bias                      | shape: (32,)                     | params: 32
2026-07-22 10:11:39,628 P3213887 INFO egde_emb.linear.weight                   | shape: (8, 2)                    | params: 16
2026-07-22 10:11:39,628 P3213887 INFO egde_emb.linear.bias                     | shape: (8,)                      | params: 8
2026-07-22 10:11:39,628 P3213887 INFO dense_node.weight                        | shape: (7, 8)                    | params: 56
2026-07-22 10:11:39,628 P3213887 INFO dense_node.bias                          | shape: (7,)                      | params: 7
2026-07-22 10:11:39,628 P3213887 INFO dense_log.weight                         | shape: (60, 32)                  | params: 1,920
2026-07-22 10:11:39,628 P3213887 INFO dense_log.bias                           | shape: (60,)                     | params: 60
2026-07-22 10:11:39,628 P3213887 INFO dense_edge.weight                        | shape: (2, 8)                    | params: 16
2026-07-22 10:11:39,628 P3213887 INFO dense_edge.bias                          | shape: (2,)                      | params: 2
2026-07-22 10:11:39,628 P3213887 INFO linear_attn.Wq.weight                    | shape: (10, 10)                  | params: 100
2026-07-22 10:11:39,628 P3213887 INFO linear_attn.Wk.weight                    | shape: (10, 10)                  | params: 100
2026-07-22 10:11:39,628 P3213887 INFO linear_attn.Wv.weight                    | shape: (10, 10)                  | params: 100
2026-07-22 10:11:39,628 P3213887 INFO linear_attn.out.weight                   | shape: (10, 10)                  | params: 100
2026-07-22 10:11:39,628 P3213887 INFO linear_attn.out.bias                     | shape: (10,)                     | params: 10
2026-07-22 10:11:39,628 P3213887 INFO linear_attn.norm.weight                  | shape: (10,)                     | params: 10
2026-07-22 10:11:39,628 P3213887 INFO linear_attn.norm.bias                    | shape: (10,)                     | params: 10
2026-07-22 10:11:39,628 P3213887 INFO shared_fits.normlin_W                    | shape: (5, 5)                    | params: 25
2026-07-22 10:11:39,628 P3213887 INFO shared_fits.freq_upsampler.weight        | shape: (5, 5)                    | params: 25
2026-07-22 10:11:39,628 P3213887 INFO shared_fits.freq_upsampler.bias          | shape: (5,)                      | params: 5
2026-07-22 10:11:39,628 P3213887 INFO modality_proj.node.weight                | shape: (10, 8)                   | params: 80
2026-07-22 10:11:39,628 P3213887 INFO modality_proj.node.bias                  | shape: (10,)                     | params: 10
2026-07-22 10:11:39,629 P3213887 INFO modality_proj.log.weight                 | shape: (10, 32)                  | params: 320
2026-07-22 10:11:39,629 P3213887 INFO modality_proj.log.bias                   | shape: (10,)                     | params: 10
2026-07-22 10:11:39,629 P3213887 INFO modality_proj.edge.weight                | shape: (10, 8)                   | params: 80
2026-07-22 10:11:39,629 P3213887 INFO modality_proj.edge.bias                  | shape: (10,)                     | params: 10
2026-07-22 10:11:39,629 P3213887 INFO modality_proj_out.node.weight            | shape: (8, 10)                   | params: 80
2026-07-22 10:11:39,629 P3213887 INFO modality_proj_out.node.bias              | shape: (8,)                      | params: 8
2026-07-22 10:11:39,629 P3213887 INFO modality_proj_out.log.weight             | shape: (32, 10)                  | params: 320
2026-07-22 10:11:39,629 P3213887 INFO modality_proj_out.log.bias               | shape: (32,)                     | params: 32
2026-07-22 10:11:39,629 P3213887 INFO modality_proj_out.edge.weight            | shape: (8, 10)                   | params: 80
2026-07-22 10:11:39,629 P3213887 INFO modality_proj_out.edge.bias              | shape: (8,)                      | params: 8
2026-07-22 10:11:39,629 P3213887 INFO Subtotal: 5,624
2026-07-22 10:11:39,629 P3213887 INFO --------------------------------------------------------------------------------
2026-07-22 10:11:39,629 P3213887 INFO Common Parameters:
2026-07-22 10:11:39,629 P3213887 INFO show.0.weight                            | shape: (128, 69)                 | params: 8,832
2026-07-22 10:11:39,629 P3213887 INFO show.0.bias                              | shape: (128,)                    | params: 128
2026-07-22 10:11:39,629 P3213887 INFO show.2.weight                            | shape: (2, 128)                  | params: 256
2026-07-22 10:11:39,629 P3213887 INFO show.2.bias                              | shape: (2,)                      | params: 2
2026-07-22 10:11:39,629 P3213887 INFO Subtotal: 9,218
2026-07-22 10:11:39,629 P3213887 INFO --------------------------------------------------------------------------------
2026-07-22 10:11:39,629 P3213887 INFO Total Trainable Parameters: 14,842

2026-07-22 10:11:39,629 P3213887 INFO Trainable Parameters: 14842, reconstruction: 5624, common: 9218
2026-07-22 10:11:39,630 P3213887 INFO model : init weight
2026-07-22 10:11:39,630 P3213887 INFO Using GPU...
2026-07-22 10:11:39,636 P3213887 INFO optimizer : using AdaBelief
2026-07-22 10:11:39,636 P3213887 INFO ----------------------------------------------------------------------------------------------------
2026-07-22 10:11:39,636 P3213887 INFO 0/50 starting... lr: 0.001 para:1.0
2026-07-22 10:12:00,927 P3213887 INFO Epoch 0/50, all_loss:0.06659 cls_loss:27.87791 rec_loss:0.06659 [21.29s]; best loss:0.06659, patience : 0
2026-07-22 10:12:00,927 P3213887 INFO ----------------------------------------------------------------------------------------------------
2026-07-22 10:12:00,927 P3213887 INFO 1/50 starting... lr: 0.001 para:0.5
2026-07-22 10:12:22,483 P3213887 INFO Epoch 1/50, all_loss:2.22161 cls_loss:4.24452 rec_loss:0.19870 [21.55s]; best loss:2.22161, patience : 0
2026-07-22 10:12:22,483 P3213887 INFO ----------------------------------------------------------------------------------------------------
2026-07-22 10:12:22,483 P3213887 INFO 2/50 starting... lr: 0.001 para:0.3333333432674408
2026-07-22 10:12:48,622 P3213887 INFO Epoch 2/50, all_loss:1.60636 cls_loss:2.29351 rec_loss:0.23208 [26.13s]; best loss:1.60636, patience : 0
2026-07-22 10:12:59,103 P3213887 INFO pr:0.9569  rc:0.3970  auc:0.9861 ap:0.8819 f1: 0.5611 pred_right: 1081892 pred_wrong:14308 actu_right: 1061711 actu_wrong: 34489
2026-07-22 10:13:03,275 P3213887 INFO pr:0.9573  rc:0.3951  auc:0.9860 ap:0.8829 f1: 0.5594 pred_right: 463688 pred_wrong:6112 actu_right: 454992 actu_wrong: 14808
2026-07-22 10:13:03,279 P3213887 INFO ----------------------------------------------------------------------------------------------------
2026-07-22 10:13:03,279 P3213887 INFO 3/50 starting... lr: 0.001 para:0.25
2026-07-22 10:13:23,879 P3213887 INFO Epoch 3/50, all_loss:1.63648 cls_loss:2.10816 rec_loss:0.22143 [20.60s]; best loss:1.60636, patience : 1
2026-07-22 10:13:34,079 P3213887 INFO pr:0.9056  rc:0.4908  auc:0.9880 ap:0.8939 f1: 0.6366 pred_right: 1077508 pred_wrong:18692 actu_right: 1061706 actu_wrong: 34494
2026-07-22 10:13:38,324 P3213887 INFO pr:0.9081  rc:0.4893  auc:0.9879 ap:0.8940 f1: 0.6360 pred_right: 461821 pred_wrong:7979 actu_right: 454992 actu_wrong: 14808
2026-07-22 10:13:38,328 P3213887 INFO ----------------------------------------------------------------------------------------------------
2026-07-22 10:13:38,328 P3213887 INFO 4/50 starting... lr: 0.001 para:0.20000000298023224
2026-07-22 10:14:02,759 P3213887 INFO Epoch 4/50, all_loss:1.65529 cls_loss:2.01342 rec_loss:0.22279 [24.43s]; best loss:1.60636, patience : 2
2026-07-22 10:14:16,168 P3213887 INFO pr:0.9435  rc:0.4643  auc:0.9887 ap:0.8979 f1: 0.6224 pred_right: 1079226 pred_wrong:16974 actu_right: 1061709 actu_wrong: 34491
2026-07-22 10:14:20,461 P3213887 INFO pr:0.9442  rc:0.4639  auc:0.9885 ap:0.8984 f1: 0.6221 pred_right: 462525 pred_wrong:7275 actu_right: 454992 actu_wrong: 14808
2026-07-22 10:14:20,462 P3213887 INFO ----------------------------------------------------------------------------------------------------
2026-07-22 10:14:20,462 P3213887 INFO 5/50 starting... lr: 0.001 para:0.1666666716337204
2026-07-22 10:14:40,840 P3213887 INFO Epoch 5/50, all_loss:1.62036 cls_loss:1.89973 rec_loss:0.22349 [20.38s]; best loss:1.60636, patience : 2
2026-07-22 10:14:51,400 P3213887 INFO pr:0.8279  rc:0.6515  auc:0.9908 ap:0.9160 f1: 0.7292 pred_right: 1069064 pred_wrong:27136 actu_right: 1061713 actu_wrong: 34487
2026-07-22 10:14:56,093 P3213887 INFO pr:0.8398  rc:0.6540  auc:0.9908 ap:0.9180 f1: 0.7353 pred_right: 458269 pred_wrong:11531 actu_right: 454992 actu_wrong: 14808
2026-07-22 10:14:56,100 P3213887 INFO ----------------------------------------------------------------------------------------------------
2026-07-22 10:14:56,100 P3213887 INFO 6/50 starting... lr: 0.001 para:0.1428571492433548
2026-07-22 10:15:17,150 P3213887 INFO Epoch 6/50, all_loss:1.62527 cls_loss:1.85976 rec_loss:0.21834 [21.05s]; best loss:1.60636, patience : 3
2026-07-22 10:15:26,286 P3213887 INFO pr:0.8566  rc:0.6072  auc:0.9912 ap:0.9199 f1: 0.7107 pred_right: 1071753 pred_wrong:24447 actu_right: 1061711 actu_wrong: 34489
2026-07-22 10:15:32,898 P3213887 INFO pr:0.8646  rc:0.6084  auc:0.9913 ap:0.9216 f1: 0.7142 pred_right: 459380 pred_wrong:10420 actu_right: 454992 actu_wrong: 14808
2026-07-22 10:15:32,907 P3213887 INFO ----------------------------------------------------------------------------------------------------
2026-07-22 10:15:32,907 P3213887 INFO 7/50 starting... lr: 0.001 para:0.125
2026-07-22 10:15:58,511 P3213887 INFO Epoch 7/50, all_loss:1.57303 cls_loss:1.76553 rec_loss:0.22556 [25.60s]; best loss:1.57303, patience : 0
2026-07-22 10:16:09,295 P3213887 INFO pr:0.9238  rc:0.5694  auc:0.9909 ap:0.9206 f1: 0.7046 pred_right: 1074939 pred_wrong:21261 actu_right: 1061710 actu_wrong: 34490
2026-07-22 10:16:13,807 P3213887 INFO pr:0.9301  rc:0.5712  auc:0.9910 ap:0.9229 f1: 0.7078 pred_right: 460705 pred_wrong:9095 actu_right: 454992 actu_wrong: 14808
2026-07-22 10:16:13,810 P3213887 INFO ----------------------------------------------------------------------------------------------------
2026-07-22 10:16:13,810 P3213887 INFO 8/50 starting... lr: 0.001 para:0.1111111119389534
2026-07-22 10:16:34,298 P3213887 INFO Epoch 8/50, all_loss:1.50461 cls_loss:1.66327 rec_loss:0.23534 [20.48s]; best loss:1.50461, patience : 0
2026-07-22 10:16:45,123 P3213887 INFO pr:0.8906  rc:0.6546  auc:0.9918 ap:0.9279 f1: 0.7546 pred_right: 1070850 pred_wrong:25350 actu_right: 1061710 actu_wrong: 34490
2026-07-22 10:16:50,763 P3213887 INFO pr:0.8987  rc:0.6565  auc:0.9919 ap:0.9296 f1: 0.7587 pred_right: 458983 pred_wrong:10817 actu_right: 454992 actu_wrong: 14808
2026-07-22 10:16:50,767 P3213887 INFO ----------------------------------------------------------------------------------------------------
2026-07-22 10:16:50,767 P3213887 INFO 9/50 starting... lr: 0.001 para:0.10000000149011612
2026-07-22 10:17:16,744 P3213887 INFO Epoch 9/50, all_loss:1.44872 cls_loss:1.58304 rec_loss:0.23983 [25.97s]; best loss:1.44872, patience : 0
2026-07-22 10:17:27,707 P3213887 INFO pr:0.8826  rc:0.6950  auc:0.9934 ap:0.9389 f1: 0.7776 pred_right: 1069038 pred_wrong:27162 actu_right: 1061703 actu_wrong: 34497
2026-07-22 10:17:32,273 P3213887 INFO pr:0.8913  rc:0.6977  auc:0.9935 ap:0.9395 f1: 0.7827 pred_right: 458209 pred_wrong:11591 actu_right: 454992 actu_wrong: 14808
2026-07-22 10:17:32,279 P3213887 INFO ----------------------------------------------------------------------------------------------------
2026-07-22 10:17:32,279 P3213887 INFO 10/50 starting... lr: 0.001 para:0.09090909361839294
2026-07-22 10:17:52,792 P3213887 INFO Epoch 10/50, all_loss:1.43561 cls_loss:1.55463 rec_loss:0.24539 [20.51s]; best loss:1.43561, patience : 0
2026-07-22 10:18:03,694 P3213887 INFO pr:0.9107  rc:0.6882  auc:0.9942 ap:0.9439 f1: 0.7839 pred_right: 1070133 pred_wrong:26067 actu_right: 1061704 actu_wrong: 34496
2026-07-22 10:18:08,049 P3213887 INFO pr:0.9166  rc:0.6923  auc:0.9943 ap:0.9446 f1: 0.7888 pred_right: 458615 pred_wrong:11185 actu_right: 454992 actu_wrong: 14808
2026-07-22 10:18:08,059 P3213887 INFO ----------------------------------------------------------------------------------------------------
2026-07-22 10:18:08,059 P3213887 INFO 11/50 starting... lr: 0.001 para:0.0833333358168602
2026-07-22 10:18:29,202 P3213887 INFO Epoch 11/50, all_loss:1.42237 cls_loss:1.52914 rec_loss:0.24787 [21.14s]; best loss:1.42237, patience : 0
2026-07-22 10:18:39,267 P3213887 INFO pr:0.9150  rc:0.6947  auc:0.9941 ap:0.9462 f1: 0.7898 pred_right: 1070018 pred_wrong:26182 actu_right: 1061713 actu_wrong: 34487
2026-07-22 10:18:49,926 P3213887 INFO pr:0.9225  rc:0.6979  auc:0.9942 ap:0.9471 f1: 0.7946 pred_right: 458598 pred_wrong:11202 actu_right: 454992 actu_wrong: 14808
2026-07-22 10:18:49,940 P3213887 INFO ----------------------------------------------------------------------------------------------------
2026-07-22 10:18:49,940 P3213887 INFO 12/50 starting... lr: 0.001 para:0.07692307978868484
2026-07-22 10:19:12,241 P3213887 INFO Epoch 12/50, all_loss:1.36807 cls_loss:1.46007 rec_loss:0.26416 [22.30s]; best loss:1.36807, patience : 0
2026-07-22 10:19:23,077 P3213887 INFO pr:0.9401  rc:0.6372  auc:0.9938 ap:0.9426 f1: 0.7596 pred_right: 1072825 pred_wrong:23375 actu_right: 1061711 actu_wrong: 34489
2026-07-22 10:19:27,513 P3213887 INFO pr:0.9458  rc:0.6396  auc:0.9938 ap:0.9432 f1: 0.7631 pred_right: 459786 pred_wrong:10014 actu_right: 454992 actu_wrong: 14808
2026-07-22 10:19:27,514 P3213887 INFO ----------------------------------------------------------------------------------------------------
2026-07-22 10:19:27,514 P3213887 INFO 13/50 starting... lr: 0.001 para:0.0714285746216774
2026-07-22 10:19:48,238 P3213887 INFO Epoch 13/50, all_loss:1.34318 cls_loss:1.42349 rec_loss:0.29902 [20.72s]; best loss:1.34318, patience : 0
2026-07-22 10:20:00,351 P3213887 INFO pr:0.9045  rc:0.7287  auc:0.9952 ap:0.9510 f1: 0.8072 pred_right: 1068419 pred_wrong:27781 actu_right: 1061716 actu_wrong: 34484
2026-07-22 10:20:04,088 P3213887 INFO pr:0.9114  rc:0.7304  auc:0.9951 ap:0.9516 f1: 0.8109 pred_right: 457933 pred_wrong:11867 actu_right: 454992 actu_wrong: 14808
2026-07-22 10:20:04,092 P3213887 INFO ----------------------------------------------------------------------------------------------------
2026-07-22 10:20:04,092 P3213887 INFO 14/50 starting... lr: 0.001 para:0.06666667014360428
2026-07-22 10:20:31,201 P3213887 INFO Epoch 14/50, all_loss:1.29943 cls_loss:1.36735 rec_loss:0.34843 [27.11s]; best loss:1.29943, patience : 0
2026-07-22 10:20:42,458 P3213887 INFO pr:0.9390  rc:0.7051  auc:0.9959 ap:0.9562 f1: 0.8054 pred_right: 1070302 pred_wrong:25898 actu_right: 1061711 actu_wrong: 34489
2026-07-22 10:20:47,038 P3213887 INFO pr:0.9446  rc:0.7035  auc:0.9959 ap:0.9563 f1: 0.8064 pred_right: 458771 pred_wrong:11029 actu_right: 454992 actu_wrong: 14808
2026-07-22 10:20:47,038 P3213887 INFO ----------------------------------------------------------------------------------------------------
2026-07-22 10:20:47,039 P3213887 INFO 15/50 starting... lr: 0.001 para:0.0625
2026-07-22 10:21:07,919 P3213887 INFO Epoch 15/50, all_loss:1.27140 cls_loss:1.33012 rec_loss:0.39060 [20.88s]; best loss:1.27140, patience : 0
2026-07-22 10:21:18,575 P3213887 INFO pr:0.8936  rc:0.7614  auc:0.9962 ap:0.9598 f1: 0.8222 pred_right: 1066817 pred_wrong:29383 actu_right: 1061713 actu_wrong: 34487
2026-07-22 10:21:22,971 P3213887 INFO pr:0.8968  rc:0.7611  auc:0.9962 ap:0.9596 f1: 0.8234 pred_right: 457233 pred_wrong:12567 actu_right: 454992 actu_wrong: 14808
2026-07-22 10:21:22,976 P3213887 INFO ----------------------------------------------------------------------------------------------------
2026-07-22 10:21:22,976 P3213887 INFO 16/50 starting... lr: 0.001 para:0.05882352963089943
2026-07-22 10:21:43,140 P3213887 INFO Epoch 16/50, all_loss:1.23010 cls_loss:1.28048 rec_loss:0.42410 [20.16s]; best loss:1.23010, patience : 0
2026-07-22 10:22:00,304 P3213887 INFO pr:0.8841  rc:0.7757  auc:0.9962 ap:0.9600 f1: 0.8263 pred_right: 1065941 pred_wrong:30259 actu_right: 1061709 actu_wrong: 34491
2026-07-22 10:22:05,350 P3213887 INFO pr:0.8856  rc:0.7754  auc:0.9961 ap:0.9594 f1: 0.8268 pred_right: 456835 pred_wrong:12965 actu_right: 454992 actu_wrong: 14808
2026-07-22 10:22:05,354 P3213887 INFO ----------------------------------------------------------------------------------------------------
2026-07-22 10:22:05,354 P3213887 INFO 17/50 starting... lr: 0.001 para:0.0555555559694767
2026-07-22 10:22:26,118 P3213887 INFO Epoch 17/50, all_loss:1.15565 cls_loss:1.19655 rec_loss:0.46028 [20.76s]; best loss:1.15565, patience : 0
2026-07-22 10:22:36,723 P3213887 INFO pr:0.8866  rc:0.7613  auc:0.9966 ap:0.9617 f1: 0.8192 pred_right: 1066587 pred_wrong:29613 actu_right: 1061715 actu_wrong: 34485
2026-07-22 10:22:41,326 P3213887 INFO pr:0.8912  rc:0.7609  auc:0.9965 ap:0.9618 f1: 0.8209 pred_right: 457157 pred_wrong:12643 actu_right: 454992 actu_wrong: 14808
2026-07-22 10:22:41,327 P3213887 INFO ----------------------------------------------------------------------------------------------------
2026-07-22 10:22:41,328 P3213887 INFO 18/50 starting... lr: 0.001 para:0.05263157933950424
2026-07-22 10:23:02,157 P3213887 INFO Epoch 18/50, all_loss:1.13821 cls_loss:1.17448 rec_loss:0.48539 [20.82s]; best loss:1.13821, patience : 0
2026-07-22 10:23:13,606 P3213887 INFO pr:0.8967  rc:0.7855  auc:0.9969 ap:0.9663 f1: 0.8374 pred_right: 1065990 pred_wrong:30210 actu_right: 1061713 actu_wrong: 34487
2026-07-22 10:23:17,382 P3213887 INFO pr:0.9025  rc:0.7848  auc:0.9968 ap:0.9663 f1: 0.8395 pred_right: 456923 pred_wrong:12877 actu_right: 454992 actu_wrong: 14808
2026-07-22 10:23:17,386 P3213887 INFO ----------------------------------------------------------------------------------------------------
2026-07-22 10:23:17,386 P3213887 INFO 19/50 starting... lr: 0.001 para:0.05000000074505806
2026-07-22 10:23:44,836 P3213887 INFO Epoch 19/50, all_loss:1.11839 cls_loss:1.14987 rec_loss:0.52023 [27.45s]; best loss:1.11839, patience : 0
2026-07-22 10:23:55,600 P3213887 INFO pr:0.9034  rc:0.7826  auc:0.9970 ap:0.9678 f1: 0.8386 pred_right: 1066324 pred_wrong:29876 actu_right: 1061712 actu_wrong: 34488
2026-07-22 10:23:59,942 P3213887 INFO pr:0.9113  rc:0.7830  auc:0.9969 ap:0.9680 f1: 0.8423 pred_right: 457078 pred_wrong:12722 actu_right: 454992 actu_wrong: 14808
2026-07-22 10:23:59,946 P3213887 INFO ----------------------------------------------------------------------------------------------------
2026-07-22 10:23:59,946 P3213887 INFO 20/50 starting... lr: 0.001 para:0.0476190485060215
2026-07-22 10:24:20,671 P3213887 INFO Epoch 20/50, all_loss:1.08691 cls_loss:1.11418 rec_loss:0.54146 [20.72s]; best loss:1.08691, patience : 0
2026-07-22 10:24:31,262 P3213887 INFO pr:0.9484  rc:0.7332  auc:0.9974 ap:0.9716 f1: 0.8270 pred_right: 1069538 pred_wrong:26662 actu_right: 1061713 actu_wrong: 34487
2026-07-22 10:24:35,757 P3213887 INFO pr:0.9542  rc:0.7352  auc:0.9971 ap:0.9715 f1: 0.8305 pred_right: 458391 pred_wrong:11409 actu_right: 454992 actu_wrong: 14808
2026-07-22 10:24:35,758 P3213887 INFO ----------------------------------------------------------------------------------------------------
2026-07-22 10:24:35,758 P3213887 INFO 21/50 starting... lr: 0.001 para:0.04545454680919647
2026-07-22 10:24:55,838 P3213887 INFO Epoch 21/50, all_loss:1.05883 cls_loss:1.08236 rec_loss:0.56465 [20.08s]; best loss:1.05883, patience : 0
2026-07-22 10:25:15,024 P3213887 INFO pr:0.8973  rc:0.7947  auc:0.9968 ap:0.9663 f1: 0.8429 pred_right: 1065655 pred_wrong:30545 actu_right: 1061710 actu_wrong: 34490
2026-07-22 10:25:19,682 P3213887 INFO pr:0.9008  rc:0.7933  auc:0.9965 ap:0.9656 f1: 0.8437 pred_right: 456760 pred_wrong:13040 actu_right: 454992 actu_wrong: 14808
2026-07-22 10:25:19,689 P3213887 INFO ----------------------------------------------------------------------------------------------------
2026-07-22 10:25:19,689 P3213887 INFO 22/50 starting... lr: 0.001 para:0.043478261679410934
2026-07-22 10:25:40,035 P3213887 INFO Epoch 22/50, all_loss:1.03545 cls_loss:1.05591 rec_loss:0.58519 [20.34s]; best loss:1.03545, patience : 0
2026-07-22 10:25:50,810 P3213887 INFO pr:0.8909  rc:0.8338  auc:0.9970 ap:0.9708 f1: 0.8614 pred_right: 1063924 pred_wrong:32276 actu_right: 1061712 actu_wrong: 34488
2026-07-22 10:25:55,477 P3213887 INFO pr:0.8982  rc:0.8285  auc:0.9970 ap:0.9706 f1: 0.8620 pred_right: 456140 pred_wrong:13660 actu_right: 454992 actu_wrong: 14808
2026-07-22 10:25:55,481 P3213887 INFO ----------------------------------------------------------------------------------------------------
2026-07-22 10:25:55,481 P3213887 INFO 23/50 starting... lr: 0.001 para:0.0416666679084301
2026-07-22 10:26:15,848 P3213887 INFO Epoch 23/50, all_loss:1.04447 cls_loss:1.06374 rec_loss:0.60112 [20.37s]; best loss:1.03545, patience : 1
2026-07-22 10:26:27,415 P3213887 INFO pr:0.9241  rc:0.7943  auc:0.9976 ap:0.9734 f1: 0.8543 pred_right: 1066558 pred_wrong:29642 actu_right: 1061711 actu_wrong: 34489
2026-07-22 10:26:31,567 P3213887 INFO pr:0.9263  rc:0.7889  auc:0.9974 ap:0.9728 f1: 0.8521 pred_right: 457189 pred_wrong:12611 actu_right: 454992 actu_wrong: 14808
2026-07-22 10:26:31,568 P3213887 INFO ----------------------------------------------------------------------------------------------------
2026-07-22 10:26:31,568 P3213887 INFO 24/50 starting... lr: 0.001 para:0.03999999910593033
2026-07-22 10:26:59,240 P3213887 INFO Epoch 24/50, all_loss:1.00667 cls_loss:1.02291 rec_loss:0.61697 [27.67s]; best loss:1.00667, patience : 0
2026-07-22 10:27:09,781 P3213887 INFO pr:0.9336  rc:0.7847  auc:0.9977 ap:0.9750 f1: 0.8527 pred_right: 1067209 pred_wrong:28991 actu_right: 1061708 actu_wrong: 34492
2026-07-22 10:27:14,317 P3213887 INFO pr:0.9367  rc:0.7770  auc:0.9976 ap:0.9745 f1: 0.8494 pred_right: 457517 pred_wrong:12283 actu_right: 454992 actu_wrong: 14808
2026-07-22 10:27:14,317 P3213887 INFO ----------------------------------------------------------------------------------------------------
2026-07-22 10:27:14,318 P3213887 INFO 25/50 starting... lr: 0.001 para:0.03846153989434242
2026-07-22 10:27:34,854 P3213887 INFO Epoch 25/50, all_loss:0.97982 cls_loss:0.99335 rec_loss:0.64162 [20.53s]; best loss:0.97982, patience : 0
2026-07-22 10:27:45,885 P3213887 INFO pr:0.8698  rc:0.8975  auc:0.9980 ap:0.9761 f1: 0.8834 pred_right: 1060619 pred_wrong:35581 actu_right: 1061714 actu_wrong: 34486
2026-07-22 10:27:50,547 P3213887 INFO pr:0.8720  rc:0.8920  auc:0.9979 ap:0.9759 f1: 0.8819 pred_right: 454653 pred_wrong:15147 actu_right: 454992 actu_wrong: 14808
2026-07-22 10:27:50,551 P3213887 INFO ----------------------------------------------------------------------------------------------------
2026-07-22 10:27:50,551 P3213887 INFO 26/50 starting... lr: 0.001 para:0.03703703731298447
2026-07-22 10:28:14,557 P3213887 INFO Epoch 26/50, all_loss:0.95282 cls_loss:0.96406 rec_loss:0.66053 [24.00s]; best loss:0.95282, patience : 0
2026-07-22 10:28:29,295 P3213887 INFO pr:0.9265  rc:0.8133  auc:0.9978 ap:0.9770 f1: 0.8662 pred_right: 1065927 pred_wrong:30273 actu_right: 1061715 actu_wrong: 34485
2026-07-22 10:28:33,750 P3213887 INFO pr:0.9297  rc:0.8081  auc:0.9977 ap:0.9767 f1: 0.8646 pred_right: 456929 pred_wrong:12871 actu_right: 454992 actu_wrong: 14808
2026-07-22 10:28:33,751 P3213887 INFO ----------------------------------------------------------------------------------------------------
2026-07-22 10:28:33,751 P3213887 INFO 27/50 starting... lr: 0.001 para:0.0357142873108387
2026-07-22 10:28:54,181 P3213887 INFO Epoch 27/50, all_loss:0.94566 cls_loss:0.95544 rec_loss:0.68165 [20.43s]; best loss:0.94566, patience : 0
2026-07-22 10:29:05,266 P3213887 INFO pr:0.9181  rc:0.8467  auc:0.9980 ap:0.9778 f1: 0.8810 pred_right: 1064395 pred_wrong:31805 actu_right: 1061714 actu_wrong: 34486
2026-07-22 10:29:09,642 P3213887 INFO pr:0.9217  rc:0.8418  auc:0.9980 ap:0.9774 f1: 0.8799 pred_right: 456276 pred_wrong:13524 actu_right: 454992 actu_wrong: 14808
2026-07-22 10:29:09,643 P3213887 INFO ----------------------------------------------------------------------------------------------------
2026-07-22 10:29:09,643 P3213887 INFO 28/50 starting... lr: 0.001 para:0.03448275849223137
2026-07-22 10:29:30,954 P3213887 INFO Epoch 28/50, all_loss:0.92252 cls_loss:0.93036 rec_loss:0.70298 [21.31s]; best loss:0.92252, patience : 0
2026-07-22 10:29:40,126 P3213887 INFO pr:0.8963  rc:0.8654  auc:0.9980 ap:0.9764 f1: 0.8806 pred_right: 1062901 pred_wrong:33299 actu_right: 1061711 actu_wrong: 34489
2026-07-22 10:29:47,434 P3213887 INFO pr:0.8986  rc:0.8583  auc:0.9979 ap:0.9765 f1: 0.8780 pred_right: 455655 pred_wrong:14145 actu_right: 454992 actu_wrong: 14808
2026-07-22 10:29:47,435 P3213887 INFO ----------------------------------------------------------------------------------------------------
2026-07-22 10:29:47,436 P3213887 INFO 29/50 starting... lr: 0.001 para:0.03333333507180214
2026-07-22 10:30:13,518 P3213887 INFO Epoch 29/50, all_loss:0.91495 cls_loss:0.92098 rec_loss:0.73982 [26.08s]; best loss:0.91495, patience : 0
2026-07-22 10:30:24,403 P3213887 INFO pr:0.9303  rc:0.8047  auc:0.9979 ap:0.9770 f1: 0.8629 pred_right: 1066370 pred_wrong:29830 actu_right: 1061713 actu_wrong: 34487
2026-07-22 10:30:29,081 P3213887 INFO pr:0.9333  rc:0.8006  auc:0.9976 ap:0.9762 f1: 0.8619 pred_right: 457097 pred_wrong:12703 actu_right: 454992 actu_wrong: 14808
2026-07-22 10:30:29,082 P3213887 INFO ----------------------------------------------------------------------------------------------------
2026-07-22 10:30:29,082 P3213887 INFO 30/50 starting... lr: 0.001 para:0.032258063554763794
2026-07-22 10:30:49,639 P3213887 INFO Epoch 30/50, all_loss:0.88622 cls_loss:0.89066 rec_loss:0.75304 [20.55s]; best loss:0.88622, patience : 0
2026-07-22 10:31:00,399 P3213887 INFO pr:0.9068  rc:0.8771  auc:0.9983 ap:0.9806 f1: 0.8917 pred_right: 1062836 pred_wrong:33364 actu_right: 1061707 actu_wrong: 34493
2026-07-22 10:31:05,706 P3213887 INFO pr:0.9080  rc:0.8702  auc:0.9982 ap:0.9801 f1: 0.8887 pred_right: 455608 pred_wrong:14192 actu_right: 454992 actu_wrong: 14808
2026-07-22 10:31:05,709 P3213887 INFO ----------------------------------------------------------------------------------------------------
2026-07-22 10:31:05,714 P3213887 INFO 31/50 starting... lr: 0.001 para:0.03125
2026-07-22 10:31:31,840 P3213887 INFO Epoch 31/50, all_loss:0.85195 cls_loss:0.85366 rec_loss:0.79882 [26.12s]; best loss:0.85195, patience : 0
2026-07-22 10:31:42,845 P3213887 INFO pr:0.8849  rc:0.9093  auc:0.9981 ap:0.9801 f1: 0.8970 pred_right: 1060754 pred_wrong:35446 actu_right: 1061705 actu_wrong: 34495
2026-07-22 10:31:47,257 P3213887 INFO pr:0.8866  rc:0.9040  auc:0.9979 ap:0.9795 f1: 0.8952 pred_right: 454702 pred_wrong:15098 actu_right: 454992 actu_wrong: 14808
2026-07-22 10:31:47,261 P3213887 INFO ----------------------------------------------------------------------------------------------------
2026-07-22 10:31:47,261 P3213887 INFO 32/50 starting... lr: 0.001 para:0.03030303120613098
2026-07-22 10:32:08,016 P3213887 INFO Epoch 32/50, all_loss:0.83761 cls_loss:0.83820 rec_loss:0.81877 [20.75s]; best loss:0.83761, patience : 0
2026-07-22 10:32:18,559 P3213887 INFO pr:0.9133  rc:0.8612  auc:0.9979 ap:0.9786 f1: 0.8865 pred_right: 1063676 pred_wrong:32524 actu_right: 1061710 actu_wrong: 34490
2026-07-22 10:32:22,877 P3213887 INFO pr:0.9131  rc:0.8547  auc:0.9979 ap:0.9777 f1: 0.8829 pred_right: 455940 pred_wrong:13860 actu_right: 454992 actu_wrong: 14808
2026-07-22 10:32:22,882 P3213887 INFO ----------------------------------------------------------------------------------------------------
2026-07-22 10:32:22,882 P3213887 INFO 33/50 starting... lr: 0.001 para:0.029411764815449715
2026-07-22 10:32:43,374 P3213887 INFO Epoch 33/50, all_loss:0.82578 cls_loss:0.82463 rec_loss:0.86362 [20.49s]; best loss:0.82578, patience : 0
2026-07-22 10:32:54,969 P3213887 INFO pr:0.9389  rc:0.8296  auc:0.9986 ap:0.9832 f1: 0.8809 pred_right: 1065729 pred_wrong:30471 actu_right: 1061715 actu_wrong: 34485
2026-07-22 10:33:03,796 P3213887 INFO pr:0.9410  rc:0.8275  auc:0.9984 ap:0.9829 f1: 0.8806 pred_right: 456777 pred_wrong:13023 actu_right: 454992 actu_wrong: 14808
2026-07-22 10:33:03,797 P3213887 INFO ----------------------------------------------------------------------------------------------------
2026-07-22 10:33:03,798 P3213887 INFO 34/50 starting... lr: 0.001 para:0.02857142873108387
2026-07-22 10:33:24,854 P3213887 INFO Epoch 34/50, all_loss:0.81522 cls_loss:0.81308 rec_loss:0.88769 [21.05s]; best loss:0.81522, patience : 0
2026-07-22 10:33:35,441 P3213887 INFO pr:0.9186  rc:0.8445  auc:0.9980 ap:0.9786 f1: 0.8800 pred_right: 1064496 pred_wrong:31704 actu_right: 1061714 actu_wrong: 34486
2026-07-22 10:33:39,858 P3213887 INFO pr:0.9223  rc:0.8439  auc:0.9979 ap:0.9781 f1: 0.8814 pred_right: 456250 pred_wrong:13550 actu_right: 454992 actu_wrong: 14808
2026-07-22 10:33:39,859 P3213887 INFO ----------------------------------------------------------------------------------------------------
2026-07-22 10:33:39,859 P3213887 INFO 35/50 starting... lr: 0.001 para:0.02777777798473835
2026-07-22 10:34:00,309 P3213887 INFO Epoch 35/50, all_loss:0.80252 cls_loss:0.79941 rec_loss:0.91157 [20.45s]; best loss:0.80252, patience : 0
2026-07-22 10:34:11,054 P3213887 INFO pr:0.8974  rc:0.8876  auc:0.9985 ap:0.9822 f1: 0.8925 pred_right: 1062088 pred_wrong:34112 actu_right: 1061710 actu_wrong: 34490
2026-07-22 10:34:16,462 P3213887 INFO pr:0.8955  rc:0.8857  auc:0.9983 ap:0.9817 f1: 0.8905 pred_right: 455154 pred_wrong:14646 actu_right: 454992 actu_wrong: 14808
2026-07-22 10:34:16,463 P3213887 INFO ----------------------------------------------------------------------------------------------------
2026-07-22 10:34:16,463 P3213887 INFO 36/50 starting... lr: 0.001 para:0.027027027681469917
2026-07-22 10:34:43,120 P3213887 INFO Epoch 36/50, all_loss:0.79434 cls_loss:0.79031 rec_loss:0.93936 [26.65s]; best loss:0.79434, patience : 0
2026-07-22 10:34:53,883 P3213887 INFO pr:0.9213  rc:0.8832  auc:0.9981 ap:0.9836 f1: 0.9019 pred_right: 1063140 pred_wrong:33060 actu_right: 1061713 actu_wrong: 34487
2026-07-22 10:34:58,242 P3213887 INFO pr:0.9241  rc:0.8761  auc:0.9979 ap:0.9832 f1: 0.8995 pred_right: 455760 pred_wrong:14040 actu_right: 454992 actu_wrong: 14808
2026-07-22 10:34:58,246 P3213887 INFO ----------------------------------------------------------------------------------------------------
2026-07-22 10:34:58,246 P3213887 INFO 37/50 starting... lr: 0.001 para:0.02631578966975212
2026-07-22 10:35:18,639 P3213887 INFO Epoch 37/50, all_loss:0.76176 cls_loss:0.75625 rec_loss:0.96577 [20.39s]; best loss:0.76176, patience : 0
2026-07-22 10:35:29,345 P3213887 INFO pr:0.8775  rc:0.9312  auc:0.9987 ap:0.9839 f1: 0.9036 pred_right: 1059603 pred_wrong:36597 actu_right: 1061711 actu_wrong: 34489
2026-07-22 10:35:33,632 P3213887 INFO pr:0.8787  rc:0.9276  auc:0.9985 ap:0.9833 f1: 0.9025 pred_right: 454167 pred_wrong:15633 actu_right: 454992 actu_wrong: 14808
2026-07-22 10:35:33,637 P3213887 INFO ----------------------------------------------------------------------------------------------------
2026-07-22 10:35:33,637 P3213887 INFO 38/50 starting... lr: 0.001 para:0.025641025975346565
2026-07-22 10:35:53,793 P3213887 INFO Epoch 38/50, all_loss:0.75613 cls_loss:0.75000 rec_loss:0.98886 [20.15s]; best loss:0.75613, patience : 0
2026-07-22 10:36:07,525 P3213887 INFO pr:0.9279  rc:0.8769  auc:0.9987 ap:0.9857 f1: 0.9017 pred_right: 1063607 pred_wrong:32593 actu_right: 1061710 actu_wrong: 34490
2026-07-22 10:36:16,232 P3213887 INFO pr:0.9294  rc:0.8748  auc:0.9985 ap:0.9854 f1: 0.9013 pred_right: 455862 pred_wrong:13938 actu_right: 454992 actu_wrong: 14808
2026-07-22 10:36:16,236 P3213887 INFO ----------------------------------------------------------------------------------------------------
2026-07-22 10:36:16,236 P3213887 INFO 39/50 starting... lr: 0.001 para:0.02500000037252903
2026-07-22 10:36:37,173 P3213887 INFO Epoch 39/50, all_loss:0.74978 cls_loss:0.74328 rec_loss:1.00319 [20.93s]; best loss:0.74978, patience : 0
2026-07-22 10:36:47,798 P3213887 INFO pr:0.9187  rc:0.8986  auc:0.9985 ap:0.9852 f1: 0.9086 pred_right: 1062465 pred_wrong:33735 actu_right: 1061711 actu_wrong: 34489
2026-07-22 10:36:52,458 P3213887 INFO pr:0.9174  rc:0.8959  auc:0.9984 ap:0.9843 f1: 0.9065 pred_right: 455339 pred_wrong:14461 actu_right: 454992 actu_wrong: 14808
2026-07-22 10:36:52,462 P3213887 INFO ----------------------------------------------------------------------------------------------------
2026-07-22 10:36:52,462 P3213887 INFO 40/50 starting... lr: 0.001 para:0.024390242993831635
2026-07-22 10:37:13,133 P3213887 INFO Epoch 40/50, all_loss:0.72950 cls_loss:0.72240 rec_loss:1.01321 [20.67s]; best loss:0.72950, patience : 0
2026-07-22 10:37:25,435 P3213887 INFO pr:0.9433  rc:0.8470  auc:0.9985 ap:0.9864 f1: 0.8926 pred_right: 1065232 pred_wrong:30968 actu_right: 1061709 actu_wrong: 34491
2026-07-22 10:37:29,026 P3213887 INFO pr:0.9451  rc:0.8431  auc:0.9984 ap:0.9860 f1: 0.8912 pred_right: 456591 pred_wrong:13209 actu_right: 454992 actu_wrong: 14808
2026-07-22 10:37:29,027 P3213887 INFO ----------------------------------------------------------------------------------------------------
2026-07-22 10:37:29,027 P3213887 INFO 41/50 starting... lr: 0.001 para:0.02380952425301075
2026-07-22 10:37:56,316 P3213887 INFO Epoch 41/50, all_loss:0.71380 cls_loss:0.70610 rec_loss:1.02957 [27.28s]; best loss:0.71380, patience : 0
2026-07-22 10:38:06,907 P3213887 INFO pr:0.9004  rc:0.9241  auc:0.9989 ap:0.9861 f1: 0.9121 pred_right: 1060802 pred_wrong:35398 actu_right: 1061710 actu_wrong: 34490
2026-07-22 10:38:11,274 P3213887 INFO pr:0.9009  rc:0.9204  auc:0.9987 ap:0.9855 f1: 0.9106 pred_right: 454671 pred_wrong:15129 actu_right: 454992 actu_wrong: 14808
2026-07-22 10:38:11,278 P3213887 INFO ----------------------------------------------------------------------------------------------------
2026-07-22 10:38:11,278 P3213887 INFO 42/50 starting... lr: 0.001 para:0.023255813866853714
2026-07-22 10:38:31,749 P3213887 INFO Epoch 42/50, all_loss:0.73193 cls_loss:0.72444 rec_loss:1.04639 [20.47s]; best loss:0.71380, patience : 1
2026-07-22 10:38:42,538 P3213887 INFO pr:0.9186  rc:0.8989  auc:0.9989 ap:0.9849 f1: 0.9087 pred_right: 1062448 pred_wrong:33752 actu_right: 1061709 actu_wrong: 34491
2026-07-22 10:38:46,955 P3213887 INFO pr:0.9172  rc:0.8936  auc:0.9987 ap:0.9843 f1: 0.9052 pred_right: 455374 pred_wrong:14426 actu_right: 454992 actu_wrong: 14808
2026-07-22 10:38:46,956 P3213887 INFO ----------------------------------------------------------------------------------------------------
2026-07-22 10:38:46,956 P3213887 INFO 43/50 starting... lr: 0.001 para:0.022727273404598236
2026-07-22 10:39:07,337 P3213887 INFO Epoch 43/50, all_loss:0.72740 cls_loss:0.71988 rec_loss:1.05070 [20.38s]; best loss:0.71380, patience : 1
2026-07-22 10:39:25,384 P3213887 INFO pr:0.9215  rc:0.9085  auc:0.9988 ap:0.9856 f1: 0.9149 pred_right: 1062197 pred_wrong:34003 actu_right: 1061710 actu_wrong: 34490
2026-07-22 10:39:29,891 P3213887 INFO pr:0.9245  rc:0.9025  auc:0.9987 ap:0.9849 f1: 0.9133 pred_right: 455344 pred_wrong:14456 actu_right: 454992 actu_wrong: 14808
2026-07-22 10:39:29,896 P3213887 INFO ----------------------------------------------------------------------------------------------------
2026-07-22 10:39:29,896 P3213887 INFO 44/50 starting... lr: 0.001 para:0.02222222276031971
2026-07-22 10:39:49,977 P3213887 INFO Epoch 44/50, all_loss:0.69488 cls_loss:0.68638 rec_loss:1.06878 [20.08s]; best loss:0.69488, patience : 0
2026-07-22 10:40:00,337 P3213887 INFO pr:0.9131  rc:0.9216  auc:0.9989 ap:0.9868 f1: 0.9173 pred_right: 1061390 pred_wrong:34810 actu_right: 1061710 actu_wrong: 34490
2026-07-22 10:40:04,641 P3213887 INFO pr:0.9150  rc:0.9174  auc:0.9987 ap:0.9865 f1: 0.9162 pred_right: 454953 pred_wrong:14847 actu_right: 454992 actu_wrong: 14808
2026-07-22 10:40:04,647 P3213887 INFO ----------------------------------------------------------------------------------------------------
2026-07-22 10:40:04,647 P3213887 INFO 45/50 starting... lr: 0.001 para:0.021739130839705467
2026-07-22 10:40:24,788 P3213887 INFO Epoch 45/50, all_loss:0.68072 cls_loss:0.67184 rec_loss:1.08005 [20.14s]; best loss:0.68072, patience : 0
2026-07-22 10:40:35,911 P3213887 INFO pr:0.8967  rc:0.9402  auc:0.9989 ap:0.9867 f1: 0.9180 pred_right: 1060038 pred_wrong:36162 actu_right: 1061710 actu_wrong: 34490
2026-07-22 10:40:39,878 P3213887 INFO pr:0.8977  rc:0.9377  auc:0.9988 ap:0.9860 f1: 0.9173 pred_right: 454332 pred_wrong:15468 actu_right: 454992 actu_wrong: 14808
2026-07-22 10:40:39,882 P3213887 INFO ----------------------------------------------------------------------------------------------------
2026-07-22 10:40:39,882 P3213887 INFO 46/50 starting... lr: 0.001 para:0.021276595070958138
2026-07-22 10:41:07,295 P3213887 INFO Epoch 46/50, all_loss:0.67560 cls_loss:0.66649 rec_loss:1.09467 [27.41s]; best loss:0.67560, patience : 0
2026-07-22 10:41:17,881 P3213887 INFO pr:0.9180  rc:0.9175  auc:0.9987 ap:0.9874 f1: 0.9177 pred_right: 1061727 pred_wrong:34473 actu_right: 1061709 actu_wrong: 34491
2026-07-22 10:41:22,213 P3213887 INFO pr:0.9209  rc:0.9136  auc:0.9987 ap:0.9869 f1: 0.9173 pred_right: 455109 pred_wrong:14691 actu_right: 454992 actu_wrong: 14808
2026-07-22 10:41:22,214 P3213887 INFO ----------------------------------------------------------------------------------------------------
2026-07-22 10:41:22,214 P3213887 INFO 47/50 starting... lr: 0.001 para:0.02083333395421505
2026-07-22 10:41:43,111 P3213887 INFO Epoch 47/50, all_loss:0.65417 cls_loss:0.64484 rec_loss:1.09282 [20.89s]; best loss:0.65417, patience : 0
2026-07-22 10:41:53,396 P3213887 INFO pr:0.9233  rc:0.9008  auc:0.9987 ap:0.9861 f1: 0.9119 pred_right: 1062551 pred_wrong:33649 actu_right: 1061710 actu_wrong: 34490
2026-07-22 10:41:57,669 P3213887 INFO pr:0.9249  rc:0.8978  auc:0.9986 ap:0.9855 f1: 0.9111 pred_right: 455427 pred_wrong:14373 actu_right: 454992 actu_wrong: 14808
2026-07-22 10:41:57,670 P3213887 INFO ----------------------------------------------------------------------------------------------------
2026-07-22 10:41:57,670 P3213887 INFO 48/50 starting... lr: 0.001 para:0.020408162847161293
2026-07-22 10:42:20,147 P3213887 INFO Epoch 48/50, all_loss:0.68091 cls_loss:0.67207 rec_loss:1.10556 [22.48s]; best loss:0.65417, patience : 1
2026-07-22 10:42:35,596 P3213887 INFO pr:0.9196  rc:0.9225  auc:0.9990 ap:0.9876 f1: 0.9210 pred_right: 1061594 pred_wrong:34606 actu_right: 1061706 actu_wrong: 34494
2026-07-22 10:42:39,913 P3213887 INFO pr:0.9210  rc:0.9159  auc:0.9989 ap:0.9875 f1: 0.9184 pred_right: 455074 pred_wrong:14726 actu_right: 454992 actu_wrong: 14808
2026-07-22 10:42:39,917 P3213887 INFO ----------------------------------------------------------------------------------------------------
2026-07-22 10:42:39,918 P3213887 INFO 49/50 starting... lr: 0.001 para:0.019999999552965164
2026-07-22 10:43:00,735 P3213887 INFO Epoch 49/50, all_loss:0.65844 cls_loss:0.64912 rec_loss:1.11503 [20.82s]; best loss:0.65417, patience : 1
2026-07-22 10:43:11,918 P3213887 INFO pr:0.9138  rc:0.9260  auc:0.9989 ap:0.9872 f1: 0.9199 pred_right: 1061245 pred_wrong:34955 actu_right: 1061707 actu_wrong: 34493
2026-07-22 10:43:16,298 P3213887 INFO pr:0.9127  rc:0.9200  auc:0.9988 ap:0.9867 f1: 0.9163 pred_right: 454874 pred_wrong:14926 actu_right: 454992 actu_wrong: 14808
2026-07-22 10:43:16,299 P3213887 INFO saving model...
2026-07-22 10:43:16,299 P3213887 INFO FITS_Legendre - loss  best score:0.6541687846183777 at epoch 47
2026-07-22 10:43:16,305 P3213887 INFO FITS_Legendre - f1  best score:0.921041968162084 at epoch 48
2026-07-22 10:43:16,309 P3213887 INFO Average training time per epoch: 22.18 seconds
2026-07-22 10:43:16,309 P3213887 INFO calculate scores...
2026-07-22 10:43:16,309 P3213887 INFO calculate label with loss...
2026-07-22 10:43:16,310 P3213887 INFO FITS_Legendre on ./result/server_only_exps/Sensitivity/FITS_Legendre-TT-Epochs50-Seed3-ExpNameRQ3_sensitivity_auxi_lambda-LPFLPF-Attnlinear_attn-NormLinTrue-RecLambda1.0-AuxiLambda0.01-Degree5-lowshow-simplegraph loading...
2026-07-22 10:43:20,863 P3213887 INFO pr:0.9249  rc:0.8978  auc:0.9986 ap:0.9855 f1: 0.9111 pred_right: 455427 pred_wrong:14373 actu_right: 454992 actu_wrong: 14808
2026-07-22 10:43:29,253 P3213887 INFO pr:0.9249  rc:0.8978  auc:0.9986 ap:0.9855 f1: 0.9111 pred_right: 455427 pred_wrong:14373 actu_right: 454992 actu_wrong: 14808
2026-07-22 10:43:29,254 P3213887 INFO Performance Summary:
{'GPU': {'inference_time_per_sample_ms': 0.22973792583058267, 'throughput_samples_per_sec': 4352.785881498023, 'peak_memory_mb': 87.724609375, 'energy_per_sample_joules': 0.012034132030857582}, 'CPU': {'inference_time_per_sample_ms': 0.4491590331260427, 'throughput_samples_per_sec': 2226.3829206333266, 'peak_memory_mb': 5819.80859375, 'energy_per_sample_joules': 0.029195337153192776}}
2026-07-22 10:43:29,254 P3213887 INFO Starting clean-room hardware benchmarking...
2026-07-22 10:43:30,212 P3213887 INFO Performance with loss: pr:0.9249  rc:0.8978  auc:0.9986 ap:0.9855 f1: 0.9111 pred_right: 455427 pred_wrong:14373 actu_right: 454992 actu_wrong: 14808
2026-07-22 10:43:30,213 P3213887 INFO calculate label with f1...
2026-07-22 10:43:30,213 P3213887 INFO FITS_Legendre on ./result/server_only_exps/Sensitivity/FITS_Legendre-TT-Epochs50-Seed3-ExpNameRQ3_sensitivity_auxi_lambda-LPFLPF-Attnlinear_attn-NormLinTrue-RecLambda1.0-AuxiLambda0.01-Degree5-lowshow-simplegraph loading...
2026-07-22 10:43:35,167 P3213887 INFO pr:0.9210  rc:0.9159  auc:0.9989 ap:0.9875 f1: 0.9184 pred_right: 455074 pred_wrong:14726 actu_right: 454992 actu_wrong: 14808
2026-07-22 10:43:44,435 P3213887 INFO pr:0.9210  rc:0.9159  auc:0.9989 ap:0.9875 f1: 0.9184 pred_right: 455074 pred_wrong:14726 actu_right: 454992 actu_wrong: 14808
2026-07-22 10:43:44,436 P3213887 INFO Performance Summary:
{'GPU': {'inference_time_per_sample_ms': 0.2514812412546642, 'throughput_samples_per_sec': 3976.4397336791544, 'peak_memory_mb': 87.220703125, 'energy_per_sample_joules': 0.013576717771615553}, 'CPU': {'inference_time_per_sample_ms': 0.503976761131418, 'throughput_samples_per_sec': 1984.21847419119, 'peak_memory_mb': 5427.1640625, 'energy_per_sample_joules': 0.03275848947354217}}
2026-07-22 10:43:44,436 P3213887 INFO Starting clean-room hardware benchmarking...
2026-07-22 10:43:45,208 P3213887 INFO Performance with f1: pr:0.9210  rc:0.9159  auc:0.9989 ap:0.9875 f1: 0.9184 pred_right: 455074 pred_wrong:14726 actu_right: 454992 actu_wrong: 14808
