2026-07-11 08:22:06,547 P2943169 INFO ---- Model: ----MSTGAD-4870fdf1----random_seed : 1----req_loss_approach : Legendre-style----rec_lambda : 1.0----auxi_lambda : 0.2----Freq Domain : FITS_Legendre----Multi Fits : false----train : True----evaluate : False
2026-07-11 08:22:06,548 P2943169 INFO Load from /home/db2003/Desktop/Amr/Tests/Eadro/codes/chunks/TT
2026-07-11 08:22:18,182 P2943169 INFO Fewshot: training with 1.0 of the 70% of the data
2026-07-11 08:22:26,890 P2943169 INFO Trainable Parameters Breakdown:
2026-07-11 08:22:26,890 P2943169 INFO --------------------------------------------------------------------------------
2026-07-11 08:22:26,890 P2943169 INFO Reconstruction-Specific Parameters:
2026-07-11 08:22:26,890 P2943169 INFO linear_attn.Wq.weight                    | shape: (10, 10)                  | params: 100
2026-07-11 08:22:26,891 P2943169 INFO linear_attn.Wk.weight                    | shape: (10, 10)                  | params: 100
2026-07-11 08:22:26,891 P2943169 INFO linear_attn.Wv.weight                    | shape: (10, 10)                  | params: 100
2026-07-11 08:22:26,891 P2943169 INFO linear_attn.out.weight                   | shape: (10, 10)                  | params: 100
2026-07-11 08:22:26,891 P2943169 INFO linear_attn.out.bias                     | shape: (10,)                     | params: 10
2026-07-11 08:22:26,891 P2943169 INFO linear_attn.norm.weight                  | shape: (10,)                     | params: 10
2026-07-11 08:22:26,891 P2943169 INFO linear_attn.norm.bias                    | shape: (10,)                     | params: 10
2026-07-11 08:22:26,891 P2943169 INFO shared_fits.freq_upsampler.weight        | shape: (5, 5)                    | params: 25
2026-07-11 08:22:26,891 P2943169 INFO shared_fits.freq_upsampler.bias          | shape: (5,)                      | params: 5
2026-07-11 08:22:26,891 P2943169 INFO modality_proj.node.weight                | shape: (10, 8)                   | params: 80
2026-07-11 08:22:26,891 P2943169 INFO modality_proj.node.bias                  | shape: (10,)                     | params: 10
2026-07-11 08:22:26,891 P2943169 INFO modality_proj.log.weight                 | shape: (10, 32)                  | params: 320
2026-07-11 08:22:26,891 P2943169 INFO modality_proj.log.bias                   | shape: (10,)                     | params: 10
2026-07-11 08:22:26,891 P2943169 INFO modality_proj.edge.weight                | shape: (10, 8)                   | params: 80
2026-07-11 08:22:26,891 P2943169 INFO modality_proj.edge.bias                  | shape: (10,)                     | params: 10
2026-07-11 08:22:26,891 P2943169 INFO modality_proj_out.node.weight            | shape: (8, 10)                   | params: 80
2026-07-11 08:22:26,891 P2943169 INFO modality_proj_out.node.bias              | shape: (8,)                      | params: 8
2026-07-11 08:22:26,891 P2943169 INFO modality_proj_out.log.weight             | shape: (32, 10)                  | params: 320
2026-07-11 08:22:26,891 P2943169 INFO modality_proj_out.log.bias               | shape: (32,)                     | params: 32
2026-07-11 08:22:26,891 P2943169 INFO modality_proj_out.edge.weight            | shape: (8, 10)                   | params: 80
2026-07-11 08:22:26,891 P2943169 INFO modality_proj_out.edge.bias              | shape: (8,)                      | params: 8
2026-07-11 08:22:26,891 P2943169 INFO Subtotal: 1,498
2026-07-11 08:22:26,891 P2943169 INFO --------------------------------------------------------------------------------
2026-07-11 08:22:26,891 P2943169 INFO Common Parameters:
2026-07-11 08:22:26,891 P2943169 INFO node_emb.linear.weight                   | shape: (8, 7)                    | params: 56
2026-07-11 08:22:26,892 P2943169 INFO node_emb.linear.bias                     | shape: (8,)                      | params: 8
2026-07-11 08:22:26,892 P2943169 INFO log_emb.linear.weight                    | shape: (32, 60)                  | params: 1,920
2026-07-11 08:22:26,892 P2943169 INFO log_emb.linear.bias                      | shape: (32,)                     | params: 32
2026-07-11 08:22:26,892 P2943169 INFO egde_emb.linear.weight                   | shape: (8, 2)                    | params: 16
2026-07-11 08:22:26,892 P2943169 INFO egde_emb.linear.bias                     | shape: (8,)                      | params: 8
2026-07-11 08:22:26,892 P2943169 INFO dense_node.weight                        | shape: (7, 8)                    | params: 56
2026-07-11 08:22:26,892 P2943169 INFO dense_node.bias                          | shape: (7,)                      | params: 7
2026-07-11 08:22:26,892 P2943169 INFO dense_log.weight                         | shape: (60, 32)                  | params: 1,920
2026-07-11 08:22:26,892 P2943169 INFO dense_log.bias                           | shape: (60,)                     | params: 60
2026-07-11 08:22:26,892 P2943169 INFO dense_edge.weight                        | shape: (2, 8)                    | params: 16
2026-07-11 08:22:26,892 P2943169 INFO dense_edge.bias                          | shape: (2,)                      | params: 2
2026-07-11 08:22:26,892 P2943169 INFO show.0.weight                            | shape: (128, 69)                 | params: 8,832
2026-07-11 08:22:26,892 P2943169 INFO show.0.bias                              | shape: (128,)                    | params: 128
2026-07-11 08:22:26,892 P2943169 INFO show.2.weight                            | shape: (2, 128)                  | params: 256
2026-07-11 08:22:26,892 P2943169 INFO show.2.bias                              | shape: (2,)                      | params: 2
2026-07-11 08:22:26,892 P2943169 INFO Subtotal: 13,319
2026-07-11 08:22:26,892 P2943169 INFO --------------------------------------------------------------------------------
2026-07-11 08:22:26,892 P2943169 INFO Total Trainable Parameters: 14,817

2026-07-11 08:22:26,892 P2943169 INFO Trainable Parameters: 14817, reconstruction: 1498, common: 13319
2026-07-11 08:22:26,892 P2943169 INFO model : init weight
2026-07-11 08:22:26,893 P2943169 INFO Using GPU...
2026-07-11 08:22:26,898 P2943169 INFO optimizer : using AdaBelief
2026-07-11 08:22:26,898 P2943169 INFO ----------------------------------------------------------------------------------------------------
2026-07-11 08:22:26,898 P2943169 INFO 0/50 starting... lr: 0.001 para:1.0
2026-07-11 08:22:50,050 P2943169 INFO Epoch 0/50, all_loss:0.07805 cls_loss:33.65715 rec_loss:0.07805 [23.15s]; best loss:0.07805, patience : 0
2026-07-11 08:22:50,051 P2943169 INFO ----------------------------------------------------------------------------------------------------
2026-07-11 08:22:50,051 P2943169 INFO 1/50 starting... lr: 0.001 para:0.5
2026-07-11 08:23:12,784 P2943169 INFO Epoch 1/50, all_loss:2.35907 cls_loss:4.46346 rec_loss:0.25469 [22.73s]; best loss:2.35907, patience : 0
2026-07-11 08:23:12,784 P2943169 INFO ----------------------------------------------------------------------------------------------------
2026-07-11 08:23:12,784 P2943169 INFO 2/50 starting... lr: 0.001 para:0.3333333432674408
2026-07-11 08:23:32,534 P2943169 INFO Epoch 2/50, all_loss:1.48583 cls_loss:2.07531 rec_loss:0.30687 [19.75s]; best loss:1.48583, patience : 0
2026-07-11 08:23:42,481 P2943169 INFO pr:0.9556  rc:0.4740  auc:0.9899 ap:0.9095 f1: 0.6337 pred_right: 1079092 pred_wrong:17108 actu_right: 1061709 actu_wrong: 34491
2026-07-11 08:23:46,745 P2943169 INFO pr:0.9577  rc:0.4757  auc:0.9903 ap:0.9093 f1: 0.6357 pred_right: 462445 pred_wrong:7355 actu_right: 454992 actu_wrong: 14808
2026-07-11 08:23:46,750 P2943169 INFO ----------------------------------------------------------------------------------------------------
2026-07-11 08:23:46,750 P2943169 INFO 3/50 starting... lr: 0.001 para:0.25
2026-07-11 08:24:06,964 P2943169 INFO Epoch 3/50, all_loss:1.44685 cls_loss:1.82612 rec_loss:0.30901 [20.21s]; best loss:1.44685, patience : 0
2026-07-11 08:24:18,114 P2943169 INFO pr:0.7082  rc:0.7305  auc:0.9916 ap:0.9199 f1: 0.7192 pred_right: 1060624 pred_wrong:35576 actu_right: 1061712 actu_wrong: 34488
2026-07-11 08:24:28,007 P2943169 INFO pr:0.7051  rc:0.7261  auc:0.9913 ap:0.9187 f1: 0.7154 pred_right: 454551 pred_wrong:15249 actu_right: 454992 actu_wrong: 14808
2026-07-11 08:24:28,012 P2943169 INFO ----------------------------------------------------------------------------------------------------
2026-07-11 08:24:28,013 P2943169 INFO 4/50 starting... lr: 0.001 para:0.20000000298023224
2026-07-11 08:24:48,045 P2943169 INFO Epoch 4/50, all_loss:1.39514 cls_loss:1.65656 rec_loss:0.34944 [20.03s]; best loss:1.39514, patience : 0
2026-07-11 08:24:58,059 P2943169 INFO pr:0.8561  rc:0.6593  auc:0.9940 ap:0.9392 f1: 0.7449 pred_right: 1069640 pred_wrong:26560 actu_right: 1061711 actu_wrong: 34489
2026-07-11 08:25:02,386 P2943169 INFO pr:0.8578  rc:0.6566  auc:0.9943 ap:0.9396 f1: 0.7438 pred_right: 458465 pred_wrong:11335 actu_right: 454992 actu_wrong: 14808
2026-07-11 08:25:02,390 P2943169 INFO ----------------------------------------------------------------------------------------------------
2026-07-11 08:25:02,390 P2943169 INFO 5/50 starting... lr: 0.001 para:0.1666666716337204
2026-07-11 08:25:22,088 P2943169 INFO Epoch 5/50, all_loss:1.28292 cls_loss:1.45618 rec_loss:0.41665 [19.69s]; best loss:1.28292, patience : 0
2026-07-11 08:25:32,342 P2943169 INFO pr:0.8718  rc:0.7095  auc:0.9954 ap:0.9518 f1: 0.7823 pred_right: 1068134 pred_wrong:28066 actu_right: 1061713 actu_wrong: 34487
2026-07-11 08:25:37,509 P2943169 INFO pr:0.8764  rc:0.7041  auc:0.9957 ap:0.9526 f1: 0.7808 pred_right: 457903 pred_wrong:11897 actu_right: 454992 actu_wrong: 14808
2026-07-11 08:25:37,513 P2943169 INFO ----------------------------------------------------------------------------------------------------
2026-07-11 08:25:37,513 P2943169 INFO 6/50 starting... lr: 0.001 para:0.1428571492433548
2026-07-11 08:26:02,951 P2943169 INFO Epoch 6/50, all_loss:1.17619 cls_loss:1.28849 rec_loss:0.50236 [25.43s]; best loss:1.17619, patience : 0
2026-07-11 08:26:13,323 P2943169 INFO pr:0.8539  rc:0.8305  auc:0.9968 ap:0.9639 f1: 0.8420 pred_right: 1062653 pred_wrong:33547 actu_right: 1061708 actu_wrong: 34492
2026-07-11 08:26:17,611 P2943169 INFO pr:0.8590  rc:0.8296  auc:0.9970 ap:0.9643 f1: 0.8441 pred_right: 455499 pred_wrong:14301 actu_right: 454992 actu_wrong: 14808
2026-07-11 08:26:17,616 P2943169 INFO ----------------------------------------------------------------------------------------------------
2026-07-11 08:26:17,616 P2943169 INFO 7/50 starting... lr: 0.001 para:0.125
2026-07-11 08:26:37,227 P2943169 INFO Epoch 7/50, all_loss:1.01898 cls_loss:1.07085 rec_loss:0.65584 [19.61s]; best loss:1.01898, patience : 0
2026-07-11 08:26:47,613 P2943169 INFO pr:0.9019  rc:0.8287  auc:0.9972 ap:0.9744 f1: 0.8638 pred_right: 1064510 pred_wrong:31690 actu_right: 1061710 actu_wrong: 34490
2026-07-11 08:26:51,816 P2943169 INFO pr:0.9040  rc:0.8294  auc:0.9974 ap:0.9745 f1: 0.8651 pred_right: 456213 pred_wrong:13587 actu_right: 454992 actu_wrong: 14808
2026-07-11 08:26:51,820 P2943169 INFO ----------------------------------------------------------------------------------------------------
2026-07-11 08:26:51,820 P2943169 INFO 8/50 starting... lr: 0.001 para:0.1111111119389534
2026-07-11 08:27:11,784 P2943169 INFO Epoch 8/50, all_loss:0.89014 cls_loss:0.90296 rec_loss:0.78758 [19.96s]; best loss:0.89014, patience : 0
2026-07-11 08:27:21,566 P2943169 INFO pr:0.8799  rc:0.9055  auc:0.9981 ap:0.9773 f1: 0.8925 pred_right: 1060711 pred_wrong:35489 actu_right: 1061714 actu_wrong: 34486
2026-07-11 08:27:31,047 P2943169 INFO pr:0.8818  rc:0.9066  auc:0.9981 ap:0.9765 f1: 0.8940 pred_right: 454575 pred_wrong:15225 actu_right: 454992 actu_wrong: 14808
2026-07-11 08:27:31,056 P2943169 INFO ----------------------------------------------------------------------------------------------------
2026-07-11 08:27:31,057 P2943169 INFO 9/50 starting... lr: 0.001 para:0.10000000149011612
2026-07-11 08:27:52,768 P2943169 INFO Epoch 9/50, all_loss:0.81012 cls_loss:0.80672 rec_loss:0.84073 [21.70s]; best loss:0.81012, patience : 0
2026-07-11 08:28:03,195 P2943169 INFO pr:0.8818  rc:0.9023  auc:0.9984 ap:0.9786 f1: 0.8920 pred_right: 1060909 pred_wrong:35291 actu_right: 1061711 actu_wrong: 34489
2026-07-11 08:28:07,360 P2943169 INFO pr:0.8842  rc:0.9026  auc:0.9985 ap:0.9785 f1: 0.8933 pred_right: 454684 pred_wrong:15116 actu_right: 454992 actu_wrong: 14808
2026-07-11 08:28:07,361 P2943169 INFO ----------------------------------------------------------------------------------------------------
2026-07-11 08:28:07,361 P2943169 INFO 10/50 starting... lr: 0.001 para:0.09090909361839294
2026-07-11 08:28:26,985 P2943169 INFO Epoch 10/50, all_loss:0.72374 cls_loss:0.70778 rec_loss:0.88335 [19.62s]; best loss:0.72374, patience : 0
2026-07-11 08:28:37,484 P2943169 INFO pr:0.8886  rc:0.9464  auc:0.9986 ap:0.9839 f1: 0.9166 pred_right: 1059467 pred_wrong:36733 actu_right: 1061712 actu_wrong: 34488
2026-07-11 08:28:43,686 P2943169 INFO pr:0.8897  rc:0.9443  auc:0.9987 ap:0.9840 f1: 0.9162 pred_right: 454083 pred_wrong:15717 actu_right: 454992 actu_wrong: 14808
2026-07-11 08:28:43,690 P2943169 INFO ----------------------------------------------------------------------------------------------------
2026-07-11 08:28:43,694 P2943169 INFO 11/50 starting... lr: 0.001 para:0.0833333358168602
2026-07-11 08:29:08,094 P2943169 INFO Epoch 11/50, all_loss:0.68650 cls_loss:0.66586 rec_loss:0.91348 [24.39s]; best loss:0.68650, patience : 0
2026-07-11 08:29:19,086 P2943169 INFO pr:0.9045  rc:0.9275  auc:0.9989 ap:0.9835 f1: 0.9158 pred_right: 1060831 pred_wrong:35369 actu_right: 1061710 actu_wrong: 34490
2026-07-11 08:29:23,329 P2943169 INFO pr:0.9052  rc:0.9280  auc:0.9988 ap:0.9830 f1: 0.9165 pred_right: 454619 pred_wrong:15181 actu_right: 454992 actu_wrong: 14808
2026-07-11 08:29:23,330 P2943169 INFO ----------------------------------------------------------------------------------------------------
2026-07-11 08:29:23,330 P2943169 INFO 12/50 starting... lr: 0.001 para:0.07692307978868484
2026-07-11 08:29:43,151 P2943169 INFO Epoch 12/50, all_loss:0.65949 cls_loss:0.63734 rec_loss:0.92527 [19.82s]; best loss:0.65949, patience : 0
2026-07-11 08:29:53,504 P2943169 INFO pr:0.9151  rc:0.9162  auc:0.9990 ap:0.9871 f1: 0.9156 pred_right: 1061672 pred_wrong:34528 actu_right: 1061713 actu_wrong: 34487
2026-07-11 08:29:57,732 P2943169 INFO pr:0.9147  rc:0.9151  auc:0.9990 ap:0.9866 f1: 0.9149 pred_right: 454986 pred_wrong:14814 actu_right: 454992 actu_wrong: 14808
2026-07-11 08:29:57,733 P2943169 INFO ----------------------------------------------------------------------------------------------------
2026-07-11 08:29:57,733 P2943169 INFO 13/50 starting... lr: 0.001 para:0.0714285746216774
2026-07-11 08:30:17,931 P2943169 INFO Epoch 13/50, all_loss:0.65812 cls_loss:0.63598 rec_loss:0.94593 [20.19s]; best loss:0.65812, patience : 0
2026-07-11 08:30:27,434 P2943169 INFO pr:0.9101  rc:0.9371  auc:0.9990 ap:0.9880 f1: 0.9234 pred_right: 1060689 pred_wrong:35511 actu_right: 1061709 actu_wrong: 34491
2026-07-11 08:30:38,029 P2943169 INFO pr:0.9101  rc:0.9373  auc:0.9990 ap:0.9877 f1: 0.9235 pred_right: 454550 pred_wrong:15250 actu_right: 454992 actu_wrong: 14808
2026-07-11 08:30:38,039 P2943169 INFO ----------------------------------------------------------------------------------------------------
2026-07-11 08:30:38,040 P2943169 INFO 14/50 starting... lr: 0.001 para:0.06666667014360428
2026-07-11 08:30:59,816 P2943169 INFO Epoch 14/50, all_loss:0.61018 cls_loss:0.58401 rec_loss:0.97653 [21.77s]; best loss:0.61018, patience : 0
2026-07-11 08:31:10,502 P2943169 INFO pr:0.8970  rc:0.9612  auc:0.9991 ap:0.9876 f1: 0.9280 pred_right: 1059239 pred_wrong:36961 actu_right: 1061710 actu_wrong: 34490
2026-07-11 08:31:14,917 P2943169 INFO pr:0.8970  rc:0.9601  auc:0.9992 ap:0.9871 f1: 0.9275 pred_right: 453950 pred_wrong:15850 actu_right: 454992 actu_wrong: 14808
2026-07-11 08:31:14,922 P2943169 INFO ----------------------------------------------------------------------------------------------------
2026-07-11 08:31:14,922 P2943169 INFO 15/50 starting... lr: 0.001 para:0.0625
2026-07-11 08:31:34,463 P2943169 INFO Epoch 15/50, all_loss:0.60135 cls_loss:0.57531 rec_loss:0.99193 [19.54s]; best loss:0.60135, patience : 0
2026-07-11 08:31:45,538 P2943169 INFO pr:0.9418  rc:0.8933  auc:0.9991 ap:0.9898 f1: 0.9169 pred_right: 1063492 pred_wrong:32708 actu_right: 1061714 actu_wrong: 34486
2026-07-11 08:31:49,296 P2943169 INFO pr:0.9417  rc:0.8932  auc:0.9990 ap:0.9888 f1: 0.9168 pred_right: 455754 pred_wrong:14046 actu_right: 454992 actu_wrong: 14808
2026-07-11 08:31:49,296 P2943169 INFO ----------------------------------------------------------------------------------------------------
2026-07-11 08:31:49,297 P2943169 INFO 16/50 starting... lr: 0.001 para:0.05882352963089943
2026-07-11 08:32:15,749 P2943169 INFO Epoch 16/50, all_loss:0.60111 cls_loss:0.57590 rec_loss:1.00461 [26.45s]; best loss:0.60111, patience : 0
2026-07-11 08:32:26,144 P2943169 INFO pr:0.9199  rc:0.9529  auc:0.9993 ap:0.9904 f1: 0.9361 pred_right: 1060469 pred_wrong:35731 actu_right: 1061706 actu_wrong: 34494
2026-07-11 08:32:30,479 P2943169 INFO pr:0.9176  rc:0.9488  auc:0.9992 ap:0.9899 f1: 0.9329 pred_right: 454488 pred_wrong:15312 actu_right: 454992 actu_wrong: 14808
2026-07-11 08:32:30,483 P2943169 INFO ----------------------------------------------------------------------------------------------------
2026-07-11 08:32:30,483 P2943169 INFO 17/50 starting... lr: 0.001 para:0.0555555559694767
2026-07-11 08:32:50,224 P2943169 INFO Epoch 17/50, all_loss:0.55203 cls_loss:0.52501 rec_loss:1.01129 [19.74s]; best loss:0.55203, patience : 0
2026-07-11 08:33:00,314 P2943169 INFO pr:0.9102  rc:0.9683  auc:0.9993 ap:0.9907 f1: 0.9384 pred_right: 1059502 pred_wrong:36698 actu_right: 1061706 actu_wrong: 34494
2026-07-11 08:33:04,422 P2943169 INFO pr:0.9114  rc:0.9666  auc:0.9991 ap:0.9900 f1: 0.9382 pred_right: 454096 pred_wrong:15704 actu_right: 454992 actu_wrong: 14808
2026-07-11 08:33:04,427 P2943169 INFO ----------------------------------------------------------------------------------------------------
2026-07-11 08:33:04,427 P2943169 INFO 18/50 starting... lr: 0.001 para:0.05263157933950424
2026-07-11 08:33:23,741 P2943169 INFO Epoch 18/50, all_loss:0.57034 cls_loss:0.54336 rec_loss:1.05600 [19.31s]; best loss:0.55203, patience : 1
2026-07-11 08:33:36,907 P2943169 INFO pr:0.8975  rc:0.9768  auc:0.9992 ap:0.9909 f1: 0.9355 pred_right: 1058661 pred_wrong:37539 actu_right: 1061709 actu_wrong: 34491
2026-07-11 08:33:45,651 P2943169 INFO pr:0.8976  rc:0.9750  auc:0.9993 ap:0.9902 f1: 0.9347 pred_right: 453714 pred_wrong:16086 actu_right: 454992 actu_wrong: 14808
2026-07-11 08:33:45,652 P2943169 INFO ----------------------------------------------------------------------------------------------------
2026-07-11 08:33:45,652 P2943169 INFO 19/50 starting... lr: 0.001 para:0.05000000074505806
2026-07-11 08:34:05,498 P2943169 INFO Epoch 19/50, all_loss:0.52519 cls_loss:0.49731 rec_loss:1.05484 [19.84s]; best loss:0.52519, patience : 0
2026-07-11 08:34:15,659 P2943169 INFO pr:0.9235  rc:0.9584  auc:0.9992 ap:0.9916 f1: 0.9406 pred_right: 1060410 pred_wrong:35790 actu_right: 1061711 actu_wrong: 34489
2026-07-11 08:34:19,918 P2943169 INFO pr:0.9240  rc:0.9586  auc:0.9992 ap:0.9907 f1: 0.9410 pred_right: 454437 pred_wrong:15363 actu_right: 454992 actu_wrong: 14808
2026-07-11 08:34:19,923 P2943169 INFO ----------------------------------------------------------------------------------------------------
2026-07-11 08:34:19,923 P2943169 INFO 20/50 starting... lr: 0.001 para:0.0476190485060215
2026-07-11 08:34:39,741 P2943169 INFO Epoch 20/50, all_loss:0.50244 cls_loss:0.47488 rec_loss:1.05362 [19.81s]; best loss:0.50244, patience : 0
2026-07-11 08:34:52,090 P2943169 INFO pr:0.9327  rc:0.9398  auc:0.9990 ap:0.9914 f1: 0.9363 pred_right: 1061448 pred_wrong:34752 actu_right: 1061712 actu_wrong: 34488
2026-07-11 08:34:55,461 P2943169 INFO pr:0.9314  rc:0.9377  auc:0.9991 ap:0.9898 f1: 0.9345 pred_right: 454892 pred_wrong:14908 actu_right: 454992 actu_wrong: 14808
2026-07-11 08:34:55,462 P2943169 INFO ----------------------------------------------------------------------------------------------------
2026-07-11 08:34:55,462 P2943169 INFO 21/50 starting... lr: 0.001 para:0.04545454680919647
2026-07-11 08:35:21,704 P2943169 INFO Epoch 21/50, all_loss:0.51404 cls_loss:0.48743 rec_loss:1.07284 [26.24s]; best loss:0.50244, patience : 1
2026-07-11 08:35:32,277 P2943169 INFO pr:0.9268  rc:0.9654  auc:0.9995 ap:0.9930 f1: 0.9457 pred_right: 1060274 pred_wrong:35926 actu_right: 1061711 actu_wrong: 34489
2026-07-11 08:35:36,841 P2943169 INFO pr:0.9260  rc:0.9630  auc:0.9995 ap:0.9922 f1: 0.9441 pred_right: 454400 pred_wrong:15400 actu_right: 454992 actu_wrong: 14808
2026-07-11 08:35:36,845 P2943169 INFO ----------------------------------------------------------------------------------------------------
2026-07-11 08:35:36,845 P2943169 INFO 22/50 starting... lr: 0.001 para:0.043478261679410934
2026-07-11 08:35:56,736 P2943169 INFO Epoch 22/50, all_loss:0.46035 cls_loss:0.43197 rec_loss:1.08478 [19.89s]; best loss:0.46035, patience : 0
2026-07-11 08:36:07,253 P2943169 INFO pr:0.9178  rc:0.9741  auc:0.9991 ap:0.9926 f1: 0.9451 pred_right: 1059588 pred_wrong:36612 actu_right: 1061704 actu_wrong: 34496
2026-07-11 08:36:11,750 P2943169 INFO pr:0.9186  rc:0.9699  auc:0.9992 ap:0.9918 f1: 0.9436 pred_right: 454164 pred_wrong:15636 actu_right: 454992 actu_wrong: 14808
2026-07-11 08:36:11,751 P2943169 INFO ----------------------------------------------------------------------------------------------------
2026-07-11 08:36:11,751 P2943169 INFO 23/50 starting... lr: 0.001 para:0.0416666679084301
2026-07-11 08:36:30,570 P2943169 INFO Epoch 23/50, all_loss:0.47712 cls_loss:0.44965 rec_loss:1.10876 [18.82s]; best loss:0.46035, patience : 1
2026-07-11 08:36:48,904 P2943169 INFO pr:0.9244  rc:0.9768  auc:0.9994 ap:0.9936 f1: 0.9499 pred_right: 1059753 pred_wrong:36447 actu_right: 1061707 actu_wrong: 34493
2026-07-11 08:36:53,208 P2943169 INFO pr:0.9233  rc:0.9737  auc:0.9993 ap:0.9924 f1: 0.9478 pred_right: 454183 pred_wrong:15617 actu_right: 454992 actu_wrong: 14808
2026-07-11 08:36:53,213 P2943169 INFO ----------------------------------------------------------------------------------------------------
2026-07-11 08:36:53,213 P2943169 INFO 24/50 starting... lr: 0.001 para:0.03999999910593033
2026-07-11 08:37:13,132 P2943169 INFO Epoch 24/50, all_loss:0.47388 cls_loss:0.44662 rec_loss:1.12817 [19.92s]; best loss:0.46035, patience : 1
2026-07-11 08:37:23,942 P2943169 INFO pr:0.9389  rc:0.9322  auc:0.9991 ap:0.9923 f1: 0.9355 pred_right: 1061953 pred_wrong:34247 actu_right: 1061706 actu_wrong: 34494
2026-07-11 08:37:28,150 P2943169 INFO pr:0.9362  rc:0.9290  auc:0.9991 ap:0.9914 f1: 0.9325 pred_right: 455106 pred_wrong:14694 actu_right: 454992 actu_wrong: 14808
2026-07-11 08:37:28,151 P2943169 INFO ----------------------------------------------------------------------------------------------------
2026-07-11 08:37:28,151 P2943169 INFO 25/50 starting... lr: 0.001 para:0.03846153989434242
2026-07-11 08:37:48,307 P2943169 INFO Epoch 25/50, all_loss:0.44404 cls_loss:0.41634 rec_loss:1.13648 [20.15s]; best loss:0.44404, patience : 0
2026-07-11 08:37:59,260 P2943169 INFO pr:0.9302  rc:0.9707  auc:0.9995 ap:0.9940 f1: 0.9500 pred_right: 1060210 pred_wrong:35990 actu_right: 1061711 actu_wrong: 34489
2026-07-11 08:38:03,077 P2943169 INFO pr:0.9290  rc:0.9677  auc:0.9995 ap:0.9929 f1: 0.9479 pred_right: 454376 pred_wrong:15424 actu_right: 454992 actu_wrong: 14808
2026-07-11 08:38:03,082 P2943169 INFO ----------------------------------------------------------------------------------------------------
2026-07-11 08:38:03,082 P2943169 INFO 26/50 starting... lr: 0.001 para:0.03703703731298447
2026-07-11 08:38:29,923 P2943169 INFO Epoch 26/50, all_loss:0.43520 cls_loss:0.40756 rec_loss:1.15387 [26.84s]; best loss:0.43520, patience : 0
2026-07-11 08:38:40,257 P2943169 INFO pr:0.9105  rc:0.9834  auc:0.9995 ap:0.9936 f1: 0.9456 pred_right: 1058955 pred_wrong:37245 actu_right: 1061716 actu_wrong: 34484
2026-07-11 08:38:44,491 P2943169 INFO pr:0.9091  rc:0.9805  auc:0.9995 ap:0.9927 f1: 0.9434 pred_right: 453829 pred_wrong:15971 actu_right: 454992 actu_wrong: 14808
2026-07-11 08:38:44,492 P2943169 INFO ----------------------------------------------------------------------------------------------------
2026-07-11 08:38:44,493 P2943169 INFO 27/50 starting... lr: 0.001 para:0.0357142873108387
2026-07-11 08:39:04,312 P2943169 INFO Epoch 27/50, all_loss:0.45101 cls_loss:0.42427 rec_loss:1.17299 [19.82s]; best loss:0.43520, patience : 1
2026-07-11 08:39:14,789 P2943169 INFO pr:0.9603  rc:0.8927  auc:0.9993 ap:0.9939 f1: 0.9253 pred_right: 1064139 pred_wrong:32061 actu_right: 1061711 actu_wrong: 34489
2026-07-11 08:39:19,078 P2943169 INFO pr:0.9549  rc:0.8896  auc:0.9994 ap:0.9927 f1: 0.9211 pred_right: 456005 pred_wrong:13795 actu_right: 454992 actu_wrong: 14808
2026-07-11 08:39:19,079 P2943169 INFO ----------------------------------------------------------------------------------------------------
2026-07-11 08:39:19,080 P2943169 INFO 28/50 starting... lr: 0.001 para:0.03448275849223137
2026-07-11 08:39:38,423 P2943169 INFO Epoch 28/50, all_loss:0.42408 cls_loss:0.39649 rec_loss:1.19665 [19.34s]; best loss:0.42408, patience : 0
2026-07-11 08:39:55,731 P2943169 INFO pr:0.9271  rc:0.9716  auc:0.9994 ap:0.9924 f1: 0.9489 pred_right: 1060058 pred_wrong:36142 actu_right: 1061714 actu_wrong: 34486
2026-07-11 08:40:00,257 P2943169 INFO pr:0.9243  rc:0.9692  auc:0.9993 ap:0.9900 f1: 0.9462 pred_right: 454272 pred_wrong:15528 actu_right: 454992 actu_wrong: 14808
2026-07-11 08:40:00,258 P2943169 INFO ----------------------------------------------------------------------------------------------------
2026-07-11 08:40:00,258 P2943169 INFO 29/50 starting... lr: 0.001 para:0.03333333507180214
2026-07-11 08:40:20,009 P2943169 INFO Epoch 29/50, all_loss:0.43245 cls_loss:0.40614 rec_loss:1.19540 [19.75s]; best loss:0.42408, patience : 1
2026-07-11 08:40:30,782 P2943169 INFO pr:0.9228  rc:0.9831  auc:0.9994 ap:0.9944 f1: 0.9520 pred_right: 1059455 pred_wrong:36745 actu_right: 1061710 actu_wrong: 34490
2026-07-11 08:40:35,303 P2943169 INFO pr:0.9201  rc:0.9810  auc:0.9994 ap:0.9934 f1: 0.9496 pred_right: 454013 pred_wrong:15787 actu_right: 454992 actu_wrong: 14808
2026-07-11 08:40:35,308 P2943169 INFO ----------------------------------------------------------------------------------------------------
2026-07-11 08:40:35,308 P2943169 INFO 30/50 starting... lr: 0.001 para:0.032258063554763794
2026-07-11 08:40:54,965 P2943169 INFO Epoch 30/50, all_loss:0.44405 cls_loss:0.41909 rec_loss:1.19283 [19.66s]; best loss:0.42408, patience : 2
2026-07-11 08:41:06,374 P2943169 INFO pr:0.9473  rc:0.9447  auc:0.9994 ap:0.9940 f1: 0.9460 pred_right: 1061804 pred_wrong:34396 actu_right: 1061709 actu_wrong: 34491
2026-07-11 08:41:10,173 P2943169 INFO pr:0.9436  rc:0.9392  auc:0.9992 ap:0.9927 f1: 0.9414 pred_right: 455062 pred_wrong:14738 actu_right: 454992 actu_wrong: 14808
2026-07-11 08:41:10,174 P2943169 INFO ----------------------------------------------------------------------------------------------------
2026-07-11 08:41:10,174 P2943169 INFO 31/50 starting... lr: 0.001 para:0.03125
2026-07-11 08:41:36,990 P2943169 INFO Epoch 31/50, all_loss:0.40212 cls_loss:0.37550 rec_loss:1.22739 [26.81s]; best loss:0.40212, patience : 0
2026-07-11 08:41:47,841 P2943169 INFO pr:0.9521  rc:0.9443  auc:0.9996 ap:0.9934 f1: 0.9482 pred_right: 1061998 pred_wrong:34202 actu_right: 1061715 actu_wrong: 34485
2026-07-11 08:41:52,338 P2943169 INFO pr:0.9478  rc:0.9406  auc:0.9995 ap:0.9920 f1: 0.9442 pred_right: 455105 pred_wrong:14695 actu_right: 454992 actu_wrong: 14808
2026-07-11 08:41:52,339 P2943169 INFO ----------------------------------------------------------------------------------------------------
2026-07-11 08:41:52,339 P2943169 INFO 32/50 starting... lr: 0.001 para:0.03030303120613098
2026-07-11 08:42:11,968 P2943169 INFO Epoch 32/50, all_loss:0.39417 cls_loss:0.36830 rec_loss:1.22223 [19.63s]; best loss:0.39417, patience : 0
2026-07-11 08:42:22,153 P2943169 INFO pr:0.9403  rc:0.9670  auc:0.9995 ap:0.9951 f1: 0.9535 pred_right: 1060734 pred_wrong:35466 actu_right: 1061711 actu_wrong: 34489
2026-07-11 08:42:26,445 P2943169 INFO pr:0.9379  rc:0.9635  auc:0.9995 ap:0.9937 f1: 0.9505 pred_right: 454588 pred_wrong:15212 actu_right: 454992 actu_wrong: 14808
2026-07-11 08:42:26,449 P2943169 INFO ----------------------------------------------------------------------------------------------------
2026-07-11 08:42:26,449 P2943169 INFO 33/50 starting... lr: 0.001 para:0.029411764815449715
2026-07-11 08:42:45,813 P2943169 INFO Epoch 33/50, all_loss:0.38024 cls_loss:0.35487 rec_loss:1.21745 [19.36s]; best loss:0.38024, patience : 0
2026-07-11 08:43:04,185 P2943169 INFO pr:0.9635  rc:0.9288  auc:0.9996 ap:0.9953 f1: 0.9458 pred_right: 1062955 pred_wrong:33245 actu_right: 1061713 actu_wrong: 34487
2026-07-11 08:43:08,713 P2943169 INFO pr:0.9579  rc:0.9215  auc:0.9995 ap:0.9940 f1: 0.9393 pred_right: 455555 pred_wrong:14245 actu_right: 454992 actu_wrong: 14808
2026-07-11 08:43:08,714 P2943169 INFO ----------------------------------------------------------------------------------------------------
2026-07-11 08:43:08,714 P2943169 INFO 34/50 starting... lr: 0.001 para:0.02857142873108387
2026-07-11 08:43:28,077 P2943169 INFO Epoch 34/50, all_loss:0.37171 cls_loss:0.34625 rec_loss:1.23757 [19.36s]; best loss:0.37171, patience : 0
2026-07-11 08:43:38,229 P2943169 INFO pr:0.9508  rc:0.9406  auc:0.9993 ap:0.9941 f1: 0.9456 pred_right: 1062082 pred_wrong:34118 actu_right: 1061713 actu_wrong: 34487
2026-07-11 08:43:42,523 P2943169 INFO pr:0.9493  rc:0.9357  auc:0.9994 ap:0.9931 f1: 0.9425 pred_right: 455204 pred_wrong:14596 actu_right: 454992 actu_wrong: 14808
2026-07-11 08:43:42,524 P2943169 INFO ----------------------------------------------------------------------------------------------------
2026-07-11 08:43:42,524 P2943169 INFO 35/50 starting... lr: 0.001 para:0.02777777798473835
2026-07-11 08:44:02,424 P2943169 INFO Epoch 35/50, all_loss:0.41115 cls_loss:0.38740 rec_loss:1.24253 [19.90s]; best loss:0.37171, patience : 1
2026-07-11 08:44:13,248 P2943169 INFO pr:0.9365  rc:0.9750  auc:0.9996 ap:0.9950 f1: 0.9554 pred_right: 1060292 pred_wrong:35908 actu_right: 1061710 actu_wrong: 34490
2026-07-11 08:44:16,930 P2943169 INFO pr:0.9346  rc:0.9695  auc:0.9996 ap:0.9942 f1: 0.9518 pred_right: 454439 pred_wrong:15361 actu_right: 454992 actu_wrong: 14808
2026-07-11 08:44:16,935 P2943169 INFO ----------------------------------------------------------------------------------------------------
2026-07-11 08:44:16,935 P2943169 INFO 36/50 starting... lr: 0.001 para:0.027027027681469917
2026-07-11 08:44:43,076 P2943169 INFO Epoch 36/50, all_loss:0.37008 cls_loss:0.34574 rec_loss:1.24652 [26.14s]; best loss:0.37008, patience : 0
2026-07-11 08:44:53,480 P2943169 INFO pr:0.9520  rc:0.9524  auc:0.9995 ap:0.9953 f1: 0.9522 pred_right: 1061696 pred_wrong:34504 actu_right: 1061711 actu_wrong: 34489
2026-07-11 08:44:57,648 P2943169 INFO pr:0.9503  rc:0.9461  auc:0.9994 ap:0.9939 f1: 0.9482 pred_right: 455057 pred_wrong:14743 actu_right: 454992 actu_wrong: 14808
2026-07-11 08:44:57,649 P2943169 INFO ----------------------------------------------------------------------------------------------------
2026-07-11 08:44:57,649 P2943169 INFO 37/50 starting... lr: 0.001 para:0.02631578966975212
2026-07-11 08:45:17,216 P2943169 INFO Epoch 37/50, all_loss:0.39096 cls_loss:0.36700 rec_loss:1.27717 [19.57s]; best loss:0.37008, patience : 1
2026-07-11 08:45:27,530 P2943169 INFO pr:0.9585  rc:0.9362  auc:0.9995 ap:0.9949 f1: 0.9472 pred_right: 1062517 pred_wrong:33683 actu_right: 1061715 actu_wrong: 34485
2026-07-11 08:45:32,152 P2943169 INFO pr:0.9534  rc:0.9264  auc:0.9995 ap:0.9936 f1: 0.9397 pred_right: 455411 pred_wrong:14389 actu_right: 454992 actu_wrong: 14808
2026-07-11 08:45:32,153 P2943169 INFO ----------------------------------------------------------------------------------------------------
2026-07-11 08:45:32,153 P2943169 INFO 38/50 starting... lr: 0.001 para:0.025641025975346565
2026-07-11 08:45:51,527 P2943169 INFO Epoch 38/50, all_loss:0.35950 cls_loss:0.33525 rec_loss:1.28094 [19.37s]; best loss:0.35950, patience : 0
2026-07-11 08:46:08,694 P2943169 INFO pr:0.9550  rc:0.9581  auc:0.9996 ap:0.9957 f1: 0.9566 pred_right: 1061599 pred_wrong:34601 actu_right: 1061712 actu_wrong: 34488
2026-07-11 08:46:13,781 P2943169 INFO pr:0.9514  rc:0.9520  auc:0.9996 ap:0.9944 f1: 0.9517 pred_right: 454983 pred_wrong:14817 actu_right: 454992 actu_wrong: 14808
2026-07-11 08:46:13,786 P2943169 INFO ----------------------------------------------------------------------------------------------------
2026-07-11 08:46:13,786 P2943169 INFO 39/50 starting... lr: 0.001 para:0.02500000037252903
2026-07-11 08:46:33,333 P2943169 INFO Epoch 39/50, all_loss:0.43887 cls_loss:0.41675 rec_loss:1.30150 [19.55s]; best loss:0.35950, patience : 1
2026-07-11 08:46:43,229 P2943169 INFO pr:0.9261  rc:0.9861  auc:0.9997 ap:0.9952 f1: 0.9552 pred_right: 1059478 pred_wrong:36722 actu_right: 1061711 actu_wrong: 34489
2026-07-11 08:46:47,514 P2943169 INFO pr:0.9237  rc:0.9825  auc:0.9996 ap:0.9940 f1: 0.9522 pred_right: 454049 pred_wrong:15751 actu_right: 454992 actu_wrong: 14808
2026-07-11 08:46:47,515 P2943169 INFO ----------------------------------------------------------------------------------------------------
2026-07-11 08:46:47,515 P2943169 INFO 40/50 starting... lr: 0.001 para:0.024390242993831635
2026-07-11 08:47:07,141 P2943169 INFO Epoch 40/50, all_loss:0.33997 cls_loss:0.31567 rec_loss:1.31201 [19.62s]; best loss:0.33997, patience : 0
2026-07-11 08:47:18,823 P2943169 INFO pr:0.9584  rc:0.9511  auc:0.9996 ap:0.9958 f1: 0.9548 pred_right: 1061973 pred_wrong:34227 actu_right: 1061710 actu_wrong: 34490
2026-07-11 08:47:22,335 P2943169 INFO pr:0.9525  rc:0.9419  auc:0.9996 ap:0.9942 f1: 0.9472 pred_right: 455157 pred_wrong:14643 actu_right: 454992 actu_wrong: 14808
2026-07-11 08:47:22,336 P2943169 INFO ----------------------------------------------------------------------------------------------------
2026-07-11 08:47:22,336 P2943169 INFO 41/50 starting... lr: 0.001 para:0.02380952425301075
2026-07-11 08:47:48,662 P2943169 INFO Epoch 41/50, all_loss:0.34750 cls_loss:0.32412 rec_loss:1.30573 [26.33s]; best loss:0.33997, patience : 1
2026-07-11 08:47:59,276 P2943169 INFO pr:0.9504  rc:0.9573  auc:0.9995 ap:0.9951 f1: 0.9538 pred_right: 1061460 pred_wrong:34740 actu_right: 1061709 actu_wrong: 34491
2026-07-11 08:48:03,684 P2943169 INFO pr:0.9462  rc:0.9483  auc:0.9995 ap:0.9936 f1: 0.9473 pred_right: 454959 pred_wrong:14841 actu_right: 454992 actu_wrong: 14808
2026-07-11 08:48:03,685 P2943169 INFO ----------------------------------------------------------------------------------------------------
2026-07-11 08:48:03,685 P2943169 INFO 42/50 starting... lr: 0.001 para:0.023255813866853714
2026-07-11 08:48:23,471 P2943169 INFO Epoch 42/50, all_loss:0.37947 cls_loss:0.35701 rec_loss:1.32291 [19.79s]; best loss:0.33997, patience : 2
2026-07-11 08:48:33,712 P2943169 INFO pr:0.9231  rc:0.9830  auc:0.9994 ap:0.9947 f1: 0.9521 pred_right: 1059471 pred_wrong:36729 actu_right: 1061709 actu_wrong: 34491
2026-07-11 08:48:38,072 P2943169 INFO pr:0.9197  rc:0.9793  auc:0.9994 ap:0.9931 f1: 0.9486 pred_right: 454031 pred_wrong:15769 actu_right: 454992 actu_wrong: 14808
2026-07-11 08:48:38,073 P2943169 INFO ----------------------------------------------------------------------------------------------------
2026-07-11 08:48:38,073 P2943169 INFO 43/50 starting... lr: 0.001 para:0.022727273404598236
2026-07-11 08:48:57,770 P2943169 INFO Epoch 43/50, all_loss:0.34912 cls_loss:0.32652 rec_loss:1.32092 [19.70s]; best loss:0.33997, patience : 2
2026-07-11 08:49:13,518 P2943169 INFO pr:0.9329  rc:0.9865  auc:0.9996 ap:0.9946 f1: 0.9589 pred_right: 1059729 pred_wrong:36471 actu_right: 1061712 actu_wrong: 34488
2026-07-11 08:49:20,124 P2943169 INFO pr:0.9295  rc:0.9814  auc:0.9996 ap:0.9935 f1: 0.9547 pred_right: 454164 pred_wrong:15636 actu_right: 454992 actu_wrong: 14808
2026-07-11 08:49:20,129 P2943169 INFO ----------------------------------------------------------------------------------------------------
2026-07-11 08:49:20,129 P2943169 INFO 44/50 starting... lr: 0.001 para:0.02222222276031971
2026-07-11 08:49:39,738 P2943169 INFO Epoch 44/50, all_loss:0.34579 cls_loss:0.32363 rec_loss:1.32083 [19.61s]; best loss:0.33997, patience : 2
2026-07-11 08:49:49,932 P2943169 INFO pr:0.9612  rc:0.9560  auc:0.9993 ap:0.9963 f1: 0.9586 pred_right: 1061901 pred_wrong:34299 actu_right: 1061712 actu_wrong: 34488
2026-07-11 08:49:54,572 P2943169 INFO pr:0.9577  rc:0.9465  auc:0.9992 ap:0.9948 f1: 0.9521 pred_right: 455165 pred_wrong:14635 actu_right: 454992 actu_wrong: 14808
2026-07-11 08:49:54,573 P2943169 INFO ----------------------------------------------------------------------------------------------------
2026-07-11 08:49:54,573 P2943169 INFO 45/50 starting... lr: 0.001 para:0.021739130839705467
2026-07-11 08:50:14,496 P2943169 INFO Epoch 45/50, all_loss:0.32457 cls_loss:0.30213 rec_loss:1.33415 [19.92s]; best loss:0.32457, patience : 0
2026-07-11 08:50:26,273 P2943169 INFO pr:0.9559  rc:0.9638  auc:0.9997 ap:0.9960 f1: 0.9598 pred_right: 1061429 pred_wrong:34771 actu_right: 1061712 actu_wrong: 34488
2026-07-11 08:50:29,761 P2943169 INFO pr:0.9500  rc:0.9555  auc:0.9996 ap:0.9944 f1: 0.9527 pred_right: 454906 pred_wrong:14894 actu_right: 454992 actu_wrong: 14808
2026-07-11 08:50:29,765 P2943169 INFO ----------------------------------------------------------------------------------------------------
2026-07-11 08:50:29,765 P2943169 INFO 46/50 starting... lr: 0.001 para:0.021276595070958138
2026-07-11 08:50:56,286 P2943169 INFO Epoch 46/50, all_loss:0.33636 cls_loss:0.31396 rec_loss:1.36681 [26.52s]; best loss:0.32457, patience : 1
2026-07-11 08:51:06,730 P2943169 INFO pr:0.9619  rc:0.9567  auc:0.9995 ap:0.9964 f1: 0.9593 pred_right: 1061900 pred_wrong:34300 actu_right: 1061716 actu_wrong: 34484
2026-07-11 08:51:11,032 P2943169 INFO pr:0.9543  rc:0.9473  auc:0.9995 ap:0.9948 f1: 0.9508 pred_right: 455101 pred_wrong:14699 actu_right: 454992 actu_wrong: 14808
2026-07-11 08:51:11,033 P2943169 INFO ----------------------------------------------------------------------------------------------------
2026-07-11 08:51:11,034 P2943169 INFO 47/50 starting... lr: 0.001 para:0.02083333395421505
2026-07-11 08:51:30,764 P2943169 INFO Epoch 47/50, all_loss:0.30916 cls_loss:0.28662 rec_loss:1.36840 [19.73s]; best loss:0.30916, patience : 0
2026-07-11 08:51:41,325 P2943169 INFO pr:0.9362  rc:0.9866  auc:0.9997 ap:0.9963 f1: 0.9607 pred_right: 1059851 pred_wrong:36349 actu_right: 1061708 actu_wrong: 34492
2026-07-11 08:51:45,611 P2943169 INFO pr:0.9326  rc:0.9810  auc:0.9996 ap:0.9947 f1: 0.9562 pred_right: 454223 pred_wrong:15577 actu_right: 454992 actu_wrong: 14808
2026-07-11 08:51:45,615 P2943169 INFO ----------------------------------------------------------------------------------------------------
2026-07-11 08:51:45,615 P2943169 INFO 48/50 starting... lr: 0.001 para:0.020408162847161293
2026-07-11 08:52:04,809 P2943169 INFO Epoch 48/50, all_loss:0.31055 cls_loss:0.28876 rec_loss:1.35663 [19.19s]; best loss:0.30916, patience : 1
2026-07-11 08:52:21,342 P2943169 INFO pr:0.9486  rc:0.9695  auc:0.9996 ap:0.9958 f1: 0.9589 pred_right: 1060956 pred_wrong:35244 actu_right: 1061713 actu_wrong: 34487
2026-07-11 08:52:26,825 P2943169 INFO pr:0.9450  rc:0.9600  auc:0.9995 ap:0.9942 f1: 0.9524 pred_right: 454756 pred_wrong:15044 actu_right: 454992 actu_wrong: 14808
2026-07-11 08:52:26,826 P2943169 INFO ----------------------------------------------------------------------------------------------------
2026-07-11 08:52:26,826 P2943169 INFO 49/50 starting... lr: 0.001 para:0.019999999552965164
2026-07-11 08:52:46,722 P2943169 INFO Epoch 49/50, all_loss:0.32040 cls_loss:0.29905 rec_loss:1.36633 [19.89s]; best loss:0.30916, patience : 2
2026-07-11 08:52:56,791 P2943169 INFO pr:0.9510  rc:0.9642  auc:0.9996 ap:0.9958 f1: 0.9576 pred_right: 1061236 pred_wrong:34964 actu_right: 1061714 actu_wrong: 34486
2026-07-11 08:53:00,995 P2943169 INFO pr:0.9461  rc:0.9579  auc:0.9996 ap:0.9944 f1: 0.9519 pred_right: 454808 pred_wrong:14992 actu_right: 454992 actu_wrong: 14808
2026-07-11 08:53:00,996 P2943169 INFO saving model...
2026-07-11 08:53:00,996 P2943169 INFO FITS_Legendre - loss  best score:0.30916082859039307 at epoch 47
2026-07-11 08:53:01,002 P2943169 INFO FITS_Legendre - f1  best score:0.9607148402761113 at epoch 47
2026-07-11 08:53:01,008 P2943169 INFO Average training time per epoch: 21.06 seconds
2026-07-11 08:53:01,009 P2943169 INFO calculate scores...
2026-07-11 08:53:01,009 P2943169 INFO calculate label with loss...
2026-07-11 08:53:01,010 P2943169 INFO FITS_Legendre on ./result/server_only_exps/Ablations_updatedFreDF/FITS_Legendre-TT-Epochs50-Seed1-ExpNameRQ2_ablations_components-LPFLPF-Attnlinear_attn-NormLinFalse-RecLambda1.0-AuxiLambda0.2 loading...
2026-07-11 08:53:05,480 P2943169 INFO pr:0.9326  rc:0.9810  auc:0.9996 ap:0.9947 f1: 0.9562 pred_right: 454223 pred_wrong:15577 actu_right: 454992 actu_wrong: 14808
2026-07-11 08:53:19,459 P2943169 INFO pr:0.9326  rc:0.9810  auc:0.9996 ap:0.9947 f1: 0.9562 pred_right: 454223 pred_wrong:15577 actu_right: 454992 actu_wrong: 14808
2026-07-11 08:53:19,466 P2943169 INFO Performance Summary:
{'GPU': {'inference_time_per_sample_ms': 0.22499438000053817, 'throughput_samples_per_sec': 4444.555459552404, 'peak_memory_mb': 139.2958984375, 'energy_per_sample_joules': 0.012418789798509704}, 'CPU': {'inference_time_per_sample_ms': 0.7690804834070216, 'throughput_samples_per_sec': 1300.2540326728958, 'peak_memory_mb': 5728.8203125, 'energy_per_sample_joules': 0.04999023142145641}}
2026-07-11 08:53:19,466 P2943169 INFO Starting clean-room hardware benchmarking...
2026-07-11 08:53:20,300 P2943169 INFO Performance with loss: pr:0.9326  rc:0.9810  auc:0.9996 ap:0.9947 f1: 0.9562 pred_right: 454223 pred_wrong:15577 actu_right: 454992 actu_wrong: 14808
2026-07-11 08:53:20,300 P2943169 INFO calculate label with f1...
2026-07-11 08:53:20,300 P2943169 INFO FITS_Legendre on ./result/server_only_exps/Ablations_updatedFreDF/FITS_Legendre-TT-Epochs50-Seed1-ExpNameRQ2_ablations_components-LPFLPF-Attnlinear_attn-NormLinFalse-RecLambda1.0-AuxiLambda0.2 loading...
2026-07-11 08:53:24,617 P2943169 INFO pr:0.9326  rc:0.9810  auc:0.9996 ap:0.9947 f1: 0.9562 pred_right: 454223 pred_wrong:15577 actu_right: 454992 actu_wrong: 14808
2026-07-11 08:53:40,857 P2943169 INFO pr:0.9326  rc:0.9810  auc:0.9996 ap:0.9947 f1: 0.9562 pred_right: 454223 pred_wrong:15577 actu_right: 454992 actu_wrong: 14808
2026-07-11 08:53:40,858 P2943169 INFO Performance Summary:
{'GPU': {'inference_time_per_sample_ms': 0.2171767925696039, 'throughput_samples_per_sec': 4604.543552596698, 'peak_memory_mb': 138.7900390625, 'energy_per_sample_joules': 0.012658583708504503}, 'CPU': {'inference_time_per_sample_ms': 0.9038324197315869, 'throughput_samples_per_sec': 1106.3997906790864, 'peak_memory_mb': 5684.55078125, 'energy_per_sample_joules': 0.05874910728255315}}
2026-07-11 08:53:40,858 P2943169 INFO Starting clean-room hardware benchmarking...
2026-07-11 08:53:41,551 P2943169 INFO Performance with f1: pr:0.9326  rc:0.9810  auc:0.9996 ap:0.9947 f1: 0.9562 pred_right: 454223 pred_wrong:15577 actu_right: 454992 actu_wrong: 14808
