2026-09-12 23:17:03,281 P1101054 INFO ---- Model: ----MSTGAD-538537ec----random_seed : 3----req_loss_approach : Normal-Recreation----rec_lambda : 1.0----auxi_lambda : 0.2----Freq Domain : DeepHunt----Multi Fits : false----train : True----evaluate : False
2026-09-12 23:17:03,281 P1101054 INFO Load from /home/db2003/Desktop/Amr/Tests/Eadro/codes/chunks/TT
2026-09-12 23:17:18,387 P1101054 INFO Fewshot: training with 1.0 of the 70% of the data
2026-09-12 23:17:18,534 P1101054 INFO Trainable Parameters Breakdown:
2026-09-12 23:17:18,534 P1101054 INFO --------------------------------------------------------------------------------
2026-09-12 23:17:18,534 P1101054 INFO Reconstruction-Specific Parameters:
2026-09-12 23:17:18,534 P1101054 INFO deep_hunt.metric_proj.weight             | shape: (8, 7)                    | params: 56
2026-09-12 23:17:18,534 P1101054 INFO deep_hunt.metric_proj.bias               | shape: (8,)                      | params: 8
2026-09-12 23:17:18,534 P1101054 INFO deep_hunt.log_proj.weight                | shape: (32, 60)                  | params: 1,920
2026-09-12 23:17:18,534 P1101054 INFO deep_hunt.log_proj.bias                  | shape: (32,)                     | params: 32
2026-09-12 23:17:18,534 P1101054 INFO deep_hunt.trace_proj.weight              | shape: (8, 2)                    | params: 16
2026-09-12 23:17:18,534 P1101054 INFO deep_hunt.trace_proj.bias                | shape: (8,)                      | params: 8
2026-09-12 23:17:18,534 P1101054 INFO deep_hunt.model.encoder.input_conv.lin_rel.weight | shape: (64, 48)                  | params: 3,072
2026-09-12 23:17:18,534 P1101054 INFO deep_hunt.model.encoder.input_conv.lin_rel.bias | shape: (64,)                     | params: 64
2026-09-12 23:17:18,535 P1101054 INFO deep_hunt.model.encoder.input_conv.lin_root.weight | shape: (64, 48)                  | params: 3,072
2026-09-12 23:17:18,535 P1101054 INFO deep_hunt.model.encoder.convs.0.lin_rel.weight | shape: (32, 64)                  | params: 2,048
2026-09-12 23:17:18,535 P1101054 INFO deep_hunt.model.encoder.convs.0.lin_rel.bias | shape: (32,)                     | params: 32
2026-09-12 23:17:18,535 P1101054 INFO deep_hunt.model.encoder.convs.0.lin_root.weight | shape: (32, 64)                  | params: 2,048
2026-09-12 23:17:18,535 P1101054 INFO deep_hunt.model.decoder.input_conv.lin_rel.weight | shape: (64, 32)                  | params: 2,048
2026-09-12 23:17:18,535 P1101054 INFO deep_hunt.model.decoder.input_conv.lin_rel.bias | shape: (64,)                     | params: 64
2026-09-12 23:17:18,535 P1101054 INFO deep_hunt.model.decoder.input_conv.lin_root.weight | shape: (64, 32)                  | params: 2,048
2026-09-12 23:17:18,535 P1101054 INFO deep_hunt.model.decoder.convs.0.lin_rel.weight | shape: (48, 64)                  | params: 3,072
2026-09-12 23:17:18,535 P1101054 INFO deep_hunt.model.decoder.convs.0.lin_rel.bias | shape: (48,)                     | params: 48
2026-09-12 23:17:18,535 P1101054 INFO deep_hunt.model.decoder.convs.0.lin_root.weight | shape: (48, 64)                  | params: 3,072
2026-09-12 23:17:18,535 P1101054 INFO deep_hunt.out.weight                     | shape: (69, 48)                  | params: 3,312
2026-09-12 23:17:18,535 P1101054 INFO deep_hunt.out.bias                       | shape: (69,)                     | params: 69
2026-09-12 23:17:18,535 P1101054 INFO Subtotal: 26,109
2026-09-12 23:17:18,535 P1101054 INFO --------------------------------------------------------------------------------
2026-09-12 23:17:18,535 P1101054 INFO Common Parameters:
2026-09-12 23:17:18,535 P1101054 INFO show.0.weight                            | shape: (128, 69)                 | params: 8,832
2026-09-12 23:17:18,535 P1101054 INFO show.0.bias                              | shape: (128,)                    | params: 128
2026-09-12 23:17:18,535 P1101054 INFO show.2.weight                            | shape: (2, 128)                  | params: 256
2026-09-12 23:17:18,535 P1101054 INFO show.2.bias                              | shape: (2,)                      | params: 2
2026-09-12 23:17:18,535 P1101054 INFO Subtotal: 9,218
2026-09-12 23:17:18,536 P1101054 INFO --------------------------------------------------------------------------------
2026-09-12 23:17:18,536 P1101054 INFO Total Trainable Parameters: 35,327

2026-09-12 23:17:18,536 P1101054 INFO Trainable Parameters: 35327, reconstruction: 26109, common: 9218
2026-09-12 23:17:18,536 P1101054 INFO model : init weight
2026-09-12 23:17:18,536 P1101054 INFO Using GPU...
2026-09-12 23:17:18,539 P1101054 INFO optimizer : using AdaBelief
2026-09-12 23:17:18,540 P1101054 INFO ----------------------------------------------------------------------------------------------------
2026-09-12 23:17:18,540 P1101054 INFO 0/50 starting... lr: 0.001 para:1.0
2026-09-12 23:17:50,871 P1101054 INFO Epoch 0/50, all_loss:0.17471 cls_loss:30.53244 rec_loss:0.17471 [32.33s]; best loss:0.17471, patience : 0
2026-09-12 23:17:50,871 P1101054 INFO ----------------------------------------------------------------------------------------------------
2026-09-12 23:17:50,871 P1101054 INFO 1/50 starting... lr: 0.001 para:0.5
2026-09-12 23:18:16,607 P1101054 INFO Epoch 1/50, all_loss:3.73319 cls_loss:7.40634 rec_loss:0.06004 [25.73s]; best loss:3.73319, patience : 0
2026-09-12 23:18:16,607 P1101054 INFO ----------------------------------------------------------------------------------------------------
2026-09-12 23:18:16,607 P1101054 INFO 2/50 starting... lr: 0.001 para:0.3333333432674408
2026-09-12 23:18:40,652 P1101054 INFO Epoch 2/50, all_loss:3.39707 cls_loss:5.07372 rec_loss:0.04378 [24.04s]; best loss:3.39707, patience : 0
2026-09-12 23:18:58,961 P1101054 INFO pr:0.9838  rc:0.3187  auc:0.8549 ap:0.7146 f1: 0.4815 pred_right: 1085027 pred_wrong:11173 actu_right: 1061712 actu_wrong: 34488
2026-09-12 23:19:06,731 P1101054 INFO pr:0.9823  rc:0.3146  auc:0.8547 ap:0.7131 f1: 0.4766 pred_right: 465057 pred_wrong:4743 actu_right: 454992 actu_wrong: 14808
2026-09-12 23:19:06,735 P1101054 INFO ----------------------------------------------------------------------------------------------------
2026-09-12 23:19:06,735 P1101054 INFO 3/50 starting... lr: 0.001 para:0.25
2026-09-12 23:19:37,050 P1101054 INFO Epoch 3/50, all_loss:3.39661 cls_loss:4.51241 rec_loss:0.04921 [30.30s]; best loss:3.39661, patience : 0
2026-09-12 23:20:00,638 P1101054 INFO pr:0.9937  rc:0.3174  auc:0.9609 ap:0.8071 f1: 0.4812 pred_right: 1085182 pred_wrong:11018 actu_right: 1061707 actu_wrong: 34493
2026-09-12 23:20:07,999 P1101054 INFO pr:0.9927  rc:0.3135  auc:0.9592 ap:0.8050 f1: 0.4765 pred_right: 465124 pred_wrong:4676 actu_right: 454992 actu_wrong: 14808
2026-09-12 23:20:08,000 P1101054 INFO ----------------------------------------------------------------------------------------------------
2026-09-12 23:20:08,000 P1101054 INFO 4/50 starting... lr: 0.001 para:0.20000000298023224
2026-09-12 23:20:33,319 P1101054 INFO Epoch 4/50, all_loss:2.82024 cls_loss:3.50683 rec_loss:0.07386 [25.32s]; best loss:2.82024, patience : 0
2026-09-12 23:20:51,586 P1101054 INFO pr:0.9968  rc:0.3171  auc:0.9770 ap:0.8490 f1: 0.4812 pred_right: 1085226 pred_wrong:10974 actu_right: 1061705 actu_wrong: 34495
2026-09-12 23:20:58,919 P1101054 INFO pr:0.9963  rc:0.3125  auc:0.9767 ap:0.8479 f1: 0.4757 pred_right: 465156 pred_wrong:4644 actu_right: 454992 actu_wrong: 14808
2026-09-12 23:20:58,920 P1101054 INFO ----------------------------------------------------------------------------------------------------
2026-09-12 23:20:58,920 P1101054 INFO 5/50 starting... lr: 0.001 para:0.1666666716337204
2026-09-12 23:21:29,769 P1101054 INFO Epoch 5/50, all_loss:2.57349 cls_loss:3.07273 rec_loss:0.07729 [30.84s]; best loss:2.57349, patience : 0
2026-09-12 23:21:51,532 P1101054 INFO pr:0.9752  rc:0.3445  auc:0.9822 ap:0.8652 f1: 0.5092 pred_right: 1084016 pred_wrong:12184 actu_right: 1061711 actu_wrong: 34489
2026-09-12 23:21:58,838 P1101054 INFO pr:0.9802  rc:0.3407  auc:0.9819 ap:0.8652 f1: 0.5056 pred_right: 464653 pred_wrong:5147 actu_right: 454992 actu_wrong: 14808
2026-09-12 23:21:58,842 P1101054 INFO ----------------------------------------------------------------------------------------------------
2026-09-12 23:21:58,842 P1101054 INFO 6/50 starting... lr: 0.001 para:0.1428571492433548
2026-09-12 23:22:23,170 P1101054 INFO Epoch 6/50, all_loss:2.44208 cls_loss:2.83641 rec_loss:0.07609 [24.32s]; best loss:2.44208, patience : 0
2026-09-12 23:22:40,983 P1101054 INFO pr:0.8939  rc:0.4445  auc:0.9861 ap:0.8900 f1: 0.5937 pred_right: 1079051 pred_wrong:17149 actu_right: 1061711 actu_wrong: 34489
2026-09-12 23:22:48,616 P1101054 INFO pr:0.9019  rc:0.4410  auc:0.9859 ap:0.8902 f1: 0.5924 pred_right: 462559 pred_wrong:7241 actu_right: 454992 actu_wrong: 14808
2026-09-12 23:22:48,621 P1101054 INFO ----------------------------------------------------------------------------------------------------
2026-09-12 23:22:48,621 P1101054 INFO 7/50 starting... lr: 0.001 para:0.125
2026-09-12 23:23:11,813 P1101054 INFO Epoch 7/50, all_loss:2.28668 cls_loss:2.60276 rec_loss:0.07408 [23.19s]; best loss:2.28668, patience : 0
2026-09-12 23:23:41,453 P1101054 INFO pr:0.8970  rc:0.4180  auc:0.9881 ap:0.8954 f1: 0.5702 pred_right: 1080129 pred_wrong:16071 actu_right: 1061710 actu_wrong: 34490
2026-09-12 23:23:48,821 P1101054 INFO pr:0.9039  rc:0.4147  auc:0.9879 ap:0.8959 f1: 0.5686 pred_right: 463006 pred_wrong:6794 actu_right: 454992 actu_wrong: 14808
2026-09-12 23:23:48,822 P1101054 INFO ----------------------------------------------------------------------------------------------------
2026-09-12 23:23:48,829 P1101054 INFO 8/50 starting... lr: 0.001 para:0.1111111119389534
2026-09-12 23:24:13,473 P1101054 INFO Epoch 8/50, all_loss:2.24807 cls_loss:2.52001 rec_loss:0.07259 [24.64s]; best loss:2.24807, patience : 0
2026-09-12 23:24:31,480 P1101054 INFO pr:0.8668  rc:0.5034  auc:0.9895 ap:0.9049 f1: 0.6369 pred_right: 1076170 pred_wrong:20030 actu_right: 1061713 actu_wrong: 34487
2026-09-12 23:24:39,027 P1101054 INFO pr:0.8762  rc:0.4985  auc:0.9892 ap:0.9049 f1: 0.6355 pred_right: 461375 pred_wrong:8425 actu_right: 454992 actu_wrong: 14808
2026-09-12 23:24:39,030 P1101054 INFO ----------------------------------------------------------------------------------------------------
2026-09-12 23:24:39,030 P1101054 INFO 9/50 starting... lr: 0.001 para:0.10000000149011612
2026-09-12 23:25:03,590 P1101054 INFO Epoch 9/50, all_loss:2.19224 cls_loss:2.42781 rec_loss:0.07209 [24.56s]; best loss:2.19224, patience : 0
2026-09-12 23:25:33,909 P1101054 INFO pr:0.7919  rc:0.5781  auc:0.9900 ap:0.9017 f1: 0.6683 pred_right: 1071024 pred_wrong:25176 actu_right: 1061712 actu_wrong: 34488
2026-09-12 23:25:41,434 P1101054 INFO pr:0.8001  rc:0.5744  auc:0.9897 ap:0.9019 f1: 0.6687 pred_right: 459169 pred_wrong:10631 actu_right: 454992 actu_wrong: 14808
2026-09-12 23:25:41,438 P1101054 INFO ----------------------------------------------------------------------------------------------------
2026-09-12 23:25:41,438 P1101054 INFO 10/50 starting... lr: 0.001 para:0.09090909361839294
2026-09-12 23:26:05,212 P1101054 INFO Epoch 10/50, all_loss:2.14551 cls_loss:2.35286 rec_loss:0.07201 [23.77s]; best loss:2.14551, patience : 0
2026-09-12 23:26:22,868 P1101054 INFO pr:0.9091  rc:0.5090  auc:0.9913 ap:0.9142 f1: 0.6526 pred_right: 1076890 pred_wrong:19310 actu_right: 1061710 actu_wrong: 34490
2026-09-12 23:26:30,274 P1101054 INFO pr:0.9169  rc:0.5034  auc:0.9910 ap:0.9139 f1: 0.6500 pred_right: 461669 pred_wrong:8131 actu_right: 454992 actu_wrong: 14808
2026-09-12 23:26:30,275 P1101054 INFO ----------------------------------------------------------------------------------------------------
2026-09-12 23:26:30,275 P1101054 INFO 11/50 starting... lr: 0.001 para:0.0833333358168602
2026-09-12 23:26:55,670 P1101054 INFO Epoch 11/50, all_loss:2.08813 cls_loss:2.27146 rec_loss:0.07155 [25.39s]; best loss:2.08813, patience : 0
2026-09-12 23:27:25,436 P1101054 INFO pr:0.8543  rc:0.5803  auc:0.9917 ap:0.9158 f1: 0.6912 pred_right: 1072772 pred_wrong:23428 actu_right: 1061712 actu_wrong: 34488
2026-09-12 23:27:32,935 P1101054 INFO pr:0.8623  rc:0.5778  auc:0.9914 ap:0.9154 f1: 0.6920 pred_right: 459878 pred_wrong:9922 actu_right: 454992 actu_wrong: 14808
2026-09-12 23:27:32,939 P1101054 INFO ----------------------------------------------------------------------------------------------------
2026-09-12 23:27:32,939 P1101054 INFO 12/50 starting... lr: 0.001 para:0.07692307978868484
2026-09-12 23:27:57,384 P1101054 INFO Epoch 12/50, all_loss:2.05484 cls_loss:2.22040 rec_loss:0.06808 [24.44s]; best loss:2.05484, patience : 0
2026-09-12 23:28:15,517 P1101054 INFO pr:0.8574  rc:0.5746  auc:0.9919 ap:0.9161 f1: 0.6881 pred_right: 1073085 pred_wrong:23115 actu_right: 1061711 actu_wrong: 34489
2026-09-12 23:28:22,987 P1101054 INFO pr:0.8640  rc:0.5698  auc:0.9915 ap:0.9154 f1: 0.6867 pred_right: 460034 pred_wrong:9766 actu_right: 454992 actu_wrong: 14808
2026-09-12 23:28:22,988 P1101054 INFO ----------------------------------------------------------------------------------------------------
2026-09-12 23:28:22,989 P1101054 INFO 13/50 starting... lr: 0.001 para:0.0714285746216774
2026-09-12 23:28:47,580 P1101054 INFO Epoch 13/50, all_loss:2.06464 cls_loss:2.21841 rec_loss:0.06558 [24.59s]; best loss:2.05484, patience : 1
2026-09-12 23:29:17,086 P1101054 INFO pr:0.7702  rc:0.7096  auc:0.9921 ap:0.9187 f1: 0.7386 pred_right: 1064421 pred_wrong:31779 actu_right: 1061709 actu_wrong: 34491
2026-09-12 23:29:24,601 P1101054 INFO pr:0.7711  rc:0.7086  auc:0.9918 ap:0.9181 f1: 0.7385 pred_right: 456192 pred_wrong:13608 actu_right: 454992 actu_wrong: 14808
2026-09-12 23:29:24,605 P1101054 INFO ----------------------------------------------------------------------------------------------------
2026-09-12 23:29:24,605 P1101054 INFO 14/50 starting... lr: 0.001 para:0.06666667014360428
2026-09-12 23:29:49,661 P1101054 INFO Epoch 14/50, all_loss:2.01736 cls_loss:2.15679 rec_loss:0.06530 [25.05s]; best loss:2.01736, patience : 0
2026-09-12 23:30:07,325 P1101054 INFO pr:0.8727  rc:0.5845  auc:0.9923 ap:0.9215 f1: 0.7001 pred_right: 1073103 pred_wrong:23097 actu_right: 1061713 actu_wrong: 34487
2026-09-12 23:30:15,213 P1101054 INFO pr:0.8782  rc:0.5812  auc:0.9920 ap:0.9205 f1: 0.6994 pred_right: 460000 pred_wrong:9800 actu_right: 454992 actu_wrong: 14808
2026-09-12 23:30:15,214 P1101054 INFO ----------------------------------------------------------------------------------------------------
2026-09-12 23:30:15,214 P1101054 INFO 15/50 starting... lr: 0.001 para:0.0625
2026-09-12 23:30:40,111 P1101054 INFO Epoch 15/50, all_loss:1.98168 cls_loss:2.10952 rec_loss:0.06399 [24.89s]; best loss:1.98168, patience : 0
2026-09-12 23:31:09,140 P1101054 INFO pr:0.9068  rc:0.5555  auc:0.9930 ap:0.9252 f1: 0.6890 pred_right: 1075076 pred_wrong:21124 actu_right: 1061715 actu_wrong: 34485
2026-09-12 23:31:16,696 P1101054 INFO pr:0.9106  rc:0.5538  auc:0.9928 ap:0.9248 f1: 0.6887 pred_right: 460795 pred_wrong:9005 actu_right: 454992 actu_wrong: 14808
2026-09-12 23:31:16,697 P1101054 INFO ----------------------------------------------------------------------------------------------------
2026-09-12 23:31:16,703 P1101054 INFO 16/50 starting... lr: 0.001 para:0.05882352963089943
2026-09-12 23:31:40,772 P1101054 INFO Epoch 16/50, all_loss:1.94996 cls_loss:2.06783 rec_loss:0.06415 [24.06s]; best loss:1.94996, patience : 0
2026-09-12 23:31:59,480 P1101054 INFO pr:0.8436  rc:0.6270  auc:0.9931 ap:0.9248 f1: 0.7193 pred_right: 1070568 pred_wrong:25632 actu_right: 1061713 actu_wrong: 34487
2026-09-12 23:32:07,043 P1101054 INFO pr:0.8447  rc:0.6251  auc:0.9928 ap:0.9241 f1: 0.7185 pred_right: 458842 pred_wrong:10958 actu_right: 454992 actu_wrong: 14808
2026-09-12 23:32:07,044 P1101054 INFO ----------------------------------------------------------------------------------------------------
2026-09-12 23:32:07,044 P1101054 INFO 17/50 starting... lr: 0.001 para:0.0555555559694767
2026-09-12 23:32:32,309 P1101054 INFO Epoch 17/50, all_loss:1.94092 cls_loss:2.05129 rec_loss:0.06457 [25.26s]; best loss:1.94092, patience : 0
2026-09-12 23:33:00,205 P1101054 INFO pr:0.8164  rc:0.7020  auc:0.9939 ap:0.9312 f1: 0.7549 pred_right: 1066539 pred_wrong:29661 actu_right: 1061706 actu_wrong: 34494
2026-09-12 23:33:08,072 P1101054 INFO pr:0.8188  rc:0.6991  auc:0.9937 ap:0.9305 f1: 0.7543 pred_right: 457156 pred_wrong:12644 actu_right: 454992 actu_wrong: 14808
2026-09-12 23:33:08,075 P1101054 INFO ----------------------------------------------------------------------------------------------------
2026-09-12 23:33:08,075 P1101054 INFO 18/50 starting... lr: 0.001 para:0.05263157933950424
2026-09-12 23:33:32,703 P1101054 INFO Epoch 18/50, all_loss:1.91290 cls_loss:2.01535 rec_loss:0.06880 [24.62s]; best loss:1.91290, patience : 0
2026-09-12 23:33:50,947 P1101054 INFO pr:0.8026  rc:0.7212  auc:0.9938 ap:0.9319 f1: 0.7597 pred_right: 1065209 pred_wrong:30991 actu_right: 1061712 actu_wrong: 34488
2026-09-12 23:33:58,516 P1101054 INFO pr:0.8003  rc:0.7135  auc:0.9935 ap:0.9307 f1: 0.7544 pred_right: 456597 pred_wrong:13203 actu_right: 454992 actu_wrong: 14808
2026-09-12 23:33:58,520 P1101054 INFO ----------------------------------------------------------------------------------------------------
2026-09-12 23:33:58,520 P1101054 INFO 19/50 starting... lr: 0.001 para:0.05000000074505806
2026-09-12 23:34:24,289 P1101054 INFO Epoch 19/50, all_loss:1.88166 cls_loss:1.97708 rec_loss:0.06882 [25.77s]; best loss:1.88166, patience : 0
2026-09-12 23:34:52,011 P1101054 INFO pr:0.8277  rc:0.6883  auc:0.9942 ap:0.9333 f1: 0.7516 pred_right: 1067519 pred_wrong:28681 actu_right: 1061711 actu_wrong: 34489
2026-09-12 23:34:59,841 P1101054 INFO pr:0.8297  rc:0.6832  auc:0.9940 ap:0.9320 f1: 0.7494 pred_right: 457606 pred_wrong:12194 actu_right: 454992 actu_wrong: 14808
2026-09-12 23:34:59,842 P1101054 INFO ----------------------------------------------------------------------------------------------------
2026-09-12 23:34:59,842 P1101054 INFO 20/50 starting... lr: 0.001 para:0.0476190485060215
2026-09-12 23:35:23,914 P1101054 INFO Epoch 20/50, all_loss:1.86099 cls_loss:1.95087 rec_loss:0.06337 [24.07s]; best loss:1.86099, patience : 0
2026-09-12 23:35:41,450 P1101054 INFO pr:0.8359  rc:0.6748  auc:0.9940 ap:0.9318 f1: 0.7468 pred_right: 1068358 pred_wrong:27842 actu_right: 1061712 actu_wrong: 34488
2026-09-12 23:35:49,062 P1101054 INFO pr:0.8381  rc:0.6721  auc:0.9938 ap:0.9313 f1: 0.7459 pred_right: 457925 pred_wrong:11875 actu_right: 454992 actu_wrong: 14808
2026-09-12 23:35:49,063 P1101054 INFO ----------------------------------------------------------------------------------------------------
2026-09-12 23:35:49,070 P1101054 INFO 21/50 starting... lr: 0.001 para:0.04545454680919647
2026-09-12 23:36:15,730 P1101054 INFO Epoch 21/50, all_loss:1.82565 cls_loss:1.90945 rec_loss:0.06592 [26.66s]; best loss:1.82565, patience : 0
2026-09-12 23:36:33,358 P1101054 INFO pr:0.8457  rc:0.6819  auc:0.9947 ap:0.9376 f1: 0.7550 pred_right: 1068392 pred_wrong:27808 actu_right: 1061712 actu_wrong: 34488
2026-09-12 23:36:50,031 P1101054 INFO pr:0.8468  rc:0.6782  auc:0.9945 ap:0.9365 f1: 0.7532 pred_right: 457940 pred_wrong:11860 actu_right: 454992 actu_wrong: 14808
2026-09-12 23:36:50,032 P1101054 INFO ----------------------------------------------------------------------------------------------------
2026-09-12 23:36:50,032 P1101054 INFO 22/50 starting... lr: 0.001 para:0.043478261679410934
2026-09-12 23:37:14,869 P1101054 INFO Epoch 22/50, all_loss:1.82116 cls_loss:1.90117 rec_loss:0.06093 [24.83s]; best loss:1.82116, patience : 0
2026-09-12 23:37:32,708 P1101054 INFO pr:0.8195  rc:0.7391  auc:0.9946 ap:0.9375 f1: 0.7772 pred_right: 1065093 pred_wrong:31107 actu_right: 1061712 actu_wrong: 34488
2026-09-12 23:37:40,185 P1101054 INFO pr:0.8197  rc:0.7330  auc:0.9944 ap:0.9362 f1: 0.7739 pred_right: 456558 pred_wrong:13242 actu_right: 454992 actu_wrong: 14808
2026-09-12 23:37:40,189 P1101054 INFO ----------------------------------------------------------------------------------------------------
2026-09-12 23:37:40,189 P1101054 INFO 23/50 starting... lr: 0.001 para:0.0416666679084301
2026-09-12 23:38:06,483 P1101054 INFO Epoch 23/50, all_loss:1.80237 cls_loss:1.87798 rec_loss:0.06329 [26.29s]; best loss:1.80237, patience : 0
2026-09-12 23:38:23,325 P1101054 INFO pr:0.8571  rc:0.7030  auc:0.9948 ap:0.9397 f1: 0.7724 pred_right: 1067909 pred_wrong:28291 actu_right: 1061711 actu_wrong: 34489
2026-09-12 23:38:41,362 P1101054 INFO pr:0.8569  rc:0.6982  auc:0.9946 ap:0.9384 f1: 0.7695 pred_right: 457735 pred_wrong:12065 actu_right: 454992 actu_wrong: 14808
2026-09-12 23:38:41,363 P1101054 INFO ----------------------------------------------------------------------------------------------------
2026-09-12 23:38:41,363 P1101054 INFO 24/50 starting... lr: 0.001 para:0.03999999910593033
2026-09-12 23:39:08,101 P1101054 INFO Epoch 24/50, all_loss:1.79892 cls_loss:1.87123 rec_loss:0.06340 [26.73s]; best loss:1.79892, patience : 0
2026-09-12 23:39:25,788 P1101054 INFO pr:0.8604  rc:0.7116  auc:0.9949 ap:0.9411 f1: 0.7789 pred_right: 1067676 pred_wrong:28524 actu_right: 1061710 actu_wrong: 34490
2026-09-12 23:39:33,430 P1101054 INFO pr:0.8589  rc:0.7030  auc:0.9947 ap:0.9398 f1: 0.7732 pred_right: 457680 pred_wrong:12120 actu_right: 454992 actu_wrong: 14808
2026-09-12 23:39:33,434 P1101054 INFO ----------------------------------------------------------------------------------------------------
2026-09-12 23:39:33,434 P1101054 INFO 25/50 starting... lr: 0.001 para:0.03846153989434242
2026-09-12 23:39:58,565 P1101054 INFO Epoch 25/50, all_loss:1.78196 cls_loss:1.85069 rec_loss:0.06347 [25.13s]; best loss:1.78196, patience : 0
2026-09-12 23:40:16,018 P1101054 INFO pr:0.8176  rc:0.7342  auc:0.9948 ap:0.9390 f1: 0.7737 pred_right: 1065228 pred_wrong:30972 actu_right: 1061711 actu_wrong: 34489
2026-09-12 23:40:25,311 P1101054 INFO pr:0.8165  rc:0.7274  auc:0.9945 ap:0.9378 f1: 0.7694 pred_right: 456609 pred_wrong:13191 actu_right: 454992 actu_wrong: 14808
2026-09-12 23:40:25,313 P1101054 INFO ----------------------------------------------------------------------------------------------------
2026-09-12 23:40:25,313 P1101054 INFO 26/50 starting... lr: 0.001 para:0.03703703731298447
2026-09-12 23:40:58,791 P1101054 INFO Epoch 26/50, all_loss:1.76742 cls_loss:1.83284 rec_loss:0.06647 [33.47s]; best loss:1.76742, patience : 0
2026-09-12 23:41:16,369 P1101054 INFO pr:0.8558  rc:0.6992  auc:0.9951 ap:0.9413 f1: 0.7696 pred_right: 1068023 pred_wrong:28177 actu_right: 1061711 actu_wrong: 34489
2026-09-12 23:41:23,934 P1101054 INFO pr:0.8565  rc:0.6951  auc:0.9950 ap:0.9403 f1: 0.7674 pred_right: 457783 pred_wrong:12017 actu_right: 454992 actu_wrong: 14808
2026-09-12 23:41:23,935 P1101054 INFO ----------------------------------------------------------------------------------------------------
2026-09-12 23:41:23,935 P1101054 INFO 27/50 starting... lr: 0.001 para:0.0357142873108387
2026-09-12 23:41:49,060 P1101054 INFO Epoch 27/50, all_loss:1.76996 cls_loss:1.83282 rec_loss:0.07279 [25.12s]; best loss:1.76742, patience : 1
2026-09-12 23:42:06,973 P1101054 INFO pr:0.8680  rc:0.6706  auc:0.9951 ap:0.9429 f1: 0.7567 pred_right: 1069554 pred_wrong:26646 actu_right: 1061710 actu_wrong: 34490
2026-09-12 23:42:13,288 P1101054 INFO pr:0.8683  rc:0.6640  auc:0.9949 ap:0.9415 f1: 0.7525 pred_right: 458477 pred_wrong:11323 actu_right: 454992 actu_wrong: 14808
2026-09-12 23:42:13,289 P1101054 INFO ----------------------------------------------------------------------------------------------------
2026-09-12 23:42:13,289 P1101054 INFO 28/50 starting... lr: 0.001 para:0.03448275849223137
2026-09-12 23:42:48,857 P1101054 INFO Epoch 28/50, all_loss:1.74244 cls_loss:1.80225 rec_loss:0.06762 [35.56s]; best loss:1.74244, patience : 0
2026-09-12 23:43:06,123 P1101054 INFO pr:0.8651  rc:0.6757  auc:0.9950 ap:0.9413 f1: 0.7587 pred_right: 1069263 pred_wrong:26937 actu_right: 1061711 actu_wrong: 34489
2026-09-12 23:43:13,486 P1101054 INFO pr:0.8655  rc:0.6746  auc:0.9947 ap:0.9398 f1: 0.7582 pred_right: 458257 pred_wrong:11543 actu_right: 454992 actu_wrong: 14808
2026-09-12 23:43:13,487 P1101054 INFO ----------------------------------------------------------------------------------------------------
2026-09-12 23:43:13,488 P1101054 INFO 29/50 starting... lr: 0.001 para:0.03333333507180214
2026-09-12 23:43:37,793 P1101054 INFO Epoch 29/50, all_loss:1.73653 cls_loss:1.79397 rec_loss:0.07082 [24.30s]; best loss:1.73653, patience : 0
2026-09-12 23:43:56,885 P1101054 INFO pr:0.8891  rc:0.6552  auc:0.9954 ap:0.9443 f1: 0.7544 pred_right: 1070782 pred_wrong:25418 actu_right: 1061710 actu_wrong: 34490
2026-09-12 23:44:02,451 P1101054 INFO pr:0.8874  rc:0.6490  auc:0.9952 ap:0.9433 f1: 0.7497 pred_right: 458971 pred_wrong:10829 actu_right: 454992 actu_wrong: 14808
2026-09-12 23:44:02,452 P1101054 INFO ----------------------------------------------------------------------------------------------------
2026-09-12 23:44:02,452 P1101054 INFO 30/50 starting... lr: 0.001 para:0.032258063554763794
2026-09-12 23:44:38,753 P1101054 INFO Epoch 30/50, all_loss:1.73780 cls_loss:1.79353 rec_loss:0.06600 [36.30s]; best loss:1.73653, patience : 1
2026-09-12 23:44:56,381 P1101054 INFO pr:0.8330  rc:0.7489  auc:0.9951 ap:0.9420 f1: 0.7887 pred_right: 1065194 pred_wrong:31006 actu_right: 1061714 actu_wrong: 34486
2026-09-12 23:45:03,832 P1101054 INFO pr:0.8345  rc:0.7443  auc:0.9949 ap:0.9406 f1: 0.7868 pred_right: 456594 pred_wrong:13206 actu_right: 454992 actu_wrong: 14808
2026-09-12 23:45:03,835 P1101054 INFO ----------------------------------------------------------------------------------------------------
2026-09-12 23:45:03,835 P1101054 INFO 31/50 starting... lr: 0.001 para:0.03125
2026-09-12 23:45:28,322 P1101054 INFO Epoch 31/50, all_loss:1.71361 cls_loss:1.76684 rec_loss:0.06359 [24.48s]; best loss:1.71361, patience : 0
2026-09-12 23:45:45,916 P1101054 INFO pr:0.8640  rc:0.7052  auc:0.9953 ap:0.9432 f1: 0.7766 pred_right: 1068050 pred_wrong:28150 actu_right: 1061710 actu_wrong: 34490
2026-09-12 23:45:54,034 P1101054 INFO pr:0.8634  rc:0.7003  auc:0.9950 ap:0.9414 f1: 0.7733 pred_right: 457789 pred_wrong:12011 actu_right: 454992 actu_wrong: 14808
2026-09-12 23:45:54,035 P1101054 INFO ----------------------------------------------------------------------------------------------------
2026-09-12 23:45:54,035 P1101054 INFO 32/50 starting... lr: 0.001 para:0.03030303120613098
2026-09-12 23:46:27,923 P1101054 INFO Epoch 32/50, all_loss:1.69854 cls_loss:1.74946 rec_loss:0.06898 [33.88s]; best loss:1.69854, patience : 0
2026-09-12 23:46:45,658 P1101054 INFO pr:0.8532  rc:0.7301  auc:0.9951 ap:0.9433 f1: 0.7869 pred_right: 1066688 pred_wrong:29512 actu_right: 1061710 actu_wrong: 34490
2026-09-12 23:46:52,786 P1101054 INFO pr:0.8550  rc:0.7261  auc:0.9947 ap:0.9422 f1: 0.7853 pred_right: 457225 pred_wrong:12575 actu_right: 454992 actu_wrong: 14808
2026-09-12 23:46:52,787 P1101054 INFO ----------------------------------------------------------------------------------------------------
2026-09-12 23:46:52,787 P1101054 INFO 33/50 starting... lr: 0.001 para:0.029411764815449715
2026-09-12 23:47:18,051 P1101054 INFO Epoch 33/50, all_loss:1.69517 cls_loss:1.74432 rec_loss:0.07300 [25.26s]; best loss:1.69517, patience : 0
2026-09-12 23:47:36,969 P1101054 INFO pr:0.8211  rc:0.7650  auc:0.9956 ap:0.9461 f1: 0.7921 pred_right: 1064068 pred_wrong:32132 actu_right: 1061711 actu_wrong: 34489
2026-09-12 23:47:46,395 P1101054 INFO pr:0.8203  rc:0.7601  auc:0.9954 ap:0.9450 f1: 0.7890 pred_right: 456080 pred_wrong:13720 actu_right: 454992 actu_wrong: 14808
2026-09-12 23:47:46,398 P1101054 INFO ----------------------------------------------------------------------------------------------------
2026-09-12 23:47:46,398 P1101054 INFO 34/50 starting... lr: 0.001 para:0.02857142873108387
2026-09-12 23:48:19,813 P1101054 INFO Epoch 34/50, all_loss:1.68041 cls_loss:1.72760 rec_loss:0.07600 [33.41s]; best loss:1.68041, patience : 0
2026-09-12 23:48:37,576 P1101054 INFO pr:0.8149  rc:0.7809  auc:0.9955 ap:0.9445 f1: 0.7975 pred_right: 1063148 pred_wrong:33052 actu_right: 1061707 actu_wrong: 34493
2026-09-12 23:48:44,914 P1101054 INFO pr:0.8152  rc:0.7728  auc:0.9953 ap:0.9436 f1: 0.7934 pred_right: 455761 pred_wrong:14039 actu_right: 454992 actu_wrong: 14808
2026-09-12 23:48:44,918 P1101054 INFO ----------------------------------------------------------------------------------------------------
2026-09-12 23:48:44,918 P1101054 INFO 35/50 starting... lr: 0.001 para:0.02777777798473835
2026-09-12 23:49:09,538 P1101054 INFO Epoch 35/50, all_loss:1.66996 cls_loss:1.71551 rec_loss:0.07581 [24.62s]; best loss:1.66996, patience : 0
2026-09-12 23:49:27,956 P1101054 INFO pr:0.8405  rc:0.7634  auc:0.9960 ap:0.9502 f1: 0.8001 pred_right: 1064872 pred_wrong:31328 actu_right: 1061711 actu_wrong: 34489
2026-09-12 23:49:35,653 P1101054 INFO pr:0.8412  rc:0.7587  auc:0.9959 ap:0.9490 f1: 0.7978 pred_right: 456444 pred_wrong:13356 actu_right: 454992 actu_wrong: 14808
2026-09-12 23:49:35,657 P1101054 INFO ----------------------------------------------------------------------------------------------------
2026-09-12 23:49:35,657 P1101054 INFO 36/50 starting... lr: 0.001 para:0.027027027681469917
2026-09-12 23:50:09,222 P1101054 INFO Epoch 36/50, all_loss:1.65303 cls_loss:1.69692 rec_loss:0.07278 [33.56s]; best loss:1.65303, patience : 0
2026-09-12 23:50:28,621 P1101054 INFO pr:0.8731  rc:0.7056  auc:0.9959 ap:0.9492 f1: 0.7805 pred_right: 1068329 pred_wrong:27871 actu_right: 1061712 actu_wrong: 34488
2026-09-12 23:50:36,022 P1101054 INFO pr:0.8719  rc:0.7000  auc:0.9957 ap:0.9481 f1: 0.7766 pred_right: 457911 pred_wrong:11889 actu_right: 454992 actu_wrong: 14808
2026-09-12 23:50:36,022 P1101054 INFO ----------------------------------------------------------------------------------------------------
2026-09-12 23:50:36,023 P1101054 INFO 37/50 starting... lr: 0.001 para:0.02631578966975212
2026-09-12 23:51:01,138 P1101054 INFO Epoch 37/50, all_loss:1.63923 cls_loss:1.68140 rec_loss:0.07892 [25.11s]; best loss:1.63923, patience : 0
2026-09-12 23:51:18,846 P1101054 INFO pr:0.8913  rc:0.6697  auc:0.9947 ap:0.9448 f1: 0.7648 pred_right: 1070286 pred_wrong:25914 actu_right: 1061710 actu_wrong: 34490
2026-09-12 23:51:26,515 P1101054 INFO pr:0.8898  rc:0.6588  auc:0.9942 ap:0.9428 f1: 0.7571 pred_right: 458836 pred_wrong:10964 actu_right: 454992 actu_wrong: 14808
2026-09-12 23:51:26,516 P1101054 INFO ----------------------------------------------------------------------------------------------------
2026-09-12 23:51:26,516 P1101054 INFO 38/50 starting... lr: 0.001 para:0.025641025975346565
2026-09-12 23:51:56,178 P1101054 INFO Epoch 38/50, all_loss:1.64201 cls_loss:1.68323 rec_loss:0.07553 [29.66s]; best loss:1.63923, patience : 1
2026-09-12 23:52:20,678 P1101054 INFO pr:0.8557  rc:0.7394  auc:0.9959 ap:0.9497 f1: 0.7933 pred_right: 1066401 pred_wrong:29799 actu_right: 1061712 actu_wrong: 34488
2026-09-12 23:52:28,355 P1101054 INFO pr:0.8566  rc:0.7347  auc:0.9957 ap:0.9487 f1: 0.7910 pred_right: 457100 pred_wrong:12700 actu_right: 454992 actu_wrong: 14808
2026-09-12 23:52:28,356 P1101054 INFO ----------------------------------------------------------------------------------------------------
2026-09-12 23:52:28,357 P1101054 INFO 39/50 starting... lr: 0.001 para:0.02500000037252903
2026-09-12 23:52:52,737 P1101054 INFO Epoch 39/50, all_loss:1.63670 cls_loss:1.67687 rec_loss:0.07007 [24.38s]; best loss:1.63670, patience : 0
2026-09-12 23:53:10,722 P1101054 INFO pr:0.8673  rc:0.7165  auc:0.9961 ap:0.9508 f1: 0.7847 pred_right: 1067709 pred_wrong:28491 actu_right: 1061713 actu_wrong: 34487
2026-09-12 23:53:18,506 P1101054 INFO pr:0.8697  rc:0.7116  auc:0.9960 ap:0.9501 f1: 0.7828 pred_right: 457685 pred_wrong:12115 actu_right: 454992 actu_wrong: 14808
2026-09-12 23:53:18,507 P1101054 INFO ----------------------------------------------------------------------------------------------------
2026-09-12 23:53:18,507 P1101054 INFO 40/50 starting... lr: 0.001 para:0.024390242993831635
2026-09-12 23:53:43,155 P1101054 INFO Epoch 40/50, all_loss:1.64855 cls_loss:1.68790 rec_loss:0.07471 [24.65s]; best loss:1.63670, patience : 1
2026-09-12 23:54:12,075 P1101054 INFO pr:0.8395  rc:0.7596  auc:0.9960 ap:0.9498 f1: 0.7975 pred_right: 1064994 pred_wrong:31206 actu_right: 1061710 actu_wrong: 34490
2026-09-12 23:54:19,586 P1101054 INFO pr:0.8411  rc:0.7531  auc:0.9957 ap:0.9489 f1: 0.7947 pred_right: 456541 pred_wrong:13259 actu_right: 454992 actu_wrong: 14808
2026-09-12 23:54:19,587 P1101054 INFO ----------------------------------------------------------------------------------------------------
2026-09-12 23:54:19,587 P1101054 INFO 41/50 starting... lr: 0.001 para:0.02380952425301075
2026-09-12 23:54:44,265 P1101054 INFO Epoch 41/50, all_loss:1.64118 cls_loss:1.67929 rec_loss:0.07873 [24.68s]; best loss:1.63670, patience : 1
2026-09-12 23:55:01,847 P1101054 INFO pr:0.8491  rc:0.7610  auc:0.9963 ap:0.9517 f1: 0.8027 pred_right: 1065289 pred_wrong:30911 actu_right: 1061712 actu_wrong: 34488
2026-09-12 23:55:09,384 P1101054 INFO pr:0.8503  rc:0.7557  auc:0.9961 ap:0.9510 f1: 0.8002 pred_right: 456639 pred_wrong:13161 actu_right: 454992 actu_wrong: 14808
2026-09-12 23:55:09,388 P1101054 INFO ----------------------------------------------------------------------------------------------------
2026-09-12 23:55:09,388 P1101054 INFO 42/50 starting... lr: 0.001 para:0.023255813866853714
2026-09-12 23:55:32,351 P1101054 INFO Epoch 42/50, all_loss:1.61688 cls_loss:1.65343 rec_loss:0.08205 [22.96s]; best loss:1.61688, patience : 0
2026-09-12 23:56:02,511 P1101054 INFO pr:0.8451  rc:0.7665  auc:0.9962 ap:0.9511 f1: 0.8039 pred_right: 1064915 pred_wrong:31285 actu_right: 1061709 actu_wrong: 34491
2026-09-12 23:56:09,721 P1101054 INFO pr:0.8464  rc:0.7594  auc:0.9960 ap:0.9501 f1: 0.8005 pred_right: 456514 pred_wrong:13286 actu_right: 454992 actu_wrong: 14808
2026-09-12 23:56:09,725 P1101054 INFO ----------------------------------------------------------------------------------------------------
2026-09-12 23:56:09,725 P1101054 INFO 43/50 starting... lr: 0.001 para:0.022727273404598236
2026-09-12 23:56:34,043 P1101054 INFO Epoch 43/50, all_loss:1.61855 cls_loss:1.65443 rec_loss:0.07581 [24.32s]; best loss:1.61688, patience : 1
2026-09-12 23:56:51,878 P1101054 INFO pr:0.8370  rc:0.7671  auc:0.9961 ap:0.9503 f1: 0.8005 pred_right: 1064593 pred_wrong:31607 actu_right: 1061710 actu_wrong: 34490
2026-09-12 23:56:59,376 P1101054 INFO pr:0.8369  rc:0.7620  auc:0.9960 ap:0.9492 f1: 0.7977 pred_right: 456317 pred_wrong:13483 actu_right: 454992 actu_wrong: 14808
2026-09-12 23:56:59,377 P1101054 INFO ----------------------------------------------------------------------------------------------------
2026-09-12 23:56:59,377 P1101054 INFO 44/50 starting... lr: 0.001 para:0.02222222276031971
2026-09-12 23:57:23,382 P1101054 INFO Epoch 44/50, all_loss:1.60737 cls_loss:1.64210 rec_loss:0.07888 [24.00s]; best loss:1.60737, patience : 0
2026-09-12 23:57:52,879 P1101054 INFO pr:0.8465  rc:0.7495  auc:0.9963 ap:0.9527 f1: 0.7950 pred_right: 1065661 pred_wrong:30539 actu_right: 1061707 actu_wrong: 34493
2026-09-12 23:58:00,387 P1101054 INFO pr:0.8479  rc:0.7427  auc:0.9962 ap:0.9519 f1: 0.7918 pred_right: 456829 pred_wrong:12971 actu_right: 454992 actu_wrong: 14808
2026-09-12 23:58:00,388 P1101054 INFO ----------------------------------------------------------------------------------------------------
2026-09-12 23:58:00,389 P1101054 INFO 45/50 starting... lr: 0.001 para:0.021739130839705467
2026-09-12 23:58:24,537 P1101054 INFO Epoch 45/50, all_loss:1.60633 cls_loss:1.64027 rec_loss:0.07903 [24.14s]; best loss:1.60633, patience : 0
2026-09-12 23:58:42,540 P1101054 INFO pr:0.8319  rc:0.7849  auc:0.9962 ap:0.9523 f1: 0.8077 pred_right: 1063659 pred_wrong:32541 actu_right: 1061712 actu_wrong: 34488
2026-09-12 23:58:50,081 P1101054 INFO pr:0.8338  rc:0.7781  auc:0.9961 ap:0.9517 f1: 0.8050 pred_right: 455981 pred_wrong:13819 actu_right: 454992 actu_wrong: 14808
2026-09-12 23:58:50,084 P1101054 INFO ----------------------------------------------------------------------------------------------------
2026-09-12 23:58:50,084 P1101054 INFO 46/50 starting... lr: 0.001 para:0.021276595070958138
2026-09-12 23:59:14,484 P1101054 INFO Epoch 46/50, all_loss:1.59512 cls_loss:1.62806 rec_loss:0.08007 [24.40s]; best loss:1.59512, patience : 0
2026-09-12 23:59:43,398 P1101054 INFO pr:0.8295  rc:0.7821  auc:0.9962 ap:0.9505 f1: 0.8051 pred_right: 1063685 pred_wrong:32515 actu_right: 1061714 actu_wrong: 34486
2026-09-12 23:59:51,051 P1101054 INFO pr:0.8282  rc:0.7736  auc:0.9959 ap:0.9491 f1: 0.8000 pred_right: 455968 pred_wrong:13832 actu_right: 454992 actu_wrong: 14808
2026-09-12 23:59:51,052 P1101054 INFO ----------------------------------------------------------------------------------------------------
2026-09-12 23:59:51,053 P1101054 INFO 47/50 starting... lr: 0.001 para:0.02083333395421505
2026-09-13 00:00:15,948 P1101054 INFO Epoch 47/50, all_loss:1.59087 cls_loss:1.62256 rec_loss:0.10154 [24.89s]; best loss:1.59087, patience : 0
2026-09-13 00:00:34,113 P1101054 INFO pr:0.8503  rc:0.7445  auc:0.9962 ap:0.9513 f1: 0.7939 pred_right: 1066004 pred_wrong:30196 actu_right: 1061711 actu_wrong: 34489
2026-09-13 00:00:41,404 P1101054 INFO pr:0.8513  rc:0.7372  auc:0.9960 ap:0.9503 f1: 0.7902 pred_right: 456976 pred_wrong:12824 actu_right: 454992 actu_wrong: 14808
2026-09-13 00:00:41,405 P1101054 INFO ----------------------------------------------------------------------------------------------------
2026-09-13 00:00:41,405 P1101054 INFO 48/50 starting... lr: 0.001 para:0.020408162847161293
2026-09-13 00:01:07,695 P1101054 INFO Epoch 48/50, all_loss:1.57061 cls_loss:1.60143 rec_loss:0.09160 [26.29s]; best loss:1.57061, patience : 0
2026-09-13 00:01:31,528 P1101054 INFO pr:0.8697  rc:0.7110  auc:0.9963 ap:0.9535 f1: 0.7824 pred_right: 1068009 pred_wrong:28191 actu_right: 1061713 actu_wrong: 34487
2026-09-13 00:01:41,814 P1101054 INFO pr:0.8707  rc:0.7056  auc:0.9962 ap:0.9525 f1: 0.7795 pred_right: 457801 pred_wrong:11999 actu_right: 454992 actu_wrong: 14808
2026-09-13 00:01:41,815 P1101054 INFO ----------------------------------------------------------------------------------------------------
2026-09-13 00:01:41,815 P1101054 INFO 49/50 starting... lr: 0.001 para:0.019999999552965164
2026-09-13 00:02:06,279 P1101054 INFO Epoch 49/50, all_loss:1.58421 cls_loss:1.61466 rec_loss:0.09217 [24.46s]; best loss:1.57061, patience : 1
2026-09-13 00:02:23,847 P1101054 INFO pr:0.8734  rc:0.7001  auc:0.9964 ap:0.9526 f1: 0.7772 pred_right: 1068555 pred_wrong:27645 actu_right: 1061712 actu_wrong: 34488
2026-09-13 00:02:31,260 P1101054 INFO pr:0.8739  rc:0.6931  auc:0.9962 ap:0.9516 f1: 0.7731 pred_right: 458055 pred_wrong:11745 actu_right: 454992 actu_wrong: 14808
2026-09-13 00:02:31,261 P1101054 INFO saving model...
2026-09-13 00:02:31,261 P1101054 INFO DeepHunt - loss  best score:1.5706148147583008 at epoch 48
2026-09-13 00:02:31,266 P1101054 INFO DeepHunt - f1  best score:0.807739933461636 at epoch 45
2026-09-13 00:02:31,270 P1101054 INFO Average training time per epoch: 26.41 seconds
2026-09-13 00:02:31,271 P1101054 INFO calculate scores...
2026-09-13 00:02:31,271 P1101054 INFO calculate label with loss...
2026-09-13 00:02:31,271 P1101054 INFO DeepHunt on ./result/DeepHunt-TT-Epochs50-Seed3ExpNameRQ1_main-lowshow-simplegraph loading...
2026-09-13 00:02:38,661 P1101054 INFO pr:0.8707  rc:0.7056  auc:0.9962 ap:0.9525 f1: 0.7795 pred_right: 457801 pred_wrong:11999 actu_right: 454992 actu_wrong: 14808
2026-09-13 00:02:50,075 P1101054 INFO pr:0.8707  rc:0.7056  auc:0.9962 ap:0.9525 f1: 0.7795 pred_right: 457801 pred_wrong:11999 actu_right: 454992 actu_wrong: 14808
2026-09-13 00:02:50,075 P1101054 INFO Performance Summary:
{'GPU': {'inference_time_per_sample_ms': 0.3822941706730769, 'throughput_samples_per_sec': 2615.786681338547, 'peak_memory_mb': 83.80859375, 'energy_per_sample_joules': 0.019192123103215143}, 'CPU': {'inference_time_per_sample_ms': 0.6092181298817614, 'throughput_samples_per_sec': 1641.4481955651625, 'peak_memory_mb': 5568.45703125, 'energy_per_sample_joules': 0.03959917844231449}}
2026-09-13 00:02:50,076 P1101054 INFO Starting clean-room hardware benchmarking...
2026-09-13 00:02:51,824 P1101054 INFO Performance with loss: pr:0.8707  rc:0.7056  auc:0.9962 ap:0.9525 f1: 0.7795 pred_right: 457801 pred_wrong:11999 actu_right: 454992 actu_wrong: 14808
2026-09-13 00:02:51,824 P1101054 INFO calculate label with f1...
2026-09-13 00:02:51,824 P1101054 INFO DeepHunt on ./result/DeepHunt-TT-Epochs50-Seed3ExpNameRQ1_main-lowshow-simplegraph loading...
2026-09-13 00:03:00,401 P1101054 INFO pr:0.8338  rc:0.7781  auc:0.9961 ap:0.9517 f1: 0.8050 pred_right: 455981 pred_wrong:13819 actu_right: 454992 actu_wrong: 14808
2026-09-13 00:03:09,509 P1101054 INFO pr:0.8338  rc:0.7781  auc:0.9961 ap:0.9517 f1: 0.8050 pred_right: 455981 pred_wrong:13819 actu_right: 454992 actu_wrong: 14808
2026-09-13 00:03:09,552 P1101054 INFO Performance Summary:
{'GPU': {'inference_time_per_sample_ms': 0.4119796525186567, 'throughput_samples_per_sec': 2427.3043435190393, 'peak_memory_mb': 83.814453125, 'energy_per_sample_joules': 0.02183162574626866}, 'CPU': {'inference_time_per_sample_ms': 0.48684214341243565, 'throughput_samples_per_sec': 2054.053893096997, 'peak_memory_mb': 6385.7265625, 'energy_per_sample_joules': 0.031644739321808314}}
2026-09-13 00:03:09,552 P1101054 INFO Starting clean-room hardware benchmarking...
2026-09-13 00:03:11,390 P1101054 INFO Performance with f1: pr:0.8338  rc:0.7781  auc:0.9961 ap:0.9517 f1: 0.8050 pred_right: 455981 pred_wrong:13819 actu_right: 454992 actu_wrong: 14808
2026-09-13 00:03:11,390 P1101054 INFO Collecting case-study samples...
