2026-07-11 06:44:59,783 P2883992 INFO ---- Model: ----MSTGAD-20679e80----random_seed : 1----req_loss_approach : Legendre-style----rec_lambda : 1.0----auxi_lambda : 0.2----Freq Domain : FITS_Legendre----Multi Fits : false----train : True----evaluate : False
2026-07-11 06:44:59,784 P2883992 INFO Load from /home/db2003/Desktop/Amr/Tests/Eadro/codes/chunks/TT
2026-07-11 06:45:11,522 P2883992 INFO Fewshot: training with 1.0 of the 70% of the data
2026-07-11 06:45:20,562 P2883992 INFO Trainable Parameters Breakdown:
2026-07-11 06:45:20,562 P2883992 INFO --------------------------------------------------------------------------------
2026-07-11 06:45:20,563 P2883992 INFO Reconstruction-Specific Parameters:
2026-07-11 06:45:20,563 P2883992 INFO linear_attn.Wq.weight                    | shape: (10, 10)                  | params: 100
2026-07-11 06:45:20,563 P2883992 INFO linear_attn.Wk.weight                    | shape: (10, 10)                  | params: 100
2026-07-11 06:45:20,563 P2883992 INFO linear_attn.Wv.weight                    | shape: (10, 10)                  | params: 100
2026-07-11 06:45:20,563 P2883992 INFO linear_attn.out.weight                   | shape: (10, 10)                  | params: 100
2026-07-11 06:45:20,563 P2883992 INFO linear_attn.out.bias                     | shape: (10,)                     | params: 10
2026-07-11 06:45:20,563 P2883992 INFO linear_attn.norm.weight                  | shape: (10,)                     | params: 10
2026-07-11 06:45:20,563 P2883992 INFO linear_attn.norm.bias                    | shape: (10,)                     | params: 10
2026-07-11 06:45:20,563 P2883992 INFO shared_fits.normlin_W                    | shape: (5, 5)                    | params: 25
2026-07-11 06:45:20,563 P2883992 INFO shared_fits.freq_upsampler.weight        | shape: (5, 5)                    | params: 25
2026-07-11 06:45:20,563 P2883992 INFO shared_fits.freq_upsampler.bias          | shape: (5,)                      | params: 5
2026-07-11 06:45:20,563 P2883992 INFO modality_proj.node.weight                | shape: (10, 8)                   | params: 80
2026-07-11 06:45:20,563 P2883992 INFO modality_proj.node.bias                  | shape: (10,)                     | params: 10
2026-07-11 06:45:20,563 P2883992 INFO modality_proj.log.weight                 | shape: (10, 32)                  | params: 320
2026-07-11 06:45:20,563 P2883992 INFO modality_proj.log.bias                   | shape: (10,)                     | params: 10
2026-07-11 06:45:20,563 P2883992 INFO modality_proj.edge.weight                | shape: (10, 8)                   | params: 80
2026-07-11 06:45:20,563 P2883992 INFO modality_proj.edge.bias                  | shape: (10,)                     | params: 10
2026-07-11 06:45:20,563 P2883992 INFO modality_proj_out.node.weight            | shape: (8, 10)                   | params: 80
2026-07-11 06:45:20,563 P2883992 INFO modality_proj_out.node.bias              | shape: (8,)                      | params: 8
2026-07-11 06:45:20,563 P2883992 INFO modality_proj_out.log.weight             | shape: (32, 10)                  | params: 320
2026-07-11 06:45:20,564 P2883992 INFO modality_proj_out.log.bias               | shape: (32,)                     | params: 32
2026-07-11 06:45:20,564 P2883992 INFO modality_proj_out.edge.weight            | shape: (8, 10)                   | params: 80
2026-07-11 06:45:20,564 P2883992 INFO modality_proj_out.edge.bias              | shape: (8,)                      | params: 8
2026-07-11 06:45:20,564 P2883992 INFO Subtotal: 1,523
2026-07-11 06:45:20,564 P2883992 INFO --------------------------------------------------------------------------------
2026-07-11 06:45:20,564 P2883992 INFO Common Parameters:
2026-07-11 06:45:20,564 P2883992 INFO node_emb.linear.weight                   | shape: (8, 7)                    | params: 56
2026-07-11 06:45:20,564 P2883992 INFO node_emb.linear.bias                     | shape: (8,)                      | params: 8
2026-07-11 06:45:20,564 P2883992 INFO log_emb.linear.weight                    | shape: (32, 60)                  | params: 1,920
2026-07-11 06:45:20,564 P2883992 INFO log_emb.linear.bias                      | shape: (32,)                     | params: 32
2026-07-11 06:45:20,564 P2883992 INFO egde_emb.linear.weight                   | shape: (8, 2)                    | params: 16
2026-07-11 06:45:20,564 P2883992 INFO egde_emb.linear.bias                     | shape: (8,)                      | params: 8
2026-07-11 06:45:20,564 P2883992 INFO dense_node.weight                        | shape: (7, 8)                    | params: 56
2026-07-11 06:45:20,564 P2883992 INFO dense_node.bias                          | shape: (7,)                      | params: 7
2026-07-11 06:45:20,564 P2883992 INFO dense_log.weight                         | shape: (60, 32)                  | params: 1,920
2026-07-11 06:45:20,564 P2883992 INFO dense_log.bias                           | shape: (60,)                     | params: 60
2026-07-11 06:45:20,564 P2883992 INFO dense_edge.weight                        | shape: (2, 8)                    | params: 16
2026-07-11 06:45:20,564 P2883992 INFO dense_edge.bias                          | shape: (2,)                      | params: 2
2026-07-11 06:45:20,564 P2883992 INFO show.0.weight                            | shape: (128, 69)                 | params: 8,832
2026-07-11 06:45:20,564 P2883992 INFO show.0.bias                              | shape: (128,)                    | params: 128
2026-07-11 06:45:20,564 P2883992 INFO show.2.weight                            | shape: (2, 128)                  | params: 256
2026-07-11 06:45:20,564 P2883992 INFO show.2.bias                              | shape: (2,)                      | params: 2
2026-07-11 06:45:20,565 P2883992 INFO Subtotal: 13,319
2026-07-11 06:45:20,565 P2883992 INFO --------------------------------------------------------------------------------
2026-07-11 06:45:20,565 P2883992 INFO Total Trainable Parameters: 14,842

2026-07-11 06:45:20,565 P2883992 INFO Trainable Parameters: 14842, reconstruction: 1523, common: 13319
2026-07-11 06:45:20,565 P2883992 INFO model : init weight
2026-07-11 06:45:20,565 P2883992 INFO Using GPU...
2026-07-11 06:45:20,570 P2883992 INFO optimizer : using AdaBelief
2026-07-11 06:45:20,570 P2883992 INFO ----------------------------------------------------------------------------------------------------
2026-07-11 06:45:20,571 P2883992 INFO 0/50 starting... lr: 0.001 para:1.0
2026-07-11 06:45:40,993 P2883992 INFO Epoch 0/50, all_loss:0.10310 cls_loss:33.50076 rec_loss:0.10310 [20.42s]; best loss:0.10310, patience : 0
2026-07-11 06:45:40,993 P2883992 INFO ----------------------------------------------------------------------------------------------------
2026-07-11 06:45:40,993 P2883992 INFO 1/50 starting... lr: 0.001 para:0.5
2026-07-11 06:46:05,798 P2883992 INFO Epoch 1/50, all_loss:2.45891 cls_loss:4.67288 rec_loss:0.24494 [24.80s]; best loss:2.45891, patience : 0
2026-07-11 06:46:05,798 P2883992 INFO ----------------------------------------------------------------------------------------------------
2026-07-11 06:46:05,798 P2883992 INFO 2/50 starting... lr: 0.001 para:0.3333333432674408
2026-07-11 06:46:25,104 P2883992 INFO Epoch 2/50, all_loss:1.84247 cls_loss:2.56031 rec_loss:0.40679 [19.30s]; best loss:1.84247, patience : 0
2026-07-11 06:46:35,899 P2883992 INFO pr:0.8934  rc:0.4707  auc:0.9844 ap:0.8884 f1: 0.6165 pred_right: 1078031 pred_wrong:18169 actu_right: 1061712 actu_wrong: 34488
2026-07-11 06:46:40,265 P2883992 INFO pr:0.8943  rc:0.4730  auc:0.9846 ap:0.8889 f1: 0.6187 pred_right: 461968 pred_wrong:7832 actu_right: 454992 actu_wrong: 14808
2026-07-11 06:46:40,269 P2883992 INFO ----------------------------------------------------------------------------------------------------
2026-07-11 06:46:40,269 P2883992 INFO 3/50 starting... lr: 0.001 para:0.25
2026-07-11 06:46:59,572 P2883992 INFO Epoch 3/50, all_loss:1.76994 cls_loss:2.20435 rec_loss:0.46673 [19.30s]; best loss:1.76994, patience : 0
2026-07-11 06:47:10,381 P2883992 INFO pr:0.9139  rc:0.5105  auc:0.9881 ap:0.9083 f1: 0.6551 pred_right: 1076934 pred_wrong:19266 actu_right: 1061708 actu_wrong: 34492
2026-07-11 06:47:15,863 P2883992 INFO pr:0.9169  rc:0.5120  auc:0.9883 ap:0.9091 f1: 0.6570 pred_right: 461532 pred_wrong:8268 actu_right: 454992 actu_wrong: 14808
2026-07-11 06:47:15,867 P2883992 INFO ----------------------------------------------------------------------------------------------------
2026-07-11 06:47:15,867 P2883992 INFO 4/50 starting... lr: 0.001 para:0.20000000298023224
2026-07-11 06:47:41,255 P2883992 INFO Epoch 4/50, all_loss:1.70004 cls_loss:1.99987 rec_loss:0.50074 [25.38s]; best loss:1.70004, patience : 0
2026-07-11 06:47:51,362 P2883992 INFO pr:0.8931  rc:0.5797  auc:0.9898 ap:0.9184 f1: 0.7031 pred_right: 1073816 pred_wrong:22384 actu_right: 1061714 actu_wrong: 34486
2026-07-11 06:47:55,560 P2883992 INFO pr:0.8947  rc:0.5825  auc:0.9899 ap:0.9178 f1: 0.7056 pred_right: 460159 pred_wrong:9641 actu_right: 454992 actu_wrong: 14808
2026-07-11 06:47:55,564 P2883992 INFO ----------------------------------------------------------------------------------------------------
2026-07-11 06:47:55,564 P2883992 INFO 5/50 starting... lr: 0.001 para:0.1666666716337204
2026-07-11 06:48:14,651 P2883992 INFO Epoch 5/50, all_loss:1.64399 cls_loss:1.86627 rec_loss:0.53260 [19.08s]; best loss:1.64399, patience : 0
2026-07-11 06:48:25,008 P2883992 INFO pr:0.8029  rc:0.7049  auc:0.9915 ap:0.9262 f1: 0.7507 pred_right: 1065922 pred_wrong:30278 actu_right: 1061714 actu_wrong: 34486
2026-07-11 06:48:29,467 P2883992 INFO pr:0.8040  rc:0.7067  auc:0.9915 ap:0.9259 f1: 0.7522 pred_right: 456784 pred_wrong:13016 actu_right: 454992 actu_wrong: 14808
2026-07-11 06:48:29,471 P2883992 INFO ----------------------------------------------------------------------------------------------------
2026-07-11 06:48:29,471 P2883992 INFO 6/50 starting... lr: 0.001 para:0.1428571492433548
2026-07-11 06:48:49,677 P2883992 INFO Epoch 6/50, all_loss:1.64116 cls_loss:1.81842 rec_loss:0.57760 [20.20s]; best loss:1.64116, patience : 0
2026-07-11 06:48:58,644 P2883992 INFO pr:0.8277  rc:0.6921  auc:0.9920 ap:0.9307 f1: 0.7539 pred_right: 1067356 pred_wrong:28844 actu_right: 1061707 actu_wrong: 34493
2026-07-11 06:49:05,545 P2883992 INFO pr:0.8315  rc:0.6962  auc:0.9920 ap:0.9313 f1: 0.7579 pred_right: 457401 pred_wrong:12399 actu_right: 454992 actu_wrong: 14808
2026-07-11 06:49:05,554 P2883992 INFO ----------------------------------------------------------------------------------------------------
2026-07-11 06:49:05,554 P2883992 INFO 7/50 starting... lr: 0.001 para:0.125
2026-07-11 06:49:30,328 P2883992 INFO Epoch 7/50, all_loss:1.59514 cls_loss:1.73621 rec_loss:0.60764 [24.77s]; best loss:1.59514, patience : 0
2026-07-11 06:49:40,581 P2883992 INFO pr:0.9048  rc:0.6278  auc:0.9924 ap:0.9315 f1: 0.7413 pred_right: 1072266 pred_wrong:23934 actu_right: 1061707 actu_wrong: 34493
2026-07-11 06:49:44,974 P2883992 INFO pr:0.9049  rc:0.6278  auc:0.9924 ap:0.9311 f1: 0.7413 pred_right: 459526 pred_wrong:10274 actu_right: 454992 actu_wrong: 14808
2026-07-11 06:49:44,975 P2883992 INFO ----------------------------------------------------------------------------------------------------
2026-07-11 06:49:44,975 P2883992 INFO 8/50 starting... lr: 0.001 para:0.1111111119389534
2026-07-11 06:50:04,705 P2883992 INFO Epoch 8/50, all_loss:1.57513 cls_loss:1.69372 rec_loss:0.62636 [19.73s]; best loss:1.57513, patience : 0
2026-07-11 06:50:15,811 P2883992 INFO pr:0.8545  rc:0.6940  auc:0.9930 ap:0.9353 f1: 0.7659 pred_right: 1068187 pred_wrong:28013 actu_right: 1061712 actu_wrong: 34488
2026-07-11 06:50:20,330 P2883992 INFO pr:0.8577  rc:0.6967  auc:0.9931 ap:0.9353 f1: 0.7689 pred_right: 457772 pred_wrong:12028 actu_right: 454992 actu_wrong: 14808
2026-07-11 06:50:20,335 P2883992 INFO ----------------------------------------------------------------------------------------------------
2026-07-11 06:50:20,335 P2883992 INFO 9/50 starting... lr: 0.001 para:0.10000000149011612
2026-07-11 06:50:38,680 P2883992 INFO Epoch 9/50, all_loss:1.56271 cls_loss:1.66353 rec_loss:0.65533 [18.34s]; best loss:1.56271, patience : 0
2026-07-11 06:50:58,062 P2883992 INFO pr:0.8303  rc:0.7241  auc:0.9924 ap:0.9386 f1: 0.7736 pred_right: 1066123 pred_wrong:30077 actu_right: 1061714 actu_wrong: 34486
2026-07-11 06:51:02,699 P2883992 INFO pr:0.8322  rc:0.7249  auc:0.9922 ap:0.9389 f1: 0.7748 pred_right: 456901 pred_wrong:12899 actu_right: 454992 actu_wrong: 14808
2026-07-11 06:51:02,704 P2883992 INFO ----------------------------------------------------------------------------------------------------
2026-07-11 06:51:02,704 P2883992 INFO 10/50 starting... lr: 0.001 para:0.09090909361839294
2026-07-11 06:51:21,746 P2883992 INFO Epoch 10/50, all_loss:1.52418 cls_loss:1.60698 rec_loss:0.69617 [19.04s]; best loss:1.52418, patience : 0
2026-07-11 06:51:31,953 P2883992 INFO pr:0.9107  rc:0.6359  auc:0.9922 ap:0.9345 f1: 0.7489 pred_right: 1072117 pred_wrong:24083 actu_right: 1061709 actu_wrong: 34491
2026-07-11 06:51:36,123 P2883992 INFO pr:0.9154  rc:0.6339  auc:0.9917 ap:0.9343 f1: 0.7491 pred_right: 459546 pred_wrong:10254 actu_right: 454992 actu_wrong: 14808
2026-07-11 06:51:36,124 P2883992 INFO ----------------------------------------------------------------------------------------------------
2026-07-11 06:51:36,124 P2883992 INFO 11/50 starting... lr: 0.001 para:0.0833333358168602
2026-07-11 06:51:55,177 P2883992 INFO Epoch 11/50, all_loss:1.55851 cls_loss:1.63494 rec_loss:0.71775 [19.05s]; best loss:1.52418, patience : 1
2026-07-11 06:52:05,770 P2883992 INFO pr:0.8751  rc:0.6952  auc:0.9928 ap:0.9400 f1: 0.7748 pred_right: 1068805 pred_wrong:27395 actu_right: 1061714 actu_wrong: 34486
2026-07-11 06:52:09,733 P2883992 INFO pr:0.8768  rc:0.6970  auc:0.9923 ap:0.9405 f1: 0.7766 pred_right: 458029 pred_wrong:11771 actu_right: 454992 actu_wrong: 14808
2026-07-11 06:52:09,738 P2883992 INFO ----------------------------------------------------------------------------------------------------
2026-07-11 06:52:09,738 P2883992 INFO 12/50 starting... lr: 0.001 para:0.07692307978868484
2026-07-11 06:52:35,958 P2883992 INFO Epoch 12/50, all_loss:1.49149 cls_loss:1.55392 rec_loss:0.74242 [26.22s]; best loss:1.49149, patience : 0
2026-07-11 06:52:46,366 P2883992 INFO pr:0.8545  rc:0.7031  auc:0.9933 ap:0.9407 f1: 0.7714 pred_right: 1067821 pred_wrong:28379 actu_right: 1061709 actu_wrong: 34491
2026-07-11 06:52:50,776 P2883992 INFO pr:0.8538  rc:0.7019  auc:0.9926 ap:0.9390 f1: 0.7704 pred_right: 457626 pred_wrong:12174 actu_right: 454992 actu_wrong: 14808
2026-07-11 06:52:50,777 P2883992 INFO ----------------------------------------------------------------------------------------------------
2026-07-11 06:52:50,777 P2883992 INFO 13/50 starting... lr: 0.001 para:0.0714285746216774
2026-07-11 06:53:09,841 P2883992 INFO Epoch 13/50, all_loss:1.46464 cls_loss:1.51711 rec_loss:0.78251 [19.06s]; best loss:1.46464, patience : 0
2026-07-11 06:53:20,061 P2883992 INFO pr:0.9191  rc:0.6478  auc:0.9928 ap:0.9422 f1: 0.7600 pred_right: 1071894 pred_wrong:24306 actu_right: 1061715 actu_wrong: 34485
2026-07-11 06:53:24,342 P2883992 INFO pr:0.9204  rc:0.6495  auc:0.9925 ap:0.9421 f1: 0.7616 pred_right: 459350 pred_wrong:10450 actu_right: 454992 actu_wrong: 14808
2026-07-11 06:53:24,343 P2883992 INFO ----------------------------------------------------------------------------------------------------
2026-07-11 06:53:24,343 P2883992 INFO 14/50 starting... lr: 0.001 para:0.06666667014360428
2026-07-11 06:53:43,392 P2883992 INFO Epoch 14/50, all_loss:1.48073 cls_loss:1.52830 rec_loss:0.81465 [19.05s]; best loss:1.46464, patience : 1
2026-07-11 06:53:58,360 P2883992 INFO pr:0.9524  rc:0.6043  auc:0.9943 ap:0.9451 f1: 0.7394 pred_right: 1074317 pred_wrong:21883 actu_right: 1061711 actu_wrong: 34489
2026-07-11 06:54:05,368 P2883992 INFO pr:0.9511  rc:0.6051  auc:0.9941 ap:0.9446 f1: 0.7396 pred_right: 460379 pred_wrong:9421 actu_right: 454992 actu_wrong: 14808
2026-07-11 06:54:05,369 P2883992 INFO ----------------------------------------------------------------------------------------------------
2026-07-11 06:54:05,369 P2883992 INFO 15/50 starting... lr: 0.001 para:0.0625
2026-07-11 06:54:24,460 P2883992 INFO Epoch 15/50, all_loss:1.42539 cls_loss:1.46376 rec_loss:0.84989 [19.09s]; best loss:1.42539, patience : 0
2026-07-11 06:54:35,119 P2883992 INFO pr:0.8851  rc:0.7238  auc:0.9946 ap:0.9491 f1: 0.7964 pred_right: 1067999 pred_wrong:28201 actu_right: 1061713 actu_wrong: 34487
2026-07-11 06:54:39,416 P2883992 INFO pr:0.8887  rc:0.7235  auc:0.9946 ap:0.9489 f1: 0.7976 pred_right: 457744 pred_wrong:12056 actu_right: 454992 actu_wrong: 14808
2026-07-11 06:54:39,421 P2883992 INFO ----------------------------------------------------------------------------------------------------
2026-07-11 06:54:39,421 P2883992 INFO 16/50 starting... lr: 0.001 para:0.05882352963089943
2026-07-11 06:54:58,552 P2883992 INFO Epoch 16/50, all_loss:1.41834 cls_loss:1.45045 rec_loss:0.90458 [19.13s]; best loss:1.41834, patience : 0
2026-07-11 06:55:08,733 P2883992 INFO pr:0.9554  rc:0.5950  auc:0.9940 ap:0.9453 f1: 0.7333 pred_right: 1074722 pred_wrong:21478 actu_right: 1061712 actu_wrong: 34488
2026-07-11 06:55:14,453 P2883992 INFO pr:0.9548  rc:0.5952  auc:0.9937 ap:0.9452 f1: 0.7333 pred_right: 460570 pred_wrong:9230 actu_right: 454992 actu_wrong: 14808
2026-07-11 06:55:14,454 P2883992 INFO ----------------------------------------------------------------------------------------------------
2026-07-11 06:55:14,454 P2883992 INFO 17/50 starting... lr: 0.001 para:0.0555555559694767
2026-07-11 06:55:39,582 P2883992 INFO Epoch 17/50, all_loss:1.40147 cls_loss:1.42914 rec_loss:0.93101 [25.12s]; best loss:1.40147, patience : 0
2026-07-11 06:55:50,396 P2883992 INFO pr:0.8927  rc:0.7349  auc:0.9947 ap:0.9519 f1: 0.8061 pred_right: 1067811 pred_wrong:28389 actu_right: 1061713 actu_wrong: 34487
2026-07-11 06:55:54,681 P2883992 INFO pr:0.8906  rc:0.7341  auc:0.9944 ap:0.9512 f1: 0.8048 pred_right: 457593 pred_wrong:12207 actu_right: 454992 actu_wrong: 14808
2026-07-11 06:55:54,685 P2883992 INFO ----------------------------------------------------------------------------------------------------
2026-07-11 06:55:54,685 P2883992 INFO 18/50 starting... lr: 0.001 para:0.05263157933950424
2026-07-11 06:56:13,758 P2883992 INFO Epoch 18/50, all_loss:1.36974 cls_loss:1.39176 rec_loss:0.97337 [19.07s]; best loss:1.36974, patience : 0
2026-07-11 06:56:24,006 P2883992 INFO pr:0.8871  rc:0.7609  auc:0.9949 ap:0.9552 f1: 0.8192 pred_right: 1066614 pred_wrong:29586 actu_right: 1061708 actu_wrong: 34492
2026-07-11 06:56:28,128 P2883992 INFO pr:0.8850  rc:0.7576  auc:0.9942 ap:0.9544 f1: 0.8163 pred_right: 457124 pred_wrong:12676 actu_right: 454992 actu_wrong: 14808
2026-07-11 06:56:28,132 P2883992 INFO ----------------------------------------------------------------------------------------------------
2026-07-11 06:56:28,132 P2883992 INFO 19/50 starting... lr: 0.001 para:0.05000000074505806
2026-07-11 06:56:48,865 P2883992 INFO Epoch 19/50, all_loss:1.37239 cls_loss:1.39025 rec_loss:1.03293 [20.73s]; best loss:1.36974, patience : 1
2026-07-11 06:56:57,725 P2883992 INFO pr:0.8300  rc:0.8100  auc:0.9952 ap:0.9557 f1: 0.8199 pred_right: 1062544 pred_wrong:33656 actu_right: 1061711 actu_wrong: 34489
2026-07-11 06:57:01,701 P2883992 INFO pr:0.8266  rc:0.8036  auc:0.9947 ap:0.9550 f1: 0.8149 pred_right: 455403 pred_wrong:14397 actu_right: 454992 actu_wrong: 14808
2026-07-11 06:57:01,706 P2883992 INFO ----------------------------------------------------------------------------------------------------
2026-07-11 06:57:01,706 P2883992 INFO 20/50 starting... lr: 0.001 para:0.0476190485060215
2026-07-11 06:57:28,072 P2883992 INFO Epoch 20/50, all_loss:1.37420 cls_loss:1.38938 rec_loss:1.07065 [26.37s]; best loss:1.36974, patience : 2
2026-07-11 06:57:38,593 P2883992 INFO pr:0.9285  rc:0.7117  auc:0.9959 ap:0.9591 f1: 0.8057 pred_right: 1069765 pred_wrong:26435 actu_right: 1061712 actu_wrong: 34488
2026-07-11 06:57:42,764 P2883992 INFO pr:0.9282  rc:0.7118  auc:0.9957 ap:0.9582 f1: 0.8057 pred_right: 458443 pred_wrong:11357 actu_right: 454992 actu_wrong: 14808
2026-07-11 06:57:42,765 P2883992 INFO ----------------------------------------------------------------------------------------------------
2026-07-11 06:57:42,766 P2883992 INFO 21/50 starting... lr: 0.001 para:0.04545454680919647
2026-07-11 06:58:01,894 P2883992 INFO Epoch 21/50, all_loss:1.31027 cls_loss:1.31833 rec_loss:1.14104 [19.12s]; best loss:1.31027, patience : 0
2026-07-11 06:58:12,095 P2883992 INFO pr:0.8918  rc:0.7626  auc:0.9958 ap:0.9569 f1: 0.8222 pred_right: 1066708 pred_wrong:29492 actu_right: 1061711 actu_wrong: 34489
2026-07-11 06:58:16,432 P2883992 INFO pr:0.8894  rc:0.7576  auc:0.9954 ap:0.9551 f1: 0.8182 pred_right: 457187 pred_wrong:12613 actu_right: 454992 actu_wrong: 14808
2026-07-11 06:58:16,437 P2883992 INFO ----------------------------------------------------------------------------------------------------
2026-07-11 06:58:16,437 P2883992 INFO 22/50 starting... lr: 0.001 para:0.043478261679410934
2026-07-11 06:58:35,056 P2883992 INFO Epoch 22/50, all_loss:1.29276 cls_loss:1.29793 rec_loss:1.17918 [18.61s]; best loss:1.29276, patience : 0
2026-07-11 06:58:54,228 P2883992 INFO pr:0.8542  rc:0.8224  auc:0.9959 ap:0.9599 f1: 0.8380 pred_right: 1062992 pred_wrong:33208 actu_right: 1061706 actu_wrong: 34494
2026-07-11 06:58:58,434 P2883992 INFO pr:0.8516  rc:0.8163  auc:0.9956 ap:0.9579 f1: 0.8336 pred_right: 455605 pred_wrong:14195 actu_right: 454992 actu_wrong: 14808
2026-07-11 06:58:58,438 P2883992 INFO ----------------------------------------------------------------------------------------------------
2026-07-11 06:58:58,438 P2883992 INFO 23/50 starting... lr: 0.001 para:0.0416666679084301
2026-07-11 06:59:17,268 P2883992 INFO Epoch 23/50, all_loss:1.26762 cls_loss:1.26988 rec_loss:1.21565 [18.83s]; best loss:1.26762, patience : 0
2026-07-11 06:59:27,736 P2883992 INFO pr:0.9321  rc:0.7330  auc:0.9961 ap:0.9630 f1: 0.8207 pred_right: 1069079 pred_wrong:27121 actu_right: 1061712 actu_wrong: 34488
2026-07-11 06:59:31,855 P2883992 INFO pr:0.9292  rc:0.7279  auc:0.9959 ap:0.9614 f1: 0.8163 pred_right: 458200 pred_wrong:11600 actu_right: 454992 actu_wrong: 14808
2026-07-11 06:59:31,856 P2883992 INFO ----------------------------------------------------------------------------------------------------
2026-07-11 06:59:31,856 P2883992 INFO 24/50 starting... lr: 0.001 para:0.03999999910593033
2026-07-11 06:59:51,126 P2883992 INFO Epoch 24/50, all_loss:1.26067 cls_loss:1.26085 rec_loss:1.25632 [19.26s]; best loss:1.26067, patience : 0
2026-07-11 07:00:02,333 P2883992 INFO pr:0.8532  rc:0.8226  auc:0.9965 ap:0.9621 f1: 0.8376 pred_right: 1062946 pred_wrong:33254 actu_right: 1061710 actu_wrong: 34490
2026-07-11 07:00:05,991 P2883992 INFO pr:0.8515  rc:0.8179  auc:0.9961 ap:0.9602 f1: 0.8344 pred_right: 455576 pred_wrong:14224 actu_right: 454992 actu_wrong: 14808
2026-07-11 07:00:05,991 P2883992 INFO ----------------------------------------------------------------------------------------------------
2026-07-11 07:00:05,992 P2883992 INFO 25/50 starting... lr: 0.001 para:0.03846153989434242
2026-07-11 07:00:32,430 P2883992 INFO Epoch 25/50, all_loss:1.20371 cls_loss:1.19973 rec_loss:1.30326 [26.43s]; best loss:1.20371, patience : 0
2026-07-11 07:00:42,435 P2883992 INFO pr:0.9098  rc:0.7602  auc:0.9962 ap:0.9625 f1: 0.8283 pred_right: 1067382 pred_wrong:28818 actu_right: 1061711 actu_wrong: 34489
2026-07-11 07:00:46,652 P2883992 INFO pr:0.9035  rc:0.7525  auc:0.9960 ap:0.9604 f1: 0.8211 pred_right: 457467 pred_wrong:12333 actu_right: 454992 actu_wrong: 14808
2026-07-11 07:00:46,653 P2883992 INFO ----------------------------------------------------------------------------------------------------
2026-07-11 07:00:46,659 P2883992 INFO 26/50 starting... lr: 0.001 para:0.03703703731298447
2026-07-11 07:01:05,855 P2883992 INFO Epoch 26/50, all_loss:1.18926 cls_loss:1.18273 rec_loss:1.35896 [19.19s]; best loss:1.18926, patience : 0
2026-07-11 07:01:16,234 P2883992 INFO pr:0.9476  rc:0.6796  auc:0.9963 ap:0.9644 f1: 0.7915 pred_right: 1071468 pred_wrong:24732 actu_right: 1061714 actu_wrong: 34486
2026-07-11 07:01:20,483 P2883992 INFO pr:0.9453  rc:0.6773  auc:0.9961 ap:0.9631 f1: 0.7892 pred_right: 459191 pred_wrong:10609 actu_right: 454992 actu_wrong: 14808
2026-07-11 07:01:20,484 P2883992 INFO ----------------------------------------------------------------------------------------------------
2026-07-11 07:01:20,484 P2883992 INFO 27/50 starting... lr: 0.001 para:0.0357142873108387
2026-07-11 07:01:39,698 P2883992 INFO Epoch 27/50, all_loss:1.18483 cls_loss:1.17584 rec_loss:1.42773 [19.21s]; best loss:1.18483, patience : 0
2026-07-11 07:01:53,934 P2883992 INFO pr:0.8044  rc:0.8931  auc:0.9968 ap:0.9680 f1: 0.8465 pred_right: 1057903 pred_wrong:38297 actu_right: 1061704 actu_wrong: 34496
2026-07-11 07:02:01,809 P2883992 INFO pr:0.8048  rc:0.8894  auc:0.9964 ap:0.9667 f1: 0.8450 pred_right: 453435 pred_wrong:16365 actu_right: 454992 actu_wrong: 14808
2026-07-11 07:02:01,814 P2883992 INFO ----------------------------------------------------------------------------------------------------
2026-07-11 07:02:01,814 P2883992 INFO 28/50 starting... lr: 0.001 para:0.03448275849223137
2026-07-11 07:02:21,187 P2883992 INFO Epoch 28/50, all_loss:1.16944 cls_loss:1.16004 rec_loss:1.43243 [19.37s]; best loss:1.16944, patience : 0
2026-07-11 07:02:31,585 P2883992 INFO pr:0.8744  rc:0.8314  auc:0.9969 ap:0.9666 f1: 0.8524 pred_right: 1063410 pred_wrong:32790 actu_right: 1061711 actu_wrong: 34489
2026-07-11 07:02:35,952 P2883992 INFO pr:0.8705  rc:0.8264  auc:0.9965 ap:0.9648 f1: 0.8479 pred_right: 455743 pred_wrong:14057 actu_right: 454992 actu_wrong: 14808
2026-07-11 07:02:35,957 P2883992 INFO ----------------------------------------------------------------------------------------------------
2026-07-11 07:02:35,957 P2883992 INFO 29/50 starting... lr: 0.001 para:0.03333333507180214
2026-07-11 07:02:55,266 P2883992 INFO Epoch 29/50, all_loss:1.12746 cls_loss:1.11569 rec_loss:1.46872 [19.30s]; best loss:1.12746, patience : 0
2026-07-11 07:03:06,303 P2883992 INFO pr:0.9483  rc:0.7010  auc:0.9967 ap:0.9679 f1: 0.8061 pred_right: 1070705 pred_wrong:25495 actu_right: 1061710 actu_wrong: 34490
2026-07-11 07:03:10,043 P2883992 INFO pr:0.9467  rc:0.7004  auc:0.9964 ap:0.9670 f1: 0.8051 pred_right: 458845 pred_wrong:10955 actu_right: 454992 actu_wrong: 14808
2026-07-11 07:03:10,044 P2883992 INFO ----------------------------------------------------------------------------------------------------
2026-07-11 07:03:10,044 P2883992 INFO 30/50 starting... lr: 0.001 para:0.032258063554763794
2026-07-11 07:03:35,564 P2883992 INFO Epoch 30/50, all_loss:1.12768 cls_loss:1.11495 rec_loss:1.50961 [25.52s]; best loss:1.12746, patience : 1
2026-07-11 07:03:46,210 P2883992 INFO pr:0.7822  rc:0.9188  auc:0.9970 ap:0.9702 f1: 0.8450 pred_right: 1055686 pred_wrong:40514 actu_right: 1061709 actu_wrong: 34491
2026-07-11 07:03:50,402 P2883992 INFO pr:0.7807  rc:0.9139  auc:0.9964 ap:0.9690 f1: 0.8420 pred_right: 452465 pred_wrong:17335 actu_right: 454992 actu_wrong: 14808
2026-07-11 07:03:50,403 P2883992 INFO ----------------------------------------------------------------------------------------------------
2026-07-11 07:03:50,403 P2883992 INFO 31/50 starting... lr: 0.001 para:0.03125
2026-07-11 07:04:09,454 P2883992 INFO Epoch 31/50, all_loss:1.11384 cls_loss:1.10019 rec_loss:1.53704 [19.05s]; best loss:1.11384, patience : 0
2026-07-11 07:04:19,532 P2883992 INFO pr:0.8894  rc:0.8380  auc:0.9973 ap:0.9715 f1: 0.8629 pred_right: 1063704 pred_wrong:32496 actu_right: 1061709 actu_wrong: 34491
2026-07-11 07:04:23,953 P2883992 INFO pr:0.8874  rc:0.8317  auc:0.9969 ap:0.9703 f1: 0.8587 pred_right: 455922 pred_wrong:13878 actu_right: 454992 actu_wrong: 14808
2026-07-11 07:04:23,958 P2883992 INFO ----------------------------------------------------------------------------------------------------
2026-07-11 07:04:23,958 P2883992 INFO 32/50 starting... lr: 0.001 para:0.03030303120613098
2026-07-11 07:04:43,845 P2883992 INFO Epoch 32/50, all_loss:1.09495 cls_loss:1.08005 rec_loss:1.57165 [19.88s]; best loss:1.09495, patience : 0
2026-07-11 07:04:52,876 P2883992 INFO pr:0.8776  rc:0.8609  auc:0.9971 ap:0.9723 f1: 0.8692 pred_right: 1062365 pred_wrong:33835 actu_right: 1061712 actu_wrong: 34488
2026-07-11 07:04:59,324 P2883992 INFO pr:0.8758  rc:0.8547  auc:0.9963 ap:0.9708 f1: 0.8651 pred_right: 455349 pred_wrong:14451 actu_right: 454992 actu_wrong: 14808
2026-07-11 07:04:59,335 P2883992 INFO ----------------------------------------------------------------------------------------------------
2026-07-11 07:04:59,335 P2883992 INFO 33/50 starting... lr: 0.001 para:0.029411764815449715
2026-07-11 07:05:23,846 P2883992 INFO Epoch 33/50, all_loss:1.16122 cls_loss:1.14866 rec_loss:1.57549 [24.51s]; best loss:1.09495, patience : 1
2026-07-11 07:05:34,312 P2883992 INFO pr:0.9463  rc:0.7283  auc:0.9970 ap:0.9724 f1: 0.8231 pred_right: 1069654 pred_wrong:26546 actu_right: 1061711 actu_wrong: 34489
2026-07-11 07:05:38,446 P2883992 INFO pr:0.9460  rc:0.7211  auc:0.9963 ap:0.9711 f1: 0.8184 pred_right: 458512 pred_wrong:11288 actu_right: 454992 actu_wrong: 14808
2026-07-11 07:05:38,447 P2883992 INFO ----------------------------------------------------------------------------------------------------
2026-07-11 07:05:38,447 P2883992 INFO 34/50 starting... lr: 0.001 para:0.02857142873108387
2026-07-11 07:05:57,342 P2883992 INFO Epoch 34/50, all_loss:1.08294 cls_loss:1.06764 rec_loss:1.60293 [18.89s]; best loss:1.08294, patience : 0
2026-07-11 07:06:07,295 P2883992 INFO pr:0.9114  rc:0.8136  auc:0.9974 ap:0.9735 f1: 0.8597 pred_right: 1065413 pred_wrong:30787 actu_right: 1061711 actu_wrong: 34489
2026-07-11 07:06:11,744 P2883992 INFO pr:0.9127  rc:0.8054  auc:0.9969 ap:0.9723 f1: 0.8557 pred_right: 456733 pred_wrong:13067 actu_right: 454992 actu_wrong: 14808
2026-07-11 07:06:11,745 P2883992 INFO ----------------------------------------------------------------------------------------------------
2026-07-11 07:06:11,745 P2883992 INFO 35/50 starting... lr: 0.001 para:0.02777777798473835
2026-07-11 07:06:32,607 P2883992 INFO Epoch 35/50, all_loss:1.06695 cls_loss:1.05044 rec_loss:1.64454 [20.86s]; best loss:1.06695, patience : 0
2026-07-11 07:06:48,372 P2883992 INFO pr:0.9279  rc:0.7734  auc:0.9965 ap:0.9712 f1: 0.8436 pred_right: 1067450 pred_wrong:28750 actu_right: 1061710 actu_wrong: 34490
2026-07-11 07:06:52,853 P2883992 INFO pr:0.9293  rc:0.7666  auc:0.9959 ap:0.9701 f1: 0.8401 pred_right: 457584 pred_wrong:12216 actu_right: 454992 actu_wrong: 14808
2026-07-11 07:06:52,854 P2883992 INFO ----------------------------------------------------------------------------------------------------
2026-07-11 07:06:52,854 P2883992 INFO 36/50 starting... lr: 0.001 para:0.027027027681469917
2026-07-11 07:07:12,091 P2883992 INFO Epoch 36/50, all_loss:1.06766 cls_loss:1.05086 rec_loss:1.67250 [19.24s]; best loss:1.06695, patience : 1
2026-07-11 07:07:22,314 P2883992 INFO pr:0.9142  rc:0.8206  auc:0.9975 ap:0.9745 f1: 0.8649 pred_right: 1065239 pred_wrong:30961 actu_right: 1061710 actu_wrong: 34490
2026-07-11 07:07:26,600 P2883992 INFO pr:0.9128  rc:0.8141  auc:0.9972 ap:0.9734 f1: 0.8606 pred_right: 456593 pred_wrong:13207 actu_right: 454992 actu_wrong: 14808
2026-07-11 07:07:26,601 P2883992 INFO ----------------------------------------------------------------------------------------------------
2026-07-11 07:07:26,601 P2883992 INFO 37/50 starting... lr: 0.001 para:0.02631578966975212
2026-07-11 07:07:45,828 P2883992 INFO Epoch 37/50, all_loss:1.00134 cls_loss:0.98210 rec_loss:1.71321 [19.22s]; best loss:1.00134, patience : 0
2026-07-11 07:07:56,761 P2883992 INFO pr:0.9219  rc:0.7859  auc:0.9959 ap:0.9719 f1: 0.8485 pred_right: 1066801 pred_wrong:29399 actu_right: 1061712 actu_wrong: 34488
2026-07-11 07:08:00,786 P2883992 INFO pr:0.9192  rc:0.7811  auc:0.9955 ap:0.9710 f1: 0.8446 pred_right: 457216 pred_wrong:12584 actu_right: 454992 actu_wrong: 14808
2026-07-11 07:08:00,787 P2883992 INFO ----------------------------------------------------------------------------------------------------
2026-07-11 07:08:00,787 P2883992 INFO 38/50 starting... lr: 0.001 para:0.025641025975346565
2026-07-11 07:08:27,390 P2883992 INFO Epoch 38/50, all_loss:1.05114 cls_loss:1.03370 rec_loss:1.71397 [26.60s]; best loss:1.00134, patience : 1
2026-07-11 07:08:37,655 P2883992 INFO pr:0.9070  rc:0.8279  auc:0.9963 ap:0.9735 f1: 0.8656 pred_right: 1064724 pred_wrong:31476 actu_right: 1061714 actu_wrong: 34486
2026-07-11 07:08:41,870 P2883992 INFO pr:0.9078  rc:0.8207  auc:0.9962 ap:0.9727 f1: 0.8621 pred_right: 456413 pred_wrong:13387 actu_right: 454992 actu_wrong: 14808
2026-07-11 07:08:41,871 P2883992 INFO ----------------------------------------------------------------------------------------------------
2026-07-11 07:08:41,872 P2883992 INFO 39/50 starting... lr: 0.001 para:0.02500000037252903
2026-07-11 07:09:01,103 P2883992 INFO Epoch 39/50, all_loss:1.02133 cls_loss:1.00374 rec_loss:1.70730 [19.23s]; best loss:1.00134, patience : 1
2026-07-11 07:09:11,213 P2883992 INFO pr:0.8447  rc:0.9157  auc:0.9974 ap:0.9759 f1: 0.8788 pred_right: 1058811 pred_wrong:37389 actu_right: 1061707 actu_wrong: 34493
2026-07-11 07:09:15,489 P2883992 INFO pr:0.8433  rc:0.9111  auc:0.9971 ap:0.9750 f1: 0.8759 pred_right: 453802 pred_wrong:15998 actu_right: 454992 actu_wrong: 14808
2026-07-11 07:09:15,494 P2883992 INFO ----------------------------------------------------------------------------------------------------
2026-07-11 07:09:15,494 P2883992 INFO 40/50 starting... lr: 0.001 para:0.024390242993831635
2026-07-11 07:09:34,345 P2883992 INFO Epoch 40/50, all_loss:1.01218 cls_loss:0.99450 rec_loss:1.71954 [18.85s]; best loss:1.00134, patience : 1
2026-07-11 07:09:47,623 P2883992 INFO pr:0.9087  rc:0.8264  auc:0.9973 ap:0.9743 f1: 0.8656 pred_right: 1064834 pred_wrong:31366 actu_right: 1061711 actu_wrong: 34489
2026-07-11 07:09:56,328 P2883992 INFO pr:0.9133  rc:0.8196  auc:0.9969 ap:0.9733 f1: 0.8639 pred_right: 456512 pred_wrong:13288 actu_right: 454992 actu_wrong: 14808
2026-07-11 07:09:56,329 P2883992 INFO ----------------------------------------------------------------------------------------------------
2026-07-11 07:09:56,329 P2883992 INFO 41/50 starting... lr: 0.001 para:0.02380952425301075
2026-07-11 07:10:15,574 P2883992 INFO Epoch 41/50, all_loss:0.97574 cls_loss:0.95724 rec_loss:1.73414 [19.24s]; best loss:0.97574, patience : 0
2026-07-11 07:10:25,851 P2883992 INFO pr:0.9122  rc:0.8436  auc:0.9972 ap:0.9766 f1: 0.8766 pred_right: 1064306 pred_wrong:31894 actu_right: 1061714 actu_wrong: 34486
2026-07-11 07:10:30,123 P2883992 INFO pr:0.9118  rc:0.8362  auc:0.9970 ap:0.9756 f1: 0.8724 pred_right: 456219 pred_wrong:13581 actu_right: 454992 actu_wrong: 14808
2026-07-11 07:10:30,124 P2883992 INFO ----------------------------------------------------------------------------------------------------
2026-07-11 07:10:30,124 P2883992 INFO 42/50 starting... lr: 0.001 para:0.023255813866853714
2026-07-11 07:10:49,280 P2883992 INFO Epoch 42/50, all_loss:1.01781 cls_loss:1.00061 rec_loss:1.74031 [19.16s]; best loss:0.97574, patience : 1
2026-07-11 07:11:00,087 P2883992 INFO pr:0.8589  rc:0.9018  auc:0.9973 ap:0.9734 f1: 0.8798 pred_right: 1059989 pred_wrong:36211 actu_right: 1061710 actu_wrong: 34490
2026-07-11 07:11:04,432 P2883992 INFO pr:0.8573  rc:0.8942  auc:0.9968 ap:0.9708 f1: 0.8754 pred_right: 454353 pred_wrong:15447 actu_right: 454992 actu_wrong: 14808
2026-07-11 07:11:04,436 P2883992 INFO ----------------------------------------------------------------------------------------------------
2026-07-11 07:11:04,436 P2883992 INFO 43/50 starting... lr: 0.001 para:0.022727273404598236
2026-07-11 07:11:29,961 P2883992 INFO Epoch 43/50, all_loss:1.03075 cls_loss:1.01336 rec_loss:1.77827 [25.52s]; best loss:0.97574, patience : 2
2026-07-11 07:11:39,900 P2883992 INFO pr:0.9464  rc:0.7041  auc:0.9974 ap:0.9726 f1: 0.8075 pred_right: 1070542 pred_wrong:25658 actu_right: 1061713 actu_wrong: 34487
2026-07-11 07:11:44,107 P2883992 INFO pr:0.9442  rc:0.6985  auc:0.9971 ap:0.9712 f1: 0.8030 pred_right: 458846 pred_wrong:10954 actu_right: 454992 actu_wrong: 14808
2026-07-11 07:11:44,108 P2883992 INFO ----------------------------------------------------------------------------------------------------
2026-07-11 07:11:44,108 P2883992 INFO 44/50 starting... lr: 0.001 para:0.02222222276031971
2026-07-11 07:12:03,358 P2883992 INFO Epoch 44/50, all_loss:0.98066 cls_loss:0.96232 rec_loss:1.78766 [19.25s]; best loss:0.97574, patience : 2
2026-07-11 07:12:13,733 P2883992 INFO pr:0.9149  rc:0.8351  auc:0.9973 ap:0.9762 f1: 0.8732 pred_right: 1064721 pred_wrong:31479 actu_right: 1061713 actu_wrong: 34487
2026-07-11 07:12:17,923 P2883992 INFO pr:0.9134  rc:0.8287  auc:0.9970 ap:0.9750 f1: 0.8690 pred_right: 456365 pred_wrong:13435 actu_right: 454992 actu_wrong: 14808
2026-07-11 07:12:17,923 P2883992 INFO ----------------------------------------------------------------------------------------------------
2026-07-11 07:12:17,924 P2883992 INFO 45/50 starting... lr: 0.001 para:0.021739130839705467
2026-07-11 07:12:37,676 P2883992 INFO Epoch 45/50, all_loss:0.95198 cls_loss:0.93287 rec_loss:1.81181 [19.75s]; best loss:0.95198, patience : 0
2026-07-11 07:12:46,826 P2883992 INFO pr:0.9051  rc:0.8368  auc:0.9975 ap:0.9751 f1: 0.8696 pred_right: 1064316 pred_wrong:31884 actu_right: 1061715 actu_wrong: 34485
2026-07-11 07:12:53,959 P2883992 INFO pr:0.9055  rc:0.8337  auc:0.9970 ap:0.9739 f1: 0.8681 pred_right: 456167 pred_wrong:13633 actu_right: 454992 actu_wrong: 14808
2026-07-11 07:12:53,961 P2883992 INFO ----------------------------------------------------------------------------------------------------
2026-07-11 07:12:53,962 P2883992 INFO 46/50 starting... lr: 0.001 para:0.021276595070958138
2026-07-11 07:13:18,083 P2883992 INFO Epoch 46/50, all_loss:0.99654 cls_loss:0.97842 rec_loss:1.82998 [24.12s]; best loss:0.95198, patience : 1
2026-07-11 07:13:28,029 P2883992 INFO pr:0.8920  rc:0.8744  auc:0.9977 ap:0.9750 f1: 0.8831 pred_right: 1062390 pred_wrong:33810 actu_right: 1061707 actu_wrong: 34493
2026-07-11 07:13:32,328 P2883992 INFO pr:0.8911  rc:0.8698  auc:0.9972 ap:0.9732 f1: 0.8803 pred_right: 455346 pred_wrong:14454 actu_right: 454992 actu_wrong: 14808
2026-07-11 07:13:32,333 P2883992 INFO ----------------------------------------------------------------------------------------------------
2026-07-11 07:13:32,333 P2883992 INFO 47/50 starting... lr: 0.001 para:0.02083333395421505
2026-07-11 07:13:51,753 P2883992 INFO Epoch 47/50, all_loss:0.96222 cls_loss:0.94383 rec_loss:1.82677 [19.42s]; best loss:0.95198, patience : 1
2026-07-11 07:14:02,483 P2883992 INFO pr:0.9207  rc:0.8305  auc:0.9971 ap:0.9759 f1: 0.8733 pred_right: 1065095 pred_wrong:31105 actu_right: 1061717 actu_wrong: 34483
2026-07-11 07:14:06,815 P2883992 INFO pr:0.9218  rc:0.8216  auc:0.9969 ap:0.9748 f1: 0.8688 pred_right: 456602 pred_wrong:13198 actu_right: 454992 actu_wrong: 14808
2026-07-11 07:14:06,816 P2883992 INFO ----------------------------------------------------------------------------------------------------
2026-07-11 07:14:06,817 P2883992 INFO 48/50 starting... lr: 0.001 para:0.020408162847161293
2026-07-11 07:14:28,059 P2883992 INFO Epoch 48/50, all_loss:0.95789 cls_loss:0.93939 rec_loss:1.84571 [21.24s]; best loss:0.95198, patience : 1
2026-07-11 07:14:44,257 P2883992 INFO pr:0.8481  rc:0.9073  auc:0.9979 ap:0.9766 f1: 0.8767 pred_right: 1059307 pred_wrong:36893 actu_right: 1061713 actu_wrong: 34487
2026-07-11 07:14:48,494 P2883992 INFO pr:0.8502  rc:0.9038  auc:0.9975 ap:0.9750 f1: 0.8762 pred_right: 454057 pred_wrong:15743 actu_right: 454992 actu_wrong: 14808
2026-07-11 07:14:48,494 P2883992 INFO ----------------------------------------------------------------------------------------------------
2026-07-11 07:14:48,495 P2883992 INFO 49/50 starting... lr: 0.001 para:0.019999999552965164
2026-07-11 07:15:07,293 P2883992 INFO Epoch 49/50, all_loss:0.93026 cls_loss:0.91155 rec_loss:1.84703 [18.79s]; best loss:0.93026, patience : 0
2026-07-11 07:15:17,500 P2883992 INFO pr:0.9121  rc:0.8693  auc:0.9980 ap:0.9794 f1: 0.8902 pred_right: 1063329 pred_wrong:32871 actu_right: 1061712 actu_wrong: 34488
2026-07-11 07:15:21,995 P2883992 INFO pr:0.9113  rc:0.8624  auc:0.9977 ap:0.9780 f1: 0.8862 pred_right: 455786 pred_wrong:14014 actu_right: 454992 actu_wrong: 14808
2026-07-11 07:15:21,999 P2883992 INFO saving model...
2026-07-11 07:15:21,999 P2883992 INFO FITS_Legendre - loss  best score:0.9302579164505005 at epoch 49
2026-07-11 07:15:22,005 P2883992 INFO FITS_Legendre - f1  best score:0.890155732715747 at epoch 49
2026-07-11 07:15:22,010 P2883992 INFO Average training time per epoch: 20.82 seconds
2026-07-11 07:15:22,011 P2883992 INFO calculate scores...
2026-07-11 07:15:22,011 P2883992 INFO calculate label with loss...
2026-07-11 07:15:22,011 P2883992 INFO FITS_Legendre on ./result/server_only_exps/Ablations_updatedFreDF/FITS_Legendre-TT-Epochs50-Seed1-ExpNameRQ2_ablations_components-LPFLPF-Attnno_attn-NormLinTrue-RecLambda1.0-AuxiLambda0.2 loading...
2026-07-11 07:15:26,793 P2883992 INFO pr:0.9113  rc:0.8624  auc:0.9977 ap:0.9780 f1: 0.8862 pred_right: 455786 pred_wrong:14014 actu_right: 454992 actu_wrong: 14808
2026-07-11 07:15:40,510 P2883992 INFO pr:0.9113  rc:0.8624  auc:0.9977 ap:0.9780 f1: 0.8862 pred_right: 455786 pred_wrong:14014 actu_right: 454992 actu_wrong: 14808
2026-07-11 07:15:40,511 P2883992 INFO Performance Summary:
{'GPU': {'inference_time_per_sample_ms': 0.2434112583865528, 'throughput_samples_per_sec': 4108.273407846795, 'peak_memory_mb': 139.29443359375, 'energy_per_sample_joules': 0.013248509677092488}, 'CPU': {'inference_time_per_sample_ms': 0.7558667974548691, 'throughput_samples_per_sec': 1322.9844244609878, 'peak_memory_mb': 5906.93359375, 'energy_per_sample_joules': 0.04913134183456649}}
2026-07-11 07:15:40,511 P2883992 INFO Starting clean-room hardware benchmarking...
2026-07-11 07:15:41,457 P2883992 INFO Performance with loss: pr:0.9113  rc:0.8624  auc:0.9977 ap:0.9780 f1: 0.8862 pred_right: 455786 pred_wrong:14014 actu_right: 454992 actu_wrong: 14808
2026-07-11 07:15:41,457 P2883992 INFO calculate label with f1...
2026-07-11 07:15:41,458 P2883992 INFO FITS_Legendre on ./result/server_only_exps/Ablations_updatedFreDF/FITS_Legendre-TT-Epochs50-Seed1-ExpNameRQ2_ablations_components-LPFLPF-Attnno_attn-NormLinTrue-RecLambda1.0-AuxiLambda0.2 loading...
2026-07-11 07:15:45,804 P2883992 INFO pr:0.9113  rc:0.8624  auc:0.9977 ap:0.9780 f1: 0.8862 pred_right: 455786 pred_wrong:14014 actu_right: 454992 actu_wrong: 14808
2026-07-11 07:15:58,450 P2883992 INFO pr:0.9113  rc:0.8624  auc:0.9977 ap:0.9780 f1: 0.8862 pred_right: 455786 pred_wrong:14014 actu_right: 454992 actu_wrong: 14808
2026-07-11 07:15:58,451 P2883992 INFO Performance Summary:
{'GPU': {'inference_time_per_sample_ms': 0.21802506211430828, 'throughput_samples_per_sec': 4586.628666917707, 'peak_memory_mb': 138.78759765625, 'energy_per_sample_joules': 0.012530990445019867}, 'CPU': {'inference_time_per_sample_ms': 0.6961624740048746, 'throughput_samples_per_sec': 1436.4462856597436, 'peak_memory_mb': 5671.03515625, 'energy_per_sample_joules': 0.04525056081031686}}
2026-07-11 07:15:58,451 P2883992 INFO Starting clean-room hardware benchmarking...
2026-07-11 07:15:59,265 P2883992 INFO Performance with f1: pr:0.9113  rc:0.8624  auc:0.9977 ap:0.9780 f1: 0.8862 pred_right: 455786 pred_wrong:14014 actu_right: 454992 actu_wrong: 14808
