2026-07-21 11:00:12,494 P2640235 INFO ---- Model: ----MSTGAD-3eb6a34a----random_seed : 3----req_loss_approach : Legendre-style----rec_lambda : 1.0----auxi_lambda : 0.2----Freq Domain : FITS_Legendre----Multi Fits : false----train : True----evaluate : False
2026-07-21 11:00:12,495 P2640235 INFO Load from /home/db2003/Desktop/Amr/Tests/Eadro/codes/chunks/TT
2026-07-21 11:00:28,140 P2640235 INFO Fewshot: training with 1.0 of the 70% of the data
2026-07-21 11:00:28,236 P2640235 INFO Trainable Parameters Breakdown:
2026-07-21 11:00:28,236 P2640235 INFO --------------------------------------------------------------------------------
2026-07-21 11:00:28,236 P2640235 INFO Reconstruction-Specific Parameters:
2026-07-21 11:00:28,236 P2640235 INFO node_emb.linear.weight                   | shape: (8, 7)                    | params: 56
2026-07-21 11:00:28,236 P2640235 INFO node_emb.linear.bias                     | shape: (8,)                      | params: 8
2026-07-21 11:00:28,236 P2640235 INFO log_emb.linear.weight                    | shape: (32, 60)                  | params: 1,920
2026-07-21 11:00:28,236 P2640235 INFO log_emb.linear.bias                      | shape: (32,)                     | params: 32
2026-07-21 11:00:28,236 P2640235 INFO egde_emb.linear.weight                   | shape: (8, 2)                    | params: 16
2026-07-21 11:00:28,236 P2640235 INFO egde_emb.linear.bias                     | shape: (8,)                      | params: 8
2026-07-21 11:00:28,236 P2640235 INFO dense_node.weight                        | shape: (7, 8)                    | params: 56
2026-07-21 11:00:28,237 P2640235 INFO dense_node.bias                          | shape: (7,)                      | params: 7
2026-07-21 11:00:28,237 P2640235 INFO dense_log.weight                         | shape: (60, 32)                  | params: 1,920
2026-07-21 11:00:28,237 P2640235 INFO dense_log.bias                           | shape: (60,)                     | params: 60
2026-07-21 11:00:28,237 P2640235 INFO dense_edge.weight                        | shape: (2, 8)                    | params: 16
2026-07-21 11:00:28,237 P2640235 INFO dense_edge.bias                          | shape: (2,)                      | params: 2
2026-07-21 11:00:28,237 P2640235 INFO linear_attn.Wq.weight                    | shape: (10, 10)                  | params: 100
2026-07-21 11:00:28,237 P2640235 INFO linear_attn.Wk.weight                    | shape: (10, 10)                  | params: 100
2026-07-21 11:00:28,237 P2640235 INFO linear_attn.Wv.weight                    | shape: (10, 10)                  | params: 100
2026-07-21 11:00:28,237 P2640235 INFO linear_attn.out.weight                   | shape: (10, 10)                  | params: 100
2026-07-21 11:00:28,237 P2640235 INFO linear_attn.out.bias                     | shape: (10,)                     | params: 10
2026-07-21 11:00:28,237 P2640235 INFO linear_attn.norm.weight                  | shape: (10,)                     | params: 10
2026-07-21 11:00:28,237 P2640235 INFO linear_attn.norm.bias                    | shape: (10,)                     | params: 10
2026-07-21 11:00:28,237 P2640235 INFO shared_fits.normlin_W                    | shape: (5, 5)                    | params: 25
2026-07-21 11:00:28,237 P2640235 INFO shared_fits.freq_upsampler.weight        | shape: (5, 5)                    | params: 25
2026-07-21 11:00:28,237 P2640235 INFO shared_fits.freq_upsampler.bias          | shape: (5,)                      | params: 5
2026-07-21 11:00:28,237 P2640235 INFO modality_proj.node.weight                | shape: (10, 8)                   | params: 80
2026-07-21 11:00:28,237 P2640235 INFO modality_proj.node.bias                  | shape: (10,)                     | params: 10
2026-07-21 11:00:28,237 P2640235 INFO modality_proj.log.weight                 | shape: (10, 32)                  | params: 320
2026-07-21 11:00:28,237 P2640235 INFO modality_proj.log.bias                   | shape: (10,)                     | params: 10
2026-07-21 11:00:28,237 P2640235 INFO modality_proj.edge.weight                | shape: (10, 8)                   | params: 80
2026-07-21 11:00:28,238 P2640235 INFO modality_proj.edge.bias                  | shape: (10,)                     | params: 10
2026-07-21 11:00:28,238 P2640235 INFO modality_proj_out.node.weight            | shape: (8, 10)                   | params: 80
2026-07-21 11:00:28,238 P2640235 INFO modality_proj_out.node.bias              | shape: (8,)                      | params: 8
2026-07-21 11:00:28,238 P2640235 INFO modality_proj_out.log.weight             | shape: (32, 10)                  | params: 320
2026-07-21 11:00:28,238 P2640235 INFO modality_proj_out.log.bias               | shape: (32,)                     | params: 32
2026-07-21 11:00:28,238 P2640235 INFO modality_proj_out.edge.weight            | shape: (8, 10)                   | params: 80
2026-07-21 11:00:28,238 P2640235 INFO modality_proj_out.edge.bias              | shape: (8,)                      | params: 8
2026-07-21 11:00:28,238 P2640235 INFO Subtotal: 5,624
2026-07-21 11:00:28,238 P2640235 INFO --------------------------------------------------------------------------------
2026-07-21 11:00:28,238 P2640235 INFO Common Parameters:
2026-07-21 11:00:28,238 P2640235 INFO show.0.weight                            | shape: (128, 69)                 | params: 8,832
2026-07-21 11:00:28,238 P2640235 INFO show.0.bias                              | shape: (128,)                    | params: 128
2026-07-21 11:00:28,238 P2640235 INFO show.2.weight                            | shape: (2, 128)                  | params: 256
2026-07-21 11:00:28,238 P2640235 INFO show.2.bias                              | shape: (2,)                      | params: 2
2026-07-21 11:00:28,238 P2640235 INFO Subtotal: 9,218
2026-07-21 11:00:28,238 P2640235 INFO --------------------------------------------------------------------------------
2026-07-21 11:00:28,238 P2640235 INFO Total Trainable Parameters: 14,842

2026-07-21 11:00:28,238 P2640235 INFO Trainable Parameters: 14842, reconstruction: 5624, common: 9218
2026-07-21 11:00:28,238 P2640235 INFO model : init weight
2026-07-21 11:00:28,239 P2640235 INFO Using GPU...
2026-07-21 11:00:28,245 P2640235 INFO optimizer : using AdaBelief
2026-07-21 11:00:28,245 P2640235 INFO ----------------------------------------------------------------------------------------------------
2026-07-21 11:00:28,245 P2640235 INFO 0/50 starting... lr: 0.001 para:1.0
2026-07-21 11:00:49,691 P2640235 INFO Epoch 0/50, all_loss:0.07885 cls_loss:27.08290 rec_loss:0.07885 [21.44s]; best loss:0.07885, patience : 0
2026-07-21 11:00:49,691 P2640235 INFO ----------------------------------------------------------------------------------------------------
2026-07-21 11:00:49,691 P2640235 INFO 1/50 starting... lr: 0.001 para:0.5
2026-07-21 11:01:11,011 P2640235 INFO Epoch 1/50, all_loss:2.31668 cls_loss:4.41006 rec_loss:0.22330 [21.32s]; best loss:2.31668, patience : 0
2026-07-21 11:01:11,012 P2640235 INFO ----------------------------------------------------------------------------------------------------
2026-07-21 11:01:11,012 P2640235 INFO 2/50 starting... lr: 0.001 para:0.3333333432674408
2026-07-21 11:01:31,514 P2640235 INFO Epoch 2/50, all_loss:1.61872 cls_loss:2.29345 rec_loss:0.26924 [20.50s]; best loss:1.61872, patience : 0
2026-07-21 11:01:46,582 P2640235 INFO pr:0.8750  rc:0.4760  auc:0.9876 ap:0.8951 f1: 0.6166 pred_right: 1077438 pred_wrong:18762 actu_right: 1061711 actu_wrong: 34489
2026-07-21 11:01:54,261 P2640235 INFO pr:0.8732  rc:0.4711  auc:0.9878 ap:0.8957 f1: 0.6120 pred_right: 461811 pred_wrong:7989 actu_right: 454992 actu_wrong: 14808
2026-07-21 11:01:54,266 P2640235 INFO ----------------------------------------------------------------------------------------------------
2026-07-21 11:01:54,266 P2640235 INFO 3/50 starting... lr: 0.001 para:0.25
2026-07-21 11:02:15,578 P2640235 INFO Epoch 3/50, all_loss:1.48635 cls_loss:1.88248 rec_loss:0.29798 [21.31s]; best loss:1.48635, patience : 0
2026-07-21 11:02:26,495 P2640235 INFO pr:0.8665  rc:0.5891  auc:0.9916 ap:0.9204 f1: 0.7014 pred_right: 1072747 pred_wrong:23453 actu_right: 1061706 actu_wrong: 34494
2026-07-21 11:02:30,986 P2640235 INFO pr:0.8714  rc:0.5887  auc:0.9916 ap:0.9209 f1: 0.7027 pred_right: 459795 pred_wrong:10005 actu_right: 454992 actu_wrong: 14808
2026-07-21 11:02:30,991 P2640235 INFO ----------------------------------------------------------------------------------------------------
2026-07-21 11:02:30,991 P2640235 INFO 4/50 starting... lr: 0.001 para:0.20000000298023224
2026-07-21 11:02:51,818 P2640235 INFO Epoch 4/50, all_loss:1.42227 cls_loss:1.69471 rec_loss:0.33254 [20.82s]; best loss:1.42227, patience : 0
2026-07-21 11:03:03,565 P2640235 INFO pr:0.8372  rc:0.6465  auc:0.9922 ap:0.9278 f1: 0.7296 pred_right: 1069566 pred_wrong:26634 actu_right: 1061709 actu_wrong: 34491
2026-07-21 11:03:07,443 P2640235 INFO pr:0.8409  rc:0.6449  auc:0.9924 ap:0.9278 f1: 0.7300 pred_right: 458443 pred_wrong:11357 actu_right: 454992 actu_wrong: 14808
2026-07-21 11:03:07,447 P2640235 INFO ----------------------------------------------------------------------------------------------------
2026-07-21 11:03:07,447 P2640235 INFO 5/50 starting... lr: 0.001 para:0.1666666716337204
2026-07-21 11:03:35,122 P2640235 INFO Epoch 5/50, all_loss:1.37205 cls_loss:1.57049 rec_loss:0.37988 [27.67s]; best loss:1.37205, patience : 0
2026-07-21 11:03:45,947 P2640235 INFO pr:0.7939  rc:0.7903  auc:0.9946 ap:0.9452 f1: 0.7921 pred_right: 1061871 pred_wrong:34329 actu_right: 1061713 actu_wrong: 34487
2026-07-21 11:03:50,371 P2640235 INFO pr:0.7988  rc:0.7883  auc:0.9948 ap:0.9466 f1: 0.7935 pred_right: 455187 pred_wrong:14613 actu_right: 454992 actu_wrong: 14808
2026-07-21 11:03:50,375 P2640235 INFO ----------------------------------------------------------------------------------------------------
2026-07-21 11:03:50,375 P2640235 INFO 6/50 starting... lr: 0.001 para:0.1428571492433548
2026-07-21 11:04:11,454 P2640235 INFO Epoch 6/50, all_loss:1.25687 cls_loss:1.39134 rec_loss:0.45005 [21.08s]; best loss:1.25687, patience : 0
2026-07-21 11:04:22,116 P2640235 INFO pr:0.8768  rc:0.7362  auc:0.9959 ap:0.9569 f1: 0.8004 pred_right: 1067240 pred_wrong:28960 actu_right: 1061711 actu_wrong: 34489
2026-07-21 11:04:26,658 P2640235 INFO pr:0.8806  rc:0.7336  auc:0.9962 ap:0.9576 f1: 0.8004 pred_right: 457464 pred_wrong:12336 actu_right: 454992 actu_wrong: 14808
2026-07-21 11:04:26,663 P2640235 INFO ----------------------------------------------------------------------------------------------------
2026-07-21 11:04:26,663 P2640235 INFO 7/50 starting... lr: 0.001 para:0.125
2026-07-21 11:04:46,865 P2640235 INFO Epoch 7/50, all_loss:1.09626 cls_loss:1.17016 rec_loss:0.57893 [20.20s]; best loss:1.09626, patience : 0
2026-07-21 11:05:05,618 P2640235 INFO pr:0.8931  rc:0.7815  auc:0.9973 ap:0.9684 f1: 0.8336 pred_right: 1066019 pred_wrong:30181 actu_right: 1061710 actu_wrong: 34490
2026-07-21 11:05:10,258 P2640235 INFO pr:0.8974  rc:0.7776  auc:0.9972 ap:0.9692 f1: 0.8332 pred_right: 456969 pred_wrong:12831 actu_right: 454992 actu_wrong: 14808
2026-07-21 11:05:10,263 P2640235 INFO ----------------------------------------------------------------------------------------------------
2026-07-21 11:05:10,263 P2640235 INFO 8/50 starting... lr: 0.001 para:0.1111111119389534
2026-07-21 11:05:31,226 P2640235 INFO Epoch 8/50, all_loss:0.95364 cls_loss:0.98536 rec_loss:0.69996 [20.96s]; best loss:0.95364, patience : 0
2026-07-21 11:05:41,846 P2640235 INFO pr:0.8906  rc:0.8651  auc:0.9982 ap:0.9766 f1: 0.8777 pred_right: 1062697 pred_wrong:33503 actu_right: 1061710 actu_wrong: 34490
2026-07-21 11:05:46,475 P2640235 INFO pr:0.8947  rc:0.8621  auc:0.9982 ap:0.9765 f1: 0.8781 pred_right: 455531 pred_wrong:14269 actu_right: 454992 actu_wrong: 14808
2026-07-21 11:05:46,479 P2640235 INFO ----------------------------------------------------------------------------------------------------
2026-07-21 11:05:46,479 P2640235 INFO 9/50 starting... lr: 0.001 para:0.10000000149011612
2026-07-21 11:06:08,356 P2640235 INFO Epoch 9/50, all_loss:0.86661 cls_loss:0.87754 rec_loss:0.76823 [21.87s]; best loss:0.86661, patience : 0
2026-07-21 11:06:17,704 P2640235 INFO pr:0.8886  rc:0.9034  auc:0.9981 ap:0.9793 f1: 0.8960 pred_right: 1061128 pred_wrong:35072 actu_right: 1061703 actu_wrong: 34497
2026-07-21 11:06:21,726 P2640235 INFO pr:0.8939  rc:0.9005  auc:0.9982 ap:0.9791 f1: 0.8972 pred_right: 454884 pred_wrong:14916 actu_right: 454992 actu_wrong: 14808
2026-07-21 11:06:21,730 P2640235 INFO ----------------------------------------------------------------------------------------------------
2026-07-21 11:06:21,730 P2640235 INFO 10/50 starting... lr: 0.001 para:0.09090909361839294
2026-07-21 11:06:50,328 P2640235 INFO Epoch 10/50, all_loss:0.79254 cls_loss:0.79263 rec_loss:0.79173 [28.59s]; best loss:0.79254, patience : 0
2026-07-21 11:07:01,014 P2640235 INFO pr:0.9264  rc:0.8088  auc:0.9983 ap:0.9807 f1: 0.8636 pred_right: 1066083 pred_wrong:30117 actu_right: 1061704 actu_wrong: 34496
2026-07-21 11:07:05,281 P2640235 INFO pr:0.9286  rc:0.8001  auc:0.9984 ap:0.9806 f1: 0.8596 pred_right: 457041 pred_wrong:12759 actu_right: 454992 actu_wrong: 14808
2026-07-21 11:07:05,282 P2640235 INFO ----------------------------------------------------------------------------------------------------
2026-07-21 11:07:05,283 P2640235 INFO 11/50 starting... lr: 0.001 para:0.0833333358168602
2026-07-21 11:07:25,946 P2640235 INFO Epoch 11/50, all_loss:0.75647 cls_loss:0.75247 rec_loss:0.80047 [20.66s]; best loss:0.75647, patience : 0
2026-07-21 11:07:36,757 P2640235 INFO pr:0.9025  rc:0.9107  auc:0.9986 ap:0.9831 f1: 0.9066 pred_right: 1061401 pred_wrong:34799 actu_right: 1061713 actu_wrong: 34487
2026-07-21 11:07:41,283 P2640235 INFO pr:0.9070  rc:0.9092  auc:0.9986 ap:0.9832 f1: 0.9081 pred_right: 454957 pred_wrong:14843 actu_right: 454992 actu_wrong: 14808
2026-07-21 11:07:41,287 P2640235 INFO ----------------------------------------------------------------------------------------------------
2026-07-21 11:07:41,287 P2640235 INFO 12/50 starting... lr: 0.001 para:0.07692307978868484
2026-07-21 11:08:05,906 P2640235 INFO Epoch 12/50, all_loss:0.71965 cls_loss:0.71161 rec_loss:0.81613 [24.61s]; best loss:0.71965, patience : 0
2026-07-21 11:08:19,707 P2640235 INFO pr:0.8863  rc:0.9439  auc:0.9989 ap:0.9829 f1: 0.9142 pred_right: 1059470 pred_wrong:36730 actu_right: 1061711 actu_wrong: 34489
2026-07-21 11:08:24,279 P2640235 INFO pr:0.8871  rc:0.9385  auc:0.9988 ap:0.9820 f1: 0.9121 pred_right: 454134 pred_wrong:15666 actu_right: 454992 actu_wrong: 14808
2026-07-21 11:08:24,283 P2640235 INFO ----------------------------------------------------------------------------------------------------
2026-07-21 11:08:24,283 P2640235 INFO 13/50 starting... lr: 0.001 para:0.0714285746216774
2026-07-21 11:08:45,129 P2640235 INFO Epoch 13/50, all_loss:0.70778 cls_loss:0.69916 rec_loss:0.81985 [20.84s]; best loss:0.70778, patience : 0
2026-07-21 11:08:55,912 P2640235 INFO pr:0.9327  rc:0.8514  auc:0.9989 ap:0.9860 f1: 0.8902 pred_right: 1064721 pred_wrong:31479 actu_right: 1061716 actu_wrong: 34484
2026-07-21 11:09:00,397 P2640235 INFO pr:0.9359  rc:0.8449  auc:0.9988 ap:0.9859 f1: 0.8881 pred_right: 456431 pred_wrong:13369 actu_right: 454992 actu_wrong: 14808
2026-07-21 11:09:00,398 P2640235 INFO ----------------------------------------------------------------------------------------------------
2026-07-21 11:09:00,398 P2640235 INFO 14/50 starting... lr: 0.001 para:0.06666667014360428
2026-07-21 11:09:21,471 P2640235 INFO Epoch 14/50, all_loss:0.68682 cls_loss:0.67676 rec_loss:0.82761 [21.07s]; best loss:0.68682, patience : 0
2026-07-21 11:09:31,021 P2640235 INFO pr:0.8846  rc:0.9548  auc:0.9991 ap:0.9853 f1: 0.9184 pred_right: 1058974 pred_wrong:37226 actu_right: 1061711 actu_wrong: 34489
2026-07-21 11:09:40,939 P2640235 INFO pr:0.8876  rc:0.9515  auc:0.9990 ap:0.9847 f1: 0.9185 pred_right: 453926 pred_wrong:15874 actu_right: 454992 actu_wrong: 14808
2026-07-21 11:09:40,948 P2640235 INFO ----------------------------------------------------------------------------------------------------
2026-07-21 11:09:40,948 P2640235 INFO 15/50 starting... lr: 0.001 para:0.0625
