2026-09-13 22:37:00,134 P2107631 INFO ---- Model: ----MSTGAD-29d8d5c6----random_seed : 1----req_loss_approach : Legendre-style----rec_lambda : 1.0----auxi_lambda : 0.2----Freq Domain : FITS_Legendre----Multi Fits : false----train : True----evaluate : False
2026-09-13 22:37:00,134 P2107631 INFO Load from /home/db2003/Desktop/Amr/Tests/Eadro/codes/chunks/TT
2026-09-13 22:37:16,076 P2107631 INFO Fewshot: training with 1.0 of the 70% of the data
2026-09-13 22:37:16,195 P2107631 INFO Trainable Parameters Breakdown:
2026-09-13 22:37:16,195 P2107631 INFO --------------------------------------------------------------------------------
2026-09-13 22:37:16,195 P2107631 INFO Reconstruction-Specific Parameters:
2026-09-13 22:37:16,195 P2107631 INFO node_emb.linear.weight                   | shape: (8, 7)                    | params: 56
2026-09-13 22:37:16,195 P2107631 INFO node_emb.linear.bias                     | shape: (8,)                      | params: 8
2026-09-13 22:37:16,195 P2107631 INFO log_emb.linear.weight                    | shape: (32, 60)                  | params: 1,920
2026-09-13 22:37:16,196 P2107631 INFO log_emb.linear.bias                      | shape: (32,)                     | params: 32
2026-09-13 22:37:16,196 P2107631 INFO egde_emb.linear.weight                   | shape: (8, 2)                    | params: 16
2026-09-13 22:37:16,196 P2107631 INFO egde_emb.linear.bias                     | shape: (8,)                      | params: 8
2026-09-13 22:37:16,196 P2107631 INFO dense_node.weight                        | shape: (7, 8)                    | params: 56
2026-09-13 22:37:16,196 P2107631 INFO dense_node.bias                          | shape: (7,)                      | params: 7
2026-09-13 22:37:16,196 P2107631 INFO dense_log.weight                         | shape: (60, 32)                  | params: 1,920
2026-09-13 22:37:16,196 P2107631 INFO dense_log.bias                           | shape: (60,)                     | params: 60
2026-09-13 22:37:16,196 P2107631 INFO dense_edge.weight                        | shape: (2, 8)                    | params: 16
2026-09-13 22:37:16,196 P2107631 INFO dense_edge.bias                          | shape: (2,)                      | params: 2
2026-09-13 22:37:16,196 P2107631 INFO linear_attn.Wq.weight                    | shape: (10, 10)                  | params: 100
2026-09-13 22:37:16,196 P2107631 INFO linear_attn.Wk.weight                    | shape: (10, 10)                  | params: 100
2026-09-13 22:37:16,196 P2107631 INFO linear_attn.Wv.weight                    | shape: (10, 10)                  | params: 100
2026-09-13 22:37:16,196 P2107631 INFO linear_attn.out.weight                   | shape: (10, 10)                  | params: 100
2026-09-13 22:37:16,196 P2107631 INFO linear_attn.out.bias                     | shape: (10,)                     | params: 10
2026-09-13 22:37:16,196 P2107631 INFO linear_attn.norm.weight                  | shape: (10,)                     | params: 10
2026-09-13 22:37:16,196 P2107631 INFO linear_attn.norm.bias                    | shape: (10,)                     | params: 10
2026-09-13 22:37:16,196 P2107631 INFO shared_fits.normlin_W                    | shape: (7, 7)                    | params: 49
2026-09-13 22:37:16,196 P2107631 INFO shared_fits.freq_upsampler.weight        | shape: (7, 7)                    | params: 49
2026-09-13 22:37:16,197 P2107631 INFO shared_fits.freq_upsampler.bias          | shape: (7,)                      | params: 7
2026-09-13 22:37:16,197 P2107631 INFO modality_proj.node.weight                | shape: (10, 8)                   | params: 80
2026-09-13 22:37:16,197 P2107631 INFO modality_proj.node.bias                  | shape: (10,)                     | params: 10
2026-09-13 22:37:16,197 P2107631 INFO modality_proj.log.weight                 | shape: (10, 32)                  | params: 320
2026-09-13 22:37:16,197 P2107631 INFO modality_proj.log.bias                   | shape: (10,)                     | params: 10
2026-09-13 22:37:16,197 P2107631 INFO modality_proj.edge.weight                | shape: (10, 8)                   | params: 80
2026-09-13 22:37:16,197 P2107631 INFO modality_proj.edge.bias                  | shape: (10,)                     | params: 10
2026-09-13 22:37:16,197 P2107631 INFO modality_proj_out.node.weight            | shape: (8, 10)                   | params: 80
2026-09-13 22:37:16,197 P2107631 INFO modality_proj_out.node.bias              | shape: (8,)                      | params: 8
2026-09-13 22:37:16,197 P2107631 INFO modality_proj_out.log.weight             | shape: (32, 10)                  | params: 320
2026-09-13 22:37:16,197 P2107631 INFO modality_proj_out.log.bias               | shape: (32,)                     | params: 32
2026-09-13 22:37:16,197 P2107631 INFO modality_proj_out.edge.weight            | shape: (8, 10)                   | params: 80
2026-09-13 22:37:16,197 P2107631 INFO modality_proj_out.edge.bias              | shape: (8,)                      | params: 8
2026-09-13 22:37:16,197 P2107631 INFO Subtotal: 5,674
2026-09-13 22:37:16,197 P2107631 INFO --------------------------------------------------------------------------------
2026-09-13 22:37:16,197 P2107631 INFO Common Parameters:
2026-09-13 22:37:16,197 P2107631 INFO show.0.weight                            | shape: (128, 69)                 | params: 8,832
2026-09-13 22:37:16,198 P2107631 INFO show.0.bias                              | shape: (128,)                    | params: 128
2026-09-13 22:37:16,198 P2107631 INFO show.2.weight                            | shape: (2, 128)                  | params: 256
2026-09-13 22:37:16,198 P2107631 INFO show.2.bias                              | shape: (2,)                      | params: 2
2026-09-13 22:37:16,198 P2107631 INFO Subtotal: 9,218
2026-09-13 22:37:16,198 P2107631 INFO --------------------------------------------------------------------------------
2026-09-13 22:37:16,198 P2107631 INFO Total Trainable Parameters: 14,892

2026-09-13 22:37:16,198 P2107631 INFO Trainable Parameters: 14892, reconstruction: 5674, common: 9218
2026-09-13 22:37:16,198 P2107631 INFO model : init weight
2026-09-13 22:37:16,199 P2107631 INFO Using GPU...
2026-09-13 22:37:16,206 P2107631 INFO optimizer : using AdaBelief
2026-09-13 22:37:16,206 P2107631 INFO ----------------------------------------------------------------------------------------------------
2026-09-13 22:37:16,206 P2107631 INFO 0/50 starting... lr: 0.001 para:1.0
2026-09-13 22:37:52,997 P2107631 INFO Epoch 0/50, all_loss:0.08047 cls_loss:44.19160 rec_loss:0.08047 [36.79s]; best loss:0.08047, patience : 0
2026-09-13 22:37:52,998 P2107631 INFO ----------------------------------------------------------------------------------------------------
2026-09-13 22:37:52,998 P2107631 INFO 1/50 starting... lr: 0.001 para:0.5
2026-09-13 22:38:37,487 P2107631 INFO Epoch 1/50, all_loss:2.28399 cls_loss:4.28915 rec_loss:0.27882 [44.48s]; best loss:2.28399, patience : 0
2026-09-13 22:38:37,487 P2107631 INFO ----------------------------------------------------------------------------------------------------
2026-09-13 22:38:37,488 P2107631 INFO 2/50 starting... lr: 0.001 para:0.3333333432674408
2026-09-13 22:39:11,402 P2107631 INFO Epoch 2/50, all_loss:1.58449 cls_loss:2.21281 rec_loss:0.32784 [33.91s]; best loss:1.58449, patience : 0
2026-09-13 22:39:33,007 P2107631 INFO pr:0.9057  rc:0.5134  auc:0.9873 ap:0.9042 f1: 0.6554 pred_right: 1076648 pred_wrong:19552 actu_right: 1061708 actu_wrong: 34492
2026-09-13 22:39:40,967 P2107631 INFO pr:0.9098  rc:0.5098  auc:0.9876 ap:0.9053 f1: 0.6535 pred_right: 461503 pred_wrong:8297 actu_right: 454992 actu_wrong: 14808
2026-09-13 22:39:40,973 P2107631 INFO ----------------------------------------------------------------------------------------------------
2026-09-13 22:39:40,973 P2107631 INFO 3/50 starting... lr: 0.001 para:0.25
2026-09-13 22:40:33,072 P2107631 INFO Epoch 3/50, all_loss:1.49808 cls_loss:1.87581 rec_loss:0.36487 [52.07s]; best loss:1.49808, patience : 0
2026-09-13 22:40:58,283 P2107631 INFO pr:0.8888  rc:0.5943  auc:0.9910 ap:0.9259 f1: 0.7123 pred_right: 1073137 pred_wrong:23063 actu_right: 1061709 actu_wrong: 34491
2026-09-13 22:41:06,072 P2107631 INFO pr:0.8946  rc:0.5922  auc:0.9913 ap:0.9274 f1: 0.7126 pred_right: 459998 pred_wrong:9802 actu_right: 454992 actu_wrong: 14808
2026-09-13 22:41:06,078 P2107631 INFO ----------------------------------------------------------------------------------------------------
2026-09-13 22:41:06,079 P2107631 INFO 4/50 starting... lr: 0.001 para:0.20000000298023224
2026-09-13 22:41:43,581 P2107631 INFO Epoch 4/50, all_loss:1.42616 cls_loss:1.67931 rec_loss:0.41356 [37.50s]; best loss:1.42616, patience : 0
2026-09-13 22:42:02,680 P2107631 INFO pr:0.8627  rc:0.6612  auc:0.9939 ap:0.9387 f1: 0.7486 pred_right: 1069767 pred_wrong:26433 actu_right: 1061711 actu_wrong: 34489
2026-09-13 22:42:10,598 P2107631 INFO pr:0.8746  rc:0.6620  auc:0.9942 ap:0.9407 f1: 0.7536 pred_right: 458592 pred_wrong:11208 actu_right: 454992 actu_wrong: 14808
2026-09-13 22:42:10,605 P2107631 INFO ----------------------------------------------------------------------------------------------------
2026-09-13 22:42:10,606 P2107631 INFO 5/50 starting... lr: 0.001 para:0.1666666716337204
2026-09-13 22:42:57,173 P2107631 INFO Epoch 5/50, all_loss:1.30248 cls_loss:1.46047 rec_loss:0.51257 [46.56s]; best loss:1.30248, patience : 0
2026-09-13 22:43:16,098 P2107631 INFO pr:0.8165  rc:0.8187  auc:0.9958 ap:0.9534 f1: 0.8176 pred_right: 1061620 pred_wrong:34580 actu_right: 1061713 actu_wrong: 34487
2026-09-13 22:43:23,610 P2107631 INFO pr:0.8197  rc:0.8183  auc:0.9959 ap:0.9549 f1: 0.8190 pred_right: 455016 pred_wrong:14784 actu_right: 454992 actu_wrong: 14808
2026-09-13 22:43:23,617 P2107631 INFO ----------------------------------------------------------------------------------------------------
2026-09-13 22:43:23,617 P2107631 INFO 6/50 starting... lr: 0.001 para:0.1428571492433548
2026-09-13 22:43:59,759 P2107631 INFO Epoch 6/50, all_loss:1.13408 cls_loss:1.21370 rec_loss:0.65636 [36.14s]; best loss:1.13408, patience : 0
2026-09-13 22:44:17,904 P2107631 INFO pr:0.8790  rc:0.7897  auc:0.9972 ap:0.9660 f1: 0.8320 pred_right: 1065214 pred_wrong:30986 actu_right: 1061710 actu_wrong: 34490
2026-09-13 22:44:25,825 P2107631 INFO pr:0.8865  rc:0.7915  auc:0.9973 ap:0.9670 f1: 0.8363 pred_right: 456579 pred_wrong:13221 actu_right: 454992 actu_wrong: 14808
2026-09-13 22:44:25,830 P2107631 INFO ----------------------------------------------------------------------------------------------------
2026-09-13 22:44:25,830 P2107631 INFO 7/50 starting... lr: 0.001 para:0.125
2026-09-13 22:45:10,845 P2107631 INFO Epoch 7/50, all_loss:0.97619 cls_loss:1.00491 rec_loss:0.77516 [45.01s]; best loss:0.97619, patience : 0
2026-09-13 22:45:29,260 P2107631 INFO pr:0.8808  rc:0.8631  auc:0.9977 ap:0.9730 f1: 0.8718 pred_right: 1062409 pred_wrong:33791 actu_right: 1061715 actu_wrong: 34485
2026-09-13 22:45:37,333 P2107631 INFO pr:0.8845  rc:0.8608  auc:0.9978 ap:0.9738 f1: 0.8725 pred_right: 455390 pred_wrong:14410 actu_right: 454992 actu_wrong: 14808
2026-09-13 22:45:37,339 P2107631 INFO ----------------------------------------------------------------------------------------------------
2026-09-13 22:45:37,340 P2107631 INFO 8/50 starting... lr: 0.001 para:0.1111111119389534
2026-09-13 22:46:14,583 P2107631 INFO Epoch 8/50, all_loss:0.88136 cls_loss:0.89099 rec_loss:0.80433 [37.24s]; best loss:0.88136, patience : 0
2026-09-13 22:46:33,816 P2107631 INFO pr:0.8838  rc:0.8889  auc:0.9981 ap:0.9776 f1: 0.8864 pred_right: 1061516 pred_wrong:34684 actu_right: 1061713 actu_wrong: 34487
2026-09-13 22:46:43,767 P2107631 INFO pr:0.8883  rc:0.8888  auc:0.9982 ap:0.9782 f1: 0.8885 pred_right: 454984 pred_wrong:14816 actu_right: 454992 actu_wrong: 14808
2026-09-13 22:46:43,772 P2107631 INFO ----------------------------------------------------------------------------------------------------
2026-09-13 22:46:43,772 P2107631 INFO 9/50 starting... lr: 0.001 para:0.10000000149011612
2026-09-13 22:47:32,233 P2107631 INFO Epoch 9/50, all_loss:0.83478 cls_loss:0.83597 rec_loss:0.82406 [48.45s]; best loss:0.83478, patience : 0
2026-09-13 22:47:50,503 P2107631 INFO pr:0.8760  rc:0.9219  auc:0.9985 ap:0.9791 f1: 0.8984 pred_right: 1059902 pred_wrong:36298 actu_right: 1061711 actu_wrong: 34489
2026-09-13 22:47:58,344 P2107631 INFO pr:0.8792  rc:0.9237  auc:0.9985 ap:0.9797 f1: 0.9009 pred_right: 454242 pred_wrong:15558 actu_right: 454992 actu_wrong: 14808
2026-09-13 22:47:58,349 P2107631 INFO ----------------------------------------------------------------------------------------------------
2026-09-13 22:47:58,349 P2107631 INFO 10/50 starting... lr: 0.001 para:0.09090909361839294
2026-09-13 22:48:37,134 P2107631 INFO Epoch 10/50, all_loss:0.78838 cls_loss:0.78384 rec_loss:0.83376 [38.78s]; best loss:0.78838, patience : 0
2026-09-13 22:48:57,137 P2107631 INFO pr:0.8886  rc:0.9059  auc:0.9982 ap:0.9798 f1: 0.8972 pred_right: 1061040 pred_wrong:35160 actu_right: 1061712 actu_wrong: 34488
2026-09-13 22:49:02,667 P2107631 INFO pr:0.8922  rc:0.9072  auc:0.9983 ap:0.9798 f1: 0.8996 pred_right: 454742 pred_wrong:15058 actu_right: 454992 actu_wrong: 14808
2026-09-13 22:49:02,668 P2107631 INFO ----------------------------------------------------------------------------------------------------
2026-09-13 22:49:02,668 P2107631 INFO 11/50 starting... lr: 0.001 para:0.0833333358168602
2026-09-13 22:49:49,248 P2107631 INFO Epoch 11/50, all_loss:0.74316 cls_loss:0.73474 rec_loss:0.83583 [46.57s]; best loss:0.74316, patience : 0
2026-09-13 22:50:07,555 P2107631 INFO pr:0.8959  rc:0.9216  auc:0.9986 ap:0.9830 f1: 0.9086 pred_right: 1060719 pred_wrong:35481 actu_right: 1061709 actu_wrong: 34491
2026-09-13 22:50:14,993 P2107631 INFO pr:0.8971  rc:0.9236  auc:0.9987 ap:0.9830 f1: 0.9102 pred_right: 454556 pred_wrong:15244 actu_right: 454992 actu_wrong: 14808
2026-09-13 22:50:14,999 P2107631 INFO ----------------------------------------------------------------------------------------------------
2026-09-13 22:50:14,999 P2107631 INFO 12/50 starting... lr: 0.001 para:0.07692307978868484
2026-09-13 22:50:54,094 P2107631 INFO Epoch 12/50, all_loss:0.73076 cls_loss:0.72113 rec_loss:0.84633 [39.09s]; best loss:0.73076, patience : 0
2026-09-13 22:51:11,849 P2107631 INFO pr:0.8877  rc:0.9314  auc:0.9988 ap:0.9827 f1: 0.9090 pred_right: 1060009 pred_wrong:36191 actu_right: 1061706 actu_wrong: 34494
2026-09-13 22:51:18,357 P2107631 INFO pr:0.8900  rc:0.9303  auc:0.9988 ap:0.9823 f1: 0.9097 pred_right: 454321 pred_wrong:15479 actu_right: 454992 actu_wrong: 14808
2026-09-13 22:51:18,362 P2107631 INFO ----------------------------------------------------------------------------------------------------
2026-09-13 22:51:18,362 P2107631 INFO 13/50 starting... lr: 0.001 para:0.0714285746216774
2026-09-13 22:52:06,386 P2107631 INFO Epoch 13/50, all_loss:0.69436 cls_loss:0.68168 rec_loss:0.85914 [48.02s]; best loss:0.69436, patience : 0
2026-09-13 22:52:25,435 P2107631 INFO pr:0.8763  rc:0.9683  auc:0.9986 ap:0.9852 f1: 0.9200 pred_right: 1058087 pred_wrong:38113 actu_right: 1061710 actu_wrong: 34490
2026-09-13 22:52:33,325 P2107631 INFO pr:0.8785  rc:0.9699  auc:0.9987 ap:0.9851 f1: 0.9220 pred_right: 453451 pred_wrong:16349 actu_right: 454992 actu_wrong: 14808
2026-09-13 22:52:33,331 P2107631 INFO ----------------------------------------------------------------------------------------------------
2026-09-13 22:52:33,331 P2107631 INFO 14/50 starting... lr: 0.001 para:0.06666667014360428
2026-09-13 22:53:12,990 P2107631 INFO Epoch 14/50, all_loss:0.66041 cls_loss:0.64567 rec_loss:0.86688 [39.65s]; best loss:0.66041, patience : 0
2026-09-13 22:53:28,942 P2107631 INFO pr:0.9134  rc:0.9128  auc:0.9988 ap:0.9866 f1: 0.9131 pred_right: 1061727 pred_wrong:34473 actu_right: 1061707 actu_wrong: 34493
2026-09-13 22:53:49,034 P2107631 INFO pr:0.9136  rc:0.9148  auc:0.9987 ap:0.9865 f1: 0.9142 pred_right: 454973 pred_wrong:14827 actu_right: 454992 actu_wrong: 14808
2026-09-13 22:53:49,035 P2107631 INFO ----------------------------------------------------------------------------------------------------
2026-09-13 22:53:49,035 P2107631 INFO 15/50 starting... lr: 0.001 para:0.0625
2026-09-13 22:54:26,425 P2107631 INFO Epoch 15/50, all_loss:0.65215 cls_loss:0.63602 rec_loss:0.89411 [37.38s]; best loss:0.65215, patience : 0
2026-09-13 22:54:44,781 P2107631 INFO pr:0.9203  rc:0.8992  auc:0.9988 ap:0.9867 f1: 0.9096 pred_right: 1062502 pred_wrong:33698 actu_right: 1061711 actu_wrong: 34489
2026-09-13 22:54:52,206 P2107631 INFO pr:0.9210  rc:0.8997  auc:0.9989 ap:0.9870 f1: 0.9102 pred_right: 455334 pred_wrong:14466 actu_right: 454992 actu_wrong: 14808
2026-09-13 22:54:52,207 P2107631 INFO ----------------------------------------------------------------------------------------------------
2026-09-13 22:54:52,207 P2107631 INFO 16/50 starting... lr: 0.001 para:0.05882352963089943
2026-09-13 22:55:29,973 P2107631 INFO Epoch 16/50, all_loss:0.63831 cls_loss:0.62196 rec_loss:0.90002 [37.76s]; best loss:0.63831, patience : 0
2026-09-13 22:55:54,022 P2107631 INFO pr:0.9143  rc:0.9143  auc:0.9989 ap:0.9875 f1: 0.9143 pred_right: 1061709 pred_wrong:34491 actu_right: 1061709 actu_wrong: 34491
2026-09-13 22:56:06,217 P2107631 INFO pr:0.9153  rc:0.9162  auc:0.9988 ap:0.9873 f1: 0.9158 pred_right: 454978 pred_wrong:14822 actu_right: 454992 actu_wrong: 14808
2026-09-13 22:56:06,218 P2107631 INFO ----------------------------------------------------------------------------------------------------
2026-09-13 22:56:06,218 P2107631 INFO 17/50 starting... lr: 0.001 para:0.0555555559694767
2026-09-13 22:56:42,735 P2107631 INFO Epoch 17/50, all_loss:0.60934 cls_loss:0.59002 rec_loss:0.93781 [36.51s]; best loss:0.60934, patience : 0
2026-09-13 22:57:00,914 P2107631 INFO pr:0.8923  rc:0.9706  auc:0.9986 ap:0.9872 f1: 0.9298 pred_right: 1058684 pred_wrong:37516 actu_right: 1061710 actu_wrong: 34490
2026-09-13 22:57:08,713 P2107631 INFO pr:0.8940  rc:0.9706  auc:0.9988 ap:0.9876 f1: 0.9307 pred_right: 453723 pred_wrong:16077 actu_right: 454992 actu_wrong: 14808
2026-09-13 22:57:08,719 P2107631 INFO ----------------------------------------------------------------------------------------------------
2026-09-13 22:57:08,720 P2107631 INFO 18/50 starting... lr: 0.001 para:0.05263157933950424
2026-09-13 22:57:45,344 P2107631 INFO Epoch 18/50, all_loss:0.59248 cls_loss:0.57248 rec_loss:0.95243 [36.62s]; best loss:0.59248, patience : 0
2026-09-13 22:58:16,097 P2107631 INFO pr:0.9038  rc:0.9565  auc:0.9990 ap:0.9877 f1: 0.9294 pred_right: 1059699 pred_wrong:36501 actu_right: 1061711 actu_wrong: 34489
2026-09-13 22:58:24,130 P2107631 INFO pr:0.9055  rc:0.9579  auc:0.9990 ap:0.9874 f1: 0.9310 pred_right: 454136 pred_wrong:15664 actu_right: 454992 actu_wrong: 14808
2026-09-13 22:58:24,131 P2107631 INFO ----------------------------------------------------------------------------------------------------
2026-09-13 22:58:24,131 P2107631 INFO 19/50 starting... lr: 0.001 para:0.05000000074505806
2026-09-13 22:59:00,881 P2107631 INFO Epoch 19/50, all_loss:0.58523 cls_loss:0.56602 rec_loss:0.95031 [36.74s]; best loss:0.58523, patience : 0
2026-09-13 22:59:19,112 P2107631 INFO pr:0.8993  rc:0.9639  auc:0.9992 ap:0.9894 f1: 0.9305 pred_right: 1059232 pred_wrong:36968 actu_right: 1061709 actu_wrong: 34491
2026-09-13 22:59:26,422 P2107631 INFO pr:0.9009  rc:0.9639  auc:0.9991 ap:0.9888 f1: 0.9314 pred_right: 453956 pred_wrong:15844 actu_right: 454992 actu_wrong: 14808
2026-09-13 22:59:26,429 P2107631 INFO ----------------------------------------------------------------------------------------------------
2026-09-13 22:59:26,429 P2107631 INFO 20/50 starting... lr: 0.001 para:0.0476190485060215
2026-09-13 23:00:03,684 P2107631 INFO Epoch 20/50, all_loss:0.57808 cls_loss:0.55912 rec_loss:0.95716 [37.25s]; best loss:0.57808, patience : 0
2026-09-13 23:00:36,507 P2107631 INFO pr:0.9262  rc:0.9336  auc:0.9990 ap:0.9891 f1: 0.9299 pred_right: 1061436 pred_wrong:34764 actu_right: 1061711 actu_wrong: 34489
2026-09-13 23:00:44,208 P2107631 INFO pr:0.9261  rc:0.9292  auc:0.9990 ap:0.9887 f1: 0.9277 pred_right: 454942 pred_wrong:14858 actu_right: 454992 actu_wrong: 14808
2026-09-13 23:00:44,209 P2107631 INFO ----------------------------------------------------------------------------------------------------
2026-09-13 23:00:44,209 P2107631 INFO 21/50 starting... lr: 0.001 para:0.04545454680919647
2026-09-13 23:01:19,801 P2107631 INFO Epoch 21/50, all_loss:0.55856 cls_loss:0.53816 rec_loss:0.98703 [35.58s]; best loss:0.55856, patience : 0
2026-09-13 23:01:38,582 P2107631 INFO pr:0.9141  rc:0.9672  auc:0.9993 ap:0.9899 f1: 0.9399 pred_right: 1059709 pred_wrong:36491 actu_right: 1061712 actu_wrong: 34488
2026-09-13 23:01:46,261 P2107631 INFO pr:0.9159  rc:0.9647  auc:0.9992 ap:0.9894 f1: 0.9397 pred_right: 454204 pred_wrong:15596 actu_right: 454992 actu_wrong: 14808
2026-09-13 23:01:46,267 P2107631 INFO ----------------------------------------------------------------------------------------------------
2026-09-13 23:01:46,268 P2107631 INFO 22/50 starting... lr: 0.001 para:0.043478261679410934
2026-09-13 23:02:28,482 P2107631 INFO Epoch 22/50, all_loss:0.53568 cls_loss:0.51413 rec_loss:1.00969 [42.20s]; best loss:0.53568, patience : 0
2026-09-13 23:02:51,987 P2107631 INFO pr:0.9318  rc:0.9370  auc:0.9993 ap:0.9911 f1: 0.9344 pred_right: 1061525 pred_wrong:34675 actu_right: 1061715 actu_wrong: 34485
2026-09-13 23:02:59,673 P2107631 INFO pr:0.9315  rc:0.9351  auc:0.9993 ap:0.9905 f1: 0.9333 pred_right: 454935 pred_wrong:14865 actu_right: 454992 actu_wrong: 14808
2026-09-13 23:02:59,674 P2107631 INFO ----------------------------------------------------------------------------------------------------
2026-09-13 23:02:59,674 P2107631 INFO 23/50 starting... lr: 0.001 para:0.0416666679084301
2026-09-13 23:03:36,291 P2107631 INFO Epoch 23/50, all_loss:0.51830 cls_loss:0.49658 rec_loss:1.01793 [36.61s]; best loss:0.51830, patience : 0
2026-09-13 23:03:55,711 P2107631 INFO pr:0.8932  rc:0.9853  auc:0.9994 ap:0.9920 f1: 0.9370 pred_right: 1058158 pred_wrong:38042 actu_right: 1061713 actu_wrong: 34487
2026-09-13 23:04:03,206 P2107631 INFO pr:0.8955  rc:0.9841  auc:0.9993 ap:0.9914 f1: 0.9377 pred_right: 453526 pred_wrong:16274 actu_right: 454992 actu_wrong: 14808
2026-09-13 23:04:03,207 P2107631 INFO ----------------------------------------------------------------------------------------------------
2026-09-13 23:04:03,207 P2107631 INFO 24/50 starting... lr: 0.001 para:0.03999999910593033
2026-09-13 23:04:48,690 P2107631 INFO Epoch 24/50, all_loss:0.51506 cls_loss:0.49367 rec_loss:1.02828 [45.48s]; best loss:0.51506, patience : 0
2026-09-13 23:05:07,308 P2107631 INFO pr:0.9463  rc:0.9061  auc:0.9989 ap:0.9920 f1: 0.9257 pred_right: 1063178 pred_wrong:33022 actu_right: 1061711 actu_wrong: 34489
2026-09-13 23:05:15,069 P2107631 INFO pr:0.9438  rc:0.9017  auc:0.9991 ap:0.9918 f1: 0.9223 pred_right: 455652 pred_wrong:14148 actu_right: 454992 actu_wrong: 14808
2026-09-13 23:05:15,070 P2107631 INFO ----------------------------------------------------------------------------------------------------
2026-09-13 23:05:15,071 P2107631 INFO 25/50 starting... lr: 0.001 para:0.03846153989434242
2026-09-13 23:05:50,535 P2107631 INFO Epoch 25/50, all_loss:0.49820 cls_loss:0.47622 rec_loss:1.04774 [35.46s]; best loss:0.49820, patience : 0
2026-09-13 23:06:09,576 P2107631 INFO pr:0.9107  rc:0.9703  auc:0.9994 ap:0.9906 f1: 0.9395 pred_right: 1059450 pred_wrong:36750 actu_right: 1061709 actu_wrong: 34491
2026-09-13 23:06:17,384 P2107631 INFO pr:0.9100  rc:0.9696  auc:0.9992 ap:0.9898 f1: 0.9389 pred_right: 454022 pred_wrong:15778 actu_right: 454992 actu_wrong: 14808
2026-09-13 23:06:17,385 P2107631 INFO ----------------------------------------------------------------------------------------------------
2026-09-13 23:06:17,385 P2107631 INFO 26/50 starting... lr: 0.001 para:0.03703703731298447
2026-09-13 23:07:03,479 P2107631 INFO Epoch 26/50, all_loss:0.51359 cls_loss:0.49262 rec_loss:1.05896 [46.09s]; best loss:0.49820, patience : 1
2026-09-13 23:07:21,889 P2107631 INFO pr:0.9019  rc:0.9772  auc:0.9990 ap:0.9917 f1: 0.9380 pred_right: 1058827 pred_wrong:37373 actu_right: 1061708 actu_wrong: 34492
2026-09-13 23:07:29,598 P2107631 INFO pr:0.9030  rc:0.9771  auc:0.9991 ap:0.9913 f1: 0.9386 pred_right: 453777 pred_wrong:16023 actu_right: 454992 actu_wrong: 14808
2026-09-13 23:07:29,599 P2107631 INFO ----------------------------------------------------------------------------------------------------
2026-09-13 23:07:29,600 P2107631 INFO 27/50 starting... lr: 0.001 para:0.0357142873108387
2026-09-13 23:08:05,794 P2107631 INFO Epoch 27/50, all_loss:0.47640 cls_loss:0.45436 rec_loss:1.07152 [36.19s]; best loss:0.47640, patience : 0
2026-09-13 23:08:24,556 P2107631 INFO pr:0.9199  rc:0.9733  auc:0.9994 ap:0.9926 f1: 0.9458 pred_right: 1059707 pred_wrong:36493 actu_right: 1061711 actu_wrong: 34489
2026-09-13 23:08:34,585 P2107631 INFO pr:0.9194  rc:0.9688  auc:0.9993 ap:0.9921 f1: 0.9435 pred_right: 454197 pred_wrong:15603 actu_right: 454992 actu_wrong: 14808
2026-09-13 23:08:34,589 P2107631 INFO ----------------------------------------------------------------------------------------------------
2026-09-13 23:08:34,589 P2107631 INFO 28/50 starting... lr: 0.001 para:0.03448275849223137
2026-09-13 23:09:19,698 P2107631 INFO Epoch 28/50, all_loss:0.46546 cls_loss:0.44375 rec_loss:1.07344 [45.10s]; best loss:0.46546, patience : 0
2026-09-13 23:09:37,702 P2107631 INFO pr:0.9398  rc:0.9483  auc:0.9994 ap:0.9927 f1: 0.9440 pred_right: 1061394 pred_wrong:34806 actu_right: 1061708 actu_wrong: 34492
2026-09-13 23:09:45,031 P2107631 INFO pr:0.9398  rc:0.9434  auc:0.9993 ap:0.9920 f1: 0.9416 pred_right: 454935 pred_wrong:14865 actu_right: 454992 actu_wrong: 14808
2026-09-13 23:09:45,032 P2107631 INFO ----------------------------------------------------------------------------------------------------
2026-09-13 23:09:45,032 P2107631 INFO 29/50 starting... lr: 0.001 para:0.03333333507180214
2026-09-13 23:10:22,216 P2107631 INFO Epoch 29/50, all_loss:0.47267 cls_loss:0.45137 rec_loss:1.09033 [37.18s]; best loss:0.46546, patience : 1
2026-09-13 23:10:41,332 P2107631 INFO pr:0.8935  rc:0.9888  auc:0.9994 ap:0.9934 f1: 0.9387 pred_right: 1058033 pred_wrong:38167 actu_right: 1061712 actu_wrong: 34488
2026-09-13 23:10:49,763 P2107631 INFO pr:0.8925  rc:0.9878  auc:0.9993 ap:0.9927 f1: 0.9378 pred_right: 453411 pred_wrong:16389 actu_right: 454992 actu_wrong: 14808
2026-09-13 23:10:49,764 P2107631 INFO ----------------------------------------------------------------------------------------------------
2026-09-13 23:10:49,764 P2107631 INFO 30/50 starting... lr: 0.001 para:0.032258063554763794
2026-09-13 23:11:36,338 P2107631 INFO Epoch 30/50, all_loss:0.45799 cls_loss:0.43655 rec_loss:1.10114 [46.57s]; best loss:0.45799, patience : 0
2026-09-13 23:11:54,144 P2107631 INFO pr:0.9322  rc:0.9624  auc:0.9994 ap:0.9930 f1: 0.9471 pred_right: 1060595 pred_wrong:35605 actu_right: 1061712 actu_wrong: 34488
2026-09-13 23:12:01,598 P2107631 INFO pr:0.9341  rc:0.9595  auc:0.9993 ap:0.9922 f1: 0.9466 pred_right: 454589 pred_wrong:15211 actu_right: 454992 actu_wrong: 14808
2026-09-13 23:12:01,604 P2107631 INFO ----------------------------------------------------------------------------------------------------
2026-09-13 23:12:01,604 P2107631 INFO 31/50 starting... lr: 0.001 para:0.03125
2026-09-13 23:12:39,719 P2107631 INFO Epoch 31/50, all_loss:0.44755 cls_loss:0.42594 rec_loss:1.11746 [38.11s]; best loss:0.44755, patience : 0
2026-09-13 23:12:59,491 P2107631 INFO pr:0.9350  rc:0.9447  auc:0.9993 ap:0.9936 f1: 0.9398 pred_right: 1061352 pred_wrong:34848 actu_right: 1061709 actu_wrong: 34491
2026-09-13 23:13:05,318 P2107631 INFO pr:0.9344  rc:0.9420  auc:0.9993 ap:0.9931 f1: 0.9382 pred_right: 454871 pred_wrong:14929 actu_right: 454992 actu_wrong: 14808
2026-09-13 23:13:05,319 P2107631 INFO ----------------------------------------------------------------------------------------------------
2026-09-13 23:13:05,319 P2107631 INFO 32/50 starting... lr: 0.001 para:0.03030303120613098
2026-09-13 23:13:51,799 P2107631 INFO Epoch 32/50, all_loss:0.44636 cls_loss:0.42554 rec_loss:1.11251 [46.47s]; best loss:0.44636, patience : 0
2026-09-13 23:14:09,547 P2107631 INFO pr:0.9391  rc:0.9528  auc:0.9989 ap:0.9924 f1: 0.9459 pred_right: 1061209 pred_wrong:34991 actu_right: 1061712 actu_wrong: 34488
2026-09-13 23:14:17,244 P2107631 INFO pr:0.9399  rc:0.9477  auc:0.9990 ap:0.9922 f1: 0.9437 pred_right: 454869 pred_wrong:14931 actu_right: 454992 actu_wrong: 14808
2026-09-13 23:14:17,245 P2107631 INFO ----------------------------------------------------------------------------------------------------
2026-09-13 23:14:17,245 P2107631 INFO 33/50 starting... lr: 0.001 para:0.029411764815449715
2026-09-13 23:14:55,058 P2107631 INFO Epoch 33/50, all_loss:0.44532 cls_loss:0.42430 rec_loss:1.13883 [37.81s]; best loss:0.44532, patience : 0
2026-09-13 23:15:13,923 P2107631 INFO pr:0.9329  rc:0.9691  auc:0.9995 ap:0.9938 f1: 0.9506 pred_right: 1060375 pred_wrong:35825 actu_right: 1061711 actu_wrong: 34489
2026-09-13 23:15:20,046 P2107631 INFO pr:0.9317  rc:0.9666  auc:0.9994 ap:0.9930 f1: 0.9488 pred_right: 454437 pred_wrong:15363 actu_right: 454992 actu_wrong: 14808
2026-09-13 23:15:20,053 P2107631 INFO ----------------------------------------------------------------------------------------------------
2026-09-13 23:15:20,053 P2107631 INFO 34/50 starting... lr: 0.001 para:0.02857142873108387
2026-09-13 23:16:07,496 P2107631 INFO Epoch 34/50, all_loss:0.43488 cls_loss:0.41464 rec_loss:1.12312 [47.44s]; best loss:0.43488, patience : 0
2026-09-13 23:16:25,802 P2107631 INFO pr:0.9436  rc:0.9478  auc:0.9994 ap:0.9934 f1: 0.9457 pred_right: 1061553 pred_wrong:34647 actu_right: 1061707 actu_wrong: 34493
2026-09-13 23:16:33,786 P2107631 INFO pr:0.9417  rc:0.9444  auc:0.9993 ap:0.9923 f1: 0.9430 pred_right: 454950 pred_wrong:14850 actu_right: 454992 actu_wrong: 14808
2026-09-13 23:16:33,787 P2107631 INFO ----------------------------------------------------------------------------------------------------
2026-09-13 23:16:33,788 P2107631 INFO 35/50 starting... lr: 0.001 para:0.02777777798473835
2026-09-13 23:17:10,317 P2107631 INFO Epoch 35/50, all_loss:0.42795 cls_loss:0.40741 rec_loss:1.14715 [36.52s]; best loss:0.42795, patience : 0
2026-09-13 23:17:27,973 P2107631 INFO pr:0.9217  rc:0.9784  auc:0.9993 ap:0.9937 f1: 0.9492 pred_right: 1059593 pred_wrong:36607 actu_right: 1061714 actu_wrong: 34486
2026-09-13 23:17:36,579 P2107631 INFO pr:0.9221  rc:0.9766  auc:0.9993 ap:0.9928 f1: 0.9486 pred_right: 454117 pred_wrong:15683 actu_right: 454992 actu_wrong: 14808
2026-09-13 23:17:36,581 P2107631 INFO ----------------------------------------------------------------------------------------------------
2026-09-13 23:17:36,582 P2107631 INFO 36/50 starting... lr: 0.001 para:0.027027027681469917
2026-09-13 23:18:22,240 P2107631 INFO Epoch 36/50, all_loss:0.43018 cls_loss:0.40995 rec_loss:1.15877 [45.66s]; best loss:0.42795, patience : 1
2026-09-13 23:18:40,124 P2107631 INFO pr:0.9333  rc:0.9748  auc:0.9995 ap:0.9947 f1: 0.9536 pred_right: 1060176 pred_wrong:36024 actu_right: 1061709 actu_wrong: 34491
2026-09-13 23:18:47,459 P2107631 INFO pr:0.9316  rc:0.9722  auc:0.9995 ap:0.9938 f1: 0.9515 pred_right: 454347 pred_wrong:15453 actu_right: 454992 actu_wrong: 14808
2026-09-13 23:18:47,466 P2107631 INFO ----------------------------------------------------------------------------------------------------
2026-09-13 23:18:47,466 P2107631 INFO 37/50 starting... lr: 0.001 para:0.02631578966975212
2026-09-13 23:19:27,061 P2107631 INFO Epoch 37/50, all_loss:0.42854 cls_loss:0.40918 rec_loss:1.14498 [39.59s]; best loss:0.42795, patience : 1
2026-09-13 23:19:42,595 P2107631 INFO pr:0.9423  rc:0.9609  auc:0.9995 ap:0.9934 f1: 0.9515 pred_right: 1061026 pred_wrong:35174 actu_right: 1061710 actu_wrong: 34490
2026-09-13 23:20:03,824 P2107631 INFO pr:0.9414  rc:0.9585  auc:0.9994 ap:0.9927 f1: 0.9498 pred_right: 454723 pred_wrong:15077 actu_right: 454992 actu_wrong: 14808
2026-09-13 23:20:03,826 P2107631 INFO ----------------------------------------------------------------------------------------------------
2026-09-13 23:20:03,826 P2107631 INFO 38/50 starting... lr: 0.001 para:0.025641025975346565
2026-09-13 23:20:40,456 P2107631 INFO Epoch 38/50, all_loss:0.40415 cls_loss:0.38394 rec_loss:1.17231 [36.62s]; best loss:0.40415, patience : 0
2026-09-13 23:20:58,914 P2107631 INFO pr:0.9408  rc:0.9652  auc:0.9992 ap:0.9943 f1: 0.9528 pred_right: 1060812 pred_wrong:35388 actu_right: 1061709 actu_wrong: 34491
2026-09-13 23:21:06,826 P2107631 INFO pr:0.9403  rc:0.9610  auc:0.9993 ap:0.9935 f1: 0.9505 pred_right: 454665 pred_wrong:15135 actu_right: 454992 actu_wrong: 14808
2026-09-13 23:21:06,827 P2107631 INFO ----------------------------------------------------------------------------------------------------
2026-09-13 23:21:06,828 P2107631 INFO 39/50 starting... lr: 0.001 para:0.02500000037252903
2026-09-13 23:21:43,795 P2107631 INFO Epoch 39/50, all_loss:0.39988 cls_loss:0.37997 rec_loss:1.17630 [36.96s]; best loss:0.39988, patience : 0
2026-09-13 23:22:05,609 P2107631 INFO pr:0.9488  rc:0.9635  auc:0.9994 ap:0.9946 f1: 0.9561 pred_right: 1061177 pred_wrong:35023 actu_right: 1061713 actu_wrong: 34487
2026-09-13 23:22:19,929 P2107631 INFO pr:0.9470  rc:0.9608  auc:0.9993 ap:0.9941 f1: 0.9539 pred_right: 454776 pred_wrong:15024 actu_right: 454992 actu_wrong: 14808
2026-09-13 23:22:19,935 P2107631 INFO ----------------------------------------------------------------------------------------------------
2026-09-13 23:22:19,935 P2107631 INFO 40/50 starting... lr: 0.001 para:0.024390242993831635
2026-09-13 23:22:55,668 P2107631 INFO Epoch 40/50, all_loss:0.38668 cls_loss:0.36672 rec_loss:1.18527 [35.72s]; best loss:0.38668, patience : 0
2026-09-13 23:23:14,059 P2107631 INFO pr:0.9479  rc:0.9651  auc:0.9995 ap:0.9948 f1: 0.9564 pred_right: 1061086 pred_wrong:35114 actu_right: 1061711 actu_wrong: 34489
2026-09-13 23:23:21,769 P2107631 INFO pr:0.9450  rc:0.9596  auc:0.9994 ap:0.9936 f1: 0.9523 pred_right: 454763 pred_wrong:15037 actu_right: 454992 actu_wrong: 14808
2026-09-13 23:23:21,775 P2107631 INFO ----------------------------------------------------------------------------------------------------
2026-09-13 23:23:21,775 P2107631 INFO 41/50 starting... lr: 0.001 para:0.02380952425301075
2026-09-13 23:23:58,111 P2107631 INFO Epoch 41/50, all_loss:0.38703 cls_loss:0.36768 rec_loss:1.18003 [36.33s]; best loss:0.38668, patience : 1
2026-09-13 23:24:28,842 P2107631 INFO pr:0.9445  rc:0.9656  auc:0.9996 ap:0.9954 f1: 0.9549 pred_right: 1060943 pred_wrong:35257 actu_right: 1061712 actu_wrong: 34488
2026-09-13 23:24:36,597 P2107631 INFO pr:0.9415  rc:0.9608  auc:0.9994 ap:0.9942 f1: 0.9510 pred_right: 454689 pred_wrong:15111 actu_right: 454992 actu_wrong: 14808
2026-09-13 23:24:36,599 P2107631 INFO ----------------------------------------------------------------------------------------------------
2026-09-13 23:24:36,599 P2107631 INFO 42/50 starting... lr: 0.001 para:0.023255813866853714
2026-09-13 23:25:11,802 P2107631 INFO Epoch 42/50, all_loss:0.39169 cls_loss:0.37249 rec_loss:1.19800 [35.20s]; best loss:0.38668, patience : 2
2026-09-13 23:25:30,880 P2107631 INFO pr:0.9509  rc:0.9679  auc:0.9996 ap:0.9953 f1: 0.9593 pred_right: 1061093 pred_wrong:35107 actu_right: 1061709 actu_wrong: 34491
2026-09-13 23:25:39,016 P2107631 INFO pr:0.9497  rc:0.9620  auc:0.9994 ap:0.9941 f1: 0.9558 pred_right: 454800 pred_wrong:15000 actu_right: 454992 actu_wrong: 14808
2026-09-13 23:25:39,023 P2107631 INFO ----------------------------------------------------------------------------------------------------
2026-09-13 23:25:39,023 P2107631 INFO 43/50 starting... lr: 0.001 para:0.022727273404598236
2026-09-13 23:26:14,043 P2107631 INFO Epoch 43/50, all_loss:0.39516 cls_loss:0.37636 rec_loss:1.20357 [35.02s]; best loss:0.38668, patience : 3
2026-09-13 23:26:44,944 P2107631 INFO pr:0.9592  rc:0.9401  auc:0.9995 ap:0.9953 f1: 0.9496 pred_right: 1062396 pred_wrong:33804 actu_right: 1061709 actu_wrong: 34491
2026-09-13 23:26:52,609 P2107631 INFO pr:0.9577  rc:0.9375  auc:0.9994 ap:0.9946 f1: 0.9475 pred_right: 455304 pred_wrong:14496 actu_right: 454992 actu_wrong: 14808
2026-09-13 23:26:52,610 P2107631 INFO ----------------------------------------------------------------------------------------------------
2026-09-13 23:26:52,610 P2107631 INFO 44/50 starting... lr: 0.001 para:0.02222222276031971
2026-09-13 23:27:28,512 P2107631 INFO Epoch 44/50, all_loss:0.37937 cls_loss:0.36096 rec_loss:1.18937 [35.90s]; best loss:0.37937, patience : 0
2026-09-13 23:27:46,947 P2107631 INFO pr:0.9493  rc:0.9609  auc:0.9995 ap:0.9948 f1: 0.9551 pred_right: 1061287 pred_wrong:34913 actu_right: 1061708 actu_wrong: 34492
2026-09-13 23:27:54,487 P2107631 INFO pr:0.9457  rc:0.9553  auc:0.9994 ap:0.9935 f1: 0.9505 pred_right: 454842 pred_wrong:14958 actu_right: 454992 actu_wrong: 14808
2026-09-13 23:27:54,488 P2107631 INFO ----------------------------------------------------------------------------------------------------
2026-09-13 23:27:54,488 P2107631 INFO 45/50 starting... lr: 0.001 para:0.021739130839705467
2026-09-13 23:28:30,674 P2107631 INFO Epoch 45/50, all_loss:0.36990 cls_loss:0.35123 rec_loss:1.20977 [36.18s]; best loss:0.36990, patience : 0
2026-09-13 23:29:02,954 P2107631 INFO pr:0.9341  rc:0.9779  auc:0.9991 ap:0.9947 f1: 0.9555 pred_right: 1060087 pred_wrong:36113 actu_right: 1061705 actu_wrong: 34495
2026-09-13 23:29:10,488 P2107631 INFO pr:0.9305  rc:0.9723  auc:0.9991 ap:0.9938 f1: 0.9510 pred_right: 454327 pred_wrong:15473 actu_right: 454992 actu_wrong: 14808
2026-09-13 23:29:10,489 P2107631 INFO ----------------------------------------------------------------------------------------------------
2026-09-13 23:29:10,490 P2107631 INFO 46/50 starting... lr: 0.001 para:0.021276595070958138
2026-09-13 23:29:46,684 P2107631 INFO Epoch 46/50, all_loss:0.36979 cls_loss:0.35122 rec_loss:1.22429 [36.19s]; best loss:0.36979, patience : 0
2026-09-13 23:30:05,593 P2107631 INFO pr:0.9600  rc:0.9412  auc:0.9994 ap:0.9950 f1: 0.9505 pred_right: 1062382 pred_wrong:33818 actu_right: 1061707 actu_wrong: 34493
2026-09-13 23:30:13,371 P2107631 INFO pr:0.9590  rc:0.9346  auc:0.9993 ap:0.9944 f1: 0.9467 pred_right: 455369 pred_wrong:14431 actu_right: 454992 actu_wrong: 14808
2026-09-13 23:30:13,372 P2107631 INFO ----------------------------------------------------------------------------------------------------
2026-09-13 23:30:13,372 P2107631 INFO 47/50 starting... lr: 0.001 para:0.02083333395421505
2026-09-13 23:30:51,632 P2107631 INFO Epoch 47/50, all_loss:0.34966 cls_loss:0.33107 rec_loss:1.22354 [38.25s]; best loss:0.34966, patience : 0
2026-09-13 23:31:20,862 P2107631 INFO pr:0.9601  rc:0.9347  auc:0.9995 ap:0.9949 f1: 0.9472 pred_right: 1062621 pred_wrong:33579 actu_right: 1061709 actu_wrong: 34491
2026-09-13 23:31:27,945 P2107631 INFO pr:0.9584  rc:0.9313  auc:0.9993 ap:0.9940 f1: 0.9447 pred_right: 455411 pred_wrong:14389 actu_right: 454992 actu_wrong: 14808
2026-09-13 23:31:27,947 P2107631 INFO ----------------------------------------------------------------------------------------------------
2026-09-13 23:31:27,953 P2107631 INFO 48/50 starting... lr: 0.001 para:0.020408162847161293
2026-09-13 23:32:03,719 P2107631 INFO Epoch 48/50, all_loss:0.35633 cls_loss:0.33795 rec_loss:1.23868 [35.76s]; best loss:0.34966, patience : 1
2026-09-13 23:32:22,731 P2107631 INFO pr:0.9406  rc:0.9797  auc:0.9996 ap:0.9956 f1: 0.9598 pred_right: 1060277 pred_wrong:35923 actu_right: 1061712 actu_wrong: 34488
2026-09-13 23:32:30,705 P2107631 INFO pr:0.9377  rc:0.9754  auc:0.9995 ap:0.9944 f1: 0.9561 pred_right: 454397 pred_wrong:15403 actu_right: 454992 actu_wrong: 14808
2026-09-13 23:32:30,711 P2107631 INFO ----------------------------------------------------------------------------------------------------
2026-09-13 23:32:30,713 P2107631 INFO 49/50 starting... lr: 0.001 para:0.019999999552965164
2026-09-13 23:33:15,896 P2107631 INFO Epoch 49/50, all_loss:0.36596 cls_loss:0.34836 rec_loss:1.22829 [45.18s]; best loss:0.34966, patience : 2
2026-09-13 23:33:35,195 P2107631 INFO pr:0.9738  rc:0.8946  auc:0.9994 ap:0.9956 f1: 0.9325 pred_right: 1064515 pred_wrong:31685 actu_right: 1061709 actu_wrong: 34491
2026-09-13 23:33:42,800 P2107631 INFO pr:0.9724  rc:0.8892  auc:0.9994 ap:0.9946 f1: 0.9289 pred_right: 456259 pred_wrong:13541 actu_right: 454992 actu_wrong: 14808
2026-09-13 23:33:42,801 P2107631 INFO saving model...
2026-09-13 23:33:42,801 P2107631 INFO FITS_Legendre - loss  best score:0.3496614396572113 at epoch 47
2026-09-13 23:33:42,809 P2107631 INFO FITS_Legendre - f1  best score:0.9597648094757921 at epoch 48
2026-09-13 23:33:42,817 P2107631 INFO Average training time per epoch: 39.88 seconds
2026-09-13 23:33:42,819 P2107631 INFO calculate scores...
2026-09-13 23:33:42,819 P2107631 INFO calculate label with loss...
2026-09-13 23:33:42,819 P2107631 INFO FITS_Legendre on ./result/server_only_exps/Ablations_updatedFreDF/FITS_Legendre-TT-Epochs50-Seed1-ExpNameRQ2z5_basis_degree_comparison-LPFLPF-Attnlinear_attn-NormLinTrue-RecLambda1.0-AuxiLambda0.2-lowshow-simplegraph-Degree7-BasisTypelegendre loading...
2026-09-13 23:33:50,603 P2107631 INFO pr:0.9584  rc:0.9313  auc:0.9993 ap:0.9940 f1: 0.9447 pred_right: 455411 pred_wrong:14389 actu_right: 454992 actu_wrong: 14808
2026-09-13 23:34:03,402 P2107631 INFO pr:0.9584  rc:0.9313  auc:0.9993 ap:0.9940 f1: 0.9447 pred_right: 455411 pred_wrong:14389 actu_right: 454992 actu_wrong: 14808
2026-09-13 23:34:03,403 P2107631 INFO Performance Summary:
{'GPU': {'inference_time_per_sample_ms': 0.4023445908976751, 'throughput_samples_per_sec': 2485.431698656343, 'peak_memory_mb': 87.724609375, 'energy_per_sample_joules': 0.01944491173349374}, 'CPU': {'inference_time_per_sample_ms': 0.6894278060965642, 'throughput_samples_per_sec': 1450.4781953339661, 'peak_memory_mb': 5959.45703125, 'energy_per_sample_joules': 0.044812807396276674}}
2026-09-13 23:34:03,403 P2107631 INFO Starting clean-room hardware benchmarking...
2026-09-13 23:34:04,765 P2107631 INFO Performance with loss: pr:0.9584  rc:0.9313  auc:0.9993 ap:0.9940 f1: 0.9447 pred_right: 455411 pred_wrong:14389 actu_right: 454992 actu_wrong: 14808
2026-09-13 23:34:04,765 P2107631 INFO calculate label with f1...
2026-09-13 23:34:04,765 P2107631 INFO FITS_Legendre on ./result/server_only_exps/Ablations_updatedFreDF/FITS_Legendre-TT-Epochs50-Seed1-ExpNameRQ2z5_basis_degree_comparison-LPFLPF-Attnlinear_attn-NormLinTrue-RecLambda1.0-AuxiLambda0.2-lowshow-simplegraph-Degree7-BasisTypelegendre loading...
2026-09-13 23:34:12,017 P2107631 INFO pr:0.9377  rc:0.9754  auc:0.9995 ap:0.9944 f1: 0.9561 pred_right: 454397 pred_wrong:15403 actu_right: 454992 actu_wrong: 14808
2026-09-13 23:34:25,178 P2107631 INFO pr:0.9377  rc:0.9754  auc:0.9995 ap:0.9944 f1: 0.9561 pred_right: 454397 pred_wrong:15403 actu_right: 454992 actu_wrong: 14808
2026-09-13 23:34:25,178 P2107631 INFO Performance Summary:
{'GPU': {'inference_time_per_sample_ms': 0.37224662071254305, 'throughput_samples_per_sec': 2686.3910761253674, 'peak_memory_mb': 87.220703125, 'energy_per_sample_joules': 0.019279583103254387}, 'CPU': {'inference_time_per_sample_ms': 0.7075667518151477, 'throughput_samples_per_sec': 1413.2942191456316, 'peak_memory_mb': 5839.7734375, 'energy_per_sample_joules': 0.0459918388679846}}
2026-09-13 23:34:25,179 P2107631 INFO Starting clean-room hardware benchmarking...
2026-09-13 23:34:26,640 P2107631 INFO Performance with f1: pr:0.9377  rc:0.9754  auc:0.9995 ap:0.9944 f1: 0.9561 pred_right: 454397 pred_wrong:15403 actu_right: 454992 actu_wrong: 14808
2026-09-13 23:34:26,640 P2107631 INFO Collecting case-study samples...
