2026-07-23 02:34:13,982 P3730713 INFO ---- Model: ----MSTGAD-fcba5e18----random_seed : 1----req_loss_approach : Legendre-style----rec_lambda : 1.0----auxi_lambda : 0.5----Freq Domain : FITS_Legendre----Multi Fits : false----train : True----evaluate : False
2026-07-23 02:34:13,982 P3730713 INFO Load from /home/db2003/Desktop/Amr/Tests/Eadro/codes/chunks/TT
2026-07-23 02:34:31,995 P3730713 INFO Fewshot: training with 1.0 of the 70% of the data
2026-07-23 02:34:32,079 P3730713 INFO Trainable Parameters Breakdown:
2026-07-23 02:34:32,079 P3730713 INFO --------------------------------------------------------------------------------
2026-07-23 02:34:32,079 P3730713 INFO Reconstruction-Specific Parameters:
2026-07-23 02:34:32,079 P3730713 INFO node_emb.linear.weight                   | shape: (8, 7)                    | params: 56
2026-07-23 02:34:32,079 P3730713 INFO node_emb.linear.bias                     | shape: (8,)                      | params: 8
2026-07-23 02:34:32,080 P3730713 INFO log_emb.linear.weight                    | shape: (32, 60)                  | params: 1,920
2026-07-23 02:34:32,080 P3730713 INFO log_emb.linear.bias                      | shape: (32,)                     | params: 32
2026-07-23 02:34:32,080 P3730713 INFO egde_emb.linear.weight                   | shape: (8, 2)                    | params: 16
2026-07-23 02:34:32,080 P3730713 INFO egde_emb.linear.bias                     | shape: (8,)                      | params: 8
2026-07-23 02:34:32,080 P3730713 INFO dense_node.weight                        | shape: (7, 8)                    | params: 56
2026-07-23 02:34:32,080 P3730713 INFO dense_node.bias                          | shape: (7,)                      | params: 7
2026-07-23 02:34:32,080 P3730713 INFO dense_log.weight                         | shape: (60, 32)                  | params: 1,920
2026-07-23 02:34:32,080 P3730713 INFO dense_log.bias                           | shape: (60,)                     | params: 60
2026-07-23 02:34:32,080 P3730713 INFO dense_edge.weight                        | shape: (2, 8)                    | params: 16
2026-07-23 02:34:32,080 P3730713 INFO dense_edge.bias                          | shape: (2,)                      | params: 2
2026-07-23 02:34:32,080 P3730713 INFO linear_attn.Wq.weight                    | shape: (10, 10)                  | params: 100
2026-07-23 02:34:32,080 P3730713 INFO linear_attn.Wk.weight                    | shape: (10, 10)                  | params: 100
2026-07-23 02:34:32,080 P3730713 INFO linear_attn.Wv.weight                    | shape: (10, 10)                  | params: 100
2026-07-23 02:34:32,080 P3730713 INFO linear_attn.out.weight                   | shape: (10, 10)                  | params: 100
2026-07-23 02:34:32,080 P3730713 INFO linear_attn.out.bias                     | shape: (10,)                     | params: 10
2026-07-23 02:34:32,080 P3730713 INFO linear_attn.norm.weight                  | shape: (10,)                     | params: 10
2026-07-23 02:34:32,080 P3730713 INFO linear_attn.norm.bias                    | shape: (10,)                     | params: 10
2026-07-23 02:34:32,080 P3730713 INFO shared_fits.normlin_W                    | shape: (5, 5)                    | params: 25
2026-07-23 02:34:32,080 P3730713 INFO shared_fits.freq_upsampler.weight        | shape: (5, 5)                    | params: 25
2026-07-23 02:34:32,080 P3730713 INFO shared_fits.freq_upsampler.bias          | shape: (5,)                      | params: 5
2026-07-23 02:34:32,080 P3730713 INFO modality_proj.node.weight                | shape: (10, 8)                   | params: 80
2026-07-23 02:34:32,080 P3730713 INFO modality_proj.node.bias                  | shape: (10,)                     | params: 10
2026-07-23 02:34:32,080 P3730713 INFO modality_proj.log.weight                 | shape: (10, 32)                  | params: 320
2026-07-23 02:34:32,081 P3730713 INFO modality_proj.log.bias                   | shape: (10,)                     | params: 10
2026-07-23 02:34:32,081 P3730713 INFO modality_proj.edge.weight                | shape: (10, 8)                   | params: 80
2026-07-23 02:34:32,081 P3730713 INFO modality_proj.edge.bias                  | shape: (10,)                     | params: 10
2026-07-23 02:34:32,081 P3730713 INFO modality_proj_out.node.weight            | shape: (8, 10)                   | params: 80
2026-07-23 02:34:32,081 P3730713 INFO modality_proj_out.node.bias              | shape: (8,)                      | params: 8
2026-07-23 02:34:32,081 P3730713 INFO modality_proj_out.log.weight             | shape: (32, 10)                  | params: 320
2026-07-23 02:34:32,081 P3730713 INFO modality_proj_out.log.bias               | shape: (32,)                     | params: 32
2026-07-23 02:34:32,081 P3730713 INFO modality_proj_out.edge.weight            | shape: (8, 10)                   | params: 80
2026-07-23 02:34:32,081 P3730713 INFO modality_proj_out.edge.bias              | shape: (8,)                      | params: 8
2026-07-23 02:34:32,081 P3730713 INFO Subtotal: 5,624
2026-07-23 02:34:32,081 P3730713 INFO --------------------------------------------------------------------------------
2026-07-23 02:34:32,081 P3730713 INFO Common Parameters:
2026-07-23 02:34:32,081 P3730713 INFO show.0.weight                            | shape: (128, 69)                 | params: 8,832
2026-07-23 02:34:32,081 P3730713 INFO show.0.bias                              | shape: (128,)                    | params: 128
2026-07-23 02:34:32,081 P3730713 INFO show.2.weight                            | shape: (2, 128)                  | params: 256
2026-07-23 02:34:32,081 P3730713 INFO show.2.bias                              | shape: (2,)                      | params: 2
2026-07-23 02:34:32,081 P3730713 INFO Subtotal: 9,218
2026-07-23 02:34:32,081 P3730713 INFO --------------------------------------------------------------------------------
2026-07-23 02:34:32,081 P3730713 INFO Total Trainable Parameters: 14,842

2026-07-23 02:34:32,081 P3730713 INFO Trainable Parameters: 14842, reconstruction: 5624, common: 9218
2026-07-23 02:34:32,081 P3730713 INFO model : init weight
2026-07-23 02:34:32,082 P3730713 INFO Using GPU...
2026-07-23 02:34:32,087 P3730713 INFO optimizer : using AdaBelief
2026-07-23 02:34:32,088 P3730713 INFO ----------------------------------------------------------------------------------------------------
2026-07-23 02:34:32,088 P3730713 INFO 0/50 starting... lr: 0.001 para:1.0
2026-07-23 02:34:53,864 P3730713 INFO Epoch 0/50, all_loss:0.10617 cls_loss:29.23404 rec_loss:0.10617 [21.77s]; best loss:0.10617, patience : 0
2026-07-23 02:34:53,864 P3730713 INFO ----------------------------------------------------------------------------------------------------
2026-07-23 02:34:53,864 P3730713 INFO 1/50 starting... lr: 0.001 para:0.5
2026-07-23 02:35:14,627 P3730713 INFO Epoch 1/50, all_loss:1.95291 cls_loss:3.60253 rec_loss:0.30329 [20.76s]; best loss:1.95291, patience : 0
2026-07-23 02:35:14,628 P3730713 INFO ----------------------------------------------------------------------------------------------------
2026-07-23 02:35:14,628 P3730713 INFO 2/50 starting... lr: 0.001 para:0.3333333432674408
2026-07-23 02:35:35,754 P3730713 INFO Epoch 2/50, all_loss:1.46123 cls_loss:2.01102 rec_loss:0.36167 [21.12s]; best loss:1.46123, patience : 0
2026-07-23 02:35:46,026 P3730713 INFO pr:0.9687  rc:0.4233  auc:0.9889 ap:0.9073 f1: 0.5891 pred_right: 1081131 pred_wrong:15069 actu_right: 1061712 actu_wrong: 34488
2026-07-23 02:35:55,781 P3730713 INFO pr:0.9697  rc:0.4275  auc:0.9886 ap:0.9078 f1: 0.5934 pred_right: 463271 pred_wrong:6529 actu_right: 454992 actu_wrong: 14808
2026-07-23 02:35:55,790 P3730713 INFO ----------------------------------------------------------------------------------------------------
2026-07-23 02:35:55,790 P3730713 INFO 3/50 starting... lr: 0.001 para:0.25
2026-07-23 02:36:18,127 P3730713 INFO Epoch 3/50, all_loss:1.47428 cls_loss:1.83360 rec_loss:0.39634 [22.34s]; best loss:1.46123, patience : 1
2026-07-23 02:36:28,915 P3730713 INFO pr:0.8851  rc:0.5872  auc:0.9926 ap:0.9303 f1: 0.7060 pred_right: 1073318 pred_wrong:22882 actu_right: 1061708 actu_wrong: 34492
2026-07-23 02:36:33,463 P3730713 INFO pr:0.8897  rc:0.5899  auc:0.9927 ap:0.9309 f1: 0.7094 pred_right: 459982 pred_wrong:9818 actu_right: 454992 actu_wrong: 14808
2026-07-23 02:36:33,467 P3730713 INFO ----------------------------------------------------------------------------------------------------
2026-07-23 02:36:33,471 P3730713 INFO 4/50 starting... lr: 0.001 para:0.20000000298023224
2026-07-23 02:36:54,561 P3730713 INFO Epoch 4/50, all_loss:1.35070 cls_loss:1.57233 rec_loss:0.46417 [21.09s]; best loss:1.35070, patience : 0
2026-07-23 02:37:06,312 P3730713 INFO pr:0.8046  rc:0.8220  auc:0.9952 ap:0.9514 f1: 0.8132 pred_right: 1060970 pred_wrong:35230 actu_right: 1061714 actu_wrong: 34486
2026-07-23 02:37:09,855 P3730713 INFO pr:0.8074  rc:0.8191  auc:0.9953 ap:0.9517 f1: 0.8132 pred_right: 454777 pred_wrong:15023 actu_right: 454992 actu_wrong: 14808
2026-07-23 02:37:09,859 P3730713 INFO ----------------------------------------------------------------------------------------------------
2026-07-23 02:37:09,859 P3730713 INFO 5/50 starting... lr: 0.001 para:0.1666666716337204
2026-07-23 02:37:37,076 P3730713 INFO Epoch 5/50, all_loss:1.13498 cls_loss:1.23658 rec_loss:0.62699 [27.21s]; best loss:1.13498, patience : 0
2026-07-23 02:37:48,250 P3730713 INFO pr:0.8584  rc:0.8615  auc:0.9973 ap:0.9668 f1: 0.8599 pred_right: 1061588 pred_wrong:34612 actu_right: 1061714 actu_wrong: 34486
2026-07-23 02:37:52,617 P3730713 INFO pr:0.8610  rc:0.8613  auc:0.9974 ap:0.9672 f1: 0.8611 pred_right: 454987 pred_wrong:14813 actu_right: 454992 actu_wrong: 14808
2026-07-23 02:37:52,621 P3730713 INFO ----------------------------------------------------------------------------------------------------
2026-07-23 02:37:52,621 P3730713 INFO 6/50 starting... lr: 0.001 para:0.1428571492433548
2026-07-23 02:38:13,814 P3730713 INFO Epoch 6/50, all_loss:0.98469 cls_loss:1.02481 rec_loss:0.74396 [21.19s]; best loss:0.98469, patience : 0
2026-07-23 02:38:24,505 P3730713 INFO pr:0.8404  rc:0.9427  auc:0.9978 ap:0.9730 f1: 0.8886 pred_right: 1057512 pred_wrong:38688 actu_right: 1061707 actu_wrong: 34493
2026-07-23 02:38:29,231 P3730713 INFO pr:0.8443  rc:0.9427  auc:0.9978 ap:0.9731 f1: 0.8908 pred_right: 453266 pred_wrong:16534 actu_right: 454992 actu_wrong: 14808
2026-07-23 02:38:29,235 P3730713 INFO ----------------------------------------------------------------------------------------------------
2026-07-23 02:38:29,235 P3730713 INFO 7/50 starting... lr: 0.001 para:0.125
2026-07-23 02:38:49,775 P3730713 INFO Epoch 7/50, all_loss:0.89054 cls_loss:0.90434 rec_loss:0.79395 [20.54s]; best loss:0.89054, patience : 0
2026-07-23 02:39:08,511 P3730713 INFO pr:0.8756  rc:0.9212  auc:0.9983 ap:0.9778 f1: 0.8978 pred_right: 1059909 pred_wrong:36291 actu_right: 1061707 actu_wrong: 34493
2026-07-23 02:39:13,231 P3730713 INFO pr:0.8774  rc:0.9231  auc:0.9983 ap:0.9778 f1: 0.8997 pred_right: 454219 pred_wrong:15581 actu_right: 454992 actu_wrong: 14808
2026-07-23 02:39:13,237 P3730713 INFO ----------------------------------------------------------------------------------------------------
2026-07-23 02:39:13,238 P3730713 INFO 8/50 starting... lr: 0.001 para:0.1111111119389534
2026-07-23 02:39:33,815 P3730713 INFO Epoch 8/50, all_loss:0.81075 cls_loss:0.80913 rec_loss:0.82372 [20.57s]; best loss:0.81075, patience : 0
2026-07-23 02:39:44,753 P3730713 INFO pr:0.8833  rc:0.9202  auc:0.9980 ap:0.9794 f1: 0.9014 pred_right: 1060272 pred_wrong:35928 actu_right: 1061712 actu_wrong: 34488
2026-07-23 02:39:49,212 P3730713 INFO pr:0.8838  rc:0.9192  auc:0.9981 ap:0.9797 f1: 0.9012 pred_right: 454399 pred_wrong:15401 actu_right: 454992 actu_wrong: 14808
2026-07-23 02:39:49,216 P3730713 INFO ----------------------------------------------------------------------------------------------------
2026-07-23 02:39:49,216 P3730713 INFO 9/50 starting... lr: 0.001 para:0.10000000149011612
2026-07-23 02:40:10,097 P3730713 INFO Epoch 9/50, all_loss:0.78007 cls_loss:0.77123 rec_loss:0.85963 [20.88s]; best loss:0.78007, patience : 0
2026-07-23 02:40:21,396 P3730713 INFO pr:0.8933  rc:0.9119  auc:0.9985 ap:0.9809 f1: 0.9025 pred_right: 1060996 pred_wrong:35204 actu_right: 1061714 actu_wrong: 34486
2026-07-23 02:40:25,421 P3730713 INFO pr:0.8949  rc:0.9111  auc:0.9984 ap:0.9800 f1: 0.9029 pred_right: 454724 pred_wrong:15076 actu_right: 454992 actu_wrong: 14808
2026-07-23 02:40:25,425 P3730713 INFO ----------------------------------------------------------------------------------------------------
2026-07-23 02:40:25,425 P3730713 INFO 10/50 starting... lr: 0.001 para:0.09090909361839294
2026-07-23 02:40:53,680 P3730713 INFO Epoch 10/50, all_loss:0.75143 cls_loss:0.73920 rec_loss:0.87372 [28.25s]; best loss:0.75143, patience : 0
2026-07-23 02:41:04,400 P3730713 INFO pr:0.8941  rc:0.9350  auc:0.9989 ap:0.9836 f1: 0.9141 pred_right: 1060130 pred_wrong:36070 actu_right: 1061709 actu_wrong: 34491
2026-07-23 02:41:09,054 P3730713 INFO pr:0.8945  rc:0.9340  auc:0.9987 ap:0.9830 f1: 0.9138 pred_right: 454337 pred_wrong:15463 actu_right: 454992 actu_wrong: 14808
2026-07-23 02:41:09,058 P3730713 INFO ----------------------------------------------------------------------------------------------------
2026-07-23 02:41:09,058 P3730713 INFO 11/50 starting... lr: 0.001 para:0.0833333358168602
2026-07-23 02:41:30,304 P3730713 INFO Epoch 11/50, all_loss:0.71144 cls_loss:0.69418 rec_loss:0.90127 [21.24s]; best loss:0.71144, patience : 0
2026-07-23 02:41:41,296 P3730713 INFO pr:0.8838  rc:0.9635  auc:0.9987 ap:0.9855 f1: 0.9219 pred_right: 1058606 pred_wrong:37594 actu_right: 1061714 actu_wrong: 34486
2026-07-23 02:41:45,995 P3730713 INFO pr:0.8845  rc:0.9634  auc:0.9987 ap:0.9851 f1: 0.9223 pred_right: 453671 pred_wrong:16129 actu_right: 454992 actu_wrong: 14808
2026-07-23 02:41:46,000 P3730713 INFO ----------------------------------------------------------------------------------------------------
2026-07-23 02:41:46,000 P3730713 INFO 12/50 starting... lr: 0.001 para:0.07692307978868484
2026-07-23 02:42:09,085 P3730713 INFO Epoch 12/50, all_loss:0.69733 cls_loss:0.67835 rec_loss:0.92504 [23.08s]; best loss:0.69733, patience : 0
2026-07-23 02:42:25,252 P3730713 INFO pr:0.9166  rc:0.8989  auc:0.9989 ap:0.9847 f1: 0.9077 pred_right: 1062376 pred_wrong:33824 actu_right: 1061709 actu_wrong: 34491
2026-07-23 02:42:29,832 P3730713 INFO pr:0.9170  rc:0.8960  auc:0.9987 ap:0.9843 f1: 0.9064 pred_right: 455331 pred_wrong:14469 actu_right: 454992 actu_wrong: 14808
2026-07-23 02:42:29,833 P3730713 INFO ----------------------------------------------------------------------------------------------------
2026-07-23 02:42:29,833 P3730713 INFO 13/50 starting... lr: 0.001 para:0.0714285746216774
2026-07-23 02:42:51,469 P3730713 INFO Epoch 13/50, all_loss:0.66647 cls_loss:0.64497 rec_loss:0.94594 [21.63s]; best loss:0.66647, patience : 0
2026-07-23 02:43:02,548 P3730713 INFO pr:0.8976  rc:0.9482  auc:0.9985 ap:0.9856 f1: 0.9222 pred_right: 1059771 pred_wrong:36429 actu_right: 1061715 actu_wrong: 34485
2026-07-23 02:43:06,980 P3730713 INFO pr:0.8974  rc:0.9440  auc:0.9984 ap:0.9848 f1: 0.9201 pred_right: 454223 pred_wrong:15577 actu_right: 454992 actu_wrong: 14808
2026-07-23 02:43:06,984 P3730713 INFO ----------------------------------------------------------------------------------------------------
2026-07-23 02:43:06,987 P3730713 INFO 14/50 starting... lr: 0.001 para:0.06666667014360428
2026-07-23 02:43:28,331 P3730713 INFO Epoch 14/50, all_loss:0.64098 cls_loss:0.61736 rec_loss:0.97154 [21.34s]; best loss:0.64098, patience : 0
2026-07-23 02:43:37,994 P3730713 INFO pr:0.9043  rc:0.9538  auc:0.9993 ap:0.9886 f1: 0.9283 pred_right: 1059823 pred_wrong:36377 actu_right: 1061711 actu_wrong: 34489
2026-07-23 02:43:50,577 P3730713 INFO pr:0.9039  rc:0.9508  auc:0.9991 ap:0.9875 f1: 0.9268 pred_right: 454223 pred_wrong:15577 actu_right: 454992 actu_wrong: 14808
2026-07-23 02:43:50,583 P3730713 INFO ----------------------------------------------------------------------------------------------------
2026-07-23 02:43:50,583 P3730713 INFO 15/50 starting... lr: 0.001 para:0.0625
2026-07-23 02:44:12,665 P3730713 INFO Epoch 15/50, all_loss:0.61913 cls_loss:0.59482 rec_loss:0.98373 [22.08s]; best loss:0.61913, patience : 0
2026-07-23 02:44:23,525 P3730713 INFO pr:0.8844  rc:0.9749  auc:0.9991 ap:0.9880 f1: 0.9275 pred_right: 1058184 pred_wrong:38016 actu_right: 1061713 actu_wrong: 34487
2026-07-23 02:44:28,239 P3730713 INFO pr:0.8851  rc:0.9736  auc:0.9988 ap:0.9870 f1: 0.9273 pred_right: 453512 pred_wrong:16288 actu_right: 454992 actu_wrong: 14808
2026-07-23 02:44:28,243 P3730713 INFO ----------------------------------------------------------------------------------------------------
2026-07-23 02:44:28,243 P3730713 INFO 16/50 starting... lr: 0.001 para:0.05882352963089943
2026-07-23 02:44:49,561 P3730713 INFO Epoch 16/50, all_loss:0.61208 cls_loss:0.58665 rec_loss:1.01893 [21.31s]; best loss:0.61208, patience : 0
2026-07-23 02:45:01,486 P3730713 INFO pr:0.9101  rc:0.9477  auc:0.9992 ap:0.9877 f1: 0.9285 pred_right: 1060286 pred_wrong:35914 actu_right: 1061712 actu_wrong: 34488
2026-07-23 02:45:05,113 P3730713 INFO pr:0.9103  rc:0.9441  auc:0.9990 ap:0.9866 f1: 0.9269 pred_right: 454442 pred_wrong:15358 actu_right: 454992 actu_wrong: 14808
2026-07-23 02:45:05,117 P3730713 INFO ----------------------------------------------------------------------------------------------------
2026-07-23 02:45:05,117 P3730713 INFO 17/50 starting... lr: 0.001 para:0.0555555559694767
2026-07-23 02:45:32,555 P3730713 INFO Epoch 17/50, all_loss:0.59321 cls_loss:0.56836 rec_loss:1.01566 [27.43s]; best loss:0.59321, patience : 0
2026-07-23 02:45:43,469 P3730713 INFO pr:0.9253  rc:0.9156  auc:0.9991 ap:0.9885 f1: 0.9204 pred_right: 1062077 pred_wrong:34123 actu_right: 1061713 actu_wrong: 34487
2026-07-23 02:45:48,125 P3730713 INFO pr:0.9236  rc:0.9121  auc:0.9988 ap:0.9874 f1: 0.9178 pred_right: 455176 pred_wrong:14624 actu_right: 454992 actu_wrong: 14808
2026-07-23 02:45:48,126 P3730713 INFO ----------------------------------------------------------------------------------------------------
2026-07-23 02:45:48,126 P3730713 INFO 18/50 starting... lr: 0.001 para:0.05263157933950424
2026-07-23 02:46:08,916 P3730713 INFO Epoch 18/50, all_loss:0.57601 cls_loss:0.55002 rec_loss:1.04378 [20.78s]; best loss:0.57601, patience : 0
2026-07-23 02:46:19,767 P3730713 INFO pr:0.9410  rc:0.8919  auc:0.9990 ap:0.9897 f1: 0.9158 pred_right: 1063505 pred_wrong:32695 actu_right: 1061708 actu_wrong: 34492
2026-07-23 02:46:24,193 P3730713 INFO pr:0.9390  rc:0.8902  auc:0.9988 ap:0.9887 f1: 0.9140 pred_right: 455762 pred_wrong:14038 actu_right: 454992 actu_wrong: 14808
2026-07-23 02:46:24,199 P3730713 INFO ----------------------------------------------------------------------------------------------------
2026-07-23 02:46:24,199 P3730713 INFO 19/50 starting... lr: 0.001 para:0.05000000074505806
2026-07-23 02:46:44,365 P3730713 INFO Epoch 19/50, all_loss:0.57305 cls_loss:0.54810 rec_loss:1.04701 [20.16s]; best loss:0.57305, patience : 0
2026-07-23 02:47:03,328 P3730713 INFO pr:0.9171  rc:0.9471  auc:0.9987 ap:0.9898 f1: 0.9319 pred_right: 1060581 pred_wrong:35619 actu_right: 1061711 actu_wrong: 34489
2026-07-23 02:47:08,422 P3730713 INFO pr:0.9170  rc:0.9440  auc:0.9986 ap:0.9888 f1: 0.9303 pred_right: 454556 pred_wrong:15244 actu_right: 454992 actu_wrong: 14808
2026-07-23 02:47:08,427 P3730713 INFO ----------------------------------------------------------------------------------------------------
2026-07-23 02:47:08,427 P3730713 INFO 20/50 starting... lr: 0.001 para:0.0476190485060215
2026-07-23 02:47:29,729 P3730713 INFO Epoch 20/50, all_loss:0.55391 cls_loss:0.52680 rec_loss:1.09621 [21.30s]; best loss:0.55391, patience : 0
2026-07-23 02:47:40,845 P3730713 INFO pr:0.9198  rc:0.9498  auc:0.9992 ap:0.9907 f1: 0.9346 pred_right: 1060589 pred_wrong:35611 actu_right: 1061712 actu_wrong: 34488
2026-07-23 02:47:45,388 P3730713 INFO pr:0.9176  rc:0.9466  auc:0.9990 ap:0.9898 f1: 0.9319 pred_right: 454525 pred_wrong:15275 actu_right: 454992 actu_wrong: 14808
2026-07-23 02:47:45,393 P3730713 INFO ----------------------------------------------------------------------------------------------------
2026-07-23 02:47:45,393 P3730713 INFO 21/50 starting... lr: 0.001 para:0.04545454680919647
2026-07-23 02:48:06,426 P3730713 INFO Epoch 21/50, all_loss:0.54435 cls_loss:0.51770 rec_loss:1.10406 [21.03s]; best loss:0.54435, patience : 0
2026-07-23 02:48:16,938 P3730713 INFO pr:0.9135  rc:0.9600  auc:0.9993 ap:0.9902 f1: 0.9362 pred_right: 1059953 pred_wrong:36247 actu_right: 1061711 actu_wrong: 34489
2026-07-23 02:48:21,065 P3730713 INFO pr:0.9128  rc:0.9561  auc:0.9991 ap:0.9890 f1: 0.9340 pred_right: 454290 pred_wrong:15510 actu_right: 454992 actu_wrong: 14808
2026-07-23 02:48:21,073 P3730713 INFO ----------------------------------------------------------------------------------------------------
2026-07-23 02:48:21,073 P3730713 INFO 22/50 starting... lr: 0.001 para:0.043478261679410934
2026-07-23 02:48:49,905 P3730713 INFO Epoch 22/50, all_loss:0.52999 cls_loss:0.50427 rec_loss:1.09578 [28.83s]; best loss:0.52999, patience : 0
2026-07-23 02:49:00,444 P3730713 INFO pr:0.9206  rc:0.9538  auc:0.9989 ap:0.9907 f1: 0.9369 pred_right: 1060460 pred_wrong:35740 actu_right: 1061706 actu_wrong: 34494
2026-07-23 02:49:05,113 P3730713 INFO pr:0.9191  rc:0.9530  auc:0.9989 ap:0.9901 f1: 0.9357 pred_right: 454446 pred_wrong:15354 actu_right: 454992 actu_wrong: 14808
2026-07-23 02:49:05,117 P3730713 INFO ----------------------------------------------------------------------------------------------------
2026-07-23 02:49:05,118 P3730713 INFO 23/50 starting... lr: 0.001 para:0.0416666679084301
2026-07-23 02:49:26,162 P3730713 INFO Epoch 23/50, all_loss:0.52240 cls_loss:0.49720 rec_loss:1.10209 [21.04s]; best loss:0.52240, patience : 0
2026-07-23 02:49:36,896 P3730713 INFO pr:0.9320  rc:0.9494  auc:0.9990 ap:0.9916 f1: 0.9406 pred_right: 1061068 pred_wrong:35132 actu_right: 1061712 actu_wrong: 34488
2026-07-23 02:49:43,011 P3730713 INFO pr:0.9315  rc:0.9432  auc:0.9989 ap:0.9906 f1: 0.9373 pred_right: 454806 pred_wrong:14994 actu_right: 454992 actu_wrong: 14808
2026-07-23 02:49:43,015 P3730713 INFO ----------------------------------------------------------------------------------------------------
2026-07-23 02:49:43,015 P3730713 INFO 24/50 starting... lr: 0.001 para:0.03999999910593033
2026-07-23 02:50:08,786 P3730713 INFO Epoch 24/50, all_loss:0.49646 cls_loss:0.47008 rec_loss:1.12964 [25.77s]; best loss:0.49646, patience : 0
2026-07-23 02:50:20,069 P3730713 INFO pr:0.9157  rc:0.9597  auc:0.9990 ap:0.9910 f1: 0.9372 pred_right: 1060053 pred_wrong:36147 actu_right: 1061710 actu_wrong: 34490
2026-07-23 02:50:24,592 P3730713 INFO pr:0.9132  rc:0.9566  auc:0.9989 ap:0.9894 f1: 0.9344 pred_right: 454289 pred_wrong:15511 actu_right: 454992 actu_wrong: 14808
2026-07-23 02:50:24,592 P3730713 INFO ----------------------------------------------------------------------------------------------------
2026-07-23 02:50:24,593 P3730713 INFO 25/50 starting... lr: 0.001 para:0.03846153989434242
2026-07-23 02:50:45,721 P3730713 INFO Epoch 25/50, all_loss:0.48502 cls_loss:0.45855 rec_loss:1.14696 [21.12s]; best loss:0.48502, patience : 0
2026-07-23 02:50:56,764 P3730713 INFO pr:0.9404  rc:0.9322  auc:0.9993 ap:0.9925 f1: 0.9362 pred_right: 1062012 pred_wrong:34188 actu_right: 1061711 actu_wrong: 34489
2026-07-23 02:51:01,310 P3730713 INFO pr:0.9391  rc:0.9268  auc:0.9991 ap:0.9913 f1: 0.9329 pred_right: 455186 pred_wrong:14614 actu_right: 454992 actu_wrong: 14808
2026-07-23 02:51:01,311 P3730713 INFO ----------------------------------------------------------------------------------------------------
2026-07-23 02:51:01,311 P3730713 INFO 26/50 starting... lr: 0.001 para:0.03703703731298447
2026-07-23 02:51:22,295 P3730713 INFO Epoch 26/50, all_loss:0.48781 cls_loss:0.46171 rec_loss:1.16643 [20.98s]; best loss:0.48502, patience : 1
2026-07-23 02:51:35,695 P3730713 INFO pr:0.9224  rc:0.9663  auc:0.9995 ap:0.9921 f1: 0.9438 pred_right: 1060072 pred_wrong:36128 actu_right: 1061714 actu_wrong: 34486
2026-07-23 02:51:44,885 P3730713 INFO pr:0.9197  rc:0.9633  auc:0.9993 ap:0.9909 f1: 0.9410 pred_right: 454290 pred_wrong:15510 actu_right: 454992 actu_wrong: 14808
2026-07-23 02:51:44,889 P3730713 INFO ----------------------------------------------------------------------------------------------------
2026-07-23 02:51:44,890 P3730713 INFO 27/50 starting... lr: 0.001 para:0.0357142873108387
2026-07-23 02:52:06,119 P3730713 INFO Epoch 27/50, all_loss:0.47420 cls_loss:0.44894 rec_loss:1.15627 [21.23s]; best loss:0.47420, patience : 0
2026-07-23 02:52:16,933 P3730713 INFO pr:0.9326  rc:0.9595  auc:0.9991 ap:0.9926 f1: 0.9459 pred_right: 1060707 pred_wrong:35493 actu_right: 1061704 actu_wrong: 34496
2026-07-23 02:52:21,501 P3730713 INFO pr:0.9270  rc:0.9523  auc:0.9989 ap:0.9914 f1: 0.9395 pred_right: 454588 pred_wrong:15212 actu_right: 454992 actu_wrong: 14808
2026-07-23 02:52:21,506 P3730713 INFO ----------------------------------------------------------------------------------------------------
2026-07-23 02:52:21,509 P3730713 INFO 28/50 starting... lr: 0.001 para:0.03448275849223137
2026-07-23 02:52:42,701 P3730713 INFO Epoch 28/50, all_loss:0.47474 cls_loss:0.44998 rec_loss:1.16804 [21.19s]; best loss:0.47420, patience : 1
2026-07-23 02:52:54,982 P3730713 INFO pr:0.9137  rc:0.9781  auc:0.9995 ap:0.9927 f1: 0.9448 pred_right: 1059283 pred_wrong:36917 actu_right: 1061711 actu_wrong: 34489
2026-07-23 02:52:58,823 P3730713 INFO pr:0.9121  rc:0.9738  auc:0.9992 ap:0.9917 f1: 0.9420 pred_right: 453991 pred_wrong:15809 actu_right: 454992 actu_wrong: 14808
2026-07-23 02:52:58,824 P3730713 INFO ----------------------------------------------------------------------------------------------------
2026-07-23 02:52:58,824 P3730713 INFO 29/50 starting... lr: 0.001 para:0.03333333507180214
2026-07-23 02:53:26,963 P3730713 INFO Epoch 29/50, all_loss:0.44392 cls_loss:0.41901 rec_loss:1.16638 [28.13s]; best loss:0.44392, patience : 0
2026-07-23 02:53:38,061 P3730713 INFO pr:0.9370  rc:0.9376  auc:0.9992 ap:0.9920 f1: 0.9373 pred_right: 1061689 pred_wrong:34511 actu_right: 1061710 actu_wrong: 34490
2026-07-23 02:53:42,796 P3730713 INFO pr:0.9364  rc:0.9342  auc:0.9990 ap:0.9911 f1: 0.9353 pred_right: 455028 pred_wrong:14772 actu_right: 454992 actu_wrong: 14808
2026-07-23 02:53:42,797 P3730713 INFO ----------------------------------------------------------------------------------------------------
2026-07-23 02:53:42,804 P3730713 INFO 30/50 starting... lr: 0.001 para:0.032258063554763794
2026-07-23 02:54:03,146 P3730713 INFO Epoch 30/50, all_loss:0.45721 cls_loss:0.43283 rec_loss:1.18854 [20.34s]; best loss:0.44392, patience : 1
2026-07-23 02:54:14,205 P3730713 INFO pr:0.9283  rc:0.9720  auc:0.9996 ap:0.9941 f1: 0.9497 pred_right: 1060085 pred_wrong:36115 actu_right: 1061709 actu_wrong: 34491
2026-07-23 02:54:18,784 P3730713 INFO pr:0.9250  rc:0.9677  auc:0.9993 ap:0.9928 f1: 0.9459 pred_right: 454308 pred_wrong:15492 actu_right: 454992 actu_wrong: 14808
2026-07-23 02:54:18,788 P3730713 INFO ----------------------------------------------------------------------------------------------------
2026-07-23 02:54:18,788 P3730713 INFO 31/50 starting... lr: 0.001 para:0.03125
2026-07-23 02:54:40,470 P3730713 INFO Epoch 31/50, all_loss:0.43723 cls_loss:0.41313 rec_loss:1.18436 [21.67s]; best loss:0.43723, patience : 0
2026-07-23 02:54:58,945 P3730713 INFO pr:0.9383  rc:0.9624  auc:0.9991 ap:0.9937 f1: 0.9502 pred_right: 1060823 pred_wrong:35377 actu_right: 1061709 actu_wrong: 34491
2026-07-23 02:55:03,701 P3730713 INFO pr:0.9354  rc:0.9556  auc:0.9990 ap:0.9927 f1: 0.9454 pred_right: 454673 pred_wrong:15127 actu_right: 454992 actu_wrong: 14808
2026-07-23 02:55:03,705 P3730713 INFO ----------------------------------------------------------------------------------------------------
2026-07-23 02:55:03,705 P3730713 INFO 32/50 starting... lr: 0.001 para:0.03030303120613098
2026-07-23 02:55:24,602 P3730713 INFO Epoch 32/50, all_loss:0.42626 cls_loss:0.40193 rec_loss:1.20505 [20.89s]; best loss:0.42626, patience : 0
2026-07-23 02:55:35,293 P3730713 INFO pr:0.9325  rc:0.9697  auc:0.9995 ap:0.9940 f1: 0.9508 pred_right: 1060337 pred_wrong:35863 actu_right: 1061712 actu_wrong: 34488
2026-07-23 02:55:39,975 P3730713 INFO pr:0.9304  rc:0.9656  auc:0.9994 ap:0.9929 f1: 0.9476 pred_right: 454432 pred_wrong:15368 actu_right: 454992 actu_wrong: 14808
2026-07-23 02:55:39,980 P3730713 INFO ----------------------------------------------------------------------------------------------------
2026-07-23 02:55:39,980 P3730713 INFO 33/50 starting... lr: 0.001 para:0.029411764815449715
2026-07-23 02:56:02,415 P3730713 INFO Epoch 33/50, all_loss:0.41815 cls_loss:0.39366 rec_loss:1.22625 [22.43s]; best loss:0.41815, patience : 0
2026-07-23 02:56:11,732 P3730713 INFO pr:0.9436  rc:0.9556  auc:0.9996 ap:0.9942 f1: 0.9496 pred_right: 1061273 pred_wrong:34927 actu_right: 1061711 actu_wrong: 34489
2026-07-23 02:56:17,787 P3730713 INFO pr:0.9384  rc:0.9480  auc:0.9994 ap:0.9927 f1: 0.9432 pred_right: 454840 pred_wrong:14960 actu_right: 454992 actu_wrong: 14808
2026-07-23 02:56:17,789 P3730713 INFO ----------------------------------------------------------------------------------------------------
2026-07-23 02:56:17,789 P3730713 INFO 34/50 starting... lr: 0.001 para:0.02857142873108387
2026-07-23 02:56:45,840 P3730713 INFO Epoch 34/50, all_loss:0.43399 cls_loss:0.41139 rec_loss:1.20228 [28.05s]; best loss:0.41815, patience : 1
2026-07-23 02:56:56,615 P3730713 INFO pr:0.9208  rc:0.9812  auc:0.9995 ap:0.9940 f1: 0.9500 pred_right: 1059448 pred_wrong:36752 actu_right: 1061711 actu_wrong: 34489
2026-07-23 02:57:01,138 P3730713 INFO pr:0.9189  rc:0.9749  auc:0.9993 ap:0.9926 f1: 0.9461 pred_right: 454089 pred_wrong:15711 actu_right: 454992 actu_wrong: 14808
2026-07-23 02:57:01,139 P3730713 INFO ----------------------------------------------------------------------------------------------------
2026-07-23 02:57:01,139 P3730713 INFO 35/50 starting... lr: 0.001 para:0.02777777798473835
2026-07-23 02:57:22,041 P3730713 INFO Epoch 35/50, all_loss:0.43085 cls_loss:0.40886 rec_loss:1.20046 [20.90s]; best loss:0.41815, patience : 1
2026-07-23 02:57:32,773 P3730713 INFO pr:0.9239  rc:0.9752  auc:0.9994 ap:0.9939 f1: 0.9489 pred_right: 1059798 pred_wrong:36402 actu_right: 1061710 actu_wrong: 34490
2026-07-23 02:57:38,768 P3730713 INFO pr:0.9205  rc:0.9700  auc:0.9992 ap:0.9925 f1: 0.9446 pred_right: 454195 pred_wrong:15605 actu_right: 454992 actu_wrong: 14808
2026-07-23 02:57:38,769 P3730713 INFO ----------------------------------------------------------------------------------------------------
2026-07-23 02:57:38,769 P3730713 INFO 36/50 starting... lr: 0.001 para:0.027027027681469917
2026-07-23 02:58:05,857 P3730713 INFO Epoch 36/50, all_loss:0.40684 cls_loss:0.38374 rec_loss:1.23841 [27.08s]; best loss:0.40684, patience : 0
2026-07-23 02:58:17,145 P3730713 INFO pr:0.9271  rc:0.9812  auc:0.9993 ap:0.9937 f1: 0.9534 pred_right: 1059700 pred_wrong:36500 actu_right: 1061710 actu_wrong: 34490
2026-07-23 02:58:21,713 P3730713 INFO pr:0.9231  rc:0.9758  auc:0.9990 ap:0.9925 f1: 0.9487 pred_right: 454146 pred_wrong:15654 actu_right: 454992 actu_wrong: 14808
2026-07-23 02:58:21,717 P3730713 INFO ----------------------------------------------------------------------------------------------------
2026-07-23 02:58:21,717 P3730713 INFO 37/50 starting... lr: 0.001 para:0.02631578966975212
2026-07-23 02:58:42,575 P3730713 INFO Epoch 37/50, all_loss:0.40136 cls_loss:0.37904 rec_loss:1.22717 [20.85s]; best loss:0.40136, patience : 0
2026-07-23 02:58:53,408 P3730713 INFO pr:0.9315  rc:0.9721  auc:0.9996 ap:0.9935 f1: 0.9514 pred_right: 1060211 pred_wrong:35989 actu_right: 1061712 actu_wrong: 34488
2026-07-23 02:58:57,863 P3730713 INFO pr:0.9268  rc:0.9670  auc:0.9994 ap:0.9918 f1: 0.9465 pred_right: 454349 pred_wrong:15451 actu_right: 454992 actu_wrong: 14808
2026-07-23 02:58:57,864 P3730713 INFO ----------------------------------------------------------------------------------------------------
2026-07-23 02:58:57,864 P3730713 INFO 38/50 starting... lr: 0.001 para:0.025641025975346565
2026-07-23 02:59:18,633 P3730713 INFO Epoch 38/50, all_loss:0.37839 cls_loss:0.35546 rec_loss:1.25006 [20.76s]; best loss:0.37839, patience : 0
2026-07-23 02:59:36,373 P3730713 INFO pr:0.9080  rc:0.9860  auc:0.9995 ap:0.9938 f1: 0.9454 pred_right: 1058749 pred_wrong:37451 actu_right: 1061714 actu_wrong: 34486
2026-07-23 02:59:42,214 P3730713 INFO pr:0.9048  rc:0.9833  auc:0.9992 ap:0.9921 f1: 0.9424 pred_right: 453708 pred_wrong:16092 actu_right: 454992 actu_wrong: 14808
2026-07-23 02:59:42,215 P3730713 INFO ----------------------------------------------------------------------------------------------------
2026-07-23 02:59:42,215 P3730713 INFO 39/50 starting... lr: 0.001 para:0.02500000037252903
2026-07-23 03:00:03,305 P3730713 INFO Epoch 39/50, all_loss:0.41478 cls_loss:0.39348 rec_loss:1.24525 [21.09s]; best loss:0.37839, patience : 1
2026-07-23 03:00:14,014 P3730713 INFO pr:0.9387  rc:0.9611  auc:0.9994 ap:0.9940 f1: 0.9498 pred_right: 1060886 pred_wrong:35314 actu_right: 1061707 actu_wrong: 34493
2026-07-23 03:00:18,550 P3730713 INFO pr:0.9359  rc:0.9581  auc:0.9992 ap:0.9922 f1: 0.9469 pred_right: 454641 pred_wrong:15159 actu_right: 454992 actu_wrong: 14808
2026-07-23 03:00:18,553 P3730713 INFO ----------------------------------------------------------------------------------------------------
2026-07-23 03:00:18,554 P3730713 INFO 40/50 starting... lr: 0.001 para:0.024390242993831635
2026-07-23 03:00:39,410 P3730713 INFO Epoch 40/50, all_loss:0.38184 cls_loss:0.35983 rec_loss:1.26237 [20.86s]; best loss:0.37839, patience : 1
2026-07-23 03:00:51,077 P3730713 INFO pr:0.9374  rc:0.9671  auc:0.9993 ap:0.9949 f1: 0.9520 pred_right: 1060617 pred_wrong:35583 actu_right: 1061711 actu_wrong: 34489
2026-07-23 03:00:55,117 P3730713 INFO pr:0.9339  rc:0.9632  auc:0.9992 ap:0.9937 f1: 0.9483 pred_right: 454527 pred_wrong:15273 actu_right: 454992 actu_wrong: 14808
2026-07-23 03:00:55,117 P3730713 INFO ----------------------------------------------------------------------------------------------------
2026-07-23 03:00:55,118 P3730713 INFO 41/50 starting... lr: 0.001 para:0.02380952425301075
2026-07-23 03:01:23,347 P3730713 INFO Epoch 41/50, all_loss:0.36595 cls_loss:0.34410 rec_loss:1.26161 [28.22s]; best loss:0.36595, patience : 0
2026-07-23 03:01:33,985 P3730713 INFO pr:0.9334  rc:0.9774  auc:0.9995 ap:0.9947 f1: 0.9549 pred_right: 1060090 pred_wrong:36110 actu_right: 1061714 actu_wrong: 34486
2026-07-23 03:01:38,518 P3730713 INFO pr:0.9282  rc:0.9712  auc:0.9993 ap:0.9934 f1: 0.9492 pred_right: 454307 pred_wrong:15493 actu_right: 454992 actu_wrong: 14808
2026-07-23 03:01:38,522 P3730713 INFO ----------------------------------------------------------------------------------------------------
2026-07-23 03:01:38,523 P3730713 INFO 42/50 starting... lr: 0.001 para:0.023255813866853714
2026-07-23 03:01:59,878 P3730713 INFO Epoch 42/50, all_loss:0.37283 cls_loss:0.35127 rec_loss:1.27833 [21.36s]; best loss:0.36595, patience : 1
2026-07-23 03:02:10,707 P3730713 INFO pr:0.9256  rc:0.9840  auc:0.9996 ap:0.9951 f1: 0.9539 pred_right: 1059536 pred_wrong:36664 actu_right: 1061710 actu_wrong: 34490
2026-07-23 03:02:15,351 P3730713 INFO pr:0.9240  rc:0.9809  auc:0.9993 ap:0.9938 f1: 0.9516 pred_right: 454081 pred_wrong:15719 actu_right: 454992 actu_wrong: 14808
2026-07-23 03:02:15,351 P3730713 INFO ----------------------------------------------------------------------------------------------------
2026-07-23 03:02:15,358 P3730713 INFO 43/50 starting... lr: 0.001 para:0.022727273404598236
2026-07-23 03:02:35,554 P3730713 INFO Epoch 43/50, all_loss:0.36337 cls_loss:0.34172 rec_loss:1.29408 [20.19s]; best loss:0.36337, patience : 0
2026-07-23 03:02:55,024 P3730713 INFO pr:0.9582  rc:0.9343  auc:0.9995 ap:0.9952 f1: 0.9461 pred_right: 1062574 pred_wrong:33626 actu_right: 1061713 actu_wrong: 34487
2026-07-23 03:02:59,558 P3730713 INFO pr:0.9531  rc:0.9267  auc:0.9993 ap:0.9937 f1: 0.9397 pred_right: 455402 pred_wrong:14398 actu_right: 454992 actu_wrong: 14808
2026-07-23 03:02:59,559 P3730713 INFO ----------------------------------------------------------------------------------------------------
2026-07-23 03:02:59,559 P3730713 INFO 44/50 starting... lr: 0.001 para:0.02222222276031971
2026-07-23 03:03:20,404 P3730713 INFO Epoch 44/50, all_loss:0.36643 cls_loss:0.34521 rec_loss:1.30038 [20.84s]; best loss:0.36337, patience : 1
2026-07-23 03:03:31,268 P3730713 INFO pr:0.9349  rc:0.9759  auc:0.9996 ap:0.9954 f1: 0.9550 pred_right: 1060200 pred_wrong:36000 actu_right: 1061713 actu_wrong: 34487
2026-07-23 03:03:35,927 P3730713 INFO pr:0.9308  rc:0.9704  auc:0.9992 ap:0.9939 f1: 0.9502 pred_right: 454362 pred_wrong:15438 actu_right: 454992 actu_wrong: 14808
2026-07-23 03:03:35,931 P3730713 INFO ----------------------------------------------------------------------------------------------------
2026-07-23 03:03:35,931 P3730713 INFO 45/50 starting... lr: 0.001 para:0.021739130839705467
2026-07-23 03:03:57,397 P3730713 INFO Epoch 45/50, all_loss:0.35521 cls_loss:0.33445 rec_loss:1.28940 [21.46s]; best loss:0.35521, patience : 0
2026-07-23 03:04:07,592 P3730713 INFO pr:0.9400  rc:0.9729  auc:0.9995 ap:0.9953 f1: 0.9562 pred_right: 1060510 pred_wrong:35690 actu_right: 1061715 actu_wrong: 34485
2026-07-23 03:04:11,649 P3730713 INFO pr:0.9329  rc:0.9658  auc:0.9992 ap:0.9934 f1: 0.9491 pred_right: 454470 pred_wrong:15330 actu_right: 454992 actu_wrong: 14808
2026-07-23 03:04:11,653 P3730713 INFO ----------------------------------------------------------------------------------------------------
2026-07-23 03:04:11,653 P3730713 INFO 46/50 starting... lr: 0.001 para:0.021276595070958138
2026-07-23 03:04:40,042 P3730713 INFO Epoch 46/50, all_loss:0.36049 cls_loss:0.33995 rec_loss:1.30568 [28.39s]; best loss:0.35521, patience : 1
2026-07-23 03:04:50,712 P3730713 INFO pr:0.9483  rc:0.9608  auc:0.9996 ap:0.9957 f1: 0.9545 pred_right: 1061253 pred_wrong:34947 actu_right: 1061707 actu_wrong: 34493
2026-07-23 03:04:55,351 P3730713 INFO pr:0.9441  rc:0.9554  auc:0.9994 ap:0.9943 f1: 0.9497 pred_right: 454815 pred_wrong:14985 actu_right: 454992 actu_wrong: 14808
2026-07-23 03:04:55,352 P3730713 INFO ----------------------------------------------------------------------------------------------------
2026-07-23 03:04:55,352 P3730713 INFO 47/50 starting... lr: 0.001 para:0.02083333395421505
2026-07-23 03:05:16,310 P3730713 INFO Epoch 47/50, all_loss:0.33971 cls_loss:0.31965 rec_loss:1.28240 [20.95s]; best loss:0.33971, patience : 0
2026-07-23 03:05:27,360 P3730713 INFO pr:0.9439  rc:0.9726  auc:0.9996 ap:0.9952 f1: 0.9580 pred_right: 1060668 pred_wrong:35532 actu_right: 1061717 actu_wrong: 34483
2026-07-23 03:05:33,831 P3730713 INFO pr:0.9387  rc:0.9655  auc:0.9993 ap:0.9939 f1: 0.9519 pred_right: 454570 pred_wrong:15230 actu_right: 454992 actu_wrong: 14808
2026-07-23 03:05:33,834 P3730713 INFO ----------------------------------------------------------------------------------------------------
2026-07-23 03:05:33,835 P3730713 INFO 48/50 starting... lr: 0.001 para:0.020408162847161293
2026-07-23 03:06:00,142 P3730713 INFO Epoch 48/50, all_loss:0.33888 cls_loss:0.31874 rec_loss:1.30562 [26.30s]; best loss:0.33888, patience : 0
2026-07-23 03:06:11,066 P3730713 INFO pr:0.9255  rc:0.9856  auc:0.9995 ap:0.9955 f1: 0.9546 pred_right: 1059475 pred_wrong:36725 actu_right: 1061713 actu_wrong: 34487
2026-07-23 03:06:15,409 P3730713 INFO pr:0.9223  rc:0.9809  auc:0.9994 ap:0.9943 f1: 0.9507 pred_right: 454051 pred_wrong:15749 actu_right: 454992 actu_wrong: 14808
2026-07-23 03:06:15,410 P3730713 INFO ----------------------------------------------------------------------------------------------------
2026-07-23 03:06:15,410 P3730713 INFO 49/50 starting... lr: 0.001 para:0.019999999552965164
2026-07-23 03:06:36,402 P3730713 INFO Epoch 49/50, all_loss:0.33836 cls_loss:0.31840 rec_loss:1.31644 [20.99s]; best loss:0.33836, patience : 0
2026-07-23 03:06:47,292 P3730713 INFO pr:0.9321  rc:0.9866  auc:0.9996 ap:0.9963 f1: 0.9586 pred_right: 1059694 pred_wrong:36506 actu_right: 1061712 actu_wrong: 34488
2026-07-23 03:06:51,892 P3730713 INFO pr:0.9297  rc:0.9812  auc:0.9994 ap:0.9947 f1: 0.9548 pred_right: 454172 pred_wrong:15628 actu_right: 454992 actu_wrong: 14808
2026-07-23 03:06:51,896 P3730713 INFO saving model...
2026-07-23 03:06:51,896 P3730713 INFO FITS_Legendre - loss  best score:0.3383604884147644 at epoch 49
2026-07-23 03:06:51,902 P3730713 INFO FITS_Legendre - f1  best score:0.9585880496943404 at epoch 49
2026-07-23 03:06:51,906 P3730713 INFO Average training time per epoch: 22.58 seconds
2026-07-23 03:06:51,907 P3730713 INFO calculate scores...
2026-07-23 03:06:51,907 P3730713 INFO calculate label with loss...
2026-07-23 03:06:51,907 P3730713 INFO FITS_Legendre on ./result/server_only_exps/Sensitivity/FITS_Legendre-TT-Epochs50-Seed1-ExpNameRQ3_sensitivity_auxi_lambda-LPFLPF-Attnlinear_attn-NormLinTrue-RecLambda1.0-AuxiLambda0.5-Degree5-lowshow-simplegraph loading...
2026-07-23 03:06:56,335 P3730713 INFO pr:0.9297  rc:0.9812  auc:0.9994 ap:0.9947 f1: 0.9548 pred_right: 454172 pred_wrong:15628 actu_right: 454992 actu_wrong: 14808
2026-07-23 03:07:04,832 P3730713 INFO pr:0.9297  rc:0.9812  auc:0.9994 ap:0.9947 f1: 0.9548 pred_right: 454172 pred_wrong:15628 actu_right: 454992 actu_wrong: 14808
2026-07-23 03:07:04,833 P3730713 INFO Performance Summary:
{'GPU': {'inference_time_per_sample_ms': 0.2228169875905927, 'throughput_samples_per_sec': 4487.988150335355, 'peak_memory_mb': 87.724609375, 'energy_per_sample_joules': 0.011752816235947197}, 'CPU': {'inference_time_per_sample_ms': 0.4525551429161659, 'throughput_samples_per_sec': 2209.675474144918, 'peak_memory_mb': 5467.16796875, 'energy_per_sample_joules': 0.02941608428955078}}
2026-07-23 03:07:04,833 P3730713 INFO Starting clean-room hardware benchmarking...
2026-07-23 03:07:05,757 P3730713 INFO Performance with loss: pr:0.9297  rc:0.9812  auc:0.9994 ap:0.9947 f1: 0.9548 pred_right: 454172 pred_wrong:15628 actu_right: 454992 actu_wrong: 14808
2026-07-23 03:07:05,757 P3730713 INFO calculate label with f1...
2026-07-23 03:07:05,757 P3730713 INFO FITS_Legendre on ./result/server_only_exps/Sensitivity/FITS_Legendre-TT-Epochs50-Seed1-ExpNameRQ3_sensitivity_auxi_lambda-LPFLPF-Attnlinear_attn-NormLinTrue-RecLambda1.0-AuxiLambda0.5-Degree5-lowshow-simplegraph loading...
2026-07-23 03:07:11,013 P3730713 INFO pr:0.9297  rc:0.9812  auc:0.9994 ap:0.9947 f1: 0.9548 pred_right: 454172 pred_wrong:15628 actu_right: 454992 actu_wrong: 14808
2026-07-23 03:07:18,550 P3730713 INFO pr:0.9297  rc:0.9812  auc:0.9994 ap:0.9947 f1: 0.9548 pred_right: 454172 pred_wrong:15628 actu_right: 454992 actu_wrong: 14808
2026-07-23 03:07:18,551 P3730713 INFO Performance Summary:
{'GPU': {'inference_time_per_sample_ms': 0.24436360303351035, 'throughput_samples_per_sec': 4092.262462928519, 'peak_memory_mb': 87.220703125, 'energy_per_sample_joules': 0.013174130566742609}, 'CPU': {'inference_time_per_sample_ms': 0.3997712951029483, 'throughput_samples_per_sec': 2501.4302233542858, 'peak_memory_mb': 5414.6171875, 'energy_per_sample_joules': 0.02598513418169164}}
2026-07-23 03:07:18,551 P3730713 INFO Starting clean-room hardware benchmarking...
2026-07-23 03:07:19,393 P3730713 INFO Performance with f1: pr:0.9297  rc:0.9812  auc:0.9994 ap:0.9947 f1: 0.9548 pred_right: 454172 pred_wrong:15628 actu_right: 454992 actu_wrong: 14808
