2026-07-02 18:51:22,276 P1178537 INFO ---- Model: ----MSTGAD-afd732a7----random_seed : 1----req_loss_approach : Normal-Recreation----rec_lambda : 1.0----auxi_lambda : 0.1----Freq Domain : AnoFusion----Multi Fits : false----train : True----evaluate : False
2026-07-02 18:51:22,277 P1178537 INFO Load from /home/db2003/Desktop/Amr/Tests/Eadro/codes/chunks/TT
2026-07-02 18:51:36,975 P1178537 INFO Fewshot: training with 1.0 of the 70% of the data
2026-07-02 18:51:37,131 P1178537 INFO Trainable Parameters Breakdown:
2026-07-02 18:51:37,131 P1178537 INFO --------------------------------------------------------------------------------
2026-07-02 18:51:37,131 P1178537 INFO Reconstruction-Specific Parameters:
2026-07-02 18:51:37,131 P1178537 INFO AnoFusion.metric_proj.weight             | shape: (10, 7)                   | params: 70
2026-07-02 18:51:37,131 P1178537 INFO AnoFusion.metric_proj.bias               | shape: (10,)                     | params: 10
2026-07-02 18:51:37,131 P1178537 INFO AnoFusion.log_proj.weight                | shape: (10, 60)                  | params: 600
2026-07-02 18:51:37,131 P1178537 INFO AnoFusion.log_proj.bias                  | shape: (10,)                     | params: 10
2026-07-02 18:51:37,131 P1178537 INFO AnoFusion.trace_proj.weight              | shape: (10, 2)                   | params: 20
2026-07-02 18:51:37,131 P1178537 INFO AnoFusion.trace_proj.bias                | shape: (10,)                     | params: 10
2026-07-02 18:51:37,131 P1178537 INFO AnoFusion.anofusion.GTN.weight           | shape: (1, 1)                    | params: 1
2026-07-02 18:51:37,131 P1178537 INFO AnoFusion.anofusion.GTN.layers.0.layer1.weight | shape: (1, 2, 2, 1, 1)           | params: 4
2026-07-02 18:51:37,131 P1178537 INFO AnoFusion.anofusion.GTN.layers.0.layer2.weight | shape: (1, 2, 2, 1, 1)           | params: 4
2026-07-02 18:51:37,131 P1178537 INFO AnoFusion.anofusion.GTN.layers.1.layer1.weight | shape: (1, 2, 2, 1, 1)           | params: 4
2026-07-02 18:51:37,132 P1178537 INFO AnoFusion.anofusion.GTN.layers.2.layer1.weight | shape: (1, 2, 2, 1, 1)           | params: 4
2026-07-02 18:51:37,132 P1178537 INFO AnoFusion.anofusion.GTN.layers.3.layer1.weight | shape: (1, 2, 2, 1, 1)           | params: 4
2026-07-02 18:51:37,132 P1178537 INFO AnoFusion.anofusion.GTN.layers.4.layer1.weight | shape: (1, 2, 2, 1, 1)           | params: 4
2026-07-02 18:51:37,132 P1178537 INFO AnoFusion.anofusion.GAT_GRU.weight       | shape: (1, 1)                    | params: 1
2026-07-02 18:51:37,132 P1178537 INFO AnoFusion.anofusion.GAT_GRU.soft         | shape: (2,)                      | params: 2
2026-07-02 18:51:37,132 P1178537 INFO AnoFusion.anofusion.GAT_GRU.gru.weight_ih_l0 | shape: (60, 20)                  | params: 1,200
2026-07-02 18:51:37,132 P1178537 INFO AnoFusion.anofusion.GAT_GRU.gru.weight_hh_l0 | shape: (60, 20)                  | params: 1,200
2026-07-02 18:51:37,132 P1178537 INFO AnoFusion.anofusion.GAT_GRU.gru.bias_ih_l0 | shape: (60,)                     | params: 60
2026-07-02 18:51:37,132 P1178537 INFO AnoFusion.anofusion.GAT_GRU.gru.bias_hh_l0 | shape: (60,)                     | params: 60
2026-07-02 18:51:37,132 P1178537 INFO AnoFusion.anofusion.GAT_GRU.BN.weight    | shape: (10,)                     | params: 10
2026-07-02 18:51:37,132 P1178537 INFO AnoFusion.anofusion.GAT_GRU.BN.bias      | shape: (10,)                     | params: 10
2026-07-02 18:51:37,132 P1178537 INFO AnoFusion.anofusion.GAT_GRU.linear.weight | shape: (20, 20)                  | params: 400
2026-07-02 18:51:37,132 P1178537 INFO AnoFusion.anofusion.GAT_GRU.linear.bias  | shape: (20,)                     | params: 20
2026-07-02 18:51:37,132 P1178537 INFO AnoFusion.anofusion.GAT_GRU.gat_layer.subnet.attention_module.0.b | shape: (20,)                     | params: 20
2026-07-02 18:51:37,132 P1178537 INFO AnoFusion.anofusion.GAT_GRU.gat_layer.subnet.attention_module.0.W.weight | shape: (20, 30)                  | params: 600
2026-07-02 18:51:37,132 P1178537 INFO AnoFusion.anofusion.GAT_GRU.gat_layer.subnet.attention_module.1.b | shape: (20,)                     | params: 20
2026-07-02 18:51:37,132 P1178537 INFO AnoFusion.anofusion.GAT_GRU.gat_layer.subnet.attention_module.1.W.weight | shape: (20, 30)                  | params: 600
2026-07-02 18:51:37,132 P1178537 INFO AnoFusion.anofusion.GAT_GRU.gat_layer.subnet.attention_module.2.b | shape: (20,)                     | params: 20
2026-07-02 18:51:37,132 P1178537 INFO AnoFusion.anofusion.GAT_GRU.gat_layer.subnet.attention_module.2.W.weight | shape: (20, 30)                  | params: 600
2026-07-02 18:51:37,132 P1178537 INFO AnoFusion.anofusion.GAT_GRU.gat_layer.subnet.attention_module.3.b | shape: (20,)                     | params: 20
2026-07-02 18:51:37,132 P1178537 INFO AnoFusion.anofusion.GAT_GRU.gat_layer.subnet.attention_module.3.W.weight | shape: (20, 30)                  | params: 600
2026-07-02 18:51:37,133 P1178537 INFO AnoFusion.anofusion.GAT_GRU.gat_layer.subnet.attention_module.4.b | shape: (20,)                     | params: 20
2026-07-02 18:51:37,133 P1178537 INFO AnoFusion.anofusion.GAT_GRU.gat_layer.subnet.attention_module.4.W.weight | shape: (20, 30)                  | params: 600
2026-07-02 18:51:37,133 P1178537 INFO AnoFusion.anofusion.GAT_GRU.gat_layer.subnet.attention_module.5.b | shape: (20,)                     | params: 20
2026-07-02 18:51:37,133 P1178537 INFO AnoFusion.anofusion.GAT_GRU.gat_layer.subnet.attention_module.5.W.weight | shape: (20, 30)                  | params: 600
2026-07-02 18:51:37,133 P1178537 INFO AnoFusion.anofusion.GAT_GRU.gat_layer.subnet.out_att.b | shape: (20,)                     | params: 20
2026-07-02 18:51:37,133 P1178537 INFO AnoFusion.anofusion.GAT_GRU.gat_layer.subnet.out_att.W.weight | shape: (20, 120)                 | params: 2,400
2026-07-02 18:51:37,133 P1178537 INFO AnoFusion.anofusion.linT.weight          | shape: (5, 10)                   | params: 50
2026-07-02 18:51:37,133 P1178537 INFO AnoFusion.anofusion.linT.bias            | shape: (5,)                      | params: 5
2026-07-02 18:51:37,133 P1178537 INFO AnoFusion.anofusion.lin1.weight          | shape: (64, 270)                 | params: 17,280
2026-07-02 18:51:37,133 P1178537 INFO AnoFusion.anofusion.lin1.bias            | shape: (64,)                     | params: 64
2026-07-02 18:51:37,133 P1178537 INFO AnoFusion.anofusion.lin2.weight          | shape: (2, 64)                   | params: 128
2026-07-02 18:51:37,133 P1178537 INFO AnoFusion.anofusion.lin2.bias            | shape: (2,)                      | params: 2
2026-07-02 18:51:37,133 P1178537 INFO AnoFusion.post_proj.weight               | shape: (69, 20)                  | params: 1,380
2026-07-02 18:51:37,133 P1178537 INFO AnoFusion.post_proj.bias                 | shape: (69,)                     | params: 69
2026-07-02 18:51:37,133 P1178537 INFO Subtotal: 28,826
2026-07-02 18:51:37,133 P1178537 INFO --------------------------------------------------------------------------------
2026-07-02 18:51:37,133 P1178537 INFO Common Parameters:
2026-07-02 18:51:37,133 P1178537 INFO node_emb.linear.weight                   | shape: (8, 7)                    | params: 56
2026-07-02 18:51:37,133 P1178537 INFO node_emb.linear.bias                     | shape: (8,)                      | params: 8
2026-07-02 18:51:37,133 P1178537 INFO log_emb.linear.weight                    | shape: (32, 60)                  | params: 1,920
2026-07-02 18:51:37,133 P1178537 INFO log_emb.linear.bias                      | shape: (32,)                     | params: 32
2026-07-02 18:51:37,133 P1178537 INFO egde_emb.linear.weight                   | shape: (8, 2)                    | params: 16
2026-07-02 18:51:37,133 P1178537 INFO egde_emb.linear.bias                     | shape: (8,)                      | params: 8
2026-07-02 18:51:37,133 P1178537 INFO dense_node.weight                        | shape: (7, 8)                    | params: 56
2026-07-02 18:51:37,134 P1178537 INFO dense_node.bias                          | shape: (7,)                      | params: 7
2026-07-02 18:51:37,134 P1178537 INFO dense_log.weight                         | shape: (60, 32)                  | params: 1,920
2026-07-02 18:51:37,134 P1178537 INFO dense_log.bias                           | shape: (60,)                     | params: 60
2026-07-02 18:51:37,134 P1178537 INFO dense_edge.weight                        | shape: (2, 8)                    | params: 16
2026-07-02 18:51:37,134 P1178537 INFO dense_edge.bias                          | shape: (2,)                      | params: 2
2026-07-02 18:51:37,134 P1178537 INFO show.0.weight                            | shape: (128, 69)                 | params: 8,832
2026-07-02 18:51:37,134 P1178537 INFO show.0.bias                              | shape: (128,)                    | params: 128
2026-07-02 18:51:37,134 P1178537 INFO show.2.weight                            | shape: (2, 128)                  | params: 256
2026-07-02 18:51:37,134 P1178537 INFO show.2.bias                              | shape: (2,)                      | params: 2
2026-07-02 18:51:37,134 P1178537 INFO Subtotal: 13,319
2026-07-02 18:51:37,134 P1178537 INFO --------------------------------------------------------------------------------
2026-07-02 18:51:37,134 P1178537 INFO Total Trainable Parameters: 42,145

2026-07-02 18:51:37,134 P1178537 INFO Trainable Parameters: 42145, reconstruction: 28826, common: 13319
2026-07-02 18:51:37,134 P1178537 INFO model : init weight
2026-07-02 18:51:37,135 P1178537 INFO Using GPU...
2026-07-02 18:51:37,152 P1178537 INFO optimizer : using AdaBelief
2026-07-02 18:51:37,152 P1178537 INFO ----------------------------------------------------------------------------------------------------
2026-07-02 18:51:37,152 P1178537 INFO 0/50 starting... lr: 0.001 para:1.0
2026-07-02 18:51:57,572 P1178537 INFO Epoch 0/50, all_loss:7.13063 cls_loss:7.13063 rec_loss:0.15054 [20.41s]; best loss:7.13063, patience : 0
2026-07-02 18:51:57,572 P1178537 INFO ----------------------------------------------------------------------------------------------------
2026-07-02 18:51:57,572 P1178537 INFO 1/50 starting... lr: 0.001 para:0.5
2026-07-02 18:52:17,333 P1178537 INFO Epoch 1/50, all_loss:4.12902 cls_loss:4.12902 rec_loss:0.15239 [19.76s]; best loss:4.12902, patience : 0
2026-07-02 18:52:17,333 P1178537 INFO ----------------------------------------------------------------------------------------------------
2026-07-02 18:52:17,333 P1178537 INFO 2/50 starting... lr: 0.001 para:0.3333333432674408
2026-07-02 18:52:39,229 P1178537 INFO Epoch 2/50, all_loss:3.17488 cls_loss:3.17488 rec_loss:0.16433 [21.89s]; best loss:3.17488, patience : 0
2026-07-02 18:52:53,424 P1178537 INFO pr:0.9523  rc:0.4091  auc:0.9830 ap:0.8682 f1: 0.5723 pred_right: 1081385 pred_wrong:14815 actu_right: 1061712 actu_wrong: 34488
2026-07-02 18:52:57,310 P1178537 INFO pr:0.9549  rc:0.4073  auc:0.9826 ap:0.8676 f1: 0.5711 pred_right: 463483 pred_wrong:6317 actu_right: 454992 actu_wrong: 14808
2026-07-02 18:52:57,316 P1178537 INFO ----------------------------------------------------------------------------------------------------
2026-07-02 18:52:57,316 P1178537 INFO 3/50 starting... lr: 0.001 para:0.25
2026-07-02 18:53:17,394 P1178537 INFO Epoch 3/50, all_loss:2.56918 cls_loss:2.56918 rec_loss:0.17333 [20.07s]; best loss:2.56918, patience : 0
2026-07-02 18:53:26,942 P1178537 INFO pr:0.8633  rc:0.5094  auc:0.9901 ap:0.9033 f1: 0.6407 pred_right: 1075852 pred_wrong:20348 actu_right: 1061713 actu_wrong: 34487
2026-07-02 18:53:30,872 P1178537 INFO pr:0.8643  rc:0.5027  auc:0.9896 ap:0.9024 f1: 0.6357 pred_right: 461187 pred_wrong:8613 actu_right: 454992 actu_wrong: 14808
2026-07-02 18:53:30,877 P1178537 INFO ----------------------------------------------------------------------------------------------------
2026-07-02 18:53:30,878 P1178537 INFO 4/50 starting... lr: 0.001 para:0.20000000298023224
2026-07-02 18:53:50,923 P1178537 INFO Epoch 4/50, all_loss:2.25666 cls_loss:2.25666 rec_loss:0.17860 [20.04s]; best loss:2.25666, patience : 0
2026-07-02 18:54:01,484 P1178537 INFO pr:0.7431  rc:0.6780  auc:0.9916 ap:0.9151 f1: 0.7091 pred_right: 1064735 pred_wrong:31465 actu_right: 1061710 actu_wrong: 34490
2026-07-02 18:54:10,354 P1178537 INFO pr:0.7453  rc:0.6752  auc:0.9911 ap:0.9142 f1: 0.7085 pred_right: 456386 pred_wrong:13414 actu_right: 454992 actu_wrong: 14808
2026-07-02 18:54:10,361 P1178537 INFO ----------------------------------------------------------------------------------------------------
2026-07-02 18:54:10,362 P1178537 INFO 5/50 starting... lr: 0.001 para:0.1666666716337204
2026-07-02 18:54:30,653 P1178537 INFO Epoch 5/50, all_loss:2.02624 cls_loss:2.02624 rec_loss:0.17888 [20.28s]; best loss:2.02624, patience : 0
2026-07-02 18:54:40,108 P1178537 INFO pr:0.7032  rc:0.7983  auc:0.9933 ap:0.9277 f1: 0.7477 pred_right: 1057048 pred_wrong:39152 actu_right: 1061709 actu_wrong: 34491
2026-07-02 18:54:43,987 P1178537 INFO pr:0.7023  rc:0.7884  auc:0.9930 ap:0.9265 f1: 0.7428 pred_right: 453175 pred_wrong:16625 actu_right: 454992 actu_wrong: 14808
2026-07-02 18:54:43,993 P1178537 INFO ----------------------------------------------------------------------------------------------------
2026-07-02 18:54:43,993 P1178537 INFO 6/50 starting... lr: 0.001 para:0.1428571492433548
2026-07-02 18:55:04,092 P1178537 INFO Epoch 6/50, all_loss:1.83457 cls_loss:1.83457 rec_loss:0.17816 [20.09s]; best loss:1.83457, patience : 0
2026-07-02 18:55:14,241 P1178537 INFO pr:0.8178  rc:0.7152  auc:0.9950 ap:0.9398 f1: 0.7631 pred_right: 1066039 pred_wrong:30161 actu_right: 1061710 actu_wrong: 34490
2026-07-02 18:55:17,858 P1178537 INFO pr:0.8173  rc:0.7101  auc:0.9947 ap:0.9381 f1: 0.7599 pred_right: 456934 pred_wrong:12866 actu_right: 454992 actu_wrong: 14808
2026-07-02 18:55:17,863 P1178537 INFO ----------------------------------------------------------------------------------------------------
2026-07-02 18:55:17,864 P1178537 INFO 7/50 starting... lr: 0.001 para:0.125
2026-07-02 18:55:43,604 P1178537 INFO Epoch 7/50, all_loss:1.67931 cls_loss:1.67931 rec_loss:0.17981 [25.73s]; best loss:1.67931, patience : 0
2026-07-02 18:55:53,143 P1178537 INFO pr:0.8311  rc:0.7891  auc:0.9958 ap:0.9498 f1: 0.8095 pred_right: 1063452 pred_wrong:32748 actu_right: 1061708 actu_wrong: 34492
2026-07-02 18:55:57,353 P1178537 INFO pr:0.8311  rc:0.7814  auc:0.9954 ap:0.9479 f1: 0.8055 pred_right: 455877 pred_wrong:13923 actu_right: 454992 actu_wrong: 14808
2026-07-02 18:55:57,358 P1178537 INFO ----------------------------------------------------------------------------------------------------
2026-07-02 18:55:57,359 P1178537 INFO 8/50 starting... lr: 0.001 para:0.1111111119389534
2026-07-02 18:56:17,075 P1178537 INFO Epoch 8/50, all_loss:1.51521 cls_loss:1.51521 rec_loss:0.18003 [19.71s]; best loss:1.51521, patience : 0
2026-07-02 18:56:26,643 P1178537 INFO pr:0.8267  rc:0.8169  auc:0.9966 ap:0.9546 f1: 0.8218 pred_right: 1062116 pred_wrong:34084 actu_right: 1061707 actu_wrong: 34493
2026-07-02 18:56:30,604 P1178537 INFO pr:0.8221  rc:0.8095  auc:0.9964 ap:0.9527 f1: 0.8157 pred_right: 455219 pred_wrong:14581 actu_right: 454992 actu_wrong: 14808
2026-07-02 18:56:30,610 P1178537 INFO ----------------------------------------------------------------------------------------------------
2026-07-02 18:56:30,610 P1178537 INFO 9/50 starting... lr: 0.001 para:0.10000000149011612
2026-07-02 18:56:56,501 P1178537 INFO Epoch 9/50, all_loss:1.41340 cls_loss:1.41340 rec_loss:0.18313 [25.88s]; best loss:1.41340, patience : 0
2026-07-02 18:57:06,807 P1178537 INFO pr:0.8359  rc:0.8520  auc:0.9971 ap:0.9606 f1: 0.8439 pred_right: 1061046 pred_wrong:35154 actu_right: 1061710 actu_wrong: 34490
2026-07-02 18:57:10,841 P1178537 INFO pr:0.8359  rc:0.8453  auc:0.9967 ap:0.9589 f1: 0.8406 pred_right: 454826 pred_wrong:14974 actu_right: 454992 actu_wrong: 14808
2026-07-02 18:57:10,846 P1178537 INFO ----------------------------------------------------------------------------------------------------
2026-07-02 18:57:10,846 P1178537 INFO 10/50 starting... lr: 0.001 para:0.09090909361839294
2026-07-02 18:57:30,999 P1178537 INFO Epoch 10/50, all_loss:1.32321 cls_loss:1.32321 rec_loss:0.18385 [20.15s]; best loss:1.32321, patience : 0
2026-07-02 18:57:40,615 P1178537 INFO pr:0.8407  rc:0.8816  auc:0.9974 ap:0.9650 f1: 0.8607 pred_right: 1060032 pred_wrong:36168 actu_right: 1061710 actu_wrong: 34490
2026-07-02 18:57:44,824 P1178537 INFO pr:0.8395  rc:0.8740  auc:0.9972 ap:0.9639 f1: 0.8564 pred_right: 454383 pred_wrong:15417 actu_right: 454992 actu_wrong: 14808
2026-07-02 18:57:44,829 P1178537 INFO ----------------------------------------------------------------------------------------------------
2026-07-02 18:57:44,829 P1178537 INFO 11/50 starting... lr: 0.001 para:0.0833333358168602
2026-07-02 18:58:04,810 P1178537 INFO Epoch 11/50, all_loss:1.24641 cls_loss:1.24641 rec_loss:0.18575 [19.98s]; best loss:1.24641, patience : 0
2026-07-02 18:58:17,062 P1178537 INFO pr:0.8359  rc:0.8681  auc:0.9975 ap:0.9641 f1: 0.8517 pred_right: 1060381 pred_wrong:35819 actu_right: 1061709 actu_wrong: 34491
2026-07-02 18:58:24,592 P1178537 INFO pr:0.8342  rc:0.8620  auc:0.9974 ap:0.9635 f1: 0.8479 pred_right: 454500 pred_wrong:15300 actu_right: 454992 actu_wrong: 14808
2026-07-02 18:58:24,593 P1178537 INFO ----------------------------------------------------------------------------------------------------
2026-07-02 18:58:24,593 P1178537 INFO 12/50 starting... lr: 0.001 para:0.07692307978868484
2026-07-02 18:58:44,967 P1178537 INFO Epoch 12/50, all_loss:1.19761 cls_loss:1.19761 rec_loss:0.18431 [20.37s]; best loss:1.19761, patience : 0
2026-07-02 18:58:54,512 P1178537 INFO pr:0.8386  rc:0.8880  auc:0.9975 ap:0.9655 f1: 0.8626 pred_right: 1059682 pred_wrong:36518 actu_right: 1061713 actu_wrong: 34487
2026-07-02 18:58:58,648 P1178537 INFO pr:0.8356  rc:0.8808  auc:0.9974 ap:0.9645 f1: 0.8576 pred_right: 454191 pred_wrong:15609 actu_right: 454992 actu_wrong: 14808
2026-07-02 18:58:58,654 P1178537 INFO ----------------------------------------------------------------------------------------------------
2026-07-02 18:58:58,654 P1178537 INFO 13/50 starting... lr: 0.001 para:0.0714285746216774
2026-07-02 18:59:18,716 P1178537 INFO Epoch 13/50, all_loss:1.15048 cls_loss:1.15048 rec_loss:0.18259 [20.06s]; best loss:1.15048, patience : 0
2026-07-02 18:59:28,889 P1178537 INFO pr:0.8496  rc:0.8878  auc:0.9978 ap:0.9684 f1: 0.8683 pred_right: 1060160 pred_wrong:36040 actu_right: 1061711 actu_wrong: 34489
2026-07-02 18:59:32,412 P1178537 INFO pr:0.8494  rc:0.8823  auc:0.9977 ap:0.9675 f1: 0.8655 pred_right: 454418 pred_wrong:15382 actu_right: 454992 actu_wrong: 14808
2026-07-02 18:59:32,418 P1178537 INFO ----------------------------------------------------------------------------------------------------
2026-07-02 18:59:32,418 P1178537 INFO 14/50 starting... lr: 0.001 para:0.06666667014360428
2026-07-02 18:59:58,347 P1178537 INFO Epoch 14/50, all_loss:1.11447 cls_loss:1.11447 rec_loss:0.18145 [25.92s]; best loss:1.11447, patience : 0
2026-07-02 19:00:08,111 P1178537 INFO pr:0.8539  rc:0.8809  auc:0.9979 ap:0.9689 f1: 0.8671 pred_right: 1060620 pred_wrong:35580 actu_right: 1061711 actu_wrong: 34489
2026-07-02 19:00:12,088 P1178537 INFO pr:0.8571  rc:0.8744  auc:0.9979 ap:0.9684 f1: 0.8657 pred_right: 454693 pred_wrong:15107 actu_right: 454992 actu_wrong: 14808
2026-07-02 19:00:12,088 P1178537 INFO ----------------------------------------------------------------------------------------------------
2026-07-02 19:00:12,089 P1178537 INFO 15/50 starting... lr: 0.001 para:0.0625
2026-07-02 19:00:31,938 P1178537 INFO Epoch 15/50, all_loss:1.07472 cls_loss:1.07472 rec_loss:0.18036 [19.84s]; best loss:1.07472, patience : 0
2026-07-02 19:00:41,471 P1178537 INFO pr:0.8052  rc:0.9520  auc:0.9979 ap:0.9693 f1: 0.8725 pred_right: 1055426 pred_wrong:40774 actu_right: 1061713 actu_wrong: 34487
2026-07-02 19:00:45,399 P1178537 INFO pr:0.8030  rc:0.9462  auc:0.9977 ap:0.9684 f1: 0.8687 pred_right: 452350 pred_wrong:17450 actu_right: 454992 actu_wrong: 14808
2026-07-02 19:00:45,405 P1178537 INFO ----------------------------------------------------------------------------------------------------
2026-07-02 19:00:45,405 P1178537 INFO 16/50 starting... lr: 0.001 para:0.05882352963089943
2026-07-02 19:01:10,630 P1178537 INFO Epoch 16/50, all_loss:1.04205 cls_loss:1.04205 rec_loss:0.17878 [25.22s]; best loss:1.04205, patience : 0
2026-07-02 19:01:22,843 P1178537 INFO pr:0.8577  rc:0.8729  auc:0.9979 ap:0.9682 f1: 0.8653 pred_right: 1061098 pred_wrong:35102 actu_right: 1061711 actu_wrong: 34489
2026-07-02 19:01:26,916 P1178537 INFO pr:0.8590  rc:0.8670  auc:0.9978 ap:0.9676 f1: 0.8630 pred_right: 454854 pred_wrong:14946 actu_right: 454992 actu_wrong: 14808
2026-07-02 19:01:26,917 P1178537 INFO ----------------------------------------------------------------------------------------------------
2026-07-02 19:01:26,917 P1178537 INFO 17/50 starting... lr: 0.001 para:0.0555555559694767
2026-07-02 19:01:46,934 P1178537 INFO Epoch 17/50, all_loss:1.02556 cls_loss:1.02556 rec_loss:0.17618 [20.01s]; best loss:1.02556, patience : 0
2026-07-02 19:01:56,907 P1178537 INFO pr:0.8588  rc:0.9147  auc:0.9983 ap:0.9736 f1: 0.8858 pred_right: 1059467 pred_wrong:36733 actu_right: 1061712 actu_wrong: 34488
2026-07-02 19:02:00,789 P1178537 INFO pr:0.8602  rc:0.9078  auc:0.9981 ap:0.9727 f1: 0.8834 pred_right: 454173 pred_wrong:15627 actu_right: 454992 actu_wrong: 14808
2026-07-02 19:02:00,795 P1178537 INFO ----------------------------------------------------------------------------------------------------
2026-07-02 19:02:00,795 P1178537 INFO 18/50 starting... lr: 0.001 para:0.05263157933950424
2026-07-02 19:02:21,442 P1178537 INFO Epoch 18/50, all_loss:0.99430 cls_loss:0.99430 rec_loss:0.17451 [20.64s]; best loss:0.99430, patience : 0
2026-07-02 19:02:33,616 P1178537 INFO pr:0.8567  rc:0.9256  auc:0.9983 ap:0.9734 f1: 0.8898 pred_right: 1058938 pred_wrong:37262 actu_right: 1061715 actu_wrong: 34485
2026-07-02 19:02:41,442 P1178537 INFO pr:0.8594  rc:0.9215  auc:0.9981 ap:0.9733 f1: 0.8893 pred_right: 453922 pred_wrong:15878 actu_right: 454992 actu_wrong: 14808
2026-07-02 19:02:41,448 P1178537 INFO ----------------------------------------------------------------------------------------------------
2026-07-02 19:02:41,448 P1178537 INFO 19/50 starting... lr: 0.001 para:0.05000000074505806
2026-07-02 19:03:01,836 P1178537 INFO Epoch 19/50, all_loss:0.97115 cls_loss:0.97115 rec_loss:0.17489 [20.38s]; best loss:0.97115, patience : 0
2026-07-02 19:03:11,809 P1178537 INFO pr:0.8535  rc:0.9238  auc:0.9982 ap:0.9737 f1: 0.8873 pred_right: 1058874 pred_wrong:37326 actu_right: 1061712 actu_wrong: 34488
2026-07-02 19:03:15,836 P1178537 INFO pr:0.8546  rc:0.9182  auc:0.9981 ap:0.9730 f1: 0.8853 pred_right: 453889 pred_wrong:15911 actu_right: 454992 actu_wrong: 14808
2026-07-02 19:03:15,837 P1178537 INFO ----------------------------------------------------------------------------------------------------
2026-07-02 19:03:15,837 P1178537 INFO 20/50 starting... lr: 0.001 para:0.0476190485060215
2026-07-02 19:03:36,116 P1178537 INFO Epoch 20/50, all_loss:0.96157 cls_loss:0.96157 rec_loss:0.17493 [20.27s]; best loss:0.96157, patience : 0
2026-07-02 19:03:45,988 P1178537 INFO pr:0.8583  rc:0.8931  auc:0.9981 ap:0.9720 f1: 0.8754 pred_right: 1060315 pred_wrong:35885 actu_right: 1061712 actu_wrong: 34488
2026-07-02 19:03:49,711 P1178537 INFO pr:0.8591  rc:0.8889  auc:0.9980 ap:0.9712 f1: 0.8738 pred_right: 454479 pred_wrong:15321 actu_right: 454992 actu_wrong: 14808
2026-07-02 19:03:49,712 P1178537 INFO ----------------------------------------------------------------------------------------------------
2026-07-02 19:03:49,712 P1178537 INFO 21/50 starting... lr: 0.001 para:0.04545454680919647
2026-07-02 19:04:15,742 P1178537 INFO Epoch 21/50, all_loss:0.94057 cls_loss:0.94057 rec_loss:0.17405 [26.02s]; best loss:0.94057, patience : 0
2026-07-02 19:04:25,606 P1178537 INFO pr:0.8610  rc:0.9230  auc:0.9983 ap:0.9740 f1: 0.8909 pred_right: 1059231 pred_wrong:36969 actu_right: 1061712 actu_wrong: 34488
2026-07-02 19:04:29,655 P1178537 INFO pr:0.8631  rc:0.9186  auc:0.9983 ap:0.9736 f1: 0.8900 pred_right: 454040 pred_wrong:15760 actu_right: 454992 actu_wrong: 14808
2026-07-02 19:04:29,661 P1178537 INFO ----------------------------------------------------------------------------------------------------
2026-07-02 19:04:29,661 P1178537 INFO 22/50 starting... lr: 0.001 para:0.043478261679410934
2026-07-02 19:04:49,802 P1178537 INFO Epoch 22/50, all_loss:0.91278 cls_loss:0.91278 rec_loss:0.17419 [20.13s]; best loss:0.91278, patience : 0
2026-07-02 19:04:59,658 P1178537 INFO pr:0.8730  rc:0.8542  auc:0.9980 ap:0.9707 f1: 0.8635 pred_right: 1062451 pred_wrong:33749 actu_right: 1061709 actu_wrong: 34491
2026-07-02 19:05:03,747 P1178537 INFO pr:0.8753  rc:0.8492  auc:0.9978 ap:0.9700 f1: 0.8620 pred_right: 455433 pred_wrong:14367 actu_right: 454992 actu_wrong: 14808
2026-07-02 19:05:03,747 P1178537 INFO ----------------------------------------------------------------------------------------------------
2026-07-02 19:05:03,748 P1178537 INFO 23/50 starting... lr: 0.001 para:0.0416666679084301
2026-07-02 19:05:27,379 P1178537 INFO Epoch 23/50, all_loss:0.89497 cls_loss:0.89497 rec_loss:0.17174 [23.62s]; best loss:0.89497, patience : 0
2026-07-02 19:05:40,905 P1178537 INFO pr:0.8044  rc:0.9600  auc:0.9980 ap:0.9703 f1: 0.8753 pred_right: 1055038 pred_wrong:41162 actu_right: 1061709 actu_wrong: 34491
2026-07-02 19:05:45,041 P1178537 INFO pr:0.8040  rc:0.9568  auc:0.9980 ap:0.9700 f1: 0.8738 pred_right: 452178 pred_wrong:17622 actu_right: 454992 actu_wrong: 14808
2026-07-02 19:05:45,042 P1178537 INFO ----------------------------------------------------------------------------------------------------
2026-07-02 19:05:45,042 P1178537 INFO 24/50 starting... lr: 0.001 para:0.03999999910593033
2026-07-02 19:06:05,293 P1178537 INFO Epoch 24/50, all_loss:0.89859 cls_loss:0.89859 rec_loss:0.16976 [20.25s]; best loss:0.89497, patience : 1
2026-07-02 19:06:15,203 P1178537 INFO pr:0.8580  rc:0.9320  auc:0.9983 ap:0.9753 f1: 0.8935 pred_right: 1058733 pred_wrong:37467 actu_right: 1061705 actu_wrong: 34495
2026-07-02 19:06:19,510 P1178537 INFO pr:0.8583  rc:0.9253  auc:0.9981 ap:0.9748 f1: 0.8905 pred_right: 453835 pred_wrong:15965 actu_right: 454992 actu_wrong: 14808
2026-07-02 19:06:19,516 P1178537 INFO ----------------------------------------------------------------------------------------------------
2026-07-02 19:06:19,516 P1178537 INFO 25/50 starting... lr: 0.001 para:0.03846153989434242
2026-07-02 19:06:40,395 P1178537 INFO Epoch 25/50, all_loss:0.88460 cls_loss:0.88460 rec_loss:0.17050 [20.87s]; best loss:0.88460, patience : 0
2026-07-02 19:06:49,752 P1178537 INFO pr:0.8665  rc:0.8989  auc:0.9983 ap:0.9748 f1: 0.8824 pred_right: 1060419 pred_wrong:35781 actu_right: 1061706 actu_wrong: 34494
2026-07-02 19:06:59,038 P1178537 INFO pr:0.8667  rc:0.8945  auc:0.9981 ap:0.9741 f1: 0.8804 pred_right: 454517 pred_wrong:15283 actu_right: 454992 actu_wrong: 14808
2026-07-02 19:06:59,040 P1178537 INFO ----------------------------------------------------------------------------------------------------
2026-07-02 19:06:59,040 P1178537 INFO 26/50 starting... lr: 0.001 para:0.03703703731298447
2026-07-02 19:07:20,785 P1178537 INFO Epoch 26/50, all_loss:0.86258 cls_loss:0.86258 rec_loss:0.17484 [21.74s]; best loss:0.86258, patience : 0
2026-07-02 19:07:30,395 P1178537 INFO pr:0.8644  rc:0.9279  auc:0.9985 ap:0.9770 f1: 0.8950 pred_right: 1059175 pred_wrong:37025 actu_right: 1061711 actu_wrong: 34489
2026-07-02 19:07:34,439 P1178537 INFO pr:0.8640  rc:0.9209  auc:0.9983 ap:0.9758 f1: 0.8916 pred_right: 454017 pred_wrong:15783 actu_right: 454992 actu_wrong: 14808
2026-07-02 19:07:34,445 P1178537 INFO ----------------------------------------------------------------------------------------------------
2026-07-02 19:07:34,445 P1178537 INFO 27/50 starting... lr: 0.001 para:0.0357142873108387
2026-07-02 19:07:54,724 P1178537 INFO Epoch 27/50, all_loss:0.87246 cls_loss:0.87246 rec_loss:0.17343 [20.28s]; best loss:0.86258, patience : 1
2026-07-02 19:08:05,063 P1178537 INFO pr:0.8594  rc:0.9325  auc:0.9985 ap:0.9764 f1: 0.8945 pred_right: 1058779 pred_wrong:37421 actu_right: 1061713 actu_wrong: 34487
2026-07-02 19:08:08,567 P1178537 INFO pr:0.8617  rc:0.9285  auc:0.9983 ap:0.9754 f1: 0.8939 pred_right: 453845 pred_wrong:15955 actu_right: 454992 actu_wrong: 14808
2026-07-02 19:08:08,567 P1178537 INFO ----------------------------------------------------------------------------------------------------
2026-07-02 19:08:08,567 P1178537 INFO 28/50 starting... lr: 0.001 para:0.03448275849223137
2026-07-02 19:08:34,741 P1178537 INFO Epoch 28/50, all_loss:0.83969 cls_loss:0.83969 rec_loss:0.17070 [26.17s]; best loss:0.83969, patience : 0
2026-07-02 19:08:44,448 P1178537 INFO pr:0.8627  rc:0.9281  auc:0.9986 ap:0.9773 f1: 0.8942 pred_right: 1059094 pred_wrong:37106 actu_right: 1061707 actu_wrong: 34493
2026-07-02 19:08:48,578 P1178537 INFO pr:0.8623  rc:0.9233  auc:0.9985 ap:0.9758 f1: 0.8918 pred_right: 453945 pred_wrong:15855 actu_right: 454992 actu_wrong: 14808
2026-07-02 19:08:48,579 P1178537 INFO ----------------------------------------------------------------------------------------------------
2026-07-02 19:08:48,579 P1178537 INFO 29/50 starting... lr: 0.001 para:0.03333333507180214
2026-07-02 19:09:08,820 P1178537 INFO Epoch 29/50, all_loss:0.83707 cls_loss:0.83707 rec_loss:0.17451 [20.23s]; best loss:0.83707, patience : 0
2026-07-02 19:09:18,654 P1178537 INFO pr:0.8516  rc:0.9585  auc:0.9987 ap:0.9794 f1: 0.9019 pred_right: 1057380 pred_wrong:38820 actu_right: 1061712 actu_wrong: 34488
2026-07-02 19:09:22,595 P1178537 INFO pr:0.8510  rc:0.9529  auc:0.9986 ap:0.9784 f1: 0.8991 pred_right: 453220 pred_wrong:16580 actu_right: 454992 actu_wrong: 14808
2026-07-02 19:09:22,601 P1178537 INFO ----------------------------------------------------------------------------------------------------
2026-07-02 19:09:22,601 P1178537 INFO 30/50 starting... lr: 0.001 para:0.032258063554763794
2026-07-02 19:09:43,154 P1178537 INFO Epoch 30/50, all_loss:0.81692 cls_loss:0.81692 rec_loss:0.17882 [20.55s]; best loss:0.81692, patience : 0
2026-07-02 19:10:00,894 P1178537 INFO pr:0.8536  rc:0.9379  auc:0.9986 ap:0.9782 f1: 0.8938 pred_right: 1058307 pred_wrong:37893 actu_right: 1061710 actu_wrong: 34490
2026-07-02 19:10:05,123 P1178537 INFO pr:0.8541  rc:0.9330  auc:0.9985 ap:0.9771 f1: 0.8918 pred_right: 453624 pred_wrong:16176 actu_right: 454992 actu_wrong: 14808
2026-07-02 19:10:05,124 P1178537 INFO ----------------------------------------------------------------------------------------------------
2026-07-02 19:10:05,124 P1178537 INFO 31/50 starting... lr: 0.001 para:0.03125
2026-07-02 19:10:25,511 P1178537 INFO Epoch 31/50, all_loss:0.81616 cls_loss:0.81616 rec_loss:0.17518 [20.38s]; best loss:0.81616, patience : 0
2026-07-02 19:10:35,030 P1178537 INFO pr:0.8704  rc:0.9194  auc:0.9986 ap:0.9776 f1: 0.8942 pred_right: 1059769 pred_wrong:36431 actu_right: 1061712 actu_wrong: 34488
2026-07-02 19:10:38,961 P1178537 INFO pr:0.8695  rc:0.9157  auc:0.9984 ap:0.9763 f1: 0.8920 pred_right: 454204 pred_wrong:15596 actu_right: 454992 actu_wrong: 14808
2026-07-02 19:10:38,961 P1178537 INFO ----------------------------------------------------------------------------------------------------
2026-07-02 19:10:38,962 P1178537 INFO 32/50 starting... lr: 0.001 para:0.03030303120613098
2026-07-02 19:11:00,282 P1178537 INFO Epoch 32/50, all_loss:0.80995 cls_loss:0.80995 rec_loss:0.17770 [21.32s]; best loss:0.80995, patience : 0
2026-07-02 19:11:08,576 P1178537 INFO pr:0.8509  rc:0.9508  auc:0.9986 ap:0.9787 f1: 0.8981 pred_right: 1057667 pred_wrong:38533 actu_right: 1061714 actu_wrong: 34486
2026-07-02 19:11:12,237 P1178537 INFO pr:0.8516  rc:0.9482  auc:0.9985 ap:0.9782 f1: 0.8973 pred_right: 453312 pred_wrong:16488 actu_right: 454992 actu_wrong: 14808
2026-07-02 19:11:12,238 P1178537 INFO ----------------------------------------------------------------------------------------------------
2026-07-02 19:11:12,238 P1178537 INFO 33/50 starting... lr: 0.001 para:0.029411764815449715
2026-07-02 19:11:39,085 P1178537 INFO Epoch 33/50, all_loss:0.80661 cls_loss:0.80661 rec_loss:0.17929 [26.84s]; best loss:0.80661, patience : 0
2026-07-02 19:11:48,833 P1178537 INFO pr:0.8537  rc:0.9419  auc:0.9986 ap:0.9790 f1: 0.8956 pred_right: 1058145 pred_wrong:38055 actu_right: 1061710 actu_wrong: 34490
2026-07-02 19:11:52,884 P1178537 INFO pr:0.8540  rc:0.9386  auc:0.9985 ap:0.9787 f1: 0.8943 pred_right: 453524 pred_wrong:16276 actu_right: 454992 actu_wrong: 14808
2026-07-02 19:11:52,885 P1178537 INFO ----------------------------------------------------------------------------------------------------
2026-07-02 19:11:52,885 P1178537 INFO 34/50 starting... lr: 0.001 para:0.02857142873108387
2026-07-02 19:12:13,508 P1178537 INFO Epoch 34/50, all_loss:0.79191 cls_loss:0.79191 rec_loss:0.18180 [20.62s]; best loss:0.79191, patience : 0
2026-07-02 19:12:23,383 P1178537 INFO pr:0.8635  rc:0.9275  auc:0.9986 ap:0.9778 f1: 0.8943 pred_right: 1059153 pred_wrong:37047 actu_right: 1061711 actu_wrong: 34489
2026-07-02 19:12:28,551 P1178537 INFO pr:0.8650  rc:0.9218  auc:0.9984 ap:0.9779 f1: 0.8925 pred_right: 454020 pred_wrong:15780 actu_right: 454992 actu_wrong: 14808
2026-07-02 19:12:28,552 P1178537 INFO ----------------------------------------------------------------------------------------------------
2026-07-02 19:12:28,552 P1178537 INFO 35/50 starting... lr: 0.001 para:0.02777777798473835
2026-07-02 19:12:54,469 P1178537 INFO Epoch 35/50, all_loss:0.78686 cls_loss:0.78686 rec_loss:0.18081 [25.91s]; best loss:0.78686, patience : 0
2026-07-02 19:13:04,366 P1178537 INFO pr:0.8742  rc:0.9140  auc:0.9987 ap:0.9795 f1: 0.8937 pred_right: 1060139 pred_wrong:36061 actu_right: 1061707 actu_wrong: 34493
2026-07-02 19:13:08,325 P1178537 INFO pr:0.8761  rc:0.9078  auc:0.9985 ap:0.9786 f1: 0.8917 pred_right: 454456 pred_wrong:15344 actu_right: 454992 actu_wrong: 14808
2026-07-02 19:13:08,326 P1178537 INFO ----------------------------------------------------------------------------------------------------
2026-07-02 19:13:08,333 P1178537 INFO 36/50 starting... lr: 0.001 para:0.027027027681469917
2026-07-02 19:13:28,683 P1178537 INFO Epoch 36/50, all_loss:0.78257 cls_loss:0.78257 rec_loss:0.18169 [20.34s]; best loss:0.78257, patience : 0
2026-07-02 19:13:38,213 P1178537 INFO pr:0.8836  rc:0.9150  auc:0.9987 ap:0.9805 f1: 0.8990 pred_right: 1060483 pred_wrong:35717 actu_right: 1061710 actu_wrong: 34490
2026-07-02 19:13:42,618 P1178537 INFO pr:0.8848  rc:0.9096  auc:0.9986 ap:0.9803 f1: 0.8970 pred_right: 454576 pred_wrong:15224 actu_right: 454992 actu_wrong: 14808
2026-07-02 19:13:42,619 P1178537 INFO ----------------------------------------------------------------------------------------------------
2026-07-02 19:13:42,626 P1178537 INFO 37/50 starting... lr: 0.001 para:0.02631578966975212
2026-07-02 19:14:03,072 P1178537 INFO Epoch 37/50, all_loss:0.78558 cls_loss:0.78558 rec_loss:0.18061 [20.44s]; best loss:0.78257, patience : 1
2026-07-02 19:14:16,205 P1178537 INFO pr:0.8677  rc:0.9374  auc:0.9987 ap:0.9802 f1: 0.9012 pred_right: 1058940 pred_wrong:37260 actu_right: 1061711 actu_wrong: 34489
2026-07-02 19:14:24,061 P1178537 INFO pr:0.8680  rc:0.9315  auc:0.9986 ap:0.9795 f1: 0.8986 pred_right: 453909 pred_wrong:15891 actu_right: 454992 actu_wrong: 14808
2026-07-02 19:14:24,062 P1178537 INFO ----------------------------------------------------------------------------------------------------
2026-07-02 19:14:24,062 P1178537 INFO 38/50 starting... lr: 0.001 para:0.025641025975346565
2026-07-02 19:14:44,365 P1178537 INFO Epoch 38/50, all_loss:0.75358 cls_loss:0.75358 rec_loss:0.18409 [20.30s]; best loss:0.75358, patience : 0
2026-07-02 19:14:54,160 P1178537 INFO pr:0.8690  rc:0.9282  auc:0.9986 ap:0.9791 f1: 0.8977 pred_right: 1059362 pred_wrong:36838 actu_right: 1061710 actu_wrong: 34490
2026-07-02 19:14:58,268 P1178537 INFO pr:0.8683  rc:0.9220  auc:0.9985 ap:0.9781 f1: 0.8944 pred_right: 454077 pred_wrong:15723 actu_right: 454992 actu_wrong: 14808
2026-07-02 19:14:58,269 P1178537 INFO ----------------------------------------------------------------------------------------------------
2026-07-02 19:14:58,269 P1178537 INFO 39/50 starting... lr: 0.001 para:0.02500000037252903
2026-07-02 19:15:18,850 P1178537 INFO Epoch 39/50, all_loss:0.75334 cls_loss:0.75334 rec_loss:0.18209 [20.57s]; best loss:0.75334, patience : 0
2026-07-02 19:15:29,445 P1178537 INFO pr:0.8792  rc:0.9097  auc:0.9986 ap:0.9783 f1: 0.8942 pred_right: 1060516 pred_wrong:35684 actu_right: 1061710 actu_wrong: 34490
2026-07-02 19:15:32,998 P1178537 INFO pr:0.8798  rc:0.9040  auc:0.9985 ap:0.9783 f1: 0.8917 pred_right: 454585 pred_wrong:15215 actu_right: 454992 actu_wrong: 14808
2026-07-02 19:15:32,999 P1178537 INFO ----------------------------------------------------------------------------------------------------
2026-07-02 19:15:32,999 P1178537 INFO 40/50 starting... lr: 0.001 para:0.024390242993831635
2026-07-02 19:15:59,552 P1178537 INFO Epoch 40/50, all_loss:0.74552 cls_loss:0.74552 rec_loss:0.18569 [26.55s]; best loss:0.74552, patience : 0
2026-07-02 19:16:09,556 P1178537 INFO pr:0.8784  rc:0.9343  auc:0.9987 ap:0.9803 f1: 0.9055 pred_right: 1059516 pred_wrong:36684 actu_right: 1061711 actu_wrong: 34489
2026-07-02 19:16:13,721 P1178537 INFO pr:0.8823  rc:0.9311  auc:0.9986 ap:0.9801 f1: 0.9060 pred_right: 454173 pred_wrong:15627 actu_right: 454992 actu_wrong: 14808
2026-07-02 19:16:13,727 P1178537 INFO ----------------------------------------------------------------------------------------------------
2026-07-02 19:16:13,727 P1178537 INFO 41/50 starting... lr: 0.001 para:0.02380952425301075
2026-07-02 19:16:33,981 P1178537 INFO Epoch 41/50, all_loss:0.74379 cls_loss:0.74379 rec_loss:0.18390 [20.25s]; best loss:0.74379, patience : 0
2026-07-02 19:16:43,394 P1178537 INFO pr:0.8655  rc:0.9490  auc:0.9988 ap:0.9812 f1: 0.9053 pred_right: 1058373 pred_wrong:37827 actu_right: 1061703 actu_wrong: 34497
2026-07-02 19:16:47,691 P1178537 INFO pr:0.8648  rc:0.9443  auc:0.9987 ap:0.9808 f1: 0.9028 pred_right: 453631 pred_wrong:16169 actu_right: 454992 actu_wrong: 14808
2026-07-02 19:16:47,691 P1178537 INFO ----------------------------------------------------------------------------------------------------
2026-07-02 19:16:47,692 P1178537 INFO 42/50 starting... lr: 0.001 para:0.023255813866853714
2026-07-02 19:17:10,386 P1178537 INFO Epoch 42/50, all_loss:0.74678 cls_loss:0.74678 rec_loss:0.18143 [22.69s]; best loss:0.74379, patience : 1
2026-07-02 19:17:24,060 P1178537 INFO pr:0.8665  rc:0.9368  auc:0.9987 ap:0.9804 f1: 0.9003 pred_right: 1058909 pred_wrong:37291 actu_right: 1061707 actu_wrong: 34493
2026-07-02 19:17:28,385 P1178537 INFO pr:0.8669  rc:0.9329  auc:0.9987 ap:0.9802 f1: 0.8987 pred_right: 453863 pred_wrong:15937 actu_right: 454992 actu_wrong: 14808
2026-07-02 19:17:28,386 P1178537 INFO ----------------------------------------------------------------------------------------------------
2026-07-02 19:17:28,386 P1178537 INFO 43/50 starting... lr: 0.001 para:0.022727273404598236
2026-07-02 19:17:48,517 P1178537 INFO Epoch 43/50, all_loss:0.73096 cls_loss:0.73096 rec_loss:0.18485 [20.12s]; best loss:0.73096, patience : 0
2026-07-02 19:17:58,406 P1178537 INFO pr:0.8760  rc:0.9374  auc:0.9988 ap:0.9813 f1: 0.9056 pred_right: 1059285 pred_wrong:36915 actu_right: 1061704 actu_wrong: 34496
2026-07-02 19:18:02,450 P1178537 INFO pr:0.8764  rc:0.9325  auc:0.9987 ap:0.9811 f1: 0.9036 pred_right: 454045 pred_wrong:15755 actu_right: 454992 actu_wrong: 14808
2026-07-02 19:18:02,456 P1178537 INFO ----------------------------------------------------------------------------------------------------
2026-07-02 19:18:02,456 P1178537 INFO 44/50 starting... lr: 0.001 para:0.02222222276031971
2026-07-02 19:18:23,478 P1178537 INFO Epoch 44/50, all_loss:0.73006 cls_loss:0.73006 rec_loss:0.18541 [21.02s]; best loss:0.73006, patience : 0
2026-07-02 19:18:32,204 P1178537 INFO pr:0.8769  rc:0.9320  auc:0.9988 ap:0.9812 f1: 0.9036 pred_right: 1059548 pred_wrong:36652 actu_right: 1061713 actu_wrong: 34487
2026-07-02 19:18:38,436 P1178537 INFO pr:0.8772  rc:0.9275  auc:0.9987 ap:0.9809 f1: 0.9017 pred_right: 454144 pred_wrong:15656 actu_right: 454992 actu_wrong: 14808
2026-07-02 19:18:38,437 P1178537 INFO ----------------------------------------------------------------------------------------------------
2026-07-02 19:18:38,438 P1178537 INFO 45/50 starting... lr: 0.001 para:0.021739130839705467
2026-07-02 19:19:03,217 P1178537 INFO Epoch 45/50, all_loss:0.72271 cls_loss:0.72271 rec_loss:0.18788 [24.77s]; best loss:0.72271, patience : 0
2026-07-02 19:19:12,915 P1178537 INFO pr:0.8782  rc:0.9276  auc:0.9987 ap:0.9807 f1: 0.9022 pred_right: 1059766 pred_wrong:36434 actu_right: 1061709 actu_wrong: 34491
2026-07-02 19:19:16,941 P1178537 INFO pr:0.8791  rc:0.9252  auc:0.9986 ap:0.9805 f1: 0.9015 pred_right: 454215 pred_wrong:15585 actu_right: 454992 actu_wrong: 14808
2026-07-02 19:19:16,942 P1178537 INFO ----------------------------------------------------------------------------------------------------
2026-07-02 19:19:16,942 P1178537 INFO 46/50 starting... lr: 0.001 para:0.021276595070958138
2026-07-02 19:19:37,317 P1178537 INFO Epoch 46/50, all_loss:0.70733 cls_loss:0.70733 rec_loss:0.19081 [20.37s]; best loss:0.70733, patience : 0
2026-07-02 19:19:46,916 P1178537 INFO pr:0.8717  rc:0.8745  auc:0.9984 ap:0.9763 f1: 0.8731 pred_right: 1061596 pred_wrong:34604 actu_right: 1061707 actu_wrong: 34493
2026-07-02 19:19:52,138 P1178537 INFO pr:0.8727  rc:0.8687  auc:0.9982 ap:0.9758 f1: 0.8707 pred_right: 455059 pred_wrong:14741 actu_right: 454992 actu_wrong: 14808
2026-07-02 19:19:52,139 P1178537 INFO ----------------------------------------------------------------------------------------------------
2026-07-02 19:19:52,139 P1178537 INFO 47/50 starting... lr: 0.001 para:0.02083333395421505
2026-07-02 19:20:17,707 P1178537 INFO Epoch 47/50, all_loss:0.72042 cls_loss:0.72042 rec_loss:0.19046 [25.57s]; best loss:0.70733, patience : 1
2026-07-02 19:20:27,378 P1178537 INFO pr:0.8797  rc:0.9207  auc:0.9987 ap:0.9812 f1: 0.8997 pred_right: 1060101 pred_wrong:36099 actu_right: 1061711 actu_wrong: 34489
2026-07-02 19:20:31,314 P1178537 INFO pr:0.8816  rc:0.9165  auc:0.9985 ap:0.9804 f1: 0.8987 pred_right: 454406 pred_wrong:15394 actu_right: 454992 actu_wrong: 14808
2026-07-02 19:20:31,315 P1178537 INFO ----------------------------------------------------------------------------------------------------
2026-07-02 19:20:31,315 P1178537 INFO 48/50 starting... lr: 0.001 para:0.020408162847161293
2026-07-02 19:20:51,622 P1178537 INFO Epoch 48/50, all_loss:0.70822 cls_loss:0.70822 rec_loss:0.19005 [20.31s]; best loss:0.70733, patience : 1
2026-07-02 19:21:01,135 P1178537 INFO pr:0.8793  rc:0.9342  auc:0.9988 ap:0.9821 f1: 0.9059 pred_right: 1059552 pred_wrong:36648 actu_right: 1061708 actu_wrong: 34492
2026-07-02 19:21:05,253 P1178537 INFO pr:0.8798  rc:0.9321  auc:0.9987 ap:0.9817 f1: 0.9052 pred_right: 454111 pred_wrong:15689 actu_right: 454992 actu_wrong: 14808
2026-07-02 19:21:05,259 P1178537 INFO ----------------------------------------------------------------------------------------------------
2026-07-02 19:21:05,259 P1178537 INFO 49/50 starting... lr: 0.001 para:0.019999999552965164
2026-07-02 19:21:25,714 P1178537 INFO Epoch 49/50, all_loss:0.69853 cls_loss:0.69853 rec_loss:0.18850 [20.45s]; best loss:0.69853, patience : 0
2026-07-02 19:21:41,052 P1178537 INFO pr:0.8626  rc:0.9512  auc:0.9988 ap:0.9821 f1: 0.9047 pred_right: 1058170 pred_wrong:38030 actu_right: 1061712 actu_wrong: 34488
2026-07-02 19:21:46,914 P1178537 INFO pr:0.8617  rc:0.9460  auc:0.9987 ap:0.9813 f1: 0.9019 pred_right: 453542 pred_wrong:16258 actu_right: 454992 actu_wrong: 14808
2026-07-02 19:21:46,915 P1178537 INFO saving model...
2026-07-02 19:21:46,915 P1178537 INFO AnoFusion - loss  best score:0.6985322833061218 at epoch 49
2026-07-02 19:21:46,923 P1178537 INFO AnoFusion - f1  best score:0.9059319651391622 at epoch 48
2026-07-02 19:21:46,929 P1178537 INFO Average training time per epoch: 21.71 seconds
2026-07-02 19:21:46,930 P1178537 INFO calculate scores...
2026-07-02 19:21:46,930 P1178537 INFO calculate label with loss...
2026-07-02 19:21:46,930 P1178537 INFO AnoFusion on ./result/AnoFusion-TT-Epochs50-Seed1 loading...
2026-07-02 19:21:51,258 P1178537 INFO pr:0.8617  rc:0.9460  auc:0.9987 ap:0.9813 f1: 0.9019 pred_right: 453542 pred_wrong:16258 actu_right: 454992 actu_wrong: 14808
2026-07-02 19:22:06,976 P1178537 INFO pr:0.8616  rc:0.9460  auc:0.9987 ap:0.9813 f1: 0.9019 pred_right: 453541 pred_wrong:16259 actu_right: 454992 actu_wrong: 14808
2026-07-02 19:22:06,977 P1178537 INFO Performance Summary:
{'GPU': {'inference_time_per_sample_ms': 0.21700634261086396, 'throughput_samples_per_sec': 4608.160240704122, 'peak_memory_mb': 105.328125, 'energy_per_sample_joules': 0.020074822742245806}, 'CPU': {'inference_time_per_sample_ms': 0.8694966542871346, 'throughput_samples_per_sec': 1150.0906818553085, 'peak_memory_mb': 5542.85546875, 'energy_per_sample_joules': 0.05651728252866375}}
2026-07-02 19:22:06,977 P1178537 INFO Starting clean-room hardware benchmarking...
2026-07-02 19:22:07,994 P1178537 INFO Performance with loss: pr:0.8617  rc:0.9460  auc:0.9987 ap:0.9813 f1: 0.9019 pred_right: 453542 pred_wrong:16258 actu_right: 454992 actu_wrong: 14808
2026-07-02 19:22:07,994 P1178537 INFO calculate label with f1...
2026-07-02 19:22:07,994 P1178537 INFO AnoFusion on ./result/AnoFusion-TT-Epochs50-Seed1 loading...
2026-07-02 19:22:12,101 P1178537 INFO pr:0.8798  rc:0.9321  auc:0.9987 ap:0.9817 f1: 0.9052 pred_right: 454111 pred_wrong:15689 actu_right: 454992 actu_wrong: 14808
2026-07-02 19:22:27,684 P1178537 INFO pr:0.8798  rc:0.9321  auc:0.9987 ap:0.9817 f1: 0.9052 pred_right: 454111 pred_wrong:15689 actu_right: 454992 actu_wrong: 14808
2026-07-02 19:22:27,684 P1178537 INFO Performance Summary:
{'GPU': {'inference_time_per_sample_ms': 0.20442050097319892, 'throughput_samples_per_sec': 4891.877259077393, 'peak_memory_mb': 105.25927734375, 'energy_per_sample_joules': 0.02055846757262413}, 'CPU': {'inference_time_per_sample_ms': 0.860134112711752, 'throughput_samples_per_sec': 1162.6093945365003, 'peak_memory_mb': 5494.8203125, 'energy_per_sample_joules': 0.05590871732626388}}
2026-07-02 19:22:27,684 P1178537 INFO Starting clean-room hardware benchmarking...
2026-07-02 19:22:28,665 P1178537 INFO Performance with f1: pr:0.8798  rc:0.9321  auc:0.9987 ap:0.9817 f1: 0.9052 pred_right: 454111 pred_wrong:15689 actu_right: 454992 actu_wrong: 14808
