2026-07-11 14:39:13,048 P3250901 INFO ---- Model: ----MSTGAD-52322703----random_seed : 1----req_loss_approach : FreDF-style----rec_lambda : 1.0----auxi_lambda : 0.2----Freq Domain : FITS_Legendre----Multi Fits : false----train : True----evaluate : False
2026-07-11 14:39:13,048 P3250901 INFO Load from /home/db2003/Desktop/Amr/Tests/Eadro/codes/chunks/TT
2026-07-11 14:39:25,775 P3250901 INFO Fewshot: training with 1.0 of the 70% of the data
2026-07-11 14:39:33,161 P3250901 INFO Trainable Parameters Breakdown:
2026-07-11 14:39:33,161 P3250901 INFO --------------------------------------------------------------------------------
2026-07-11 14:39:33,161 P3250901 INFO Reconstruction-Specific Parameters:
2026-07-11 14:39:33,161 P3250901 INFO linear_attn.Wq.weight                    | shape: (10, 10)                  | params: 100
2026-07-11 14:39:33,161 P3250901 INFO linear_attn.Wk.weight                    | shape: (10, 10)                  | params: 100
2026-07-11 14:39:33,161 P3250901 INFO linear_attn.Wv.weight                    | shape: (10, 10)                  | params: 100
2026-07-11 14:39:33,161 P3250901 INFO linear_attn.out.weight                   | shape: (10, 10)                  | params: 100
2026-07-11 14:39:33,161 P3250901 INFO linear_attn.out.bias                     | shape: (10,)                     | params: 10
2026-07-11 14:39:33,161 P3250901 INFO linear_attn.norm.weight                  | shape: (10,)                     | params: 10
2026-07-11 14:39:33,161 P3250901 INFO linear_attn.norm.bias                    | shape: (10,)                     | params: 10
2026-07-11 14:39:33,161 P3250901 INFO shared_fits.normlin_W                    | shape: (10, 10)                  | params: 100
2026-07-11 14:39:33,161 P3250901 INFO shared_fits.freq_upsampler.weight        | shape: (10, 10)                  | params: 100
2026-07-11 14:39:33,161 P3250901 INFO shared_fits.freq_upsampler.bias          | shape: (10,)                     | params: 10
2026-07-11 14:39:33,162 P3250901 INFO modality_proj.node.weight                | shape: (10, 8)                   | params: 80
2026-07-11 14:39:33,162 P3250901 INFO modality_proj.node.bias                  | shape: (10,)                     | params: 10
2026-07-11 14:39:33,162 P3250901 INFO modality_proj.log.weight                 | shape: (10, 32)                  | params: 320
2026-07-11 14:39:33,162 P3250901 INFO modality_proj.log.bias                   | shape: (10,)                     | params: 10
2026-07-11 14:39:33,162 P3250901 INFO modality_proj.edge.weight                | shape: (10, 8)                   | params: 80
2026-07-11 14:39:33,162 P3250901 INFO modality_proj.edge.bias                  | shape: (10,)                     | params: 10
2026-07-11 14:39:33,162 P3250901 INFO modality_proj_out.node.weight            | shape: (8, 10)                   | params: 80
2026-07-11 14:39:33,162 P3250901 INFO modality_proj_out.node.bias              | shape: (8,)                      | params: 8
2026-07-11 14:39:33,162 P3250901 INFO modality_proj_out.log.weight             | shape: (32, 10)                  | params: 320
2026-07-11 14:39:33,162 P3250901 INFO modality_proj_out.log.bias               | shape: (32,)                     | params: 32
2026-07-11 14:39:33,162 P3250901 INFO modality_proj_out.edge.weight            | shape: (8, 10)                   | params: 80
2026-07-11 14:39:33,162 P3250901 INFO modality_proj_out.edge.bias              | shape: (8,)                      | params: 8
2026-07-11 14:39:33,162 P3250901 INFO Subtotal: 1,678
2026-07-11 14:39:33,162 P3250901 INFO --------------------------------------------------------------------------------
2026-07-11 14:39:33,162 P3250901 INFO Common Parameters:
2026-07-11 14:39:33,162 P3250901 INFO node_emb.linear.weight                   | shape: (8, 7)                    | params: 56
2026-07-11 14:39:33,162 P3250901 INFO node_emb.linear.bias                     | shape: (8,)                      | params: 8
2026-07-11 14:39:33,162 P3250901 INFO log_emb.linear.weight                    | shape: (32, 60)                  | params: 1,920
2026-07-11 14:39:33,162 P3250901 INFO log_emb.linear.bias                      | shape: (32,)                     | params: 32
2026-07-11 14:39:33,162 P3250901 INFO egde_emb.linear.weight                   | shape: (8, 2)                    | params: 16
2026-07-11 14:39:33,162 P3250901 INFO egde_emb.linear.bias                     | shape: (8,)                      | params: 8
2026-07-11 14:39:33,162 P3250901 INFO dense_node.weight                        | shape: (7, 8)                    | params: 56
2026-07-11 14:39:33,162 P3250901 INFO dense_node.bias                          | shape: (7,)                      | params: 7
2026-07-11 14:39:33,162 P3250901 INFO dense_log.weight                         | shape: (60, 32)                  | params: 1,920
2026-07-11 14:39:33,162 P3250901 INFO dense_log.bias                           | shape: (60,)                     | params: 60
2026-07-11 14:39:33,162 P3250901 INFO dense_edge.weight                        | shape: (2, 8)                    | params: 16
2026-07-11 14:39:33,163 P3250901 INFO dense_edge.bias                          | shape: (2,)                      | params: 2
2026-07-11 14:39:33,163 P3250901 INFO show.0.weight                            | shape: (128, 69)                 | params: 8,832
2026-07-11 14:39:33,163 P3250901 INFO show.0.bias                              | shape: (128,)                    | params: 128
2026-07-11 14:39:33,163 P3250901 INFO show.2.weight                            | shape: (2, 128)                  | params: 256
2026-07-11 14:39:33,163 P3250901 INFO show.2.bias                              | shape: (2,)                      | params: 2
2026-07-11 14:39:33,163 P3250901 INFO Subtotal: 13,319
2026-07-11 14:39:33,163 P3250901 INFO --------------------------------------------------------------------------------
2026-07-11 14:39:33,163 P3250901 INFO Total Trainable Parameters: 14,997

2026-07-11 14:39:33,163 P3250901 INFO Trainable Parameters: 14997, reconstruction: 1678, common: 13319
2026-07-11 14:39:33,163 P3250901 INFO model : init weight
2026-07-11 14:39:33,163 P3250901 INFO Using GPU...
2026-07-11 14:39:33,168 P3250901 INFO optimizer : using AdaBelief
2026-07-11 14:39:33,168 P3250901 INFO ----------------------------------------------------------------------------------------------------
2026-07-11 14:39:33,168 P3250901 INFO 0/50 starting... lr: 0.001 para:1.0
2026-07-11 14:40:35,768 P3250901 INFO Epoch 0/50, all_loss:0.07806 cls_loss:38.07292 rec_loss:0.07806 [62.60s]; best loss:0.07806, patience : 0
2026-07-11 14:40:35,768 P3250901 INFO ----------------------------------------------------------------------------------------------------
2026-07-11 14:40:35,768 P3250901 INFO 1/50 starting... lr: 0.001 para:0.5
2026-07-11 14:41:37,152 P3250901 INFO Epoch 1/50, all_loss:2.02677 cls_loss:3.84042 rec_loss:0.21312 [61.38s]; best loss:2.02677, patience : 0
2026-07-11 14:41:37,152 P3250901 INFO ----------------------------------------------------------------------------------------------------
2026-07-11 14:41:37,152 P3250901 INFO 2/50 starting... lr: 0.001 para:0.3333333432674408
2026-07-11 14:42:37,440 P3250901 INFO Epoch 2/50, all_loss:1.53724 cls_loss:2.19915 rec_loss:0.21341 [60.28s]; best loss:1.53724, patience : 0
2026-07-11 14:43:02,674 P3250901 INFO pr:0.8846  rc:0.5269  auc:0.9883 ap:0.9041 f1: 0.6604 pred_right: 1075655 pred_wrong:20545 actu_right: 1061708 actu_wrong: 34492
2026-07-11 14:43:13,127 P3250901 INFO pr:0.8929  rc:0.5303  auc:0.9883 ap:0.9049 f1: 0.6654 pred_right: 461005 pred_wrong:8795 actu_right: 454992 actu_wrong: 14808
2026-07-11 14:43:13,131 P3250901 INFO ----------------------------------------------------------------------------------------------------
2026-07-11 14:43:13,131 P3250901 INFO 3/50 starting... lr: 0.001 para:0.25
2026-07-11 14:44:13,347 P3250901 INFO Epoch 3/50, all_loss:1.54973 cls_loss:1.99814 rec_loss:0.20448 [60.22s]; best loss:1.53724, patience : 1
2026-07-11 14:44:37,812 P3250901 INFO pr:0.8964  rc:0.5583  auc:0.9895 ap:0.9123 f1: 0.6880 pred_right: 1074721 pred_wrong:21479 actu_right: 1061712 actu_wrong: 34488
2026-07-11 14:44:48,259 P3250901 INFO pr:0.9038  rc:0.5599  auc:0.9893 ap:0.9136 f1: 0.6915 pred_right: 460627 pred_wrong:9173 actu_right: 454992 actu_wrong: 14808
2026-07-11 14:44:48,264 P3250901 INFO ----------------------------------------------------------------------------------------------------
2026-07-11 14:44:48,264 P3250901 INFO 4/50 starting... lr: 0.001 para:0.20000000298023224
2026-07-11 14:45:49,880 P3250901 INFO Epoch 4/50, all_loss:1.56621 cls_loss:1.90742 rec_loss:0.20138 [61.62s]; best loss:1.53724, patience : 2
2026-07-11 14:46:14,445 P3250901 INFO pr:0.8797  rc:0.6254  auc:0.9914 ap:0.9243 f1: 0.7311 pred_right: 1071680 pred_wrong:24520 actu_right: 1061710 actu_wrong: 34490
2026-07-11 14:46:24,975 P3250901 INFO pr:0.8864  rc:0.6270  auc:0.9912 ap:0.9244 f1: 0.7344 pred_right: 459326 pred_wrong:10474 actu_right: 454992 actu_wrong: 14808
2026-07-11 14:46:24,979 P3250901 INFO ----------------------------------------------------------------------------------------------------
2026-07-11 14:46:24,979 P3250901 INFO 5/50 starting... lr: 0.001 para:0.1666666716337204
2026-07-11 14:47:26,081 P3250901 INFO Epoch 5/50, all_loss:1.50126 cls_loss:1.76009 rec_loss:0.20715 [61.10s]; best loss:1.50126, patience : 0
2026-07-11 14:47:50,446 P3250901 INFO pr:0.9034  rc:0.6439  auc:0.9923 ap:0.9321 f1: 0.7519 pred_right: 1071615 pred_wrong:24585 actu_right: 1061707 actu_wrong: 34493
2026-07-11 14:48:00,954 P3250901 INFO pr:0.9067  rc:0.6447  auc:0.9922 ap:0.9320 f1: 0.7536 pred_right: 459272 pred_wrong:10528 actu_right: 454992 actu_wrong: 14808
2026-07-11 14:48:00,959 P3250901 INFO ----------------------------------------------------------------------------------------------------
2026-07-11 14:48:00,959 P3250901 INFO 6/50 starting... lr: 0.001 para:0.1428571492433548
2026-07-11 14:49:01,243 P3250901 INFO Epoch 6/50, all_loss:1.47895 cls_loss:1.68999 rec_loss:0.21274 [60.28s]; best loss:1.47895, patience : 0
2026-07-11 14:49:25,695 P3250901 INFO pr:0.8704  rc:0.6864  auc:0.9926 ap:0.9342 f1: 0.7675 pred_right: 1069000 pred_wrong:27200 actu_right: 1061710 actu_wrong: 34490
2026-07-11 14:49:36,766 P3250901 INFO pr:0.8769  rc:0.6872  auc:0.9926 ap:0.9342 f1: 0.7706 pred_right: 458196 pred_wrong:11604 actu_right: 454992 actu_wrong: 14808
2026-07-11 14:49:36,770 P3250901 INFO ----------------------------------------------------------------------------------------------------
2026-07-11 14:49:36,770 P3250901 INFO 7/50 starting... lr: 0.001 para:0.125
2026-07-11 14:50:37,940 P3250901 INFO Epoch 7/50, all_loss:1.46751 cls_loss:1.64523 rec_loss:0.22346 [61.17s]; best loss:1.46751, patience : 0
2026-07-11 14:51:03,342 P3250901 INFO pr:0.8704  rc:0.7064  auc:0.9933 ap:0.9378 f1: 0.7798 pred_right: 1068211 pred_wrong:27989 actu_right: 1061712 actu_wrong: 34488
2026-07-11 14:51:15,136 P3250901 INFO pr:0.8748  rc:0.7067  auc:0.9931 ap:0.9378 f1: 0.7818 pred_right: 457837 pred_wrong:11963 actu_right: 454992 actu_wrong: 14808
2026-07-11 14:51:15,146 P3250901 INFO ----------------------------------------------------------------------------------------------------
2026-07-11 14:51:15,147 P3250901 INFO 8/50 starting... lr: 0.001 para:0.1111111119389534
2026-07-11 14:52:15,049 P3250901 INFO Epoch 8/50, all_loss:1.45837 cls_loss:1.61179 rec_loss:0.23100 [59.90s]; best loss:1.45837, patience : 0
2026-07-11 14:52:41,907 P3250901 INFO pr:0.8763  rc:0.7001  auc:0.9933 ap:0.9384 f1: 0.7784 pred_right: 1068644 pred_wrong:27556 actu_right: 1061713 actu_wrong: 34487
2026-07-11 14:52:55,240 P3250901 INFO pr:0.8791  rc:0.7017  auc:0.9929 ap:0.9385 f1: 0.7805 pred_right: 457980 pred_wrong:11820 actu_right: 454992 actu_wrong: 14808
2026-07-11 14:52:55,241 P3250901 INFO ----------------------------------------------------------------------------------------------------
2026-07-11 14:52:55,241 P3250901 INFO 9/50 starting... lr: 0.001 para:0.10000000149011612
2026-07-11 14:53:51,366 P3250901 INFO Epoch 9/50, all_loss:1.46814 cls_loss:1.60519 rec_loss:0.23471 [56.12s]; best loss:1.45837, patience : 1
2026-07-11 14:54:20,846 P3250901 INFO pr:0.8878  rc:0.6812  auc:0.9923 ap:0.9313 f1: 0.7709 pred_right: 1069740 pred_wrong:26460 actu_right: 1061712 actu_wrong: 34488
2026-07-11 14:54:31,477 P3250901 INFO pr:0.8920  rc:0.6830  auc:0.9920 ap:0.9314 f1: 0.7736 pred_right: 458461 pred_wrong:11339 actu_right: 454992 actu_wrong: 14808
2026-07-11 14:54:31,478 P3250901 INFO ----------------------------------------------------------------------------------------------------
2026-07-11 14:54:31,478 P3250901 INFO 10/50 starting... lr: 0.001 para:0.09090909361839294
2026-07-11 14:55:28,806 P3250901 INFO Epoch 10/50, all_loss:1.46297 cls_loss:1.58469 rec_loss:0.24580 [57.33s]; best loss:1.45837, patience : 1
2026-07-11 14:55:56,460 P3250901 INFO pr:0.8727  rc:0.7223  auc:0.9938 ap:0.9419 f1: 0.7904 pred_right: 1067652 pred_wrong:28548 actu_right: 1061710 actu_wrong: 34490
2026-07-11 14:56:06,968 P3250901 INFO pr:0.8763  rc:0.7256  auc:0.9937 ap:0.9417 f1: 0.7939 pred_right: 457538 pred_wrong:12262 actu_right: 454992 actu_wrong: 14808
2026-07-11 14:56:06,972 P3250901 INFO ----------------------------------------------------------------------------------------------------
2026-07-11 14:56:06,972 P3250901 INFO 11/50 starting... lr: 0.001 para:0.0833333358168602
2026-07-11 14:57:03,867 P3250901 INFO Epoch 11/50, all_loss:1.44865 cls_loss:1.55819 rec_loss:0.24369 [56.89s]; best loss:1.44865, patience : 0
2026-07-11 14:57:31,667 P3250901 INFO pr:0.9175  rc:0.6793  auc:0.9936 ap:0.9417 f1: 0.7806 pred_right: 1070661 pred_wrong:25539 actu_right: 1061708 actu_wrong: 34492
2026-07-11 14:57:42,159 P3250901 INFO pr:0.9215  rc:0.6821  auc:0.9936 ap:0.9423 f1: 0.7839 pred_right: 458840 pred_wrong:10960 actu_right: 454992 actu_wrong: 14808
2026-07-11 14:57:42,160 P3250901 INFO ----------------------------------------------------------------------------------------------------
2026-07-11 14:57:42,160 P3250901 INFO 12/50 starting... lr: 0.001 para:0.07692307978868484
2026-07-11 14:58:40,656 P3250901 INFO Epoch 12/50, all_loss:1.42134 cls_loss:1.51885 rec_loss:0.25127 [58.49s]; best loss:1.42134, patience : 0
2026-07-11 14:59:06,411 P3250901 INFO pr:0.8735  rc:0.7160  auc:0.9940 ap:0.9436 f1: 0.7869 pred_right: 1067932 pred_wrong:28268 actu_right: 1061713 actu_wrong: 34487
2026-07-11 14:59:16,803 P3250901 INFO pr:0.8740  rc:0.7195  auc:0.9939 ap:0.9437 f1: 0.7892 pred_right: 457610 pred_wrong:12190 actu_right: 454992 actu_wrong: 14808
2026-07-11 14:59:16,804 P3250901 INFO ----------------------------------------------------------------------------------------------------
2026-07-11 14:59:16,805 P3250901 INFO 13/50 starting... lr: 0.001 para:0.0714285746216774
2026-07-11 15:00:17,756 P3250901 INFO Epoch 13/50, all_loss:1.41477 cls_loss:1.50408 rec_loss:0.25364 [60.95s]; best loss:1.41477, patience : 0
2026-07-11 15:00:42,211 P3250901 INFO pr:0.9102  rc:0.6934  auc:0.9936 ap:0.9446 f1: 0.7872 pred_right: 1069922 pred_wrong:26278 actu_right: 1061710 actu_wrong: 34490
2026-07-11 15:00:52,677 P3250901 INFO pr:0.9114  rc:0.6932  auc:0.9935 ap:0.9447 f1: 0.7875 pred_right: 458537 pred_wrong:11263 actu_right: 454992 actu_wrong: 14808
2026-07-11 15:00:52,678 P3250901 INFO ----------------------------------------------------------------------------------------------------
2026-07-11 15:00:52,678 P3250901 INFO 14/50 starting... lr: 0.001 para:0.06666667014360428
2026-07-11 15:01:53,036 P3250901 INFO Epoch 14/50, all_loss:1.42571 cls_loss:1.50880 rec_loss:0.26239 [60.36s]; best loss:1.41477, patience : 1
2026-07-11 15:02:17,588 P3250901 INFO pr:0.9136  rc:0.6928  auc:0.9942 ap:0.9441 f1: 0.7880 pred_right: 1070049 pred_wrong:26151 actu_right: 1061714 actu_wrong: 34486
2026-07-11 15:02:28,088 P3250901 INFO pr:0.9152  rc:0.6929  auc:0.9941 ap:0.9445 f1: 0.7887 pred_right: 458588 pred_wrong:11212 actu_right: 454992 actu_wrong: 14808
2026-07-11 15:02:28,089 P3250901 INFO ----------------------------------------------------------------------------------------------------
2026-07-11 15:02:28,089 P3250901 INFO 15/50 starting... lr: 0.001 para:0.0625
2026-07-11 15:03:29,162 P3250901 INFO Epoch 15/50, all_loss:1.39898 cls_loss:1.47414 rec_loss:0.27158 [61.07s]; best loss:1.39898, patience : 0
2026-07-11 15:03:53,807 P3250901 INFO pr:0.9183  rc:0.6953  auc:0.9943 ap:0.9472 f1: 0.7914 pred_right: 1070085 pred_wrong:26115 actu_right: 1061711 actu_wrong: 34489
2026-07-11 15:04:04,318 P3250901 INFO pr:0.9216  rc:0.6973  auc:0.9942 ap:0.9478 f1: 0.7939 pred_right: 458595 pred_wrong:11205 actu_right: 454992 actu_wrong: 14808
2026-07-11 15:04:04,322 P3250901 INFO ----------------------------------------------------------------------------------------------------
2026-07-11 15:04:04,322 P3250901 INFO 16/50 starting... lr: 0.001 para:0.05882352963089943
2026-07-11 15:05:05,185 P3250901 INFO Epoch 16/50, all_loss:1.35494 cls_loss:1.42246 rec_loss:0.27449 [60.86s]; best loss:1.35494, patience : 0
2026-07-11 15:05:29,622 P3250901 INFO pr:0.9022  rc:0.7270  auc:0.9943 ap:0.9463 f1: 0.8052 pred_right: 1068415 pred_wrong:27785 actu_right: 1061715 actu_wrong: 34485
2026-07-11 15:05:40,143 P3250901 INFO pr:0.9064  rc:0.7273  auc:0.9942 ap:0.9465 f1: 0.8070 pred_right: 457918 pred_wrong:11882 actu_right: 454992 actu_wrong: 14808
2026-07-11 15:05:40,147 P3250901 INFO ----------------------------------------------------------------------------------------------------
2026-07-11 15:05:40,147 P3250901 INFO 17/50 starting... lr: 0.001 para:0.0555555559694767
2026-07-11 15:06:40,178 P3250901 INFO Epoch 17/50, all_loss:1.34868 cls_loss:1.41159 rec_loss:0.27918 [60.03s]; best loss:1.34868, patience : 0
2026-07-11 15:07:04,832 P3250901 INFO pr:0.9151  rc:0.7275  auc:0.9945 ap:0.9516 f1: 0.8106 pred_right: 1068776 pred_wrong:27424 actu_right: 1061705 actu_wrong: 34495
2026-07-11 15:07:15,983 P3250901 INFO pr:0.9190  rc:0.7283  auc:0.9944 ap:0.9517 f1: 0.8126 pred_right: 458065 pred_wrong:11735 actu_right: 454992 actu_wrong: 14808
2026-07-11 15:07:15,987 P3250901 INFO ----------------------------------------------------------------------------------------------------
2026-07-11 15:07:15,987 P3250901 INFO 18/50 starting... lr: 0.001 para:0.05263157933950424
2026-07-11 15:08:16,746 P3250901 INFO Epoch 18/50, all_loss:1.32804 cls_loss:1.38585 rec_loss:0.28736 [60.75s]; best loss:1.32804, patience : 0
2026-07-11 15:08:42,042 P3250901 INFO pr:0.8640  rc:0.7574  auc:0.9943 ap:0.9480 f1: 0.8072 pred_right: 1065967 pred_wrong:30233 actu_right: 1061713 actu_wrong: 34487
2026-07-11 15:08:52,230 P3250901 INFO pr:0.8665  rc:0.7606  auc:0.9941 ap:0.9480 f1: 0.8101 pred_right: 456802 pred_wrong:12998 actu_right: 454992 actu_wrong: 14808
2026-07-11 15:08:52,231 P3250901 INFO ----------------------------------------------------------------------------------------------------
2026-07-11 15:08:52,231 P3250901 INFO 19/50 starting... lr: 0.001 para:0.05000000074505806
2026-07-11 15:09:52,918 P3250901 INFO Epoch 19/50, all_loss:1.32060 cls_loss:1.37448 rec_loss:0.29673 [60.68s]; best loss:1.32060, patience : 0
2026-07-11 15:10:17,965 P3250901 INFO pr:0.9149  rc:0.7334  auc:0.9941 ap:0.9464 f1: 0.8141 pred_right: 1068552 pred_wrong:27648 actu_right: 1061708 actu_wrong: 34492
2026-07-11 15:10:29,919 P3250901 INFO pr:0.9166  rc:0.7318  auc:0.9939 ap:0.9463 f1: 0.8139 pred_right: 457977 pred_wrong:11823 actu_right: 454992 actu_wrong: 14808
2026-07-11 15:10:29,928 P3250901 INFO ----------------------------------------------------------------------------------------------------
2026-07-11 15:10:29,928 P3250901 INFO 20/50 starting... lr: 0.001 para:0.0476190485060215
2026-07-11 15:11:28,831 P3250901 INFO Epoch 20/50, all_loss:1.31955 cls_loss:1.37038 rec_loss:0.30299 [58.90s]; best loss:1.31955, patience : 0
2026-07-11 15:11:55,457 P3250901 INFO pr:0.9063  rc:0.7437  auc:0.9951 ap:0.9536 f1: 0.8170 pred_right: 1067895 pred_wrong:28305 actu_right: 1061708 actu_wrong: 34492
2026-07-11 15:12:08,294 P3250901 INFO pr:0.9084  rc:0.7457  auc:0.9950 ap:0.9536 f1: 0.8190 pred_right: 457645 pred_wrong:12155 actu_right: 454992 actu_wrong: 14808
2026-07-11 15:12:08,298 P3250901 INFO ----------------------------------------------------------------------------------------------------
2026-07-11 15:12:08,298 P3250901 INFO 21/50 starting... lr: 0.001 para:0.04545454680919647
2026-07-11 15:13:05,016 P3250901 INFO Epoch 21/50, all_loss:1.29078 cls_loss:1.33702 rec_loss:0.31975 [56.71s]; best loss:1.29078, patience : 0
2026-07-11 15:13:33,218 P3250901 INFO pr:0.9316  rc:0.7270  auc:0.9953 ap:0.9556 f1: 0.8167 pred_right: 1069286 pred_wrong:26914 actu_right: 1061710 actu_wrong: 34490
2026-07-11 15:13:43,909 P3250901 INFO pr:0.9359  rc:0.7266  auc:0.9951 ap:0.9556 f1: 0.8181 pred_right: 458303 pred_wrong:11497 actu_right: 454992 actu_wrong: 14808
2026-07-11 15:13:43,910 P3250901 INFO ----------------------------------------------------------------------------------------------------
2026-07-11 15:13:43,916 P3250901 INFO 22/50 starting... lr: 0.001 para:0.043478261679410934
2026-07-11 15:14:40,878 P3250901 INFO Epoch 22/50, all_loss:1.27675 cls_loss:1.31976 rec_loss:0.33070 [56.96s]; best loss:1.27675, patience : 0
2026-07-11 15:15:08,508 P3250901 INFO pr:0.9207  rc:0.7443  auc:0.9957 ap:0.9588 f1: 0.8232 pred_right: 1068316 pred_wrong:27884 actu_right: 1061708 actu_wrong: 34492
2026-07-11 15:15:19,012 P3250901 INFO pr:0.9222  rc:0.7458  auc:0.9955 ap:0.9580 f1: 0.8247 pred_right: 457824 pred_wrong:11976 actu_right: 454992 actu_wrong: 14808
2026-07-11 15:15:19,017 P3250901 INFO ----------------------------------------------------------------------------------------------------
2026-07-11 15:15:19,017 P3250901 INFO 23/50 starting... lr: 0.001 para:0.0416666679084301
2026-07-11 15:16:16,117 P3250901 INFO Epoch 23/50, all_loss:1.26765 cls_loss:1.30760 rec_loss:0.34874 [57.10s]; best loss:1.26765, patience : 0
2026-07-11 15:16:43,869 P3250901 INFO pr:0.9212  rc:0.7538  auc:0.9954 ap:0.9594 f1: 0.8291 pred_right: 1067983 pred_wrong:28217 actu_right: 1061715 actu_wrong: 34485
2026-07-11 15:16:54,372 P3250901 INFO pr:0.9216  rc:0.7559  auc:0.9954 ap:0.9592 f1: 0.8306 pred_right: 457655 pred_wrong:12145 actu_right: 454992 actu_wrong: 14808
2026-07-11 15:16:54,376 P3250901 INFO ----------------------------------------------------------------------------------------------------
2026-07-11 15:16:54,376 P3250901 INFO 24/50 starting... lr: 0.001 para:0.03999999910593033
2026-07-11 15:17:52,413 P3250901 INFO Epoch 24/50, all_loss:1.24457 cls_loss:1.28140 rec_loss:0.36054 [58.03s]; best loss:1.24457, patience : 0
2026-07-11 15:18:18,972 P3250901 INFO pr:0.8665  rc:0.7786  auc:0.9947 ap:0.9534 f1: 0.8202 pred_right: 1065212 pred_wrong:30988 actu_right: 1061712 actu_wrong: 34488
2026-07-11 15:18:29,450 P3250901 INFO pr:0.8696  rc:0.7776  auc:0.9947 ap:0.9532 f1: 0.8210 pred_right: 456559 pred_wrong:13241 actu_right: 454992 actu_wrong: 14808
2026-07-11 15:18:29,451 P3250901 INFO ----------------------------------------------------------------------------------------------------
2026-07-11 15:18:29,451 P3250901 INFO 25/50 starting... lr: 0.001 para:0.03846153989434242
2026-07-11 15:19:30,211 P3250901 INFO Epoch 25/50, all_loss:1.23449 cls_loss:1.26885 rec_loss:0.37560 [60.75s]; best loss:1.23449, patience : 0
2026-07-11 15:19:54,752 P3250901 INFO pr:0.9299  rc:0.7606  auc:0.9956 ap:0.9591 f1: 0.8368 pred_right: 1067988 pred_wrong:28212 actu_right: 1061710 actu_wrong: 34490
2026-07-11 15:20:05,181 P3250901 INFO pr:0.9328  rc:0.7598  auc:0.9953 ap:0.9583 f1: 0.8374 pred_right: 457738 pred_wrong:12062 actu_right: 454992 actu_wrong: 14808
2026-07-11 15:20:05,185 P3250901 INFO ----------------------------------------------------------------------------------------------------
2026-07-11 15:20:05,185 P3250901 INFO 26/50 starting... lr: 0.001 para:0.03703703731298447
2026-07-11 15:21:04,866 P3250901 INFO Epoch 26/50, all_loss:1.22425 cls_loss:1.25618 rec_loss:0.39408 [59.68s]; best loss:1.22425, patience : 0
2026-07-11 15:21:29,358 P3250901 INFO pr:0.8658  rc:0.8080  auc:0.9957 ap:0.9591 f1: 0.8359 pred_right: 1064011 pred_wrong:32189 actu_right: 1061709 actu_wrong: 34491
2026-07-11 15:21:39,987 P3250901 INFO pr:0.8677  rc:0.8073  auc:0.9954 ap:0.9579 f1: 0.8364 pred_right: 456023 pred_wrong:13777 actu_right: 454992 actu_wrong: 14808
2026-07-11 15:21:39,989 P3250901 INFO ----------------------------------------------------------------------------------------------------
2026-07-11 15:21:39,989 P3250901 INFO 27/50 starting... lr: 0.001 para:0.0357142873108387
2026-07-11 15:22:41,405 P3250901 INFO Epoch 27/50, all_loss:1.18818 cls_loss:1.21722 rec_loss:0.40402 [61.41s]; best loss:1.18818, patience : 0
2026-07-11 15:23:05,867 P3250901 INFO pr:0.9312  rc:0.7596  auc:0.9959 ap:0.9610 f1: 0.8367 pred_right: 1068066 pred_wrong:28134 actu_right: 1061713 actu_wrong: 34487
2026-07-11 15:23:16,330 P3250901 INFO pr:0.9332  rc:0.7572  auc:0.9957 ap:0.9606 f1: 0.8360 pred_right: 457786 pred_wrong:12014 actu_right: 454992 actu_wrong: 14808
2026-07-11 15:23:16,331 P3250901 INFO ----------------------------------------------------------------------------------------------------
2026-07-11 15:23:16,332 P3250901 INFO 28/50 starting... lr: 0.001 para:0.03448275849223137
2026-07-11 15:24:16,585 P3250901 INFO Epoch 28/50, all_loss:1.19803 cls_loss:1.22605 rec_loss:0.41338 [60.25s]; best loss:1.18818, patience : 1
2026-07-11 15:24:41,128 P3250901 INFO pr:0.9202  rc:0.7751  auc:0.9962 ap:0.9623 f1: 0.8414 pred_right: 1067151 pred_wrong:29049 actu_right: 1061711 actu_wrong: 34489
2026-07-11 15:24:51,740 P3250901 INFO pr:0.9251  rc:0.7754  auc:0.9959 ap:0.9618 f1: 0.8437 pred_right: 457389 pred_wrong:12411 actu_right: 454992 actu_wrong: 14808
2026-07-11 15:24:51,744 P3250901 INFO ----------------------------------------------------------------------------------------------------
2026-07-11 15:24:51,744 P3250901 INFO 29/50 starting... lr: 0.001 para:0.03333333507180214
2026-07-11 15:25:52,242 P3250901 INFO Epoch 29/50, all_loss:1.18125 cls_loss:1.20715 rec_loss:0.43009 [60.49s]; best loss:1.18125, patience : 0
2026-07-11 15:26:16,887 P3250901 INFO pr:0.9343  rc:0.7686  auc:0.9961 ap:0.9609 f1: 0.8434 pred_right: 1067824 pred_wrong:28376 actu_right: 1061706 actu_wrong: 34494
2026-07-11 15:26:28,181 P3250901 INFO pr:0.9386  rc:0.7663  auc:0.9959 ap:0.9603 f1: 0.8437 pred_right: 457711 pred_wrong:12089 actu_right: 454992 actu_wrong: 14808
2026-07-11 15:26:28,185 P3250901 INFO ----------------------------------------------------------------------------------------------------
2026-07-11 15:26:28,185 P3250901 INFO 30/50 starting... lr: 0.001 para:0.032258063554763794
2026-07-11 15:27:30,052 P3250901 INFO Epoch 30/50, all_loss:1.17096 cls_loss:1.19497 rec_loss:0.45068 [61.86s]; best loss:1.17096, patience : 0
2026-07-11 15:27:55,526 P3250901 INFO pr:0.9361  rc:0.7434  auc:0.9961 ap:0.9611 f1: 0.8287 pred_right: 1068808 pred_wrong:27392 actu_right: 1061708 actu_wrong: 34492
2026-07-11 15:28:05,687 P3250901 INFO pr:0.9406  rc:0.7438  auc:0.9958 ap:0.9605 f1: 0.8307 pred_right: 458090 pred_wrong:11710 actu_right: 454992 actu_wrong: 14808
2026-07-11 15:28:05,688 P3250901 INFO ----------------------------------------------------------------------------------------------------
2026-07-11 15:28:05,688 P3250901 INFO 31/50 starting... lr: 0.001 para:0.03125
2026-07-11 15:29:07,580 P3250901 INFO Epoch 31/50, all_loss:1.15370 cls_loss:1.17576 rec_loss:0.46976 [61.89s]; best loss:1.15370, patience : 0
2026-07-11 15:29:32,584 P3250901 INFO pr:0.9253  rc:0.7776  auc:0.9966 ap:0.9647 f1: 0.8451 pred_right: 1067210 pred_wrong:28990 actu_right: 1061706 actu_wrong: 34494
2026-07-11 15:29:45,440 P3250901 INFO pr:0.9275  rc:0.7724  auc:0.9963 ap:0.9634 f1: 0.8428 pred_right: 457469 pred_wrong:12331 actu_right: 454992 actu_wrong: 14808
2026-07-11 15:29:45,449 P3250901 INFO ----------------------------------------------------------------------------------------------------
2026-07-11 15:29:45,449 P3250901 INFO 32/50 starting... lr: 0.001 para:0.03030303120613098
2026-07-11 15:30:42,805 P3250901 INFO Epoch 32/50, all_loss:1.17273 cls_loss:1.19476 rec_loss:0.46776 [57.35s]; best loss:1.15370, patience : 1
2026-07-11 15:31:10,122 P3250901 INFO pr:0.9139  rc:0.7950  auc:0.9967 ap:0.9658 f1: 0.8503 pred_right: 1066199 pred_wrong:30001 actu_right: 1061710 actu_wrong: 34490
2026-07-11 15:31:22,524 P3250901 INFO pr:0.9163  rc:0.7929  auc:0.9965 ap:0.9648 f1: 0.8501 pred_right: 456986 pred_wrong:12814 actu_right: 454992 actu_wrong: 14808
2026-07-11 15:31:22,529 P3250901 INFO ----------------------------------------------------------------------------------------------------
2026-07-11 15:31:22,529 P3250901 INFO 33/50 starting... lr: 0.001 para:0.029411764815449715
2026-07-11 15:32:19,320 P3250901 INFO Epoch 33/50, all_loss:1.14272 cls_loss:1.16269 rec_loss:0.48366 [56.79s]; best loss:1.14272, patience : 0
2026-07-11 15:32:47,423 P3250901 INFO pr:0.9327  rc:0.7395  auc:0.9961 ap:0.9618 f1: 0.8249 pred_right: 1068859 pred_wrong:27341 actu_right: 1061714 actu_wrong: 34486
2026-07-11 15:32:57,928 P3250901 INFO pr:0.9347  rc:0.7400  auc:0.9958 ap:0.9611 f1: 0.8260 pred_right: 458076 pred_wrong:11724 actu_right: 454992 actu_wrong: 14808
2026-07-11 15:32:57,929 P3250901 INFO ----------------------------------------------------------------------------------------------------
2026-07-11 15:32:57,929 P3250901 INFO 34/50 starting... lr: 0.001 para:0.02857142873108387
2026-07-11 15:33:54,648 P3250901 INFO Epoch 34/50, all_loss:1.12107 cls_loss:1.13971 rec_loss:0.48746 [56.72s]; best loss:1.12107, patience : 0
2026-07-11 15:34:22,647 P3250901 INFO pr:0.9119  rc:0.7900  auc:0.9969 ap:0.9676 f1: 0.8466 pred_right: 1066321 pred_wrong:29879 actu_right: 1061711 actu_wrong: 34489
2026-07-11 15:34:33,062 P3250901 INFO pr:0.9132  rc:0.7874  auc:0.9966 ap:0.9665 f1: 0.8457 pred_right: 457032 pred_wrong:12768 actu_right: 454992 actu_wrong: 14808
2026-07-11 15:34:33,063 P3250901 INFO ----------------------------------------------------------------------------------------------------
2026-07-11 15:34:33,063 P3250901 INFO 35/50 starting... lr: 0.001 para:0.02777777798473835
2026-07-11 15:35:30,819 P3250901 INFO Epoch 35/50, all_loss:1.11645 cls_loss:1.13349 rec_loss:0.51983 [57.75s]; best loss:1.11645, patience : 0
2026-07-11 15:35:57,773 P3250901 INFO pr:0.9084  rc:0.7828  auc:0.9961 ap:0.9632 f1: 0.8409 pred_right: 1066480 pred_wrong:29720 actu_right: 1061708 actu_wrong: 34492
2026-07-11 15:36:08,343 P3250901 INFO pr:0.9117  rc:0.7840  auc:0.9961 ap:0.9631 f1: 0.8430 pred_right: 457065 pred_wrong:12735 actu_right: 454992 actu_wrong: 14808
2026-07-11 15:36:08,344 P3250901 INFO ----------------------------------------------------------------------------------------------------
2026-07-11 15:36:08,344 P3250901 INFO 36/50 starting... lr: 0.001 para:0.027027027681469917
2026-07-11 15:37:07,896 P3250901 INFO Epoch 36/50, all_loss:1.11101 cls_loss:1.12733 rec_loss:0.52359 [59.54s]; best loss:1.11101, patience : 0
2026-07-11 15:37:32,514 P3250901 INFO pr:0.8465  rc:0.8276  auc:0.9964 ap:0.9644 f1: 0.8370 pred_right: 1062477 pred_wrong:33723 actu_right: 1061705 actu_wrong: 34495
2026-07-11 15:37:42,971 P3250901 INFO pr:0.8459  rc:0.8227  auc:0.9961 ap:0.9630 f1: 0.8342 pred_right: 455398 pred_wrong:14402 actu_right: 454992 actu_wrong: 14808
2026-07-11 15:37:42,972 P3250901 INFO ----------------------------------------------------------------------------------------------------
2026-07-11 15:37:42,972 P3250901 INFO 37/50 starting... lr: 0.001 para:0.02631578966975212
2026-07-11 15:38:43,287 P3250901 INFO Epoch 37/50, all_loss:1.10998 cls_loss:1.12578 rec_loss:0.52534 [60.31s]; best loss:1.10998, patience : 0
2026-07-11 15:39:07,558 P3250901 INFO pr:0.9074  rc:0.8008  auc:0.9967 ap:0.9670 f1: 0.8508 pred_right: 1065766 pred_wrong:30434 actu_right: 1061713 actu_wrong: 34487
2026-07-11 15:39:17,996 P3250901 INFO pr:0.9090  rc:0.7987  auc:0.9964 ap:0.9655 f1: 0.8503 pred_right: 456789 pred_wrong:13011 actu_right: 454992 actu_wrong: 14808
2026-07-11 15:39:18,000 P3250901 INFO ----------------------------------------------------------------------------------------------------
2026-07-11 15:39:18,000 P3250901 INFO 38/50 starting... lr: 0.001 para:0.025641025975346565
2026-07-11 15:40:19,866 P3250901 INFO Epoch 38/50, all_loss:1.12504 cls_loss:1.14083 rec_loss:0.52489 [61.87s]; best loss:1.10998, patience : 1
2026-07-11 15:40:44,245 P3250901 INFO pr:0.9348  rc:0.7641  auc:0.9965 ap:0.9659 f1: 0.8409 pred_right: 1068011 pred_wrong:28189 actu_right: 1061713 actu_wrong: 34487
2026-07-11 15:40:54,643 P3250901 INFO pr:0.9370  rc:0.7592  auc:0.9961 ap:0.9640 f1: 0.8388 pred_right: 457802 pred_wrong:11998 actu_right: 454992 actu_wrong: 14808
2026-07-11 15:40:54,643 P3250901 INFO ----------------------------------------------------------------------------------------------------
2026-07-11 15:40:54,644 P3250901 INFO 39/50 starting... lr: 0.001 para:0.02500000037252903
2026-07-11 15:41:55,680 P3250901 INFO Epoch 39/50, all_loss:1.08286 cls_loss:1.09696 rec_loss:0.53310 [61.03s]; best loss:1.08286, patience : 0
2026-07-11 15:42:20,012 P3250901 INFO pr:0.8836  rc:0.8140  auc:0.9969 ap:0.9694 f1: 0.8474 pred_right: 1064423 pred_wrong:31777 actu_right: 1061707 actu_wrong: 34493
2026-07-11 15:42:30,432 P3250901 INFO pr:0.8878  rc:0.8119  auc:0.9967 ap:0.9681 f1: 0.8481 pred_right: 456258 pred_wrong:13542 actu_right: 454992 actu_wrong: 14808
2026-07-11 15:42:30,433 P3250901 INFO ----------------------------------------------------------------------------------------------------
2026-07-11 15:42:30,433 P3250901 INFO 40/50 starting... lr: 0.001 para:0.024390242993831635
2026-07-11 15:43:30,873 P3250901 INFO Epoch 40/50, all_loss:1.08067 cls_loss:1.09435 rec_loss:0.53329 [60.44s]; best loss:1.08067, patience : 0
2026-07-11 15:43:55,370 P3250901 INFO pr:0.9275  rc:0.7778  auc:0.9966 ap:0.9672 f1: 0.8461 pred_right: 1067278 pred_wrong:28922 actu_right: 1061712 actu_wrong: 34488
2026-07-11 15:44:05,821 P3250901 INFO pr:0.9282  rc:0.7768  auc:0.9965 ap:0.9662 f1: 0.8458 pred_right: 457407 pred_wrong:12393 actu_right: 454992 actu_wrong: 14808
2026-07-11 15:44:05,823 P3250901 INFO ----------------------------------------------------------------------------------------------------
2026-07-11 15:44:05,823 P3250901 INFO 41/50 starting... lr: 0.001 para:0.02380952425301075
2026-07-11 15:45:07,366 P3250901 INFO Epoch 41/50, all_loss:1.08742 cls_loss:1.10047 rec_loss:0.55230 [61.54s]; best loss:1.08067, patience : 1
2026-07-11 15:45:31,640 P3250901 INFO pr:0.8449  rc:0.8393  auc:0.9963 ap:0.9675 f1: 0.8421 pred_right: 1061941 pred_wrong:34259 actu_right: 1061710 actu_wrong: 34490
2026-07-11 15:45:42,528 P3250901 INFO pr:0.8458  rc:0.8337  auc:0.9963 ap:0.9664 f1: 0.8397 pred_right: 455204 pred_wrong:14596 actu_right: 454992 actu_wrong: 14808
2026-07-11 15:45:42,529 P3250901 INFO ----------------------------------------------------------------------------------------------------
2026-07-11 15:45:42,529 P3250901 INFO 42/50 starting... lr: 0.001 para:0.023255813866853714
2026-07-11 15:46:43,620 P3250901 INFO Epoch 42/50, all_loss:1.07443 cls_loss:1.08664 rec_loss:0.56128 [61.09s]; best loss:1.07443, patience : 0
2026-07-11 15:47:08,567 P3250901 INFO pr:0.9334  rc:0.7921  auc:0.9972 ap:0.9706 f1: 0.8570 pred_right: 1066928 pred_wrong:29272 actu_right: 1061709 actu_wrong: 34491
2026-07-11 15:47:20,457 P3250901 INFO pr:0.9352  rc:0.7898  auc:0.9970 ap:0.9693 f1: 0.8564 pred_right: 457295 pred_wrong:12505 actu_right: 454992 actu_wrong: 14808
2026-07-11 15:47:20,467 P3250901 INFO ----------------------------------------------------------------------------------------------------
2026-07-11 15:47:20,467 P3250901 INFO 43/50 starting... lr: 0.001 para:0.022727273404598236
2026-07-11 15:48:18,434 P3250901 INFO Epoch 43/50, all_loss:1.05787 cls_loss:1.06933 rec_loss:0.56484 [57.96s]; best loss:1.05787, patience : 0
2026-07-11 15:48:44,117 P3250901 INFO pr:0.9513  rc:0.7627  auc:0.9972 ap:0.9714 f1: 0.8466 pred_right: 1068549 pred_wrong:27651 actu_right: 1061713 actu_wrong: 34487
2026-07-11 15:48:57,297 P3250901 INFO pr:0.9534  rc:0.7622  auc:0.9968 ap:0.9704 f1: 0.8471 pred_right: 457962 pred_wrong:11838 actu_right: 454992 actu_wrong: 14808
2026-07-11 15:48:57,298 P3250901 INFO ----------------------------------------------------------------------------------------------------
2026-07-11 15:48:57,298 P3250901 INFO 44/50 starting... lr: 0.001 para:0.02222222276031971
2026-07-11 15:49:53,707 P3250901 INFO Epoch 44/50, all_loss:1.05865 cls_loss:1.06977 rec_loss:0.56903 [56.41s]; best loss:1.05787, patience : 1
2026-07-11 15:50:22,682 P3250901 INFO pr:0.9414  rc:0.7846  auc:0.9972 ap:0.9716 f1: 0.8559 pred_right: 1067453 pred_wrong:28747 actu_right: 1061710 actu_wrong: 34490
2026-07-11 15:50:33,559 P3250901 INFO pr:0.9427  rc:0.7798  auc:0.9969 ap:0.9708 f1: 0.8536 pred_right: 457550 pred_wrong:12250 actu_right: 454992 actu_wrong: 14808
2026-07-11 15:50:33,560 P3250901 INFO ----------------------------------------------------------------------------------------------------
2026-07-11 15:50:33,560 P3250901 INFO 45/50 starting... lr: 0.001 para:0.021739130839705467
2026-07-11 15:51:30,107 P3250901 INFO Epoch 45/50, all_loss:1.03351 cls_loss:1.04387 rec_loss:0.56726 [56.54s]; best loss:1.03351, patience : 0
2026-07-11 15:51:57,473 P3250901 INFO pr:0.9275  rc:0.8054  auc:0.9966 ap:0.9700 f1: 0.8621 pred_right: 1066250 pred_wrong:29950 actu_right: 1061711 actu_wrong: 34489
2026-07-11 15:52:07,947 P3250901 INFO pr:0.9293  rc:0.8027  auc:0.9965 ap:0.9690 f1: 0.8614 pred_right: 457008 pred_wrong:12792 actu_right: 454992 actu_wrong: 14808
2026-07-11 15:52:07,952 P3250901 INFO ----------------------------------------------------------------------------------------------------
2026-07-11 15:52:07,952 P3250901 INFO 46/50 starting... lr: 0.001 para:0.021276595070958138
2026-07-11 15:53:04,157 P3250901 INFO Epoch 46/50, all_loss:1.04439 cls_loss:1.05464 rec_loss:0.57301 [56.20s]; best loss:1.03351, patience : 1
2026-07-11 15:53:31,429 P3250901 INFO pr:0.9275  rc:0.8191  auc:0.9972 ap:0.9731 f1: 0.8699 pred_right: 1065737 pred_wrong:30463 actu_right: 1061707 actu_wrong: 34493
2026-07-11 15:53:41,891 P3250901 INFO pr:0.9285  rc:0.8167  auc:0.9971 ap:0.9720 f1: 0.8690 pred_right: 456775 pred_wrong:13025 actu_right: 454992 actu_wrong: 14808
2026-07-11 15:53:41,895 P3250901 INFO ----------------------------------------------------------------------------------------------------
2026-07-11 15:53:41,895 P3250901 INFO 47/50 starting... lr: 0.001 para:0.02083333395421505
2026-07-11 15:54:39,687 P3250901 INFO Epoch 47/50, all_loss:1.02719 cls_loss:1.03670 rec_loss:0.58014 [57.78s]; best loss:1.02719, patience : 0
2026-07-11 15:55:06,181 P3250901 INFO pr:0.9408  rc:0.7834  auc:0.9971 ap:0.9700 f1: 0.8549 pred_right: 1067478 pred_wrong:28722 actu_right: 1061709 actu_wrong: 34491
2026-07-11 15:55:16,622 P3250901 INFO pr:0.9451  rc:0.7815  auc:0.9968 ap:0.9692 f1: 0.8555 pred_right: 457556 pred_wrong:12244 actu_right: 454992 actu_wrong: 14808
2026-07-11 15:55:16,623 P3250901 INFO ----------------------------------------------------------------------------------------------------
2026-07-11 15:55:16,624 P3250901 INFO 48/50 starting... lr: 0.001 para:0.020408162847161293
2026-07-11 15:56:18,121 P3250901 INFO Epoch 48/50, all_loss:1.01403 cls_loss:1.02285 rec_loss:0.59022 [61.49s]; best loss:1.01403, patience : 0
2026-07-11 15:56:42,532 P3250901 INFO pr:0.9378  rc:0.7793  auc:0.9970 ap:0.9688 f1: 0.8512 pred_right: 1067538 pred_wrong:28662 actu_right: 1061709 actu_wrong: 34491
2026-07-11 15:56:52,924 P3250901 INFO pr:0.9361  rc:0.7753  auc:0.9967 ap:0.9673 f1: 0.8481 pred_right: 457537 pred_wrong:12263 actu_right: 454992 actu_wrong: 14808
2026-07-11 15:56:52,925 P3250901 INFO ----------------------------------------------------------------------------------------------------
2026-07-11 15:56:52,925 P3250901 INFO 49/50 starting... lr: 0.001 para:0.019999999552965164
2026-07-11 15:57:53,934 P3250901 INFO Epoch 49/50, all_loss:1.01796 cls_loss:1.02652 rec_loss:0.59850 [61.01s]; best loss:1.01403, patience : 1
2026-07-11 15:58:18,278 P3250901 INFO pr:0.9140  rc:0.8121  auc:0.9972 ap:0.9713 f1: 0.8601 pred_right: 1065557 pred_wrong:30643 actu_right: 1061712 actu_wrong: 34488
2026-07-11 15:58:28,698 P3250901 INFO pr:0.9167  rc:0.8068  auc:0.9970 ap:0.9699 f1: 0.8583 pred_right: 456768 pred_wrong:13032 actu_right: 454992 actu_wrong: 14808
2026-07-11 15:58:28,699 P3250901 INFO saving model...
2026-07-11 15:58:28,699 P3250901 INFO FITS_Legendre - loss  best score:1.0140252113342285 at epoch 48
2026-07-11 15:58:28,705 P3250901 INFO FITS_Legendre - f1  best score:0.8699427304636985 at epoch 46
2026-07-11 15:58:28,709 P3250901 INFO Average training time per epoch: 59.56 seconds
2026-07-11 15:58:28,709 P3250901 INFO calculate scores...
2026-07-11 15:58:28,710 P3250901 INFO calculate label with loss...
2026-07-11 15:58:28,710 P3250901 INFO FITS_Legendre on ./result/server_only_exps/Basis_updatedFreDF/FITS_Legendre-TT-Epochs50-Seed1-ExpNameRQ2_basis_comparison-BasisTypefourier loading...
2026-07-11 15:58:39,275 P3250901 INFO pr:0.9361  rc:0.7753  auc:0.9967 ap:0.9673 f1: 0.8481 pred_right: 457537 pred_wrong:12263 actu_right: 454992 actu_wrong: 14808
2026-07-11 15:58:53,161 P3250901 INFO pr:0.9361  rc:0.7753  auc:0.9967 ap:0.9673 f1: 0.8481 pred_right: 457537 pred_wrong:12263 actu_right: 454992 actu_wrong: 14808
2026-07-11 15:58:53,162 P3250901 INFO Performance Summary:
{'GPU': {'inference_time_per_sample_ms': 0.5752036654169058, 'throughput_samples_per_sec': 1738.514651632484, 'peak_memory_mb': 139.53662109375, 'energy_per_sample_joules': 0.03884551673843262}, 'CPU': {'inference_time_per_sample_ms': 0.7657012490536398, 'throughput_samples_per_sec': 1305.9923844135546, 'peak_memory_mb': 5714.9140625, 'energy_per_sample_joules': 0.04977058118848658}}
2026-07-11 15:58:53,162 P3250901 INFO Starting clean-room hardware benchmarking...
2026-07-11 15:58:56,025 P3250901 INFO Performance with loss: pr:0.9361  rc:0.7753  auc:0.9967 ap:0.9673 f1: 0.8481 pred_right: 457537 pred_wrong:12263 actu_right: 454992 actu_wrong: 14808
2026-07-11 15:58:56,025 P3250901 INFO calculate label with f1...
2026-07-11 15:58:56,025 P3250901 INFO FITS_Legendre on ./result/server_only_exps/Basis_updatedFreDF/FITS_Legendre-TT-Epochs50-Seed1-ExpNameRQ2_basis_comparison-BasisTypefourier loading...
2026-07-11 15:59:07,723 P3250901 INFO pr:0.9285  rc:0.8167  auc:0.9971 ap:0.9720 f1: 0.8690 pred_right: 456775 pred_wrong:13025 actu_right: 454992 actu_wrong: 14808
2026-07-11 15:59:28,098 P3250901 INFO pr:0.9285  rc:0.8167  auc:0.9971 ap:0.9720 f1: 0.8690 pred_right: 456775 pred_wrong:13025 actu_right: 454992 actu_wrong: 14808
2026-07-11 15:59:28,106 P3250901 INFO Performance Summary:
{'GPU': {'inference_time_per_sample_ms': 0.6073771392436854, 'throughput_samples_per_sec': 1646.4235075511965, 'peak_memory_mb': 139.03173828125, 'energy_per_sample_joules': 0.04117075569506359}, 'CPU': {'inference_time_per_sample_ms': 1.13451159233067, 'throughput_samples_per_sec': 881.4365642096811, 'peak_memory_mb': 5535.86328125, 'energy_per_sample_joules': 0.07374325350149354}}
2026-07-11 15:59:28,106 P3250901 INFO Starting clean-room hardware benchmarking...
2026-07-11 15:59:31,090 P3250901 INFO Performance with f1: pr:0.9285  rc:0.8167  auc:0.9971 ap:0.9720 f1: 0.8690 pred_right: 456775 pred_wrong:13025 actu_right: 454992 actu_wrong: 14808
