2026-07-25 21:19:57,622 P2115212 INFO ---- Model: ----MSTGAD-00debc5b----random_seed : 1----req_loss_approach : Normal-Recreation----rec_lambda : 1.0----auxi_lambda : 0.0----Freq Domain : Medicine----Multi Fits : false----train : True----evaluate : False
2026-07-25 21:19:57,622 P2115212 INFO read Tranform data
2026-07-25 21:19:58,834 P2115212 INFO read Graph edge data
2026-07-25 21:19:58,835 P2115212 INFO Fewshot: training with 1.0 of the 70% of the data
2026-07-26 14:03:25,905 P2571679 INFO ---- Model: ----MSTGAD-00debc5b----random_seed : 1----req_loss_approach : Normal-Recreation----rec_lambda : 1.0----auxi_lambda : 0.0----Freq Domain : Medicine----Multi Fits : false----train : True----evaluate : False
2026-07-26 14:03:25,905 P2571679 INFO read Tranform data
2026-07-26 14:03:26,908 P2571679 INFO read Graph edge data
2026-07-26 14:03:26,908 P2571679 INFO Fewshot: training with 1.0 of the 70% of the data
2026-07-26 14:05:21,402 P2572907 INFO ---- Model: ----MSTGAD-00debc5b----random_seed : 1----req_loss_approach : Normal-Recreation----rec_lambda : 1.0----auxi_lambda : 0.0----Freq Domain : Medicine----Multi Fits : false----train : True----evaluate : False
2026-07-26 14:05:21,402 P2572907 INFO read Tranform data
2026-07-26 14:05:22,778 P2572907 INFO read Graph edge data
2026-07-26 14:05:22,779 P2572907 INFO Fewshot: training with 1.0 of the 70% of the data
2026-07-26 14:06:06,784 P2573416 INFO ---- Model: ----MSTGAD-00debc5b----random_seed : 1----req_loss_approach : Normal-Recreation----rec_lambda : 1.0----auxi_lambda : 0.0----Freq Domain : Medicine----Multi Fits : false----train : True----evaluate : False
2026-07-26 14:06:06,784 P2573416 INFO read Tranform data
2026-07-26 14:06:08,156 P2573416 INFO read Graph edge data
2026-07-26 14:06:08,157 P2573416 INFO Fewshot: training with 1.0 of the 70% of the data
2026-07-26 16:10:09,017 P2629717 INFO ---- Model: ----MSTGAD-00debc5b----random_seed : 1----req_loss_approach : Normal-Recreation----rec_lambda : 1.0----auxi_lambda : 0.0----Freq Domain : Medicine----Multi Fits : false----train : True----evaluate : False
2026-07-26 16:10:09,018 P2629717 INFO read Tranform data
2026-07-26 16:10:10,592 P2629717 INFO read Graph edge data
2026-07-26 16:10:10,592 P2629717 INFO Fewshot: training with 1.0 of the 70% of the data
2026-07-26 16:10:10,701 P2629717 INFO Trainable Parameters Breakdown:
2026-07-26 16:10:10,701 P2629717 INFO --------------------------------------------------------------------------------
2026-07-26 16:10:10,701 P2629717 INFO Reconstruction-Specific Parameters:
2026-07-26 16:10:10,701 P2629717 INFO Medicine_model.log_feature_encoder.weight | shape: (16, 256)                 | params: 4,096
2026-07-26 16:10:10,702 P2629717 INFO Medicine_model.log_feature_encoder.bias  | shape: (16,)                     | params: 16
2026-07-26 16:10:10,702 P2629717 INFO Medicine_model.log_encoder.encoder.layers.0.self_attn.in_proj_weight | shape: (48, 16)                  | params: 768
2026-07-26 16:10:10,702 P2629717 INFO Medicine_model.log_encoder.encoder.layers.0.self_attn.in_proj_bias | shape: (48,)                     | params: 48
2026-07-26 16:10:10,702 P2629717 INFO Medicine_model.log_encoder.encoder.layers.0.self_attn.out_proj.weight | shape: (16, 16)                  | params: 256
2026-07-26 16:10:10,702 P2629717 INFO Medicine_model.log_encoder.encoder.layers.0.self_attn.out_proj.bias | shape: (16,)                     | params: 16
2026-07-26 16:10:10,702 P2629717 INFO Medicine_model.log_encoder.encoder.layers.0.linear1.weight | shape: (64, 16)                  | params: 1,024
2026-07-26 16:10:10,702 P2629717 INFO Medicine_model.log_encoder.encoder.layers.0.linear1.bias | shape: (64,)                     | params: 64
2026-07-26 16:10:10,702 P2629717 INFO Medicine_model.log_encoder.encoder.layers.0.linear2.weight | shape: (16, 64)                  | params: 1,024
2026-07-26 16:10:10,702 P2629717 INFO Medicine_model.log_encoder.encoder.layers.0.linear2.bias | shape: (16,)                     | params: 16
2026-07-26 16:10:10,702 P2629717 INFO Medicine_model.log_encoder.encoder.layers.0.norm1.weight | shape: (16,)                     | params: 16
2026-07-26 16:10:10,702 P2629717 INFO Medicine_model.log_encoder.encoder.layers.0.norm1.bias | shape: (16,)                     | params: 16
2026-07-26 16:10:10,702 P2629717 INFO Medicine_model.log_encoder.encoder.layers.0.norm2.weight | shape: (16,)                     | params: 16
2026-07-26 16:10:10,702 P2629717 INFO Medicine_model.log_encoder.encoder.layers.0.norm2.bias | shape: (16,)                     | params: 16
2026-07-26 16:10:10,702 P2629717 INFO Medicine_model.log_encoder.encoder.layers.1.self_attn.in_proj_weight | shape: (48, 16)                  | params: 768
2026-07-26 16:10:10,702 P2629717 INFO Medicine_model.log_encoder.encoder.layers.1.self_attn.in_proj_bias | shape: (48,)                     | params: 48
2026-07-26 16:10:10,702 P2629717 INFO Medicine_model.log_encoder.encoder.layers.1.self_attn.out_proj.weight | shape: (16, 16)                  | params: 256
2026-07-26 16:10:10,702 P2629717 INFO Medicine_model.log_encoder.encoder.layers.1.self_attn.out_proj.bias | shape: (16,)                     | params: 16
2026-07-26 16:10:10,702 P2629717 INFO Medicine_model.log_encoder.encoder.layers.1.linear1.weight | shape: (64, 16)                  | params: 1,024
2026-07-26 16:10:10,702 P2629717 INFO Medicine_model.log_encoder.encoder.layers.1.linear1.bias | shape: (64,)                     | params: 64
2026-07-26 16:10:10,702 P2629717 INFO Medicine_model.log_encoder.encoder.layers.1.linear2.weight | shape: (16, 64)                  | params: 1,024
2026-07-26 16:10:10,703 P2629717 INFO Medicine_model.log_encoder.encoder.layers.1.linear2.bias | shape: (16,)                     | params: 16
2026-07-26 16:10:10,703 P2629717 INFO Medicine_model.log_encoder.encoder.layers.1.norm1.weight | shape: (16,)                     | params: 16
2026-07-26 16:10:10,703 P2629717 INFO Medicine_model.log_encoder.encoder.layers.1.norm1.bias | shape: (16,)                     | params: 16
2026-07-26 16:10:10,703 P2629717 INFO Medicine_model.log_encoder.encoder.layers.1.norm2.weight | shape: (16,)                     | params: 16
2026-07-26 16:10:10,703 P2629717 INFO Medicine_model.log_encoder.encoder.layers.1.norm2.bias | shape: (16,)                     | params: 16
2026-07-26 16:10:10,703 P2629717 INFO Medicine_model.log_encoder.layernorm.weight | shape: (16,)                     | params: 16
2026-07-26 16:10:10,703 P2629717 INFO Medicine_model.log_encoder.layernorm.bias | shape: (16,)                     | params: 16
2026-07-26 16:10:10,703 P2629717 INFO Medicine_model.metric_encoder.expand.0.weight | shape: (4, 5)                    | params: 20
2026-07-26 16:10:10,703 P2629717 INFO Medicine_model.metric_encoder.expand.0.bias | shape: (4,)                      | params: 4
2026-07-26 16:10:10,703 P2629717 INFO Medicine_model.metric_encoder.expand.2.weight | shape: (5, 4)                    | params: 20
2026-07-26 16:10:10,703 P2629717 INFO Medicine_model.metric_encoder.expand.2.bias | shape: (5,)                      | params: 5
2026-07-26 16:10:10,703 P2629717 INFO Medicine_model.metric_encoder.layernorm1.weight | shape: (3,)                      | params: 3
2026-07-26 16:10:10,703 P2629717 INFO Medicine_model.metric_encoder.layernorm1.bias | shape: (3,)                      | params: 3
2026-07-26 16:10:10,703 P2629717 INFO Medicine_model.metric_encoder.proj.0.weight | shape: (4, 3)                    | params: 12
2026-07-26 16:10:10,703 P2629717 INFO Medicine_model.metric_encoder.proj.0.bias | shape: (4,)                      | params: 4
2026-07-26 16:10:10,703 P2629717 INFO Medicine_model.metric_encoder.proj.2.weight | shape: (4,)                      | params: 4
2026-07-26 16:10:10,703 P2629717 INFO Medicine_model.metric_encoder.proj.2.bias | shape: (4,)                      | params: 4
2026-07-26 16:10:10,703 P2629717 INFO Medicine_model.metric_encoder.encoder.layers.0.self_attn.in_proj_weight | shape: (12, 4)                   | params: 48
2026-07-26 16:10:10,703 P2629717 INFO Medicine_model.metric_encoder.encoder.layers.0.self_attn.in_proj_bias | shape: (12,)                     | params: 12
2026-07-26 16:10:10,703 P2629717 INFO Medicine_model.metric_encoder.encoder.layers.0.self_attn.out_proj.weight | shape: (4, 4)                    | params: 16
2026-07-26 16:10:10,703 P2629717 INFO Medicine_model.metric_encoder.encoder.layers.0.self_attn.out_proj.bias | shape: (4,)                      | params: 4
2026-07-26 16:10:10,704 P2629717 INFO Medicine_model.metric_encoder.encoder.layers.0.linear1.weight | shape: (64, 4)                   | params: 256
2026-07-26 16:10:10,704 P2629717 INFO Medicine_model.metric_encoder.encoder.layers.0.linear1.bias | shape: (64,)                     | params: 64
2026-07-26 16:10:10,704 P2629717 INFO Medicine_model.metric_encoder.encoder.layers.0.linear2.weight | shape: (4, 64)                   | params: 256
2026-07-26 16:10:10,704 P2629717 INFO Medicine_model.metric_encoder.encoder.layers.0.linear2.bias | shape: (4,)                      | params: 4
2026-07-26 16:10:10,704 P2629717 INFO Medicine_model.metric_encoder.encoder.layers.0.norm1.weight | shape: (4,)                      | params: 4
2026-07-26 16:10:10,704 P2629717 INFO Medicine_model.metric_encoder.encoder.layers.0.norm1.bias | shape: (4,)                      | params: 4
2026-07-26 16:10:10,704 P2629717 INFO Medicine_model.metric_encoder.encoder.layers.0.norm2.weight | shape: (4,)                      | params: 4
2026-07-26 16:10:10,704 P2629717 INFO Medicine_model.metric_encoder.encoder.layers.0.norm2.bias | shape: (4,)                      | params: 4
2026-07-26 16:10:10,704 P2629717 INFO Medicine_model.metric_encoder.encoder.layers.1.self_attn.in_proj_weight | shape: (12, 4)                   | params: 48
2026-07-26 16:10:10,704 P2629717 INFO Medicine_model.metric_encoder.encoder.layers.1.self_attn.in_proj_bias | shape: (12,)                     | params: 12
2026-07-26 16:10:10,704 P2629717 INFO Medicine_model.metric_encoder.encoder.layers.1.self_attn.out_proj.weight | shape: (4, 4)                    | params: 16
2026-07-26 16:10:10,704 P2629717 INFO Medicine_model.metric_encoder.encoder.layers.1.self_attn.out_proj.bias | shape: (4,)                      | params: 4
2026-07-26 16:10:10,704 P2629717 INFO Medicine_model.metric_encoder.encoder.layers.1.linear1.weight | shape: (64, 4)                   | params: 256
2026-07-26 16:10:10,704 P2629717 INFO Medicine_model.metric_encoder.encoder.layers.1.linear1.bias | shape: (64,)                     | params: 64
2026-07-26 16:10:10,704 P2629717 INFO Medicine_model.metric_encoder.encoder.layers.1.linear2.weight | shape: (4, 64)                   | params: 256
2026-07-26 16:10:10,704 P2629717 INFO Medicine_model.metric_encoder.encoder.layers.1.linear2.bias | shape: (4,)                      | params: 4
2026-07-26 16:10:10,704 P2629717 INFO Medicine_model.metric_encoder.encoder.layers.1.norm1.weight | shape: (4,)                      | params: 4
2026-07-26 16:10:10,704 P2629717 INFO Medicine_model.metric_encoder.encoder.layers.1.norm1.bias | shape: (4,)                      | params: 4
2026-07-26 16:10:10,704 P2629717 INFO Medicine_model.metric_encoder.encoder.layers.1.norm2.weight | shape: (4,)                      | params: 4
2026-07-26 16:10:10,704 P2629717 INFO Medicine_model.metric_encoder.encoder.layers.1.norm2.bias | shape: (4,)                      | params: 4
2026-07-26 16:10:10,704 P2629717 INFO Medicine_model.metric_encoder.layernorm2.weight | shape: (4,)                      | params: 4
2026-07-26 16:10:10,704 P2629717 INFO Medicine_model.metric_encoder.layernorm2.bias | shape: (4,)                      | params: 4
2026-07-26 16:10:10,705 P2629717 INFO Medicine_model.trace_encoder.project.weight | shape: (4, 7)                    | params: 28
2026-07-26 16:10:10,705 P2629717 INFO Medicine_model.trace_encoder.project.bias | shape: (4,)                      | params: 4
2026-07-26 16:10:10,705 P2629717 INFO Medicine_model.trace_encoder.layernorm.weight | shape: (4,)                      | params: 4
2026-07-26 16:10:10,705 P2629717 INFO Medicine_model.trace_encoder.layernorm.bias | shape: (4,)                      | params: 4
2026-07-26 16:10:10,705 P2629717 INFO Medicine_model.trace_encoder.encoder.self_attn.in_proj_weight | shape: (12, 4)                   | params: 48
2026-07-26 16:10:10,705 P2629717 INFO Medicine_model.trace_encoder.encoder.self_attn.in_proj_bias | shape: (12,)                     | params: 12
2026-07-26 16:10:10,705 P2629717 INFO Medicine_model.trace_encoder.encoder.self_attn.out_proj.weight | shape: (4, 4)                    | params: 16
2026-07-26 16:10:10,705 P2629717 INFO Medicine_model.trace_encoder.encoder.self_attn.out_proj.bias | shape: (4,)                      | params: 4
2026-07-26 16:10:10,705 P2629717 INFO Medicine_model.trace_encoder.encoder.linear1.weight | shape: (64, 4)                   | params: 256
2026-07-26 16:10:10,705 P2629717 INFO Medicine_model.trace_encoder.encoder.linear1.bias | shape: (64,)                     | params: 64
2026-07-26 16:10:10,705 P2629717 INFO Medicine_model.trace_encoder.encoder.linear2.weight | shape: (4, 64)                   | params: 256
2026-07-26 16:10:10,705 P2629717 INFO Medicine_model.trace_encoder.encoder.linear2.bias | shape: (4,)                      | params: 4
2026-07-26 16:10:10,705 P2629717 INFO Medicine_model.trace_encoder.encoder.norm1.weight | shape: (4,)                      | params: 4
2026-07-26 16:10:10,705 P2629717 INFO Medicine_model.trace_encoder.encoder.norm1.bias | shape: (4,)                      | params: 4
2026-07-26 16:10:10,705 P2629717 INFO Medicine_model.trace_encoder.encoder.norm2.weight | shape: (4,)                      | params: 4
2026-07-26 16:10:10,705 P2629717 INFO Medicine_model.trace_encoder.encoder.norm2.bias | shape: (4,)                      | params: 4
2026-07-26 16:10:10,705 P2629717 INFO Medicine_model.concat_fusion.proj_x.weight | shape: (64, 4)                   | params: 256
2026-07-26 16:10:10,705 P2629717 INFO Medicine_model.concat_fusion.proj_x.bias | shape: (64,)                     | params: 64
2026-07-26 16:10:10,705 P2629717 INFO Medicine_model.concat_fusion.proj_y.weight | shape: (64, 16)                  | params: 1,024
2026-07-26 16:10:10,705 P2629717 INFO Medicine_model.concat_fusion.proj_y.bias | shape: (64,)                     | params: 64
2026-07-26 16:10:10,705 P2629717 INFO Medicine_model.concat_fusion.proj_z.weight | shape: (64, 4)                   | params: 256
2026-07-26 16:10:10,705 P2629717 INFO Medicine_model.concat_fusion.proj_z.bias | shape: (64,)                     | params: 64
2026-07-26 16:10:10,705 P2629717 INFO Medicine_model.concat_fusion.fc_fused.weight | shape: (64, 24)                  | params: 1,536
2026-07-26 16:10:10,706 P2629717 INFO Medicine_model.concat_fusion.fc_fused.bias | shape: (64,)                     | params: 64
2026-07-26 16:10:10,706 P2629717 INFO Medicine_model.concat_fusion.rec_metric.weight | shape: (3, 64)                   | params: 192
2026-07-26 16:10:10,706 P2629717 INFO Medicine_model.concat_fusion.rec_metric.bias | shape: (3,)                      | params: 3
2026-07-26 16:10:10,706 P2629717 INFO Medicine_model.concat_fusion.rec_log.weight | shape: (256, 64)                 | params: 16,384
2026-07-26 16:10:10,706 P2629717 INFO Medicine_model.concat_fusion.rec_log.bias | shape: (256,)                    | params: 256
2026-07-26 16:10:10,706 P2629717 INFO Medicine_model.concat_fusion.rec_trace.weight | shape: (7, 64)                   | params: 448
2026-07-26 16:10:10,706 P2629717 INFO Medicine_model.concat_fusion.rec_trace.bias | shape: (7,)                      | params: 7
2026-07-26 16:10:10,706 P2629717 INFO Subtotal: 33,477
2026-07-26 16:10:10,706 P2629717 INFO --------------------------------------------------------------------------------
2026-07-26 16:10:10,706 P2629717 INFO Common Parameters:
2026-07-26 16:10:10,706 P2629717 INFO show.0.weight                            | shape: (128, 266)                | params: 34,048
2026-07-26 16:10:10,706 P2629717 INFO show.0.bias                              | shape: (128,)                    | params: 128
2026-07-26 16:10:10,706 P2629717 INFO show.2.weight                            | shape: (2, 128)                  | params: 256
2026-07-26 16:10:10,706 P2629717 INFO show.2.bias                              | shape: (2,)                      | params: 2
2026-07-26 16:10:10,706 P2629717 INFO Subtotal: 34,434
2026-07-26 16:10:10,706 P2629717 INFO --------------------------------------------------------------------------------
2026-07-26 16:10:10,706 P2629717 INFO Total Trainable Parameters: 67,911

2026-07-26 16:10:10,706 P2629717 INFO Trainable Parameters: 67911, reconstruction: 33477, common: 34434
2026-07-26 16:10:10,706 P2629717 INFO model : init weight
2026-07-26 16:10:10,708 P2629717 INFO Using GPU...
2026-07-26 16:10:10,715 P2629717 INFO optimizer : using AdaBelief
2026-07-26 16:10:10,715 P2629717 INFO ----------------------------------------------------------------------------------------------------
2026-07-26 16:10:10,715 P2629717 INFO 0/300 starting... lr: 0.001 para:1.0
2026-07-26 16:10:21,814 P2629717 INFO Epoch 0/300, all_loss:-1.53167 cls_loss:18.59785 rec_loss:-1.53167 [11.09s]; best loss:-1.53167, patience : 0
2026-07-26 16:10:21,815 P2629717 INFO ----------------------------------------------------------------------------------------------------
2026-07-26 16:10:21,815 P2629717 INFO 1/300 starting... lr: 0.001 para:0.5
2026-07-26 16:10:28,757 P2629717 INFO Epoch 1/300, all_loss:10.02186 cls_loss:29.92355 rec_loss:-9.87984 [6.93s]; best loss:10.02186, patience : 0
2026-07-26 16:10:28,757 P2629717 INFO ----------------------------------------------------------------------------------------------------
2026-07-26 16:10:28,757 P2629717 INFO 2/300 starting... lr: 0.001 para:0.3333333432674408
2026-07-26 16:10:38,534 P2629717 INFO Epoch 2/300, all_loss:25.25092 cls_loss:43.79699 rec_loss:-11.84123 [9.78s]; best loss:10.02186, patience : 1
2026-07-26 16:10:42,319 P2629717 INFO pr:0.0000  rc:0.0000  auc:0.9743 ap:0.7299 f1: 0.0000 pred_right: 39000 pred_wrong: 0  actu_right: 38604 actu_wrong: 396
2026-07-26 16:10:44,022 P2629717 INFO pr:0.0000  rc:0.0000  auc:0.9846 ap:0.6861 f1: 0.0000 pred_right: 16500 pred_wrong: 0  actu_right: 16371 actu_wrong: 129
2026-07-26 16:10:44,037 P2629717 INFO ----------------------------------------------------------------------------------------------------
2026-07-26 16:10:44,040 P2629717 INFO 3/300 starting... lr: 0.001 para:0.25
2026-07-26 16:10:59,342 P2629717 INFO Epoch 3/300, all_loss:9.44829 cls_loss:17.18942 rec_loss:-13.77510 [15.29s]; best loss:9.44829, patience : 0
2026-07-26 16:11:01,344 P2629717 INFO pr:0.7695  rc:0.9444  auc:0.9813 ap:0.8734 f1: 0.8481 pred_right: 38514 pred_wrong:486 actu_right: 38604 actu_wrong: 396
2026-07-26 16:11:02,132 P2629717 INFO pr:0.7283  rc:0.9767  auc:0.9941 ap:0.8264 f1: 0.8344 pred_right: 16327 pred_wrong:173 actu_right: 16371 actu_wrong: 129
2026-07-26 16:11:02,144 P2629717 INFO ----------------------------------------------------------------------------------------------------
2026-07-26 16:11:02,144 P2629717 INFO 4/300 starting... lr: 0.001 para:0.20000000298023224
2026-07-26 16:11:10,780 P2629717 INFO Epoch 4/300, all_loss:34.01105 cls_loss:47.33320 rec_loss:-19.27756 [8.64s]; best loss:9.44829, patience : 1
2026-07-26 16:11:12,714 P2629717 INFO pr:0.8258  rc:0.9194  auc:0.9781 ap:0.8951 f1: 0.8701 pred_right: 38558 pred_wrong:442 actu_right: 38603 actu_wrong: 397
2026-07-26 16:11:13,518 P2629717 INFO pr:0.7716  rc:0.9690  auc:0.9927 ap:0.8369 f1: 0.8591 pred_right: 16338 pred_wrong:162 actu_right: 16371 actu_wrong: 129
2026-07-26 16:11:13,534 P2629717 INFO ----------------------------------------------------------------------------------------------------
2026-07-26 16:11:13,534 P2629717 INFO 5/300 starting... lr: 0.001 para:0.1666666716337204
2026-07-26 16:11:22,330 P2629717 INFO Epoch 5/300, all_loss:32.24310 cls_loss:44.08113 rec_loss:-26.94703 [8.79s]; best loss:9.44829, patience : 1
2026-07-26 16:11:23,934 P2629717 INFO pr:0.8182  rc:0.3401  auc:0.9745 ap:0.9062 f1: 0.4804 pred_right: 38835 pred_wrong:165 actu_right: 38603 actu_wrong: 397
2026-07-26 16:11:24,696 P2629717 INFO pr:0.6522  rc:0.1163  auc:0.9951 ap:0.8795 f1: 0.1974 pred_right: 16477 pred_wrong:23 actu_right: 16371 actu_wrong: 129
2026-07-26 16:11:24,696 P2629717 INFO ----------------------------------------------------------------------------------------------------
2026-07-26 16:11:24,696 P2629717 INFO 6/300 starting... lr: 0.001 para:0.1428571492433548
2026-07-26 16:11:33,334 P2629717 INFO Epoch 6/300, all_loss:29.99419 cls_loss:41.17605 rec_loss:-37.09702 [8.64s]; best loss:9.44829, patience : 1
2026-07-26 16:11:35,187 P2629717 INFO pr:0.8759  rc:0.3023  auc:0.9698 ap:0.9073 f1: 0.4494 pred_right: 38863 pred_wrong:137 actu_right: 38603 actu_wrong: 397
2026-07-26 16:11:35,894 P2629717 INFO pr:0.7750  rc:0.2403  auc:0.9933 ap:0.8880 f1: 0.3669 pred_right: 16460 pred_wrong:40 actu_right: 16371 actu_wrong: 129
2026-07-26 16:11:35,894 P2629717 INFO ----------------------------------------------------------------------------------------------------
2026-07-26 16:11:35,895 P2629717 INFO 7/300 starting... lr: 0.001 para:0.125
2026-07-26 16:11:44,869 P2629717 INFO Epoch 7/300, all_loss:-0.51364 cls_loss:6.78892 rec_loss:-51.63150 [8.96s]; best loss:-0.51364, patience : 0
2026-07-26 16:11:46,541 P2629717 INFO pr:0.9494  rc:0.8035  auc:0.9645 ap:0.9529 f1: 0.8704 pred_right: 38664 pred_wrong:336 actu_right: 38603 actu_wrong: 397
2026-07-26 16:11:47,283 P2629717 INFO pr:0.9817  rc:0.8295  auc:0.9882 ap:0.9695 f1: 0.8992 pred_right: 16391 pred_wrong:109 actu_right: 16371 actu_wrong: 129
2026-07-26 16:11:47,297 P2629717 INFO ----------------------------------------------------------------------------------------------------
2026-07-26 16:11:47,297 P2629717 INFO 8/300 starting... lr: 0.001 para:0.1111111119389534
2026-07-26 16:11:56,130 P2629717 INFO Epoch 8/300, all_loss:34.79002 cls_loss:48.38537 rec_loss:-73.97281 [8.83s]; best loss:-0.51364, patience : 1
2026-07-26 16:11:58,129 P2629717 INFO pr:0.9619  rc:0.5718  auc:0.9494 ap:0.9466 f1: 0.7172 pred_right: 38764 pred_wrong:236 actu_right: 38603 actu_wrong: 397
2026-07-26 16:11:58,992 P2629717 INFO pr:0.9474  rc:0.4186  auc:0.9843 ap:0.9658 f1: 0.5806 pred_right: 16443 pred_wrong:57 actu_right: 16371 actu_wrong: 129
2026-07-26 16:11:58,993 P2629717 INFO ----------------------------------------------------------------------------------------------------
2026-07-26 16:11:58,993 P2629717 INFO 9/300 starting... lr: 0.001 para:0.10000000149011612
2026-07-26 16:12:08,167 P2629717 INFO Epoch 9/300, all_loss:52.97621 cls_loss:71.15970 rec_loss:-110.67514 [9.17s]; best loss:-0.51364, patience : 2
2026-07-26 16:12:09,924 P2629717 INFO pr:0.9245  rc:0.8965  auc:0.9575 ap:0.9527 f1: 0.9103 pred_right: 38616 pred_wrong:384 actu_right: 38604 actu_wrong: 396
2026-07-26 16:12:10,784 P2629717 INFO pr:0.8986  rc:0.9612  auc:0.9863 ap:0.9756 f1: 0.9288 pred_right: 16362 pred_wrong:138 actu_right: 16371 actu_wrong: 129
2026-07-26 16:12:10,795 P2629717 INFO ----------------------------------------------------------------------------------------------------
2026-07-26 16:12:10,795 P2629717 INFO 10/300 starting... lr: 0.001 para:0.09090909361839294
2026-07-26 16:12:20,053 P2629717 INFO Epoch 10/300, all_loss:17.30463 cls_loss:36.17701 rec_loss:-171.41911 [9.26s]; best loss:-0.51364, patience : 2
2026-07-26 16:12:21,949 P2629717 INFO pr:0.9346  rc:0.8640  auc:0.9438 ap:0.9348 f1: 0.8979 pred_right: 38633 pred_wrong:367 actu_right: 38603 actu_wrong: 397
2026-07-26 16:12:23,056 P2629717 INFO pr:0.9098  rc:0.9380  auc:0.9805 ap:0.9660 f1: 0.9237 pred_right: 16367 pred_wrong:133 actu_right: 16371 actu_wrong: 129
2026-07-26 16:12:23,057 P2629717 INFO ----------------------------------------------------------------------------------------------------
2026-07-26 16:12:23,058 P2629717 INFO 11/300 starting... lr: 0.001 para:0.0833333358168602
2026-07-26 16:12:30,952 P2629717 INFO Epoch 11/300, all_loss:248.28848 cls_loss:296.16638 rec_loss:-278.36847 [7.89s]; best loss:-0.51364, patience : 3
2026-07-26 16:12:32,362 P2629717 INFO pr:0.9553  rc:0.9144  auc:0.9671 ap:0.9554 f1: 0.9344 pred_right: 38620 pred_wrong:380 actu_right: 38603 actu_wrong: 397
2026-07-26 16:12:32,994 P2629717 INFO pr:0.8873  rc:0.9767  auc:0.9900 ap:0.9592 f1: 0.9299 pred_right: 16358 pred_wrong:142 actu_right: 16371 actu_wrong: 129
2026-07-26 16:12:33,005 P2629717 INFO ----------------------------------------------------------------------------------------------------
2026-07-26 16:12:33,005 P2629717 INFO 12/300 starting... lr: 0.001 para:0.07692307978868484
2026-07-26 16:12:42,854 P2629717 INFO Epoch 12/300, all_loss:780.65472 cls_loss:880.46442 rec_loss:-417.06219 [9.85s]; best loss:-0.51364, patience : 4
2026-07-26 16:12:46,867 P2629717 INFO pr:0.9675  rc:0.8992  auc:0.9564 ap:0.9478 f1: 0.9321 pred_right: 38631 pred_wrong:369 actu_right: 38603 actu_wrong: 397
2026-07-26 16:12:48,666 P2629717 INFO pr:0.9470  rc:0.9690  auc:0.9863 ap:0.9690 f1: 0.9579 pred_right: 16368 pred_wrong:132 actu_right: 16371 actu_wrong: 129
2026-07-26 16:12:48,667 P2629717 INFO ----------------------------------------------------------------------------------------------------
2026-07-26 16:12:48,667 P2629717 INFO 13/300 starting... lr: 0.001 para:0.0714285746216774
2026-07-26 16:13:03,110 P2629717 INFO Epoch 13/300, all_loss:1107.54761 cls_loss:1243.29504 rec_loss:-657.16919 [14.44s]; best loss:-0.51364, patience : 5
2026-07-26 16:13:05,234 P2629717 INFO pr:0.9735  rc:0.8333  auc:0.9399 ap:0.9396 f1: 0.8980 pred_right: 38661 pred_wrong:339 actu_right: 38604 actu_wrong: 396
2026-07-26 16:13:06,199 P2629717 INFO pr:0.9750  rc:0.9070  auc:0.9883 ap:0.9780 f1: 0.9398 pred_right: 16380 pred_wrong:120 actu_right: 16371 actu_wrong: 129
2026-07-26 16:13:06,199 P2629717 INFO ----------------------------------------------------------------------------------------------------
2026-07-26 16:13:06,200 P2629717 INFO 14/300 starting... lr: 0.001 para:0.06666667014360428
2026-07-26 16:13:14,998 P2629717 INFO Epoch 14/300, all_loss:2706.91138 cls_loss:2971.51001 rec_loss:-997.46906 [8.80s]; best loss:-0.51364, patience : 6
2026-07-26 16:13:16,579 P2629717 INFO pr:0.9545  rc:0.8992  auc:0.9545 ap:0.9391 f1: 0.9261 pred_right: 38626 pred_wrong:374 actu_right: 38603 actu_wrong: 397
2026-07-26 16:13:17,341 P2629717 INFO pr:0.9328  rc:0.9690  auc:0.9842 ap:0.9460 f1: 0.9506 pred_right: 16366 pred_wrong:134 actu_right: 16371 actu_wrong: 129
2026-07-26 16:13:17,342 P2629717 INFO ----------------------------------------------------------------------------------------------------
2026-07-26 16:13:17,342 P2629717 INFO 15/300 starting... lr: 0.001 para:0.0625
2026-07-26 16:13:26,442 P2629717 INFO Epoch 15/300, all_loss:1523.98352 cls_loss:1723.33057 rec_loss:-1466.22083 [9.10s]; best loss:-0.51364, patience : 6
2026-07-26 16:13:28,282 P2629717 INFO pr:0.9675  rc:0.8992  auc:0.9514 ap:0.9386 f1: 0.9321 pred_right: 38631 pred_wrong:369 actu_right: 38603 actu_wrong: 397
2026-07-26 16:13:28,991 P2629717 INFO pr:0.9191  rc:0.9690  auc:0.9843 ap:0.9520 f1: 0.9434 pred_right: 16364 pred_wrong:136 actu_right: 16371 actu_wrong: 129
2026-07-26 16:13:28,992 P2629717 INFO ----------------------------------------------------------------------------------------------------
2026-07-26 16:13:28,992 P2629717 INFO 16/300 starting... lr: 0.001 para:0.05882352963089943
2026-07-26 16:13:37,877 P2629717 INFO Epoch 16/300, all_loss:2698.79858 cls_loss:2995.36768 rec_loss:-2046.30713 [8.88s]; best loss:-0.51364, patience : 7
2026-07-26 16:13:39,667 P2629717 INFO pr:0.9919  rc:0.3106  auc:0.8156 ap:0.9364 f1: 0.4731 pred_right: 38876 pred_wrong:124 actu_right: 38604 actu_wrong: 396
2026-07-26 16:13:40,462 P2629717 INFO pr:0.9412  rc:0.2481  auc:0.8196 ap:0.9564 f1: 0.3926 pred_right: 16466 pred_wrong:34 actu_right: 16371 actu_wrong: 129
2026-07-26 16:13:40,462 P2629717 INFO ----------------------------------------------------------------------------------------------------
2026-07-26 16:13:40,462 P2629717 INFO 17/300 starting... lr: 0.001 para:0.0555555559694767
2026-07-26 16:13:49,250 P2629717 INFO Epoch 17/300, all_loss:4860.30713 cls_loss:5299.82373 rec_loss:-2611.46851 [8.79s]; best loss:-0.51364, patience : 8
2026-07-26 16:13:51,125 P2629717 INFO pr:0.9932  rc:0.3652  auc:0.9514 ap:0.9460 f1: 0.5341 pred_right: 38854 pred_wrong:146 actu_right: 38603 actu_wrong: 397
2026-07-26 16:13:51,899 P2629717 INFO pr:0.8889  rc:0.3101  auc:0.9861 ap:0.9544 f1: 0.4598 pred_right: 16455 pred_wrong:45 actu_right: 16371 actu_wrong: 129
2026-07-26 16:13:51,900 P2629717 INFO ----------------------------------------------------------------------------------------------------
2026-07-26 16:13:51,900 P2629717 INFO 18/300 starting... lr: 0.001 para:0.05263157933950424
2026-07-26 16:14:00,596 P2629717 INFO Epoch 18/300, all_loss:3718.95825 cls_loss:4099.14600 rec_loss:-3124.42993 [8.70s]; best loss:-0.51364, patience : 8
2026-07-26 16:14:02,435 P2629717 INFO pr:0.9579  rc:0.2292  auc:0.7996 ap:0.9359 f1: 0.3699 pred_right: 38905 pred_wrong:95 actu_right: 38603 actu_wrong: 397
2026-07-26 16:14:03,243 P2629717 INFO pr:1.0000  rc:0.1085  auc:0.7981 ap:0.9289 f1: 0.1958 pred_right: 16486 pred_wrong:14 actu_right: 16371 actu_wrong: 129
2026-07-26 16:14:03,244 P2629717 INFO ----------------------------------------------------------------------------------------------------
2026-07-26 16:14:03,244 P2629717 INFO 19/300 starting... lr: 0.001 para:0.05000000074505806
2026-07-26 16:14:11,984 P2629717 INFO Epoch 19/300, all_loss:3920.86865 cls_loss:4319.23535 rec_loss:-3648.09741 [8.74s]; best loss:-0.51364, patience : 9
2026-07-26 16:14:13,940 P2629717 INFO pr:1.0000  rc:0.0453  auc:0.5850 ap:0.6298 f1: 0.0867 pred_right: 38982 pred_wrong:18 actu_right: 38603 actu_wrong: 397
2026-07-26 16:14:14,928 P2629717 INFO pr:1.0000  rc:0.0388  auc:0.5640 ap:0.6002 f1: 0.0746 pred_right: 16495 pred_wrong:5 actu_right: 16371 actu_wrong: 129
2026-07-26 16:14:14,929 P2629717 INFO ----------------------------------------------------------------------------------------------------
2026-07-26 16:14:14,929 P2629717 INFO 20/300 starting... lr: 0.001 para:0.0476190485060215
2026-07-26 16:14:25,193 P2629717 INFO Epoch 20/300, all_loss:2193.32422 cls_loss:2514.54956 rec_loss:-4231.19043 [10.26s]; best loss:-0.51364, patience : 9
2026-07-26 16:14:26,400 P2629717 INFO pr:0.0000  rc:0.0000  auc:0.7751 ap:0.9468 f1: 0.0000 pred_right: 39000 pred_wrong: 0  actu_right: 38603 actu_wrong: 397
2026-07-26 16:14:26,957 P2629717 INFO pr:0.0000  rc:0.0000  auc:0.7692 ap:0.9551 f1: 0.0000 pred_right: 16500 pred_wrong: 0  actu_right: 16371 actu_wrong: 129
2026-07-26 16:14:26,958 P2629717 INFO ----------------------------------------------------------------------------------------------------
2026-07-26 16:14:26,958 P2629717 INFO 21/300 starting... lr: 0.001 para:0.04545454680919647
2026-07-26 16:14:34,321 P2629717 INFO Epoch 21/300, all_loss:492.31836 cls_loss:736.84381 rec_loss:-4642.71533 [7.36s]; best loss:-0.51364, patience : 9
2026-07-26 16:14:35,939 P2629717 INFO pr:0.0000  rc:0.0000  auc:0.7575 ap:0.9468 f1: 0.0000 pred_right: 39000 pred_wrong: 0  actu_right: 38604 actu_wrong: 396
2026-07-26 16:14:36,593 P2629717 INFO pr:0.0000  rc:0.0000  auc:0.7577 ap:0.9767 f1: 0.0000 pred_right: 16500 pred_wrong: 0  actu_right: 16371 actu_wrong: 129
2026-07-26 16:14:36,594 P2629717 INFO ----------------------------------------------------------------------------------------------------
2026-07-26 16:14:36,594 P2629717 INFO 22/300 starting... lr: 0.001 para:0.043478261679410934
2026-07-26 16:14:54,491 P2629717 INFO Epoch 22/300, all_loss:211.37671 cls_loss:453.36719 rec_loss:-5112.41406 [17.90s]; best loss:-0.51364, patience : 9
2026-07-26 16:14:57,021 P2629717 INFO pr:0.0000  rc:0.0000  auc:0.7304 ap:0.9437 f1: 0.0000 pred_right: 39000 pred_wrong: 0  actu_right: 38603 actu_wrong: 397
2026-07-26 16:14:57,927 P2629717 INFO pr:0.0000  rc:0.0000  auc:0.7441 ap:0.9771 f1: 0.0000 pred_right: 16500 pred_wrong: 0  actu_right: 16371 actu_wrong: 129
2026-07-26 16:14:57,928 P2629717 INFO ----------------------------------------------------------------------------------------------------
2026-07-26 16:14:57,928 P2629717 INFO 23/300 starting... lr: 0.001 para:0.0416666679084301
2026-07-26 16:15:07,010 P2629717 INFO Epoch 23/300, all_loss:263.49197 cls_loss:522.32556 rec_loss:-5689.67920 [9.08s]; best loss:-0.51364, patience : 10
2026-07-26 16:15:08,911 P2629717 INFO pr:0.0000  rc:0.0000  auc:0.9678 ap:0.9668 f1: 0.0000 pred_right: 39000 pred_wrong: 0  actu_right: 38603 actu_wrong: 397
2026-07-26 16:15:09,798 P2629717 INFO pr:0.0000  rc:0.0000  auc:0.9902 ap:0.9788 f1: 0.0000 pred_right: 16500 pred_wrong: 0  actu_right: 16371 actu_wrong: 129
2026-07-26 16:15:09,798 P2629717 INFO ----------------------------------------------------------------------------------------------------
2026-07-26 16:15:09,799 P2629717 INFO 24/300 starting... lr: 0.001 para:0.03999999910593033
2026-07-26 16:15:17,843 P2629717 INFO Epoch 24/300, all_loss:-52.79540 cls_loss:202.66716 rec_loss:-6183.89648 [8.03s]; best loss:-52.79540, patience : 0
2026-07-26 16:15:19,548 P2629717 INFO pr:0.0000  rc:0.0000  auc:0.7254 ap:0.9092 f1: 0.0000 pred_right: 39000 pred_wrong: 0  actu_right: 38603 actu_wrong: 397
2026-07-26 16:15:20,335 P2629717 INFO pr:0.0000  rc:0.0000  auc:0.7480 ap:0.9647 f1: 0.0000 pred_right: 16500 pred_wrong: 0  actu_right: 16371 actu_wrong: 129
2026-07-26 16:15:20,336 P2629717 INFO ----------------------------------------------------------------------------------------------------
2026-07-26 16:15:20,336 P2629717 INFO 25/300 starting... lr: 0.001 para:0.03846153989434242
2026-07-26 16:15:28,926 P2629717 INFO Epoch 25/300, all_loss:310.09915 cls_loss:593.26044 rec_loss:-6768.93262 [8.59s]; best loss:-52.79540, patience : 1
2026-07-26 16:15:30,916 P2629717 INFO pr:0.0000  rc:0.0000  auc:0.8180 ap:0.9493 f1: 0.0000 pred_right: 39000 pred_wrong: 0  actu_right: 38603 actu_wrong: 397
2026-07-26 16:15:31,751 P2629717 INFO pr:0.0000  rc:0.0000  auc:0.8139 ap:0.9777 f1: 0.0000 pred_right: 16500 pred_wrong: 0  actu_right: 16371 actu_wrong: 129
2026-07-26 16:15:31,751 P2629717 INFO ----------------------------------------------------------------------------------------------------
2026-07-26 16:15:31,751 P2629717 INFO 26/300 starting... lr: 0.001 para:0.03703703731298447
2026-07-26 16:15:40,453 P2629717 INFO Epoch 26/300, all_loss:300.15451 cls_loss:596.40973 rec_loss:-7402.48145 [8.70s]; best loss:-52.79540, patience : 1
2026-07-26 16:15:42,350 P2629717 INFO pr:0.0000  rc:0.0000  auc:0.9589 ap:0.9498 f1: 0.0000 pred_right: 39000 pred_wrong: 0  actu_right: 38604 actu_wrong: 396
2026-07-26 16:15:43,113 P2629717 INFO pr:0.0000  rc:0.0000  auc:0.9902 ap:0.9847 f1: 0.0000 pred_right: 16500 pred_wrong: 0  actu_right: 16371 actu_wrong: 129
2026-07-26 16:15:43,113 P2629717 INFO ----------------------------------------------------------------------------------------------------
2026-07-26 16:15:43,113 P2629717 INFO 27/300 starting... lr: 0.001 para:0.0357142873108387
2026-07-26 16:15:51,571 P2629717 INFO Epoch 27/300, all_loss:111.02364 cls_loss:410.84085 rec_loss:-7984.04102 [8.46s]; best loss:-52.79540, patience : 1
2026-07-26 16:15:53,224 P2629717 INFO pr:0.0000  rc:0.0000  auc:0.5151 ap:0.5299 f1: 0.0000 pred_right: 39000 pred_wrong: 0  actu_right: 38603 actu_wrong: 397
2026-07-26 16:15:54,107 P2629717 INFO pr:0.0000  rc:0.0000  auc:0.5136 ap:0.5269 f1: 0.0000 pred_right: 16500 pred_wrong: 0  actu_right: 16371 actu_wrong: 129
2026-07-26 16:15:54,108 P2629717 INFO ----------------------------------------------------------------------------------------------------
2026-07-26 16:15:54,108 P2629717 INFO 28/300 starting... lr: 0.001 para:0.03448275849223137
2026-07-26 16:16:02,976 P2629717 INFO Epoch 28/300, all_loss:-73.95457 cls_loss:227.83656 rec_loss:-8524.10449 [8.86s]; best loss:-73.95457, patience : 0
2026-07-26 16:16:04,835 P2629717 INFO pr:0.0000  rc:0.0000  auc:0.5409 ap:0.5797 f1: 0.0000 pred_right: 39000 pred_wrong: 0  actu_right: 38603 actu_wrong: 397
2026-07-26 16:16:05,624 P2629717 INFO pr:0.0000  rc:0.0000  auc:0.5291 ap:0.5577 f1: 0.0000 pred_right: 16500 pred_wrong: 0  actu_right: 16371 actu_wrong: 129
2026-07-26 16:16:05,624 P2629717 INFO ----------------------------------------------------------------------------------------------------
2026-07-26 16:16:05,624 P2629717 INFO 29/300 starting... lr: 0.001 para:0.03333333507180214
2026-07-26 16:16:14,252 P2629717 INFO Epoch 29/300, all_loss:129.48155 cls_loss:446.65204 rec_loss:-9068.46191 [8.63s]; best loss:-73.95457, patience : 1
2026-07-26 16:16:15,962 P2629717 INFO pr:0.0000  rc:0.0000  auc:0.7128 ap:0.9145 f1: 0.0000 pred_right: 39000 pred_wrong: 0  actu_right: 38603 actu_wrong: 397
2026-07-26 16:16:16,910 P2629717 INFO pr:0.0000  rc:0.0000  auc:0.7383 ap:0.9681 f1: 0.0000 pred_right: 16500 pred_wrong: 0  actu_right: 16371 actu_wrong: 129
2026-07-26 16:16:16,911 P2629717 INFO ----------------------------------------------------------------------------------------------------
2026-07-26 16:16:16,911 P2629717 INFO 30/300 starting... lr: 0.001 para:0.032258063554763794
2026-07-26 16:16:27,301 P2629717 INFO Epoch 30/300, all_loss:190.08813 cls_loss:518.64038 rec_loss:-9666.48047 [10.39s]; best loss:-73.95457, patience : 2
2026-07-26 16:16:28,556 P2629717 INFO pr:0.0000  rc:0.0000  auc:0.7392 ap:0.9489 f1: 0.0000 pred_right: 39000 pred_wrong: 0  actu_right: 38603 actu_wrong: 397
2026-07-26 16:16:29,115 P2629717 INFO pr:0.0000  rc:0.0000  auc:0.7499 ap:0.9747 f1: 0.0000 pred_right: 16500 pred_wrong: 0  actu_right: 16371 actu_wrong: 129
2026-07-26 16:16:29,115 P2629717 INFO ----------------------------------------------------------------------------------------------------
2026-07-26 16:16:29,115 P2629717 INFO 31/300 starting... lr: 0.001 para:0.03125
2026-07-26 16:16:36,524 P2629717 INFO Epoch 31/300, all_loss:-16.32476 cls_loss:310.17487 rec_loss:-10137.81152 [7.41s]; best loss:-73.95457, patience : 2
2026-07-26 16:16:38,241 P2629717 INFO pr:0.0000  rc:0.0000  auc:0.5630 ap:0.6238 f1: 0.0000 pred_right: 39000 pred_wrong: 0  actu_right: 38603 actu_wrong: 397
2026-07-26 16:16:38,969 P2629717 INFO pr:0.0000  rc:0.0000  auc:0.5465 ap:0.5923 f1: 0.0000 pred_right: 16500 pred_wrong: 0  actu_right: 16371 actu_wrong: 129
2026-07-26 16:16:38,970 P2629717 INFO ----------------------------------------------------------------------------------------------------
2026-07-26 16:16:38,970 P2629717 INFO 32/300 starting... lr: 0.001 para:0.03030303120613098
2026-07-26 16:16:57,023 P2629717 INFO Epoch 32/300, all_loss:170.69188 cls_loss:513.15277 rec_loss:-10788.05566 [18.05s]; best loss:-73.95457, patience : 3
2026-07-26 16:16:59,803 P2629717 INFO pr:0.0000  rc:0.0000  auc:0.7304 ap:0.9461 f1: 0.0000 pred_right: 39000 pred_wrong: 0  actu_right: 38603 actu_wrong: 397
2026-07-26 16:17:00,699 P2629717 INFO pr:0.0000  rc:0.0000  auc:0.7441 ap:0.9700 f1: 0.0000 pred_right: 16500 pred_wrong: 0  actu_right: 16371 actu_wrong: 129
2026-07-26 16:17:00,700 P2629717 INFO ----------------------------------------------------------------------------------------------------
2026-07-26 16:17:00,700 P2629717 INFO 33/300 starting... lr: 0.001 para:0.029411764815449715
2026-07-26 16:17:09,548 P2629717 INFO Epoch 33/300, all_loss:74.55954 cls_loss:424.79712 rec_loss:-11483.28027 [8.85s]; best loss:-73.95457, patience : 3
2026-07-26 16:17:11,490 P2629717 INFO pr:0.0000  rc:0.0000  auc:0.5669 ap:0.6282 f1: 0.0000 pred_right: 39000 pred_wrong: 0  actu_right: 38604 actu_wrong: 396
2026-07-26 16:17:12,465 P2629717 INFO pr:0.0000  rc:0.0000  auc:0.5543 ap:0.6077 f1: 0.0000 pred_right: 16500 pred_wrong: 0  actu_right: 16371 actu_wrong: 129
2026-07-26 16:17:12,466 P2629717 INFO ----------------------------------------------------------------------------------------------------
2026-07-26 16:17:12,466 P2629717 INFO 34/300 starting... lr: 0.001 para:0.02857142873108387
2026-07-26 16:17:21,336 P2629717 INFO Epoch 34/300, all_loss:313.96338 cls_loss:686.08844 rec_loss:-12338.28809 [8.87s]; best loss:-73.95457, patience : 4
2026-07-26 16:17:23,153 P2629717 INFO pr:0.0000  rc:0.0000  auc:0.5000 ap:0.5000 f1: 0.0000 pred_right: 39000 pred_wrong: 0  actu_right: 38603 actu_wrong: 397
2026-07-26 16:17:24,038 P2629717 INFO pr:0.0000  rc:0.0000  auc:0.5000 ap:0.5000 f1: 0.0000 pred_right: 16500 pred_wrong: 0  actu_right: 16371 actu_wrong: 129
2026-07-26 16:17:24,039 P2629717 INFO ----------------------------------------------------------------------------------------------------
2026-07-26 16:17:24,039 P2629717 INFO 35/300 starting... lr: 0.001 para:0.02777777798473835
2026-07-26 16:17:32,835 P2629717 INFO Epoch 35/300, all_loss:238.67415 cls_loss:620.26123 rec_loss:-13116.87207 [8.80s]; best loss:-73.95457, patience : 4
2026-07-26 16:17:34,669 P2629717 INFO pr:0.0000  rc:0.0000  auc:0.5000 ap:0.5000 f1: 0.0000 pred_right: 39000 pred_wrong: 0  actu_right: 38603 actu_wrong: 397
2026-07-26 16:17:35,428 P2629717 INFO pr:0.0000  rc:0.0000  auc:0.5000 ap:0.5000 f1: 0.0000 pred_right: 16500 pred_wrong: 0  actu_right: 16371 actu_wrong: 129
2026-07-26 16:17:35,429 P2629717 INFO ----------------------------------------------------------------------------------------------------
2026-07-26 16:17:35,429 P2629717 INFO 36/300 starting... lr: 0.001 para:0.027027027681469917
2026-07-26 16:17:44,102 P2629717 INFO Epoch 36/300, all_loss:506.80923 cls_loss:904.70844 rec_loss:-13817.56445 [8.67s]; best loss:-73.95457, patience : 5
2026-07-26 16:17:46,158 P2629717 INFO pr:0.0000  rc:0.0000  auc:0.6952 ap:0.8775 f1: 0.0000 pred_right: 39000 pred_wrong: 0  actu_right: 38603 actu_wrong: 397
2026-07-26 16:17:47,116 P2629717 INFO pr:0.0000  rc:0.0000  auc:0.6996 ap:0.8961 f1: 0.0000 pred_right: 16500 pred_wrong: 0  actu_right: 16371 actu_wrong: 129
2026-07-26 16:17:47,117 P2629717 INFO ----------------------------------------------------------------------------------------------------
2026-07-26 16:17:47,117 P2629717 INFO 37/300 starting... lr: 0.001 para:0.02631578966975212
2026-07-26 16:17:56,079 P2629717 INFO Epoch 37/300, all_loss:66.24677 cls_loss:461.56366 rec_loss:-14560.47754 [8.96s]; best loss:-73.95457, patience : 5
2026-07-26 16:17:58,058 P2629717 INFO pr:0.0000  rc:0.0000  auc:0.5000 ap:0.5000 f1: 0.0000 pred_right: 39000 pred_wrong: 0  actu_right: 38603 actu_wrong: 397
2026-07-26 16:17:58,762 P2629717 INFO pr:0.0000  rc:0.0000  auc:0.5000 ap:0.5000 f1: 0.0000 pred_right: 16500 pred_wrong: 0  actu_right: 16371 actu_wrong: 129
2026-07-26 16:17:58,762 P2629717 INFO ----------------------------------------------------------------------------------------------------
2026-07-26 16:17:58,762 P2629717 INFO 38/300 starting... lr: 0.001 para:0.025641025975346565
2026-07-26 16:18:07,494 P2629717 INFO Epoch 38/300, all_loss:1212.71313 cls_loss:1648.14172 rec_loss:-15333.58203 [8.73s]; best loss:-73.95457, patience : 6
2026-07-26 16:18:09,240 P2629717 INFO pr:0.0000  rc:0.0000  auc:0.5000 ap:0.5000 f1: 0.0000 pred_right: 39000 pred_wrong: 0  actu_right: 38604 actu_wrong: 396
2026-07-26 16:18:10,106 P2629717 INFO pr:0.0000  rc:0.0000  auc:0.5000 ap:0.5000 f1: 0.0000 pred_right: 16500 pred_wrong: 0  actu_right: 16371 actu_wrong: 129
2026-07-26 16:18:10,107 P2629717 INFO ----------------------------------------------------------------------------------------------------
2026-07-26 16:18:10,107 P2629717 INFO 39/300 starting... lr: 0.001 para:0.02500000037252903
2026-07-26 16:18:19,044 P2629717 INFO Epoch 39/300, all_loss:225.46313 cls_loss:645.55981 rec_loss:-16158.30566 [8.94s]; best loss:-73.95457, patience : 6
2026-07-26 16:18:20,862 P2629717 INFO pr:0.0000  rc:0.0000  auc:0.5000 ap:0.5000 f1: 0.0000 pred_right: 39000 pred_wrong: 0  actu_right: 38603 actu_wrong: 397
2026-07-26 16:18:21,622 P2629717 INFO pr:0.0000  rc:0.0000  auc:0.5000 ap:0.5000 f1: 0.0000 pred_right: 16500 pred_wrong: 0  actu_right: 16371 actu_wrong: 129
2026-07-26 16:18:21,623 P2629717 INFO ----------------------------------------------------------------------------------------------------
2026-07-26 16:18:21,623 P2629717 INFO 40/300 starting... lr: 0.001 para:0.024390242993831635
2026-07-26 16:18:31,736 P2629717 INFO Epoch 40/300, all_loss:825.95081 cls_loss:1271.99170 rec_loss:-17015.68164 [10.11s]; best loss:-73.95457, patience : 7
2026-07-26 16:18:33,084 P2629717 INFO pr:0.9705  rc:0.9141  auc:0.9469 ap:0.9470 f1: 0.9415 pred_right: 38627 pred_wrong:373 actu_right: 38604 actu_wrong: 396
2026-07-26 16:18:33,614 P2629717 INFO pr:0.9692  rc:0.9767  auc:0.9768 ap:0.9665 f1: 0.9730 pred_right: 16370 pred_wrong:130 actu_right: 16371 actu_wrong: 129
2026-07-26 16:18:33,623 P2629717 INFO ----------------------------------------------------------------------------------------------------
2026-07-26 16:18:33,623 P2629717 INFO 41/300 starting... lr: 0.001 para:0.02380952425301075
2026-07-26 16:18:41,109 P2629717 INFO Epoch 41/300, all_loss:382.52603 cls_loss:824.04492 rec_loss:-17719.74609 [7.49s]; best loss:-73.95457, patience : 7
2026-07-26 16:18:42,581 P2629717 INFO pr:0.0102  rc:1.0000  auc:0.4893 ap:0.5000 f1: 0.0202 pred_right: 0 pred_wrong:39000 actu_right: 38603 actu_wrong: 397
2026-07-26 16:18:43,173 P2629717 INFO pr:0.0078  rc:1.0000  auc:0.4826 ap:0.5000 f1: 0.0155 pred_right: 0 pred_wrong:16500 actu_right: 16371 actu_wrong: 129
2026-07-26 16:18:43,174 P2629717 INFO ----------------------------------------------------------------------------------------------------
2026-07-26 16:18:43,174 P2629717 INFO 42/300 starting... lr: 0.001 para:0.023255813866853714
2026-07-26 16:19:01,734 P2629717 INFO Epoch 42/300, all_loss:365.30133 cls_loss:814.34924 rec_loss:-18494.71484 [18.56s]; best loss:-73.95457, patience : 7
2026-07-26 16:19:03,942 P2629717 INFO pr:0.0000  rc:0.0000  auc:0.5000 ap:0.5000 f1: 0.0000 pred_right: 39000 pred_wrong: 0  actu_right: 38603 actu_wrong: 397
2026-07-26 16:19:04,766 P2629717 INFO pr:0.0000  rc:0.0000  auc:0.5097 ap:0.5192 f1: 0.0000 pred_right: 16500 pred_wrong: 0  actu_right: 16371 actu_wrong: 129
2026-07-26 16:19:04,767 P2629717 INFO ----------------------------------------------------------------------------------------------------
2026-07-26 16:19:04,767 P2629717 INFO 43/300 starting... lr: 0.001 para:0.022727273404598236
2026-07-26 16:19:13,884 P2629717 INFO Epoch 43/300, all_loss:452.53415 cls_loss:912.54547 rec_loss:-19327.95117 [9.12s]; best loss:-73.95457, patience : 8
2026-07-26 16:19:15,680 P2629717 INFO pr:0.0000  rc:0.0000  auc:0.5892 ap:0.6746 f1: 0.0000 pred_right: 39000 pred_wrong: 0  actu_right: 38605 actu_wrong: 395
2026-07-26 16:19:16,494 P2629717 INFO pr:0.0000  rc:0.0000  auc:0.5775 ap:0.6532 f1: 0.0000 pred_right: 16500 pred_wrong: 0  actu_right: 16371 actu_wrong: 129
2026-07-26 16:19:16,494 P2629717 INFO ----------------------------------------------------------------------------------------------------
2026-07-26 16:19:16,494 P2629717 INFO 44/300 starting... lr: 0.001 para:0.02222222276031971
2026-07-26 16:19:25,321 P2629717 INFO Epoch 44/300, all_loss:192.51979 cls_loss:660.78607 rec_loss:-20411.19336 [8.83s]; best loss:-73.95457, patience : 8
2026-07-26 16:19:27,185 P2629717 INFO pr:0.0000  rc:0.0000  auc:0.7260 ap:0.9354 f1: 0.0000 pred_right: 39000 pred_wrong: 0  actu_right: 38603 actu_wrong: 397
2026-07-26 16:19:27,993 P2629717 INFO pr:0.0000  rc:0.0000  auc:0.7442 ap:0.9838 f1: 0.0000 pred_right: 16500 pred_wrong: 0  actu_right: 16371 actu_wrong: 129
2026-07-26 16:19:27,993 P2629717 INFO ----------------------------------------------------------------------------------------------------
2026-07-26 16:19:27,993 P2629717 INFO 45/300 starting... lr: 0.001 para:0.021739130839705467
2026-07-26 16:19:36,544 P2629717 INFO Epoch 45/300, all_loss:-172.57486 cls_loss:301.86996 rec_loss:-21522.59375 [8.54s]; best loss:-172.57486, patience : 0
2026-07-26 16:19:38,229 P2629717 INFO pr:0.0000  rc:0.0000  auc:0.9618 ap:0.9447 f1: 0.0000 pred_right: 39000 pred_wrong: 0  actu_right: 38603 actu_wrong: 397
2026-07-26 16:19:39,212 P2629717 INFO pr:0.0000  rc:0.0000  auc:0.9862 ap:0.9754 f1: 0.0000 pred_right: 16500 pred_wrong: 0  actu_right: 16371 actu_wrong: 129
2026-07-26 16:19:39,213 P2629717 INFO ----------------------------------------------------------------------------------------------------
2026-07-26 16:19:39,220 P2629717 INFO 46/300 starting... lr: 0.001 para:0.021276595070958138
2026-07-26 16:19:47,662 P2629717 INFO Epoch 46/300, all_loss:41.18587 cls_loss:536.03857 rec_loss:-22722.03516 [8.44s]; best loss:-172.57486, patience : 1
2026-07-26 16:19:49,581 P2629717 INFO pr:0.0000  rc:0.0000  auc:0.5000 ap:0.5000 f1: 0.0000 pred_right: 39000 pred_wrong: 0  actu_right: 38603 actu_wrong: 397
2026-07-26 16:19:50,410 P2629717 INFO pr:0.0000  rc:0.0000  auc:0.5000 ap:0.5000 f1: 0.0000 pred_right: 16500 pred_wrong: 0  actu_right: 16371 actu_wrong: 129
2026-07-26 16:19:50,411 P2629717 INFO ----------------------------------------------------------------------------------------------------
2026-07-26 16:19:50,411 P2629717 INFO 47/300 starting... lr: 0.001 para:0.02083333395421505
2026-07-26 16:19:59,332 P2629717 INFO Epoch 47/300, all_loss:297.42636 cls_loss:809.10779 rec_loss:-23751.60352 [8.92s]; best loss:-172.57486, patience : 2
2026-07-26 16:20:01,292 P2629717 INFO pr:0.0000  rc:0.0000  auc:0.5000 ap:0.5000 f1: 0.0000 pred_right: 39000 pred_wrong: 0  actu_right: 38603 actu_wrong: 397
2026-07-26 16:20:02,149 P2629717 INFO pr:0.0000  rc:0.0000  auc:0.5000 ap:0.5000 f1: 0.0000 pred_right: 16500 pred_wrong: 0  actu_right: 16371 actu_wrong: 129
2026-07-26 16:20:02,150 P2629717 INFO ----------------------------------------------------------------------------------------------------
2026-07-26 16:20:02,150 P2629717 INFO 48/300 starting... lr: 0.001 para:0.020408162847161293
2026-07-26 16:20:10,937 P2629717 INFO Epoch 48/300, all_loss:643.58148 cls_loss:1172.48279 rec_loss:-24743.67969 [8.79s]; best loss:-172.57486, patience : 3
2026-07-26 16:20:12,782 P2629717 INFO pr:0.0000  rc:0.0000  auc:0.5000 ap:0.5000 f1: 0.0000 pred_right: 39000 pred_wrong: 0  actu_right: 38604 actu_wrong: 396
2026-07-26 16:20:13,634 P2629717 INFO pr:0.0000  rc:0.0000  auc:0.5000 ap:0.5000 f1: 0.0000 pred_right: 16500 pred_wrong: 0  actu_right: 16371 actu_wrong: 129
2026-07-26 16:20:13,635 P2629717 INFO ----------------------------------------------------------------------------------------------------
2026-07-26 16:20:13,635 P2629717 INFO 49/300 starting... lr: 0.001 para:0.019999999552965164
2026-07-26 16:20:22,817 P2629717 INFO Epoch 49/300, all_loss:612.48285 cls_loss:1147.94409 rec_loss:-25625.12109 [9.18s]; best loss:-172.57486, patience : 3
2026-07-26 16:20:24,811 P2629717 INFO pr:0.0000  rc:0.0000  auc:0.5000 ap:0.5000 f1: 0.0000 pred_right: 39000 pred_wrong: 0  actu_right: 38603 actu_wrong: 397
2026-07-26 16:20:25,671 P2629717 INFO pr:0.0000  rc:0.0000  auc:0.5000 ap:0.5000 f1: 0.0000 pred_right: 16500 pred_wrong: 0  actu_right: 16371 actu_wrong: 129
2026-07-26 16:20:25,671 P2629717 INFO ----------------------------------------------------------------------------------------------------
2026-07-26 16:20:25,671 P2629717 INFO 50/300 starting... lr: 0.001 para:0.019607843831181526
2026-07-26 16:20:35,849 P2629717 INFO Epoch 50/300, all_loss:451.94461 cls_loss:996.44342 rec_loss:-26772.99023 [10.18s]; best loss:-172.57486, patience : 3
2026-07-26 16:20:37,145 P2629717 INFO pr:0.0000  rc:0.0000  auc:0.5000 ap:0.5000 f1: 0.0000 pred_right: 39000 pred_wrong: 0  actu_right: 38604 actu_wrong: 396
2026-07-26 16:20:37,696 P2629717 INFO pr:0.0000  rc:0.0000  auc:0.5000 ap:0.5000 f1: 0.0000 pred_right: 16500 pred_wrong: 0  actu_right: 16371 actu_wrong: 129
2026-07-26 16:20:37,697 P2629717 INFO ----------------------------------------------------------------------------------------------------
2026-07-26 16:20:37,697 P2629717 INFO 51/300 starting... lr: 0.001 para:0.01923076994717121
2026-07-26 16:20:45,009 P2629717 INFO Epoch 51/300, all_loss:487.83765 cls_loss:1044.38354 rec_loss:-27896.00391 [7.31s]; best loss:-172.57486, patience : 4
2026-07-26 16:20:46,714 P2629717 INFO pr:0.0000  rc:0.0000  auc:0.5000 ap:0.5000 f1: 0.0000 pred_right: 39000 pred_wrong: 0  actu_right: 38603 actu_wrong: 397
2026-07-26 16:20:47,333 P2629717 INFO pr:0.0000  rc:0.0000  auc:0.5000 ap:0.5000 f1: 0.0000 pred_right: 16500 pred_wrong: 0  actu_right: 16371 actu_wrong: 129
2026-07-26 16:20:47,333 P2629717 INFO ----------------------------------------------------------------------------------------------------
2026-07-26 16:20:47,334 P2629717 INFO 52/300 starting... lr: 0.001 para:0.01886792480945587
2026-07-26 16:21:04,983 P2629717 INFO Epoch 52/300, all_loss:115.14832 cls_loss:672.12994 rec_loss:-28847.90039 [17.65s]; best loss:-172.57486, patience : 4
2026-07-26 16:21:07,284 P2629717 INFO pr:0.0000  rc:0.0000  auc:0.5000 ap:0.5000 f1: 0.0000 pred_right: 39000 pred_wrong: 0  actu_right: 38603 actu_wrong: 397
2026-07-26 16:21:08,212 P2629717 INFO pr:0.0000  rc:0.0000  auc:0.5000 ap:0.5000 f1: 0.0000 pred_right: 16500 pred_wrong: 0  actu_right: 16371 actu_wrong: 129
2026-07-26 16:21:08,212 P2629717 INFO ----------------------------------------------------------------------------------------------------
2026-07-26 16:21:08,213 P2629717 INFO 53/300 starting... lr: 0.001 para:0.018518518656492233
2026-07-26 16:21:17,048 P2629717 INFO Epoch 53/300, all_loss:442.09006 cls_loss:1018.74542 rec_loss:-30120.64453 [8.83s]; best loss:-172.57486, patience : 5
2026-07-26 16:21:18,828 P2629717 INFO pr:0.0000  rc:0.0000  auc:0.5000 ap:0.5000 f1: 0.0000 pred_right: 39000 pred_wrong: 0  actu_right: 38603 actu_wrong: 397
2026-07-26 16:21:19,556 P2629717 INFO pr:0.0000  rc:0.0000  auc:0.5000 ap:0.5000 f1: 0.0000 pred_right: 16500 pred_wrong: 0  actu_right: 16371 actu_wrong: 129
2026-07-26 16:21:19,557 P2629717 INFO ----------------------------------------------------------------------------------------------------
2026-07-26 16:21:19,557 P2629717 INFO 54/300 starting... lr: 0.001 para:0.0181818176060915
2026-07-26 16:21:28,396 P2629717 INFO Epoch 54/300, all_loss:745.01068 cls_loss:1342.47437 rec_loss:-31518.03516 [8.84s]; best loss:-172.57486, patience : 6
2026-07-26 16:21:30,012 P2629717 INFO pr:0.0000  rc:0.0000  auc:0.5000 ap:0.5000 f1: 0.0000 pred_right: 39000 pred_wrong: 0  actu_right: 38603 actu_wrong: 397
2026-07-26 16:21:30,645 P2629717 INFO pr:0.0000  rc:0.0000  auc:0.5000 ap:0.5000 f1: 0.0000 pred_right: 16500 pred_wrong: 0  actu_right: 16371 actu_wrong: 129
2026-07-26 16:21:30,645 P2629717 INFO ----------------------------------------------------------------------------------------------------
2026-07-26 16:21:30,645 P2629717 INFO 55/300 starting... lr: 0.001 para:0.01785714365541935
2026-07-26 16:21:39,222 P2629717 INFO Epoch 55/300, all_loss:1229.61121 cls_loss:1848.61682 rec_loss:-32815.68750 [8.58s]; best loss:-172.57486, patience : 7
2026-07-26 16:21:41,018 P2629717 INFO pr:0.0000  rc:0.0000  auc:0.5000 ap:0.5000 f1: 0.0000 pred_right: 39000 pred_wrong: 0  actu_right: 38603 actu_wrong: 397
2026-07-26 16:21:41,965 P2629717 INFO pr:0.0000  rc:0.0000  auc:0.5000 ap:0.5000 f1: 0.0000 pred_right: 16500 pred_wrong: 0  actu_right: 16371 actu_wrong: 129
2026-07-26 16:21:41,966 P2629717 INFO ----------------------------------------------------------------------------------------------------
2026-07-26 16:21:41,966 P2629717 INFO 56/300 starting... lr: 0.001 para:0.017543859779834747
2026-07-26 16:21:50,499 P2629717 INFO Epoch 56/300, all_loss:984.93561 cls_loss:1610.86353 rec_loss:-34067.03125 [8.53s]; best loss:-172.57486, patience : 7
2026-07-26 16:21:52,417 P2629717 INFO pr:0.0000  rc:0.0000  auc:0.5000 ap:0.5000 f1: 0.0000 pred_right: 39000 pred_wrong: 0  actu_right: 38603 actu_wrong: 397
2026-07-26 16:21:53,357 P2629717 INFO pr:0.0000  rc:0.0000  auc:0.5000 ap:0.5000 f1: 0.0000 pred_right: 16500 pred_wrong: 0  actu_right: 16371 actu_wrong: 129
2026-07-26 16:21:53,357 P2629717 INFO ----------------------------------------------------------------------------------------------------
2026-07-26 16:21:53,358 P2629717 INFO 57/300 starting... lr: 0.001 para:0.017241379246115685
2026-07-26 16:22:01,885 P2629717 INFO Epoch 57/300, all_loss:1695.30884 cls_loss:2352.28296 rec_loss:-35752.20703 [8.53s]; best loss:-172.57486, patience : 8
2026-07-26 16:22:03,783 P2629717 INFO pr:0.0000  rc:0.0000  auc:0.5000 ap:0.5000 f1: 0.0000 pred_right: 39000 pred_wrong: 0  actu_right: 38603 actu_wrong: 397
2026-07-26 16:22:04,572 P2629717 INFO pr:0.0000  rc:0.0000  auc:0.5000 ap:0.5000 f1: 0.0000 pred_right: 16500 pred_wrong: 0  actu_right: 16371 actu_wrong: 129
2026-07-26 16:22:04,572 P2629717 INFO ----------------------------------------------------------------------------------------------------
2026-07-26 16:22:04,573 P2629717 INFO 58/300 starting... lr: 0.001 para:0.016949152573943138
2026-07-26 16:22:13,600 P2629717 INFO Epoch 58/300, all_loss:576.27832 cls_loss:1229.21460 rec_loss:-37294.02734 [9.03s]; best loss:-172.57486, patience : 8
2026-07-26 16:22:15,391 P2629717 INFO pr:0.0000  rc:0.0000  auc:0.5000 ap:0.5000 f1: 0.0000 pred_right: 39000 pred_wrong: 0  actu_right: 38603 actu_wrong: 397
2026-07-26 16:22:16,331 P2629717 INFO pr:0.0000  rc:0.0000  auc:0.5000 ap:0.5000 f1: 0.0000 pred_right: 16500 pred_wrong: 0  actu_right: 16371 actu_wrong: 129
2026-07-26 16:22:16,331 P2629717 INFO ----------------------------------------------------------------------------------------------------
2026-07-26 16:22:16,332 P2629717 INFO 59/300 starting... lr: 0.001 para:0.01666666753590107
2026-07-26 16:22:25,363 P2629717 INFO Epoch 59/300, all_loss:809.72766 cls_loss:1476.47729 rec_loss:-38528.50000 [9.03s]; best loss:-172.57486, patience : 9
2026-07-26 16:22:27,311 P2629717 INFO pr:0.0000  rc:0.0000  auc:0.5000 ap:0.5000 f1: 0.0000 pred_right: 39000 pred_wrong: 0  actu_right: 38603 actu_wrong: 397
2026-07-26 16:22:27,996 P2629717 INFO pr:0.0000  rc:0.0000  auc:0.5000 ap:0.5000 f1: 0.0000 pred_right: 16500 pred_wrong: 0  actu_right: 16371 actu_wrong: 129
2026-07-26 16:22:27,997 P2629717 INFO ----------------------------------------------------------------------------------------------------
2026-07-26 16:22:27,997 P2629717 INFO 60/300 starting... lr: 0.001 para:0.016393441706895828
2026-07-26 16:22:37,491 P2629717 INFO Epoch 60/300, all_loss:1296.70874 cls_loss:1981.73840 rec_loss:-39805.08203 [9.49s]; best loss:-172.57486, patience : 10
2026-07-26 16:22:38,801 P2629717 INFO pr:0.0000  rc:0.0000  auc:0.5000 ap:0.5000 f1: 0.0000 pred_right: 39000 pred_wrong: 0  actu_right: 38603 actu_wrong: 397
2026-07-26 16:22:39,354 P2629717 INFO pr:0.0000  rc:0.0000  auc:0.5000 ap:0.5000 f1: 0.0000 pred_right: 16500 pred_wrong: 0  actu_right: 16371 actu_wrong: 129
2026-07-26 16:22:39,355 P2629717 INFO ----------------------------------------------------------------------------------------------------
2026-07-26 16:22:39,355 P2629717 INFO 61/300 starting... lr: 0.001 para:0.016129031777381897
2026-07-26 16:22:46,742 P2629717 INFO Epoch 61/300, all_loss:520.43744 cls_loss:1199.55505 rec_loss:-40905.74219 [7.39s]; best loss:-172.57486, patience : 10
2026-07-26 16:22:48,117 P2629717 INFO pr:0.0000  rc:0.0000  auc:0.5000 ap:0.5000 f1: 0.0000 pred_right: 39000 pred_wrong: 0  actu_right: 38603 actu_wrong: 397
2026-07-26 16:22:49,038 P2629717 INFO pr:0.0000  rc:0.0000  auc:0.5000 ap:0.5000 f1: 0.0000 pred_right: 16500 pred_wrong: 0  actu_right: 16371 actu_wrong: 129
2026-07-26 16:22:49,039 P2629717 INFO ----------------------------------------------------------------------------------------------------
2026-07-26 16:22:49,039 P2629717 INFO 62/300 starting... lr: 0.001 para:0.01587301678955555
2026-07-26 16:23:07,928 P2629717 INFO Epoch 62/300, all_loss:854.40247 cls_loss:1546.15186 rec_loss:-42034.05078 [18.89s]; best loss:-172.57486, patience : 11
2026-07-26 16:23:10,015 P2629717 INFO pr:0.0000  rc:0.0000  auc:0.5000 ap:0.5000 f1: 0.0000 pred_right: 39000 pred_wrong: 0  actu_right: 38603 actu_wrong: 397
2026-07-26 16:23:10,900 P2629717 INFO pr:0.0000  rc:0.0000  auc:0.5000 ap:0.5000 f1: 0.0000 pred_right: 16500 pred_wrong: 0  actu_right: 16371 actu_wrong: 129
2026-07-26 16:23:10,901 P2629717 INFO ----------------------------------------------------------------------------------------------------
2026-07-26 16:23:10,901 P2629717 INFO 63/300 starting... lr: 0.001 para:0.015625
2026-07-26 16:23:20,062 P2629717 INFO Epoch 63/300, all_loss:61.67604 cls_loss:757.92682 rec_loss:-43802.12109 [9.16s]; best loss:-172.57486, patience : 11
2026-07-26 16:23:21,782 P2629717 INFO pr:0.0000  rc:0.0000  auc:0.5000 ap:0.5000 f1: 0.0000 pred_right: 39000 pred_wrong: 0  actu_right: 38604 actu_wrong: 396
2026-07-26 16:23:22,478 P2629717 INFO pr:0.0000  rc:0.0000  auc:0.5000 ap:0.5000 f1: 0.0000 pred_right: 16500 pred_wrong: 0  actu_right: 16371 actu_wrong: 129
2026-07-26 16:23:22,478 P2629717 INFO ----------------------------------------------------------------------------------------------------
2026-07-26 16:23:22,479 P2629717 INFO 64/300 starting... lr: 0.001 para:0.015384615398943424
2026-07-26 16:23:31,194 P2629717 INFO Epoch 64/300, all_loss:1101.62341 cls_loss:1825.88806 rec_loss:-45251.31250 [8.71s]; best loss:-172.57486, patience : 12
2026-07-26 16:23:32,889 P2629717 INFO pr:0.0000  rc:0.0000  auc:0.5000 ap:0.5000 f1: 0.0000 pred_right: 39000 pred_wrong: 0  actu_right: 38603 actu_wrong: 397
2026-07-26 16:23:33,736 P2629717 INFO pr:0.0000  rc:0.0000  auc:0.5000 ap:0.5000 f1: 0.0000 pred_right: 16500 pred_wrong: 0  actu_right: 16371 actu_wrong: 129
2026-07-26 16:23:33,737 P2629717 INFO ----------------------------------------------------------------------------------------------------
2026-07-26 16:23:33,737 P2629717 INFO 65/300 starting... lr: 0.001 para:0.01515151560306549
2026-07-26 16:23:42,246 P2629717 INFO Epoch 65/300, all_loss:328.07584 cls_loss:1053.20288 rec_loss:-46805.19141 [8.51s]; best loss:-172.57486, patience : 12
2026-07-26 16:23:44,145 P2629717 INFO pr:0.0000  rc:0.0000  auc:0.5000 ap:0.5000 f1: 0.0000 pred_right: 39000 pred_wrong: 0  actu_right: 38604 actu_wrong: 396
2026-07-26 16:23:44,997 P2629717 INFO pr:0.0000  rc:0.0000  auc:0.5000 ap:0.5000 f1: 0.0000 pred_right: 16500 pred_wrong: 0  actu_right: 16371 actu_wrong: 129
2026-07-26 16:23:44,997 P2629717 INFO ----------------------------------------------------------------------------------------------------
2026-07-26 16:23:44,998 P2629717 INFO 66/300 starting... lr: 0.001 para:0.014925372786819935
2026-07-26 16:23:53,723 P2629717 INFO Epoch 66/300, all_loss:718.75903 cls_loss:1453.60181 rec_loss:-47780.86719 [8.72s]; best loss:-172.57486, patience : 13
2026-07-26 16:23:55,497 P2629717 INFO pr:0.0000  rc:0.0000  auc:0.5000 ap:0.5000 f1: 0.0000 pred_right: 39000 pred_wrong: 0  actu_right: 38603 actu_wrong: 397
2026-07-26 16:23:56,260 P2629717 INFO pr:0.0000  rc:0.0000  auc:0.5000 ap:0.5000 f1: 0.0000 pred_right: 16500 pred_wrong: 0  actu_right: 16371 actu_wrong: 129
2026-07-26 16:23:56,260 P2629717 INFO ----------------------------------------------------------------------------------------------------
2026-07-26 16:23:56,268 P2629717 INFO 67/300 starting... lr: 0.001 para:0.014705882407724857
2026-07-26 16:24:05,334 P2629717 INFO Epoch 67/300, all_loss:1289.86377 cls_loss:2049.56982 rec_loss:-49610.44141 [9.07s]; best loss:-172.57486, patience : 14
2026-07-26 16:24:07,162 P2629717 INFO pr:0.0000  rc:0.0000  auc:0.5000 ap:0.5000 f1: 0.0000 pred_right: 39000 pred_wrong: 0  actu_right: 38603 actu_wrong: 397
2026-07-26 16:24:07,935 P2629717 INFO pr:0.0000  rc:0.0000  auc:0.5000 ap:0.5000 f1: 0.0000 pred_right: 16500 pred_wrong: 0  actu_right: 16371 actu_wrong: 129
2026-07-26 16:24:07,936 P2629717 INFO ----------------------------------------------------------------------------------------------------
2026-07-26 16:24:07,936 P2629717 INFO 68/300 starting... lr: 0.001 para:0.014492753893136978
2026-07-26 16:24:16,886 P2629717 INFO Epoch 68/300, all_loss:863.24487 cls_loss:1633.74146 rec_loss:-51530.52344 [8.95s]; best loss:-172.57486, patience : 14
2026-07-26 16:24:18,977 P2629717 INFO pr:0.0000  rc:0.0000  auc:0.5000 ap:0.5000 f1: 0.0000 pred_right: 39000 pred_wrong: 0  actu_right: 38603 actu_wrong: 397
2026-07-26 16:24:19,833 P2629717 INFO pr:0.0000  rc:0.0000  auc:0.5000 ap:0.5000 f1: 0.0000 pred_right: 16500 pred_wrong: 0  actu_right: 16371 actu_wrong: 129
2026-07-26 16:24:19,834 P2629717 INFO ----------------------------------------------------------------------------------------------------
2026-07-26 16:24:19,834 P2629717 INFO 69/300 starting... lr: 0.001 para:0.014285714365541935
2026-07-26 16:24:28,486 P2629717 INFO Epoch 69/300, all_loss:753.05292 cls_loss:1538.35742 rec_loss:-53432.95703 [8.65s]; best loss:-172.57486, patience : 14
2026-07-26 16:24:30,204 P2629717 INFO pr:0.0000  rc:0.0000  auc:0.5000 ap:0.5000 f1: 0.0000 pred_right: 39000 pred_wrong: 0  actu_right: 38603 actu_wrong: 397
2026-07-26 16:24:31,082 P2629717 INFO pr:0.0000  rc:0.0000  auc:0.5000 ap:0.5000 f1: 0.0000 pred_right: 16500 pred_wrong: 0  actu_right: 16371 actu_wrong: 129
2026-07-26 16:24:31,083 P2629717 INFO ----------------------------------------------------------------------------------------------------
2026-07-26 16:24:31,083 P2629717 INFO 70/300 starting... lr: 0.001 para:0.014084506779909134
2026-07-26 16:24:41,056 P2629717 INFO Epoch 70/300, all_loss:336.58136 cls_loss:1130.10425 rec_loss:-55210.01953 [9.97s]; best loss:-172.57486, patience : 14
2026-07-26 16:24:42,370 P2629717 INFO pr:0.0000  rc:0.0000  auc:0.5000 ap:0.5000 f1: 0.0000 pred_right: 39000 pred_wrong: 0  actu_right: 38604 actu_wrong: 396
2026-07-26 16:24:42,943 P2629717 INFO pr:0.0000  rc:0.0000  auc:0.5000 ap:0.5000 f1: 0.0000 pred_right: 16500 pred_wrong: 0  actu_right: 16371 actu_wrong: 129
2026-07-26 16:24:42,944 P2629717 INFO ----------------------------------------------------------------------------------------------------
2026-07-26 16:24:42,944 P2629717 INFO 71/300 starting... lr: 0.001 para:0.013888888992369175
2026-07-26 16:24:50,416 P2629717 INFO Early stop at epoch: 71
2026-07-26 16:24:50,417 P2629717 INFO saving model...
2026-07-26 16:24:50,417 P2629717 INFO Medicine - loss  best score:-172.57485961914062 at epoch 45
2026-07-26 16:24:50,426 P2629717 INFO Medicine - f1  best score:0.94148244473342 at epoch 40
2026-07-26 16:24:50,435 P2629717 INFO Average training time per epoch: 9.63 seconds
2026-07-26 16:24:50,436 P2629717 INFO calculate scores...
2026-07-26 16:24:50,436 P2629717 INFO calculate label with loss...
2026-07-26 16:24:50,436 P2629717 INFO Medicine on ./result/Medicine-MSDS-Epochs300-Seed1ExpNameRQ1_main-lowshow-simplegraph loading...
2026-07-26 16:24:51,074 P2629717 INFO pr:0.0000  rc:0.0000  auc:0.9862 ap:0.9754 f1: 0.0000 pred_right: 16500 pred_wrong: 0  actu_right: 16371 actu_wrong: 129
2026-07-26 16:24:51,907 P2629717 INFO pr:0.0000  rc:0.0000  auc:0.9862 ap:0.9755 f1: 0.0000 pred_right: 16500 pred_wrong: 0  actu_right: 16371 actu_wrong: 129
2026-07-26 16:24:51,908 P2629717 INFO Performance Summary:
{'GPU': {'inference_time_per_sample_ms': 0.17434993363110804, 'throughput_samples_per_sec': 5735.591515141116, 'peak_memory_mb': 24.07421875, 'energy_per_sample_joules': 0.009172811533233039}, 'CPU': {'inference_time_per_sample_ms': 0.23259064856219705, 'throughput_samples_per_sec': 4299.39899209916, 'peak_memory_mb': 2925.046875, 'energy_per_sample_joules': 0.015118392156542808}}
2026-07-26 16:24:51,908 P2629717 INFO Starting clean-room hardware benchmarking...
2026-07-26 16:24:52,988 P2629717 INFO Performance with loss: pr:0.0000  rc:0.0000  auc:0.9862 ap:0.9754 f1: 0.0000 pred_right: 16500 pred_wrong: 0  actu_right: 16371 actu_wrong: 129
2026-07-26 16:24:52,989 P2629717 INFO calculate label with f1...
2026-07-26 16:24:52,989 P2629717 INFO Medicine on ./result/Medicine-MSDS-Epochs300-Seed1ExpNameRQ1_main-lowshow-simplegraph loading...
2026-07-26 16:24:54,638 P2629717 INFO pr:0.9692  rc:0.9767  auc:0.9768 ap:0.9665 f1: 0.9730 pred_right: 16370 pred_wrong:130 actu_right: 16371 actu_wrong: 129
2026-07-26 16:24:57,904 P2629717 INFO pr:0.9692  rc:0.9767  auc:0.9767 ap:0.9666 f1: 0.9730 pred_right: 16370 pred_wrong:130 actu_right: 16371 actu_wrong: 129
2026-07-26 16:24:57,905 P2629717 INFO Performance Summary:
{'GPU': {'inference_time_per_sample_ms': 0.4520874388262104, 'throughput_samples_per_sec': 2211.961479390751, 'peak_memory_mb': 23.4951171875, 'energy_per_sample_joules': 0.022383301183724502}, 'CPU': {'inference_time_per_sample_ms': 0.9489075124299391, 'throughput_samples_per_sec': 1053.8434851666677, 'peak_memory_mb': 2927.06640625, 'energy_per_sample_joules': 0.06167898830794604}}
2026-07-26 16:24:57,905 P2629717 INFO Starting clean-room hardware benchmarking...
2026-07-26 16:24:59,359 P2629717 INFO Performance with f1: pr:0.9692  rc:0.9767  auc:0.9768 ap:0.9665 f1: 0.9730 pred_right: 16370 pred_wrong:130 actu_right: 16371 actu_wrong: 129
