2026-07-12 07:27:48,508 P3948142 INFO ---- Model: ----MSTGAD-05b9574c----random_seed : 1----req_loss_approach : Normal-Recreation----rec_lambda : 1.0----auxi_lambda : 0.0----Freq Domain : TimesNet----Multi Fits : false----train : True----evaluate : False
2026-07-12 07:27:48,508 P3948142 INFO read Tranform data
2026-07-12 07:27:49,793 P3948142 INFO read Graph edge data
2026-07-12 07:27:49,793 P3948142 INFO Fewshot: training with 1.0 of the 70% of the data
2026-07-12 07:27:51,508 P3948142 INFO Trainable Parameters Breakdown:
2026-07-12 07:27:51,508 P3948142 INFO --------------------------------------------------------------------------------
2026-07-12 07:27:51,508 P3948142 INFO Reconstruction-Specific Parameters:
2026-07-12 07:27:51,508 P3948142 INFO linear_attn.Wq.weight                    | shape: (10, 10)                  | params: 100
2026-07-12 07:27:51,508 P3948142 INFO linear_attn.Wk.weight                    | shape: (10, 10)                  | params: 100
2026-07-12 07:27:51,508 P3948142 INFO linear_attn.Wv.weight                    | shape: (10, 10)                  | params: 100
2026-07-12 07:27:51,508 P3948142 INFO linear_attn.out.weight                   | shape: (10, 10)                  | params: 100
2026-07-12 07:27:51,508 P3948142 INFO linear_attn.out.bias                     | shape: (10,)                     | params: 10
2026-07-12 07:27:51,508 P3948142 INFO linear_attn.norm.weight                  | shape: (10,)                     | params: 10
2026-07-12 07:27:51,508 P3948142 INFO linear_attn.norm.bias                    | shape: (10,)                     | params: 10
2026-07-12 07:27:51,508 P3948142 INFO shared_fits.model.0.conv.0.kernels.0.weight | shape: (3, 8, 1, 1)              | params: 24
2026-07-12 07:27:51,508 P3948142 INFO shared_fits.model.0.conv.0.kernels.0.bias | shape: (3,)                      | params: 3
2026-07-12 07:27:51,508 P3948142 INFO shared_fits.model.0.conv.0.kernels.1.weight | shape: (3, 8, 3, 3)              | params: 216
2026-07-12 07:27:51,508 P3948142 INFO shared_fits.model.0.conv.0.kernels.1.bias | shape: (3,)                      | params: 3
2026-07-12 07:27:51,508 P3948142 INFO shared_fits.model.0.conv.0.kernels.2.weight | shape: (3, 8, 5, 5)              | params: 600
2026-07-12 07:27:51,508 P3948142 INFO shared_fits.model.0.conv.0.kernels.2.bias | shape: (3,)                      | params: 3
2026-07-12 07:27:51,508 P3948142 INFO shared_fits.model.0.conv.0.kernels.3.weight | shape: (3, 8, 7, 7)              | params: 1,176
2026-07-12 07:27:51,509 P3948142 INFO shared_fits.model.0.conv.0.kernels.3.bias | shape: (3,)                      | params: 3
2026-07-12 07:27:51,509 P3948142 INFO shared_fits.model.0.conv.0.kernels.4.weight | shape: (3, 8, 9, 9)              | params: 1,944
2026-07-12 07:27:51,509 P3948142 INFO shared_fits.model.0.conv.0.kernels.4.bias | shape: (3,)                      | params: 3
2026-07-12 07:27:51,509 P3948142 INFO shared_fits.model.0.conv.0.kernels.5.weight | shape: (3, 8, 11, 11)            | params: 2,904
2026-07-12 07:27:51,509 P3948142 INFO shared_fits.model.0.conv.0.kernels.5.bias | shape: (3,)                      | params: 3
2026-07-12 07:27:51,509 P3948142 INFO shared_fits.model.0.conv.2.kernels.0.weight | shape: (8, 3, 1, 1)              | params: 24
2026-07-12 07:27:51,509 P3948142 INFO shared_fits.model.0.conv.2.kernels.0.bias | shape: (8,)                      | params: 8
2026-07-12 07:27:51,509 P3948142 INFO shared_fits.model.0.conv.2.kernels.1.weight | shape: (8, 3, 3, 3)              | params: 216
2026-07-12 07:27:51,509 P3948142 INFO shared_fits.model.0.conv.2.kernels.1.bias | shape: (8,)                      | params: 8
2026-07-12 07:27:51,509 P3948142 INFO shared_fits.model.0.conv.2.kernels.2.weight | shape: (8, 3, 5, 5)              | params: 600
2026-07-12 07:27:51,509 P3948142 INFO shared_fits.model.0.conv.2.kernels.2.bias | shape: (8,)                      | params: 8
2026-07-12 07:27:51,509 P3948142 INFO shared_fits.model.0.conv.2.kernels.3.weight | shape: (8, 3, 7, 7)              | params: 1,176
2026-07-12 07:27:51,509 P3948142 INFO shared_fits.model.0.conv.2.kernels.3.bias | shape: (8,)                      | params: 8
2026-07-12 07:27:51,509 P3948142 INFO shared_fits.model.0.conv.2.kernels.4.weight | shape: (8, 3, 9, 9)              | params: 1,944
2026-07-12 07:27:51,509 P3948142 INFO shared_fits.model.0.conv.2.kernels.4.bias | shape: (8,)                      | params: 8
2026-07-12 07:27:51,509 P3948142 INFO shared_fits.model.0.conv.2.kernels.5.weight | shape: (8, 3, 11, 11)            | params: 2,904
2026-07-12 07:27:51,509 P3948142 INFO shared_fits.model.0.conv.2.kernels.5.bias | shape: (8,)                      | params: 8
2026-07-12 07:27:51,509 P3948142 INFO shared_fits.enc_embedding.value_embedding.tokenConv.weight | shape: (8, 55, 3)                | params: 1,320
2026-07-12 07:27:51,509 P3948142 INFO shared_fits.enc_embedding.temporal_embedding.embed.weight | shape: (8, 4)                    | params: 32
2026-07-12 07:27:51,509 P3948142 INFO shared_fits.layer_norm.weight            | shape: (8,)                      | params: 8
2026-07-12 07:27:51,509 P3948142 INFO shared_fits.layer_norm.bias              | shape: (8,)                      | params: 8
2026-07-12 07:27:51,509 P3948142 INFO shared_fits.projection.weight            | shape: (55, 8)                   | params: 440
2026-07-12 07:27:51,509 P3948142 INFO shared_fits.projection.bias              | shape: (55,)                     | params: 55
2026-07-12 07:27:51,510 P3948142 INFO modality_proj.node.weight                | shape: (55, 4)                   | params: 220
2026-07-12 07:27:51,510 P3948142 INFO modality_proj.node.bias                  | shape: (55,)                     | params: 55
2026-07-12 07:27:51,510 P3948142 INFO modality_proj.log.weight                 | shape: (55, 16)                  | params: 880
2026-07-12 07:27:51,510 P3948142 INFO modality_proj.log.bias                   | shape: (55,)                     | params: 55
2026-07-12 07:27:51,510 P3948142 INFO modality_proj.edge.weight                | shape: (55, 4)                   | params: 220
2026-07-12 07:27:51,510 P3948142 INFO modality_proj.edge.bias                  | shape: (55,)                     | params: 55
2026-07-12 07:27:51,510 P3948142 INFO modality_proj_out.node.weight            | shape: (4, 55)                   | params: 220
2026-07-12 07:27:51,510 P3948142 INFO modality_proj_out.node.bias              | shape: (4,)                      | params: 4
2026-07-12 07:27:51,510 P3948142 INFO modality_proj_out.log.weight             | shape: (16, 55)                  | params: 880
2026-07-12 07:27:51,510 P3948142 INFO modality_proj_out.log.bias               | shape: (16,)                     | params: 16
2026-07-12 07:27:51,510 P3948142 INFO modality_proj_out.edge.weight            | shape: (4, 55)                   | params: 220
2026-07-12 07:27:51,510 P3948142 INFO modality_proj_out.edge.bias              | shape: (4,)                      | params: 4
2026-07-12 07:27:51,510 P3948142 INFO Subtotal: 18,916
2026-07-12 07:27:51,510 P3948142 INFO --------------------------------------------------------------------------------
2026-07-12 07:27:51,510 P3948142 INFO Common Parameters:
2026-07-12 07:27:51,510 P3948142 INFO node_emb.linear.weight                   | shape: (4, 3)                    | params: 12
2026-07-12 07:27:51,510 P3948142 INFO node_emb.linear.bias                     | shape: (4,)                      | params: 4
2026-07-12 07:27:51,510 P3948142 INFO log_emb.linear.weight                    | shape: (16, 256)                 | params: 4,096
2026-07-12 07:27:51,510 P3948142 INFO log_emb.linear.bias                      | shape: (16,)                     | params: 16
2026-07-12 07:27:51,510 P3948142 INFO egde_emb.linear.weight                   | shape: (4, 7)                    | params: 28
2026-07-12 07:27:51,510 P3948142 INFO egde_emb.linear.bias                     | shape: (4,)                      | params: 4
2026-07-12 07:27:51,510 P3948142 INFO dense_node.weight                        | shape: (3, 4)                    | params: 12
2026-07-12 07:27:51,510 P3948142 INFO dense_node.bias                          | shape: (3,)                      | params: 3
2026-07-12 07:27:51,511 P3948142 INFO dense_log.weight                         | shape: (256, 16)                 | params: 4,096
2026-07-12 07:27:51,511 P3948142 INFO dense_log.bias                           | shape: (256,)                    | params: 256
2026-07-12 07:27:51,511 P3948142 INFO dense_edge.weight                        | shape: (7, 4)                    | params: 28
2026-07-12 07:27:51,511 P3948142 INFO dense_edge.bias                          | shape: (7,)                      | params: 7
2026-07-12 07:27:51,511 P3948142 INFO show.0.weight                            | shape: (128, 266)                | params: 34,048
2026-07-12 07:27:51,511 P3948142 INFO show.0.bias                              | shape: (128,)                    | params: 128
2026-07-12 07:27:51,511 P3948142 INFO show.2.weight                            | shape: (2, 128)                  | params: 256
2026-07-12 07:27:51,511 P3948142 INFO show.2.bias                              | shape: (2,)                      | params: 2
2026-07-12 07:27:51,511 P3948142 INFO Subtotal: 42,996
2026-07-12 07:27:51,511 P3948142 INFO --------------------------------------------------------------------------------
2026-07-12 07:27:51,511 P3948142 INFO Total Trainable Parameters: 61,912

2026-07-12 07:27:51,511 P3948142 INFO Trainable Parameters: 61912, reconstruction: 18916, common: 42996
2026-07-12 07:27:51,511 P3948142 INFO model : init weight
2026-07-12 07:27:51,512 P3948142 INFO Using GPU...
2026-07-12 07:27:51,517 P3948142 INFO optimizer : using AdaBelief
2026-07-12 07:27:51,517 P3948142 INFO ----------------------------------------------------------------------------------------------------
2026-07-12 07:27:51,518 P3948142 INFO 0/300 starting... lr: 0.001 para:1.0
