2026-09-13 20:53:46,793 P2030322 INFO ---- Model: ----MSTGAD-cfc3cf77----random_seed : 1----req_loss_approach : Legendre-style----rec_lambda : 1.0----auxi_lambda : 0.2----Freq Domain : FITS_Legendre----Multi Fits : false----train : True----evaluate : False
2026-09-13 20:53:46,794 P2030322 INFO Load from /home/db2003/Desktop/Amr/Tests/Eadro/codes/chunks/TT
2026-09-13 20:54:00,346 P2030322 INFO Fewshot: training with 1.0 of the 70% of the data
2026-09-13 20:54:00,452 P2030322 INFO Trainable Parameters Breakdown:
2026-09-13 20:54:00,452 P2030322 INFO --------------------------------------------------------------------------------
2026-09-13 20:54:00,452 P2030322 INFO Reconstruction-Specific Parameters:
2026-09-13 20:54:00,452 P2030322 INFO node_emb.linear.weight                   | shape: (8, 7)                    | params: 56
2026-09-13 20:54:00,452 P2030322 INFO node_emb.linear.bias                     | shape: (8,)                      | params: 8
2026-09-13 20:54:00,453 P2030322 INFO log_emb.linear.weight                    | shape: (32, 60)                  | params: 1,920
2026-09-13 20:54:00,453 P2030322 INFO log_emb.linear.bias                      | shape: (32,)                     | params: 32
2026-09-13 20:54:00,453 P2030322 INFO egde_emb.linear.weight                   | shape: (8, 2)                    | params: 16
2026-09-13 20:54:00,453 P2030322 INFO egde_emb.linear.bias                     | shape: (8,)                      | params: 8
2026-09-13 20:54:00,453 P2030322 INFO dense_node.weight                        | shape: (7, 8)                    | params: 56
2026-09-13 20:54:00,453 P2030322 INFO dense_node.bias                          | shape: (7,)                      | params: 7
2026-09-13 20:54:00,453 P2030322 INFO dense_log.weight                         | shape: (60, 32)                  | params: 1,920
2026-09-13 20:54:00,453 P2030322 INFO dense_log.bias                           | shape: (60,)                     | params: 60
2026-09-13 20:54:00,453 P2030322 INFO dense_edge.weight                        | shape: (2, 8)                    | params: 16
2026-09-13 20:54:00,453 P2030322 INFO dense_edge.bias                          | shape: (2,)                      | params: 2
2026-09-13 20:54:00,453 P2030322 INFO linear_attn.Wq.weight                    | shape: (10, 10)                  | params: 100
2026-09-13 20:54:00,453 P2030322 INFO linear_attn.Wk.weight                    | shape: (10, 10)                  | params: 100
2026-09-13 20:54:00,453 P2030322 INFO linear_attn.Wv.weight                    | shape: (10, 10)                  | params: 100
2026-09-13 20:54:00,453 P2030322 INFO linear_attn.out.weight                   | shape: (10, 10)                  | params: 100
2026-09-13 20:54:00,453 P2030322 INFO linear_attn.out.bias                     | shape: (10,)                     | params: 10
2026-09-13 20:54:00,453 P2030322 INFO linear_attn.norm.weight                  | shape: (10,)                     | params: 10
2026-09-13 20:54:00,453 P2030322 INFO linear_attn.norm.bias                    | shape: (10,)                     | params: 10
2026-09-13 20:54:00,453 P2030322 INFO shared_fits.normlin_W                    | shape: (3, 3)                    | params: 9
2026-09-13 20:54:00,453 P2030322 INFO shared_fits.freq_upsampler.weight        | shape: (3, 3)                    | params: 9
2026-09-13 20:54:00,454 P2030322 INFO shared_fits.freq_upsampler.bias          | shape: (3,)                      | params: 3
2026-09-13 20:54:00,454 P2030322 INFO modality_proj.node.weight                | shape: (10, 8)                   | params: 80
2026-09-13 20:54:00,454 P2030322 INFO modality_proj.node.bias                  | shape: (10,)                     | params: 10
2026-09-13 20:54:00,454 P2030322 INFO modality_proj.log.weight                 | shape: (10, 32)                  | params: 320
2026-09-13 20:54:00,454 P2030322 INFO modality_proj.log.bias                   | shape: (10,)                     | params: 10
2026-09-13 20:54:00,454 P2030322 INFO modality_proj.edge.weight                | shape: (10, 8)                   | params: 80
2026-09-13 20:54:00,454 P2030322 INFO modality_proj.edge.bias                  | shape: (10,)                     | params: 10
2026-09-13 20:54:00,454 P2030322 INFO modality_proj_out.node.weight            | shape: (8, 10)                   | params: 80
2026-09-13 20:54:00,454 P2030322 INFO modality_proj_out.node.bias              | shape: (8,)                      | params: 8
2026-09-13 20:54:00,454 P2030322 INFO modality_proj_out.log.weight             | shape: (32, 10)                  | params: 320
2026-09-13 20:54:00,454 P2030322 INFO modality_proj_out.log.bias               | shape: (32,)                     | params: 32
2026-09-13 20:54:00,454 P2030322 INFO modality_proj_out.edge.weight            | shape: (8, 10)                   | params: 80
2026-09-13 20:54:00,454 P2030322 INFO modality_proj_out.edge.bias              | shape: (8,)                      | params: 8
2026-09-13 20:54:00,454 P2030322 INFO Subtotal: 5,590
2026-09-13 20:54:00,454 P2030322 INFO --------------------------------------------------------------------------------
2026-09-13 20:54:00,454 P2030322 INFO Common Parameters:
2026-09-13 20:54:00,454 P2030322 INFO show.0.weight                            | shape: (128, 69)                 | params: 8,832
2026-09-13 20:54:00,454 P2030322 INFO show.0.bias                              | shape: (128,)                    | params: 128
2026-09-13 20:54:00,454 P2030322 INFO show.2.weight                            | shape: (2, 128)                  | params: 256
2026-09-13 20:54:00,454 P2030322 INFO show.2.bias                              | shape: (2,)                      | params: 2
2026-09-13 20:54:00,455 P2030322 INFO Subtotal: 9,218
2026-09-13 20:54:00,455 P2030322 INFO --------------------------------------------------------------------------------
2026-09-13 20:54:00,455 P2030322 INFO Total Trainable Parameters: 14,808

2026-09-13 20:54:00,455 P2030322 INFO Trainable Parameters: 14808, reconstruction: 5590, common: 9218
2026-09-13 20:54:00,455 P2030322 INFO model : init weight
2026-09-13 20:54:00,455 P2030322 INFO Using GPU...
2026-09-13 20:54:00,461 P2030322 INFO optimizer : using AdaBelief
2026-09-13 20:54:00,461 P2030322 INFO ----------------------------------------------------------------------------------------------------
2026-09-13 20:54:00,462 P2030322 INFO 0/50 starting... lr: 0.001 para:1.0
2026-09-13 20:54:40,361 P2030322 INFO Epoch 0/50, all_loss:0.05345 cls_loss:33.95912 rec_loss:0.05345 [39.89s]; best loss:0.05345, patience : 0
2026-09-13 20:54:40,362 P2030322 INFO ----------------------------------------------------------------------------------------------------
2026-09-13 20:54:40,362 P2030322 INFO 1/50 starting... lr: 0.001 para:0.5
2026-09-13 20:55:10,012 P2030322 INFO Epoch 1/50, all_loss:1.96550 cls_loss:3.73962 rec_loss:0.19138 [29.64s]; best loss:1.96550, patience : 0
2026-09-13 20:55:10,012 P2030322 INFO ----------------------------------------------------------------------------------------------------
2026-09-13 20:55:10,013 P2030322 INFO 2/50 starting... lr: 0.001 para:0.3333333432674408
2026-09-13 20:55:40,892 P2030322 INFO Epoch 2/50, all_loss:1.55393 cls_loss:2.23149 rec_loss:0.19882 [30.87s]; best loss:1.55393, patience : 0
2026-09-13 20:55:57,687 P2030322 INFO pr:0.8904  rc:0.4798  auc:0.9873 ap:0.8963 f1: 0.6236 pred_right: 1077614 pred_wrong:18586 actu_right: 1061712 actu_wrong: 34488
2026-09-13 20:56:03,084 P2030322 INFO pr:0.8946  rc:0.4803  auc:0.9872 ap:0.8974 f1: 0.6250 pred_right: 461850 pred_wrong:7950 actu_right: 454992 actu_wrong: 14808
2026-09-13 20:56:03,089 P2030322 INFO ----------------------------------------------------------------------------------------------------
2026-09-13 20:56:03,089 P2030322 INFO 3/50 starting... lr: 0.001 para:0.25
2026-09-13 20:56:45,908 P2030322 INFO Epoch 3/50, all_loss:1.55318 cls_loss:2.00196 rec_loss:0.20682 [42.81s]; best loss:1.55318, patience : 0
2026-09-13 20:57:02,049 P2030322 INFO pr:0.7389  rc:0.6495  auc:0.9899 ap:0.9066 f1: 0.6913 pred_right: 1065885 pred_wrong:30315 actu_right: 1061714 actu_wrong: 34486
2026-09-13 20:57:08,803 P2030322 INFO pr:0.7392  rc:0.6457  auc:0.9895 ap:0.9061 f1: 0.6893 pred_right: 456864 pred_wrong:12936 actu_right: 454992 actu_wrong: 14808
2026-09-13 20:57:08,809 P2030322 INFO ----------------------------------------------------------------------------------------------------
2026-09-13 20:57:08,809 P2030322 INFO 4/50 starting... lr: 0.001 para:0.20000000298023224
2026-09-13 20:57:41,498 P2030322 INFO Epoch 4/50, all_loss:1.56710 cls_loss:1.90324 rec_loss:0.22252 [32.69s]; best loss:1.55318, patience : 1
2026-09-13 20:57:59,741 P2030322 INFO pr:0.9021  rc:0.5755  auc:0.9905 ap:0.9144 f1: 0.7027 pred_right: 1074198 pred_wrong:22002 actu_right: 1061713 actu_wrong: 34487
2026-09-13 20:58:05,686 P2030322 INFO pr:0.9070  rc:0.5789  auc:0.9903 ap:0.9149 f1: 0.7067 pred_right: 460349 pred_wrong:9451 actu_right: 454992 actu_wrong: 14808
2026-09-13 20:58:05,690 P2030322 INFO ----------------------------------------------------------------------------------------------------
2026-09-13 20:58:05,694 P2030322 INFO 5/50 starting... lr: 0.001 para:0.1666666716337204
2026-09-13 20:58:48,704 P2030322 INFO Epoch 5/50, all_loss:1.55019 cls_loss:1.80984 rec_loss:0.25195 [43.00s]; best loss:1.55019, patience : 0
2026-09-13 20:59:05,280 P2030322 INFO pr:0.8966  rc:0.5792  auc:0.9915 ap:0.9202 f1: 0.7038 pred_right: 1073920 pred_wrong:22280 actu_right: 1061709 actu_wrong: 34491
2026-09-13 20:59:12,264 P2030322 INFO pr:0.9034  rc:0.5828  auc:0.9912 ap:0.9202 f1: 0.7085 pred_right: 460247 pred_wrong:9553 actu_right: 454992 actu_wrong: 14808
2026-09-13 20:59:12,271 P2030322 INFO ----------------------------------------------------------------------------------------------------
2026-09-13 20:59:12,271 P2030322 INFO 6/50 starting... lr: 0.001 para:0.1428571492433548
2026-09-13 20:59:45,350 P2030322 INFO Epoch 6/50, all_loss:1.52637 cls_loss:1.73321 rec_loss:0.28537 [33.07s]; best loss:1.52637, patience : 0
2026-09-13 21:00:02,840 P2030322 INFO pr:0.8785  rc:0.6371  auc:0.9930 ap:0.9308 f1: 0.7386 pred_right: 1071187 pred_wrong:25013 actu_right: 1061711 actu_wrong: 34489
2026-09-13 21:00:11,344 P2030322 INFO pr:0.8857  rc:0.6363  auc:0.9927 ap:0.9308 f1: 0.7406 pred_right: 459161 pred_wrong:10639 actu_right: 454992 actu_wrong: 14808
2026-09-13 21:00:11,348 P2030322 INFO ----------------------------------------------------------------------------------------------------
2026-09-13 21:00:11,348 P2030322 INFO 7/50 starting... lr: 0.001 para:0.125
2026-09-13 21:00:52,594 P2030322 INFO Epoch 7/50, all_loss:1.46586 cls_loss:1.62929 rec_loss:0.32186 [41.24s]; best loss:1.46586, patience : 0
2026-09-13 21:01:09,400 P2030322 INFO pr:0.9179  rc:0.5972  auc:0.9935 ap:0.9342 f1: 0.7236 pred_right: 1073764 pred_wrong:22436 actu_right: 1061715 actu_wrong: 34485
2026-09-13 21:01:15,811 P2030322 INFO pr:0.9226  rc:0.5989  auc:0.9931 ap:0.9341 f1: 0.7263 pred_right: 460188 pred_wrong:9612 actu_right: 454992 actu_wrong: 14808
2026-09-13 21:01:15,812 P2030322 INFO ----------------------------------------------------------------------------------------------------
2026-09-13 21:01:15,812 P2030322 INFO 8/50 starting... lr: 0.001 para:0.1111111119389534
2026-09-13 21:01:47,733 P2030322 INFO Epoch 8/50, all_loss:1.41653 cls_loss:1.54921 rec_loss:0.35509 [31.91s]; best loss:1.41653, patience : 0
2026-09-13 21:02:05,379 P2030322 INFO pr:0.9171  rc:0.6296  auc:0.9947 ap:0.9440 f1: 0.7466 pred_right: 1072523 pred_wrong:23677 actu_right: 1061712 actu_wrong: 34488
2026-09-13 21:02:12,561 P2030322 INFO pr:0.9237  rc:0.6274  auc:0.9943 ap:0.9440 f1: 0.7473 pred_right: 459742 pred_wrong:10058 actu_right: 454992 actu_wrong: 14808
2026-09-13 21:02:12,568 P2030322 INFO ----------------------------------------------------------------------------------------------------
2026-09-13 21:02:12,568 P2030322 INFO 9/50 starting... lr: 0.001 para:0.10000000149011612
2026-09-13 21:02:52,533 P2030322 INFO Epoch 9/50, all_loss:1.33805 cls_loss:1.44326 rec_loss:0.39117 [39.93s]; best loss:1.33805, patience : 0
2026-09-13 21:03:10,608 P2030322 INFO pr:0.9133  rc:0.6415  auc:0.9949 ap:0.9458 f1: 0.7537 pred_right: 1071970 pred_wrong:24230 actu_right: 1061706 actu_wrong: 34494
2026-09-13 21:03:17,550 P2030322 INFO pr:0.9156  rc:0.6392  auc:0.9946 ap:0.9457 f1: 0.7528 pred_right: 459463 pred_wrong:10337 actu_right: 454992 actu_wrong: 14808
2026-09-13 21:03:17,556 P2030322 INFO ----------------------------------------------------------------------------------------------------
2026-09-13 21:03:17,556 P2030322 INFO 10/50 starting... lr: 0.001 para:0.09090909361839294
2026-09-13 21:03:49,272 P2030322 INFO Epoch 10/50, all_loss:1.30692 cls_loss:1.39540 rec_loss:0.42211 [31.71s]; best loss:1.30692, patience : 0
2026-09-13 21:04:07,084 P2030322 INFO pr:0.8947  rc:0.7186  auc:0.9962 ap:0.9560 f1: 0.7971 pred_right: 1068500 pred_wrong:27700 actu_right: 1061713 actu_wrong: 34487
2026-09-13 21:04:14,915 P2030322 INFO pr:0.8994  rc:0.7155  auc:0.9959 ap:0.9560 f1: 0.7970 pred_right: 458020 pred_wrong:11780 actu_right: 454992 actu_wrong: 14808
2026-09-13 21:04:14,922 P2030322 INFO ----------------------------------------------------------------------------------------------------
2026-09-13 21:04:14,922 P2030322 INFO 11/50 starting... lr: 0.001 para:0.0833333358168602
2026-09-13 21:04:46,320 P2030322 INFO Epoch 11/50, all_loss:1.23838 cls_loss:1.30867 rec_loss:0.46530 [31.39s]; best loss:1.23838, patience : 0
2026-09-13 21:05:17,158 P2030322 INFO pr:0.8885  rc:0.7479  auc:0.9964 ap:0.9596 f1: 0.8122 pred_right: 1067174 pred_wrong:29026 actu_right: 1061715 actu_wrong: 34485
2026-09-13 21:05:23,840 P2030322 INFO pr:0.8914  rc:0.7484  auc:0.9962 ap:0.9600 f1: 0.8137 pred_right: 457368 pred_wrong:12432 actu_right: 454992 actu_wrong: 14808
2026-09-13 21:05:23,845 P2030322 INFO ----------------------------------------------------------------------------------------------------
2026-09-13 21:05:23,845 P2030322 INFO 12/50 starting... lr: 0.001 para:0.07692307978868484
2026-09-13 21:05:55,854 P2030322 INFO Epoch 12/50, all_loss:1.16775 cls_loss:1.22303 rec_loss:0.50430 [32.00s]; best loss:1.16775, patience : 0
2026-09-13 21:06:13,005 P2030322 INFO pr:0.9020  rc:0.7224  auc:0.9964 ap:0.9585 f1: 0.8023 pred_right: 1068577 pred_wrong:27623 actu_right: 1061708 actu_wrong: 34492
2026-09-13 21:06:19,755 P2030322 INFO pr:0.9088  rc:0.7205  auc:0.9960 ap:0.9588 f1: 0.8038 pred_right: 458060 pred_wrong:11740 actu_right: 454992 actu_wrong: 14808
2026-09-13 21:06:19,756 P2030322 INFO ----------------------------------------------------------------------------------------------------
2026-09-13 21:06:19,757 P2030322 INFO 13/50 starting... lr: 0.001 para:0.0714285746216774
2026-09-13 21:06:52,188 P2030322 INFO Epoch 13/50, all_loss:1.14411 cls_loss:1.18936 rec_loss:0.55578 [32.43s]; best loss:1.14411, patience : 0
2026-09-13 21:07:20,935 P2030322 INFO pr:0.8344  rc:0.8521  auc:0.9970 ap:0.9665 f1: 0.8431 pred_right: 1060982 pred_wrong:35218 actu_right: 1061713 actu_wrong: 34487
2026-09-13 21:07:28,275 P2030322 INFO pr:0.8363  rc:0.8504  auc:0.9967 ap:0.9664 f1: 0.8433 pred_right: 454743 pred_wrong:15057 actu_right: 454992 actu_wrong: 14808
2026-09-13 21:07:28,281 P2030322 INFO ----------------------------------------------------------------------------------------------------
2026-09-13 21:07:28,282 P2030322 INFO 14/50 starting... lr: 0.001 para:0.06666667014360428
2026-09-13 21:07:59,911 P2030322 INFO Epoch 14/50, all_loss:1.10856 cls_loss:1.14607 rec_loss:0.58343 [31.62s]; best loss:1.10856, patience : 0
2026-09-13 21:08:17,158 P2030322 INFO pr:0.8482  rc:0.8510  auc:0.9973 ap:0.9690 f1: 0.8496 pred_right: 1061598 pred_wrong:34602 actu_right: 1061711 actu_wrong: 34489
2026-09-13 21:08:24,734 P2030322 INFO pr:0.8514  rc:0.8533  auc:0.9972 ap:0.9691 f1: 0.8523 pred_right: 454958 pred_wrong:14842 actu_right: 454992 actu_wrong: 14808
2026-09-13 21:08:24,739 P2030322 INFO ----------------------------------------------------------------------------------------------------
2026-09-13 21:08:24,739 P2030322 INFO 15/50 starting... lr: 0.001 para:0.0625
2026-09-13 21:08:57,379 P2030322 INFO Epoch 15/50, all_loss:1.08651 cls_loss:1.11708 rec_loss:0.62792 [32.63s]; best loss:1.08651, patience : 0
2026-09-13 21:09:17,945 P2030322 INFO pr:0.8168  rc:0.8893  auc:0.9975 ap:0.9690 f1: 0.8515 pred_right: 1058650 pred_wrong:37550 actu_right: 1061709 actu_wrong: 34491
2026-09-13 21:09:31,401 P2030322 INFO pr:0.8173  rc:0.8890  auc:0.9973 ap:0.9686 f1: 0.8516 pred_right: 453693 pred_wrong:16107 actu_right: 454992 actu_wrong: 14808
2026-09-13 21:09:31,407 P2030322 INFO ----------------------------------------------------------------------------------------------------
2026-09-13 21:09:31,407 P2030322 INFO 16/50 starting... lr: 0.001 para:0.05882352963089943
2026-09-13 21:10:03,935 P2030322 INFO Epoch 16/50, all_loss:1.01875 cls_loss:1.04012 rec_loss:0.67672 [32.52s]; best loss:1.01875, patience : 0
2026-09-13 21:10:20,484 P2030322 INFO pr:0.9203  rc:0.7626  auc:0.9978 ap:0.9719 f1: 0.8340 pred_right: 1067623 pred_wrong:28577 actu_right: 1061711 actu_wrong: 34489
2026-09-13 21:10:27,488 P2030322 INFO pr:0.9232  rc:0.7574  auc:0.9976 ap:0.9717 f1: 0.8321 pred_right: 457652 pred_wrong:12148 actu_right: 454992 actu_wrong: 14808
2026-09-13 21:10:27,489 P2030322 INFO ----------------------------------------------------------------------------------------------------
2026-09-13 21:10:27,490 P2030322 INFO 17/50 starting... lr: 0.001 para:0.0555555559694767
2026-09-13 21:11:03,179 P2030322 INFO Epoch 17/50, all_loss:0.99190 cls_loss:1.00821 rec_loss:0.71455 [35.68s]; best loss:0.99190, patience : 0
2026-09-13 21:11:16,214 P2030322 INFO pr:0.8069  rc:0.9337  auc:0.9980 ap:0.9730 f1: 0.8657 pred_right: 1056286 pred_wrong:39914 actu_right: 1061708 actu_wrong: 34492
2026-09-13 21:11:33,161 P2030322 INFO pr:0.8088  rc:0.9321  auc:0.9978 ap:0.9723 f1: 0.8661 pred_right: 452734 pred_wrong:17066 actu_right: 454992 actu_wrong: 14808
2026-09-13 21:11:33,174 P2030322 INFO ----------------------------------------------------------------------------------------------------
2026-09-13 21:11:33,174 P2030322 INFO 18/50 starting... lr: 0.001 para:0.05263157933950424
2026-09-13 21:12:07,760 P2030322 INFO Epoch 18/50, all_loss:0.98225 cls_loss:0.99426 rec_loss:0.76620 [34.58s]; best loss:0.98225, patience : 0
2026-09-13 21:12:24,414 P2030322 INFO pr:0.9011  rc:0.8121  auc:0.9981 ap:0.9757 f1: 0.8543 pred_right: 1065114 pred_wrong:31086 actu_right: 1061707 actu_wrong: 34493
2026-09-13 21:12:31,228 P2030322 INFO pr:0.9018  rc:0.8107  auc:0.9978 ap:0.9754 f1: 0.8538 pred_right: 456487 pred_wrong:13313 actu_right: 454992 actu_wrong: 14808
2026-09-13 21:12:31,229 P2030322 INFO ----------------------------------------------------------------------------------------------------
2026-09-13 21:12:31,229 P2030322 INFO 19/50 starting... lr: 0.001 para:0.05000000074505806
2026-09-13 21:13:05,033 P2030322 INFO Epoch 19/50, all_loss:0.93997 cls_loss:0.94825 rec_loss:0.78270 [33.80s]; best loss:0.93997, patience : 0
2026-09-13 21:13:21,184 P2030322 INFO pr:0.9143  rc:0.8095  auc:0.9981 ap:0.9768 f1: 0.8587 pred_right: 1065662 pred_wrong:30538 actu_right: 1061708 actu_wrong: 34492
2026-09-13 21:13:26,879 P2030322 INFO pr:0.9153  rc:0.8088  auc:0.9978 ap:0.9764 f1: 0.8587 pred_right: 456716 pred_wrong:13084 actu_right: 454992 actu_wrong: 14808
2026-09-13 21:13:26,880 P2030322 INFO ----------------------------------------------------------------------------------------------------
2026-09-13 21:13:26,880 P2030322 INFO 20/50 starting... lr: 0.001 para:0.0476190485060215
2026-09-13 21:14:10,357 P2030322 INFO Epoch 20/50, all_loss:0.93855 cls_loss:0.94461 rec_loss:0.81734 [43.47s]; best loss:0.93855, patience : 0
2026-09-13 21:14:27,220 P2030322 INFO pr:0.9058  rc:0.8126  auc:0.9981 ap:0.9761 f1: 0.8567 pred_right: 1065260 pred_wrong:30940 actu_right: 1061711 actu_wrong: 34489
2026-09-13 21:14:33,894 P2030322 INFO pr:0.9045  rc:0.8082  auc:0.9979 ap:0.9755 f1: 0.8537 pred_right: 456569 pred_wrong:13231 actu_right: 454992 actu_wrong: 14808
2026-09-13 21:14:33,895 P2030322 INFO ----------------------------------------------------------------------------------------------------
2026-09-13 21:14:33,895 P2030322 INFO 21/50 starting... lr: 0.001 para:0.04545454680919647
2026-09-13 21:15:09,477 P2030322 INFO Epoch 21/50, all_loss:0.90924 cls_loss:0.91213 rec_loss:0.84864 [35.58s]; best loss:0.90924, patience : 0
2026-09-13 21:15:27,761 P2030322 INFO pr:0.9251  rc:0.7711  auc:0.9981 ap:0.9760 f1: 0.8411 pred_right: 1067446 pred_wrong:28754 actu_right: 1061704 actu_wrong: 34496
2026-09-13 21:15:32,395 P2030322 INFO pr:0.9266  rc:0.7684  auc:0.9978 ap:0.9759 f1: 0.8402 pred_right: 457520 pred_wrong:12280 actu_right: 454992 actu_wrong: 14808
2026-09-13 21:15:32,396 P2030322 INFO ----------------------------------------------------------------------------------------------------
2026-09-13 21:15:32,396 P2030322 INFO 22/50 starting... lr: 0.001 para:0.043478261679410934
2026-09-13 21:16:15,706 P2030322 INFO Epoch 22/50, all_loss:0.88284 cls_loss:0.88361 rec_loss:0.86598 [43.30s]; best loss:0.88284, patience : 0
2026-09-13 21:16:31,779 P2030322 INFO pr:0.8513  rc:0.9315  auc:0.9984 ap:0.9796 f1: 0.8896 pred_right: 1058467 pred_wrong:37733 actu_right: 1061715 actu_wrong: 34485
2026-09-13 21:16:38,886 P2030322 INFO pr:0.8519  rc:0.9277  auc:0.9982 ap:0.9790 f1: 0.8882 pred_right: 453674 pred_wrong:16126 actu_right: 454992 actu_wrong: 14808
2026-09-13 21:16:38,892 P2030322 INFO ----------------------------------------------------------------------------------------------------
2026-09-13 21:16:38,892 P2030322 INFO 23/50 starting... lr: 0.001 para:0.0416666679084301
2026-09-13 21:17:11,247 P2030322 INFO Epoch 23/50, all_loss:0.84868 cls_loss:0.84658 rec_loss:0.89712 [32.35s]; best loss:0.84868, patience : 0
2026-09-13 21:17:28,575 P2030322 INFO pr:0.8733  rc:0.9223  auc:0.9984 ap:0.9796 f1: 0.8971 pred_right: 1059775 pred_wrong:36425 actu_right: 1061708 actu_wrong: 34492
2026-09-13 21:17:37,111 P2030322 INFO pr:0.8752  rc:0.9164  auc:0.9982 ap:0.9791 f1: 0.8953 pred_right: 454295 pred_wrong:15505 actu_right: 454992 actu_wrong: 14808
2026-09-13 21:17:37,116 P2030322 INFO ----------------------------------------------------------------------------------------------------
2026-09-13 21:17:37,116 P2030322 INFO 24/50 starting... lr: 0.001 para:0.03999999910593033
2026-09-13 21:18:17,754 P2030322 INFO Epoch 24/50, all_loss:0.85000 cls_loss:0.84678 rec_loss:0.92727 [40.64s]; best loss:0.84868, patience : 1
2026-09-13 21:18:34,836 P2030322 INFO pr:0.8981  rc:0.8868  auc:0.9985 ap:0.9809 f1: 0.8924 pred_right: 1062145 pred_wrong:34055 actu_right: 1061712 actu_wrong: 34488
2026-09-13 21:18:41,583 P2030322 INFO pr:0.9001  rc:0.8812  auc:0.9983 ap:0.9802 f1: 0.8906 pred_right: 455303 pred_wrong:14497 actu_right: 454992 actu_wrong: 14808
2026-09-13 21:18:41,584 P2030322 INFO ----------------------------------------------------------------------------------------------------
2026-09-13 21:18:41,584 P2030322 INFO 25/50 starting... lr: 0.001 para:0.03846153989434242
2026-09-13 21:19:14,009 P2030322 INFO Epoch 25/50, all_loss:0.82602 cls_loss:0.82134 rec_loss:0.94314 [32.42s]; best loss:0.82602, patience : 0
2026-09-13 21:19:31,340 P2030322 INFO pr:0.8931  rc:0.8661  auc:0.9985 ap:0.9805 f1: 0.8794 pred_right: 1062754 pred_wrong:33446 actu_right: 1061711 actu_wrong: 34489
2026-09-13 21:19:38,549 P2030322 INFO pr:0.8962  rc:0.8610  auc:0.9983 ap:0.9801 f1: 0.8782 pred_right: 455574 pred_wrong:14226 actu_right: 454992 actu_wrong: 14808
2026-09-13 21:19:38,550 P2030322 INFO ----------------------------------------------------------------------------------------------------
2026-09-13 21:19:38,550 P2030322 INFO 26/50 starting... lr: 0.001 para:0.03703703731298447
2026-09-13 21:20:18,863 P2030322 INFO Epoch 26/50, all_loss:0.80575 cls_loss:0.79985 rec_loss:0.95918 [40.30s]; best loss:0.80575, patience : 0
2026-09-13 21:20:36,504 P2030322 INFO pr:0.9082  rc:0.8195  auc:0.9985 ap:0.9789 f1: 0.8616 pred_right: 1065080 pred_wrong:31120 actu_right: 1061709 actu_wrong: 34491
2026-09-13 21:20:43,247 P2030322 INFO pr:0.9099  rc:0.8131  auc:0.9983 ap:0.9783 f1: 0.8588 pred_right: 456567 pred_wrong:13233 actu_right: 454992 actu_wrong: 14808
2026-09-13 21:20:43,248 P2030322 INFO ----------------------------------------------------------------------------------------------------
2026-09-13 21:20:43,248 P2030322 INFO 27/50 starting... lr: 0.001 para:0.0357142873108387
2026-09-13 21:21:16,144 P2030322 INFO Epoch 27/50, all_loss:0.80141 cls_loss:0.79496 rec_loss:0.97542 [32.89s]; best loss:0.80141, patience : 0
2026-09-13 21:21:32,742 P2030322 INFO pr:0.9009  rc:0.8836  auc:0.9986 ap:0.9823 f1: 0.8922 pred_right: 1062373 pred_wrong:33827 actu_right: 1061709 actu_wrong: 34491
2026-09-13 21:21:39,863 P2030322 INFO pr:0.9044  rc:0.8774  auc:0.9984 ap:0.9816 f1: 0.8907 pred_right: 455434 pred_wrong:14366 actu_right: 454992 actu_wrong: 14808
2026-09-13 21:21:39,864 P2030322 INFO ----------------------------------------------------------------------------------------------------
2026-09-13 21:21:39,864 P2030322 INFO 28/50 starting... lr: 0.001 para:0.03448275849223137
2026-09-13 21:22:10,910 P2030322 INFO Epoch 28/50, all_loss:0.78118 cls_loss:0.77356 rec_loss:0.99467 [31.04s]; best loss:0.78118, patience : 0
2026-09-13 21:22:40,560 P2030322 INFO pr:0.9229  rc:0.8443  auc:0.9984 ap:0.9823 f1: 0.8818 pred_right: 1064647 pred_wrong:31553 actu_right: 1061710 actu_wrong: 34490
2026-09-13 21:22:47,456 P2030322 INFO pr:0.9243  rc:0.8395  auc:0.9982 ap:0.9815 f1: 0.8799 pred_right: 456350 pred_wrong:13450 actu_right: 454992 actu_wrong: 14808
2026-09-13 21:22:47,457 P2030322 INFO ----------------------------------------------------------------------------------------------------
2026-09-13 21:22:47,457 P2030322 INFO 29/50 starting... lr: 0.001 para:0.03333333507180214
2026-09-13 21:23:19,047 P2030322 INFO Epoch 29/50, all_loss:0.77779 cls_loss:0.76965 rec_loss:1.01403 [31.58s]; best loss:0.77779, patience : 0
2026-09-13 21:23:36,626 P2030322 INFO pr:0.8921  rc:0.8841  auc:0.9984 ap:0.9808 f1: 0.8881 pred_right: 1062021 pred_wrong:34179 actu_right: 1061713 actu_wrong: 34487
2026-09-13 21:23:44,300 P2030322 INFO pr:0.8946  rc:0.8783  auc:0.9982 ap:0.9800 f1: 0.8864 pred_right: 455261 pred_wrong:14539 actu_right: 454992 actu_wrong: 14808
2026-09-13 21:23:44,302 P2030322 INFO ----------------------------------------------------------------------------------------------------
2026-09-13 21:23:44,302 P2030322 INFO 30/50 starting... lr: 0.001 para:0.032258063554763794
2026-09-13 21:24:16,669 P2030322 INFO Epoch 30/50, all_loss:0.76216 cls_loss:0.75285 rec_loss:1.04132 [32.36s]; best loss:0.76216, patience : 0
2026-09-13 21:24:45,645 P2030322 INFO pr:0.8880  rc:0.9195  auc:0.9988 ap:0.9822 f1: 0.9035 pred_right: 1060490 pred_wrong:35710 actu_right: 1061713 actu_wrong: 34487
2026-09-13 21:24:53,481 P2030322 INFO pr:0.8880  rc:0.9098  auc:0.9986 ap:0.9814 f1: 0.8988 pred_right: 454628 pred_wrong:15172 actu_right: 454992 actu_wrong: 14808
2026-09-13 21:24:53,487 P2030322 INFO ----------------------------------------------------------------------------------------------------
2026-09-13 21:24:53,487 P2030322 INFO 31/50 starting... lr: 0.001 para:0.03125
2026-09-13 21:25:25,678 P2030322 INFO Epoch 31/50, all_loss:0.75401 cls_loss:0.74446 rec_loss:1.04994 [32.19s]; best loss:0.75401, patience : 0
2026-09-13 21:25:42,115 P2030322 INFO pr:0.8889  rc:0.9353  auc:0.9988 ap:0.9846 f1: 0.9115 pred_right: 1059913 pred_wrong:36287 actu_right: 1061710 actu_wrong: 34490
2026-09-13 21:25:48,874 P2030322 INFO pr:0.8876  rc:0.9270  auc:0.9986 ap:0.9830 f1: 0.9069 pred_right: 454335 pred_wrong:15465 actu_right: 454992 actu_wrong: 14808
2026-09-13 21:25:48,880 P2030322 INFO ----------------------------------------------------------------------------------------------------
2026-09-13 21:25:48,880 P2030322 INFO 32/50 starting... lr: 0.001 para:0.03030303120613098
2026-09-13 21:26:22,127 P2030322 INFO Epoch 32/50, all_loss:0.72267 cls_loss:0.71100 rec_loss:1.09614 [33.24s]; best loss:0.72267, patience : 0
2026-09-13 21:26:35,230 P2030322 INFO pr:0.8931  rc:0.9113  auc:0.9987 ap:0.9826 f1: 0.9021 pred_right: 1061010 pred_wrong:35190 actu_right: 1061712 actu_wrong: 34488
2026-09-13 21:26:53,786 P2030322 INFO pr:0.8919  rc:0.9037  auc:0.9984 ap:0.9814 f1: 0.8978 pred_right: 454796 pred_wrong:15004 actu_right: 454992 actu_wrong: 14808
2026-09-13 21:26:53,788 P2030322 INFO ----------------------------------------------------------------------------------------------------
2026-09-13 21:26:53,788 P2030322 INFO 33/50 starting... lr: 0.001 para:0.029411764815449715
2026-09-13 21:27:28,007 P2030322 INFO Epoch 33/50, all_loss:0.72450 cls_loss:0.71298 rec_loss:1.10489 [34.22s]; best loss:0.72267, patience : 1
2026-09-13 21:27:44,381 P2030322 INFO pr:0.9062  rc:0.8932  auc:0.9986 ap:0.9834 f1: 0.8997 pred_right: 1062204 pred_wrong:33996 actu_right: 1061712 actu_wrong: 34488
2026-09-13 21:27:51,804 P2030322 INFO pr:0.9050  rc:0.8896  auc:0.9982 ap:0.9826 f1: 0.8972 pred_right: 455244 pred_wrong:14556 actu_right: 454992 actu_wrong: 14808
2026-09-13 21:27:51,805 P2030322 INFO ----------------------------------------------------------------------------------------------------
2026-09-13 21:27:51,805 P2030322 INFO 34/50 starting... lr: 0.001 para:0.02857142873108387
2026-09-13 21:28:24,041 P2030322 INFO Epoch 34/50, all_loss:0.71425 cls_loss:0.70187 rec_loss:1.13537 [32.23s]; best loss:0.71425, patience : 0
2026-09-13 21:28:39,489 P2030322 INFO pr:0.9103  rc:0.9212  auc:0.9987 ap:0.9860 f1: 0.9157 pred_right: 1061294 pred_wrong:34906 actu_right: 1061708 actu_wrong: 34492
2026-09-13 21:28:45,283 P2030322 INFO pr:0.9100  rc:0.9146  auc:0.9986 ap:0.9848 f1: 0.9123 pred_right: 454916 pred_wrong:14884 actu_right: 454992 actu_wrong: 14808
2026-09-13 21:28:45,293 P2030322 INFO ----------------------------------------------------------------------------------------------------
2026-09-13 21:28:45,294 P2030322 INFO 35/50 starting... lr: 0.001 para:0.02777777798473835
2026-09-13 21:29:28,740 P2030322 INFO Epoch 35/50, all_loss:0.68178 cls_loss:0.66745 rec_loss:1.18318 [43.44s]; best loss:0.68178, patience : 0
2026-09-13 21:29:45,187 P2030322 INFO pr:0.9129  rc:0.9032  auc:0.9988 ap:0.9848 f1: 0.9080 pred_right: 1062079 pred_wrong:34121 actu_right: 1061714 actu_wrong: 34486
2026-09-13 21:29:52,122 P2030322 INFO pr:0.9143  rc:0.8949  auc:0.9986 ap:0.9838 f1: 0.9045 pred_right: 455306 pred_wrong:14494 actu_right: 454992 actu_wrong: 14808
2026-09-13 21:29:52,123 P2030322 INFO ----------------------------------------------------------------------------------------------------
2026-09-13 21:29:52,124 P2030322 INFO 36/50 starting... lr: 0.001 para:0.027027027681469917
2026-09-13 21:30:25,089 P2030322 INFO Epoch 36/50, all_loss:0.66834 cls_loss:0.65360 rec_loss:1.19923 [32.96s]; best loss:0.66834, patience : 0
2026-09-13 21:30:42,986 P2030322 INFO pr:0.8996  rc:0.9354  auc:0.9990 ap:0.9862 f1: 0.9171 pred_right: 1060337 pred_wrong:35863 actu_right: 1061711 actu_wrong: 34489
2026-09-13 21:30:48,269 P2030322 INFO pr:0.8985  rc:0.9281  auc:0.9988 ap:0.9850 f1: 0.9131 pred_right: 454503 pred_wrong:15297 actu_right: 454992 actu_wrong: 14808
2026-09-13 21:30:48,274 P2030322 INFO ----------------------------------------------------------------------------------------------------
2026-09-13 21:30:48,275 P2030322 INFO 37/50 starting... lr: 0.001 para:0.02631578966975212
2026-09-13 21:31:31,487 P2030322 INFO Epoch 37/50, all_loss:0.66799 cls_loss:0.65276 rec_loss:1.23138 [43.21s]; best loss:0.66799, patience : 0
2026-09-13 21:31:47,966 P2030322 INFO pr:0.8912  rc:0.9438  auc:0.9989 ap:0.9867 f1: 0.9168 pred_right: 1059672 pred_wrong:36528 actu_right: 1061708 actu_wrong: 34492
2026-09-13 21:31:55,139 P2030322 INFO pr:0.8916  rc:0.9373  auc:0.9986 ap:0.9856 f1: 0.9139 pred_right: 454232 pred_wrong:15568 actu_right: 454992 actu_wrong: 14808
2026-09-13 21:31:55,140 P2030322 INFO ----------------------------------------------------------------------------------------------------
2026-09-13 21:31:55,141 P2030322 INFO 38/50 starting... lr: 0.001 para:0.025641025975346565
2026-09-13 21:32:26,936 P2030322 INFO Epoch 38/50, all_loss:0.62810 cls_loss:0.61190 rec_loss:1.24370 [31.79s]; best loss:0.62810, patience : 0
2026-09-13 21:32:44,863 P2030322 INFO pr:0.8916  rc:0.9467  auc:0.9988 ap:0.9875 f1: 0.9183 pred_right: 1059581 pred_wrong:36619 actu_right: 1061712 actu_wrong: 34488
2026-09-13 21:32:52,307 P2030322 INFO pr:0.8915  rc:0.9437  auc:0.9987 ap:0.9868 f1: 0.9169 pred_right: 454125 pred_wrong:15675 actu_right: 454992 actu_wrong: 14808
2026-09-13 21:32:52,311 P2030322 INFO ----------------------------------------------------------------------------------------------------
2026-09-13 21:32:52,312 P2030322 INFO 39/50 starting... lr: 0.001 para:0.02500000037252903
2026-09-13 21:33:34,254 P2030322 INFO Epoch 39/50, all_loss:0.63674 cls_loss:0.62061 rec_loss:1.26600 [41.94s]; best loss:0.62810, patience : 1
2026-09-13 21:33:50,840 P2030322 INFO pr:0.9198  rc:0.9115  auc:0.9990 ap:0.9869 f1: 0.9156 pred_right: 1062020 pred_wrong:34180 actu_right: 1061711 actu_wrong: 34489
2026-09-13 21:33:58,022 P2030322 INFO pr:0.9177  rc:0.9031  auc:0.9988 ap:0.9856 f1: 0.9103 pred_right: 455228 pred_wrong:14572 actu_right: 454992 actu_wrong: 14808
2026-09-13 21:33:58,024 P2030322 INFO ----------------------------------------------------------------------------------------------------
2026-09-13 21:33:58,024 P2030322 INFO 40/50 starting... lr: 0.001 para:0.024390242993831635
2026-09-13 21:34:30,660 P2030322 INFO Epoch 40/50, all_loss:0.62079 cls_loss:0.60434 rec_loss:1.27889 [32.63s]; best loss:0.62079, patience : 0
2026-09-13 21:34:48,400 P2030322 INFO pr:0.8877  rc:0.9501  auc:0.9992 ap:0.9885 f1: 0.9178 pred_right: 1059283 pred_wrong:36917 actu_right: 1061708 actu_wrong: 34492
2026-09-13 21:34:56,925 P2030322 INFO pr:0.8847  rc:0.9442  auc:0.9989 ap:0.9866 f1: 0.9135 pred_right: 453995 pred_wrong:15805 actu_right: 454992 actu_wrong: 14808
2026-09-13 21:34:56,926 P2030322 INFO ----------------------------------------------------------------------------------------------------
2026-09-13 21:34:56,926 P2030322 INFO 41/50 starting... lr: 0.001 para:0.02380952425301075
2026-09-13 21:35:36,848 P2030322 INFO Epoch 41/50, all_loss:0.61282 cls_loss:0.59593 rec_loss:1.30536 [39.92s]; best loss:0.61282, patience : 0
2026-09-13 21:35:53,597 P2030322 INFO pr:0.9339  rc:0.8929  auc:0.9991 ap:0.9884 f1: 0.9130 pred_right: 1063227 pred_wrong:32973 actu_right: 1061713 actu_wrong: 34487
2026-09-13 21:36:00,564 P2030322 INFO pr:0.9335  rc:0.8859  auc:0.9989 ap:0.9875 f1: 0.9091 pred_right: 455748 pred_wrong:14052 actu_right: 454992 actu_wrong: 14808
2026-09-13 21:36:00,565 P2030322 INFO ----------------------------------------------------------------------------------------------------
2026-09-13 21:36:00,565 P2030322 INFO 42/50 starting... lr: 0.001 para:0.023255813866853714
2026-09-13 21:36:33,364 P2030322 INFO Epoch 42/50, all_loss:0.59307 cls_loss:0.57569 rec_loss:1.32322 [32.79s]; best loss:0.59307, patience : 0
2026-09-13 21:36:49,573 P2030322 INFO pr:0.9128  rc:0.9401  auc:0.9991 ap:0.9898 f1: 0.9262 pred_right: 1060678 pred_wrong:35522 actu_right: 1061710 actu_wrong: 34490
2026-09-13 21:36:56,960 P2030322 INFO pr:0.9125  rc:0.9336  auc:0.9989 ap:0.9888 f1: 0.9229 pred_right: 454649 pred_wrong:15151 actu_right: 454992 actu_wrong: 14808
2026-09-13 21:36:56,965 P2030322 INFO ----------------------------------------------------------------------------------------------------
2026-09-13 21:36:56,965 P2030322 INFO 43/50 starting... lr: 0.001 para:0.022727273404598236
2026-09-13 21:37:38,440 P2030322 INFO Epoch 43/50, all_loss:0.63053 cls_loss:0.61397 rec_loss:1.34245 [41.47s]; best loss:0.59307, patience : 1
2026-09-13 21:37:55,135 P2030322 INFO pr:0.9012  rc:0.9553  auc:0.9993 ap:0.9895 f1: 0.9274 pred_right: 1059643 pred_wrong:36557 actu_right: 1061712 actu_wrong: 34488
2026-09-13 21:38:02,021 P2030322 INFO pr:0.9001  rc:0.9505  auc:0.9992 ap:0.9884 f1: 0.9246 pred_right: 454163 pred_wrong:15637 actu_right: 454992 actu_wrong: 14808
2026-09-13 21:38:02,026 P2030322 INFO ----------------------------------------------------------------------------------------------------
2026-09-13 21:38:02,026 P2030322 INFO 44/50 starting... lr: 0.001 para:0.02222222276031971
2026-09-13 21:38:33,873 P2030322 INFO Epoch 44/50, all_loss:0.56849 cls_loss:0.55067 rec_loss:1.35246 [31.84s]; best loss:0.56849, patience : 0
2026-09-13 21:38:50,919 P2030322 INFO pr:0.9308  rc:0.9172  auc:0.9993 ap:0.9899 f1: 0.9240 pred_right: 1062216 pred_wrong:33984 actu_right: 1061711 actu_wrong: 34489
2026-09-13 21:38:58,138 P2030322 INFO pr:0.9291  rc:0.9146  auc:0.9992 ap:0.9893 f1: 0.9218 pred_right: 455223 pred_wrong:14577 actu_right: 454992 actu_wrong: 14808
2026-09-13 21:38:58,139 P2030322 INFO ----------------------------------------------------------------------------------------------------
2026-09-13 21:38:58,139 P2030322 INFO 45/50 starting... lr: 0.001 para:0.021739130839705467
2026-09-13 21:39:29,506 P2030322 INFO Epoch 45/50, all_loss:0.56768 cls_loss:0.54947 rec_loss:1.38706 [31.34s]; best loss:0.56768, patience : 0
2026-09-13 21:40:00,089 P2030322 INFO pr:0.9284  rc:0.9118  auc:0.9990 ap:0.9895 f1: 0.9200 pred_right: 1062326 pred_wrong:33874 actu_right: 1061710 actu_wrong: 34490
2026-09-13 21:40:07,125 P2030322 INFO pr:0.9269  rc:0.9048  auc:0.9989 ap:0.9881 f1: 0.9157 pred_right: 455345 pred_wrong:14455 actu_right: 454992 actu_wrong: 14808
2026-09-13 21:40:07,126 P2030322 INFO ----------------------------------------------------------------------------------------------------
2026-09-13 21:40:07,126 P2030322 INFO 46/50 starting... lr: 0.001 para:0.021276595070958138
2026-09-13 21:40:39,597 P2030322 INFO Epoch 46/50, all_loss:0.55937 cls_loss:0.54132 rec_loss:1.38991 [32.46s]; best loss:0.55937, patience : 0
2026-09-13 21:40:56,280 P2030322 INFO pr:0.9242  rc:0.9329  auc:0.9991 ap:0.9891 f1: 0.9286 pred_right: 1061384 pred_wrong:34816 actu_right: 1061708 actu_wrong: 34492
2026-09-13 21:41:03,296 P2030322 INFO pr:0.9219  rc:0.9261  auc:0.9989 ap:0.9882 f1: 0.9240 pred_right: 454924 pred_wrong:14876 actu_right: 454992 actu_wrong: 14808
2026-09-13 21:41:03,302 P2030322 INFO ----------------------------------------------------------------------------------------------------
2026-09-13 21:41:03,302 P2030322 INFO 47/50 starting... lr: 0.001 para:0.02083333395421505
2026-09-13 21:41:35,157 P2030322 INFO Epoch 47/50, all_loss:0.57837 cls_loss:0.56056 rec_loss:1.41518 [31.85s]; best loss:0.55937, patience : 1
2026-09-13 21:42:03,925 P2030322 INFO pr:0.9155  rc:0.9505  auc:0.9994 ap:0.9913 f1: 0.9327 pred_right: 1060389 pred_wrong:35811 actu_right: 1061708 actu_wrong: 34492
2026-09-13 21:42:11,214 P2030322 INFO pr:0.9164  rc:0.9465  auc:0.9992 ap:0.9903 f1: 0.9312 pred_right: 454506 pred_wrong:15294 actu_right: 454992 actu_wrong: 14808
2026-09-13 21:42:11,219 P2030322 INFO ----------------------------------------------------------------------------------------------------
2026-09-13 21:42:11,220 P2030322 INFO 48/50 starting... lr: 0.001 para:0.020408162847161293
2026-09-13 21:42:43,089 P2030322 INFO Epoch 48/50, all_loss:0.58272 cls_loss:0.56520 rec_loss:1.42388 [31.87s]; best loss:0.55937, patience : 2
2026-09-13 21:43:00,031 P2030322 INFO pr:0.9139  rc:0.9527  auc:0.9994 ap:0.9908 f1: 0.9329 pred_right: 1060247 pred_wrong:35953 actu_right: 1061710 actu_wrong: 34490
2026-09-13 21:43:07,471 P2030322 INFO pr:0.9141  rc:0.9471  auc:0.9991 ap:0.9894 f1: 0.9303 pred_right: 454457 pred_wrong:15343 actu_right: 454992 actu_wrong: 14808
2026-09-13 21:43:07,477 P2030322 INFO ----------------------------------------------------------------------------------------------------
2026-09-13 21:43:07,477 P2030322 INFO 49/50 starting... lr: 0.001 para:0.019999999552965164
2026-09-13 21:43:40,494 P2030322 INFO Epoch 49/50, all_loss:0.55343 cls_loss:0.53558 rec_loss:1.42829 [33.01s]; best loss:0.55343, patience : 0
2026-09-13 21:44:06,453 P2030322 INFO pr:0.9367  rc:0.9166  auc:0.9993 ap:0.9911 f1: 0.9265 pred_right: 1062455 pred_wrong:33745 actu_right: 1061712 actu_wrong: 34488
2026-09-13 21:44:15,331 P2030322 INFO pr:0.9368  rc:0.9082  auc:0.9991 ap:0.9903 f1: 0.9223 pred_right: 455444 pred_wrong:14356 actu_right: 454992 actu_wrong: 14808
2026-09-13 21:44:15,332 P2030322 INFO saving model...
2026-09-13 21:44:15,332 P2030322 INFO FITS_Legendre - loss  best score:0.553430438041687 at epoch 49
2026-09-13 21:44:15,340 P2030322 INFO FITS_Legendre - f1  best score:0.9328961003932257 at epoch 48
2026-09-13 21:44:15,347 P2030322 INFO Average training time per epoch: 35.08 seconds
2026-09-13 21:44:15,349 P2030322 INFO calculate scores...
2026-09-13 21:44:15,349 P2030322 INFO calculate label with loss...
2026-09-13 21:44:15,349 P2030322 INFO FITS_Legendre on ./result/server_only_exps/Ablations_updatedFreDF/FITS_Legendre-TT-Epochs50-Seed1-ExpNameRQ2z5_basis_degree_comparison-LPFLPF-Attnlinear_attn-NormLinTrue-RecLambda1.0-AuxiLambda0.2-lowshow-simplegraph-Degree3-BasisTypechebyshev loading...
2026-09-13 21:44:22,986 P2030322 INFO pr:0.9368  rc:0.9082  auc:0.9991 ap:0.9903 f1: 0.9223 pred_right: 455444 pred_wrong:14356 actu_right: 454992 actu_wrong: 14808
2026-09-13 21:44:34,025 P2030322 INFO pr:0.9368  rc:0.9082  auc:0.9991 ap:0.9903 f1: 0.9223 pred_right: 455444 pred_wrong:14356 actu_right: 454992 actu_wrong: 14808
2026-09-13 21:44:34,026 P2030322 INFO Performance Summary:
{'GPU': {'inference_time_per_sample_ms': 0.395776423247345, 'throughput_samples_per_sec': 2526.6790573197904, 'peak_memory_mb': 87.591796875, 'energy_per_sample_joules': 0.019118573789597873}, 'CPU': {'inference_time_per_sample_ms': 0.58934431262186, 'throughput_samples_per_sec': 1696.800967758941, 'peak_memory_mb': 5441.40625, 'energy_per_sample_joules': 0.03830738032042091}}
2026-09-13 21:44:34,026 P2030322 INFO Starting clean-room hardware benchmarking...
2026-09-13 21:44:35,062 P2030322 INFO Performance with loss: pr:0.9368  rc:0.9082  auc:0.9991 ap:0.9903 f1: 0.9223 pred_right: 455444 pred_wrong:14356 actu_right: 454992 actu_wrong: 14808
2026-09-13 21:44:35,062 P2030322 INFO calculate label with f1...
2026-09-13 21:44:35,070 P2030322 INFO FITS_Legendre on ./result/server_only_exps/Ablations_updatedFreDF/FITS_Legendre-TT-Epochs50-Seed1-ExpNameRQ2z5_basis_degree_comparison-LPFLPF-Attnlinear_attn-NormLinTrue-RecLambda1.0-AuxiLambda0.2-lowshow-simplegraph-Degree3-BasisTypechebyshev loading...
2026-09-13 21:44:41,864 P2030322 INFO pr:0.9141  rc:0.9471  auc:0.9991 ap:0.9894 f1: 0.9303 pred_right: 454457 pred_wrong:15343 actu_right: 454992 actu_wrong: 14808
2026-09-13 21:44:53,655 P2030322 INFO pr:0.9141  rc:0.9471  auc:0.9991 ap:0.9894 f1: 0.9303 pred_right: 454457 pred_wrong:15343 actu_right: 454992 actu_wrong: 14808
2026-09-13 21:44:53,656 P2030322 INFO Performance Summary:
{'GPU': {'inference_time_per_sample_ms': 0.3471672680019374, 'throughput_samples_per_sec': 2880.455884436719, 'peak_memory_mb': 87.087890625, 'energy_per_sample_joules': 0.01772948520959094}, 'CPU': {'inference_time_per_sample_ms': 0.6314574098203815, 'throughput_samples_per_sec': 1583.6380798579128, 'peak_memory_mb': 5347.55859375, 'energy_per_sample_joules': 0.0410447316383248}}
2026-09-13 21:44:53,656 P2030322 INFO Starting clean-room hardware benchmarking...
2026-09-13 21:44:54,726 P2030322 INFO Performance with f1: pr:0.9141  rc:0.9471  auc:0.9991 ap:0.9894 f1: 0.9303 pred_right: 454457 pred_wrong:15343 actu_right: 454992 actu_wrong: 14808
2026-09-13 21:44:54,726 P2030322 INFO Collecting case-study samples...
