2026-07-13 14:18:07,300 P754907 INFO ---- Model: ----MSTGAD-cb7430bf----random_seed : 2----req_loss_approach : Legendre-style----rec_lambda : 1.0----auxi_lambda : 0.2----Freq Domain : FITS_Legendre----Multi Fits : false----train : True----evaluate : False
2026-07-13 14:18:07,301 P754907 INFO Load from /home/db2003/Desktop/Amr/Tests/Eadro/codes/chunks/TT
2026-07-13 14:18:18,817 P754907 INFO Fewshot: training with 1.0 of the 70% of the data
2026-07-13 14:18:27,747 P754907 INFO Trainable Parameters Breakdown:
2026-07-13 14:18:27,748 P754907 INFO --------------------------------------------------------------------------------
2026-07-13 14:18:27,748 P754907 INFO Reconstruction-Specific Parameters:
2026-07-13 14:18:27,748 P754907 INFO linear_attn.Wq.weight                    | shape: (10, 10)                  | params: 100
2026-07-13 14:18:27,748 P754907 INFO linear_attn.Wk.weight                    | shape: (10, 10)                  | params: 100
2026-07-13 14:18:27,748 P754907 INFO linear_attn.Wv.weight                    | shape: (10, 10)                  | params: 100
2026-07-13 14:18:27,748 P754907 INFO linear_attn.out.weight                   | shape: (10, 10)                  | params: 100
2026-07-13 14:18:27,748 P754907 INFO linear_attn.out.bias                     | shape: (10,)                     | params: 10
2026-07-13 14:18:27,748 P754907 INFO linear_attn.norm.weight                  | shape: (10,)                     | params: 10
2026-07-13 14:18:27,748 P754907 INFO linear_attn.norm.bias                    | shape: (10,)                     | params: 10
2026-07-13 14:18:27,748 P754907 INFO shared_fits.normlin_W                    | shape: (5, 5)                    | params: 25
2026-07-13 14:18:27,748 P754907 INFO shared_fits.freq_upsampler.weight        | shape: (5, 5)                    | params: 25
2026-07-13 14:18:27,748 P754907 INFO shared_fits.freq_upsampler.bias          | shape: (5,)                      | params: 5
2026-07-13 14:18:27,748 P754907 INFO modality_proj.node.weight                | shape: (10, 8)                   | params: 80
2026-07-13 14:18:27,748 P754907 INFO modality_proj.node.bias                  | shape: (10,)                     | params: 10
2026-07-13 14:18:27,748 P754907 INFO modality_proj.log.weight                 | shape: (10, 32)                  | params: 320
2026-07-13 14:18:27,748 P754907 INFO modality_proj.log.bias                   | shape: (10,)                     | params: 10
2026-07-13 14:18:27,748 P754907 INFO modality_proj.edge.weight                | shape: (10, 8)                   | params: 80
2026-07-13 14:18:27,748 P754907 INFO modality_proj.edge.bias                  | shape: (10,)                     | params: 10
2026-07-13 14:18:27,748 P754907 INFO modality_proj_out.node.weight            | shape: (8, 10)                   | params: 80
2026-07-13 14:18:27,748 P754907 INFO modality_proj_out.node.bias              | shape: (8,)                      | params: 8
2026-07-13 14:18:27,748 P754907 INFO modality_proj_out.log.weight             | shape: (32, 10)                  | params: 320
2026-07-13 14:18:27,748 P754907 INFO modality_proj_out.log.bias               | shape: (32,)                     | params: 32
2026-07-13 14:18:27,749 P754907 INFO modality_proj_out.edge.weight            | shape: (8, 10)                   | params: 80
2026-07-13 14:18:27,749 P754907 INFO modality_proj_out.edge.bias              | shape: (8,)                      | params: 8
2026-07-13 14:18:27,749 P754907 INFO Subtotal: 1,523
2026-07-13 14:18:27,749 P754907 INFO --------------------------------------------------------------------------------
2026-07-13 14:18:27,749 P754907 INFO Common Parameters:
2026-07-13 14:18:27,749 P754907 INFO node_emb.linear.weight                   | shape: (8, 7)                    | params: 56
2026-07-13 14:18:27,749 P754907 INFO node_emb.linear.bias                     | shape: (8,)                      | params: 8
2026-07-13 14:18:27,749 P754907 INFO log_emb.linear.weight                    | shape: (32, 60)                  | params: 1,920
2026-07-13 14:18:27,749 P754907 INFO log_emb.linear.bias                      | shape: (32,)                     | params: 32
2026-07-13 14:18:27,749 P754907 INFO egde_emb.linear.weight                   | shape: (8, 2)                    | params: 16
2026-07-13 14:18:27,749 P754907 INFO egde_emb.linear.bias                     | shape: (8,)                      | params: 8
2026-07-13 14:18:27,749 P754907 INFO dense_node.weight                        | shape: (7, 8)                    | params: 56
2026-07-13 14:18:27,749 P754907 INFO dense_node.bias                          | shape: (7,)                      | params: 7
2026-07-13 14:18:27,749 P754907 INFO dense_log.weight                         | shape: (60, 32)                  | params: 1,920
2026-07-13 14:18:27,749 P754907 INFO dense_log.bias                           | shape: (60,)                     | params: 60
2026-07-13 14:18:27,749 P754907 INFO dense_edge.weight                        | shape: (2, 8)                    | params: 16
2026-07-13 14:18:27,749 P754907 INFO dense_edge.bias                          | shape: (2,)                      | params: 2
2026-07-13 14:18:27,749 P754907 INFO show.0.weight                            | shape: (128, 69)                 | params: 8,832
2026-07-13 14:18:27,749 P754907 INFO show.0.bias                              | shape: (128,)                    | params: 128
2026-07-13 14:18:27,749 P754907 INFO show.2.weight                            | shape: (2, 128)                  | params: 256
2026-07-13 14:18:27,749 P754907 INFO show.2.bias                              | shape: (2,)                      | params: 2
2026-07-13 14:18:27,749 P754907 INFO Subtotal: 13,319
2026-07-13 14:18:27,749 P754907 INFO --------------------------------------------------------------------------------
2026-07-13 14:18:27,749 P754907 INFO Total Trainable Parameters: 14,842

2026-07-13 14:18:27,750 P754907 INFO Trainable Parameters: 14842, reconstruction: 1523, common: 13319
2026-07-13 14:18:27,750 P754907 INFO model : init weight
2026-07-13 14:18:27,750 P754907 INFO Using GPU...
2026-07-13 14:18:27,755 P754907 INFO optimizer : using AdaBelief
2026-07-13 14:18:27,755 P754907 INFO ----------------------------------------------------------------------------------------------------
2026-07-13 14:18:27,755 P754907 INFO 0/50 starting... lr: 0.001 para:1.0
2026-07-13 14:18:48,651 P754907 INFO Epoch 0/50, all_loss:0.08027 cls_loss:28.54391 rec_loss:0.08027 [20.89s]; best loss:0.08027, patience : 0
2026-07-13 14:18:48,651 P754907 INFO ----------------------------------------------------------------------------------------------------
2026-07-13 14:18:48,651 P754907 INFO 1/50 starting... lr: 0.001 para:0.5
2026-07-13 14:19:12,291 P754907 INFO Epoch 1/50, all_loss:1.90859 cls_loss:3.59515 rec_loss:0.22202 [23.63s]; best loss:1.90859, patience : 0
2026-07-13 14:19:12,291 P754907 INFO ----------------------------------------------------------------------------------------------------
2026-07-13 14:19:12,292 P754907 INFO 2/50 starting... lr: 0.001 para:0.3333333432674408
2026-07-13 14:19:36,888 P754907 INFO Epoch 2/50, all_loss:1.44344 cls_loss:2.03735 rec_loss:0.25561 [24.59s]; best loss:1.44344, patience : 0
2026-07-13 14:19:47,712 P754907 INFO pr:0.8469  rc:0.5760  auc:0.9904 ap:0.9139 f1: 0.6857 pred_right: 1072741 pred_wrong:23459 actu_right: 1061707 actu_wrong: 34493
2026-07-13 14:19:52,234 P754907 INFO pr:0.8471  rc:0.5760  auc:0.9905 ap:0.9141 f1: 0.6857 pred_right: 459731 pred_wrong:10069 actu_right: 454992 actu_wrong: 14808
2026-07-13 14:19:52,238 P754907 INFO ----------------------------------------------------------------------------------------------------
2026-07-13 14:19:52,242 P754907 INFO 3/50 starting... lr: 0.001 para:0.25
2026-07-13 14:20:13,118 P754907 INFO Epoch 3/50, all_loss:1.41903 cls_loss:1.79906 rec_loss:0.27894 [20.87s]; best loss:1.41903, patience : 0
2026-07-13 14:20:24,784 P754907 INFO pr:0.8436  rc:0.6497  auc:0.9928 ap:0.9277 f1: 0.7340 pred_right: 1069637 pred_wrong:26563 actu_right: 1061708 actu_wrong: 34492
2026-07-13 14:20:29,001 P754907 INFO pr:0.8455  rc:0.6508  auc:0.9928 ap:0.9280 f1: 0.7355 pred_right: 458402 pred_wrong:11398 actu_right: 454992 actu_wrong: 14808
2026-07-13 14:20:29,005 P754907 INFO ----------------------------------------------------------------------------------------------------
2026-07-13 14:20:29,005 P754907 INFO 4/50 starting... lr: 0.001 para:0.20000000298023224
2026-07-13 14:20:55,547 P754907 INFO Epoch 4/50, all_loss:1.35408 cls_loss:1.61430 rec_loss:0.31317 [26.54s]; best loss:1.35408, patience : 0
2026-07-13 14:21:06,376 P754907 INFO pr:0.8022  rc:0.7384  auc:0.9941 ap:0.9390 f1: 0.7690 pred_right: 1064448 pred_wrong:31752 actu_right: 1061706 actu_wrong: 34494
2026-07-13 14:21:10,903 P754907 INFO pr:0.8012  rc:0.7406  auc:0.9942 ap:0.9385 f1: 0.7697 pred_right: 456111 pred_wrong:13689 actu_right: 454992 actu_wrong: 14808
2026-07-13 14:21:10,907 P754907 INFO ----------------------------------------------------------------------------------------------------
2026-07-13 14:21:10,908 P754907 INFO 5/50 starting... lr: 0.001 para:0.1666666716337204
2026-07-13 14:21:31,735 P754907 INFO Epoch 5/50, all_loss:1.29839 cls_loss:1.48400 rec_loss:0.37032 [20.82s]; best loss:1.29839, patience : 0
2026-07-13 14:21:42,288 P754907 INFO pr:0.8267  rc:0.7488  auc:0.9954 ap:0.9471 f1: 0.7859 pred_right: 1064959 pred_wrong:31241 actu_right: 1061711 actu_wrong: 34489
2026-07-13 14:21:46,794 P754907 INFO pr:0.8292  rc:0.7476  auc:0.9955 ap:0.9478 f1: 0.7863 pred_right: 456448 pred_wrong:13352 actu_right: 454992 actu_wrong: 14808
2026-07-13 14:21:46,799 P754907 INFO ----------------------------------------------------------------------------------------------------
2026-07-13 14:21:46,799 P754907 INFO 6/50 starting... lr: 0.001 para:0.1428571492433548
2026-07-13 14:22:07,350 P754907 INFO Epoch 6/50, all_loss:1.17876 cls_loss:1.29966 rec_loss:0.45335 [20.55s]; best loss:1.17876, patience : 0
2026-07-13 14:22:26,132 P754907 INFO pr:0.9162  rc:0.6690  auc:0.9963 ap:0.9587 f1: 0.7733 pred_right: 1071015 pred_wrong:25185 actu_right: 1061709 actu_wrong: 34491
2026-07-13 14:22:30,871 P754907 INFO pr:0.9194  rc:0.6667  auc:0.9964 ap:0.9593 f1: 0.7729 pred_right: 459062 pred_wrong:10738 actu_right: 454992 actu_wrong: 14808
2026-07-13 14:22:30,872 P754907 INFO ----------------------------------------------------------------------------------------------------
2026-07-13 14:22:30,872 P754907 INFO 7/50 starting... lr: 0.001 para:0.125
2026-07-13 14:22:51,815 P754907 INFO Epoch 7/50, all_loss:1.02177 cls_loss:1.08563 rec_loss:0.57471 [20.94s]; best loss:1.02177, patience : 0
2026-07-13 14:23:02,863 P754907 INFO pr:0.9037  rc:0.7690  auc:0.9977 ap:0.9709 f1: 0.8309 pred_right: 1066851 pred_wrong:29349 actu_right: 1061710 actu_wrong: 34490
2026-07-13 14:23:07,501 P754907 INFO pr:0.9066  rc:0.7698  auc:0.9979 ap:0.9716 f1: 0.8326 pred_right: 457226 pred_wrong:12574 actu_right: 454992 actu_wrong: 14808
2026-07-13 14:23:07,506 P754907 INFO ----------------------------------------------------------------------------------------------------
2026-07-13 14:23:07,506 P754907 INFO 8/50 starting... lr: 0.001 para:0.1111111119389534
2026-07-13 14:23:28,539 P754907 INFO Epoch 8/50, all_loss:0.88218 cls_loss:0.90676 rec_loss:0.68555 [21.03s]; best loss:0.88218, patience : 0
2026-07-13 14:23:39,424 P754907 INFO pr:0.8700  rc:0.9178  auc:0.9981 ap:0.9797 f1: 0.8933 pred_right: 1059811 pred_wrong:36389 actu_right: 1061707 actu_wrong: 34493
2026-07-13 14:23:43,767 P754907 INFO pr:0.8738  rc:0.9167  auc:0.9983 ap:0.9797 f1: 0.8948 pred_right: 454265 pred_wrong:15535 actu_right: 454992 actu_wrong: 14808
2026-07-13 14:23:43,771 P754907 INFO ----------------------------------------------------------------------------------------------------
2026-07-13 14:23:43,771 P754907 INFO 9/50 starting... lr: 0.001 para:0.10000000149011612
2026-07-13 14:24:12,572 P754907 INFO Epoch 9/50, all_loss:0.83068 cls_loss:0.84296 rec_loss:0.72015 [28.80s]; best loss:0.83068, patience : 0
2026-07-13 14:24:22,969 P754907 INFO pr:0.9171  rc:0.8134  auc:0.9986 ap:0.9797 f1: 0.8621 pred_right: 1065612 pred_wrong:30588 actu_right: 1061712 actu_wrong: 34488
2026-07-13 14:24:27,547 P754907 INFO pr:0.9176  rc:0.8110  auc:0.9986 ap:0.9800 f1: 0.8611 pred_right: 456712 pred_wrong:13088 actu_right: 454992 actu_wrong: 14808
2026-07-13 14:24:27,548 P754907 INFO ----------------------------------------------------------------------------------------------------
2026-07-13 14:24:27,548 P754907 INFO 10/50 starting... lr: 0.001 para:0.09090909361839294
2026-07-13 14:24:48,327 P754907 INFO Epoch 10/50, all_loss:0.79534 cls_loss:0.79945 rec_loss:0.75424 [20.77s]; best loss:0.79534, patience : 0
2026-07-13 14:24:58,984 P754907 INFO pr:0.9013  rc:0.9183  auc:0.9989 ap:0.9852 f1: 0.9097 pred_right: 1061056 pred_wrong:35144 actu_right: 1061709 actu_wrong: 34491
2026-07-13 14:25:05,262 P754907 INFO pr:0.9045  rc:0.9188  auc:0.9990 ap:0.9854 f1: 0.9116 pred_right: 454757 pred_wrong:15043 actu_right: 454992 actu_wrong: 14808
2026-07-13 14:25:05,266 P754907 INFO ----------------------------------------------------------------------------------------------------
2026-07-13 14:25:05,266 P754907 INFO 11/50 starting... lr: 0.001 para:0.0833333358168602
2026-07-13 14:25:31,208 P754907 INFO Epoch 11/50, all_loss:0.74392 cls_loss:0.74170 rec_loss:0.76826 [25.94s]; best loss:0.74392, patience : 0
2026-07-13 14:25:42,128 P754907 INFO pr:0.9003  rc:0.9245  auc:0.9990 ap:0.9856 f1: 0.9122 pred_right: 1060788 pred_wrong:35412 actu_right: 1061715 actu_wrong: 34485
2026-07-13 14:25:46,761 P754907 INFO pr:0.9012  rc:0.9222  auc:0.9990 ap:0.9852 f1: 0.9116 pred_right: 454647 pred_wrong:15153 actu_right: 454992 actu_wrong: 14808
2026-07-13 14:25:46,766 P754907 INFO ----------------------------------------------------------------------------------------------------
2026-07-13 14:25:46,766 P754907 INFO 12/50 starting... lr: 0.001 para:0.07692307978868484
2026-07-13 14:26:07,643 P754907 INFO Epoch 12/50, all_loss:0.67795 cls_loss:0.66835 rec_loss:0.79308 [20.87s]; best loss:0.67795, patience : 0
2026-07-13 14:26:18,659 P754907 INFO pr:0.8873  rc:0.9567  auc:0.9988 ap:0.9865 f1: 0.9207 pred_right: 1059015 pred_wrong:37185 actu_right: 1061711 actu_wrong: 34489
2026-07-13 14:26:23,120 P754907 INFO pr:0.8892  rc:0.9548  auc:0.9989 ap:0.9864 f1: 0.9208 pred_right: 453900 pred_wrong:15900 actu_right: 454992 actu_wrong: 14808
2026-07-13 14:26:23,125 P754907 INFO ----------------------------------------------------------------------------------------------------
2026-07-13 14:26:23,125 P754907 INFO 13/50 starting... lr: 0.001 para:0.0714285746216774
2026-07-13 14:26:44,261 P754907 INFO Epoch 13/50, all_loss:0.66062 cls_loss:0.65009 rec_loss:0.79760 [21.13s]; best loss:0.66062, patience : 0
2026-07-13 14:27:00,078 P754907 INFO pr:0.9009  rc:0.9439  auc:0.9991 ap:0.9859 f1: 0.9219 pred_right: 1060068 pred_wrong:36132 actu_right: 1061713 actu_wrong: 34487
2026-07-13 14:27:07,789 P754907 INFO pr:0.9012  rc:0.9382  auc:0.9990 ap:0.9857 f1: 0.9193 pred_right: 454384 pred_wrong:15416 actu_right: 454992 actu_wrong: 14808
2026-07-13 14:27:07,794 P754907 INFO ----------------------------------------------------------------------------------------------------
2026-07-13 14:27:07,795 P754907 INFO 14/50 starting... lr: 0.001 para:0.06666667014360428
2026-07-13 14:27:28,717 P754907 INFO Epoch 14/50, all_loss:0.61404 cls_loss:0.59999 rec_loss:0.81076 [20.92s]; best loss:0.61404, patience : 0
2026-07-13 14:27:39,463 P754907 INFO pr:0.9185  rc:0.9161  auc:0.9991 ap:0.9882 f1: 0.9173 pred_right: 1061799 pred_wrong:34401 actu_right: 1061707 actu_wrong: 34493
2026-07-13 14:27:44,115 P754907 INFO pr:0.9221  rc:0.9142  auc:0.9990 ap:0.9878 f1: 0.9182 pred_right: 455119 pred_wrong:14681 actu_right: 454992 actu_wrong: 14808
2026-07-13 14:27:44,116 P754907 INFO ----------------------------------------------------------------------------------------------------
2026-07-13 14:27:44,116 P754907 INFO 15/50 starting... lr: 0.001 para:0.0625
2026-07-13 14:28:05,071 P754907 INFO Epoch 15/50, all_loss:0.59684 cls_loss:0.58092 rec_loss:0.83571 [20.95s]; best loss:0.59684, patience : 0
2026-07-13 14:28:15,854 P754907 INFO pr:0.9493  rc:0.8487  auc:0.9992 ap:0.9892 f1: 0.8962 pred_right: 1065368 pred_wrong:30832 actu_right: 1061710 actu_wrong: 34490
2026-07-13 14:28:20,206 P754907 INFO pr:0.9500  rc:0.8420  auc:0.9991 ap:0.9885 f1: 0.8928 pred_right: 456675 pred_wrong:13125 actu_right: 454992 actu_wrong: 14808
2026-07-13 14:28:20,207 P754907 INFO ----------------------------------------------------------------------------------------------------
2026-07-13 14:28:20,207 P754907 INFO 16/50 starting... lr: 0.001 para:0.05882352963089943
2026-07-13 14:28:47,819 P754907 INFO Epoch 16/50, all_loss:0.57933 cls_loss:0.56300 rec_loss:0.84061 [27.61s]; best loss:0.57933, patience : 0
2026-07-13 14:28:58,801 P754907 INFO pr:0.9352  rc:0.8978  auc:0.9993 ap:0.9893 f1: 0.9161 pred_right: 1063088 pred_wrong:33112 actu_right: 1061709 actu_wrong: 34491
2026-07-13 14:29:03,148 P754907 INFO pr:0.9371  rc:0.8895  auc:0.9992 ap:0.9885 f1: 0.9127 pred_right: 455744 pred_wrong:14056 actu_right: 454992 actu_wrong: 14808
2026-07-13 14:29:03,149 P754907 INFO ----------------------------------------------------------------------------------------------------
2026-07-13 14:29:03,149 P754907 INFO 17/50 starting... lr: 0.001 para:0.0555555559694767
2026-07-13 14:29:24,069 P754907 INFO Epoch 17/50, all_loss:0.57614 cls_loss:0.55893 rec_loss:0.86866 [20.91s]; best loss:0.57614, patience : 0
2026-07-13 14:29:35,002 P754907 INFO pr:0.8895  rc:0.9752  auc:0.9992 ap:0.9901 f1: 0.9304 pred_right: 1058392 pred_wrong:37808 actu_right: 1061713 actu_wrong: 34487
2026-07-13 14:29:39,622 P754907 INFO pr:0.8907  rc:0.9716  auc:0.9991 ap:0.9896 f1: 0.9294 pred_right: 453647 pred_wrong:16153 actu_right: 454992 actu_wrong: 14808
2026-07-13 14:29:39,627 P754907 INFO ----------------------------------------------------------------------------------------------------
2026-07-13 14:29:39,630 P754907 INFO 18/50 starting... lr: 0.001 para:0.05263157933950424
2026-07-13 14:30:03,399 P754907 INFO Epoch 18/50, all_loss:0.57012 cls_loss:0.55292 rec_loss:0.87967 [23.76s]; best loss:0.57012, patience : 0
2026-07-13 14:30:19,224 P754907 INFO pr:0.9400  rc:0.9001  auc:0.9994 ap:0.9906 f1: 0.9196 pred_right: 1063177 pred_wrong:33023 actu_right: 1061712 actu_wrong: 34488
2026-07-13 14:30:23,740 P754907 INFO pr:0.9422  rc:0.8943  auc:0.9993 ap:0.9897 f1: 0.9176 pred_right: 455744 pred_wrong:14056 actu_right: 454992 actu_wrong: 14808
2026-07-13 14:30:23,741 P754907 INFO ----------------------------------------------------------------------------------------------------
2026-07-13 14:30:23,741 P754907 INFO 19/50 starting... lr: 0.001 para:0.05000000074505806
2026-07-13 14:30:44,679 P754907 INFO Epoch 19/50, all_loss:0.56261 cls_loss:0.54510 rec_loss:0.89539 [20.93s]; best loss:0.56261, patience : 0
2026-07-13 14:30:55,813 P754907 INFO pr:0.9369  rc:0.9174  auc:0.9994 ap:0.9916 f1: 0.9270 pred_right: 1062431 pred_wrong:33769 actu_right: 1061712 actu_wrong: 34488
2026-07-13 14:31:00,465 P754907 INFO pr:0.9351  rc:0.9123  auc:0.9994 ap:0.9908 f1: 0.9236 pred_right: 455353 pred_wrong:14447 actu_right: 454992 actu_wrong: 14808
2026-07-13 14:31:00,466 P754907 INFO ----------------------------------------------------------------------------------------------------
2026-07-13 14:31:00,466 P754907 INFO 20/50 starting... lr: 0.001 para:0.0476190485060215
2026-07-13 14:31:21,226 P754907 INFO Epoch 20/50, all_loss:0.53005 cls_loss:0.51153 rec_loss:0.90033 [20.76s]; best loss:0.53005, patience : 0
2026-07-13 14:31:33,144 P754907 INFO pr:0.9400  rc:0.9068  auc:0.9993 ap:0.9908 f1: 0.9231 pred_right: 1062926 pred_wrong:33274 actu_right: 1061709 actu_wrong: 34491
2026-07-13 14:31:42,557 P754907 INFO pr:0.9407  rc:0.9013  auc:0.9992 ap:0.9906 f1: 0.9206 pred_right: 455613 pred_wrong:14187 actu_right: 454992 actu_wrong: 14808
2026-07-13 14:31:42,558 P754907 INFO ----------------------------------------------------------------------------------------------------
2026-07-13 14:31:42,558 P754907 INFO 21/50 starting... lr: 0.001 para:0.04545454680919647
2026-07-13 14:32:04,013 P754907 INFO Epoch 21/50, all_loss:0.51993 cls_loss:0.50062 rec_loss:0.92556 [21.45s]; best loss:0.51993, patience : 0
2026-07-13 14:32:14,924 P754907 INFO pr:0.9079  rc:0.9698  auc:0.9992 ap:0.9921 f1: 0.9378 pred_right: 1059357 pred_wrong:36843 actu_right: 1061710 actu_wrong: 34490
2026-07-13 14:32:19,623 P754907 INFO pr:0.9092  rc:0.9688  auc:0.9993 ap:0.9918 f1: 0.9380 pred_right: 454021 pred_wrong:15779 actu_right: 454992 actu_wrong: 14808
2026-07-13 14:32:19,628 P754907 INFO ----------------------------------------------------------------------------------------------------
2026-07-13 14:32:19,628 P754907 INFO 22/50 starting... lr: 0.001 para:0.043478261679410934
2026-07-13 14:32:40,546 P754907 INFO Epoch 22/50, all_loss:0.49376 cls_loss:0.47318 rec_loss:0.94656 [20.91s]; best loss:0.49376, patience : 0
2026-07-13 14:32:53,225 P754907 INFO pr:0.9092  rc:0.9779  auc:0.9995 ap:0.9929 f1: 0.9423 pred_right: 1059100 pred_wrong:37100 actu_right: 1061707 actu_wrong: 34493
2026-07-13 14:32:56,961 P754907 INFO pr:0.9101  rc:0.9740  auc:0.9994 ap:0.9923 f1: 0.9410 pred_right: 453952 pred_wrong:15848 actu_right: 454992 actu_wrong: 14808
2026-07-13 14:32:56,965 P754907 INFO ----------------------------------------------------------------------------------------------------
2026-07-13 14:32:56,965 P754907 INFO 23/50 starting... lr: 0.001 para:0.0416666679084301
2026-07-13 14:33:24,741 P754907 INFO Epoch 23/50, all_loss:0.49362 cls_loss:0.47370 rec_loss:0.95174 [27.77s]; best loss:0.49362, patience : 0
2026-07-13 14:33:35,451 P754907 INFO pr:0.9277  rc:0.9525  auc:0.9994 ap:0.9928 f1: 0.9400 pred_right: 1060783 pred_wrong:35417 actu_right: 1061707 actu_wrong: 34493
2026-07-13 14:33:39,923 P754907 INFO pr:0.9304  rc:0.9481  auc:0.9994 ap:0.9925 f1: 0.9391 pred_right: 454710 pred_wrong:15090 actu_right: 454992 actu_wrong: 14808
2026-07-13 14:33:39,924 P754907 INFO ----------------------------------------------------------------------------------------------------
2026-07-13 14:33:39,924 P754907 INFO 24/50 starting... lr: 0.001 para:0.03999999910593033
2026-07-13 14:34:01,005 P754907 INFO Epoch 24/50, all_loss:0.50391 cls_loss:0.48502 rec_loss:0.95728 [21.08s]; best loss:0.49362, patience : 1
2026-07-13 14:34:11,776 P754907 INFO pr:0.9112  rc:0.9775  auc:0.9993 ap:0.9924 f1: 0.9432 pred_right: 1059202 pred_wrong:36998 actu_right: 1061712 actu_wrong: 34488
2026-07-13 14:34:16,562 P754907 INFO pr:0.9131  rc:0.9733  auc:0.9992 ap:0.9916 f1: 0.9423 pred_right: 454016 pred_wrong:15784 actu_right: 454992 actu_wrong: 14808
2026-07-13 14:34:16,569 P754907 INFO ----------------------------------------------------------------------------------------------------
2026-07-13 14:34:16,569 P754907 INFO 25/50 starting... lr: 0.001 para:0.03846153989434242
2026-07-13 14:34:38,237 P754907 INFO Epoch 25/50, all_loss:0.47537 cls_loss:0.45556 rec_loss:0.97074 [21.66s]; best loss:0.47537, patience : 0
2026-07-13 14:34:55,169 P754907 INFO pr:0.9369  rc:0.9483  auc:0.9996 ap:0.9929 f1: 0.9426 pred_right: 1061293 pred_wrong:34907 actu_right: 1061711 actu_wrong: 34489
2026-07-13 14:34:59,699 P754907 INFO pr:0.9377  rc:0.9402  auc:0.9995 ap:0.9921 f1: 0.9390 pred_right: 454952 pred_wrong:14848 actu_right: 454992 actu_wrong: 14808
2026-07-13 14:34:59,700 P754907 INFO ----------------------------------------------------------------------------------------------------
2026-07-13 14:34:59,707 P754907 INFO 26/50 starting... lr: 0.001 para:0.03703703731298447
2026-07-13 14:35:20,796 P754907 INFO Epoch 26/50, all_loss:0.44811 cls_loss:0.42766 rec_loss:0.97996 [21.08s]; best loss:0.44811, patience : 0
2026-07-13 14:35:31,464 P754907 INFO pr:0.8923  rc:0.9865  auc:0.9993 ap:0.9932 f1: 0.9370 pred_right: 1058063 pred_wrong:38137 actu_right: 1061708 actu_wrong: 34492
2026-07-13 14:35:36,142 P754907 INFO pr:0.8928  rc:0.9829  auc:0.9994 ap:0.9925 f1: 0.9357 pred_right: 453498 pred_wrong:16302 actu_right: 454992 actu_wrong: 14808
2026-07-13 14:35:36,142 P754907 INFO ----------------------------------------------------------------------------------------------------
2026-07-13 14:35:36,149 P754907 INFO 27/50 starting... lr: 0.001 para:0.0357142873108387
2026-07-13 14:35:58,219 P754907 INFO Epoch 27/50, all_loss:0.46549 cls_loss:0.44607 rec_loss:0.98960 [22.07s]; best loss:0.44811, patience : 1
2026-07-13 14:36:07,405 P754907 INFO pr:0.9303  rc:0.9622  auc:0.9995 ap:0.9924 f1: 0.9460 pred_right: 1060532 pred_wrong:35668 actu_right: 1061712 actu_wrong: 34488
2026-07-13 14:36:12,886 P754907 INFO pr:0.9320  rc:0.9573  auc:0.9994 ap:0.9924 f1: 0.9445 pred_right: 454589 pred_wrong:15211 actu_right: 454992 actu_wrong: 14808
2026-07-13 14:36:12,895 P754907 INFO ----------------------------------------------------------------------------------------------------
2026-07-13 14:36:12,896 P754907 INFO 28/50 starting... lr: 0.001 para:0.03448275849223137
2026-07-13 14:36:40,184 P754907 INFO Epoch 28/50, all_loss:0.43503 cls_loss:0.41463 rec_loss:1.00614 [27.28s]; best loss:0.43503, patience : 0
2026-07-13 14:36:50,822 P754907 INFO pr:0.9480  rc:0.9375  auc:0.9995 ap:0.9938 f1: 0.9427 pred_right: 1062090 pred_wrong:34110 actu_right: 1061708 actu_wrong: 34492
2026-07-13 14:36:55,470 P754907 INFO pr:0.9487  rc:0.9311  auc:0.9994 ap:0.9933 f1: 0.9398 pred_right: 455267 pred_wrong:14533 actu_right: 454992 actu_wrong: 14808
2026-07-13 14:36:55,471 P754907 INFO ----------------------------------------------------------------------------------------------------
2026-07-13 14:36:55,477 P754907 INFO 29/50 starting... lr: 0.001 para:0.03333333507180214
2026-07-13 14:37:16,499 P754907 INFO Epoch 29/50, all_loss:0.43143 cls_loss:0.41138 rec_loss:1.01301 [21.02s]; best loss:0.43143, patience : 0
2026-07-13 14:37:27,742 P754907 INFO pr:0.9350  rc:0.9647  auc:0.9995 ap:0.9935 f1: 0.9496 pred_right: 1060613 pred_wrong:35587 actu_right: 1061710 actu_wrong: 34490
2026-07-13 14:37:31,936 P754907 INFO pr:0.9364  rc:0.9578  auc:0.9993 ap:0.9926 f1: 0.9470 pred_right: 454653 pred_wrong:15147 actu_right: 454992 actu_wrong: 14808
2026-07-13 14:37:31,939 P754907 INFO ----------------------------------------------------------------------------------------------------
2026-07-13 14:37:31,940 P754907 INFO 30/50 starting... lr: 0.001 para:0.032258063554763794
2026-07-13 14:37:59,173 P754907 INFO Epoch 30/50, all_loss:0.45975 cls_loss:0.44095 rec_loss:1.02391 [27.23s]; best loss:0.43143, patience : 1
2026-07-13 14:38:10,028 P754907 INFO pr:0.9473  rc:0.9534  auc:0.9996 ap:0.9948 f1: 0.9503 pred_right: 1061489 pred_wrong:34711 actu_right: 1061714 actu_wrong: 34486
2026-07-13 14:38:14,418 P754907 INFO pr:0.9478  rc:0.9461  auc:0.9995 ap:0.9940 f1: 0.9469 pred_right: 455018 pred_wrong:14782 actu_right: 454992 actu_wrong: 14808
2026-07-13 14:38:14,423 P754907 INFO ----------------------------------------------------------------------------------------------------
2026-07-13 14:38:14,423 P754907 INFO 31/50 starting... lr: 0.001 para:0.03125
2026-07-13 14:38:35,458 P754907 INFO Epoch 31/50, all_loss:0.42973 cls_loss:0.41006 rec_loss:1.03948 [21.03s]; best loss:0.42973, patience : 0
2026-07-13 14:38:46,491 P754907 INFO pr:0.9526  rc:0.9298  auc:0.9993 ap:0.9941 f1: 0.9411 pred_right: 1062537 pred_wrong:33663 actu_right: 1061711 actu_wrong: 34489
2026-07-13 14:38:51,004 P754907 INFO pr:0.9529  rc:0.9214  auc:0.9992 ap:0.9932 f1: 0.9369 pred_right: 455481 pred_wrong:14319 actu_right: 454992 actu_wrong: 14808
2026-07-13 14:38:51,005 P754907 INFO ----------------------------------------------------------------------------------------------------
2026-07-13 14:38:51,005 P754907 INFO 32/50 starting... lr: 0.001 para:0.03030303120613098
2026-07-13 14:39:11,815 P754907 INFO Epoch 32/50, all_loss:0.40936 cls_loss:0.38978 rec_loss:1.03599 [20.81s]; best loss:0.40936, patience : 0
2026-07-13 14:39:31,403 P754907 INFO pr:0.9380  rc:0.9684  auc:0.9996 ap:0.9944 f1: 0.9529 pred_right: 1060595 pred_wrong:35605 actu_right: 1061714 actu_wrong: 34486
2026-07-13 14:39:36,247 P754907 INFO pr:0.9374  rc:0.9620  auc:0.9995 ap:0.9936 f1: 0.9496 pred_right: 454603 pred_wrong:15197 actu_right: 454992 actu_wrong: 14808
2026-07-13 14:39:36,251 P754907 INFO ----------------------------------------------------------------------------------------------------
2026-07-13 14:39:36,251 P754907 INFO 33/50 starting... lr: 0.001 para:0.029411764815449715
2026-07-13 14:39:57,199 P754907 INFO Epoch 33/50, all_loss:0.40367 cls_loss:0.38385 rec_loss:1.05759 [20.94s]; best loss:0.40367, patience : 0
2026-07-13 14:40:08,242 P754907 INFO pr:0.9526  rc:0.9436  auc:0.9996 ap:0.9950 f1: 0.9481 pred_right: 1062039 pred_wrong:34161 actu_right: 1061713 actu_wrong: 34487
2026-07-13 14:40:12,692 P754907 INFO pr:0.9532  rc:0.9375  auc:0.9995 ap:0.9942 f1: 0.9453 pred_right: 455235 pred_wrong:14565 actu_right: 454992 actu_wrong: 14808
2026-07-13 14:40:12,692 P754907 INFO ----------------------------------------------------------------------------------------------------
2026-07-13 14:40:12,693 P754907 INFO 34/50 starting... lr: 0.001 para:0.02857142873108387
2026-07-13 14:40:35,047 P754907 INFO Epoch 34/50, all_loss:0.39063 cls_loss:0.37033 rec_loss:1.08069 [22.35s]; best loss:0.39063, patience : 0
2026-07-13 14:40:44,285 P754907 INFO pr:0.9366  rc:0.9749  auc:0.9996 ap:0.9952 f1: 0.9554 pred_right: 1060305 pred_wrong:35895 actu_right: 1061712 actu_wrong: 34488
2026-07-13 14:40:48,806 P754907 INFO pr:0.9372  rc:0.9703  auc:0.9995 ap:0.9942 f1: 0.9535 pred_right: 454470 pred_wrong:15330 actu_right: 454992 actu_wrong: 14808
2026-07-13 14:40:48,815 P754907 INFO ----------------------------------------------------------------------------------------------------
2026-07-13 14:40:48,815 P754907 INFO 35/50 starting... lr: 0.001 para:0.02777777798473835
2026-07-13 14:41:17,062 P754907 INFO Epoch 35/50, all_loss:0.38193 cls_loss:0.36178 rec_loss:1.08722 [28.24s]; best loss:0.38193, patience : 0
2026-07-13 14:41:28,123 P754907 INFO pr:0.9278  rc:0.9775  auc:0.9996 ap:0.9940 f1: 0.9520 pred_right: 1059862 pred_wrong:36338 actu_right: 1061710 actu_wrong: 34490
2026-07-13 14:41:32,752 P754907 INFO pr:0.9269  rc:0.9735  auc:0.9996 ap:0.9930 f1: 0.9496 pred_right: 454248 pred_wrong:15552 actu_right: 454992 actu_wrong: 14808
2026-07-13 14:41:32,752 P754907 INFO ----------------------------------------------------------------------------------------------------
2026-07-13 14:41:32,753 P754907 INFO 36/50 starting... lr: 0.001 para:0.027027027681469917
2026-07-13 14:41:53,880 P754907 INFO Epoch 36/50, all_loss:0.41989 cls_loss:0.40123 rec_loss:1.09156 [21.13s]; best loss:0.38193, patience : 1
2026-07-13 14:42:04,763 P754907 INFO pr:0.9559  rc:0.9374  auc:0.9996 ap:0.9951 f1: 0.9465 pred_right: 1062376 pred_wrong:33824 actu_right: 1061710 actu_wrong: 34490
2026-07-13 14:42:10,000 P754907 INFO pr:0.9569  rc:0.9315  auc:0.9996 ap:0.9944 f1: 0.9441 pred_right: 455385 pred_wrong:14415 actu_right: 454992 actu_wrong: 14808
2026-07-13 14:42:10,000 P754907 INFO ----------------------------------------------------------------------------------------------------
2026-07-13 14:42:10,001 P754907 INFO 37/50 starting... lr: 0.001 para:0.02631578966975212
2026-07-13 14:42:37,465 P754907 INFO Epoch 37/50, all_loss:0.36899 cls_loss:0.34945 rec_loss:1.09228 [27.46s]; best loss:0.36899, patience : 0
2026-07-13 14:42:48,553 P754907 INFO pr:0.9383  rc:0.9787  auc:0.9996 ap:0.9946 f1: 0.9581 pred_right: 1060223 pred_wrong:35977 actu_right: 1061706 actu_wrong: 34494
2026-07-13 14:42:53,032 P754907 INFO pr:0.9388  rc:0.9713  auc:0.9996 ap:0.9937 f1: 0.9548 pred_right: 454479 pred_wrong:15321 actu_right: 454992 actu_wrong: 14808
2026-07-13 14:42:53,037 P754907 INFO ----------------------------------------------------------------------------------------------------
2026-07-13 14:42:53,037 P754907 INFO 38/50 starting... lr: 0.001 para:0.025641025975346565
2026-07-13 14:43:13,647 P754907 INFO Epoch 38/50, all_loss:0.36820 cls_loss:0.34866 rec_loss:1.11084 [20.61s]; best loss:0.36820, patience : 0
2026-07-13 14:43:24,560 P754907 INFO pr:0.9468  rc:0.9660  auc:0.9997 ap:0.9952 f1: 0.9563 pred_right: 1061013 pred_wrong:35187 actu_right: 1061711 actu_wrong: 34489
2026-07-13 14:43:29,183 P754907 INFO pr:0.9465  rc:0.9600  auc:0.9996 ap:0.9944 f1: 0.9532 pred_right: 454780 pred_wrong:15020 actu_right: 454992 actu_wrong: 14808
2026-07-13 14:43:29,185 P754907 INFO ----------------------------------------------------------------------------------------------------
2026-07-13 14:43:29,191 P754907 INFO 39/50 starting... lr: 0.001 para:0.02500000037252903
2026-07-13 14:43:49,807 P754907 INFO Epoch 39/50, all_loss:0.40238 cls_loss:0.38455 rec_loss:1.09777 [20.61s]; best loss:0.36820, patience : 1
2026-07-13 14:44:07,944 P754907 INFO pr:0.9474  rc:0.9626  auc:0.9997 ap:0.9954 f1: 0.9550 pred_right: 1061161 pred_wrong:35039 actu_right: 1061715 actu_wrong: 34485
2026-07-13 14:44:12,615 P754907 INFO pr:0.9466  rc:0.9553  auc:0.9996 ap:0.9945 f1: 0.9509 pred_right: 454856 pred_wrong:14944 actu_right: 454992 actu_wrong: 14808
2026-07-13 14:44:12,616 P754907 INFO ----------------------------------------------------------------------------------------------------
2026-07-13 14:44:12,616 P754907 INFO 40/50 starting... lr: 0.001 para:0.024390242993831635
2026-07-13 14:44:33,878 P754907 INFO Epoch 40/50, all_loss:0.37419 cls_loss:0.35544 rec_loss:1.12406 [21.26s]; best loss:0.36820, patience : 1
2026-07-13 14:44:44,841 P754907 INFO pr:0.9605  rc:0.9214  auc:0.9995 ap:0.9948 f1: 0.9405 pred_right: 1063113 pred_wrong:33087 actu_right: 1061709 actu_wrong: 34491
2026-07-13 14:44:49,264 P754907 INFO pr:0.9621  rc:0.9113  auc:0.9994 ap:0.9940 f1: 0.9360 pred_right: 455775 pred_wrong:14025 actu_right: 454992 actu_wrong: 14808
2026-07-13 14:44:49,265 P754907 INFO ----------------------------------------------------------------------------------------------------
2026-07-13 14:44:49,265 P754907 INFO 41/50 starting... lr: 0.001 para:0.02380952425301075
2026-07-13 14:45:10,455 P754907 INFO Epoch 41/50, all_loss:0.37757 cls_loss:0.35954 rec_loss:1.11685 [21.19s]; best loss:0.36820, patience : 2
2026-07-13 14:45:21,400 P754907 INFO pr:0.9362  rc:0.9763  auc:0.9996 ap:0.9951 f1: 0.9558 pred_right: 1060229 pred_wrong:35971 actu_right: 1061709 actu_wrong: 34491
2026-07-13 14:45:25,749 P754907 INFO pr:0.9339  rc:0.9716  auc:0.9995 ap:0.9941 f1: 0.9524 pred_right: 454393 pred_wrong:15407 actu_right: 454992 actu_wrong: 14808
2026-07-13 14:45:25,750 P754907 INFO ----------------------------------------------------------------------------------------------------
2026-07-13 14:45:25,750 P754907 INFO 42/50 starting... lr: 0.001 para:0.023255813866853714
2026-07-13 14:45:55,053 P754907 INFO Epoch 42/50, all_loss:0.35684 cls_loss:0.33846 rec_loss:1.12858 [29.30s]; best loss:0.35684, patience : 0
2026-07-13 14:46:05,681 P754907 INFO pr:0.9516  rc:0.9620  auc:0.9997 ap:0.9958 f1: 0.9568 pred_right: 1061335 pred_wrong:34865 actu_right: 1061712 actu_wrong: 34488
2026-07-13 14:46:10,133 P754907 INFO pr:0.9508  rc:0.9558  auc:0.9996 ap:0.9951 f1: 0.9533 pred_right: 454914 pred_wrong:14886 actu_right: 454992 actu_wrong: 14808
2026-07-13 14:46:10,134 P754907 INFO ----------------------------------------------------------------------------------------------------
2026-07-13 14:46:10,134 P754907 INFO 43/50 starting... lr: 0.001 para:0.022727273404598236
2026-07-13 14:46:31,037 P754907 INFO Epoch 43/50, all_loss:0.38952 cls_loss:0.37200 rec_loss:1.14277 [20.90s]; best loss:0.35684, patience : 1
2026-07-13 14:46:42,075 P754907 INFO pr:0.9476  rc:0.9597  auc:0.9997 ap:0.9951 f1: 0.9536 pred_right: 1061279 pred_wrong:34921 actu_right: 1061718 actu_wrong: 34482
2026-07-13 14:46:47,921 P754907 INFO pr:0.9463  rc:0.9514  auc:0.9996 ap:0.9941 f1: 0.9489 pred_right: 454912 pred_wrong:14888 actu_right: 454992 actu_wrong: 14808
2026-07-13 14:46:47,921 P754907 INFO ----------------------------------------------------------------------------------------------------
2026-07-13 14:46:47,921 P754907 INFO 44/50 starting... lr: 0.001 para:0.02222222276031971
2026-07-13 14:47:14,271 P754907 INFO Epoch 44/50, all_loss:0.35480 cls_loss:0.33709 rec_loss:1.13392 [26.34s]; best loss:0.35480, patience : 0
2026-07-13 14:47:25,283 P754907 INFO pr:0.9485  rc:0.9692  auc:0.9996 ap:0.9955 f1: 0.9587 pred_right: 1060957 pred_wrong:35243 actu_right: 1061708 actu_wrong: 34492
2026-07-13 14:47:29,782 P754907 INFO pr:0.9467  rc:0.9620  auc:0.9996 ap:0.9945 f1: 0.9543 pred_right: 454753 pred_wrong:15047 actu_right: 454992 actu_wrong: 14808
2026-07-13 14:47:29,787 P754907 INFO ----------------------------------------------------------------------------------------------------
2026-07-13 14:47:29,787 P754907 INFO 45/50 starting... lr: 0.001 para:0.021739130839705467
2026-07-13 14:47:50,713 P754907 INFO Epoch 45/50, all_loss:0.35248 cls_loss:0.33494 rec_loss:1.14199 [20.92s]; best loss:0.35248, patience : 0
2026-07-13 14:48:01,387 P754907 INFO pr:0.9462  rc:0.9638  auc:0.9996 ap:0.9953 f1: 0.9549 pred_right: 1061069 pred_wrong:35131 actu_right: 1061710 actu_wrong: 34490
2026-07-13 14:48:05,817 P754907 INFO pr:0.9455  rc:0.9564  auc:0.9996 ap:0.9944 f1: 0.9509 pred_right: 454822 pred_wrong:14978 actu_right: 454992 actu_wrong: 14808
2026-07-13 14:48:05,818 P754907 INFO ----------------------------------------------------------------------------------------------------
2026-07-13 14:48:05,825 P754907 INFO 46/50 starting... lr: 0.001 para:0.021276595070958138
2026-07-13 14:48:26,711 P754907 INFO Epoch 46/50, all_loss:0.34175 cls_loss:0.32385 rec_loss:1.16516 [20.88s]; best loss:0.34175, patience : 0
2026-07-13 14:48:39,001 P754907 INFO pr:0.9309  rc:0.9848  auc:0.9996 ap:0.9957 f1: 0.9571 pred_right: 1059714 pred_wrong:36486 actu_right: 1061712 actu_wrong: 34488
2026-07-13 14:48:48,523 P754907 INFO pr:0.9290  rc:0.9810  auc:0.9996 ap:0.9948 f1: 0.9542 pred_right: 454163 pred_wrong:15637 actu_right: 454992 actu_wrong: 14808
2026-07-13 14:48:48,524 P754907 INFO ----------------------------------------------------------------------------------------------------
2026-07-13 14:48:48,524 P754907 INFO 47/50 starting... lr: 0.001 para:0.02083333395421505
2026-07-13 14:49:09,640 P754907 INFO Epoch 47/50, all_loss:0.34948 cls_loss:0.33227 rec_loss:1.15867 [21.12s]; best loss:0.34175, patience : 1
2026-07-13 14:49:20,310 P754907 INFO pr:0.9359  rc:0.9827  auc:0.9995 ap:0.9955 f1: 0.9587 pred_right: 1059986 pred_wrong:36214 actu_right: 1061713 actu_wrong: 34487
2026-07-13 14:49:24,720 P754907 INFO pr:0.9342  rc:0.9766  auc:0.9995 ap:0.9949 f1: 0.9549 pred_right: 454321 pred_wrong:15479 actu_right: 454992 actu_wrong: 14808
2026-07-13 14:49:24,726 P754907 INFO ----------------------------------------------------------------------------------------------------
2026-07-13 14:49:24,727 P754907 INFO 48/50 starting... lr: 0.001 para:0.020408162847161293
2026-07-13 14:49:45,811 P754907 INFO Epoch 48/50, all_loss:0.34223 cls_loss:0.32530 rec_loss:1.15468 [21.08s]; best loss:0.34175, patience : 1
2026-07-13 14:49:57,542 P754907 INFO pr:0.9529  rc:0.9650  auc:0.9997 ap:0.9955 f1: 0.9589 pred_right: 1061273 pred_wrong:34927 actu_right: 1061712 actu_wrong: 34488
2026-07-13 14:50:01,080 P754907 INFO pr:0.9538  rc:0.9595  auc:0.9996 ap:0.9948 f1: 0.9566 pred_right: 454902 pred_wrong:14898 actu_right: 454992 actu_wrong: 14808
2026-07-13 14:50:01,084 P754907 INFO ----------------------------------------------------------------------------------------------------
2026-07-13 14:50:01,084 P754907 INFO 49/50 starting... lr: 0.001 para:0.019999999552965164
2026-07-13 14:50:28,384 P754907 INFO Epoch 49/50, all_loss:0.32646 cls_loss:0.30925 rec_loss:1.16977 [27.30s]; best loss:0.32646, patience : 0
2026-07-13 14:50:39,156 P754907 INFO pr:0.9540  rc:0.9620  auc:0.9997 ap:0.9960 f1: 0.9580 pred_right: 1061424 pred_wrong:34776 actu_right: 1061714 actu_wrong: 34486
2026-07-13 14:50:43,552 P754907 INFO pr:0.9522  rc:0.9530  auc:0.9996 ap:0.9952 f1: 0.9526 pred_right: 454979 pred_wrong:14821 actu_right: 454992 actu_wrong: 14808
2026-07-13 14:50:43,553 P754907 INFO saving model...
2026-07-13 14:50:43,553 P754907 INFO FITS_Legendre - loss  best score:0.3264590799808502 at epoch 49
2026-07-13 14:50:43,559 P754907 INFO FITS_Legendre - f1  best score:0.9589281855506735 at epoch 48
2026-07-13 14:50:43,563 P754907 INFO Average training time per epoch: 22.77 seconds
2026-07-13 14:50:43,564 P754907 INFO calculate scores...
2026-07-13 14:50:43,564 P754907 INFO calculate label with loss...
2026-07-13 14:50:43,564 P754907 INFO FITS_Legendre on ./result/server_only_exps/Ablations_updatedFreDF/FITS_Legendre-TT-Epochs50-Seed2-ExpNameRQ2_ablations_components-LPFnofilter-Attnlinear_attn-NormLinTrue-RecLambda1.0-AuxiLambda0.2 loading...
2026-07-13 14:50:47,940 P754907 INFO pr:0.9522  rc:0.9530  auc:0.9996 ap:0.9952 f1: 0.9526 pred_right: 454979 pred_wrong:14821 actu_right: 454992 actu_wrong: 14808
2026-07-13 14:51:01,551 P754907 INFO pr:0.9522  rc:0.9530  auc:0.9996 ap:0.9952 f1: 0.9526 pred_right: 454979 pred_wrong:14821 actu_right: 454992 actu_wrong: 14808
2026-07-13 14:51:01,558 P754907 INFO Performance Summary:
{'GPU': {'inference_time_per_sample_ms': 0.22067547348145092, 'throughput_samples_per_sec': 4531.541200404657, 'peak_memory_mb': 139.2978515625, 'energy_per_sample_joules': 0.012571992061975}, 'CPU': {'inference_time_per_sample_ms': 0.74974932161456, 'throughput_samples_per_sec': 1333.7791327993916, 'peak_memory_mb': 5884.31640625, 'energy_per_sample_joules': 0.0487337059049464}}
2026-07-13 14:51:01,558 P754907 INFO Starting clean-room hardware benchmarking...
2026-07-13 14:51:02,407 P754907 INFO Performance with loss: pr:0.9522  rc:0.9530  auc:0.9996 ap:0.9952 f1: 0.9526 pred_right: 454979 pred_wrong:14821 actu_right: 454992 actu_wrong: 14808
2026-07-13 14:51:02,407 P754907 INFO calculate label with f1...
2026-07-13 14:51:02,407 P754907 INFO FITS_Legendre on ./result/server_only_exps/Ablations_updatedFreDF/FITS_Legendre-TT-Epochs50-Seed2-ExpNameRQ2_ablations_components-LPFnofilter-Attnlinear_attn-NormLinTrue-RecLambda1.0-AuxiLambda0.2 loading...
2026-07-13 14:51:07,157 P754907 INFO pr:0.9538  rc:0.9595  auc:0.9996 ap:0.9948 f1: 0.9566 pred_right: 454902 pred_wrong:14898 actu_right: 454992 actu_wrong: 14808
2026-07-13 14:51:21,042 P754907 INFO pr:0.9538  rc:0.9595  auc:0.9996 ap:0.9948 f1: 0.9566 pred_right: 454902 pred_wrong:14898 actu_right: 454992 actu_wrong: 14808
2026-07-13 14:51:21,045 P754907 INFO Performance Summary:
{'GPU': {'inference_time_per_sample_ms': 0.24103266719288174, 'throughput_samples_per_sec': 4148.815227604685, 'peak_memory_mb': 138.791015625, 'energy_per_sample_joules': 0.014313965973916477}, 'CPU': {'inference_time_per_sample_ms': 0.762428167082549, 'throughput_samples_per_sec': 1311.598971777926, 'peak_memory_mb': 5844.43359375, 'energy_per_sample_joules': 0.049557830860365686}}
2026-07-13 14:51:21,045 P754907 INFO Starting clean-room hardware benchmarking...
2026-07-13 14:51:21,954 P754907 INFO Performance with f1: pr:0.9538  rc:0.9595  auc:0.9996 ap:0.9948 f1: 0.9566 pred_right: 454902 pred_wrong:14898 actu_right: 454992 actu_wrong: 14808
