2026-07-12 01:16:41,767 P3721825 INFO ---- Model: ----MSTGAD-5044b952----random_seed : 1----req_loss_approach : Legendre-style----rec_lambda : 1.0----auxi_lambda : 0.2----Freq Domain : iTransformer----Multi Fits : false----train : True----evaluate : False
2026-07-12 01:16:41,768 P3721825 INFO Load from /home/db2003/Desktop/Amr/Tests/Eadro/codes/chunks/TT
2026-07-12 01:16:53,480 P3721825 INFO Fewshot: training with 1.0 of the 70% of the data
2026-07-12 01:17:01,924 P3721825 INFO Trainable Parameters Breakdown:
2026-07-12 01:17:01,924 P3721825 INFO --------------------------------------------------------------------------------
2026-07-12 01:17:01,925 P3721825 INFO Reconstruction-Specific Parameters:
2026-07-12 01:17:01,925 P3721825 INFO linear_attn.Wq.weight                    | shape: (10, 10)                  | params: 100
2026-07-12 01:17:01,925 P3721825 INFO linear_attn.Wk.weight                    | shape: (10, 10)                  | params: 100
2026-07-12 01:17:01,925 P3721825 INFO linear_attn.Wv.weight                    | shape: (10, 10)                  | params: 100
2026-07-12 01:17:01,925 P3721825 INFO linear_attn.out.weight                   | shape: (10, 10)                  | params: 100
2026-07-12 01:17:01,925 P3721825 INFO linear_attn.out.bias                     | shape: (10,)                     | params: 10
2026-07-12 01:17:01,925 P3721825 INFO linear_attn.norm.weight                  | shape: (10,)                     | params: 10
2026-07-12 01:17:01,925 P3721825 INFO linear_attn.norm.bias                    | shape: (10,)                     | params: 10
2026-07-12 01:17:01,925 P3721825 INFO shared_fits.enc_embedding.value_embedding.weight | shape: (128, 10)                 | params: 1,280
2026-07-12 01:17:01,925 P3721825 INFO shared_fits.enc_embedding.value_embedding.bias | shape: (128,)                    | params: 128
2026-07-12 01:17:01,925 P3721825 INFO shared_fits.encoder.attn_layers.0.attention.query_projection.weight | shape: (128, 128)                | params: 16,384
2026-07-12 01:17:01,925 P3721825 INFO shared_fits.encoder.attn_layers.0.attention.query_projection.bias | shape: (128,)                    | params: 128
2026-07-12 01:17:01,925 P3721825 INFO shared_fits.encoder.attn_layers.0.attention.key_projection.weight | shape: (128, 128)                | params: 16,384
2026-07-12 01:17:01,925 P3721825 INFO shared_fits.encoder.attn_layers.0.attention.key_projection.bias | shape: (128,)                    | params: 128
2026-07-12 01:17:01,925 P3721825 INFO shared_fits.encoder.attn_layers.0.attention.value_projection.weight | shape: (128, 128)                | params: 16,384
2026-07-12 01:17:01,925 P3721825 INFO shared_fits.encoder.attn_layers.0.attention.value_projection.bias | shape: (128,)                    | params: 128
2026-07-12 01:17:01,925 P3721825 INFO shared_fits.encoder.attn_layers.0.attention.out_projection.weight | shape: (128, 128)                | params: 16,384
2026-07-12 01:17:01,925 P3721825 INFO shared_fits.encoder.attn_layers.0.attention.out_projection.bias | shape: (128,)                    | params: 128
2026-07-12 01:17:01,925 P3721825 INFO shared_fits.encoder.attn_layers.0.conv1.weight | shape: (128, 128, 1)             | params: 16,384
2026-07-12 01:17:01,925 P3721825 INFO shared_fits.encoder.attn_layers.0.conv1.bias | shape: (128,)                    | params: 128
2026-07-12 01:17:01,925 P3721825 INFO shared_fits.encoder.attn_layers.0.conv2.weight | shape: (128, 128, 1)             | params: 16,384
2026-07-12 01:17:01,925 P3721825 INFO shared_fits.encoder.attn_layers.0.conv2.bias | shape: (128,)                    | params: 128
2026-07-12 01:17:01,925 P3721825 INFO shared_fits.encoder.attn_layers.0.norm1.weight | shape: (128,)                    | params: 128
2026-07-12 01:17:01,925 P3721825 INFO shared_fits.encoder.attn_layers.0.norm1.bias | shape: (128,)                    | params: 128
2026-07-12 01:17:01,926 P3721825 INFO shared_fits.encoder.attn_layers.0.norm2.weight | shape: (128,)                    | params: 128
2026-07-12 01:17:01,926 P3721825 INFO shared_fits.encoder.attn_layers.0.norm2.bias | shape: (128,)                    | params: 128
2026-07-12 01:17:01,926 P3721825 INFO shared_fits.encoder.attn_layers.1.attention.query_projection.weight | shape: (128, 128)                | params: 16,384
2026-07-12 01:17:01,926 P3721825 INFO shared_fits.encoder.attn_layers.1.attention.query_projection.bias | shape: (128,)                    | params: 128
2026-07-12 01:17:01,926 P3721825 INFO shared_fits.encoder.attn_layers.1.attention.key_projection.weight | shape: (128, 128)                | params: 16,384
2026-07-12 01:17:01,926 P3721825 INFO shared_fits.encoder.attn_layers.1.attention.key_projection.bias | shape: (128,)                    | params: 128
2026-07-12 01:17:01,926 P3721825 INFO shared_fits.encoder.attn_layers.1.attention.value_projection.weight | shape: (128, 128)                | params: 16,384
2026-07-12 01:17:01,926 P3721825 INFO shared_fits.encoder.attn_layers.1.attention.value_projection.bias | shape: (128,)                    | params: 128
2026-07-12 01:17:01,926 P3721825 INFO shared_fits.encoder.attn_layers.1.attention.out_projection.weight | shape: (128, 128)                | params: 16,384
2026-07-12 01:17:01,926 P3721825 INFO shared_fits.encoder.attn_layers.1.attention.out_projection.bias | shape: (128,)                    | params: 128
2026-07-12 01:17:01,926 P3721825 INFO shared_fits.encoder.attn_layers.1.conv1.weight | shape: (128, 128, 1)             | params: 16,384
2026-07-12 01:17:01,926 P3721825 INFO shared_fits.encoder.attn_layers.1.conv1.bias | shape: (128,)                    | params: 128
2026-07-12 01:17:01,926 P3721825 INFO shared_fits.encoder.attn_layers.1.conv2.weight | shape: (128, 128, 1)             | params: 16,384
2026-07-12 01:17:01,926 P3721825 INFO shared_fits.encoder.attn_layers.1.conv2.bias | shape: (128,)                    | params: 128
2026-07-12 01:17:01,926 P3721825 INFO shared_fits.encoder.attn_layers.1.norm1.weight | shape: (128,)                    | params: 128
2026-07-12 01:17:01,926 P3721825 INFO shared_fits.encoder.attn_layers.1.norm1.bias | shape: (128,)                    | params: 128
2026-07-12 01:17:01,926 P3721825 INFO shared_fits.encoder.attn_layers.1.norm2.weight | shape: (128,)                    | params: 128
2026-07-12 01:17:01,926 P3721825 INFO shared_fits.encoder.attn_layers.1.norm2.bias | shape: (128,)                    | params: 128
2026-07-12 01:17:01,926 P3721825 INFO shared_fits.encoder.norm.weight          | shape: (128,)                    | params: 128
2026-07-12 01:17:01,926 P3721825 INFO shared_fits.encoder.norm.bias            | shape: (128,)                    | params: 128
2026-07-12 01:17:01,926 P3721825 INFO shared_fits.projection.weight            | shape: (10, 128)                 | params: 1,280
2026-07-12 01:17:01,926 P3721825 INFO shared_fits.projection.bias              | shape: (10,)                     | params: 10
2026-07-12 01:17:01,926 P3721825 INFO modality_proj.node.weight                | shape: (10, 8)                   | params: 80
2026-07-12 01:17:01,926 P3721825 INFO modality_proj.node.bias                  | shape: (10,)                     | params: 10
2026-07-12 01:17:01,926 P3721825 INFO modality_proj.log.weight                 | shape: (10, 32)                  | params: 320
2026-07-12 01:17:01,926 P3721825 INFO modality_proj.log.bias                   | shape: (10,)                     | params: 10
2026-07-12 01:17:01,927 P3721825 INFO modality_proj.edge.weight                | shape: (10, 8)                   | params: 80
2026-07-12 01:17:01,927 P3721825 INFO modality_proj.edge.bias                  | shape: (10,)                     | params: 10
2026-07-12 01:17:01,927 P3721825 INFO modality_proj_out.node.weight            | shape: (8, 10)                   | params: 80
2026-07-12 01:17:01,927 P3721825 INFO modality_proj_out.node.bias              | shape: (8,)                      | params: 8
2026-07-12 01:17:01,927 P3721825 INFO modality_proj_out.log.weight             | shape: (32, 10)                  | params: 320
2026-07-12 01:17:01,927 P3721825 INFO modality_proj_out.log.bias               | shape: (32,)                     | params: 32
2026-07-12 01:17:01,927 P3721825 INFO modality_proj_out.edge.weight            | shape: (8, 10)                   | params: 80
2026-07-12 01:17:01,927 P3721825 INFO modality_proj_out.edge.bias              | shape: (8,)                      | params: 8
2026-07-12 01:17:01,927 P3721825 INFO Subtotal: 203,590
2026-07-12 01:17:01,927 P3721825 INFO --------------------------------------------------------------------------------
2026-07-12 01:17:01,927 P3721825 INFO Common Parameters:
2026-07-12 01:17:01,927 P3721825 INFO node_emb.linear.weight                   | shape: (8, 7)                    | params: 56
2026-07-12 01:17:01,927 P3721825 INFO node_emb.linear.bias                     | shape: (8,)                      | params: 8
2026-07-12 01:17:01,927 P3721825 INFO log_emb.linear.weight                    | shape: (32, 60)                  | params: 1,920
2026-07-12 01:17:01,927 P3721825 INFO log_emb.linear.bias                      | shape: (32,)                     | params: 32
2026-07-12 01:17:01,927 P3721825 INFO egde_emb.linear.weight                   | shape: (8, 2)                    | params: 16
2026-07-12 01:17:01,927 P3721825 INFO egde_emb.linear.bias                     | shape: (8,)                      | params: 8
2026-07-12 01:17:01,927 P3721825 INFO dense_node.weight                        | shape: (7, 8)                    | params: 56
2026-07-12 01:17:01,927 P3721825 INFO dense_node.bias                          | shape: (7,)                      | params: 7
2026-07-12 01:17:01,927 P3721825 INFO dense_log.weight                         | shape: (60, 32)                  | params: 1,920
2026-07-12 01:17:01,927 P3721825 INFO dense_log.bias                           | shape: (60,)                     | params: 60
2026-07-12 01:17:01,927 P3721825 INFO dense_edge.weight                        | shape: (2, 8)                    | params: 16
2026-07-12 01:17:01,927 P3721825 INFO dense_edge.bias                          | shape: (2,)                      | params: 2
2026-07-12 01:17:01,927 P3721825 INFO show.0.weight                            | shape: (128, 69)                 | params: 8,832
2026-07-12 01:17:01,927 P3721825 INFO show.0.bias                              | shape: (128,)                    | params: 128
2026-07-12 01:17:01,928 P3721825 INFO show.2.weight                            | shape: (2, 128)                  | params: 256
2026-07-12 01:17:01,928 P3721825 INFO show.2.bias                              | shape: (2,)                      | params: 2
2026-07-12 01:17:01,928 P3721825 INFO Subtotal: 13,319
2026-07-12 01:17:01,928 P3721825 INFO --------------------------------------------------------------------------------
2026-07-12 01:17:01,928 P3721825 INFO Total Trainable Parameters: 216,909

2026-07-12 01:17:01,928 P3721825 INFO Trainable Parameters: 216909, reconstruction: 203590, common: 13319
2026-07-12 01:17:01,928 P3721825 INFO model : init weight
2026-07-12 01:17:01,930 P3721825 INFO Using GPU...
2026-07-12 01:17:01,936 P3721825 INFO optimizer : using AdaBelief
2026-07-12 01:17:01,937 P3721825 INFO ----------------------------------------------------------------------------------------------------
2026-07-12 01:17:01,937 P3721825 INFO 0/50 starting... lr: 0.001 para:1.0
2026-07-12 01:18:07,764 P3721825 INFO Epoch 0/50, all_loss:0.10719 cls_loss:32.86620 rec_loss:0.10719 [65.82s]; best loss:0.10719, patience : 0
2026-07-12 01:18:07,764 P3721825 INFO ----------------------------------------------------------------------------------------------------
2026-07-12 01:18:07,764 P3721825 INFO 1/50 starting... lr: 0.001 para:0.5
2026-07-12 01:19:13,155 P3721825 INFO Epoch 1/50, all_loss:2.07898 cls_loss:3.83883 rec_loss:0.31914 [65.38s]; best loss:2.07898, patience : 0
2026-07-12 01:19:13,155 P3721825 INFO ----------------------------------------------------------------------------------------------------
2026-07-12 01:19:13,155 P3721825 INFO 2/50 starting... lr: 0.001 para:0.3333333432674408
2026-07-12 01:20:17,786 P3721825 INFO Epoch 2/50, all_loss:1.63814 cls_loss:2.29987 rec_loss:0.31466 [64.62s]; best loss:1.63814, patience : 0
2026-07-12 01:20:38,743 P3721825 INFO pr:0.9099  rc:0.5645  auc:0.9903 ap:0.9228 f1: 0.6967 pred_right: 1074801 pred_wrong:21399 actu_right: 1061709 actu_wrong: 34491
2026-07-12 01:20:47,344 P3721825 INFO pr:0.9102  rc:0.5582  auc:0.9904 ap:0.9227 f1: 0.6920 pred_right: 460718 pred_wrong:9082 actu_right: 454992 actu_wrong: 14808
2026-07-12 01:20:47,351 P3721825 INFO ----------------------------------------------------------------------------------------------------
2026-07-12 01:20:47,352 P3721825 INFO 3/50 starting... lr: 0.001 para:0.25
2026-07-12 01:21:53,231 P3721825 INFO Epoch 3/50, all_loss:1.37847 cls_loss:1.71650 rec_loss:0.36437 [65.87s]; best loss:1.37847, patience : 0
2026-07-12 01:22:13,375 P3721825 INFO pr:0.8743  rc:0.6872  auc:0.9940 ap:0.9425 f1: 0.7695 pred_right: 1069090 pred_wrong:27110 actu_right: 1061712 actu_wrong: 34488
2026-07-12 01:22:22,068 P3721825 INFO pr:0.8806  rc:0.6881  auc:0.9941 ap:0.9431 f1: 0.7725 pred_right: 458229 pred_wrong:11571 actu_right: 454992 actu_wrong: 14808
2026-07-12 01:22:22,075 P3721825 INFO ----------------------------------------------------------------------------------------------------
2026-07-12 01:22:22,075 P3721825 INFO 4/50 starting... lr: 0.001 para:0.20000000298023224
2026-07-12 01:23:29,647 P3721825 INFO Epoch 4/50, all_loss:1.22047 cls_loss:1.43279 rec_loss:0.37118 [67.56s]; best loss:1.22047, patience : 0
2026-07-12 01:23:50,039 P3721825 INFO pr:0.9045  rc:0.7631  auc:0.9960 ap:0.9606 f1: 0.8278 pred_right: 1067103 pred_wrong:29097 actu_right: 1061712 actu_wrong: 34488
2026-07-12 01:23:58,852 P3721825 INFO pr:0.9064  rc:0.7578  auc:0.9959 ap:0.9601 f1: 0.8254 pred_right: 457420 pred_wrong:12380 actu_right: 454992 actu_wrong: 14808
2026-07-12 01:23:58,859 P3721825 INFO ----------------------------------------------------------------------------------------------------
2026-07-12 01:23:58,860 P3721825 INFO 5/50 starting... lr: 0.001 para:0.1666666716337204
2026-07-12 01:25:05,506 P3721825 INFO Epoch 5/50, all_loss:1.10792 cls_loss:1.25123 rec_loss:0.39139 [66.64s]; best loss:1.10792, patience : 0
2026-07-12 01:25:25,971 P3721825 INFO pr:0.9236  rc:0.7233  auc:0.9965 ap:0.9616 f1: 0.8113 pred_right: 1069186 pred_wrong:27014 actu_right: 1061706 actu_wrong: 34494
2026-07-12 01:25:34,785 P3721825 INFO pr:0.9248  rc:0.7241  auc:0.9964 ap:0.9614 f1: 0.8122 pred_right: 458206 pred_wrong:11594 actu_right: 454992 actu_wrong: 14808
2026-07-12 01:25:34,786 P3721825 INFO ----------------------------------------------------------------------------------------------------
2026-07-12 01:25:34,787 P3721825 INFO 6/50 starting... lr: 0.001 para:0.1428571492433548
2026-07-12 01:26:41,495 P3721825 INFO Epoch 6/50, all_loss:1.04234 cls_loss:1.14600 rec_loss:0.42035 [66.70s]; best loss:1.04234, patience : 0
2026-07-12 01:27:02,067 P3721825 INFO pr:0.9156  rc:0.7758  auc:0.9966 ap:0.9675 f1: 0.8399 pred_right: 1066972 pred_wrong:29228 actu_right: 1061706 actu_wrong: 34494
2026-07-12 01:27:11,685 P3721825 INFO pr:0.9165  rc:0.7745  auc:0.9966 ap:0.9675 f1: 0.8395 pred_right: 457286 pred_wrong:12514 actu_right: 454992 actu_wrong: 14808
2026-07-12 01:27:11,692 P3721825 INFO ----------------------------------------------------------------------------------------------------
2026-07-12 01:27:11,693 P3721825 INFO 7/50 starting... lr: 0.001 para:0.125
2026-07-12 01:28:18,964 P3721825 INFO Epoch 7/50, all_loss:1.00993 cls_loss:1.08709 rec_loss:0.46988 [67.26s]; best loss:1.00993, patience : 0
2026-07-12 01:28:40,370 P3721825 INFO pr:0.9099  rc:0.8054  auc:0.9965 ap:0.9713 f1: 0.8545 pred_right: 1065676 pred_wrong:30524 actu_right: 1061717 actu_wrong: 34483
2026-07-12 01:28:48,532 P3721825 INFO pr:0.9138  rc:0.8058  auc:0.9964 ap:0.9717 f1: 0.8564 pred_right: 456742 pred_wrong:13058 actu_right: 454992 actu_wrong: 14808
2026-07-12 01:28:48,539 P3721825 INFO ----------------------------------------------------------------------------------------------------
2026-07-12 01:28:48,539 P3721825 INFO 8/50 starting... lr: 0.001 para:0.1111111119389534
2026-07-12 01:29:56,757 P3721825 INFO Epoch 8/50, all_loss:0.99856 cls_loss:1.05854 rec_loss:0.51868 [68.21s]; best loss:0.99856, patience : 0
2026-07-12 01:30:17,722 P3721825 INFO pr:0.9426  rc:0.7532  auc:0.9974 ap:0.9740 f1: 0.8373 pred_right: 1068639 pred_wrong:27561 actu_right: 1061711 actu_wrong: 34489
2026-07-12 01:30:32,129 P3721825 INFO pr:0.9431  rc:0.7503  auc:0.9974 ap:0.9732 f1: 0.8357 pred_right: 458020 pred_wrong:11780 actu_right: 454992 actu_wrong: 14808
2026-07-12 01:30:32,130 P3721825 INFO ----------------------------------------------------------------------------------------------------
2026-07-12 01:30:32,131 P3721825 INFO 9/50 starting... lr: 0.001 para:0.10000000149011612
2026-07-12 01:31:36,342 P3721825 INFO Epoch 9/50, all_loss:0.93123 cls_loss:0.97191 rec_loss:0.56516 [64.21s]; best loss:0.93123, patience : 0
2026-07-12 01:32:02,014 P3721825 INFO pr:0.9272  rc:0.7940  auc:0.9977 ap:0.9764 f1: 0.8555 pred_right: 1066665 pred_wrong:29535 actu_right: 1061708 actu_wrong: 34492
2026-07-12 01:32:10,822 P3721825 INFO pr:0.9279  rc:0.7905  auc:0.9976 ap:0.9758 f1: 0.8537 pred_right: 457185 pred_wrong:12615 actu_right: 454992 actu_wrong: 14808
2026-07-12 01:32:10,830 P3721825 INFO ----------------------------------------------------------------------------------------------------
2026-07-12 01:32:10,830 P3721825 INFO 10/50 starting... lr: 0.001 para:0.09090909361839294
2026-07-12 01:33:13,982 P3721825 INFO Epoch 10/50, all_loss:0.90921 cls_loss:0.94162 rec_loss:0.58512 [63.14s]; best loss:0.90921, patience : 0
2026-07-12 01:33:40,553 P3721825 INFO pr:0.8752  rc:0.8569  auc:0.9971 ap:0.9716 f1: 0.8659 pred_right: 1062433 pred_wrong:33767 actu_right: 1061711 actu_wrong: 34489
2026-07-12 01:33:49,360 P3721825 INFO pr:0.8760  rc:0.8500  auc:0.9968 ap:0.9706 f1: 0.8628 pred_right: 455432 pred_wrong:14368 actu_right: 454992 actu_wrong: 14808
2026-07-12 01:33:49,367 P3721825 INFO ----------------------------------------------------------------------------------------------------
2026-07-12 01:33:49,368 P3721825 INFO 11/50 starting... lr: 0.001 para:0.0833333358168602
2026-07-12 01:34:57,181 P3721825 INFO Epoch 11/50, all_loss:0.91819 cls_loss:0.94430 rec_loss:0.63097 [67.81s]; best loss:0.90921, patience : 1
2026-07-12 01:35:18,259 P3721825 INFO pr:0.9121  rc:0.8766  auc:0.9983 ap:0.9816 f1: 0.8940 pred_right: 1063054 pred_wrong:33146 actu_right: 1061710 actu_wrong: 34490
2026-07-12 01:35:26,990 P3721825 INFO pr:0.9109  rc:0.8736  auc:0.9983 ap:0.9805 f1: 0.8919 pred_right: 455598 pred_wrong:14202 actu_right: 454992 actu_wrong: 14808
2026-07-12 01:35:26,997 P3721825 INFO ----------------------------------------------------------------------------------------------------
2026-07-12 01:35:26,998 P3721825 INFO 12/50 starting... lr: 0.001 para:0.07692307978868484
2026-07-12 01:36:35,613 P3721825 INFO Epoch 12/50, all_loss:0.83456 cls_loss:0.84834 rec_loss:0.66928 [68.61s]; best loss:0.83456, patience : 0
2026-07-12 01:36:56,240 P3721825 INFO pr:0.9215  rc:0.8570  auc:0.9985 ap:0.9824 f1: 0.8881 pred_right: 1064120 pred_wrong:32080 actu_right: 1061708 actu_wrong: 34492
2026-07-12 01:37:05,166 P3721825 INFO pr:0.9216  rc:0.8538  auc:0.9984 ap:0.9818 f1: 0.8864 pred_right: 456081 pred_wrong:13719 actu_right: 454992 actu_wrong: 14808
2026-07-12 01:37:05,167 P3721825 INFO ----------------------------------------------------------------------------------------------------
2026-07-12 01:37:05,167 P3721825 INFO 13/50 starting... lr: 0.001 para:0.0714285746216774
2026-07-12 01:38:12,934 P3721825 INFO Epoch 13/50, all_loss:0.77423 cls_loss:0.78083 rec_loss:0.68842 [67.76s]; best loss:0.77423, patience : 0
2026-07-12 01:38:33,708 P3721825 INFO pr:0.9019  rc:0.9169  auc:0.9989 ap:0.9844 f1: 0.9093 pred_right: 1061137 pred_wrong:35063 actu_right: 1061711 actu_wrong: 34489
2026-07-12 01:38:42,598 P3721825 INFO pr:0.9012  rc:0.9121  auc:0.9988 ap:0.9837 f1: 0.9066 pred_right: 454812 pred_wrong:14988 actu_right: 454992 actu_wrong: 14808
2026-07-12 01:38:42,606 P3721825 INFO ----------------------------------------------------------------------------------------------------
2026-07-12 01:38:42,606 P3721825 INFO 14/50 starting... lr: 0.001 para:0.06666667014360428
2026-07-12 01:39:50,594 P3721825 INFO Epoch 14/50, all_loss:0.74582 cls_loss:0.74783 rec_loss:0.71769 [67.98s]; best loss:0.74582, patience : 0
2026-07-12 01:40:11,541 P3721825 INFO pr:0.9287  rc:0.8756  auc:0.9989 ap:0.9857 f1: 0.9013 pred_right: 1063684 pred_wrong:32516 actu_right: 1061713 actu_wrong: 34487
2026-07-12 01:40:20,289 P3721825 INFO pr:0.9267  rc:0.8726  auc:0.9987 ap:0.9844 f1: 0.8988 pred_right: 455857 pred_wrong:13943 actu_right: 454992 actu_wrong: 14808
2026-07-12 01:40:20,290 P3721825 INFO ----------------------------------------------------------------------------------------------------
2026-07-12 01:40:20,297 P3721825 INFO 15/50 starting... lr: 0.001 para:0.0625
2026-07-12 01:41:28,027 P3721825 INFO Epoch 15/50, all_loss:0.69489 cls_loss:0.69209 rec_loss:0.73685 [67.72s]; best loss:0.69489, patience : 0
2026-07-12 01:41:48,764 P3721825 INFO pr:0.8904  rc:0.9335  auc:0.9987 ap:0.9864 f1: 0.9114 pred_right: 1060040 pred_wrong:36160 actu_right: 1061712 actu_wrong: 34488
2026-07-12 01:41:57,709 P3721825 INFO pr:0.8871  rc:0.9300  auc:0.9987 ap:0.9849 f1: 0.9080 pred_right: 454276 pred_wrong:15524 actu_right: 454992 actu_wrong: 14808
2026-07-12 01:41:57,717 P3721825 INFO ----------------------------------------------------------------------------------------------------
2026-07-12 01:41:57,717 P3721825 INFO 16/50 starting... lr: 0.001 para:0.05882352963089943
2026-07-12 01:43:05,946 P3721825 INFO Epoch 16/50, all_loss:0.70447 cls_loss:0.70132 rec_loss:0.75487 [68.23s]; best loss:0.69489, patience : 1
2026-07-12 01:43:26,804 P3721825 INFO pr:0.9157  rc:0.8853  auc:0.9988 ap:0.9839 f1: 0.9002 pred_right: 1062853 pred_wrong:33347 actu_right: 1061707 actu_wrong: 34493
2026-07-12 01:43:35,630 P3721825 INFO pr:0.9138  rc:0.8806  auc:0.9987 ap:0.9825 f1: 0.8969 pred_right: 455530 pred_wrong:14270 actu_right: 454992 actu_wrong: 14808
2026-07-12 01:43:35,631 P3721825 INFO ----------------------------------------------------------------------------------------------------
2026-07-12 01:43:35,631 P3721825 INFO 17/50 starting... lr: 0.001 para:0.0555555559694767
2026-07-12 01:44:44,371 P3721825 INFO Epoch 17/50, all_loss:0.68297 cls_loss:0.67654 rec_loss:0.79240 [68.73s]; best loss:0.68297, patience : 0
2026-07-12 01:45:05,070 P3721825 INFO pr:0.9268  rc:0.9082  auc:0.9991 ap:0.9891 f1: 0.9174 pred_right: 1062402 pred_wrong:33798 actu_right: 1061710 actu_wrong: 34490
2026-07-12 01:45:14,755 P3721825 INFO pr:0.9263  rc:0.9062  auc:0.9991 ap:0.9885 f1: 0.9161 pred_right: 455313 pred_wrong:14487 actu_right: 454992 actu_wrong: 14808
2026-07-12 01:45:14,762 P3721825 INFO ----------------------------------------------------------------------------------------------------
2026-07-12 01:45:14,762 P3721825 INFO 18/50 starting... lr: 0.001 para:0.05263157933950424
2026-07-12 01:46:23,380 P3721825 INFO Epoch 18/50, all_loss:0.61949 cls_loss:0.60925 rec_loss:0.80382 [68.61s]; best loss:0.61949, patience : 0
2026-07-12 01:46:45,021 P3721825 INFO pr:0.9222  rc:0.9200  auc:0.9992 ap:0.9890 f1: 0.9211 pred_right: 1061797 pred_wrong:34403 actu_right: 1061714 actu_wrong: 34486
2026-07-12 01:46:54,666 P3721825 INFO pr:0.9214  rc:0.9162  auc:0.9991 ap:0.9881 f1: 0.9188 pred_right: 455075 pred_wrong:14725 actu_right: 454992 actu_wrong: 14808
2026-07-12 01:46:54,683 P3721825 INFO ----------------------------------------------------------------------------------------------------
2026-07-12 01:46:54,683 P3721825 INFO 19/50 starting... lr: 0.001 para:0.05000000074505806
2026-07-12 01:48:01,927 P3721825 INFO Epoch 19/50, all_loss:0.61790 cls_loss:0.60685 rec_loss:0.82785 [67.23s]; best loss:0.61790, patience : 0
2026-07-12 01:48:23,243 P3721825 INFO pr:0.9369  rc:0.8984  auc:0.9992 ap:0.9891 f1: 0.9172 pred_right: 1063134 pred_wrong:33066 actu_right: 1061714 actu_wrong: 34486
2026-07-12 01:48:37,562 P3721825 INFO pr:0.9373  rc:0.8944  auc:0.9992 ap:0.9883 f1: 0.9154 pred_right: 455669 pred_wrong:14131 actu_right: 454992 actu_wrong: 14808
2026-07-12 01:48:37,564 P3721825 INFO ----------------------------------------------------------------------------------------------------
2026-07-12 01:48:37,564 P3721825 INFO 20/50 starting... lr: 0.001 para:0.0476190485060215
2026-07-12 01:49:42,182 P3721825 INFO Epoch 20/50, all_loss:0.60516 cls_loss:0.59343 rec_loss:0.83972 [64.61s]; best loss:0.60516, patience : 0
2026-07-12 01:50:07,898 P3721825 INFO pr:0.9190  rc:0.9289  auc:0.9993 ap:0.9905 f1: 0.9240 pred_right: 1061339 pred_wrong:34861 actu_right: 1061709 actu_wrong: 34491
2026-07-12 01:50:17,190 P3721825 INFO pr:0.9191  rc:0.9273  auc:0.9992 ap:0.9899 f1: 0.9232 pred_right: 454860 pred_wrong:14940 actu_right: 454992 actu_wrong: 14808
2026-07-12 01:50:17,197 P3721825 INFO ----------------------------------------------------------------------------------------------------
2026-07-12 01:50:17,197 P3721825 INFO 21/50 starting... lr: 0.001 para:0.04545454680919647
2026-07-12 01:51:21,098 P3721825 INFO Epoch 21/50, all_loss:0.58806 cls_loss:0.57657 rec_loss:0.82930 [63.89s]; best loss:0.58806, patience : 0
2026-07-12 01:51:47,737 P3721825 INFO pr:0.9164  rc:0.9376  auc:0.9993 ap:0.9907 f1: 0.9268 pred_right: 1060909 pred_wrong:35291 actu_right: 1061707 actu_wrong: 34493
2026-07-12 01:51:56,492 P3721825 INFO pr:0.9137  rc:0.9360  auc:0.9992 ap:0.9897 f1: 0.9247 pred_right: 454630 pred_wrong:15170 actu_right: 454992 actu_wrong: 14808
2026-07-12 01:51:56,500 P3721825 INFO ----------------------------------------------------------------------------------------------------
2026-07-12 01:51:56,500 P3721825 INFO 22/50 starting... lr: 0.001 para:0.043478261679410934
2026-07-12 01:53:02,304 P3721825 INFO Epoch 22/50, all_loss:0.61108 cls_loss:0.59939 rec_loss:0.86829 [65.80s]; best loss:0.58806, patience : 1
2026-07-12 01:53:26,211 P3721825 INFO pr:0.9261  rc:0.9325  auc:0.9992 ap:0.9909 f1: 0.9293 pred_right: 1061473 pred_wrong:34727 actu_right: 1061712 actu_wrong: 34488
2026-07-12 01:53:35,014 P3721825 INFO pr:0.9244  rc:0.9302  auc:0.9990 ap:0.9901 f1: 0.9273 pred_right: 454900 pred_wrong:14900 actu_right: 454992 actu_wrong: 14808
2026-07-12 01:53:35,022 P3721825 INFO ----------------------------------------------------------------------------------------------------
2026-07-12 01:53:35,022 P3721825 INFO 23/50 starting... lr: 0.001 para:0.0416666679084301
2026-07-12 01:54:42,593 P3721825 INFO Epoch 23/50, all_loss:0.58631 cls_loss:0.57324 rec_loss:0.88684 [67.56s]; best loss:0.58631, patience : 0
2026-07-12 01:55:03,145 P3721825 INFO pr:0.9462  rc:0.8949  auc:0.9992 ap:0.9910 f1: 0.9198 pred_right: 1063583 pred_wrong:32617 actu_right: 1061714 actu_wrong: 34486
2026-07-12 01:55:11,857 P3721825 INFO pr:0.9414  rc:0.8915  auc:0.9991 ap:0.9902 f1: 0.9158 pred_right: 455776 pred_wrong:14024 actu_right: 454992 actu_wrong: 14808
2026-07-12 01:55:11,858 P3721825 INFO ----------------------------------------------------------------------------------------------------
2026-07-12 01:55:11,858 P3721825 INFO 24/50 starting... lr: 0.001 para:0.03999999910593033
2026-07-12 01:56:20,002 P3721825 INFO Epoch 24/50, all_loss:0.55374 cls_loss:0.54010 rec_loss:0.88117 [68.13s]; best loss:0.55374, patience : 0
2026-07-12 01:56:40,640 P3721825 INFO pr:0.9342  rc:0.9279  auc:0.9994 ap:0.9913 f1: 0.9310 pred_right: 1061945 pred_wrong:34255 actu_right: 1061712 actu_wrong: 34488
2026-07-12 01:56:49,370 P3721825 INFO pr:0.9338  rc:0.9256  auc:0.9994 ap:0.9906 f1: 0.9297 pred_right: 455121 pred_wrong:14679 actu_right: 454992 actu_wrong: 14808
2026-07-12 01:56:49,377 P3721825 INFO ----------------------------------------------------------------------------------------------------
2026-07-12 01:56:49,377 P3721825 INFO 25/50 starting... lr: 0.001 para:0.03846153989434242
2026-07-12 01:57:57,297 P3721825 INFO Epoch 25/50, all_loss:0.55549 cls_loss:0.54175 rec_loss:0.89903 [67.92s]; best loss:0.55374, patience : 1
2026-07-12 01:58:17,870 P3721825 INFO pr:0.9378  rc:0.9153  auc:0.9994 ap:0.9914 f1: 0.9264 pred_right: 1062538 pred_wrong:33662 actu_right: 1061710 actu_wrong: 34490
2026-07-12 01:58:26,715 P3721825 INFO pr:0.9367  rc:0.9098  auc:0.9993 ap:0.9907 f1: 0.9230 pred_right: 455417 pred_wrong:14383 actu_right: 454992 actu_wrong: 14808
2026-07-12 01:58:26,716 P3721825 INFO ----------------------------------------------------------------------------------------------------
2026-07-12 01:58:26,716 P3721825 INFO 26/50 starting... lr: 0.001 para:0.03703703731298447
2026-07-12 01:59:34,373 P3721825 INFO Epoch 26/50, all_loss:0.56960 cls_loss:0.55666 rec_loss:0.90618 [67.66s]; best loss:0.55374, patience : 2
2026-07-12 01:59:55,010 P3721825 INFO pr:0.9462  rc:0.9027  auc:0.9993 ap:0.9905 f1: 0.9240 pred_right: 1063297 pred_wrong:32903 actu_right: 1061712 actu_wrong: 34488
2026-07-12 02:00:03,929 P3721825 INFO pr:0.9419  rc:0.8972  auc:0.9991 ap:0.9892 f1: 0.9190 pred_right: 455696 pred_wrong:14104 actu_right: 454992 actu_wrong: 14808
2026-07-12 02:00:03,932 P3721825 INFO ----------------------------------------------------------------------------------------------------
2026-07-12 02:00:03,933 P3721825 INFO 27/50 starting... lr: 0.001 para:0.0357142873108387
2026-07-12 02:01:12,346 P3721825 INFO Epoch 27/50, all_loss:0.53656 cls_loss:0.52279 rec_loss:0.90837 [68.41s]; best loss:0.53656, patience : 0
2026-07-12 02:01:33,046 P3721825 INFO pr:0.9291  rc:0.9453  auc:0.9994 ap:0.9925 f1: 0.9372 pred_right: 1061109 pred_wrong:35091 actu_right: 1061712 actu_wrong: 34488
2026-07-12 02:01:41,950 P3721825 INFO pr:0.9272  rc:0.9433  auc:0.9992 ap:0.9919 f1: 0.9352 pred_right: 454734 pred_wrong:15066 actu_right: 454992 actu_wrong: 14808
2026-07-12 02:01:41,958 P3721825 INFO ----------------------------------------------------------------------------------------------------
2026-07-12 02:01:41,958 P3721825 INFO 28/50 starting... lr: 0.001 para:0.03448275849223137
2026-07-12 02:02:50,112 P3721825 INFO Epoch 28/50, all_loss:0.51959 cls_loss:0.50473 rec_loss:0.93551 [68.15s]; best loss:0.51959, patience : 0
2026-07-12 02:03:10,904 P3721825 INFO pr:0.9493  rc:0.9145  auc:0.9994 ap:0.9923 f1: 0.9316 pred_right: 1062977 pred_wrong:33223 actu_right: 1061711 actu_wrong: 34489
2026-07-12 02:03:19,706 P3721825 INFO pr:0.9491  rc:0.9163  auc:0.9992 ap:0.9920 f1: 0.9324 pred_right: 455504 pred_wrong:14296 actu_right: 454992 actu_wrong: 14808
2026-07-12 02:03:19,707 P3721825 INFO ----------------------------------------------------------------------------------------------------
2026-07-12 02:03:19,707 P3721825 INFO 29/50 starting... lr: 0.001 para:0.03333333507180214
2026-07-12 02:04:27,535 P3721825 INFO Epoch 29/50, all_loss:0.54748 cls_loss:0.53391 rec_loss:0.94124 [67.83s]; best loss:0.51959, patience : 1
2026-07-12 02:04:48,333 P3721825 INFO pr:0.8996  rc:0.9674  auc:0.9994 ap:0.9920 f1: 0.9322 pred_right: 1059114 pred_wrong:37086 actu_right: 1061715 actu_wrong: 34485
2026-07-12 02:04:58,390 P3721825 INFO pr:0.8991  rc:0.9637  auc:0.9993 ap:0.9911 f1: 0.9303 pred_right: 453927 pred_wrong:15873 actu_right: 454992 actu_wrong: 14808
2026-07-12 02:04:58,391 P3721825 INFO ----------------------------------------------------------------------------------------------------
2026-07-12 02:04:58,391 P3721825 INFO 30/50 starting... lr: 0.001 para:0.032258063554763794
2026-07-12 02:06:05,688 P3721825 INFO Epoch 30/50, all_loss:0.50196 cls_loss:0.48734 rec_loss:0.94055 [67.29s]; best loss:0.50196, patience : 0
2026-07-12 02:06:27,613 P3721825 INFO pr:0.9466  rc:0.9169  auc:0.9994 ap:0.9923 f1: 0.9315 pred_right: 1062791 pred_wrong:33409 actu_right: 1061710 actu_wrong: 34490
2026-07-12 02:06:35,842 P3721825 INFO pr:0.9442  rc:0.9127  auc:0.9993 ap:0.9913 f1: 0.9282 pred_right: 455485 pred_wrong:14315 actu_right: 454992 actu_wrong: 14808
2026-07-12 02:06:35,843 P3721825 INFO ----------------------------------------------------------------------------------------------------
2026-07-12 02:06:35,843 P3721825 INFO 31/50 starting... lr: 0.001 para:0.03125
2026-07-12 02:07:43,544 P3721825 INFO Epoch 31/50, all_loss:0.53038 cls_loss:0.51665 rec_loss:0.95606 [67.70s]; best loss:0.50196, patience : 1
2026-07-12 02:08:05,147 P3721825 INFO pr:0.9399  rc:0.9298  auc:0.9995 ap:0.9929 f1: 0.9348 pred_right: 1062084 pred_wrong:34116 actu_right: 1061714 actu_wrong: 34486
2026-07-12 02:08:15,716 P3721825 INFO pr:0.9378  rc:0.9263  auc:0.9994 ap:0.9920 f1: 0.9320 pred_right: 455175 pred_wrong:14625 actu_right: 454992 actu_wrong: 14808
2026-07-12 02:08:15,726 P3721825 INFO ----------------------------------------------------------------------------------------------------
2026-07-12 02:08:15,727 P3721825 INFO 32/50 starting... lr: 0.001 para:0.03030303120613098
2026-07-12 02:09:22,005 P3721825 INFO Epoch 32/50, all_loss:0.50134 cls_loss:0.48659 rec_loss:0.97346 [66.27s]; best loss:0.50134, patience : 0
2026-07-12 02:09:45,346 P3721825 INFO pr:0.9545  rc:0.8736  auc:0.9991 ap:0.9898 f1: 0.9123 pred_right: 1064630 pred_wrong:31570 actu_right: 1061710 actu_wrong: 34490
2026-07-12 02:09:58,451 P3721825 INFO pr:0.9544  rc:0.8689  auc:0.9990 ap:0.9892 f1: 0.9097 pred_right: 456318 pred_wrong:13482 actu_right: 454992 actu_wrong: 14808
2026-07-12 02:09:58,452 P3721825 INFO ----------------------------------------------------------------------------------------------------
2026-07-12 02:09:58,452 P3721825 INFO 33/50 starting... lr: 0.001 para:0.029411764815449715
2026-07-12 02:11:02,550 P3721825 INFO Epoch 33/50, all_loss:0.52907 cls_loss:0.51563 rec_loss:0.97274 [64.10s]; best loss:0.50134, patience : 1
2026-07-12 02:11:28,721 P3721825 INFO pr:0.9241  rc:0.9587  auc:0.9995 ap:0.9938 f1: 0.9411 pred_right: 1060420 pred_wrong:35780 actu_right: 1061709 actu_wrong: 34491
2026-07-12 02:11:37,843 P3721825 INFO pr:0.9216  rc:0.9562  auc:0.9995 ap:0.9931 f1: 0.9386 pred_right: 454437 pred_wrong:15363 actu_right: 454992 actu_wrong: 14808
2026-07-12 02:11:37,852 P3721825 INFO ----------------------------------------------------------------------------------------------------
2026-07-12 02:11:37,853 P3721825 INFO 34/50 starting... lr: 0.001 para:0.02857142873108387
2026-07-12 02:12:41,833 P3721825 INFO Epoch 34/50, all_loss:0.50679 cls_loss:0.49285 rec_loss:0.98074 [63.98s]; best loss:0.50134, patience : 1
2026-07-12 02:13:08,310 P3721825 INFO pr:0.9316  rc:0.9512  auc:0.9995 ap:0.9932 f1: 0.9413 pred_right: 1060985 pred_wrong:35215 actu_right: 1061708 actu_wrong: 34492
2026-07-12 02:13:17,037 P3721825 INFO pr:0.9293  rc:0.9466  auc:0.9994 ap:0.9923 f1: 0.9379 pred_right: 454717 pred_wrong:15083 actu_right: 454992 actu_wrong: 14808
2026-07-12 02:13:17,045 P3721825 INFO ----------------------------------------------------------------------------------------------------
2026-07-12 02:13:17,045 P3721825 INFO 35/50 starting... lr: 0.001 para:0.02777777798473835
2026-07-12 02:14:22,995 P3721825 INFO Epoch 35/50, all_loss:0.48164 cls_loss:0.46706 rec_loss:0.99182 [65.94s]; best loss:0.48164, patience : 0
2026-07-12 02:14:46,503 P3721825 INFO pr:0.9053  rc:0.9699  auc:0.9994 ap:0.9921 f1: 0.9365 pred_right: 1059248 pred_wrong:36952 actu_right: 1061712 actu_wrong: 34488
2026-07-12 02:14:55,182 P3721825 INFO pr:0.9059  rc:0.9655  auc:0.9993 ap:0.9911 f1: 0.9347 pred_right: 454018 pred_wrong:15782 actu_right: 454992 actu_wrong: 14808
2026-07-12 02:14:55,183 P3721825 INFO ----------------------------------------------------------------------------------------------------
2026-07-12 02:14:55,183 P3721825 INFO 36/50 starting... lr: 0.001 para:0.027027027681469917
2026-07-12 02:16:02,903 P3721825 INFO Epoch 36/50, all_loss:0.47214 cls_loss:0.45743 rec_loss:1.00165 [67.71s]; best loss:0.47214, patience : 0
2026-07-12 02:16:23,608 P3721825 INFO pr:0.9417  rc:0.9456  auc:0.9995 ap:0.9936 f1: 0.9437 pred_right: 1061569 pred_wrong:34631 actu_right: 1061712 actu_wrong: 34488
2026-07-12 02:16:32,369 P3721825 INFO pr:0.9394  rc:0.9391  auc:0.9994 ap:0.9929 f1: 0.9392 pred_right: 454997 pred_wrong:14803 actu_right: 454992 actu_wrong: 14808
2026-07-12 02:16:32,377 P3721825 INFO ----------------------------------------------------------------------------------------------------
2026-07-12 02:16:32,377 P3721825 INFO 37/50 starting... lr: 0.001 para:0.02631578966975212
2026-07-12 02:17:40,907 P3721825 INFO Epoch 37/50, all_loss:0.47972 cls_loss:0.46575 rec_loss:0.99685 [68.53s]; best loss:0.47214, patience : 1
2026-07-12 02:18:01,513 P3721825 INFO pr:0.9518  rc:0.9011  auc:0.9993 ap:0.9924 f1: 0.9258 pred_right: 1063553 pred_wrong:32647 actu_right: 1061714 actu_wrong: 34486
2026-07-12 02:18:10,214 P3721825 INFO pr:0.9487  rc:0.8965  auc:0.9993 ap:0.9917 f1: 0.9218 pred_right: 455807 pred_wrong:13993 actu_right: 454992 actu_wrong: 14808
2026-07-12 02:18:10,215 P3721825 INFO ----------------------------------------------------------------------------------------------------
2026-07-12 02:18:10,215 P3721825 INFO 38/50 starting... lr: 0.001 para:0.025641025975346565
2026-07-12 02:19:18,400 P3721825 INFO Epoch 38/50, all_loss:0.46041 cls_loss:0.44615 rec_loss:1.00232 [68.18s]; best loss:0.46041, patience : 0
2026-07-12 02:19:38,916 P3721825 INFO pr:0.9220  rc:0.9651  auc:0.9995 ap:0.9937 f1: 0.9431 pred_right: 1060098 pred_wrong:36102 actu_right: 1061709 actu_wrong: 34491
2026-07-12 02:19:47,767 P3721825 INFO pr:0.9183  rc:0.9607  auc:0.9994 ap:0.9928 f1: 0.9390 pred_right: 454308 pred_wrong:15492 actu_right: 454992 actu_wrong: 14808
2026-07-12 02:19:47,768 P3721825 INFO ----------------------------------------------------------------------------------------------------
2026-07-12 02:19:47,768 P3721825 INFO 39/50 starting... lr: 0.001 para:0.02500000037252903
2026-07-12 02:20:55,668 P3721825 INFO Epoch 39/50, all_loss:0.45576 cls_loss:0.44138 rec_loss:1.01649 [67.89s]; best loss:0.45576, patience : 0
2026-07-12 02:21:16,228 P3721825 INFO pr:0.9220  rc:0.9644  auc:0.9996 ap:0.9938 f1: 0.9427 pred_right: 1060125 pred_wrong:36075 actu_right: 1061711 actu_wrong: 34489
2026-07-12 02:21:25,045 P3721825 INFO pr:0.9200  rc:0.9637  auc:0.9995 ap:0.9932 f1: 0.9413 pred_right: 454289 pred_wrong:15511 actu_right: 454992 actu_wrong: 14808
2026-07-12 02:21:25,046 P3721825 INFO ----------------------------------------------------------------------------------------------------
2026-07-12 02:21:25,046 P3721825 INFO 40/50 starting... lr: 0.001 para:0.024390242993831635
2026-07-12 02:22:33,131 P3721825 INFO Epoch 40/50, all_loss:0.44816 cls_loss:0.43392 rec_loss:1.01782 [68.08s]; best loss:0.44816, patience : 0
2026-07-12 02:22:53,999 P3721825 INFO pr:0.9380  rc:0.9527  auc:0.9996 ap:0.9941 f1: 0.9453 pred_right: 1061170 pred_wrong:35030 actu_right: 1061710 actu_wrong: 34490
2026-07-12 02:23:02,921 P3721825 INFO pr:0.9360  rc:0.9486  auc:0.9994 ap:0.9934 f1: 0.9423 pred_right: 454793 pred_wrong:15007 actu_right: 454992 actu_wrong: 14808
2026-07-12 02:23:02,929 P3721825 INFO ----------------------------------------------------------------------------------------------------
2026-07-12 02:23:02,929 P3721825 INFO 41/50 starting... lr: 0.001 para:0.02380952425301075
2026-07-12 02:24:11,575 P3721825 INFO Epoch 41/50, all_loss:0.47423 cls_loss:0.46069 rec_loss:1.02948 [68.65s]; best loss:0.44816, patience : 1
2026-07-12 02:24:32,304 P3721825 INFO pr:0.9414  rc:0.9179  auc:0.9990 ap:0.9917 f1: 0.9295 pred_right: 1062577 pred_wrong:33623 actu_right: 1061713 actu_wrong: 34487
2026-07-12 02:24:41,038 P3721825 INFO pr:0.9372  rc:0.9135  auc:0.9989 ap:0.9904 f1: 0.9252 pred_right: 455367 pred_wrong:14433 actu_right: 454992 actu_wrong: 14808
2026-07-12 02:24:41,039 P3721825 INFO ----------------------------------------------------------------------------------------------------
2026-07-12 02:24:41,039 P3721825 INFO 42/50 starting... lr: 0.001 para:0.023255813866853714
2026-07-12 02:25:48,783 P3721825 INFO Epoch 42/50, all_loss:0.45659 cls_loss:0.44201 rec_loss:1.06895 [67.74s]; best loss:0.44816, patience : 1
2026-07-12 02:26:09,410 P3721825 INFO pr:0.9406  rc:0.9482  auc:0.9994 ap:0.9941 f1: 0.9444 pred_right: 1061432 pred_wrong:34768 actu_right: 1061709 actu_wrong: 34491
2026-07-12 02:26:18,400 P3721825 INFO pr:0.9373  rc:0.9433  auc:0.9993 ap:0.9929 f1: 0.9403 pred_right: 454897 pred_wrong:14903 actu_right: 454992 actu_wrong: 14808
2026-07-12 02:26:18,402 P3721825 INFO ----------------------------------------------------------------------------------------------------
2026-07-12 02:26:18,402 P3721825 INFO 43/50 starting... lr: 0.001 para:0.022727273404598236
2026-07-12 02:27:26,347 P3721825 INFO Epoch 43/50, all_loss:0.43589 cls_loss:0.42156 rec_loss:1.05222 [67.94s]; best loss:0.43589, patience : 0
2026-07-12 02:27:46,965 P3721825 INFO pr:0.9424  rc:0.9488  auc:0.9994 ap:0.9932 f1: 0.9456 pred_right: 1061477 pred_wrong:34723 actu_right: 1061711 actu_wrong: 34489
2026-07-12 02:27:56,374 P3721825 INFO pr:0.9391  rc:0.9434  auc:0.9994 ap:0.9924 f1: 0.9412 pred_right: 454924 pred_wrong:14876 actu_right: 454992 actu_wrong: 14808
2026-07-12 02:27:56,382 P3721825 INFO ----------------------------------------------------------------------------------------------------
2026-07-12 02:27:56,382 P3721825 INFO 44/50 starting... lr: 0.001 para:0.02222222276031971
2026-07-12 02:29:03,628 P3721825 INFO Epoch 44/50, all_loss:0.45458 cls_loss:0.44065 rec_loss:1.06761 [67.25s]; best loss:0.43589, patience : 1
2026-07-12 02:29:25,258 P3721825 INFO pr:0.9208  rc:0.9685  auc:0.9995 ap:0.9941 f1: 0.9440 pred_right: 1059920 pred_wrong:36280 actu_right: 1061709 actu_wrong: 34491
2026-07-12 02:29:34,062 P3721825 INFO pr:0.9185  rc:0.9636  auc:0.9994 ap:0.9932 f1: 0.9405 pred_right: 454265 pred_wrong:15535 actu_right: 454992 actu_wrong: 14808
2026-07-12 02:29:34,064 P3721825 INFO ----------------------------------------------------------------------------------------------------
2026-07-12 02:29:34,064 P3721825 INFO 45/50 starting... lr: 0.001 para:0.021739130839705467
2026-07-12 02:30:41,289 P3721825 INFO Epoch 45/50, all_loss:0.47279 cls_loss:0.45871 rec_loss:1.10653 [67.22s]; best loss:0.43589, patience : 2
2026-07-12 02:31:04,153 P3721825 INFO pr:0.9409  rc:0.9529  auc:0.9991 ap:0.9936 f1: 0.9468 pred_right: 1061270 pred_wrong:34930 actu_right: 1061710 actu_wrong: 34490
2026-07-12 02:31:17,396 P3721825 INFO pr:0.9374  rc:0.9464  auc:0.9991 ap:0.9930 f1: 0.9419 pred_right: 454850 pred_wrong:14950 actu_right: 454992 actu_wrong: 14808
2026-07-12 02:31:17,405 P3721825 INFO ----------------------------------------------------------------------------------------------------
2026-07-12 02:31:17,405 P3721825 INFO 46/50 starting... lr: 0.001 para:0.021276595070958138
2026-07-12 02:32:21,767 P3721825 INFO Epoch 46/50, all_loss:0.43114 cls_loss:0.41643 rec_loss:1.10745 [64.36s]; best loss:0.43114, patience : 0
2026-07-12 02:32:48,136 P3721825 INFO pr:0.9555  rc:0.9307  auc:0.9995 ap:0.9945 f1: 0.9430 pred_right: 1062605 pred_wrong:33595 actu_right: 1061710 actu_wrong: 34490
2026-07-12 02:32:57,085 P3721825 INFO pr:0.9557  rc:0.9260  auc:0.9993 ap:0.9937 f1: 0.9406 pred_right: 455453 pred_wrong:14347 actu_right: 454992 actu_wrong: 14808
2026-07-12 02:32:57,086 P3721825 INFO ----------------------------------------------------------------------------------------------------
2026-07-12 02:32:57,087 P3721825 INFO 47/50 starting... lr: 0.001 para:0.02083333395421505
2026-07-12 02:34:00,897 P3721825 INFO Epoch 47/50, all_loss:0.41902 cls_loss:0.40414 rec_loss:1.11849 [63.80s]; best loss:0.41902, patience : 0
2026-07-12 02:34:28,286 P3721825 INFO pr:0.9483  rc:0.9507  auc:0.9994 ap:0.9946 f1: 0.9495 pred_right: 1061629 pred_wrong:34571 actu_right: 1061715 actu_wrong: 34485
2026-07-12 02:34:37,052 P3721825 INFO pr:0.9461  rc:0.9448  auc:0.9992 ap:0.9939 f1: 0.9454 pred_right: 455013 pred_wrong:14787 actu_right: 454992 actu_wrong: 14808
2026-07-12 02:34:37,060 P3721825 INFO ----------------------------------------------------------------------------------------------------
2026-07-12 02:34:37,060 P3721825 INFO 48/50 starting... lr: 0.001 para:0.020408162847161293
2026-07-12 02:35:43,817 P3721825 INFO Epoch 48/50, all_loss:0.41057 cls_loss:0.39584 rec_loss:1.11768 [66.73s]; best loss:0.41057, patience : 0
2026-07-12 02:36:06,599 P3721825 INFO pr:0.9506  rc:0.9427  auc:0.9996 ap:0.9947 f1: 0.9467 pred_right: 1061993 pred_wrong:34207 actu_right: 1061707 actu_wrong: 34493
2026-07-12 02:36:15,397 P3721825 INFO pr:0.9494  rc:0.9342  auc:0.9994 ap:0.9939 f1: 0.9417 pred_right: 455228 pred_wrong:14572 actu_right: 454992 actu_wrong: 14808
2026-07-12 02:36:15,398 P3721825 INFO ----------------------------------------------------------------------------------------------------
2026-07-12 02:36:15,398 P3721825 INFO 49/50 starting... lr: 0.001 para:0.019999999552965164
2026-07-12 02:37:23,646 P3721825 INFO Epoch 49/50, all_loss:0.44661 cls_loss:0.43280 rec_loss:1.12298 [68.25s]; best loss:0.41057, patience : 1
2026-07-12 02:37:44,211 P3721825 INFO pr:0.9452  rc:0.9533  auc:0.9995 ap:0.9946 f1: 0.9492 pred_right: 1061412 pred_wrong:34788 actu_right: 1061709 actu_wrong: 34491
2026-07-12 02:37:52,900 P3721825 INFO pr:0.9429  rc:0.9498  auc:0.9993 ap:0.9936 f1: 0.9463 pred_right: 454885 pred_wrong:14915 actu_right: 454992 actu_wrong: 14808
2026-07-12 02:37:52,901 P3721825 INFO saving model...
2026-07-12 02:37:52,901 P3721825 INFO iTransformer - loss  best score:0.4105680584907532 at epoch 48
2026-07-12 02:37:52,915 P3721825 INFO iTransformer - f1  best score:0.9494902687673772 at epoch 47
2026-07-12 02:37:52,927 P3721825 INFO Average training time per epoch: 66.91 seconds
2026-07-12 02:37:52,929 P3721825 INFO calculate scores...
2026-07-12 02:37:52,929 P3721825 INFO calculate label with loss...
2026-07-12 02:37:52,929 P3721825 INFO iTransformer on ./result/server_only_exps/Architecture_updatedFreDF/iTransformer-TT-Epochs50-Seed1-ExpNameRQ2_architecture-LPFLPF-Attnlinear_attn-NormLinTrue-RecLambda1.0-AuxiLambda0.2 loading...
2026-07-12 02:38:01,818 P3721825 INFO pr:0.9494  rc:0.9342  auc:0.9994 ap:0.9939 f1: 0.9417 pred_right: 455228 pred_wrong:14572 actu_right: 454992 actu_wrong: 14808
2026-07-12 02:39:45,426 P3721825 INFO pr:0.9494  rc:0.9342  auc:0.9994 ap:0.9939 f1: 0.9417 pred_right: 455228 pred_wrong:14572 actu_right: 454992 actu_wrong: 14808
2026-07-12 02:39:45,427 P3721825 INFO Performance Summary:
{'GPU': {'inference_time_per_sample_ms': 0.47565993649540755, 'throughput_samples_per_sec': 2102.342289678321, 'peak_memory_mb': 285.123046875, 'energy_per_sample_joules': 0.06422384245557818}, 'CPU': {'inference_time_per_sample_ms': 5.909502547315561, 'throughput_samples_per_sec': 169.21898112291333, 'peak_memory_mb': 6322.79296875, 'energy_per_sample_joules': 0.3841176655755114}}
2026-07-12 02:39:45,427 P3721825 INFO Starting clean-room hardware benchmarking...
2026-07-12 02:39:47,905 P3721825 INFO Performance with loss: pr:0.9494  rc:0.9342  auc:0.9994 ap:0.9939 f1: 0.9417 pred_right: 455228 pred_wrong:14572 actu_right: 454992 actu_wrong: 14808
2026-07-12 02:39:47,905 P3721825 INFO calculate label with f1...
2026-07-12 02:39:47,905 P3721825 INFO iTransformer on ./result/server_only_exps/Architecture_updatedFreDF/iTransformer-TT-Epochs50-Seed1-ExpNameRQ2_architecture-LPFLPF-Attnlinear_attn-NormLinTrue-RecLambda1.0-AuxiLambda0.2 loading...
2026-07-12 02:39:56,812 P3721825 INFO pr:0.9461  rc:0.9448  auc:0.9992 ap:0.9939 f1: 0.9454 pred_right: 455013 pred_wrong:14787 actu_right: 454992 actu_wrong: 14808
2026-07-12 02:41:31,351 P3721825 INFO pr:0.9461  rc:0.9448  auc:0.9992 ap:0.9939 f1: 0.9454 pred_right: 455013 pred_wrong:14787 actu_right: 454992 actu_wrong: 14808
2026-07-12 02:41:31,361 P3721825 INFO Performance Summary:
{'GPU': {'inference_time_per_sample_ms': 0.47770348602540186, 'throughput_samples_per_sec': 2093.3487597509916, 'peak_memory_mb': 283.078125, 'energy_per_sample_joules': 0.07782673538802942}, 'CPU': {'inference_time_per_sample_ms': 5.392923735586838, 'throughput_samples_per_sec': 185.42817384959432, 'peak_memory_mb': 6168.9609375, 'energy_per_sample_joules': 0.3505400428131445}}
2026-07-12 02:41:31,361 P3721825 INFO Starting clean-room hardware benchmarking...
2026-07-12 02:41:33,607 P3721825 INFO Performance with f1: pr:0.9461  rc:0.9448  auc:0.9992 ap:0.9939 f1: 0.9454 pred_right: 455013 pred_wrong:14787 actu_right: 454992 actu_wrong: 14808
