2026-07-24 08:07:28,069 P771625 INFO ---- Model: ----MSTGAD-3bfea126----random_seed : 3----req_loss_approach : Legendre-style----rec_lambda : 1.0----auxi_lambda : 0.2----Freq Domain : FITS_Legendre----Multi Fits : false----train : True----evaluate : False
2026-07-24 08:07:28,069 P771625 INFO Load from /home/db2003/Desktop/Amr/Tests/Eadro/codes/chunks/TT
2026-07-24 08:07:44,687 P771625 INFO Fewshot: training with 1.0 of the 70% of the data
2026-07-24 08:07:44,798 P771625 INFO Trainable Parameters Breakdown:
2026-07-24 08:07:44,798 P771625 INFO --------------------------------------------------------------------------------
2026-07-24 08:07:44,798 P771625 INFO Reconstruction-Specific Parameters:
2026-07-24 08:07:44,798 P771625 INFO node_emb.linear.weight                   | shape: (8, 7)                    | params: 56
2026-07-24 08:07:44,798 P771625 INFO node_emb.linear.bias                     | shape: (8,)                      | params: 8
2026-07-24 08:07:44,798 P771625 INFO log_emb.linear.weight                    | shape: (32, 60)                  | params: 1,920
2026-07-24 08:07:44,798 P771625 INFO log_emb.linear.bias                      | shape: (32,)                     | params: 32
2026-07-24 08:07:44,798 P771625 INFO egde_emb.linear.weight                   | shape: (8, 2)                    | params: 16
2026-07-24 08:07:44,799 P771625 INFO egde_emb.linear.bias                     | shape: (8,)                      | params: 8
2026-07-24 08:07:44,799 P771625 INFO dense_node.weight                        | shape: (7, 8)                    | params: 56
2026-07-24 08:07:44,799 P771625 INFO dense_node.bias                          | shape: (7,)                      | params: 7
2026-07-24 08:07:44,799 P771625 INFO dense_log.weight                         | shape: (60, 32)                  | params: 1,920
2026-07-24 08:07:44,799 P771625 INFO dense_log.bias                           | shape: (60,)                     | params: 60
2026-07-24 08:07:44,799 P771625 INFO dense_edge.weight                        | shape: (2, 8)                    | params: 16
2026-07-24 08:07:44,799 P771625 INFO dense_edge.bias                          | shape: (2,)                      | params: 2
2026-07-24 08:07:44,799 P771625 INFO linear_attn.Wq.weight                    | shape: (10, 10)                  | params: 100
2026-07-24 08:07:44,799 P771625 INFO linear_attn.Wk.weight                    | shape: (10, 10)                  | params: 100
2026-07-24 08:07:44,799 P771625 INFO linear_attn.Wv.weight                    | shape: (10, 10)                  | params: 100
2026-07-24 08:07:44,799 P771625 INFO linear_attn.out.weight                   | shape: (10, 10)                  | params: 100
2026-07-24 08:07:44,799 P771625 INFO linear_attn.out.bias                     | shape: (10,)                     | params: 10
2026-07-24 08:07:44,799 P771625 INFO linear_attn.norm.weight                  | shape: (10,)                     | params: 10
2026-07-24 08:07:44,799 P771625 INFO linear_attn.norm.bias                    | shape: (10,)                     | params: 10
2026-07-24 08:07:44,800 P771625 INFO shared_fits.normlin_W                    | shape: (5, 5)                    | params: 25
2026-07-24 08:07:44,800 P771625 INFO shared_fits.freq_upsampler.weight        | shape: (5, 5)                    | params: 25
2026-07-24 08:07:44,801 P771625 INFO shared_fits.freq_upsampler.bias          | shape: (5,)                      | params: 5
2026-07-24 08:07:44,801 P771625 INFO modality_proj.node.weight                | shape: (10, 8)                   | params: 80
2026-07-24 08:07:44,801 P771625 INFO modality_proj.node.bias                  | shape: (10,)                     | params: 10
2026-07-24 08:07:44,801 P771625 INFO modality_proj.log.weight                 | shape: (10, 32)                  | params: 320
2026-07-24 08:07:44,801 P771625 INFO modality_proj.log.bias                   | shape: (10,)                     | params: 10
2026-07-24 08:07:44,801 P771625 INFO modality_proj.edge.weight                | shape: (10, 8)                   | params: 80
2026-07-24 08:07:44,801 P771625 INFO modality_proj.edge.bias                  | shape: (10,)                     | params: 10
2026-07-24 08:07:44,801 P771625 INFO modality_proj_out.node.weight            | shape: (8, 10)                   | params: 80
2026-07-24 08:07:44,801 P771625 INFO modality_proj_out.node.bias              | shape: (8,)                      | params: 8
2026-07-24 08:07:44,801 P771625 INFO modality_proj_out.log.weight             | shape: (32, 10)                  | params: 320
2026-07-24 08:07:44,801 P771625 INFO modality_proj_out.log.bias               | shape: (32,)                     | params: 32
2026-07-24 08:07:44,801 P771625 INFO modality_proj_out.edge.weight            | shape: (8, 10)                   | params: 80
2026-07-24 08:07:44,802 P771625 INFO modality_proj_out.edge.bias              | shape: (8,)                      | params: 8
2026-07-24 08:07:44,802 P771625 INFO Subtotal: 5,624
2026-07-24 08:07:44,802 P771625 INFO --------------------------------------------------------------------------------
2026-07-24 08:07:44,802 P771625 INFO Common Parameters:
2026-07-24 08:07:44,803 P771625 INFO show.0.weight                            | shape: (128, 69)                 | params: 8,832
2026-07-24 08:07:44,803 P771625 INFO show.0.bias                              | shape: (128,)                    | params: 128
2026-07-24 08:07:44,803 P771625 INFO show.2.weight                            | shape: (2, 128)                  | params: 256
2026-07-24 08:07:44,803 P771625 INFO show.2.bias                              | shape: (2,)                      | params: 2
2026-07-24 08:07:44,803 P771625 INFO Subtotal: 9,218
2026-07-24 08:07:44,803 P771625 INFO --------------------------------------------------------------------------------
2026-07-24 08:07:44,803 P771625 INFO Total Trainable Parameters: 14,842

2026-07-24 08:07:44,804 P771625 INFO Trainable Parameters: 14842, reconstruction: 5624, common: 9218
2026-07-24 08:07:44,804 P771625 INFO model : init weight
2026-07-24 08:07:44,805 P771625 INFO Using GPU...
2026-07-24 08:07:44,814 P771625 INFO optimizer : using AdaBelief
2026-07-24 08:07:44,814 P771625 INFO ----------------------------------------------------------------------------------------------------
2026-07-24 08:07:44,814 P771625 INFO 0/50 starting... lr: 0.001 para:1.0
2026-07-24 08:08:04,904 P771625 INFO Epoch 0/50, all_loss:0.06356 cls_loss:28.66937 rec_loss:0.06356 [20.09s]; best loss:0.06356, patience : 0
2026-07-24 08:08:04,904 P771625 INFO ----------------------------------------------------------------------------------------------------
2026-07-24 08:08:04,904 P771625 INFO 1/50 starting... lr: 0.001 para:0.5
2026-07-24 08:08:23,496 P771625 INFO Epoch 1/50, all_loss:2.59134 cls_loss:4.99722 rec_loss:0.18546 [18.59s]; best loss:2.59134, patience : 0
2026-07-24 08:08:23,497 P771625 INFO ----------------------------------------------------------------------------------------------------
2026-07-24 08:08:23,497 P771625 INFO 2/50 starting... lr: 0.001 para:0.3333333432674408
2026-07-24 08:08:42,193 P771625 INFO Epoch 2/50, all_loss:1.92476 cls_loss:2.71011 rec_loss:0.35406 [18.69s]; best loss:1.92476, patience : 0
2026-07-24 08:08:54,250 P771625 INFO pr:0.9356  rc:0.4414  auc:0.9829 ap:0.8862 f1: 0.5999 pred_right: 1079927 pred_wrong:16273 actu_right: 1061711 actu_wrong: 34489
2026-07-24 08:08:57,830 P771625 INFO pr:0.9358  rc:0.4409  auc:0.9831 ap:0.8861 f1: 0.5994 pred_right: 462823 pred_wrong:6977 actu_right: 454992 actu_wrong: 14808
2026-07-24 08:08:57,833 P771625 INFO ----------------------------------------------------------------------------------------------------
2026-07-24 08:08:57,834 P771625 INFO 3/50 starting... lr: 0.001 para:0.25
2026-07-24 08:09:24,150 P771625 INFO Epoch 3/50, all_loss:1.73603 cls_loss:2.18115 rec_loss:0.40066 [26.31s]; best loss:1.73603, patience : 0
2026-07-24 08:09:34,438 P771625 INFO pr:0.9175  rc:0.5014  auc:0.9879 ap:0.9037 f1: 0.6484 pred_right: 1077350 pred_wrong:18850 actu_right: 1061706 actu_wrong: 34494
2026-07-24 08:09:38,754 P771625 INFO pr:0.9139  rc:0.5013  auc:0.9876 ap:0.9027 f1: 0.6474 pred_right: 461678 pred_wrong:8122 actu_right: 454992 actu_wrong: 14808
2026-07-24 08:09:38,758 P771625 INFO ----------------------------------------------------------------------------------------------------
2026-07-24 08:09:38,758 P771625 INFO 4/50 starting... lr: 0.001 para:0.20000000298023224
2026-07-24 08:09:57,223 P771625 INFO Epoch 4/50, all_loss:1.67245 cls_loss:1.98565 rec_loss:0.41965 [18.46s]; best loss:1.67245, patience : 0
2026-07-24 08:10:07,617 P771625 INFO pr:0.8518  rc:0.6013  auc:0.9899 ap:0.9145 f1: 0.7050 pred_right: 1071852 pred_wrong:24348 actu_right: 1061709 actu_wrong: 34491
2026-07-24 08:10:11,844 P771625 INFO pr:0.8498  rc:0.6001  auc:0.9899 ap:0.9147 f1: 0.7035 pred_right: 459344 pred_wrong:10456 actu_right: 454992 actu_wrong: 14808
2026-07-24 08:10:11,848 P771625 INFO ----------------------------------------------------------------------------------------------------
2026-07-24 08:10:11,848 P771625 INFO 5/50 starting... lr: 0.001 para:0.1666666716337204
2026-07-24 08:10:31,292 P771625 INFO Epoch 5/50, all_loss:1.64377 cls_loss:1.87948 rec_loss:0.46523 [19.44s]; best loss:1.64377, patience : 0
2026-07-24 08:10:40,130 P771625 INFO pr:0.8720  rc:0.6146  auc:0.9911 ap:0.9228 f1: 0.7210 pred_right: 1071891 pred_wrong:24309 actu_right: 1061713 actu_wrong: 34487
2026-07-24 08:10:47,561 P771625 INFO pr:0.8714  rc:0.6134  auc:0.9911 ap:0.9228 f1: 0.7200 pred_right: 459377 pred_wrong:10423 actu_right: 454992 actu_wrong: 14808
2026-07-24 08:10:47,570 P771625 INFO ----------------------------------------------------------------------------------------------------
2026-07-24 08:10:47,570 P771625 INFO 6/50 starting... lr: 0.001 para:0.1428571492433548
2026-07-24 08:11:11,517 P771625 INFO Epoch 6/50, all_loss:1.63312 cls_loss:1.82105 rec_loss:0.50553 [23.94s]; best loss:1.63312, patience : 0
2026-07-24 08:11:21,696 P771625 INFO pr:0.8438  rc:0.6495  auc:0.9915 ap:0.9245 f1: 0.7340 pred_right: 1069654 pred_wrong:26546 actu_right: 1061711 actu_wrong: 34489
2026-07-24 08:11:25,851 P771625 INFO pr:0.8482  rc:0.6517  auc:0.9914 ap:0.9246 f1: 0.7371 pred_right: 458423 pred_wrong:11377 actu_right: 454992 actu_wrong: 14808
2026-07-24 08:11:25,855 P771625 INFO ----------------------------------------------------------------------------------------------------
2026-07-24 08:11:25,855 P771625 INFO 7/50 starting... lr: 0.001 para:0.125
2026-07-24 08:11:44,297 P771625 INFO Epoch 7/50, all_loss:1.60657 cls_loss:1.75894 rec_loss:0.54001 [18.44s]; best loss:1.60657, patience : 0
2026-07-24 08:11:54,680 P771625 INFO pr:0.8878  rc:0.6307  auc:0.9923 ap:0.9298 f1: 0.7375 pred_right: 1071698 pred_wrong:24502 actu_right: 1061710 actu_wrong: 34490
2026-07-24 08:11:58,880 P771625 INFO pr:0.8851  rc:0.6280  auc:0.9923 ap:0.9298 f1: 0.7347 pred_right: 459293 pred_wrong:10507 actu_right: 454992 actu_wrong: 14808
2026-07-24 08:11:58,884 P771625 INFO ----------------------------------------------------------------------------------------------------
2026-07-24 08:11:58,884 P771625 INFO 8/50 starting... lr: 0.001 para:0.1111111119389534
2026-07-24 08:12:19,716 P771625 INFO Epoch 8/50, all_loss:1.57215 cls_loss:1.69733 rec_loss:0.57078 [20.82s]; best loss:1.57215, patience : 0
2026-07-24 08:12:36,213 P771625 INFO pr:0.8781  rc:0.6777  auc:0.9930 ap:0.9363 f1: 0.7650 pred_right: 1069579 pred_wrong:26621 actu_right: 1061710 actu_wrong: 34490
2026-07-24 08:12:40,670 P771625 INFO pr:0.8790  rc:0.6738  auc:0.9929 ap:0.9363 f1: 0.7628 pred_right: 458450 pred_wrong:11350 actu_right: 454992 actu_wrong: 14808
2026-07-24 08:12:40,674 P771625 INFO ----------------------------------------------------------------------------------------------------
2026-07-24 08:12:40,674 P771625 INFO 9/50 starting... lr: 0.001 para:0.10000000149011612
2026-07-24 08:12:59,655 P771625 INFO Epoch 9/50, all_loss:1.52042 cls_loss:1.61989 rec_loss:0.62523 [18.98s]; best loss:1.52042, patience : 0
2026-07-24 08:13:09,955 P771625 INFO pr:0.8543  rc:0.6958  auc:0.9935 ap:0.9356 f1: 0.7669 pred_right: 1068106 pred_wrong:28094 actu_right: 1061703 actu_wrong: 34497
2026-07-24 08:13:14,506 P771625 INFO pr:0.8547  rc:0.6944  auc:0.9933 ap:0.9344 f1: 0.7662 pred_right: 457770 pred_wrong:12030 actu_right: 454992 actu_wrong: 14808
2026-07-24 08:13:14,511 P771625 INFO ----------------------------------------------------------------------------------------------------
2026-07-24 08:13:14,511 P771625 INFO 10/50 starting... lr: 0.001 para:0.09090909361839294
2026-07-24 08:13:33,669 P771625 INFO Epoch 10/50, all_loss:1.54054 cls_loss:1.62793 rec_loss:0.66663 [19.16s]; best loss:1.52042, patience : 1
2026-07-24 08:13:44,133 P771625 INFO pr:0.9066  rc:0.6555  auc:0.9936 ap:0.9404 f1: 0.7609 pred_right: 1071258 pred_wrong:24942 actu_right: 1061704 actu_wrong: 34496
2026-07-24 08:13:47,856 P771625 INFO pr:0.9073  rc:0.6510  auc:0.9935 ap:0.9408 f1: 0.7581 pred_right: 459175 pred_wrong:10625 actu_right: 454992 actu_wrong: 14808
2026-07-24 08:13:47,856 P771625 INFO ----------------------------------------------------------------------------------------------------
2026-07-24 08:13:47,857 P771625 INFO 11/50 starting... lr: 0.001 para:0.0833333358168602
2026-07-24 08:14:13,966 P771625 INFO Epoch 11/50, all_loss:1.50214 cls_loss:1.57575 rec_loss:0.69245 [26.11s]; best loss:1.50214, patience : 0
2026-07-24 08:14:23,960 P771625 INFO pr:0.8592  rc:0.7237  auc:0.9942 ap:0.9431 f1: 0.7856 pred_right: 1067151 pred_wrong:29049 actu_right: 1061713 actu_wrong: 34487
2026-07-24 08:14:28,094 P771625 INFO pr:0.8594  rc:0.7213  auc:0.9941 ap:0.9435 f1: 0.7843 pred_right: 457371 pred_wrong:12429 actu_right: 454992 actu_wrong: 14808
2026-07-24 08:14:28,098 P771625 INFO ----------------------------------------------------------------------------------------------------
2026-07-24 08:14:28,098 P771625 INFO 12/50 starting... lr: 0.001 para:0.07692307978868484
2026-07-24 08:14:46,481 P771625 INFO Epoch 12/50, all_loss:1.48086 cls_loss:1.54453 rec_loss:0.71678 [18.38s]; best loss:1.48086, patience : 0
2026-07-24 08:14:57,279 P771625 INFO pr:0.8702  rc:0.7168  auc:0.9940 ap:0.9441 f1: 0.7861 pred_right: 1067790 pred_wrong:28410 actu_right: 1061711 actu_wrong: 34489
2026-07-24 08:15:01,714 P771625 INFO pr:0.8725  rc:0.7162  auc:0.9937 ap:0.9441 f1: 0.7867 pred_right: 457644 pred_wrong:12156 actu_right: 454992 actu_wrong: 14808
2026-07-24 08:15:01,719 P771625 INFO ----------------------------------------------------------------------------------------------------
2026-07-24 08:15:01,722 P771625 INFO 13/50 starting... lr: 0.001 para:0.0714285746216774
2026-07-24 08:15:20,964 P771625 INFO Epoch 13/50, all_loss:1.45480 cls_loss:1.50852 rec_loss:0.75645 [19.24s]; best loss:1.45480, patience : 0
2026-07-24 08:15:31,340 P771625 INFO pr:0.8444  rc:0.7587  auc:0.9944 ap:0.9477 f1: 0.7993 pred_right: 1065217 pred_wrong:30983 actu_right: 1061716 actu_wrong: 34484
2026-07-24 08:15:41,643 P771625 INFO pr:0.8472  rc:0.7599  auc:0.9943 ap:0.9482 f1: 0.8012 pred_right: 456518 pred_wrong:13282 actu_right: 454992 actu_wrong: 14808
2026-07-24 08:15:41,649 P771625 INFO ----------------------------------------------------------------------------------------------------
2026-07-24 08:15:41,649 P771625 INFO 14/50 starting... lr: 0.001 para:0.06666667014360428
2026-07-24 08:16:01,298 P771625 INFO Epoch 14/50, all_loss:1.44965 cls_loss:1.49569 rec_loss:0.80516 [19.64s]; best loss:1.44965, patience : 0
2026-07-24 08:16:11,523 P771625 INFO pr:0.8900  rc:0.7191  auc:0.9943 ap:0.9484 f1: 0.7955 pred_right: 1068335 pred_wrong:27865 actu_right: 1061711 actu_wrong: 34489
2026-07-24 08:16:15,937 P771625 INFO pr:0.8922  rc:0.7173  auc:0.9941 ap:0.9483 f1: 0.7952 pred_right: 457894 pred_wrong:11906 actu_right: 454992 actu_wrong: 14808
2026-07-24 08:16:15,938 P771625 INFO ----------------------------------------------------------------------------------------------------
2026-07-24 08:16:15,938 P771625 INFO 15/50 starting... lr: 0.001 para:0.0625
2026-07-24 08:16:34,954 P771625 INFO Epoch 15/50, all_loss:1.41066 cls_loss:1.44848 rec_loss:0.84340 [19.01s]; best loss:1.41066, patience : 0
2026-07-24 08:16:45,230 P771625 INFO pr:0.8259  rc:0.7949  auc:0.9951 ap:0.9488 f1: 0.8101 pred_right: 1063007 pred_wrong:33193 actu_right: 1061713 actu_wrong: 34487
2026-07-24 08:16:49,370 P771625 INFO pr:0.8269  rc:0.7931  auc:0.9949 ap:0.9483 f1: 0.8097 pred_right: 455598 pred_wrong:14202 actu_right: 454992 actu_wrong: 14808
2026-07-24 08:16:49,374 P771625 INFO ----------------------------------------------------------------------------------------------------
2026-07-24 08:16:49,374 P771625 INFO 16/50 starting... lr: 0.001 para:0.05882352963089943
2026-07-24 08:17:10,260 P771625 INFO Epoch 16/50, all_loss:1.37798 cls_loss:1.40937 rec_loss:0.87563 [20.88s]; best loss:1.37798, patience : 0
2026-07-24 08:17:25,667 P771625 INFO pr:0.8815  rc:0.7657  auc:0.9955 ap:0.9548 f1: 0.8196 pred_right: 1066240 pred_wrong:29960 actu_right: 1061709 actu_wrong: 34491
2026-07-24 08:17:29,817 P771625 INFO pr:0.8815  rc:0.7647  auc:0.9953 ap:0.9540 f1: 0.8189 pred_right: 456955 pred_wrong:12845 actu_right: 454992 actu_wrong: 14808
2026-07-24 08:17:29,821 P771625 INFO ----------------------------------------------------------------------------------------------------
2026-07-24 08:17:29,821 P771625 INFO 17/50 starting... lr: 0.001 para:0.0555555559694767
2026-07-24 08:17:48,703 P771625 INFO Epoch 17/50, all_loss:1.35437 cls_loss:1.38003 rec_loss:0.91819 [18.88s]; best loss:1.35437, patience : 0
2026-07-24 08:17:58,804 P771625 INFO pr:0.9022  rc:0.7222  auc:0.9956 ap:0.9535 f1: 0.8022 pred_right: 1068593 pred_wrong:27607 actu_right: 1061715 actu_wrong: 34485
2026-07-24 08:18:03,144 P771625 INFO pr:0.9034  rc:0.7177  auc:0.9954 ap:0.9525 f1: 0.7999 pred_right: 458035 pred_wrong:11765 actu_right: 454992 actu_wrong: 14808
2026-07-24 08:18:03,145 P771625 INFO ----------------------------------------------------------------------------------------------------
2026-07-24 08:18:03,145 P771625 INFO 18/50 starting... lr: 0.001 para:0.05263157933950424
2026-07-24 08:18:22,412 P771625 INFO Epoch 18/50, all_loss:1.33673 cls_loss:1.35670 rec_loss:0.97732 [19.26s]; best loss:1.33673, patience : 0
2026-07-24 08:18:33,612 P771625 INFO pr:0.8654  rc:0.7866  auc:0.9955 ap:0.9568 f1: 0.8241 pred_right: 1064852 pred_wrong:31348 actu_right: 1061713 actu_wrong: 34487
2026-07-24 08:18:37,286 P771625 INFO pr:0.8655  rc:0.7846  auc:0.9955 ap:0.9559 f1: 0.8231 pred_right: 456377 pred_wrong:13423 actu_right: 454992 actu_wrong: 14808
2026-07-24 08:18:37,290 P771625 INFO ----------------------------------------------------------------------------------------------------
2026-07-24 08:18:37,290 P771625 INFO 19/50 starting... lr: 0.001 para:0.05000000074505806
2026-07-24 08:19:03,171 P771625 INFO Epoch 19/50, all_loss:1.33224 cls_loss:1.34928 rec_loss:1.00830 [25.88s]; best loss:1.33224, patience : 0
2026-07-24 08:19:13,298 P771625 INFO pr:0.8656  rc:0.7881  auc:0.9956 ap:0.9571 f1: 0.8250 pred_right: 1064799 pred_wrong:31401 actu_right: 1061712 actu_wrong: 34488
2026-07-24 08:19:17,654 P771625 INFO pr:0.8651  rc:0.7855  auc:0.9954 ap:0.9564 f1: 0.8234 pred_right: 456354 pred_wrong:13446 actu_right: 454992 actu_wrong: 14808
2026-07-24 08:19:17,658 P771625 INFO ----------------------------------------------------------------------------------------------------
2026-07-24 08:19:17,658 P771625 INFO 20/50 starting... lr: 0.001 para:0.0476190485060215
2026-07-24 08:19:36,537 P771625 INFO Epoch 20/50, all_loss:1.29023 cls_loss:1.30240 rec_loss:1.04670 [18.87s]; best loss:1.29023, patience : 0
2026-07-24 08:19:46,442 P771625 INFO pr:0.9267  rc:0.7032  auc:0.9957 ap:0.9578 f1: 0.7996 pred_right: 1070030 pred_wrong:26170 actu_right: 1061713 actu_wrong: 34487
2026-07-24 08:19:50,677 P771625 INFO pr:0.9303  rc:0.7012  auc:0.9957 ap:0.9578 f1: 0.7997 pred_right: 458638 pred_wrong:11162 actu_right: 454992 actu_wrong: 14808
2026-07-24 08:19:50,678 P771625 INFO ----------------------------------------------------------------------------------------------------
2026-07-24 08:19:50,678 P771625 INFO 21/50 starting... lr: 0.001 para:0.04545454680919647
2026-07-24 08:20:09,770 P771625 INFO Epoch 21/50, all_loss:1.31180 cls_loss:1.32346 rec_loss:1.06693 [19.09s]; best loss:1.29023, patience : 1
2026-07-24 08:20:19,619 P771625 INFO pr:0.8684  rc:0.8081  auc:0.9959 ap:0.9612 f1: 0.8372 pred_right: 1064107 pred_wrong:32093 actu_right: 1061710 actu_wrong: 34490
2026-07-24 08:20:30,044 P771625 INFO pr:0.8700  rc:0.8046  auc:0.9960 ap:0.9610 f1: 0.8361 pred_right: 456105 pred_wrong:13695 actu_right: 454992 actu_wrong: 14808
2026-07-24 08:20:30,053 P771625 INFO ----------------------------------------------------------------------------------------------------
2026-07-24 08:20:30,053 P771625 INFO 22/50 starting... lr: 0.001 para:0.043478261679410934
2026-07-24 08:20:50,502 P771625 INFO Epoch 22/50, all_loss:1.25217 cls_loss:1.25767 rec_loss:1.13121 [20.44s]; best loss:1.25217, patience : 0
2026-07-24 08:21:00,365 P771625 INFO pr:0.8055  rc:0.8534  auc:0.9961 ap:0.9602 f1: 0.8287 pred_right: 1059658 pred_wrong:36542 actu_right: 1061712 actu_wrong: 34488
2026-07-24 08:21:04,615 P771625 INFO pr:0.8064  rc:0.8477  auc:0.9959 ap:0.9596 f1: 0.8266 pred_right: 454234 pred_wrong:15566 actu_right: 454992 actu_wrong: 14808
2026-07-24 08:21:04,616 P771625 INFO ----------------------------------------------------------------------------------------------------
2026-07-24 08:21:04,616 P771625 INFO 23/50 starting... lr: 0.001 para:0.0416666679084301
2026-07-24 08:21:23,544 P771625 INFO Epoch 23/50, all_loss:1.26470 cls_loss:1.26961 rec_loss:1.15174 [18.93s]; best loss:1.25217, patience : 1
2026-07-24 08:21:33,970 P771625 INFO pr:0.8554  rc:0.8201  auc:0.9962 ap:0.9614 f1: 0.8373 pred_right: 1063135 pred_wrong:33065 actu_right: 1061711 actu_wrong: 34489
2026-07-24 08:21:39,606 P771625 INFO pr:0.8553  rc:0.8159  auc:0.9959 ap:0.9602 f1: 0.8351 pred_right: 455674 pred_wrong:14126 actu_right: 454992 actu_wrong: 14808
2026-07-24 08:21:39,612 P771625 INFO ----------------------------------------------------------------------------------------------------
2026-07-24 08:21:39,612 P771625 INFO 24/50 starting... lr: 0.001 para:0.03999999910593033
2026-07-24 08:22:00,572 P771625 INFO Epoch 24/50, all_loss:1.26472 cls_loss:1.26642 rec_loss:1.22380 [20.96s]; best loss:1.25217, patience : 2
2026-07-24 08:22:14,607 P771625 INFO pr:0.8968  rc:0.7777  auc:0.9964 ap:0.9628 f1: 0.8330 pred_right: 1066289 pred_wrong:29911 actu_right: 1061708 actu_wrong: 34492
2026-07-24 08:22:18,888 P771625 INFO pr:0.8982  rc:0.7731  auc:0.9961 ap:0.9618 f1: 0.8310 pred_right: 457054 pred_wrong:12746 actu_right: 454992 actu_wrong: 14808
2026-07-24 08:22:18,889 P771625 INFO ----------------------------------------------------------------------------------------------------
2026-07-24 08:22:18,889 P771625 INFO 25/50 starting... lr: 0.001 para:0.03846153989434242
2026-07-24 08:22:37,435 P771625 INFO Epoch 25/50, all_loss:1.21330 cls_loss:1.21159 rec_loss:1.25605 [18.54s]; best loss:1.21330, patience : 0
2026-07-24 08:22:47,861 P771625 INFO pr:0.7941  rc:0.8746  auc:0.9966 ap:0.9637 f1: 0.8324 pred_right: 1058220 pred_wrong:37980 actu_right: 1061714 actu_wrong: 34486
2026-07-24 08:22:51,994 P771625 INFO pr:0.7962  rc:0.8699  auc:0.9965 ap:0.9629 f1: 0.8314 pred_right: 453620 pred_wrong:16180 actu_right: 454992 actu_wrong: 14808
2026-07-24 08:22:51,994 P771625 INFO ----------------------------------------------------------------------------------------------------
2026-07-24 08:22:51,994 P771625 INFO 26/50 starting... lr: 0.001 para:0.03703703731298447
2026-07-24 08:23:10,630 P771625 INFO Epoch 26/50, all_loss:1.19514 cls_loss:1.19187 rec_loss:1.28020 [18.63s]; best loss:1.19514, patience : 0
2026-07-24 08:23:21,505 P771625 INFO pr:0.8644  rc:0.8303  auc:0.9967 ap:0.9649 f1: 0.8470 pred_right: 1063077 pred_wrong:33123 actu_right: 1061715 actu_wrong: 34485
2026-07-24 08:23:25,184 P771625 INFO pr:0.8697  rc:0.8223  auc:0.9965 ap:0.9642 f1: 0.8453 pred_right: 455800 pred_wrong:14000 actu_right: 454992 actu_wrong: 14808
2026-07-24 08:23:25,187 P771625 INFO ----------------------------------------------------------------------------------------------------
2026-07-24 08:23:25,188 P771625 INFO 27/50 starting... lr: 0.001 para:0.0357142873108387
2026-07-24 08:23:51,538 P771625 INFO Epoch 27/50, all_loss:1.16394 cls_loss:1.15820 rec_loss:1.31880 [26.35s]; best loss:1.16394, patience : 0
2026-07-24 08:24:01,736 P771625 INFO pr:0.9143  rc:0.7625  auc:0.9966 ap:0.9655 f1: 0.8315 pred_right: 1067440 pred_wrong:28760 actu_right: 1061714 actu_wrong: 34486
2026-07-24 08:24:06,009 P771625 INFO pr:0.9179  rc:0.7577  auc:0.9965 ap:0.9650 f1: 0.8302 pred_right: 457577 pred_wrong:12223 actu_right: 454992 actu_wrong: 14808
2026-07-24 08:24:06,010 P771625 INFO ----------------------------------------------------------------------------------------------------
2026-07-24 08:24:06,011 P771625 INFO 28/50 starting... lr: 0.001 para:0.03448275849223137
2026-07-24 08:24:25,186 P771625 INFO Epoch 28/50, all_loss:1.18528 cls_loss:1.17804 rec_loss:1.38801 [19.17s]; best loss:1.16394, patience : 1
2026-07-24 08:24:35,236 P771625 INFO pr:0.8310  rc:0.8531  auc:0.9966 ap:0.9647 f1: 0.8419 pred_right: 1060793 pred_wrong:35407 actu_right: 1061711 actu_wrong: 34489
2026-07-24 08:24:39,563 P771625 INFO pr:0.8312  rc:0.8505  auc:0.9966 ap:0.9642 f1: 0.8407 pred_right: 454649 pred_wrong:15151 actu_right: 454992 actu_wrong: 14808
2026-07-24 08:24:39,564 P771625 INFO ----------------------------------------------------------------------------------------------------
2026-07-24 08:24:39,564 P771625 INFO 29/50 starting... lr: 0.001 para:0.03333333507180214
2026-07-24 08:24:58,606 P771625 INFO Epoch 29/50, all_loss:1.17456 cls_loss:1.16548 rec_loss:1.43787 [19.04s]; best loss:1.16394, patience : 1
2026-07-24 08:25:13,462 P771625 INFO pr:0.9070  rc:0.8005  auc:0.9963 ap:0.9692 f1: 0.8504 pred_right: 1065763 pred_wrong:30437 actu_right: 1061713 actu_wrong: 34487
2026-07-24 08:25:20,842 P771625 INFO pr:0.9094  rc:0.7952  auc:0.9963 ap:0.9689 f1: 0.8485 pred_right: 456851 pred_wrong:12949 actu_right: 454992 actu_wrong: 14808
2026-07-24 08:25:20,846 P771625 INFO ----------------------------------------------------------------------------------------------------
2026-07-24 08:25:20,846 P771625 INFO 30/50 starting... lr: 0.001 para:0.032258063554763794
2026-07-24 08:25:40,142 P771625 INFO Epoch 30/50, all_loss:1.14924 cls_loss:1.13778 rec_loss:1.49320 [19.29s]; best loss:1.14924, patience : 0
2026-07-24 08:25:50,548 P771625 INFO pr:0.9138  rc:0.7798  auc:0.9970 ap:0.9675 f1: 0.8415 pred_right: 1066766 pred_wrong:29434 actu_right: 1061707 actu_wrong: 34493
2026-07-24 08:25:54,955 P771625 INFO pr:0.9180  rc:0.7738  auc:0.9968 ap:0.9670 f1: 0.8398 pred_right: 457317 pred_wrong:12483 actu_right: 454992 actu_wrong: 14808
2026-07-24 08:25:54,956 P771625 INFO ----------------------------------------------------------------------------------------------------
2026-07-24 08:25:54,956 P771625 INFO 31/50 starting... lr: 0.001 para:0.03125
2026-07-24 08:26:13,971 P771625 INFO Epoch 31/50, all_loss:1.12470 cls_loss:1.11180 rec_loss:1.52464 [19.01s]; best loss:1.12470, patience : 0
2026-07-24 08:26:24,268 P771625 INFO pr:0.8790  rc:0.8543  auc:0.9974 ap:0.9705 f1: 0.8664 pred_right: 1062674 pred_wrong:33526 actu_right: 1061705 actu_wrong: 34495
2026-07-24 08:26:29,796 P771625 INFO pr:0.8814  rc:0.8539  auc:0.9971 ap:0.9691 f1: 0.8675 pred_right: 455454 pred_wrong:14346 actu_right: 454992 actu_wrong: 14808
2026-07-24 08:26:29,800 P771625 INFO ----------------------------------------------------------------------------------------------------
2026-07-24 08:26:29,800 P771625 INFO 32/50 starting... lr: 0.001 para:0.03030303120613098
2026-07-24 08:26:54,231 P771625 INFO Epoch 32/50, all_loss:1.12230 cls_loss:1.10887 rec_loss:1.55195 [24.43s]; best loss:1.12230, patience : 0
2026-07-24 08:27:04,679 P771625 INFO pr:0.9362  rc:0.7355  auc:0.9967 ap:0.9685 f1: 0.8238 pred_right: 1069103 pred_wrong:27097 actu_right: 1061710 actu_wrong: 34490
2026-07-24 08:27:08,853 P771625 INFO pr:0.9373  rc:0.7328  auc:0.9965 ap:0.9679 f1: 0.8225 pred_right: 458223 pred_wrong:11577 actu_right: 454992 actu_wrong: 14808
2026-07-24 08:27:08,854 P771625 INFO ----------------------------------------------------------------------------------------------------
2026-07-24 08:27:08,854 P771625 INFO 33/50 starting... lr: 0.001 para:0.029411764815449715
2026-07-24 08:27:27,483 P771625 INFO Epoch 33/50, all_loss:1.10417 cls_loss:1.08929 rec_loss:1.59518 [18.62s]; best loss:1.10417, patience : 0
2026-07-24 08:27:37,912 P771625 INFO pr:0.8774  rc:0.8546  auc:0.9971 ap:0.9714 f1: 0.8658 pred_right: 1062608 pred_wrong:33592 actu_right: 1061715 actu_wrong: 34485
2026-07-24 08:27:42,297 P771625 INFO pr:0.8821  rc:0.8489  auc:0.9969 ap:0.9711 f1: 0.8652 pred_right: 455549 pred_wrong:14251 actu_right: 454992 actu_wrong: 14808
2026-07-24 08:27:42,297 P771625 INFO ----------------------------------------------------------------------------------------------------
2026-07-24 08:27:42,297 P771625 INFO 34/50 starting... lr: 0.001 para:0.02857142873108387
2026-07-24 08:28:01,146 P771625 INFO Epoch 34/50, all_loss:1.11535 cls_loss:1.09997 rec_loss:1.63820 [18.85s]; best loss:1.10417, patience : 1
2026-07-24 08:28:11,437 P771625 INFO pr:0.8860  rc:0.8191  auc:0.9970 ap:0.9680 f1: 0.8513 pred_right: 1064318 pred_wrong:31882 actu_right: 1061714 actu_wrong: 34486
2026-07-24 08:28:15,346 P771625 INFO pr:0.8874  rc:0.8164  auc:0.9967 ap:0.9672 f1: 0.8504 pred_right: 456177 pred_wrong:13623 actu_right: 454992 actu_wrong: 14808
2026-07-24 08:28:15,347 P771625 INFO ----------------------------------------------------------------------------------------------------
2026-07-24 08:28:15,347 P771625 INFO 35/50 starting... lr: 0.001 para:0.02777777798473835
2026-07-24 08:28:42,525 P771625 INFO Epoch 35/50, all_loss:1.14065 cls_loss:1.12663 rec_loss:1.63139 [27.18s]; best loss:1.10417, patience : 2
2026-07-24 08:28:53,262 P771625 INFO pr:0.8717  rc:0.8517  auc:0.9974 ap:0.9702 f1: 0.8616 pred_right: 1062504 pred_wrong:33696 actu_right: 1061710 actu_wrong: 34490
2026-07-24 08:28:57,438 P771625 INFO pr:0.8745  rc:0.8473  auc:0.9970 ap:0.9690 f1: 0.8607 pred_right: 455453 pred_wrong:14347 actu_right: 454992 actu_wrong: 14808
2026-07-24 08:28:57,439 P771625 INFO ----------------------------------------------------------------------------------------------------
2026-07-24 08:28:57,439 P771625 INFO 36/50 starting... lr: 0.001 para:0.027027027681469917
2026-07-24 08:29:16,245 P771625 INFO Epoch 36/50, all_loss:1.06876 cls_loss:1.05155 rec_loss:1.68811 [18.80s]; best loss:1.06876, patience : 0
2026-07-24 08:29:26,765 P771625 INFO pr:0.8940  rc:0.8523  auc:0.9976 ap:0.9742 f1: 0.8726 pred_right: 1063322 pred_wrong:32878 actu_right: 1061713 actu_wrong: 34487
2026-07-24 08:29:31,067 P771625 INFO pr:0.8976  rc:0.8502  auc:0.9974 ap:0.9738 f1: 0.8733 pred_right: 455774 pred_wrong:14026 actu_right: 454992 actu_wrong: 14808
2026-07-24 08:29:31,071 P771625 INFO ----------------------------------------------------------------------------------------------------
2026-07-24 08:29:31,071 P771625 INFO 37/50 starting... lr: 0.001 para:0.02631578966975212
2026-07-24 08:29:49,744 P771625 INFO Epoch 37/50, all_loss:1.08576 cls_loss:1.06819 rec_loss:1.73609 [18.67s]; best loss:1.06876, patience : 1
2026-07-24 08:30:07,157 P771625 INFO pr:0.8825  rc:0.8708  auc:0.9972 ap:0.9735 f1: 0.8766 pred_right: 1062170 pred_wrong:34030 actu_right: 1061711 actu_wrong: 34489
2026-07-24 08:30:12,177 P771625 INFO pr:0.8862  rc:0.8685  auc:0.9970 ap:0.9729 f1: 0.8773 pred_right: 455288 pred_wrong:14512 actu_right: 454992 actu_wrong: 14808
2026-07-24 08:30:12,181 P771625 INFO ----------------------------------------------------------------------------------------------------
2026-07-24 08:30:12,181 P771625 INFO 38/50 starting... lr: 0.001 para:0.025641025975346565
2026-07-24 08:30:31,550 P771625 INFO Epoch 38/50, all_loss:1.05735 cls_loss:1.03812 rec_loss:1.78823 [19.37s]; best loss:1.05735, patience : 0
2026-07-24 08:30:41,774 P771625 INFO pr:0.8821  rc:0.8486  auc:0.9975 ap:0.9726 f1: 0.8650 pred_right: 1063020 pred_wrong:33180 actu_right: 1061710 actu_wrong: 34490
2026-07-24 08:30:46,040 P771625 INFO pr:0.8858  rc:0.8428  auc:0.9972 ap:0.9718 f1: 0.8638 pred_right: 455711 pred_wrong:14089 actu_right: 454992 actu_wrong: 14808
2026-07-24 08:30:46,041 P771625 INFO ----------------------------------------------------------------------------------------------------
2026-07-24 08:30:46,041 P771625 INFO 39/50 starting... lr: 0.001 para:0.02500000037252903
2026-07-24 08:31:05,293 P771625 INFO Epoch 39/50, all_loss:1.05637 cls_loss:1.03743 rec_loss:1.79500 [19.25s]; best loss:1.05637, patience : 0
2026-07-24 08:31:15,341 P771625 INFO pr:0.9112  rc:0.8093  auc:0.9975 ap:0.9735 f1: 0.8573 pred_right: 1065568 pred_wrong:30632 actu_right: 1061711 actu_wrong: 34489
2026-07-24 08:31:21,264 P771625 INFO pr:0.9154  rc:0.8040  auc:0.9973 ap:0.9730 f1: 0.8561 pred_right: 456794 pred_wrong:13006 actu_right: 454992 actu_wrong: 14808
2026-07-24 08:31:21,265 P771625 INFO ----------------------------------------------------------------------------------------------------
2026-07-24 08:31:21,265 P771625 INFO 40/50 starting... lr: 0.001 para:0.024390242993831635
2026-07-24 08:31:46,372 P771625 INFO Epoch 40/50, all_loss:1.01957 cls_loss:0.99968 rec_loss:1.81547 [25.10s]; best loss:1.01957, patience : 0
2026-07-24 08:31:56,918 P771625 INFO pr:0.9184  rc:0.8102  auc:0.9977 ap:0.9757 f1: 0.8609 pred_right: 1065770 pred_wrong:30430 actu_right: 1061709 actu_wrong: 34491
2026-07-24 08:32:01,028 P771625 INFO pr:0.9202  rc:0.8042  auc:0.9975 ap:0.9754 f1: 0.8583 pred_right: 456858 pred_wrong:12942 actu_right: 454992 actu_wrong: 14808
2026-07-24 08:32:01,029 P771625 INFO ----------------------------------------------------------------------------------------------------
2026-07-24 08:32:01,036 P771625 INFO 41/50 starting... lr: 0.001 para:0.02380952425301075
2026-07-24 08:32:20,093 P771625 INFO Epoch 41/50, all_loss:1.06286 cls_loss:1.04387 rec_loss:1.84159 [19.06s]; best loss:1.01957, patience : 1
2026-07-24 08:32:30,690 P771625 INFO pr:0.8408  rc:0.9188  auc:0.9967 ap:0.9749 f1: 0.8781 pred_right: 1058512 pred_wrong:37688 actu_right: 1061710 actu_wrong: 34490
2026-07-24 08:32:34,984 P771625 INFO pr:0.8472  rc:0.9150  auc:0.9968 ap:0.9750 f1: 0.8798 pred_right: 453807 pred_wrong:15993 actu_right: 454992 actu_wrong: 14808
2026-07-24 08:32:34,988 P771625 INFO ----------------------------------------------------------------------------------------------------
2026-07-24 08:32:34,992 P771625 INFO 42/50 starting... lr: 0.001 para:0.023255813866853714
2026-07-24 08:32:54,220 P771625 INFO Epoch 42/50, all_loss:1.00812 cls_loss:0.98744 rec_loss:1.87647 [19.22s]; best loss:1.00812, patience : 0
2026-07-24 08:33:04,878 P771625 INFO pr:0.9191  rc:0.7891  auc:0.9974 ap:0.9720 f1: 0.8491 pred_right: 1066586 pred_wrong:29614 actu_right: 1061709 actu_wrong: 34491
2026-07-24 08:33:08,683 P771625 INFO pr:0.9226  rc:0.7828  auc:0.9971 ap:0.9712 f1: 0.8470 pred_right: 457235 pred_wrong:12565 actu_right: 454992 actu_wrong: 14808
2026-07-24 08:33:08,684 P771625 INFO ----------------------------------------------------------------------------------------------------
2026-07-24 08:33:08,684 P771625 INFO 43/50 starting... lr: 0.001 para:0.022727273404598236
2026-07-24 08:33:35,025 P771625 INFO Epoch 43/50, all_loss:1.01411 cls_loss:0.99441 rec_loss:1.86137 [26.34s]; best loss:1.00812, patience : 1
2026-07-24 08:33:45,288 P771625 INFO pr:0.9172  rc:0.8032  auc:0.9976 ap:0.9734 f1: 0.8564 pred_right: 1065994 pred_wrong:30206 actu_right: 1061710 actu_wrong: 34490
2026-07-24 08:33:49,561 P771625 INFO pr:0.9195  rc:0.7988  auc:0.9973 ap:0.9720 f1: 0.8549 pred_right: 456935 pred_wrong:12865 actu_right: 454992 actu_wrong: 14808
2026-07-24 08:33:49,562 P771625 INFO ----------------------------------------------------------------------------------------------------
2026-07-24 08:33:49,563 P771625 INFO 44/50 starting... lr: 0.001 para:0.02222222276031971
2026-07-24 08:34:08,896 P771625 INFO Epoch 44/50, all_loss:0.98666 cls_loss:0.96607 rec_loss:1.89284 [19.33s]; best loss:0.98666, patience : 0
2026-07-24 08:34:19,418 P771625 INFO pr:0.8916  rc:0.8620  auc:0.9976 ap:0.9755 f1: 0.8765 pred_right: 1062854 pred_wrong:33346 actu_right: 1061710 actu_wrong: 34490
2026-07-24 08:34:23,659 P771625 INFO pr:0.8945  rc:0.8575  auc:0.9973 ap:0.9751 f1: 0.8756 pred_right: 455604 pred_wrong:14196 actu_right: 454992 actu_wrong: 14808
2026-07-24 08:34:23,660 P771625 INFO ----------------------------------------------------------------------------------------------------
2026-07-24 08:34:23,660 P771625 INFO 45/50 starting... lr: 0.001 para:0.021739130839705467
2026-07-24 08:34:42,037 P771625 INFO Epoch 45/50, all_loss:0.99337 cls_loss:0.97210 rec_loss:1.95029 [18.38s]; best loss:0.98666, patience : 1
2026-07-24 08:34:59,208 P771625 INFO pr:0.8109  rc:0.9270  auc:0.9976 ap:0.9733 f1: 0.8651 pred_right: 1056773 pred_wrong:39427 actu_right: 1061710 actu_wrong: 34490
2026-07-24 08:35:04,641 P771625 INFO pr:0.8094  rc:0.9225  auc:0.9972 ap:0.9721 f1: 0.8623 pred_right: 452922 pred_wrong:16878 actu_right: 454992 actu_wrong: 14808
2026-07-24 08:35:04,642 P771625 INFO ----------------------------------------------------------------------------------------------------
2026-07-24 08:35:04,642 P771625 INFO 46/50 starting... lr: 0.001 para:0.021276595070958138
2026-07-24 08:35:23,781 P771625 INFO Epoch 46/50, all_loss:0.97189 cls_loss:0.94997 rec_loss:1.98036 [19.13s]; best loss:0.97189, patience : 0
2026-07-24 08:35:33,970 P771625 INFO pr:0.9315  rc:0.8059  auc:0.9977 ap:0.9781 f1: 0.8641 pred_right: 1066359 pred_wrong:29841 actu_right: 1061709 actu_wrong: 34491
2026-07-24 08:35:38,100 P771625 INFO pr:0.9334  rc:0.7988  auc:0.9974 ap:0.9776 f1: 0.8609 pred_right: 457127 pred_wrong:12673 actu_right: 454992 actu_wrong: 14808
2026-07-24 08:35:38,100 P771625 INFO ----------------------------------------------------------------------------------------------------
2026-07-24 08:35:38,100 P771625 INFO 47/50 starting... lr: 0.001 para:0.02083333395421505
2026-07-24 08:35:56,909 P771625 INFO Epoch 47/50, all_loss:0.99428 cls_loss:0.97324 rec_loss:1.98348 [18.81s]; best loss:0.97189, patience : 1
2026-07-24 08:36:06,880 P771625 INFO pr:0.9054  rc:0.8649  auc:0.9978 ap:0.9787 f1: 0.8847 pred_right: 1063255 pred_wrong:32945 actu_right: 1061710 actu_wrong: 34490
2026-07-24 08:36:12,445 P771625 INFO pr:0.9077  rc:0.8603  auc:0.9975 ap:0.9783 f1: 0.8834 pred_right: 455764 pred_wrong:14036 actu_right: 454992 actu_wrong: 14808
2026-07-24 08:36:12,449 P771625 INFO ----------------------------------------------------------------------------------------------------
2026-07-24 08:36:12,449 P771625 INFO 48/50 starting... lr: 0.001 para:0.020408162847161293
2026-07-24 08:36:37,066 P771625 INFO Epoch 48/50, all_loss:0.96866 cls_loss:0.94659 rec_loss:2.02808 [24.61s]; best loss:0.96866, patience : 0
2026-07-24 08:36:47,497 P771625 INFO pr:0.9122  rc:0.8608  auc:0.9980 ap:0.9783 f1: 0.8858 pred_right: 1063648 pred_wrong:32552 actu_right: 1061706 actu_wrong: 34494
2026-07-24 08:36:51,631 P771625 INFO pr:0.9147  rc:0.8541  auc:0.9975 ap:0.9772 f1: 0.8834 pred_right: 455972 pred_wrong:13828 actu_right: 454992 actu_wrong: 14808
2026-07-24 08:36:51,636 P771625 INFO ----------------------------------------------------------------------------------------------------
2026-07-24 08:36:51,636 P771625 INFO 49/50 starting... lr: 0.001 para:0.019999999552965164
2026-07-24 08:37:10,708 P771625 INFO Epoch 49/50, all_loss:0.95202 cls_loss:0.93003 rec_loss:2.02954 [19.07s]; best loss:0.95202, patience : 0
2026-07-24 08:37:20,657 P771625 INFO pr:0.9180  rc:0.8187  auc:0.9976 ap:0.9759 f1: 0.8655 pred_right: 1065438 pred_wrong:30762 actu_right: 1061707 actu_wrong: 34493
2026-07-24 08:37:24,841 P771625 INFO pr:0.9200  rc:0.8161  auc:0.9972 ap:0.9745 f1: 0.8649 pred_right: 456664 pred_wrong:13136 actu_right: 454992 actu_wrong: 14808
2026-07-24 08:37:24,842 P771625 INFO saving model...
2026-07-24 08:37:24,842 P771625 INFO FITS_Legendre - loss  best score:0.9520238041877747 at epoch 49
2026-07-24 08:37:24,848 P771625 INFO FITS_Legendre - f1  best score:0.8857500820332309 at epoch 48
2026-07-24 08:37:24,852 P771625 INFO Average training time per epoch: 20.45 seconds
2026-07-24 08:37:24,853 P771625 INFO calculate scores...
2026-07-24 08:37:24,853 P771625 INFO calculate label with loss...
2026-07-24 08:37:24,853 P771625 INFO FITS_Legendre on ./result/server_only_exps/Ablations_updatedFreDF/FITS_Legendre-TT-Epochs50-Seed3-ExpNameRQ2_ablations_components-LPFLPF-Attnno_attn-NormLinTrue-RecLambda1.0-AuxiLambda0.2-lowshow-simplegraph loading...
2026-07-24 08:37:29,043 P771625 INFO pr:0.9200  rc:0.8161  auc:0.9972 ap:0.9745 f1: 0.8649 pred_right: 456664 pred_wrong:13136 actu_right: 454992 actu_wrong: 14808
2026-07-24 08:37:37,390 P771625 INFO pr:0.9200  rc:0.8161  auc:0.9972 ap:0.9745 f1: 0.8649 pred_right: 456664 pred_wrong:13136 actu_right: 454992 actu_wrong: 14808
2026-07-24 08:37:37,391 P771625 INFO Performance Summary:
{'GPU': {'inference_time_per_sample_ms': 0.21126095129072187, 'throughput_samples_per_sec': 4733.482424889175, 'peak_memory_mb': 89.5751953125, 'energy_per_sample_joules': 0.011010920781272424}, 'CPU': {'inference_time_per_sample_ms': 0.44606709179182963, 'throughput_samples_per_sec': 2241.815230043196, 'peak_memory_mb': 5435.15234375, 'energy_per_sample_joules': 0.028994360966468926}}
2026-07-24 08:37:37,391 P771625 INFO Starting clean-room hardware benchmarking...
2026-07-24 08:37:38,251 P771625 INFO Performance with loss: pr:0.9200  rc:0.8161  auc:0.9972 ap:0.9745 f1: 0.8649 pred_right: 456664 pred_wrong:13136 actu_right: 454992 actu_wrong: 14808
2026-07-24 08:37:38,252 P771625 INFO calculate label with f1...
2026-07-24 08:37:38,252 P771625 INFO FITS_Legendre on ./result/server_only_exps/Ablations_updatedFreDF/FITS_Legendre-TT-Epochs50-Seed3-ExpNameRQ2_ablations_components-LPFLPF-Attnno_attn-NormLinTrue-RecLambda1.0-AuxiLambda0.2-lowshow-simplegraph loading...
2026-07-24 08:37:42,493 P771625 INFO pr:0.9147  rc:0.8541  auc:0.9975 ap:0.9772 f1: 0.8834 pred_right: 455972 pred_wrong:13828 actu_right: 454992 actu_wrong: 14808
2026-07-24 08:37:52,066 P771625 INFO pr:0.9147  rc:0.8541  auc:0.9975 ap:0.9772 f1: 0.8834 pred_right: 455972 pred_wrong:13828 actu_right: 454992 actu_wrong: 14808
2026-07-24 08:37:52,067 P771625 INFO Performance Summary:
{'GPU': {'inference_time_per_sample_ms': 0.21205829046623853, 'throughput_samples_per_sec': 4715.68453089651, 'peak_memory_mb': 89.0712890625, 'energy_per_sample_joules': 0.011255735970512241}, 'CPU': {'inference_time_per_sample_ms': 0.5216729901003919, 'throughput_samples_per_sec': 1916.90967133943, 'peak_memory_mb': 5400.9453125, 'energy_per_sample_joules': 0.03390874435652548}}
2026-07-24 08:37:52,067 P771625 INFO Starting clean-room hardware benchmarking...
2026-07-24 08:37:52,721 P771625 INFO Performance with f1: pr:0.9147  rc:0.8541  auc:0.9975 ap:0.9772 f1: 0.8834 pred_right: 455972 pred_wrong:13828 actu_right: 454992 actu_wrong: 14808
