2026-09-13 23:34:35,807 P2150683 INFO ---- Model: ----MSTGAD-2f82e88c----random_seed : 1----req_loss_approach : Legendre-style----rec_lambda : 1.0----auxi_lambda : 0.2----Freq Domain : FITS_Legendre----Multi Fits : false----train : True----evaluate : False
2026-09-13 23:34:35,807 P2150683 INFO Load from /home/db2003/Desktop/Amr/Tests/Eadro/codes/chunks/TT
2026-09-13 23:34:51,672 P2150683 INFO Fewshot: training with 1.0 of the 70% of the data
2026-09-13 23:34:51,750 P2150683 INFO Trainable Parameters Breakdown:
2026-09-13 23:34:51,750 P2150683 INFO --------------------------------------------------------------------------------
2026-09-13 23:34:51,750 P2150683 INFO Reconstruction-Specific Parameters:
2026-09-13 23:34:51,750 P2150683 INFO node_emb.linear.weight                   | shape: (8, 7)                    | params: 56
2026-09-13 23:34:51,750 P2150683 INFO node_emb.linear.bias                     | shape: (8,)                      | params: 8
2026-09-13 23:34:51,750 P2150683 INFO log_emb.linear.weight                    | shape: (32, 60)                  | params: 1,920
2026-09-13 23:34:51,750 P2150683 INFO log_emb.linear.bias                      | shape: (32,)                     | params: 32
2026-09-13 23:34:51,750 P2150683 INFO egde_emb.linear.weight                   | shape: (8, 2)                    | params: 16
2026-09-13 23:34:51,750 P2150683 INFO egde_emb.linear.bias                     | shape: (8,)                      | params: 8
2026-09-13 23:34:51,750 P2150683 INFO dense_node.weight                        | shape: (7, 8)                    | params: 56
2026-09-13 23:34:51,750 P2150683 INFO dense_node.bias                          | shape: (7,)                      | params: 7
2026-09-13 23:34:51,750 P2150683 INFO dense_log.weight                         | shape: (60, 32)                  | params: 1,920
2026-09-13 23:34:51,750 P2150683 INFO dense_log.bias                           | shape: (60,)                     | params: 60
2026-09-13 23:34:51,750 P2150683 INFO dense_edge.weight                        | shape: (2, 8)                    | params: 16
2026-09-13 23:34:51,750 P2150683 INFO dense_edge.bias                          | shape: (2,)                      | params: 2
2026-09-13 23:34:51,750 P2150683 INFO linear_attn.Wq.weight                    | shape: (10, 10)                  | params: 100
2026-09-13 23:34:51,750 P2150683 INFO linear_attn.Wk.weight                    | shape: (10, 10)                  | params: 100
2026-09-13 23:34:51,750 P2150683 INFO linear_attn.Wv.weight                    | shape: (10, 10)                  | params: 100
2026-09-13 23:34:51,751 P2150683 INFO linear_attn.out.weight                   | shape: (10, 10)                  | params: 100
2026-09-13 23:34:51,751 P2150683 INFO linear_attn.out.bias                     | shape: (10,)                     | params: 10
2026-09-13 23:34:51,751 P2150683 INFO linear_attn.norm.weight                  | shape: (10,)                     | params: 10
2026-09-13 23:34:51,751 P2150683 INFO linear_attn.norm.bias                    | shape: (10,)                     | params: 10
2026-09-13 23:34:51,751 P2150683 INFO shared_fits.normlin_W                    | shape: (7, 7)                    | params: 49
2026-09-13 23:34:51,751 P2150683 INFO shared_fits.freq_upsampler.weight        | shape: (7, 7)                    | params: 49
2026-09-13 23:34:51,751 P2150683 INFO shared_fits.freq_upsampler.bias          | shape: (7,)                      | params: 7
2026-09-13 23:34:51,751 P2150683 INFO modality_proj.node.weight                | shape: (10, 8)                   | params: 80
2026-09-13 23:34:51,751 P2150683 INFO modality_proj.node.bias                  | shape: (10,)                     | params: 10
2026-09-13 23:34:51,751 P2150683 INFO modality_proj.log.weight                 | shape: (10, 32)                  | params: 320
2026-09-13 23:34:51,751 P2150683 INFO modality_proj.log.bias                   | shape: (10,)                     | params: 10
2026-09-13 23:34:51,751 P2150683 INFO modality_proj.edge.weight                | shape: (10, 8)                   | params: 80
2026-09-13 23:34:51,751 P2150683 INFO modality_proj.edge.bias                  | shape: (10,)                     | params: 10
2026-09-13 23:34:51,751 P2150683 INFO modality_proj_out.node.weight            | shape: (8, 10)                   | params: 80
2026-09-13 23:34:51,751 P2150683 INFO modality_proj_out.node.bias              | shape: (8,)                      | params: 8
2026-09-13 23:34:51,751 P2150683 INFO modality_proj_out.log.weight             | shape: (32, 10)                  | params: 320
2026-09-13 23:34:51,751 P2150683 INFO modality_proj_out.log.bias               | shape: (32,)                     | params: 32
2026-09-13 23:34:51,751 P2150683 INFO modality_proj_out.edge.weight            | shape: (8, 10)                   | params: 80
2026-09-13 23:34:51,751 P2150683 INFO modality_proj_out.edge.bias              | shape: (8,)                      | params: 8
2026-09-13 23:34:51,751 P2150683 INFO Subtotal: 5,674
2026-09-13 23:34:51,751 P2150683 INFO --------------------------------------------------------------------------------
2026-09-13 23:34:51,751 P2150683 INFO Common Parameters:
2026-09-13 23:34:51,752 P2150683 INFO show.0.weight                            | shape: (128, 69)                 | params: 8,832
2026-09-13 23:34:51,752 P2150683 INFO show.0.bias                              | shape: (128,)                    | params: 128
2026-09-13 23:34:51,752 P2150683 INFO show.2.weight                            | shape: (2, 128)                  | params: 256
2026-09-13 23:34:51,752 P2150683 INFO show.2.bias                              | shape: (2,)                      | params: 2
2026-09-13 23:34:51,752 P2150683 INFO Subtotal: 9,218
2026-09-13 23:34:51,752 P2150683 INFO --------------------------------------------------------------------------------
2026-09-13 23:34:51,752 P2150683 INFO Total Trainable Parameters: 14,892

2026-09-13 23:34:51,752 P2150683 INFO Trainable Parameters: 14892, reconstruction: 5674, common: 9218
2026-09-13 23:34:51,752 P2150683 INFO model : init weight
2026-09-13 23:34:51,753 P2150683 INFO Using GPU...
2026-09-13 23:34:51,757 P2150683 INFO optimizer : using AdaBelief
2026-09-13 23:34:51,757 P2150683 INFO ----------------------------------------------------------------------------------------------------
2026-09-13 23:34:51,757 P2150683 INFO 0/50 starting... lr: 0.001 para:1.0
2026-09-13 23:35:32,229 P2150683 INFO Epoch 0/50, all_loss:0.07136 cls_loss:44.01534 rec_loss:0.07136 [40.46s]; best loss:0.07136, patience : 0
2026-09-13 23:35:32,230 P2150683 INFO ----------------------------------------------------------------------------------------------------
2026-09-13 23:35:32,230 P2150683 INFO 1/50 starting... lr: 0.001 para:0.5
2026-09-13 23:36:03,012 P2150683 INFO Epoch 1/50, all_loss:2.18358 cls_loss:4.11426 rec_loss:0.25289 [30.78s]; best loss:2.18358, patience : 0
2026-09-13 23:36:03,012 P2150683 INFO ----------------------------------------------------------------------------------------------------
2026-09-13 23:36:03,013 P2150683 INFO 2/50 starting... lr: 0.001 para:0.3333333432674408
2026-09-13 23:36:35,786 P2150683 INFO Epoch 2/50, all_loss:1.57518 cls_loss:2.23187 rec_loss:0.26180 [32.77s]; best loss:1.57518, patience : 0
2026-09-13 23:36:53,044 P2150683 INFO pr:0.8306  rc:0.5161  auc:0.9854 ap:0.8885 f1: 0.6367 pred_right: 1074765 pred_wrong:21435 actu_right: 1061708 actu_wrong: 34492
2026-09-13 23:37:00,924 P2150683 INFO pr:0.8401  rc:0.5177  auc:0.9858 ap:0.8900 f1: 0.6406 pred_right: 460675 pred_wrong:9125 actu_right: 454992 actu_wrong: 14808
2026-09-13 23:37:00,928 P2150683 INFO ----------------------------------------------------------------------------------------------------
2026-09-13 23:37:00,928 P2150683 INFO 3/50 starting... lr: 0.001 para:0.25
2026-09-13 23:37:44,665 P2150683 INFO Epoch 3/50, all_loss:1.59891 cls_loss:2.04382 rec_loss:0.26417 [43.74s]; best loss:1.57518, patience : 1
2026-09-13 23:38:01,678 P2150683 INFO pr:0.8757  rc:0.5581  auc:0.9888 ap:0.9074 f1: 0.6817 pred_right: 1074219 pred_wrong:21981 actu_right: 1061709 actu_wrong: 34491
2026-09-13 23:38:08,916 P2150683 INFO pr:0.8845  rc:0.5566  auc:0.9891 ap:0.9090 f1: 0.6832 pred_right: 460482 pred_wrong:9318 actu_right: 454992 actu_wrong: 14808
2026-09-13 23:38:08,922 P2150683 INFO ----------------------------------------------------------------------------------------------------
2026-09-13 23:38:08,922 P2150683 INFO 4/50 starting... lr: 0.001 para:0.20000000298023224
2026-09-13 23:38:44,201 P2150683 INFO Epoch 4/50, all_loss:1.53794 cls_loss:1.83447 rec_loss:0.35182 [35.27s]; best loss:1.53794, patience : 0
2026-09-13 23:39:01,659 P2150683 INFO pr:0.9132  rc:0.5773  auc:0.9919 ap:0.9266 f1: 0.7074 pred_right: 1074398 pred_wrong:21802 actu_right: 1061711 actu_wrong: 34489
2026-09-13 23:39:08,982 P2150683 INFO pr:0.9212  rc:0.5756  auc:0.9920 ap:0.9278 f1: 0.7085 pred_right: 460547 pred_wrong:9253 actu_right: 454992 actu_wrong: 14808
2026-09-13 23:39:08,994 P2150683 INFO ----------------------------------------------------------------------------------------------------
2026-09-13 23:39:08,994 P2150683 INFO 5/50 starting... lr: 0.001 para:0.1666666716337204
2026-09-13 23:39:52,138 P2150683 INFO Epoch 5/50, all_loss:1.45783 cls_loss:1.66066 rec_loss:0.44370 [43.14s]; best loss:1.45783, patience : 0
2026-09-13 23:40:09,469 P2150683 INFO pr:0.7975  rc:0.7510  auc:0.9942 ap:0.9402 f1: 0.7735 pred_right: 1063722 pred_wrong:32478 actu_right: 1061713 actu_wrong: 34487
2026-09-13 23:40:16,728 P2150683 INFO pr:0.8037  rc:0.7506  auc:0.9942 ap:0.9409 f1: 0.7763 pred_right: 455971 pred_wrong:13829 actu_right: 454992 actu_wrong: 14808
2026-09-13 23:40:16,734 P2150683 INFO ----------------------------------------------------------------------------------------------------
2026-09-13 23:40:16,734 P2150683 INFO 6/50 starting... lr: 0.001 para:0.1428571492433548
2026-09-13 23:40:50,916 P2150683 INFO Epoch 6/50, all_loss:1.37488 cls_loss:1.52023 rec_loss:0.50280 [34.17s]; best loss:1.37488, patience : 0
2026-09-13 23:41:08,678 P2150683 INFO pr:0.8811  rc:0.6562  auc:0.9945 ap:0.9462 f1: 0.7522 pred_right: 1070513 pred_wrong:25687 actu_right: 1061710 actu_wrong: 34490
2026-09-13 23:41:16,101 P2150683 INFO pr:0.8914  rc:0.6577  auc:0.9946 ap:0.9474 f1: 0.7569 pred_right: 458875 pred_wrong:10925 actu_right: 454992 actu_wrong: 14808
2026-09-13 23:41:16,102 P2150683 INFO ----------------------------------------------------------------------------------------------------
2026-09-13 23:41:16,102 P2150683 INFO 7/50 starting... lr: 0.001 para:0.125
2026-09-13 23:41:58,160 P2150683 INFO Epoch 7/50, all_loss:1.33108 cls_loss:1.44115 rec_loss:0.56059 [42.05s]; best loss:1.33108, patience : 0
2026-09-13 23:42:18,047 P2150683 INFO pr:0.9004  rc:0.6712  auc:0.9949 ap:0.9518 f1: 0.7691 pred_right: 1070491 pred_wrong:25709 actu_right: 1061715 actu_wrong: 34485
2026-09-13 23:42:24,829 P2150683 INFO pr:0.9061  rc:0.6644  auc:0.9950 ap:0.9520 f1: 0.7666 pred_right: 458942 pred_wrong:10858 actu_right: 454992 actu_wrong: 14808
2026-09-13 23:42:24,830 P2150683 INFO ----------------------------------------------------------------------------------------------------
2026-09-13 23:42:24,830 P2150683 INFO 8/50 starting... lr: 0.001 para:0.1111111119389534
2026-09-13 23:42:57,982 P2150683 INFO Epoch 8/50, all_loss:1.25590 cls_loss:1.33642 rec_loss:0.61175 [33.14s]; best loss:1.25590, patience : 0
2026-09-13 23:43:15,744 P2150683 INFO pr:0.8443  rc:0.7965  auc:0.9963 ap:0.9580 f1: 0.8197 pred_right: 1063664 pred_wrong:32536 actu_right: 1061713 actu_wrong: 34487
2026-09-13 23:43:23,472 P2150683 INFO pr:0.8488  rc:0.7961  auc:0.9962 ap:0.9581 f1: 0.8216 pred_right: 455912 pred_wrong:13888 actu_right: 454992 actu_wrong: 14808
2026-09-13 23:43:23,478 P2150683 INFO ----------------------------------------------------------------------------------------------------
2026-09-13 23:43:23,478 P2150683 INFO 9/50 starting... lr: 0.001 para:0.10000000149011612
2026-09-13 23:43:56,129 P2150683 INFO Epoch 9/50, all_loss:1.21552 cls_loss:1.27680 rec_loss:0.66401 [32.64s]; best loss:1.21552, patience : 0
2026-09-13 23:44:27,428 P2150683 INFO pr:0.8678  rc:0.7813  auc:0.9963 ap:0.9604 f1: 0.8223 pred_right: 1065147 pred_wrong:31053 actu_right: 1061711 actu_wrong: 34489
2026-09-13 23:44:34,370 P2150683 INFO pr:0.8735  rc:0.7822  auc:0.9963 ap:0.9613 f1: 0.8253 pred_right: 456539 pred_wrong:13261 actu_right: 454992 actu_wrong: 14808
2026-09-13 23:44:34,376 P2150683 INFO ----------------------------------------------------------------------------------------------------
2026-09-13 23:44:34,376 P2150683 INFO 10/50 starting... lr: 0.001 para:0.09090909361839294
2026-09-13 23:45:07,798 P2150683 INFO Epoch 10/50, all_loss:1.15275 cls_loss:1.19363 rec_loss:0.74393 [33.42s]; best loss:1.15275, patience : 0
2026-09-13 23:45:25,920 P2150683 INFO pr:0.8882  rc:0.7994  auc:0.9971 ap:0.9678 f1: 0.8414 pred_right: 1065158 pred_wrong:31042 actu_right: 1061712 actu_wrong: 34488
2026-09-13 23:45:32,924 P2150683 INFO pr:0.8948  rc:0.7992  auc:0.9971 ap:0.9685 f1: 0.8443 pred_right: 456573 pred_wrong:13227 actu_right: 454992 actu_wrong: 14808
2026-09-13 23:45:32,931 P2150683 INFO ----------------------------------------------------------------------------------------------------
2026-09-13 23:45:32,931 P2150683 INFO 11/50 starting... lr: 0.001 para:0.0833333358168602
2026-09-13 23:46:06,510 P2150683 INFO Epoch 11/50, all_loss:1.09910 cls_loss:1.12603 rec_loss:0.80283 [33.57s]; best loss:1.09910, patience : 0
2026-09-13 23:46:38,333 P2150683 INFO pr:0.8934  rc:0.8207  auc:0.9977 ap:0.9725 f1: 0.8555 pred_right: 1064518 pred_wrong:31682 actu_right: 1061709 actu_wrong: 34491
2026-09-13 23:46:45,928 P2150683 INFO pr:0.8984  rc:0.8144  auc:0.9976 ap:0.9724 f1: 0.8543 pred_right: 456377 pred_wrong:13423 actu_right: 454992 actu_wrong: 14808
2026-09-13 23:46:45,933 P2150683 INFO ----------------------------------------------------------------------------------------------------
2026-09-13 23:46:45,933 P2150683 INFO 12/50 starting... lr: 0.001 para:0.07692307978868484
2026-09-13 23:47:21,122 P2150683 INFO Epoch 12/50, all_loss:1.02585 cls_loss:1.03792 rec_loss:0.88103 [35.18s]; best loss:1.02585, patience : 0
2026-09-13 23:47:39,412 P2150683 INFO pr:0.8697  rc:0.8431  auc:0.9973 ap:0.9687 f1: 0.8562 pred_right: 1062759 pred_wrong:33441 actu_right: 1061706 actu_wrong: 34494
2026-09-13 23:47:46,766 P2150683 INFO pr:0.8753  rc:0.8351  auc:0.9972 ap:0.9683 f1: 0.8547 pred_right: 455673 pred_wrong:14127 actu_right: 454992 actu_wrong: 14808
2026-09-13 23:47:46,772 P2150683 INFO ----------------------------------------------------------------------------------------------------
2026-09-13 23:47:46,774 P2150683 INFO 13/50 starting... lr: 0.001 para:0.0714285746216774
2026-09-13 23:48:20,847 P2150683 INFO Epoch 13/50, all_loss:0.99018 cls_loss:0.99320 rec_loss:0.95095 [34.07s]; best loss:0.99018, patience : 0
2026-09-13 23:48:51,199 P2150683 INFO pr:0.8687  rc:0.8867  auc:0.9976 ap:0.9756 f1: 0.8776 pred_right: 1060992 pred_wrong:35208 actu_right: 1061710 actu_wrong: 34490
2026-09-13 23:48:59,378 P2150683 INFO pr:0.8746  rc:0.8824  auc:0.9978 ap:0.9760 f1: 0.8785 pred_right: 454861 pred_wrong:14939 actu_right: 454992 actu_wrong: 14808
2026-09-13 23:48:59,384 P2150683 INFO ----------------------------------------------------------------------------------------------------
2026-09-13 23:48:59,385 P2150683 INFO 14/50 starting... lr: 0.001 para:0.06666667014360428
2026-09-13 23:49:34,575 P2150683 INFO Epoch 14/50, all_loss:0.94695 cls_loss:0.94165 rec_loss:1.02116 [35.18s]; best loss:0.94695, patience : 0
2026-09-13 23:49:53,347 P2150683 INFO pr:0.9168  rc:0.8157  auc:0.9983 ap:0.9791 f1: 0.8633 pred_right: 1065512 pred_wrong:30688 actu_right: 1061707 actu_wrong: 34493
2026-09-13 23:50:01,188 P2150683 INFO pr:0.9206  rc:0.8092  auc:0.9981 ap:0.9789 f1: 0.8613 pred_right: 456784 pred_wrong:13016 actu_right: 454992 actu_wrong: 14808
2026-09-13 23:50:01,189 P2150683 INFO ----------------------------------------------------------------------------------------------------
2026-09-13 23:50:01,189 P2150683 INFO 15/50 starting... lr: 0.001 para:0.0625
2026-09-13 23:50:36,852 P2150683 INFO Epoch 15/50, all_loss:0.88523 cls_loss:0.87256 rec_loss:1.07536 [35.66s]; best loss:0.88523, patience : 0
2026-09-13 23:51:04,895 P2150683 INFO pr:0.8665  rc:0.9236  auc:0.9979 ap:0.9796 f1: 0.8941 pred_right: 1059438 pred_wrong:36762 actu_right: 1061711 actu_wrong: 34489
2026-09-13 23:51:13,305 P2150683 INFO pr:0.8706  rc:0.9191  auc:0.9978 ap:0.9794 f1: 0.8942 pred_right: 454168 pred_wrong:15632 actu_right: 454992 actu_wrong: 14808
2026-09-13 23:51:13,310 P2150683 INFO ----------------------------------------------------------------------------------------------------
2026-09-13 23:51:13,311 P2150683 INFO 16/50 starting... lr: 0.001 para:0.05882352963089943
2026-09-13 23:51:47,246 P2150683 INFO Epoch 16/50, all_loss:0.84999 cls_loss:0.83310 rec_loss:1.12026 [33.93s]; best loss:0.84999, patience : 0
2026-09-13 23:52:06,086 P2150683 INFO pr:0.8991  rc:0.8507  auc:0.9984 ap:0.9792 f1: 0.8742 pred_right: 1063567 pred_wrong:32633 actu_right: 1061709 actu_wrong: 34491
2026-09-13 23:52:13,222 P2150683 INFO pr:0.9019  rc:0.8458  auc:0.9982 ap:0.9793 f1: 0.8730 pred_right: 455913 pred_wrong:13887 actu_right: 454992 actu_wrong: 14808
2026-09-13 23:52:13,224 P2150683 INFO ----------------------------------------------------------------------------------------------------
2026-09-13 23:52:13,224 P2150683 INFO 17/50 starting... lr: 0.001 para:0.0555555559694767
2026-09-13 23:52:48,774 P2150683 INFO Epoch 17/50, all_loss:0.79827 cls_loss:0.77677 rec_loss:1.16366 [35.54s]; best loss:0.79827, patience : 0
2026-09-13 23:53:13,250 P2150683 INFO pr:0.8844  rc:0.9152  auc:0.9984 ap:0.9812 f1: 0.8995 pred_right: 1060508 pred_wrong:35692 actu_right: 1061710 actu_wrong: 34490
2026-09-13 23:53:24,438 P2150683 INFO pr:0.8876  rc:0.9136  auc:0.9983 ap:0.9811 f1: 0.9004 pred_right: 454559 pred_wrong:15241 actu_right: 454992 actu_wrong: 14808
2026-09-13 23:53:24,444 P2150683 INFO ----------------------------------------------------------------------------------------------------
2026-09-13 23:53:24,444 P2150683 INFO 18/50 starting... lr: 0.001 para:0.05263157933950424
2026-09-13 23:53:57,775 P2150683 INFO Epoch 18/50, all_loss:0.78596 cls_loss:0.76384 rec_loss:1.18406 [33.32s]; best loss:0.78596, patience : 0
2026-09-13 23:54:15,325 P2150683 INFO pr:0.8971  rc:0.9113  auc:0.9987 ap:0.9834 f1: 0.9041 pred_right: 1061166 pred_wrong:35034 actu_right: 1061711 actu_wrong: 34489
2026-09-13 23:54:22,482 P2150683 INFO pr:0.9010  rc:0.9103  auc:0.9986 ap:0.9830 f1: 0.9056 pred_right: 454839 pred_wrong:14961 actu_right: 454992 actu_wrong: 14808
2026-09-13 23:54:22,489 P2150683 INFO ----------------------------------------------------------------------------------------------------
2026-09-13 23:54:22,489 P2150683 INFO 19/50 starting... lr: 0.001 para:0.05000000074505806
2026-09-13 23:54:58,493 P2150683 INFO Epoch 19/50, all_loss:0.75853 cls_loss:0.73554 rec_loss:1.19541 [36.00s]; best loss:0.75853, patience : 0
2026-09-13 23:55:12,189 P2150683 INFO pr:0.8947  rc:0.9311  auc:0.9987 ap:0.9851 f1: 0.9125 pred_right: 1060306 pred_wrong:35894 actu_right: 1061709 actu_wrong: 34491
2026-09-13 23:55:32,969 P2150683 INFO pr:0.8999  rc:0.9298  auc:0.9985 ap:0.9849 f1: 0.9146 pred_right: 454499 pred_wrong:15301 actu_right: 454992 actu_wrong: 14808
2026-09-13 23:55:32,976 P2150683 INFO ----------------------------------------------------------------------------------------------------
2026-09-13 23:55:32,977 P2150683 INFO 20/50 starting... lr: 0.001 para:0.0476190485060215
2026-09-13 23:56:07,926 P2150683 INFO Epoch 20/50, all_loss:0.72465 cls_loss:0.69914 rec_loss:1.23481 [34.94s]; best loss:0.72465, patience : 0
2026-09-13 23:56:25,999 P2150683 INFO pr:0.8910  rc:0.9442  auc:0.9988 ap:0.9843 f1: 0.9168 pred_right: 1059650 pred_wrong:36550 actu_right: 1061711 actu_wrong: 34489
2026-09-13 23:56:33,661 P2150683 INFO pr:0.8938  rc:0.9422  auc:0.9987 ap:0.9843 f1: 0.9174 pred_right: 454191 pred_wrong:15609 actu_right: 454992 actu_wrong: 14808
2026-09-13 23:56:33,667 P2150683 INFO ----------------------------------------------------------------------------------------------------
2026-09-13 23:56:33,667 P2150683 INFO 21/50 starting... lr: 0.001 para:0.04545454680919647
2026-09-13 23:57:09,005 P2150683 INFO Epoch 21/50, all_loss:0.73105 cls_loss:0.70637 rec_loss:1.24948 [35.34s]; best loss:0.72465, patience : 1
2026-09-13 23:57:24,392 P2150683 INFO pr:0.9092  rc:0.9160  auc:0.9987 ap:0.9863 f1: 0.9126 pred_right: 1061454 pred_wrong:34746 actu_right: 1061712 actu_wrong: 34488
2026-09-13 23:57:35,562 P2150683 INFO pr:0.9135  rc:0.9171  auc:0.9986 ap:0.9861 f1: 0.9153 pred_right: 454934 pred_wrong:14866 actu_right: 454992 actu_wrong: 14808
2026-09-13 23:57:35,565 P2150683 INFO ----------------------------------------------------------------------------------------------------
2026-09-13 23:57:35,567 P2150683 INFO 22/50 starting... lr: 0.001 para:0.043478261679410934
2026-09-13 23:58:17,396 P2150683 INFO Epoch 22/50, all_loss:0.67610 cls_loss:0.64912 rec_loss:1.26967 [41.82s]; best loss:0.67610, patience : 0
2026-09-13 23:58:35,616 P2150683 INFO pr:0.9239  rc:0.8855  auc:0.9990 ap:0.9860 f1: 0.9043 pred_right: 1063150 pred_wrong:33050 actu_right: 1061715 actu_wrong: 34485
2026-09-13 23:58:42,981 P2150683 INFO pr:0.9234  rc:0.8862  auc:0.9988 ap:0.9855 f1: 0.9044 pred_right: 455589 pred_wrong:14211 actu_right: 454992 actu_wrong: 14808
2026-09-13 23:58:42,982 P2150683 INFO ----------------------------------------------------------------------------------------------------
2026-09-13 23:58:42,982 P2150683 INFO 23/50 starting... lr: 0.001 para:0.0416666679084301
2026-09-13 23:59:19,176 P2150683 INFO Epoch 23/50, all_loss:0.66288 cls_loss:0.63574 rec_loss:1.28706 [36.19s]; best loss:0.66288, patience : 0
2026-09-13 23:59:35,323 P2150683 INFO pr:0.8963  rc:0.9511  auc:0.9990 ap:0.9878 f1: 0.9229 pred_right: 1059603 pred_wrong:36597 actu_right: 1061713 actu_wrong: 34487
2026-09-13 23:59:41,469 P2150683 INFO pr:0.9012  rc:0.9486  auc:0.9988 ap:0.9873 f1: 0.9243 pred_right: 454213 pred_wrong:15587 actu_right: 454992 actu_wrong: 14808
2026-09-13 23:59:41,474 P2150683 INFO ----------------------------------------------------------------------------------------------------
2026-09-13 23:59:41,474 P2150683 INFO 24/50 starting... lr: 0.001 para:0.03999999910593033
2026-09-14 00:00:27,145 P2150683 INFO Epoch 24/50, all_loss:0.65534 cls_loss:0.62901 rec_loss:1.28730 [45.66s]; best loss:0.65534, patience : 0
2026-09-14 00:00:43,974 P2150683 INFO pr:0.9179  rc:0.9384  auc:0.9992 ap:0.9890 f1: 0.9280 pred_right: 1060940 pred_wrong:35260 actu_right: 1061711 actu_wrong: 34489
2026-09-14 00:00:51,166 P2150683 INFO pr:0.9187  rc:0.9364  auc:0.9990 ap:0.9881 f1: 0.9275 pred_right: 454707 pred_wrong:15093 actu_right: 454992 actu_wrong: 14808
2026-09-14 00:00:51,172 P2150683 INFO ----------------------------------------------------------------------------------------------------
2026-09-14 00:00:51,172 P2150683 INFO 25/50 starting... lr: 0.001 para:0.03846153989434242
2026-09-14 00:01:26,049 P2150683 INFO Epoch 25/50, all_loss:0.64656 cls_loss:0.62052 rec_loss:1.29776 [34.87s]; best loss:0.64656, patience : 0
2026-09-14 00:01:45,109 P2150683 INFO pr:0.8932  rc:0.9511  auc:0.9990 ap:0.9874 f1: 0.9212 pred_right: 1059472 pred_wrong:36728 actu_right: 1061709 actu_wrong: 34491
2026-09-14 00:01:50,745 P2150683 INFO pr:0.8957  rc:0.9511  auc:0.9989 ap:0.9867 f1: 0.9226 pred_right: 454076 pred_wrong:15724 actu_right: 454992 actu_wrong: 14808
2026-09-14 00:01:50,746 P2150683 INFO ----------------------------------------------------------------------------------------------------
2026-09-14 00:01:50,746 P2150683 INFO 26/50 starting... lr: 0.001 para:0.03703703731298447
2026-09-14 00:02:35,763 P2150683 INFO Epoch 26/50, all_loss:0.63109 cls_loss:0.60405 rec_loss:1.33414 [45.01s]; best loss:0.63109, patience : 0
2026-09-14 00:02:52,495 P2150683 INFO pr:0.8916  rc:0.9416  auc:0.9991 ap:0.9872 f1: 0.9159 pred_right: 1059777 pred_wrong:36423 actu_right: 1061708 actu_wrong: 34492
2026-09-14 00:03:00,109 P2150683 INFO pr:0.8898  rc:0.9387  auc:0.9989 ap:0.9864 f1: 0.9136 pred_right: 454179 pred_wrong:15621 actu_right: 454992 actu_wrong: 14808
2026-09-14 00:03:00,110 P2150683 INFO ----------------------------------------------------------------------------------------------------
2026-09-14 00:03:00,110 P2150683 INFO 27/50 starting... lr: 0.001 para:0.0357142873108387
2026-09-14 00:03:34,448 P2150683 INFO Epoch 27/50, all_loss:0.62144 cls_loss:0.59496 rec_loss:1.33637 [34.33s]; best loss:0.62144, patience : 0
2026-09-14 00:03:54,492 P2150683 INFO pr:0.9169  rc:0.9259  auc:0.9990 ap:0.9885 f1: 0.9214 pred_right: 1061369 pred_wrong:34831 actu_right: 1061711 actu_wrong: 34489
2026-09-14 00:03:59,684 P2150683 INFO pr:0.9173  rc:0.9177  auc:0.9988 ap:0.9877 f1: 0.9175 pred_right: 454985 pred_wrong:14815 actu_right: 454992 actu_wrong: 14808
2026-09-14 00:03:59,685 P2150683 INFO ----------------------------------------------------------------------------------------------------
2026-09-14 00:03:59,685 P2150683 INFO 28/50 starting... lr: 0.001 para:0.03448275849223137
2026-09-14 00:04:44,281 P2150683 INFO Epoch 28/50, all_loss:0.60348 cls_loss:0.57744 rec_loss:1.33243 [44.59s]; best loss:0.60348, patience : 0
2026-09-14 00:05:01,730 P2150683 INFO pr:0.9366  rc:0.8834  auc:0.9989 ap:0.9877 f1: 0.9092 pred_right: 1063666 pred_wrong:32534 actu_right: 1061708 actu_wrong: 34492
2026-09-14 00:05:09,184 P2150683 INFO pr:0.9378  rc:0.8770  auc:0.9987 ap:0.9871 f1: 0.9063 pred_right: 455952 pred_wrong:13848 actu_right: 454992 actu_wrong: 14808
2026-09-14 00:05:09,186 P2150683 INFO ----------------------------------------------------------------------------------------------------
2026-09-14 00:05:09,186 P2150683 INFO 29/50 starting... lr: 0.001 para:0.03333333507180214
2026-09-14 00:05:44,184 P2150683 INFO Epoch 29/50, all_loss:0.60013 cls_loss:0.57397 rec_loss:1.35875 [34.99s]; best loss:0.60013, patience : 0
2026-09-14 00:06:03,580 P2150683 INFO pr:0.8830  rc:0.9799  auc:0.9992 ap:0.9900 f1: 0.9289 pred_right: 1057926 pred_wrong:38274 actu_right: 1061712 actu_wrong: 34488
2026-09-14 00:06:11,439 P2150683 INFO pr:0.8863  rc:0.9768  auc:0.9991 ap:0.9891 f1: 0.9294 pred_right: 453481 pred_wrong:16319 actu_right: 454992 actu_wrong: 14808
2026-09-14 00:06:11,444 P2150683 INFO ----------------------------------------------------------------------------------------------------
2026-09-14 00:06:11,444 P2150683 INFO 30/50 starting... lr: 0.001 para:0.032258063554763794
2026-09-14 00:06:55,211 P2150683 INFO Epoch 30/50, all_loss:0.58259 cls_loss:0.55660 rec_loss:1.36212 [43.76s]; best loss:0.58259, patience : 0
2026-09-14 00:07:12,557 P2150683 INFO pr:0.9224  rc:0.9357  auc:0.9989 ap:0.9894 f1: 0.9290 pred_right: 1061215 pred_wrong:34985 actu_right: 1061712 actu_wrong: 34488
2026-09-14 00:07:19,664 P2150683 INFO pr:0.9239  rc:0.9321  auc:0.9987 ap:0.9887 f1: 0.9280 pred_right: 454860 pred_wrong:14940 actu_right: 454992 actu_wrong: 14808
2026-09-14 00:07:19,669 P2150683 INFO ----------------------------------------------------------------------------------------------------
2026-09-14 00:07:19,670 P2150683 INFO 31/50 starting... lr: 0.001 para:0.03125
2026-09-14 00:07:54,523 P2150683 INFO Epoch 31/50, all_loss:0.57416 cls_loss:0.54848 rec_loss:1.37019 [34.85s]; best loss:0.57416, patience : 0
2026-09-14 00:08:11,794 P2150683 INFO pr:0.9017  rc:0.9673  auc:0.9992 ap:0.9897 f1: 0.9334 pred_right: 1059201 pred_wrong:36999 actu_right: 1061709 actu_wrong: 34491
2026-09-14 00:08:20,071 P2150683 INFO pr:0.9038  rc:0.9645  auc:0.9991 ap:0.9891 f1: 0.9331 pred_right: 453997 pred_wrong:15803 actu_right: 454992 actu_wrong: 14808
2026-09-14 00:08:20,083 P2150683 INFO ----------------------------------------------------------------------------------------------------
2026-09-14 00:08:20,084 P2150683 INFO 32/50 starting... lr: 0.001 para:0.03030303120613098
2026-09-14 00:09:03,586 P2150683 INFO Epoch 32/50, all_loss:0.57090 cls_loss:0.54560 rec_loss:1.38044 [43.49s]; best loss:0.57090, patience : 0
2026-09-14 00:09:20,621 P2150683 INFO pr:0.9126  rc:0.9397  auc:0.9992 ap:0.9893 f1: 0.9260 pred_right: 1060688 pred_wrong:35512 actu_right: 1061712 actu_wrong: 34488
2026-09-14 00:09:27,786 P2150683 INFO pr:0.9125  rc:0.9371  auc:0.9990 ap:0.9886 f1: 0.9247 pred_right: 454593 pred_wrong:15207 actu_right: 454992 actu_wrong: 14808
2026-09-14 00:09:27,787 P2150683 INFO ----------------------------------------------------------------------------------------------------
2026-09-14 00:09:27,787 P2150683 INFO 33/50 starting... lr: 0.001 para:0.029411764815449715
2026-09-14 00:10:02,795 P2150683 INFO Epoch 33/50, all_loss:0.54672 cls_loss:0.52092 rec_loss:1.39805 [35.00s]; best loss:0.54672, patience : 0
2026-09-14 00:10:20,866 P2150683 INFO pr:0.9102  rc:0.9727  auc:0.9993 ap:0.9923 f1: 0.9405 pred_right: 1059343 pred_wrong:36857 actu_right: 1061711 actu_wrong: 34489
2026-09-14 00:10:28,040 P2150683 INFO pr:0.9103  rc:0.9680  auc:0.9992 ap:0.9914 f1: 0.9382 pred_right: 454053 pred_wrong:15747 actu_right: 454992 actu_wrong: 14808
2026-09-14 00:10:28,046 P2150683 INFO ----------------------------------------------------------------------------------------------------
2026-09-14 00:10:28,047 P2150683 INFO 34/50 starting... lr: 0.001 para:0.02857142873108387
2026-09-14 00:11:11,829 P2150683 INFO Epoch 34/50, all_loss:0.53830 cls_loss:0.51307 rec_loss:1.39584 [43.78s]; best loss:0.53830, patience : 0
2026-09-14 00:11:29,558 P2150683 INFO pr:0.9258  rc:0.9390  auc:0.9990 ap:0.9907 f1: 0.9323 pred_right: 1061216 pred_wrong:34984 actu_right: 1061707 actu_wrong: 34493
2026-09-14 00:11:36,714 P2150683 INFO pr:0.9267  rc:0.9341  auc:0.9991 ap:0.9900 f1: 0.9304 pred_right: 454874 pred_wrong:14926 actu_right: 454992 actu_wrong: 14808
2026-09-14 00:11:36,715 P2150683 INFO ----------------------------------------------------------------------------------------------------
2026-09-14 00:11:36,715 P2150683 INFO 35/50 starting... lr: 0.001 para:0.02777777798473835
2026-09-14 00:12:11,107 P2150683 INFO Epoch 35/50, all_loss:0.53764 cls_loss:0.51315 rec_loss:1.39508 [34.38s]; best loss:0.53764, patience : 0
2026-09-14 00:12:29,289 P2150683 INFO pr:0.9148  rc:0.9658  auc:0.9992 ap:0.9915 f1: 0.9396 pred_right: 1059789 pred_wrong:36411 actu_right: 1061714 actu_wrong: 34486
2026-09-14 00:12:37,165 P2150683 INFO pr:0.9148  rc:0.9616  auc:0.9991 ap:0.9907 f1: 0.9376 pred_right: 454235 pred_wrong:15565 actu_right: 454992 actu_wrong: 14808
2026-09-14 00:12:37,166 P2150683 INFO ----------------------------------------------------------------------------------------------------
2026-09-14 00:12:37,166 P2150683 INFO 36/50 starting... lr: 0.001 para:0.027027027681469917
2026-09-14 00:13:17,774 P2150683 INFO Epoch 36/50, all_loss:0.52887 cls_loss:0.50402 rec_loss:1.42344 [40.60s]; best loss:0.52887, patience : 0
2026-09-14 00:13:38,686 P2150683 INFO pr:0.9364  rc:0.9192  auc:0.9994 ap:0.9921 f1: 0.9277 pred_right: 1062340 pred_wrong:33860 actu_right: 1061709 actu_wrong: 34491
2026-09-14 00:13:45,847 P2150683 INFO pr:0.9347  rc:0.9139  auc:0.9992 ap:0.9912 f1: 0.9242 pred_right: 455321 pred_wrong:14479 actu_right: 454992 actu_wrong: 14808
2026-09-14 00:13:45,849 P2150683 INFO ----------------------------------------------------------------------------------------------------
2026-09-14 00:13:45,849 P2150683 INFO 37/50 starting... lr: 0.001 para:0.02631578966975212
2026-09-14 00:14:20,368 P2150683 INFO Epoch 37/50, all_loss:0.52570 cls_loss:0.50112 rec_loss:1.43521 [34.51s]; best loss:0.52570, patience : 0
2026-09-14 00:14:38,359 P2150683 INFO pr:0.9214  rc:0.9553  auc:0.9990 ap:0.9903 f1: 0.9381 pred_right: 1060441 pred_wrong:35759 actu_right: 1061710 actu_wrong: 34490
2026-09-14 00:14:46,231 P2150683 INFO pr:0.9205  rc:0.9507  auc:0.9990 ap:0.9901 f1: 0.9354 pred_right: 454506 pred_wrong:15294 actu_right: 454992 actu_wrong: 14808
2026-09-14 00:14:46,232 P2150683 INFO ----------------------------------------------------------------------------------------------------
2026-09-14 00:14:46,233 P2150683 INFO 38/50 starting... lr: 0.001 para:0.025641025975346565
2026-09-14 00:15:18,352 P2150683 INFO Epoch 38/50, all_loss:0.50074 cls_loss:0.47603 rec_loss:1.43956 [32.11s]; best loss:0.50074, patience : 0
2026-09-14 00:15:50,631 P2150683 INFO pr:0.9368  rc:0.9296  auc:0.9990 ap:0.9922 f1: 0.9332 pred_right: 1061975 pred_wrong:34225 actu_right: 1061709 actu_wrong: 34491
2026-09-14 00:15:57,754 P2150683 INFO pr:0.9370  rc:0.9262  auc:0.9991 ap:0.9918 f1: 0.9316 pred_right: 455163 pred_wrong:14637 actu_right: 454992 actu_wrong: 14808
2026-09-14 00:15:57,755 P2150683 INFO ----------------------------------------------------------------------------------------------------
2026-09-14 00:15:57,755 P2150683 INFO 39/50 starting... lr: 0.001 para:0.02500000037252903
2026-09-14 00:16:32,482 P2150683 INFO Epoch 39/50, all_loss:0.50242 cls_loss:0.47784 rec_loss:1.46102 [34.73s]; best loss:0.50074, patience : 1
2026-09-14 00:16:50,423 P2150683 INFO pr:0.9398  rc:0.9311  auc:0.9990 ap:0.9922 f1: 0.9355 pred_right: 1062032 pred_wrong:34168 actu_right: 1061713 actu_wrong: 34487
2026-09-14 00:16:57,419 P2150683 INFO pr:0.9393  rc:0.9260  auc:0.9990 ap:0.9917 f1: 0.9326 pred_right: 455202 pred_wrong:14598 actu_right: 454992 actu_wrong: 14808
2026-09-14 00:16:57,420 P2150683 INFO ----------------------------------------------------------------------------------------------------
2026-09-14 00:16:57,420 P2150683 INFO 40/50 starting... lr: 0.001 para:0.024390242993831635
2026-09-14 00:17:30,146 P2150683 INFO Epoch 40/50, all_loss:0.49166 cls_loss:0.46744 rec_loss:1.46050 [32.72s]; best loss:0.49166, patience : 0
2026-09-14 00:18:02,233 P2150683 INFO pr:0.9315  rc:0.9504  auc:0.9993 ap:0.9922 f1: 0.9409 pred_right: 1061012 pred_wrong:35188 actu_right: 1061711 actu_wrong: 34489
2026-09-14 00:18:10,177 P2150683 INFO pr:0.9329  rc:0.9452  auc:0.9992 ap:0.9918 f1: 0.9390 pred_right: 454797 pred_wrong:15003 actu_right: 454992 actu_wrong: 14808
2026-09-14 00:18:10,183 P2150683 INFO ----------------------------------------------------------------------------------------------------
2026-09-14 00:18:10,183 P2150683 INFO 41/50 starting... lr: 0.001 para:0.02380952425301075
2026-09-14 00:18:45,351 P2150683 INFO Epoch 41/50, all_loss:0.48232 cls_loss:0.45805 rec_loss:1.47720 [35.16s]; best loss:0.48232, patience : 0
2026-09-14 00:19:03,189 P2150683 INFO pr:0.9190  rc:0.9736  auc:0.9995 ap:0.9928 f1: 0.9455 pred_right: 1059662 pred_wrong:36538 actu_right: 1061712 actu_wrong: 34488
2026-09-14 00:19:10,645 P2150683 INFO pr:0.9185  rc:0.9685  auc:0.9993 ap:0.9918 f1: 0.9428 pred_right: 454187 pred_wrong:15613 actu_right: 454992 actu_wrong: 14808
2026-09-14 00:19:10,651 P2150683 INFO ----------------------------------------------------------------------------------------------------
2026-09-14 00:19:10,651 P2150683 INFO 42/50 starting... lr: 0.001 para:0.023255813866853714
2026-09-14 00:19:44,223 P2150683 INFO Epoch 42/50, all_loss:0.48466 cls_loss:0.46092 rec_loss:1.48157 [33.57s]; best loss:0.48232, patience : 1
2026-09-14 00:20:16,255 P2150683 INFO pr:0.9383  rc:0.9627  auc:0.9994 ap:0.9933 f1: 0.9503 pred_right: 1060814 pred_wrong:35386 actu_right: 1061709 actu_wrong: 34491
2026-09-14 00:20:23,546 P2150683 INFO pr:0.9393  rc:0.9592  auc:0.9993 ap:0.9930 f1: 0.9491 pred_right: 454678 pred_wrong:15122 actu_right: 454992 actu_wrong: 14808
2026-09-14 00:20:23,553 P2150683 INFO ----------------------------------------------------------------------------------------------------
2026-09-14 00:20:23,553 P2150683 INFO 43/50 starting... lr: 0.001 para:0.022727273404598236
2026-09-14 00:20:56,855 P2150683 INFO Epoch 43/50, all_loss:0.47161 cls_loss:0.44782 rec_loss:1.49466 [33.30s]; best loss:0.47161, patience : 0
2026-09-14 00:21:13,302 P2150683 INFO pr:0.9434  rc:0.9219  auc:0.9995 ap:0.9930 f1: 0.9325 pred_right: 1062495 pred_wrong:33705 actu_right: 1061709 actu_wrong: 34491
2026-09-14 00:21:20,962 P2150683 INFO pr:0.9431  rc:0.9194  auc:0.9994 ap:0.9923 f1: 0.9311 pred_right: 455364 pred_wrong:14436 actu_right: 454992 actu_wrong: 14808
2026-09-14 00:21:20,963 P2150683 INFO ----------------------------------------------------------------------------------------------------
2026-09-14 00:21:20,963 P2150683 INFO 44/50 starting... lr: 0.001 para:0.02222222276031971
2026-09-14 00:21:55,336 P2150683 INFO Epoch 44/50, all_loss:0.46883 cls_loss:0.44532 rec_loss:1.50352 [34.37s]; best loss:0.46883, patience : 0
2026-09-14 00:22:25,645 P2150683 INFO pr:0.9202  rc:0.9769  auc:0.9994 ap:0.9935 f1: 0.9477 pred_right: 1059582 pred_wrong:36618 actu_right: 1061708 actu_wrong: 34492
2026-09-14 00:22:33,253 P2150683 INFO pr:0.9190  rc:0.9737  auc:0.9993 ap:0.9926 f1: 0.9455 pred_right: 454111 pred_wrong:15689 actu_right: 454992 actu_wrong: 14808
2026-09-14 00:22:33,254 P2150683 INFO ----------------------------------------------------------------------------------------------------
2026-09-14 00:22:33,254 P2150683 INFO 45/50 starting... lr: 0.001 para:0.021739130839705467
2026-09-14 00:23:07,463 P2150683 INFO Epoch 45/50, all_loss:0.46661 cls_loss:0.44291 rec_loss:1.53321 [34.20s]; best loss:0.46661, patience : 0
2026-09-14 00:23:25,182 P2150683 INFO pr:0.9235  rc:0.9637  auc:0.9992 ap:0.9927 f1: 0.9432 pred_right: 1060204 pred_wrong:35996 actu_right: 1061705 actu_wrong: 34495
2026-09-14 00:23:33,111 P2150683 INFO pr:0.9241  rc:0.9589  auc:0.9992 ap:0.9923 f1: 0.9411 pred_right: 454434 pred_wrong:15366 actu_right: 454992 actu_wrong: 14808
2026-09-14 00:23:33,112 P2150683 INFO ----------------------------------------------------------------------------------------------------
2026-09-14 00:23:33,112 P2150683 INFO 46/50 starting... lr: 0.001 para:0.021276595070958138
2026-09-14 00:24:07,646 P2150683 INFO Epoch 46/50, all_loss:0.45646 cls_loss:0.43297 rec_loss:1.53691 [34.53s]; best loss:0.45646, patience : 0
2026-09-14 00:24:31,905 P2150683 INFO pr:0.9485  rc:0.9235  auc:0.9990 ap:0.9917 f1: 0.9358 pred_right: 1062617 pred_wrong:33583 actu_right: 1061707 actu_wrong: 34493
2026-09-14 00:24:43,412 P2150683 INFO pr:0.9493  rc:0.9185  auc:0.9991 ap:0.9918 f1: 0.9336 pred_right: 455472 pred_wrong:14328 actu_right: 454992 actu_wrong: 14808
2026-09-14 00:24:43,413 P2150683 INFO ----------------------------------------------------------------------------------------------------
2026-09-14 00:24:43,413 P2150683 INFO 47/50 starting... lr: 0.001 para:0.02083333395421505
2026-09-14 00:25:16,884 P2150683 INFO Epoch 47/50, all_loss:0.46465 cls_loss:0.44197 rec_loss:1.53045 [33.47s]; best loss:0.45646, patience : 1
2026-09-14 00:25:34,688 P2150683 INFO pr:0.9505  rc:0.9261  auc:0.9994 ap:0.9928 f1: 0.9381 pred_right: 1062594 pred_wrong:33606 actu_right: 1061709 actu_wrong: 34491
2026-09-14 00:25:42,656 P2150683 INFO pr:0.9502  rc:0.9233  auc:0.9994 ap:0.9925 f1: 0.9366 pred_right: 455412 pred_wrong:14388 actu_right: 454992 actu_wrong: 14808
2026-09-14 00:25:42,657 P2150683 INFO ----------------------------------------------------------------------------------------------------
2026-09-14 00:25:42,657 P2150683 INFO 48/50 starting... lr: 0.001 para:0.020408162847161293
2026-09-14 00:26:18,648 P2150683 INFO Epoch 48/50, all_loss:0.44950 cls_loss:0.42672 rec_loss:1.54276 [35.99s]; best loss:0.44950, patience : 0
2026-09-14 00:26:32,031 P2150683 INFO pr:0.9299  rc:0.9694  auc:0.9991 ap:0.9939 f1: 0.9493 pred_right: 1060247 pred_wrong:35953 actu_right: 1061712 actu_wrong: 34488
2026-09-14 00:26:50,089 P2150683 INFO pr:0.9314  rc:0.9675  auc:0.9992 ap:0.9932 f1: 0.9491 pred_right: 454419 pred_wrong:15381 actu_right: 454992 actu_wrong: 14808
2026-09-14 00:26:50,092 P2150683 INFO ----------------------------------------------------------------------------------------------------
2026-09-14 00:26:50,092 P2150683 INFO 49/50 starting... lr: 0.001 para:0.019999999552965164
2026-09-14 00:27:26,010 P2150683 INFO Epoch 49/50, all_loss:0.44905 cls_loss:0.42666 rec_loss:1.54578 [35.91s]; best loss:0.44905, patience : 0
2026-09-14 00:27:42,918 P2150683 INFO pr:0.9607  rc:0.9027  auc:0.9993 ap:0.9942 f1: 0.9308 pred_right: 1063791 pred_wrong:32409 actu_right: 1061709 actu_wrong: 34491
2026-09-14 00:27:50,162 P2150683 INFO pr:0.9576  rc:0.8972  auc:0.9993 ap:0.9934 f1: 0.9264 pred_right: 455927 pred_wrong:13873 actu_right: 454992 actu_wrong: 14808
2026-09-14 00:27:50,163 P2150683 INFO saving model...
2026-09-14 00:27:50,163 P2150683 INFO FITS_Legendre - loss  best score:0.44904688000679016 at epoch 49
2026-09-14 00:27:50,171 P2150683 INFO FITS_Legendre - f1  best score:0.9503270031627001 at epoch 42
2026-09-14 00:27:50,179 P2150683 INFO Average training time per epoch: 36.44 seconds
2026-09-14 00:27:50,180 P2150683 INFO calculate scores...
2026-09-14 00:27:50,180 P2150683 INFO calculate label with loss...
2026-09-14 00:27:50,181 P2150683 INFO FITS_Legendre on ./result/server_only_exps/Ablations_updatedFreDF/FITS_Legendre-TT-Epochs50-Seed1-ExpNameRQ2z5_basis_degree_comparison-LPFLPF-Attnlinear_attn-NormLinTrue-RecLambda1.0-AuxiLambda0.2-lowshow-simplegraph-Degree7-BasisTypechebyshev loading...
2026-09-14 00:27:57,439 P2150683 INFO pr:0.9576  rc:0.8972  auc:0.9993 ap:0.9934 f1: 0.9264 pred_right: 455927 pred_wrong:13873 actu_right: 454992 actu_wrong: 14808
2026-09-14 00:28:09,460 P2150683 INFO pr:0.9576  rc:0.8972  auc:0.9993 ap:0.9934 f1: 0.9264 pred_right: 455927 pred_wrong:13873 actu_right: 454992 actu_wrong: 14808
2026-09-14 00:28:09,460 P2150683 INFO Performance Summary:
{'GPU': {'inference_time_per_sample_ms': 0.37201220647065153, 'throughput_samples_per_sec': 2688.0838386653613, 'peak_memory_mb': 87.591796875, 'energy_per_sample_joules': 0.018054868416640134}, 'CPU': {'inference_time_per_sample_ms': 0.6434156481351972, 'throughput_samples_per_sec': 1554.2052837823983, 'peak_memory_mb': 5490.88671875, 'energy_per_sample_joules': 0.041822017128787824}}
2026-09-14 00:28:09,461 P2150683 INFO Starting clean-room hardware benchmarking...
2026-09-14 00:28:10,632 P2150683 INFO Performance with loss: pr:0.9576  rc:0.8972  auc:0.9993 ap:0.9934 f1: 0.9264 pred_right: 455927 pred_wrong:13873 actu_right: 454992 actu_wrong: 14808
2026-09-14 00:28:10,633 P2150683 INFO calculate label with f1...
2026-09-14 00:28:10,633 P2150683 INFO FITS_Legendre on ./result/server_only_exps/Ablations_updatedFreDF/FITS_Legendre-TT-Epochs50-Seed1-ExpNameRQ2z5_basis_degree_comparison-LPFLPF-Attnlinear_attn-NormLinTrue-RecLambda1.0-AuxiLambda0.2-lowshow-simplegraph-Degree7-BasisTypechebyshev loading...
2026-09-14 00:28:17,900 P2150683 INFO pr:0.9393  rc:0.9592  auc:0.9993 ap:0.9930 f1: 0.9491 pred_right: 454678 pred_wrong:15122 actu_right: 454992 actu_wrong: 14808
2026-09-14 00:28:30,473 P2150683 INFO pr:0.9393  rc:0.9592  auc:0.9993 ap:0.9930 f1: 0.9491 pred_right: 454678 pred_wrong:15122 actu_right: 454992 actu_wrong: 14808
2026-09-14 00:28:30,474 P2150683 INFO Performance Summary:
{'GPU': {'inference_time_per_sample_ms': 0.36678193505130596, 'throughput_samples_per_sec': 2726.4156285671993, 'peak_memory_mb': 87.087890625, 'energy_per_sample_joules': 0.0187680482256078}, 'CPU': {'inference_time_per_sample_ms': 0.6754185794825942, 'throughput_samples_per_sec': 1480.5633578603242, 'peak_memory_mb': 5423.734375, 'energy_per_sample_joules': 0.043902207666368626}}
2026-09-14 00:28:30,474 P2150683 INFO Starting clean-room hardware benchmarking...
2026-09-14 00:28:31,683 P2150683 INFO Performance with f1: pr:0.9393  rc:0.9592  auc:0.9993 ap:0.9930 f1: 0.9491 pred_right: 454678 pred_wrong:15122 actu_right: 454992 actu_wrong: 14808
2026-09-14 00:28:31,683 P2150683 INFO Collecting case-study samples...
