2026-07-29 14:23:20,601 P3790044 INFO ---- Model: ----MSTGAD-755349b1----random_seed : 1----req_loss_approach : Legendre-style----rec_lambda : 1.0----auxi_lambda : 0.0----Freq Domain : FITS_Legendre----Multi Fits : false----train : True----evaluate : False
2026-07-29 14:23:20,601 P3790044 INFO read Tranform data
2026-07-29 14:23:25,578 P3790044 INFO read Graph edge data
2026-07-29 14:23:25,578 P3790044 INFO Fewshot: training with 1.0 of the 70% of the data
2026-07-29 14:23:25,687 P3790044 INFO Trainable Parameters Breakdown:
2026-07-29 14:23:25,688 P3790044 INFO --------------------------------------------------------------------------------
2026-07-29 14:23:25,688 P3790044 INFO Reconstruction-Specific Parameters:
2026-07-29 14:23:25,688 P3790044 INFO node_emb.linear.weight                   | shape: (4, 3)                    | params: 12
2026-07-29 14:23:25,688 P3790044 INFO node_emb.linear.bias                     | shape: (4,)                      | params: 4
2026-07-29 14:23:25,688 P3790044 INFO log_emb.linear.weight                    | shape: (16, 256)                 | params: 4,096
2026-07-29 14:23:25,688 P3790044 INFO log_emb.linear.bias                      | shape: (16,)                     | params: 16
2026-07-29 14:23:25,688 P3790044 INFO egde_emb.linear.weight                   | shape: (4, 7)                    | params: 28
2026-07-29 14:23:25,688 P3790044 INFO egde_emb.linear.bias                     | shape: (4,)                      | params: 4
2026-07-29 14:23:25,688 P3790044 INFO dense_node.weight                        | shape: (3, 4)                    | params: 12
2026-07-29 14:23:25,688 P3790044 INFO dense_node.bias                          | shape: (3,)                      | params: 3
2026-07-29 14:23:25,688 P3790044 INFO dense_log.weight                         | shape: (256, 16)                 | params: 4,096
2026-07-29 14:23:25,688 P3790044 INFO dense_log.bias                           | shape: (256,)                    | params: 256
2026-07-29 14:23:25,688 P3790044 INFO dense_edge.weight                        | shape: (7, 4)                    | params: 28
2026-07-29 14:23:25,688 P3790044 INFO dense_edge.bias                          | shape: (7,)                      | params: 7
2026-07-29 14:23:25,688 P3790044 INFO linear_attn.Wq.weight                    | shape: (10, 10)                  | params: 100
2026-07-29 14:23:25,688 P3790044 INFO linear_attn.Wk.weight                    | shape: (10, 10)                  | params: 100
2026-07-29 14:23:25,688 P3790044 INFO linear_attn.Wv.weight                    | shape: (10, 10)                  | params: 100
2026-07-29 14:23:25,689 P3790044 INFO linear_attn.out.weight                   | shape: (10, 10)                  | params: 100
2026-07-29 14:23:25,689 P3790044 INFO linear_attn.out.bias                     | shape: (10,)                     | params: 10
2026-07-29 14:23:25,689 P3790044 INFO linear_attn.norm.weight                  | shape: (10,)                     | params: 10
2026-07-29 14:23:25,689 P3790044 INFO linear_attn.norm.bias                    | shape: (10,)                     | params: 10
2026-07-29 14:23:25,689 P3790044 INFO shared_fits.normlin_W                    | shape: (5, 5)                    | params: 25
2026-07-29 14:23:25,689 P3790044 INFO shared_fits.freq_upsampler.weight        | shape: (5, 5)                    | params: 25
2026-07-29 14:23:25,689 P3790044 INFO shared_fits.freq_upsampler.bias          | shape: (5,)                      | params: 5
2026-07-29 14:23:25,689 P3790044 INFO modality_proj.node.weight                | shape: (10, 4)                   | params: 40
2026-07-29 14:23:25,689 P3790044 INFO modality_proj.node.bias                  | shape: (10,)                     | params: 10
2026-07-29 14:23:25,689 P3790044 INFO modality_proj.log.weight                 | shape: (10, 16)                  | params: 160
2026-07-29 14:23:25,689 P3790044 INFO modality_proj.log.bias                   | shape: (10,)                     | params: 10
2026-07-29 14:23:25,689 P3790044 INFO modality_proj.edge.weight                | shape: (10, 4)                   | params: 40
2026-07-29 14:23:25,689 P3790044 INFO modality_proj.edge.bias                  | shape: (10,)                     | params: 10
2026-07-29 14:23:25,689 P3790044 INFO modality_proj_out.node.weight            | shape: (4, 10)                   | params: 40
2026-07-29 14:23:25,689 P3790044 INFO modality_proj_out.node.bias              | shape: (4,)                      | params: 4
2026-07-29 14:23:25,689 P3790044 INFO modality_proj_out.log.weight             | shape: (16, 10)                  | params: 160
2026-07-29 14:23:25,689 P3790044 INFO modality_proj_out.log.bias               | shape: (16,)                     | params: 16
2026-07-29 14:23:25,689 P3790044 INFO modality_proj_out.edge.weight            | shape: (4, 10)                   | params: 40
2026-07-29 14:23:25,690 P3790044 INFO modality_proj_out.edge.bias              | shape: (4,)                      | params: 4
2026-07-29 14:23:25,690 P3790044 INFO Subtotal: 9,581
2026-07-29 14:23:25,690 P3790044 INFO --------------------------------------------------------------------------------
2026-07-29 14:23:25,690 P3790044 INFO Common Parameters:
2026-07-29 14:23:25,690 P3790044 INFO show.0.weight                            | shape: (128, 266)                | params: 34,048
2026-07-29 14:23:25,690 P3790044 INFO show.0.bias                              | shape: (128,)                    | params: 128
2026-07-29 14:23:25,690 P3790044 INFO show.2.weight                            | shape: (2, 128)                  | params: 256
2026-07-29 14:23:25,690 P3790044 INFO show.2.bias                              | shape: (2,)                      | params: 2
2026-07-29 14:23:25,690 P3790044 INFO Subtotal: 34,434
2026-07-29 14:23:25,690 P3790044 INFO --------------------------------------------------------------------------------
2026-07-29 14:23:25,690 P3790044 INFO Total Trainable Parameters: 44,015

2026-07-29 14:23:25,690 P3790044 INFO Trainable Parameters: 44015, reconstruction: 9581, common: 34434
2026-07-29 14:23:25,690 P3790044 INFO model : init weight
2026-07-29 14:23:25,691 P3790044 INFO Using GPU...
2026-07-29 14:23:25,702 P3790044 INFO optimizer : using AdaBelief
2026-07-29 14:23:25,702 P3790044 INFO ----------------------------------------------------------------------------------------------------
2026-07-29 14:23:25,702 P3790044 INFO 0/300 starting... lr: 0.001 para:1.0
2026-07-29 14:23:37,155 P3790044 INFO Epoch 0/300, all_loss:0.07819 cls_loss:36.15186 rec_loss:0.07819 [11.44s]; best loss:0.07819, patience : 0
2026-07-29 14:23:37,155 P3790044 INFO ----------------------------------------------------------------------------------------------------
2026-07-29 14:23:37,155 P3790044 INFO 1/300 starting... lr: 0.001 para:0.5
