2026-09-14 09:56:11,374 P2620007 INFO ---- Model: ----MSTGAD-e1deeec4----random_seed : 2----req_loss_approach : Legendre-style----rec_lambda : 1.0----auxi_lambda : 0.2----Freq Domain : FITS_Legendre----Multi Fits : false----train : True----evaluate : False
2026-09-14 09:56:11,374 P2620007 INFO Load from /home/db2003/Desktop/Amr/Tests/Eadro/codes/chunks/TT
2026-09-14 09:56:23,799 P2620007 INFO Fewshot: training with 1.0 of the 70% of the data
2026-09-14 09:56:23,901 P2620007 INFO Trainable Parameters Breakdown:
2026-09-14 09:56:23,901 P2620007 INFO --------------------------------------------------------------------------------
2026-09-14 09:56:23,901 P2620007 INFO Reconstruction-Specific Parameters:
2026-09-14 09:56:23,901 P2620007 INFO node_emb.linear.weight                   | shape: (8, 7)                    | params: 56
2026-09-14 09:56:23,901 P2620007 INFO node_emb.linear.bias                     | shape: (8,)                      | params: 8
2026-09-14 09:56:23,901 P2620007 INFO log_emb.linear.weight                    | shape: (32, 60)                  | params: 1,920
2026-09-14 09:56:23,901 P2620007 INFO log_emb.linear.bias                      | shape: (32,)                     | params: 32
2026-09-14 09:56:23,901 P2620007 INFO egde_emb.linear.weight                   | shape: (8, 2)                    | params: 16
2026-09-14 09:56:23,901 P2620007 INFO egde_emb.linear.bias                     | shape: (8,)                      | params: 8
2026-09-14 09:56:23,901 P2620007 INFO dense_node.weight                        | shape: (7, 8)                    | params: 56
2026-09-14 09:56:23,901 P2620007 INFO dense_node.bias                          | shape: (7,)                      | params: 7
2026-09-14 09:56:23,901 P2620007 INFO dense_log.weight                         | shape: (60, 32)                  | params: 1,920
2026-09-14 09:56:23,901 P2620007 INFO dense_log.bias                           | shape: (60,)                     | params: 60
2026-09-14 09:56:23,901 P2620007 INFO dense_edge.weight                        | shape: (2, 8)                    | params: 16
2026-09-14 09:56:23,902 P2620007 INFO dense_edge.bias                          | shape: (2,)                      | params: 2
2026-09-14 09:56:23,902 P2620007 INFO linear_attn.Wq.weight                    | shape: (10, 10)                  | params: 100
2026-09-14 09:56:23,902 P2620007 INFO linear_attn.Wk.weight                    | shape: (10, 10)                  | params: 100
2026-09-14 09:56:23,902 P2620007 INFO linear_attn.Wv.weight                    | shape: (10, 10)                  | params: 100
2026-09-14 09:56:23,902 P2620007 INFO linear_attn.out.weight                   | shape: (10, 10)                  | params: 100
2026-09-14 09:56:23,902 P2620007 INFO linear_attn.out.bias                     | shape: (10,)                     | params: 10
2026-09-14 09:56:23,902 P2620007 INFO linear_attn.norm.weight                  | shape: (10,)                     | params: 10
2026-09-14 09:56:23,902 P2620007 INFO linear_attn.norm.bias                    | shape: (10,)                     | params: 10
2026-09-14 09:56:23,902 P2620007 INFO shared_fits.normlin_W                    | shape: (9, 9)                    | params: 81
2026-09-14 09:56:23,902 P2620007 INFO shared_fits.freq_upsampler.weight        | shape: (9, 9)                    | params: 81
2026-09-14 09:56:23,902 P2620007 INFO shared_fits.freq_upsampler.bias          | shape: (9,)                      | params: 9
2026-09-14 09:56:23,902 P2620007 INFO modality_proj.node.weight                | shape: (10, 8)                   | params: 80
2026-09-14 09:56:23,902 P2620007 INFO modality_proj.node.bias                  | shape: (10,)                     | params: 10
2026-09-14 09:56:23,902 P2620007 INFO modality_proj.log.weight                 | shape: (10, 32)                  | params: 320
2026-09-14 09:56:23,902 P2620007 INFO modality_proj.log.bias                   | shape: (10,)                     | params: 10
2026-09-14 09:56:23,902 P2620007 INFO modality_proj.edge.weight                | shape: (10, 8)                   | params: 80
2026-09-14 09:56:23,902 P2620007 INFO modality_proj.edge.bias                  | shape: (10,)                     | params: 10
2026-09-14 09:56:23,902 P2620007 INFO modality_proj_out.node.weight            | shape: (8, 10)                   | params: 80
2026-09-14 09:56:23,902 P2620007 INFO modality_proj_out.node.bias              | shape: (8,)                      | params: 8
2026-09-14 09:56:23,902 P2620007 INFO modality_proj_out.log.weight             | shape: (32, 10)                  | params: 320
2026-09-14 09:56:23,902 P2620007 INFO modality_proj_out.log.bias               | shape: (32,)                     | params: 32
2026-09-14 09:56:23,902 P2620007 INFO modality_proj_out.edge.weight            | shape: (8, 10)                   | params: 80
2026-09-14 09:56:23,902 P2620007 INFO modality_proj_out.edge.bias              | shape: (8,)                      | params: 8
2026-09-14 09:56:23,903 P2620007 INFO Subtotal: 5,740
2026-09-14 09:56:23,903 P2620007 INFO --------------------------------------------------------------------------------
2026-09-14 09:56:23,903 P2620007 INFO Common Parameters:
2026-09-14 09:56:23,903 P2620007 INFO show.0.weight                            | shape: (128, 69)                 | params: 8,832
2026-09-14 09:56:23,903 P2620007 INFO show.0.bias                              | shape: (128,)                    | params: 128
2026-09-14 09:56:23,903 P2620007 INFO show.2.weight                            | shape: (2, 128)                  | params: 256
2026-09-14 09:56:23,903 P2620007 INFO show.2.bias                              | shape: (2,)                      | params: 2
2026-09-14 09:56:23,903 P2620007 INFO Subtotal: 9,218
2026-09-14 09:56:23,903 P2620007 INFO --------------------------------------------------------------------------------
2026-09-14 09:56:23,903 P2620007 INFO Total Trainable Parameters: 14,958

2026-09-14 09:56:23,903 P2620007 INFO Trainable Parameters: 14958, reconstruction: 5740, common: 9218
2026-09-14 09:56:23,903 P2620007 INFO model : init weight
2026-09-14 09:56:23,904 P2620007 INFO Using GPU...
2026-09-14 09:56:23,909 P2620007 INFO optimizer : using AdaBelief
2026-09-14 09:56:23,909 P2620007 INFO ----------------------------------------------------------------------------------------------------
2026-09-14 09:56:23,909 P2620007 INFO 0/50 starting... lr: 0.001 para:1.0
2026-09-14 09:57:05,204 P2620007 INFO Epoch 0/50, all_loss:0.06761 cls_loss:33.17321 rec_loss:0.06761 [41.28s]; best loss:0.06761, patience : 0
2026-09-14 09:57:05,205 P2620007 INFO ----------------------------------------------------------------------------------------------------
2026-09-14 09:57:05,205 P2620007 INFO 1/50 starting... lr: 0.001 para:0.5
2026-09-14 09:57:34,732 P2620007 INFO Epoch 1/50, all_loss:1.94775 cls_loss:3.66285 rec_loss:0.23264 [29.52s]; best loss:1.94775, patience : 0
2026-09-14 09:57:34,732 P2620007 INFO ----------------------------------------------------------------------------------------------------
2026-09-14 09:57:34,732 P2620007 INFO 2/50 starting... lr: 0.001 para:0.3333333432674408
2026-09-14 09:58:07,189 P2620007 INFO Epoch 2/50, all_loss:1.58031 cls_loss:2.24940 rec_loss:0.24215 [32.45s]; best loss:1.58031, patience : 0
2026-09-14 09:58:22,583 P2620007 INFO pr:0.8306  rc:0.5285  auc:0.9861 ap:0.8903 f1: 0.6460 pred_right: 1074255 pred_wrong:21945 actu_right: 1061708 actu_wrong: 34492
2026-09-14 09:58:28,437 P2620007 INFO pr:0.8376  rc:0.5284  auc:0.9865 ap:0.8915 f1: 0.6480 pred_right: 460458 pred_wrong:9342 actu_right: 454992 actu_wrong: 14808
2026-09-14 09:58:28,447 P2620007 INFO ----------------------------------------------------------------------------------------------------
2026-09-14 09:58:28,448 P2620007 INFO 3/50 starting... lr: 0.001 para:0.25
2026-09-14 09:59:12,405 P2620007 INFO Epoch 3/50, all_loss:1.60231 cls_loss:2.04597 rec_loss:0.27133 [43.96s]; best loss:1.58031, patience : 1
2026-09-14 09:59:28,997 P2620007 INFO pr:0.8969  rc:0.5233  auc:0.9897 ap:0.9110 f1: 0.6610 pred_right: 1076076 pred_wrong:20124 actu_right: 1061710 actu_wrong: 34490
2026-09-14 09:59:36,312 P2620007 INFO pr:0.9012  rc:0.5214  auc:0.9898 ap:0.9124 f1: 0.6606 pred_right: 461233 pred_wrong:8567 actu_right: 454992 actu_wrong: 14808
2026-09-14 09:59:36,317 P2620007 INFO ----------------------------------------------------------------------------------------------------
2026-09-14 09:59:36,320 P2620007 INFO 4/50 starting... lr: 0.001 para:0.20000000298023224
2026-09-14 10:00:10,459 P2620007 INFO Epoch 4/50, all_loss:1.54328 cls_loss:1.84888 rec_loss:0.32088 [34.13s]; best loss:1.54328, patience : 0
2026-09-14 10:00:28,365 P2620007 INFO pr:0.8389  rc:0.6352  auc:0.9916 ap:0.9247 f1: 0.7230 pred_right: 1070079 pred_wrong:26121 actu_right: 1061705 actu_wrong: 34495
2026-09-14 10:00:33,846 P2620007 INFO pr:0.8419  rc:0.6355  auc:0.9915 ap:0.9249 f1: 0.7243 pred_right: 458623 pred_wrong:11177 actu_right: 454992 actu_wrong: 14808
2026-09-14 10:00:33,851 P2620007 INFO ----------------------------------------------------------------------------------------------------
2026-09-14 10:00:33,852 P2620007 INFO 5/50 starting... lr: 0.001 para:0.1666666716337204
2026-09-14 10:01:17,220 P2620007 INFO Epoch 5/50, all_loss:1.47611 cls_loss:1.70330 rec_loss:0.34019 [43.36s]; best loss:1.47611, patience : 0
2026-09-14 10:01:34,218 P2620007 INFO pr:0.8771  rc:0.6655  auc:0.9930 ap:0.9369 f1: 0.7568 pred_right: 1070032 pred_wrong:26168 actu_right: 1061709 actu_wrong: 34491
2026-09-14 10:01:41,372 P2620007 INFO pr:0.8821  rc:0.6613  auc:0.9929 ap:0.9368 f1: 0.7559 pred_right: 458699 pred_wrong:11101 actu_right: 454992 actu_wrong: 14808
2026-09-14 10:01:41,378 P2620007 INFO ----------------------------------------------------------------------------------------------------
2026-09-14 10:01:41,378 P2620007 INFO 6/50 starting... lr: 0.001 para:0.1428571492433548
2026-09-14 10:02:13,588 P2620007 INFO Epoch 6/50, all_loss:1.45201 cls_loss:1.63573 rec_loss:0.34970 [32.20s]; best loss:1.45201, patience : 0
2026-09-14 10:02:30,940 P2620007 INFO pr:0.8818  rc:0.6841  auc:0.9938 ap:0.9390 f1: 0.7705 pred_right: 1069447 pred_wrong:26753 actu_right: 1061712 actu_wrong: 34488
2026-09-14 10:02:39,522 P2620007 INFO pr:0.8839  rc:0.6793  auc:0.9937 ap:0.9388 f1: 0.7682 pred_right: 458420 pred_wrong:11380 actu_right: 454992 actu_wrong: 14808
2026-09-14 10:02:39,527 P2620007 INFO ----------------------------------------------------------------------------------------------------
2026-09-14 10:02:39,527 P2620007 INFO 7/50 starting... lr: 0.001 para:0.125
2026-09-14 10:03:21,095 P2620007 INFO Epoch 7/50, all_loss:1.44035 cls_loss:1.59374 rec_loss:0.36661 [41.56s]; best loss:1.44035, patience : 0
2026-09-14 10:03:37,460 P2620007 INFO pr:0.9035  rc:0.6481  auc:0.9935 ap:0.9396 f1: 0.7548 pred_right: 1071458 pred_wrong:24742 actu_right: 1061709 actu_wrong: 34491
2026-09-14 10:03:44,475 P2620007 INFO pr:0.9081  rc:0.6442  auc:0.9935 ap:0.9397 f1: 0.7537 pred_right: 459294 pred_wrong:10506 actu_right: 454992 actu_wrong: 14808
2026-09-14 10:03:44,476 P2620007 INFO ----------------------------------------------------------------------------------------------------
2026-09-14 10:03:44,476 P2620007 INFO 8/50 starting... lr: 0.001 para:0.1111111119389534
2026-09-14 10:04:18,392 P2620007 INFO Epoch 8/50, all_loss:1.41729 cls_loss:1.54718 rec_loss:0.37812 [33.91s]; best loss:1.41729, patience : 0
2026-09-14 10:04:36,567 P2620007 INFO pr:0.8929  rc:0.6672  auc:0.9942 ap:0.9438 f1: 0.7637 pred_right: 1070426 pred_wrong:25774 actu_right: 1061708 actu_wrong: 34492
2026-09-14 10:04:43,417 P2620007 INFO pr:0.8948  rc:0.6639  auc:0.9942 ap:0.9439 f1: 0.7622 pred_right: 458813 pred_wrong:10987 actu_right: 454992 actu_wrong: 14808
2026-09-14 10:04:43,418 P2620007 INFO ----------------------------------------------------------------------------------------------------
2026-09-14 10:04:43,418 P2620007 INFO 9/50 starting... lr: 0.001 para:0.10000000149011612
2026-09-14 10:05:25,819 P2620007 INFO Epoch 9/50, all_loss:1.42355 cls_loss:1.53812 rec_loss:0.39241 [42.40s]; best loss:1.41729, patience : 1
2026-09-14 10:05:42,655 P2620007 INFO pr:0.8222  rc:0.7562  auc:0.9947 ap:0.9448 f1: 0.7878 pred_right: 1064483 pred_wrong:31717 actu_right: 1061711 actu_wrong: 34489
2026-09-14 10:05:49,230 P2620007 INFO pr:0.8265  rc:0.7564  auc:0.9945 ap:0.9452 f1: 0.7899 pred_right: 456248 pred_wrong:13552 actu_right: 454992 actu_wrong: 14808
2026-09-14 10:05:49,236 P2620007 INFO ----------------------------------------------------------------------------------------------------
2026-09-14 10:05:49,236 P2620007 INFO 10/50 starting... lr: 0.001 para:0.09090909361839294
2026-09-14 10:06:21,945 P2620007 INFO Epoch 10/50, all_loss:1.37946 cls_loss:1.47631 rec_loss:0.41103 [32.70s]; best loss:1.37946, patience : 0
2026-09-14 10:06:38,916 P2620007 INFO pr:0.9175  rc:0.6607  auc:0.9949 ap:0.9490 f1: 0.7682 pred_right: 1071365 pred_wrong:24835 actu_right: 1061710 actu_wrong: 34490
2026-09-14 10:06:46,381 P2620007 INFO pr:0.9251  rc:0.6604  auc:0.9949 ap:0.9496 f1: 0.7706 pred_right: 459229 pred_wrong:10571 actu_right: 454992 actu_wrong: 14808
2026-09-14 10:06:46,382 P2620007 INFO ----------------------------------------------------------------------------------------------------
2026-09-14 10:06:46,382 P2620007 INFO 11/50 starting... lr: 0.001 para:0.0833333358168602
2026-09-14 10:07:20,925 P2620007 INFO Epoch 11/50, all_loss:1.38969 cls_loss:1.47770 rec_loss:0.42157 [34.54s]; best loss:1.37946, patience : 1
2026-09-14 10:07:48,904 P2620007 INFO pr:0.8400  rc:0.7619  auc:0.9954 ap:0.9483 f1: 0.7991 pred_right: 1064913 pred_wrong:31287 actu_right: 1061704 actu_wrong: 34496
2026-09-14 10:07:55,898 P2620007 INFO pr:0.8453  rc:0.7627  auc:0.9953 ap:0.9490 f1: 0.8019 pred_right: 456439 pred_wrong:13361 actu_right: 454992 actu_wrong: 14808
2026-09-14 10:07:55,904 P2620007 INFO ----------------------------------------------------------------------------------------------------
2026-09-14 10:07:55,904 P2620007 INFO 12/50 starting... lr: 0.001 para:0.07692307978868484
2026-09-14 10:08:28,442 P2620007 INFO Epoch 12/50, all_loss:1.35223 cls_loss:1.42824 rec_loss:0.44012 [32.53s]; best loss:1.35223, patience : 0
2026-09-14 10:08:46,952 P2620007 INFO pr:0.8686  rc:0.7136  auc:0.9950 ap:0.9478 f1: 0.7835 pred_right: 1067860 pred_wrong:28340 actu_right: 1061707 actu_wrong: 34493
2026-09-14 10:08:54,024 P2620007 INFO pr:0.8742  rc:0.7139  auc:0.9950 ap:0.9478 f1: 0.7859 pred_right: 457708 pred_wrong:12092 actu_right: 454992 actu_wrong: 14808
2026-09-14 10:08:54,025 P2620007 INFO ----------------------------------------------------------------------------------------------------
2026-09-14 10:08:54,025 P2620007 INFO 13/50 starting... lr: 0.001 para:0.0714285746216774
2026-09-14 10:09:26,104 P2620007 INFO Epoch 13/50, all_loss:1.32726 cls_loss:1.39321 rec_loss:0.46983 [32.07s]; best loss:1.32726, patience : 0
2026-09-14 10:09:56,772 P2620007 INFO pr:0.9078  rc:0.7049  auc:0.9954 ap:0.9528 f1: 0.7936 pred_right: 1069417 pred_wrong:26783 actu_right: 1061708 actu_wrong: 34492
2026-09-14 10:10:04,077 P2620007 INFO pr:0.9157  rc:0.7076  auc:0.9953 ap:0.9528 f1: 0.7983 pred_right: 458358 pred_wrong:11442 actu_right: 454992 actu_wrong: 14808
2026-09-14 10:10:04,078 P2620007 INFO ----------------------------------------------------------------------------------------------------
2026-09-14 10:10:04,078 P2620007 INFO 14/50 starting... lr: 0.001 para:0.06666667014360428
2026-09-14 10:10:36,297 P2620007 INFO Epoch 14/50, all_loss:1.31128 cls_loss:1.37003 rec_loss:0.48873 [32.21s]; best loss:1.31128, patience : 0
2026-09-14 10:10:53,879 P2620007 INFO pr:0.9282  rc:0.6713  auc:0.9949 ap:0.9528 f1: 0.7791 pred_right: 1071256 pred_wrong:24944 actu_right: 1061711 actu_wrong: 34489
2026-09-14 10:11:01,929 P2620007 INFO pr:0.9361  rc:0.6725  auc:0.9948 ap:0.9530 f1: 0.7827 pred_right: 459161 pred_wrong:10639 actu_right: 454992 actu_wrong: 14808
2026-09-14 10:11:01,930 P2620007 INFO ----------------------------------------------------------------------------------------------------
2026-09-14 10:11:01,930 P2620007 INFO 15/50 starting... lr: 0.001 para:0.0625
2026-09-14 10:11:35,232 P2620007 INFO Epoch 15/50, all_loss:1.30426 cls_loss:1.35685 rec_loss:0.51553 [33.30s]; best loss:1.30426, patience : 0
2026-09-14 10:12:03,554 P2620007 INFO pr:0.8954  rc:0.7356  auc:0.9958 ap:0.9571 f1: 0.8077 pred_right: 1067866 pred_wrong:28334 actu_right: 1061710 actu_wrong: 34490
2026-09-14 10:12:11,518 P2620007 INFO pr:0.8986  rc:0.7328  auc:0.9957 ap:0.9571 f1: 0.8072 pred_right: 457724 pred_wrong:12076 actu_right: 454992 actu_wrong: 14808
2026-09-14 10:12:11,524 P2620007 INFO ----------------------------------------------------------------------------------------------------
2026-09-14 10:12:11,524 P2620007 INFO 16/50 starting... lr: 0.001 para:0.05882352963089943
2026-09-14 10:12:43,850 P2620007 INFO Epoch 16/50, all_loss:1.22305 cls_loss:1.26429 rec_loss:0.56313 [32.32s]; best loss:1.22305, patience : 0
2026-09-14 10:13:01,189 P2620007 INFO pr:0.9078  rc:0.7280  auc:0.9962 ap:0.9600 f1: 0.8080 pred_right: 1068546 pred_wrong:27654 actu_right: 1061713 actu_wrong: 34487
2026-09-14 10:13:08,937 P2620007 INFO pr:0.9152  rc:0.7276  auc:0.9961 ap:0.9605 f1: 0.8107 pred_right: 458027 pred_wrong:11773 actu_right: 454992 actu_wrong: 14808
2026-09-14 10:13:08,943 P2620007 INFO ----------------------------------------------------------------------------------------------------
2026-09-14 10:13:08,943 P2620007 INFO 17/50 starting... lr: 0.001 para:0.0555555559694767
2026-09-14 10:13:43,911 P2620007 INFO Epoch 17/50, all_loss:1.19579 cls_loss:1.22965 rec_loss:0.62017 [34.96s]; best loss:1.19579, patience : 0
2026-09-14 10:13:59,541 P2620007 INFO pr:0.8683  rc:0.8277  auc:0.9969 ap:0.9660 f1: 0.8475 pred_right: 1063326 pred_wrong:32874 actu_right: 1061711 actu_wrong: 34489
2026-09-14 10:14:18,093 P2620007 INFO pr:0.8715  rc:0.8271  auc:0.9968 ap:0.9662 f1: 0.8487 pred_right: 455748 pred_wrong:14052 actu_right: 454992 actu_wrong: 14808
2026-09-14 10:14:18,099 P2620007 INFO ----------------------------------------------------------------------------------------------------
2026-09-14 10:14:18,100 P2620007 INFO 18/50 starting... lr: 0.001 para:0.05263157933950424
2026-09-14 10:14:51,251 P2620007 INFO Epoch 18/50, all_loss:1.15893 cls_loss:1.18480 rec_loss:0.69328 [33.14s]; best loss:1.15893, patience : 0
2026-09-14 10:15:08,377 P2620007 INFO pr:0.8595  rc:0.7947  auc:0.9958 ap:0.9606 f1: 0.8258 pred_right: 1064309 pred_wrong:31891 actu_right: 1061709 actu_wrong: 34491
2026-09-14 10:15:15,653 P2620007 INFO pr:0.8588  rc:0.7926  auc:0.9956 ap:0.9599 f1: 0.8244 pred_right: 456134 pred_wrong:13666 actu_right: 454992 actu_wrong: 14808
2026-09-14 10:15:15,654 P2620007 INFO ----------------------------------------------------------------------------------------------------
2026-09-14 10:15:15,654 P2620007 INFO 19/50 starting... lr: 0.001 para:0.05000000074505806
2026-09-14 10:15:50,487 P2620007 INFO Epoch 19/50, all_loss:1.11096 cls_loss:1.13092 rec_loss:0.73177 [34.83s]; best loss:1.11096, patience : 0
2026-09-14 10:16:05,533 P2620007 INFO pr:0.8985  rc:0.8203  auc:0.9973 ap:0.9710 f1: 0.8576 pred_right: 1064711 pred_wrong:31489 actu_right: 1061710 actu_wrong: 34490
2026-09-14 10:16:16,388 P2620007 INFO pr:0.9021  rc:0.8198  auc:0.9972 ap:0.9713 f1: 0.8590 pred_right: 456342 pred_wrong:13458 actu_right: 454992 actu_wrong: 14808
2026-09-14 10:16:16,399 P2620007 INFO ----------------------------------------------------------------------------------------------------
2026-09-14 10:16:16,400 P2620007 INFO 20/50 starting... lr: 0.001 para:0.0476190485060215
2026-09-14 10:16:57,161 P2620007 INFO Epoch 20/50, all_loss:1.04394 cls_loss:1.05599 rec_loss:0.80291 [40.75s]; best loss:1.04394, patience : 0
2026-09-14 10:17:13,916 P2620007 INFO pr:0.9076  rc:0.8119  auc:0.9974 ap:0.9734 f1: 0.8571 pred_right: 1065347 pred_wrong:30853 actu_right: 1061711 actu_wrong: 34489
2026-09-14 10:17:20,873 P2620007 INFO pr:0.9102  rc:0.8100  auc:0.9972 ap:0.9731 f1: 0.8572 pred_right: 456623 pred_wrong:13177 actu_right: 454992 actu_wrong: 14808
2026-09-14 10:17:20,874 P2620007 INFO ----------------------------------------------------------------------------------------------------
2026-09-14 10:17:20,874 P2620007 INFO 21/50 starting... lr: 0.001 para:0.04545454680919647
2026-09-14 10:17:54,437 P2620007 INFO Epoch 21/50, all_loss:0.98504 cls_loss:0.99157 rec_loss:0.84787 [33.56s]; best loss:0.98504, patience : 0
2026-09-14 10:18:11,437 P2620007 INFO pr:0.8695  rc:0.8575  auc:0.9972 ap:0.9706 f1: 0.8634 pred_right: 1062192 pred_wrong:34008 actu_right: 1061715 actu_wrong: 34485
2026-09-14 10:18:17,427 P2620007 INFO pr:0.8715  rc:0.8518  auc:0.9971 ap:0.9701 f1: 0.8615 pred_right: 455328 pred_wrong:14472 actu_right: 454992 actu_wrong: 14808
2026-09-14 10:18:17,433 P2620007 INFO ----------------------------------------------------------------------------------------------------
2026-09-14 10:18:17,433 P2620007 INFO 22/50 starting... lr: 0.001 para:0.043478261679410934
2026-09-14 10:19:01,159 P2620007 INFO Epoch 22/50, all_loss:0.94388 cls_loss:0.94660 rec_loss:0.88421 [43.72s]; best loss:0.94388, patience : 0
2026-09-14 10:19:18,309 P2620007 INFO pr:0.8892  rc:0.8783  auc:0.9981 ap:0.9768 f1: 0.8837 pred_right: 1062135 pred_wrong:34065 actu_right: 1061712 actu_wrong: 34488
2026-09-14 10:19:25,599 P2620007 INFO pr:0.8929  rc:0.8769  auc:0.9977 ap:0.9768 f1: 0.8848 pred_right: 455257 pred_wrong:14543 actu_right: 454992 actu_wrong: 14808
2026-09-14 10:19:25,604 P2620007 INFO ----------------------------------------------------------------------------------------------------
2026-09-14 10:19:25,605 P2620007 INFO 23/50 starting... lr: 0.001 para:0.0416666679084301
2026-09-14 10:19:59,206 P2620007 INFO Epoch 23/50, all_loss:0.89222 cls_loss:0.88986 rec_loss:0.94664 [33.60s]; best loss:0.89222, patience : 0
2026-09-14 10:20:16,892 P2620007 INFO pr:0.9190  rc:0.8195  auc:0.9981 ap:0.9785 f1: 0.8664 pred_right: 1065445 pred_wrong:30755 actu_right: 1061709 actu_wrong: 34491
2026-09-14 10:20:22,732 P2620007 INFO pr:0.9195  rc:0.8158  auc:0.9979 ap:0.9784 f1: 0.8646 pred_right: 456662 pred_wrong:13138 actu_right: 454992 actu_wrong: 14808
2026-09-14 10:20:22,735 P2620007 INFO ----------------------------------------------------------------------------------------------------
2026-09-14 10:20:22,735 P2620007 INFO 24/50 starting... lr: 0.001 para:0.03999999910593033
2026-09-14 10:21:05,576 P2620007 INFO Epoch 24/50, all_loss:0.85034 cls_loss:0.84429 rec_loss:0.99559 [42.84s]; best loss:0.85034, patience : 0
2026-09-14 10:21:22,598 P2620007 INFO pr:0.8892  rc:0.9106  auc:0.9986 ap:0.9814 f1: 0.8998 pred_right: 1060880 pred_wrong:35320 actu_right: 1061709 actu_wrong: 34491
2026-09-14 10:21:29,293 P2620007 INFO pr:0.8904  rc:0.9062  auc:0.9983 ap:0.9814 f1: 0.8982 pred_right: 454729 pred_wrong:15071 actu_right: 454992 actu_wrong: 14808
2026-09-14 10:21:29,299 P2620007 INFO ----------------------------------------------------------------------------------------------------
2026-09-14 10:21:29,300 P2620007 INFO 25/50 starting... lr: 0.001 para:0.03846153989434242
2026-09-14 10:22:03,375 P2620007 INFO Epoch 25/50, all_loss:0.81655 cls_loss:0.80805 rec_loss:1.02900 [34.07s]; best loss:0.81655, patience : 0
2026-09-14 10:22:20,328 P2620007 INFO pr:0.9111  rc:0.8619  auc:0.9982 ap:0.9816 f1: 0.8858 pred_right: 1063569 pred_wrong:32631 actu_right: 1061704 actu_wrong: 34496
2026-09-14 10:22:28,599 P2620007 INFO pr:0.9153  rc:0.8610  auc:0.9980 ap:0.9815 f1: 0.8873 pred_right: 455871 pred_wrong:13929 actu_right: 454992 actu_wrong: 14808
2026-09-14 10:22:28,601 P2620007 INFO ----------------------------------------------------------------------------------------------------
2026-09-14 10:22:28,601 P2620007 INFO 26/50 starting... lr: 0.001 para:0.03703703731298447
2026-09-14 10:23:10,259 P2620007 INFO Epoch 26/50, all_loss:0.80300 cls_loss:0.79258 rec_loss:1.07398 [41.65s]; best loss:0.80300, patience : 0
2026-09-14 10:23:27,027 P2620007 INFO pr:0.8661  rc:0.9334  auc:0.9984 ap:0.9800 f1: 0.8985 pred_right: 1059032 pred_wrong:37168 actu_right: 1061712 actu_wrong: 34488
2026-09-14 10:23:33,527 P2620007 INFO pr:0.8703  rc:0.9306  auc:0.9981 ap:0.9805 f1: 0.8994 pred_right: 453966 pred_wrong:15834 actu_right: 454992 actu_wrong: 14808
2026-09-14 10:23:33,528 P2620007 INFO ----------------------------------------------------------------------------------------------------
2026-09-14 10:23:33,528 P2620007 INFO 27/50 starting... lr: 0.001 para:0.0357142873108387
2026-09-14 10:24:07,050 P2620007 INFO Epoch 27/50, all_loss:0.74856 cls_loss:0.73486 rec_loss:1.11851 [33.52s]; best loss:0.74856, patience : 0
2026-09-14 10:24:24,652 P2620007 INFO pr:0.8884  rc:0.9437  auc:0.9987 ap:0.9853 f1: 0.9152 pred_right: 1059563 pred_wrong:36637 actu_right: 1061710 actu_wrong: 34490
2026-09-14 10:24:31,966 P2620007 INFO pr:0.8894  rc:0.9395  auc:0.9985 ap:0.9852 f1: 0.9138 pred_right: 454158 pred_wrong:15642 actu_right: 454992 actu_wrong: 14808
2026-09-14 10:24:31,972 P2620007 INFO ----------------------------------------------------------------------------------------------------
2026-09-14 10:24:31,973 P2620007 INFO 28/50 starting... lr: 0.001 para:0.03448275849223137
2026-09-14 10:25:13,391 P2620007 INFO Epoch 28/50, all_loss:0.74196 cls_loss:0.72787 rec_loss:1.13628 [41.41s]; best loss:0.74196, patience : 0
2026-09-14 10:25:31,235 P2620007 INFO pr:0.8865  rc:0.9464  auc:0.9989 ap:0.9850 f1: 0.9155 pred_right: 1059376 pred_wrong:36824 actu_right: 1061709 actu_wrong: 34491
2026-09-14 10:25:38,196 P2620007 INFO pr:0.8886  rc:0.9446  auc:0.9987 ap:0.9850 f1: 0.9158 pred_right: 454059 pred_wrong:15741 actu_right: 454992 actu_wrong: 14808
2026-09-14 10:25:38,202 P2620007 INFO ----------------------------------------------------------------------------------------------------
2026-09-14 10:25:38,203 P2620007 INFO 29/50 starting... lr: 0.001 para:0.03333333507180214
2026-09-14 10:26:10,772 P2620007 INFO Epoch 29/50, all_loss:0.70949 cls_loss:0.69375 rec_loss:1.16605 [32.56s]; best loss:0.70949, patience : 0
2026-09-14 10:26:27,945 P2620007 INFO pr:0.9025  rc:0.9284  auc:0.9989 ap:0.9853 f1: 0.9153 pred_right: 1060725 pred_wrong:35475 actu_right: 1061713 actu_wrong: 34487
2026-09-14 10:26:35,386 P2620007 INFO pr:0.9031  rc:0.9256  auc:0.9986 ap:0.9853 f1: 0.9142 pred_right: 454624 pred_wrong:15176 actu_right: 454992 actu_wrong: 14808
2026-09-14 10:26:35,388 P2620007 INFO ----------------------------------------------------------------------------------------------------
2026-09-14 10:26:35,388 P2620007 INFO 30/50 starting... lr: 0.001 para:0.032258063554763794
2026-09-14 10:27:07,357 P2620007 INFO Epoch 30/50, all_loss:0.70952 cls_loss:0.69385 rec_loss:1.17976 [31.97s]; best loss:0.70949, patience : 1
2026-09-14 10:27:38,144 P2620007 INFO pr:0.9063  rc:0.9326  auc:0.9989 ap:0.9868 f1: 0.9193 pred_right: 1060709 pred_wrong:35491 actu_right: 1061708 actu_wrong: 34492
2026-09-14 10:27:45,446 P2620007 INFO pr:0.9081  rc:0.9304  auc:0.9986 ap:0.9860 f1: 0.9191 pred_right: 454627 pred_wrong:15173 actu_right: 454992 actu_wrong: 14808
2026-09-14 10:27:45,452 P2620007 INFO ----------------------------------------------------------------------------------------------------
2026-09-14 10:27:45,452 P2620007 INFO 31/50 starting... lr: 0.001 para:0.03125
2026-09-14 10:28:18,565 P2620007 INFO Epoch 31/50, all_loss:0.67519 cls_loss:0.65797 rec_loss:1.20899 [33.11s]; best loss:0.67519, patience : 0
2026-09-14 10:28:36,016 P2620007 INFO pr:0.9270  rc:0.8692  auc:0.9987 ap:0.9853 f1: 0.8971 pred_right: 1063862 pred_wrong:32338 actu_right: 1061712 actu_wrong: 34488
2026-09-14 10:28:43,232 P2620007 INFO pr:0.9305  rc:0.8645  auc:0.9985 ap:0.9851 f1: 0.8963 pred_right: 456042 pred_wrong:13758 actu_right: 454992 actu_wrong: 14808
2026-09-14 10:28:43,233 P2620007 INFO ----------------------------------------------------------------------------------------------------
2026-09-14 10:28:43,233 P2620007 INFO 32/50 starting... lr: 0.001 para:0.03030303120613098
2026-09-14 10:29:16,787 P2620007 INFO Epoch 32/50, all_loss:0.65127 cls_loss:0.63280 rec_loss:1.24218 [33.55s]; best loss:0.65127, patience : 0
2026-09-14 10:29:46,177 P2620007 INFO pr:0.9077  rc:0.9404  auc:0.9990 ap:0.9869 f1: 0.9237 pred_right: 1060466 pred_wrong:35734 actu_right: 1061710 actu_wrong: 34490
2026-09-14 10:29:53,480 P2620007 INFO pr:0.9089  rc:0.9366  auc:0.9988 ap:0.9868 f1: 0.9225 pred_right: 454541 pred_wrong:15259 actu_right: 454992 actu_wrong: 14808
2026-09-14 10:29:53,486 P2620007 INFO ----------------------------------------------------------------------------------------------------
2026-09-14 10:29:53,486 P2620007 INFO 33/50 starting... lr: 0.001 para:0.029411764815449715
2026-09-14 10:30:25,682 P2620007 INFO Epoch 33/50, all_loss:0.65425 cls_loss:0.63604 rec_loss:1.25519 [32.19s]; best loss:0.65127, patience : 1
2026-09-14 10:30:42,427 P2620007 INFO pr:0.9518  rc:0.8266  auc:0.9989 ap:0.9877 f1: 0.8848 pred_right: 1066249 pred_wrong:29951 actu_right: 1061711 actu_wrong: 34489
2026-09-14 10:30:49,171 P2620007 INFO pr:0.9543  rc:0.8210  auc:0.9986 ap:0.9875 f1: 0.8827 pred_right: 457060 pred_wrong:12740 actu_right: 454992 actu_wrong: 14808
2026-09-14 10:30:49,172 P2620007 INFO ----------------------------------------------------------------------------------------------------
2026-09-14 10:30:49,179 P2620007 INFO 34/50 starting... lr: 0.001 para:0.02857142873108387
2026-09-14 10:31:23,679 P2620007 INFO Epoch 34/50, all_loss:0.63504 cls_loss:0.61717 rec_loss:1.24261 [34.49s]; best loss:0.63504, patience : 0
2026-09-14 10:31:47,870 P2620007 INFO pr:0.9215  rc:0.8993  auc:0.9989 ap:0.9863 f1: 0.9102 pred_right: 1062544 pred_wrong:33656 actu_right: 1061713 actu_wrong: 34487
2026-09-14 10:31:58,282 P2620007 INFO pr:0.9238  rc:0.8986  auc:0.9986 ap:0.9864 f1: 0.9110 pred_right: 455396 pred_wrong:14404 actu_right: 454992 actu_wrong: 14808
2026-09-14 10:31:58,283 P2620007 INFO ----------------------------------------------------------------------------------------------------
2026-09-14 10:31:58,283 P2620007 INFO 35/50 starting... lr: 0.001 para:0.02777777798473835
2026-09-14 10:32:30,889 P2620007 INFO Epoch 35/50, all_loss:0.60426 cls_loss:0.58422 rec_loss:1.30589 [32.60s]; best loss:0.60426, patience : 0
2026-09-14 10:32:47,879 P2620007 INFO pr:0.9026  rc:0.9382  auc:0.9990 ap:0.9870 f1: 0.9200 pred_right: 1060349 pred_wrong:35851 actu_right: 1061711 actu_wrong: 34489
2026-09-14 10:32:55,153 P2620007 INFO pr:0.9019  rc:0.9369  auc:0.9988 ap:0.9865 f1: 0.9191 pred_right: 454417 pred_wrong:15383 actu_right: 454992 actu_wrong: 14808
2026-09-14 10:32:55,155 P2620007 INFO ----------------------------------------------------------------------------------------------------
2026-09-14 10:32:55,155 P2620007 INFO 36/50 starting... lr: 0.001 para:0.027027027681469917
2026-09-14 10:33:30,297 P2620007 INFO Epoch 36/50, all_loss:0.61504 cls_loss:0.59563 rec_loss:1.31382 [35.14s]; best loss:0.60426, patience : 1
2026-09-14 10:33:43,089 P2620007 INFO pr:0.9133  rc:0.9434  auc:0.9987 ap:0.9888 f1: 0.9281 pred_right: 1060575 pred_wrong:35625 actu_right: 1061710 actu_wrong: 34490
2026-09-14 10:33:58,354 P2620007 INFO pr:0.9121  rc:0.9383  auc:0.9985 ap:0.9886 f1: 0.9250 pred_right: 454567 pred_wrong:15233 actu_right: 454992 actu_wrong: 14808
2026-09-14 10:33:58,367 P2620007 INFO ----------------------------------------------------------------------------------------------------
2026-09-14 10:33:58,367 P2620007 INFO 37/50 starting... lr: 0.001 para:0.02631578966975212
2026-09-14 10:34:34,875 P2620007 INFO Epoch 37/50, all_loss:0.60057 cls_loss:0.58107 rec_loss:1.32212 [36.50s]; best loss:0.60057, patience : 0
2026-09-14 10:34:51,759 P2620007 INFO pr:0.9149  rc:0.9518  auc:0.9991 ap:0.9900 f1: 0.9330 pred_right: 1060319 pred_wrong:35881 actu_right: 1061711 actu_wrong: 34489
2026-09-14 10:34:58,588 P2620007 INFO pr:0.9152  rc:0.9506  auc:0.9989 ap:0.9895 f1: 0.9325 pred_right: 454419 pred_wrong:15381 actu_right: 454992 actu_wrong: 14808
2026-09-14 10:34:58,593 P2620007 INFO ----------------------------------------------------------------------------------------------------
2026-09-14 10:34:58,593 P2620007 INFO 38/50 starting... lr: 0.001 para:0.025641025975346565
2026-09-14 10:35:32,861 P2620007 INFO Epoch 38/50, all_loss:0.57484 cls_loss:0.55474 rec_loss:1.33858 [34.26s]; best loss:0.57484, patience : 0
2026-09-14 10:35:49,606 P2620007 INFO pr:0.9334  rc:0.9078  auc:0.9991 ap:0.9890 f1: 0.9204 pred_right: 1062656 pred_wrong:33544 actu_right: 1061711 actu_wrong: 34489
2026-09-14 10:35:55,215 P2620007 INFO pr:0.9366  rc:0.9004  auc:0.9989 ap:0.9889 f1: 0.9181 pred_right: 455564 pred_wrong:14236 actu_right: 454992 actu_wrong: 14808
2026-09-14 10:35:55,216 P2620007 INFO ----------------------------------------------------------------------------------------------------
2026-09-14 10:35:55,216 P2620007 INFO 39/50 starting... lr: 0.001 para:0.02500000037252903
2026-09-14 10:36:38,344 P2620007 INFO Epoch 39/50, all_loss:0.55479 cls_loss:0.53387 rec_loss:1.37088 [43.12s]; best loss:0.55479, patience : 0
2026-09-14 10:36:54,876 P2620007 INFO pr:0.9048  rc:0.9612  auc:0.9992 ap:0.9901 f1: 0.9322 pred_right: 1059561 pred_wrong:36639 actu_right: 1061710 actu_wrong: 34490
2026-09-14 10:37:01,968 P2620007 INFO pr:0.9067  rc:0.9573  auc:0.9990 ap:0.9896 f1: 0.9313 pred_right: 454165 pred_wrong:15635 actu_right: 454992 actu_wrong: 14808
2026-09-14 10:37:01,970 P2620007 INFO ----------------------------------------------------------------------------------------------------
2026-09-14 10:37:01,970 P2620007 INFO 40/50 starting... lr: 0.001 para:0.024390242993831635
2026-09-14 10:37:35,303 P2620007 INFO Epoch 40/50, all_loss:0.54255 cls_loss:0.52037 rec_loss:1.42956 [33.33s]; best loss:0.54255, patience : 0
2026-09-14 10:37:51,473 P2620007 INFO pr:0.9240  rc:0.9344  auc:0.9992 ap:0.9893 f1: 0.9292 pred_right: 1061318 pred_wrong:34882 actu_right: 1061705 actu_wrong: 34495
2026-09-14 10:37:58,663 P2620007 INFO pr:0.9246  rc:0.9271  auc:0.9990 ap:0.9887 f1: 0.9259 pred_right: 454951 pred_wrong:14849 actu_right: 454992 actu_wrong: 14808
2026-09-14 10:37:58,664 P2620007 INFO ----------------------------------------------------------------------------------------------------
2026-09-14 10:37:58,664 P2620007 INFO 41/50 starting... lr: 0.001 para:0.02380952425301075
2026-09-14 10:38:38,417 P2620007 INFO Epoch 41/50, all_loss:0.54287 cls_loss:0.52064 rec_loss:1.45461 [39.75s]; best loss:0.54255, patience : 1
2026-09-14 10:38:54,051 P2620007 INFO pr:0.9315  rc:0.9243  auc:0.9992 ap:0.9905 f1: 0.9279 pred_right: 1061985 pred_wrong:34215 actu_right: 1061716 actu_wrong: 34484
2026-09-14 10:39:00,363 P2620007 INFO pr:0.9328  rc:0.9197  auc:0.9988 ap:0.9900 f1: 0.9262 pred_right: 455200 pred_wrong:14600 actu_right: 454992 actu_wrong: 14808
2026-09-14 10:39:00,364 P2620007 INFO ----------------------------------------------------------------------------------------------------
2026-09-14 10:39:00,364 P2620007 INFO 42/50 starting... lr: 0.001 para:0.023255813866853714
2026-09-14 10:39:31,043 P2620007 INFO Epoch 42/50, all_loss:0.53665 cls_loss:0.51502 rec_loss:1.44516 [30.67s]; best loss:0.53665, patience : 0
2026-09-14 10:39:46,906 P2620007 INFO pr:0.9067  rc:0.9628  auc:0.9993 ap:0.9907 f1: 0.9339 pred_right: 1059574 pred_wrong:36626 actu_right: 1061709 actu_wrong: 34491
2026-09-14 10:39:54,054 P2620007 INFO pr:0.9075  rc:0.9609  auc:0.9990 ap:0.9903 f1: 0.9334 pred_right: 454120 pred_wrong:15680 actu_right: 454992 actu_wrong: 14808
2026-09-14 10:39:54,061 P2620007 INFO ----------------------------------------------------------------------------------------------------
2026-09-14 10:39:54,061 P2620007 INFO 43/50 starting... lr: 0.001 para:0.022727273404598236
2026-09-14 10:40:31,261 P2620007 INFO Epoch 43/50, all_loss:0.51837 cls_loss:0.49650 rec_loss:1.45871 [37.19s]; best loss:0.51837, patience : 0
2026-09-14 10:40:50,145 P2620007 INFO pr:0.9389  rc:0.9288  auc:0.9994 ap:0.9920 f1: 0.9338 pred_right: 1062079 pred_wrong:34121 actu_right: 1061708 actu_wrong: 34492
2026-09-14 10:40:57,092 P2620007 INFO pr:0.9380  rc:0.9246  auc:0.9990 ap:0.9914 f1: 0.9313 pred_right: 455203 pred_wrong:14597 actu_right: 454992 actu_wrong: 14808
2026-09-14 10:40:57,093 P2620007 INFO ----------------------------------------------------------------------------------------------------
2026-09-14 10:40:57,093 P2620007 INFO 44/50 starting... lr: 0.001 para:0.02222222276031971
2026-09-14 10:41:27,223 P2620007 INFO Epoch 44/50, all_loss:0.52841 cls_loss:0.50730 rec_loss:1.45731 [30.13s]; best loss:0.51837, patience : 1
2026-09-14 10:41:42,808 P2620007 INFO pr:0.9306  rc:0.9342  auc:0.9993 ap:0.9903 f1: 0.9324 pred_right: 1061580 pred_wrong:34620 actu_right: 1061714 actu_wrong: 34486
2026-09-14 10:41:49,674 P2620007 INFO pr:0.9310  rc:0.9273  auc:0.9990 ap:0.9901 f1: 0.9291 pred_right: 455051 pred_wrong:14749 actu_right: 454992 actu_wrong: 14808
2026-09-14 10:41:49,675 P2620007 INFO ----------------------------------------------------------------------------------------------------
2026-09-14 10:41:49,675 P2620007 INFO 45/50 starting... lr: 0.001 para:0.021739130839705467
2026-09-14 10:42:20,622 P2620007 INFO Epoch 45/50, all_loss:0.50322 cls_loss:0.48126 rec_loss:1.49170 [30.94s]; best loss:0.50322, patience : 0
2026-09-14 10:42:48,665 P2620007 INFO pr:0.9259  rc:0.9580  auc:0.9994 ap:0.9922 f1: 0.9417 pred_right: 1060522 pred_wrong:35678 actu_right: 1061714 actu_wrong: 34486
2026-09-14 10:42:56,002 P2620007 INFO pr:0.9254  rc:0.9542  auc:0.9991 ap:0.9914 f1: 0.9396 pred_right: 454531 pred_wrong:15269 actu_right: 454992 actu_wrong: 14808
2026-09-14 10:42:56,008 P2620007 INFO ----------------------------------------------------------------------------------------------------
2026-09-14 10:42:56,008 P2620007 INFO 46/50 starting... lr: 0.001 para:0.021276595070958138
2026-09-14 10:43:25,821 P2620007 INFO Epoch 46/50, all_loss:0.50573 cls_loss:0.48415 rec_loss:1.49872 [29.81s]; best loss:0.50322, patience : 1
2026-09-14 10:43:41,840 P2620007 INFO pr:0.9309  rc:0.9515  auc:0.9993 ap:0.9915 f1: 0.9411 pred_right: 1060952 pred_wrong:35248 actu_right: 1061713 actu_wrong: 34487
2026-09-14 10:43:48,596 P2620007 INFO pr:0.9285  rc:0.9486  auc:0.9991 ap:0.9908 f1: 0.9385 pred_right: 454672 pred_wrong:15128 actu_right: 454992 actu_wrong: 14808
2026-09-14 10:43:48,597 P2620007 INFO ----------------------------------------------------------------------------------------------------
2026-09-14 10:43:48,597 P2620007 INFO 47/50 starting... lr: 0.001 para:0.02083333395421505
2026-09-14 10:44:21,569 P2620007 INFO Epoch 47/50, all_loss:0.48905 cls_loss:0.46704 rec_loss:1.52388 [32.97s]; best loss:0.48905, patience : 0
2026-09-14 10:44:35,480 P2620007 INFO pr:0.9465  rc:0.9142  auc:0.9994 ap:0.9925 f1: 0.9301 pred_right: 1062887 pred_wrong:33313 actu_right: 1061708 actu_wrong: 34492
2026-09-14 10:44:53,856 P2620007 INFO pr:0.9455  rc:0.9099  auc:0.9991 ap:0.9919 f1: 0.9274 pred_right: 455549 pred_wrong:14251 actu_right: 454992 actu_wrong: 14808
2026-09-14 10:44:53,857 P2620007 INFO ----------------------------------------------------------------------------------------------------
2026-09-14 10:44:53,858 P2620007 INFO 48/50 starting... lr: 0.001 para:0.020408162847161293
2026-09-14 10:45:24,717 P2620007 INFO Epoch 48/50, all_loss:0.47975 cls_loss:0.45786 rec_loss:1.53046 [30.85s]; best loss:0.47975, patience : 0
2026-09-14 10:45:41,388 P2620007 INFO pr:0.9180  rc:0.9626  auc:0.9993 ap:0.9912 f1: 0.9398 pred_right: 1060044 pred_wrong:36156 actu_right: 1061717 actu_wrong: 34483
2026-09-14 10:45:48,317 P2620007 INFO pr:0.9187  rc:0.9610  auc:0.9990 ap:0.9909 f1: 0.9394 pred_right: 454311 pred_wrong:15489 actu_right: 454992 actu_wrong: 14808
2026-09-14 10:45:48,318 P2620007 INFO ----------------------------------------------------------------------------------------------------
2026-09-14 10:45:48,318 P2620007 INFO 49/50 starting... lr: 0.001 para:0.019999999552965164
2026-09-14 10:46:19,497 P2620007 INFO Epoch 49/50, all_loss:0.47936 cls_loss:0.45785 rec_loss:1.53323 [31.17s]; best loss:0.47936, patience : 0
2026-09-14 10:46:34,561 P2620007 INFO pr:0.9392  rc:0.9462  auc:0.9994 ap:0.9927 f1: 0.9427 pred_right: 1061457 pred_wrong:34743 actu_right: 1061715 actu_wrong: 34485
2026-09-14 10:46:40,391 P2620007 INFO pr:0.9373  rc:0.9421  auc:0.9991 ap:0.9914 f1: 0.9397 pred_right: 454917 pred_wrong:14883 actu_right: 454992 actu_wrong: 14808
2026-09-14 10:46:40,398 P2620007 INFO saving model...
2026-09-14 10:46:40,398 P2620007 INFO FITS_Legendre - loss  best score:0.4793575704097748 at epoch 49
2026-09-14 10:46:40,407 P2620007 INFO FITS_Legendre - f1  best score:0.9427110417750043 at epoch 49
2026-09-14 10:46:40,416 P2620007 INFO Average training time per epoch: 35.18 seconds
2026-09-14 10:46:40,418 P2620007 INFO calculate scores...
2026-09-14 10:46:40,418 P2620007 INFO calculate label with loss...
2026-09-14 10:46:40,418 P2620007 INFO FITS_Legendre on ./result/server_only_exps/Ablations_updatedFreDF/FITS_Legendre-TT-Epochs50-Seed2-ExpNameRQ2z5_basis_degree_comparison-LPFLPF-Attnlinear_attn-NormLinTrue-RecLambda1.0-AuxiLambda0.2-lowshow-simplegraph-Degree9-BasisTypechebyshev loading...
2026-09-14 10:47:00,340 P2620007 INFO pr:0.9373  rc:0.9421  auc:0.9991 ap:0.9914 f1: 0.9397 pred_right: 454917 pred_wrong:14883 actu_right: 454992 actu_wrong: 14808
2026-09-14 10:47:11,620 P2620007 INFO pr:0.9373  rc:0.9421  auc:0.9991 ap:0.9914 f1: 0.9397 pred_right: 454917 pred_wrong:14883 actu_right: 454992 actu_wrong: 14808
2026-09-14 10:47:11,621 P2620007 INFO Performance Summary:
{'GPU': {'inference_time_per_sample_ms': 1.0922962560993112, 'throughput_samples_per_sec': 915.5025428459221, 'peak_memory_mb': 87.591796875, 'energy_per_sample_joules': 0.05267926383915758}, 'CPU': {'inference_time_per_sample_ms': 0.6044108613076632, 'throughput_samples_per_sec': 1654.5036894877542, 'peak_memory_mb': 5446.9609375, 'energy_per_sample_joules': 0.0392867059849981}}
2026-09-14 10:47:11,621 P2620007 INFO Starting clean-room hardware benchmarking...
2026-09-14 10:47:12,705 P2620007 INFO Performance with loss: pr:0.9373  rc:0.9421  auc:0.9991 ap:0.9914 f1: 0.9397 pred_right: 454917 pred_wrong:14883 actu_right: 454992 actu_wrong: 14808
2026-09-14 10:47:12,705 P2620007 INFO calculate label with f1...
2026-09-14 10:47:12,705 P2620007 INFO FITS_Legendre on ./result/server_only_exps/Ablations_updatedFreDF/FITS_Legendre-TT-Epochs50-Seed2-ExpNameRQ2z5_basis_degree_comparison-LPFLPF-Attnlinear_attn-NormLinTrue-RecLambda1.0-AuxiLambda0.2-lowshow-simplegraph-Degree9-BasisTypechebyshev loading...
2026-09-14 10:47:18,950 P2620007 INFO pr:0.9373  rc:0.9421  auc:0.9991 ap:0.9914 f1: 0.9397 pred_right: 454917 pred_wrong:14883 actu_right: 454992 actu_wrong: 14808
2026-09-14 10:47:29,743 P2620007 INFO pr:0.9373  rc:0.9421  auc:0.9991 ap:0.9914 f1: 0.9397 pred_right: 454917 pred_wrong:14883 actu_right: 454992 actu_wrong: 14808
2026-09-14 10:47:29,743 P2620007 INFO Performance Summary:
{'GPU': {'inference_time_per_sample_ms': 0.3169853201689868, 'throughput_samples_per_sec': 3154.7202232169425, 'peak_memory_mb': 87.087890625, 'energy_per_sample_joules': 0.01604040815651124}, 'CPU': {'inference_time_per_sample_ms': 0.5751504690036708, 'throughput_samples_per_sec': 1738.675449108636, 'peak_memory_mb': 5405.66015625, 'energy_per_sample_joules': 0.0373847804852386}}
2026-09-14 10:47:29,743 P2620007 INFO Starting clean-room hardware benchmarking...
2026-09-14 10:47:30,808 P2620007 INFO Performance with f1: pr:0.9373  rc:0.9421  auc:0.9991 ap:0.9914 f1: 0.9397 pred_right: 454917 pred_wrong:14883 actu_right: 454992 actu_wrong: 14808
2026-09-14 10:47:30,809 P2620007 INFO Collecting case-study samples...
