2026-07-27 15:18:11,810 P3004590 INFO ---- Model: ----MSTGAD-d1a0bbe9----random_seed : 3----req_loss_approach : Legendre-style----rec_lambda : 1.0----auxi_lambda : 0.2----Freq Domain : FITS_Legendre----Multi Fits : false----train : True----evaluate : False
2026-07-27 15:18:11,810 P3004590 INFO Load from /home/db2003/Desktop/Amr/Tests/Eadro/codes/chunks/TT
2026-07-27 15:18:28,635 P3004590 INFO Fewshot: training with 1.0 of the 70% of the data
2026-07-27 15:18:28,754 P3004590 INFO Trainable Parameters Breakdown:
2026-07-27 15:18:28,754 P3004590 INFO --------------------------------------------------------------------------------
2026-07-27 15:18:28,754 P3004590 INFO Reconstruction-Specific Parameters:
2026-07-27 15:18:28,754 P3004590 INFO node_emb.linear.weight                   | shape: (8, 7)                    | params: 56
2026-07-27 15:18:28,754 P3004590 INFO node_emb.linear.bias                     | shape: (8,)                      | params: 8
2026-07-27 15:18:28,754 P3004590 INFO log_emb.linear.weight                    | shape: (32, 60)                  | params: 1,920
2026-07-27 15:18:28,754 P3004590 INFO log_emb.linear.bias                      | shape: (32,)                     | params: 32
2026-07-27 15:18:28,755 P3004590 INFO egde_emb.linear.weight                   | shape: (8, 2)                    | params: 16
2026-07-27 15:18:28,755 P3004590 INFO egde_emb.linear.bias                     | shape: (8,)                      | params: 8
2026-07-27 15:18:28,755 P3004590 INFO dense_node.weight                        | shape: (7, 8)                    | params: 56
2026-07-27 15:18:28,755 P3004590 INFO dense_node.bias                          | shape: (7,)                      | params: 7
2026-07-27 15:18:28,755 P3004590 INFO dense_log.weight                         | shape: (60, 32)                  | params: 1,920
2026-07-27 15:18:28,755 P3004590 INFO dense_log.bias                           | shape: (60,)                     | params: 60
2026-07-27 15:18:28,755 P3004590 INFO dense_edge.weight                        | shape: (2, 8)                    | params: 16
2026-07-27 15:18:28,755 P3004590 INFO dense_edge.bias                          | shape: (2,)                      | params: 2
2026-07-27 15:18:28,755 P3004590 INFO linear_attn.Wq.weight                    | shape: (10, 10)                  | params: 100
2026-07-27 15:18:28,755 P3004590 INFO linear_attn.Wk.weight                    | shape: (10, 10)                  | params: 100
2026-07-27 15:18:28,755 P3004590 INFO linear_attn.Wv.weight                    | shape: (10, 10)                  | params: 100
2026-07-27 15:18:28,755 P3004590 INFO linear_attn.out.weight                   | shape: (10, 10)                  | params: 100
2026-07-27 15:18:28,755 P3004590 INFO linear_attn.out.bias                     | shape: (10,)                     | params: 10
2026-07-27 15:18:28,756 P3004590 INFO linear_attn.norm.weight                  | shape: (10,)                     | params: 10
2026-07-27 15:18:28,756 P3004590 INFO linear_attn.norm.bias                    | shape: (10,)                     | params: 10
2026-07-27 15:18:28,756 P3004590 INFO shared_fits.freq_upsampler.weight        | shape: (5, 5)                    | params: 25
2026-07-27 15:18:28,756 P3004590 INFO shared_fits.freq_upsampler.bias          | shape: (5,)                      | params: 5
2026-07-27 15:18:28,756 P3004590 INFO modality_proj.node.weight                | shape: (10, 8)                   | params: 80
2026-07-27 15:18:28,756 P3004590 INFO modality_proj.node.bias                  | shape: (10,)                     | params: 10
2026-07-27 15:18:28,756 P3004590 INFO modality_proj.log.weight                 | shape: (10, 32)                  | params: 320
2026-07-27 15:18:28,756 P3004590 INFO modality_proj.log.bias                   | shape: (10,)                     | params: 10
2026-07-27 15:18:28,756 P3004590 INFO modality_proj.edge.weight                | shape: (10, 8)                   | params: 80
2026-07-27 15:18:28,756 P3004590 INFO modality_proj.edge.bias                  | shape: (10,)                     | params: 10
2026-07-27 15:18:28,756 P3004590 INFO modality_proj_out.node.weight            | shape: (8, 10)                   | params: 80
2026-07-27 15:18:28,756 P3004590 INFO modality_proj_out.node.bias              | shape: (8,)                      | params: 8
2026-07-27 15:18:28,756 P3004590 INFO modality_proj_out.log.weight             | shape: (32, 10)                  | params: 320
2026-07-27 15:18:28,757 P3004590 INFO modality_proj_out.log.bias               | shape: (32,)                     | params: 32
2026-07-27 15:18:28,757 P3004590 INFO modality_proj_out.edge.weight            | shape: (8, 10)                   | params: 80
2026-07-27 15:18:28,757 P3004590 INFO modality_proj_out.edge.bias              | shape: (8,)                      | params: 8
2026-07-27 15:18:28,757 P3004590 INFO Subtotal: 5,599
2026-07-27 15:18:28,757 P3004590 INFO --------------------------------------------------------------------------------
2026-07-27 15:18:28,757 P3004590 INFO Common Parameters:
2026-07-27 15:18:28,757 P3004590 INFO show.0.weight                            | shape: (128, 69)                 | params: 8,832
2026-07-27 15:18:28,757 P3004590 INFO show.0.bias                              | shape: (128,)                    | params: 128
2026-07-27 15:18:28,757 P3004590 INFO show.2.weight                            | shape: (2, 128)                  | params: 256
2026-07-27 15:18:28,757 P3004590 INFO show.2.bias                              | shape: (2,)                      | params: 2
2026-07-27 15:18:28,757 P3004590 INFO Subtotal: 9,218
2026-07-27 15:18:28,757 P3004590 INFO --------------------------------------------------------------------------------
2026-07-27 15:18:28,757 P3004590 INFO Total Trainable Parameters: 14,817

2026-07-27 15:18:28,758 P3004590 INFO Trainable Parameters: 14817, reconstruction: 5599, common: 9218
2026-07-27 15:18:28,758 P3004590 INFO model : init weight
2026-07-27 15:18:28,759 P3004590 INFO Using GPU...
2026-07-27 15:18:28,767 P3004590 INFO optimizer : using AdaBelief
2026-07-27 15:18:28,767 P3004590 INFO ----------------------------------------------------------------------------------------------------
2026-07-27 15:18:28,767 P3004590 INFO 0/50 starting... lr: 0.001 para:1.0
2026-07-27 15:18:59,257 P3004590 INFO Epoch 0/50, all_loss:0.08917 cls_loss:27.10865 rec_loss:0.08917 [30.48s]; best loss:0.08917, patience : 0
2026-07-27 15:18:59,257 P3004590 INFO ----------------------------------------------------------------------------------------------------
2026-07-27 15:18:59,257 P3004590 INFO 1/50 starting... lr: 0.001 para:0.5
2026-07-27 15:19:31,475 P3004590 INFO Epoch 1/50, all_loss:2.16933 cls_loss:4.08697 rec_loss:0.25169 [32.21s]; best loss:2.16933, patience : 0
2026-07-27 15:19:31,475 P3004590 INFO ----------------------------------------------------------------------------------------------------
2026-07-27 15:19:31,476 P3004590 INFO 2/50 starting... lr: 0.001 para:0.3333333432674408
2026-07-27 15:20:02,151 P3004590 INFO Epoch 2/50, all_loss:1.50282 cls_loss:2.11445 rec_loss:0.27956 [30.66s]; best loss:1.50282, patience : 0
2026-07-27 15:20:31,718 P3004590 INFO pr:0.8867  rc:0.5063  auc:0.9896 ap:0.9028 f1: 0.6446 pred_right: 1076506 pred_wrong:19694 actu_right: 1061708 actu_wrong: 34492
2026-07-27 15:20:38,784 P3004590 INFO pr:0.8843  rc:0.5068  auc:0.9897 ap:0.9024 f1: 0.6443 pred_right: 461314 pred_wrong:8486 actu_right: 454992 actu_wrong: 14808
2026-07-27 15:20:38,790 P3004590 INFO ----------------------------------------------------------------------------------------------------
2026-07-27 15:20:38,791 P3004590 INFO 3/50 starting... lr: 0.001 para:0.25
2026-07-27 15:21:08,766 P3004590 INFO Epoch 3/50, all_loss:1.50899 cls_loss:1.91939 rec_loss:0.27778 [29.97s]; best loss:1.50282, patience : 1
2026-07-27 15:21:25,603 P3004590 INFO pr:0.8838  rc:0.5613  auc:0.9910 ap:0.9144 f1: 0.6866 pred_right: 1074296 pred_wrong:21904 actu_right: 1061713 actu_wrong: 34487
2026-07-27 15:21:32,675 P3004590 INFO pr:0.8834  rc:0.5602  auc:0.9912 ap:0.9146 f1: 0.6856 pred_right: 460410 pred_wrong:9390 actu_right: 454992 actu_wrong: 14808
2026-07-27 15:21:32,683 P3004590 INFO ----------------------------------------------------------------------------------------------------
2026-07-27 15:21:32,683 P3004590 INFO 4/50 starting... lr: 0.001 para:0.20000000298023224
2026-07-27 15:22:05,580 P3004590 INFO Epoch 4/50, all_loss:1.46704 cls_loss:1.75635 rec_loss:0.30979 [32.89s]; best loss:1.46704, patience : 0
2026-07-27 15:22:22,244 P3004590 INFO pr:0.9369  rc:0.5058  auc:0.9931 ap:0.9295 f1: 0.6570 pred_right: 1077581 pred_wrong:18619 actu_right: 1061714 actu_wrong: 34486
2026-07-27 15:22:27,966 P3004590 INFO pr:0.9345  rc:0.5075  auc:0.9933 ap:0.9308 f1: 0.6578 pred_right: 461758 pred_wrong:8042 actu_right: 454992 actu_wrong: 14808
2026-07-27 15:22:27,967 P3004590 INFO ----------------------------------------------------------------------------------------------------
2026-07-27 15:22:27,967 P3004590 INFO 5/50 starting... lr: 0.001 para:0.1666666716337204
2026-07-27 15:23:11,758 P3004590 INFO Epoch 5/50, all_loss:1.36259 cls_loss:1.56477 rec_loss:0.35171 [43.78s]; best loss:1.36259, patience : 0
2026-07-27 15:23:27,985 P3004590 INFO pr:0.8935  rc:0.6342  auc:0.9950 ap:0.9467 f1: 0.7419 pred_right: 1071717 pred_wrong:24483 actu_right: 1061708 actu_wrong: 34492
2026-07-27 15:23:34,518 P3004590 INFO pr:0.8959  rc:0.6337  auc:0.9952 ap:0.9478 f1: 0.7423 pred_right: 459326 pred_wrong:10474 actu_right: 454992 actu_wrong: 14808
2026-07-27 15:23:34,525 P3004590 INFO ----------------------------------------------------------------------------------------------------
2026-07-27 15:23:34,525 P3004590 INFO 6/50 starting... lr: 0.001 para:0.1428571492433548
2026-07-27 15:24:07,012 P3004590 INFO Epoch 6/50, all_loss:1.22543 cls_loss:1.35795 rec_loss:0.43032 [32.48s]; best loss:1.22543, patience : 0
2026-07-27 15:24:24,142 P3004590 INFO pr:0.8652  rc:0.7692  auc:0.9966 ap:0.9594 f1: 0.8144 pred_right: 1065537 pred_wrong:30663 actu_right: 1061710 actu_wrong: 34490
2026-07-27 15:24:31,037 P3004590 INFO pr:0.8685  rc:0.7656  auc:0.9967 ap:0.9600 f1: 0.8138 pred_right: 456746 pred_wrong:13054 actu_right: 454992 actu_wrong: 14808
2026-07-27 15:24:31,044 P3004590 INFO ----------------------------------------------------------------------------------------------------
2026-07-27 15:24:31,044 P3004590 INFO 7/50 starting... lr: 0.001 para:0.125
2026-07-27 15:25:02,756 P3004590 INFO Epoch 7/50, all_loss:1.07865 cls_loss:1.15628 rec_loss:0.53521 [31.69s]; best loss:1.07865, patience : 0
2026-07-27 15:25:32,549 P3004590 INFO pr:0.8933  rc:0.7980  auc:0.9973 ap:0.9708 f1: 0.8430 pred_right: 1065388 pred_wrong:30812 actu_right: 1061711 actu_wrong: 34489
2026-07-27 15:25:39,748 P3004590 INFO pr:0.8963  rc:0.7986  auc:0.9976 ap:0.9714 f1: 0.8447 pred_right: 456606 pred_wrong:13194 actu_right: 454992 actu_wrong: 14808
2026-07-27 15:25:39,754 P3004590 INFO ----------------------------------------------------------------------------------------------------
2026-07-27 15:25:39,754 P3004590 INFO 8/50 starting... lr: 0.001 para:0.1111111119389534
2026-07-27 15:26:10,158 P3004590 INFO Epoch 8/50, all_loss:0.95432 cls_loss:0.99572 rec_loss:0.62312 [30.39s]; best loss:0.95432, patience : 0
2026-07-27 15:26:26,539 P3004590 INFO pr:0.8738  rc:0.9024  auc:0.9980 ap:0.9768 f1: 0.8878 pred_right: 1060580 pred_wrong:35620 actu_right: 1061709 actu_wrong: 34491
2026-07-27 15:26:33,750 P3004590 INFO pr:0.8757  rc:0.9042  auc:0.9980 ap:0.9769 f1: 0.8898 pred_right: 454510 pred_wrong:15290 actu_right: 454992 actu_wrong: 14808
2026-07-27 15:26:33,759 P3004590 INFO ----------------------------------------------------------------------------------------------------
2026-07-27 15:26:33,759 P3004590 INFO 9/50 starting... lr: 0.001 para:0.10000000149011612
2026-07-27 15:27:06,537 P3004590 INFO Epoch 9/50, all_loss:0.87500 cls_loss:0.89823 rec_loss:0.66594 [32.77s]; best loss:0.87500, patience : 0
2026-07-27 15:27:22,362 P3004590 INFO pr:0.8839  rc:0.8903  auc:0.9984 ap:0.9772 f1: 0.8871 pred_right: 1061458 pred_wrong:34742 actu_right: 1061706 actu_wrong: 34494
2026-07-27 15:27:28,042 P3004590 INFO pr:0.8881  rc:0.8930  auc:0.9985 ap:0.9778 f1: 0.8905 pred_right: 454911 pred_wrong:14889 actu_right: 454992 actu_wrong: 14808
2026-07-27 15:27:28,044 P3004590 INFO ----------------------------------------------------------------------------------------------------
2026-07-27 15:27:28,044 P3004590 INFO 10/50 starting... lr: 0.001 para:0.09090909361839294
2026-07-27 15:28:13,434 P3004590 INFO Epoch 10/50, all_loss:0.79814 cls_loss:0.80870 rec_loss:0.69250 [45.38s]; best loss:0.79814, patience : 0
2026-07-27 15:28:29,830 P3004590 INFO pr:0.8736  rc:0.9437  auc:0.9985 ap:0.9814 f1: 0.9073 pred_right: 1058940 pred_wrong:37260 actu_right: 1061707 actu_wrong: 34493
2026-07-27 15:28:36,516 P3004590 INFO pr:0.8746  rc:0.9432  auc:0.9984 ap:0.9813 f1: 0.9076 pred_right: 453830 pred_wrong:15970 actu_right: 454992 actu_wrong: 14808
2026-07-27 15:28:36,524 P3004590 INFO ----------------------------------------------------------------------------------------------------
2026-07-27 15:28:36,524 P3004590 INFO 11/50 starting... lr: 0.001 para:0.0833333358168602
2026-07-27 15:29:08,367 P3004590 INFO Epoch 11/50, all_loss:0.78169 cls_loss:0.78768 rec_loss:0.71581 [31.84s]; best loss:0.78169, patience : 0
2026-07-27 15:29:25,087 P3004590 INFO pr:0.8850  rc:0.9401  auc:0.9988 ap:0.9831 f1: 0.9117 pred_right: 1059565 pred_wrong:36635 actu_right: 1061713 actu_wrong: 34487
2026-07-27 15:29:32,006 P3004590 INFO pr:0.8868  rc:0.9415  auc:0.9988 ap:0.9826 f1: 0.9133 pred_right: 454079 pred_wrong:15721 actu_right: 454992 actu_wrong: 14808
2026-07-27 15:29:32,013 P3004590 INFO ----------------------------------------------------------------------------------------------------
2026-07-27 15:29:32,013 P3004590 INFO 12/50 starting... lr: 0.001 para:0.07692307978868484
2026-07-27 15:30:05,811 P3004590 INFO Epoch 12/50, all_loss:0.73657 cls_loss:0.73685 rec_loss:0.73321 [33.79s]; best loss:0.73657, patience : 0
2026-07-27 15:30:32,537 P3004590 INFO pr:0.8892  rc:0.9145  auc:0.9983 ap:0.9810 f1: 0.9017 pred_right: 1060721 pred_wrong:35479 actu_right: 1061705 actu_wrong: 34495
2026-07-27 15:30:39,653 P3004590 INFO pr:0.8931  rc:0.9165  auc:0.9984 ap:0.9810 f1: 0.9046 pred_right: 454604 pred_wrong:15196 actu_right: 454992 actu_wrong: 14808
2026-07-27 15:30:39,655 P3004590 INFO ----------------------------------------------------------------------------------------------------
2026-07-27 15:30:39,655 P3004590 INFO 13/50 starting... lr: 0.001 para:0.0714285746216774
2026-07-27 15:31:09,211 P3004590 INFO Epoch 13/50, all_loss:0.69976 cls_loss:0.69501 rec_loss:0.76159 [29.55s]; best loss:0.69976, patience : 0
2026-07-27 15:31:24,640 P3004590 INFO pr:0.8966  rc:0.9446  auc:0.9987 ap:0.9859 f1: 0.9200 pred_right: 1059861 pred_wrong:36339 actu_right: 1061711 actu_wrong: 34489
2026-07-27 15:31:31,646 P3004590 INFO pr:0.9000  rc:0.9453  auc:0.9988 ap:0.9860 f1: 0.9221 pred_right: 454247 pred_wrong:15553 actu_right: 454992 actu_wrong: 14808
2026-07-27 15:31:31,653 P3004590 INFO ----------------------------------------------------------------------------------------------------
2026-07-27 15:31:31,653 P3004590 INFO 14/50 starting... lr: 0.001 para:0.06666667014360428
2026-07-27 15:32:02,504 P3004590 INFO Epoch 14/50, all_loss:0.67045 cls_loss:0.66274 rec_loss:0.77838 [30.84s]; best loss:0.67045, patience : 0
2026-07-27 15:32:18,846 P3004590 INFO pr:0.8778  rc:0.9672  auc:0.9991 ap:0.9850 f1: 0.9203 pred_right: 1058197 pred_wrong:38003 actu_right: 1061710 actu_wrong: 34490
2026-07-27 15:32:24,499 P3004590 INFO pr:0.8805  rc:0.9689  auc:0.9991 ap:0.9850 f1: 0.9225 pred_right: 453505 pred_wrong:16295 actu_right: 454992 actu_wrong: 14808
2026-07-27 15:32:24,504 P3004590 INFO ----------------------------------------------------------------------------------------------------
2026-07-27 15:32:24,505 P3004590 INFO 15/50 starting... lr: 0.001 para:0.0625
2026-07-27 15:33:07,548 P3004590 INFO Epoch 15/50, all_loss:0.64312 cls_loss:0.63248 rec_loss:0.80274 [43.04s]; best loss:0.64312, patience : 0
2026-07-27 15:33:23,263 P3004590 INFO pr:0.8975  rc:0.9600  auc:0.9992 ap:0.9874 f1: 0.9277 pred_right: 1059311 pred_wrong:36889 actu_right: 1061712 actu_wrong: 34488
2026-07-27 15:33:29,752 P3004590 INFO pr:0.8983  rc:0.9594  auc:0.9991 ap:0.9861 f1: 0.9279 pred_right: 453985 pred_wrong:15815 actu_right: 454992 actu_wrong: 14808
2026-07-27 15:33:29,758 P3004590 INFO ----------------------------------------------------------------------------------------------------
2026-07-27 15:33:29,758 P3004590 INFO 16/50 starting... lr: 0.001 para:0.05882352963089943
2026-07-27 15:33:59,408 P3004590 INFO Epoch 16/50, all_loss:0.61584 cls_loss:0.60231 rec_loss:0.83226 [29.64s]; best loss:0.61584, patience : 0
2026-07-27 15:34:15,394 P3004590 INFO pr:0.8848  rc:0.9725  auc:0.9992 ap:0.9874 f1: 0.9266 pred_right: 1058293 pred_wrong:37907 actu_right: 1061710 actu_wrong: 34490
2026-07-27 15:34:22,768 P3004590 INFO pr:0.8859  rc:0.9735  auc:0.9992 ap:0.9861 f1: 0.9276 pred_right: 453529 pred_wrong:16271 actu_right: 454992 actu_wrong: 14808
2026-07-27 15:34:22,770 P3004590 INFO ----------------------------------------------------------------------------------------------------
2026-07-27 15:34:22,770 P3004590 INFO 17/50 starting... lr: 0.001 para:0.0555555559694767
2026-07-27 15:34:51,030 P3004590 INFO Epoch 17/50, all_loss:0.61722 cls_loss:0.60389 rec_loss:0.84389 [28.26s]; best loss:0.61584, patience : 1
2026-07-27 15:35:21,509 P3004590 INFO pr:0.9103  rc:0.9563  auc:0.9993 ap:0.9889 f1: 0.9327 pred_right: 1059975 pred_wrong:36225 actu_right: 1061715 actu_wrong: 34485
2026-07-27 15:35:28,592 P3004590 INFO pr:0.9124  rc:0.9548  auc:0.9992 ap:0.9881 f1: 0.9331 pred_right: 454304 pred_wrong:15496 actu_right: 454992 actu_wrong: 14808
2026-07-27 15:35:28,598 P3004590 INFO ----------------------------------------------------------------------------------------------------
2026-07-27 15:35:28,599 P3004590 INFO 18/50 starting... lr: 0.001 para:0.05263157933950424
2026-07-27 15:35:57,182 P3004590 INFO Epoch 18/50, all_loss:0.58682 cls_loss:0.57162 rec_loss:0.86028 [28.58s]; best loss:0.58682, patience : 0
2026-07-27 15:36:13,887 P3004590 INFO pr:0.9018  rc:0.9583  auc:0.9992 ap:0.9890 f1: 0.9292 pred_right: 1059551 pred_wrong:36649 actu_right: 1061710 actu_wrong: 34490
2026-07-27 15:36:20,527 P3004590 INFO pr:0.9021  rc:0.9566  auc:0.9992 ap:0.9880 f1: 0.9286 pred_right: 454096 pred_wrong:15704 actu_right: 454992 actu_wrong: 14808
2026-07-27 15:36:20,536 P3004590 INFO ----------------------------------------------------------------------------------------------------
2026-07-27 15:36:20,536 P3004590 INFO 19/50 starting... lr: 0.001 para:0.05000000074505806
2026-07-27 15:36:51,454 P3004590 INFO Epoch 19/50, all_loss:0.58417 cls_loss:0.56779 rec_loss:0.89532 [30.91s]; best loss:0.58417, patience : 0
2026-07-27 15:37:09,308 P3004590 INFO pr:0.8924  rc:0.9798  auc:0.9993 ap:0.9905 f1: 0.9341 pred_right: 1058335 pred_wrong:37865 actu_right: 1061712 actu_wrong: 34488
2026-07-27 15:37:14,265 P3004590 INFO pr:0.8955  rc:0.9793  auc:0.9991 ap:0.9896 f1: 0.9356 pred_right: 453606 pred_wrong:16194 actu_right: 454992 actu_wrong: 14808
2026-07-27 15:37:14,271 P3004590 INFO ----------------------------------------------------------------------------------------------------
2026-07-27 15:37:14,271 P3004590 INFO 20/50 starting... lr: 0.001 para:0.0476190485060215
2026-07-27 15:37:56,486 P3004590 INFO Epoch 20/50, all_loss:0.56464 cls_loss:0.54691 rec_loss:0.91916 [42.21s]; best loss:0.56464, patience : 0
2026-07-27 15:38:11,959 P3004590 INFO pr:0.9270  rc:0.9449  auc:0.9993 ap:0.9906 f1: 0.9359 pred_right: 1061043 pred_wrong:35157 actu_right: 1061709 actu_wrong: 34491
2026-07-27 15:38:18,552 P3004590 INFO pr:0.9280  rc:0.9428  auc:0.9992 ap:0.9893 f1: 0.9353 pred_right: 454756 pred_wrong:15044 actu_right: 454992 actu_wrong: 14808
2026-07-27 15:38:18,558 P3004590 INFO ----------------------------------------------------------------------------------------------------
2026-07-27 15:38:18,558 P3004590 INFO 21/50 starting... lr: 0.001 para:0.04545454680919647
2026-07-27 15:38:48,404 P3004590 INFO Epoch 21/50, all_loss:0.52952 cls_loss:0.51113 rec_loss:0.91581 [29.84s]; best loss:0.52952, patience : 0
2026-07-27 15:39:05,136 P3004590 INFO pr:0.9224  rc:0.9507  auc:0.9988 ap:0.9907 f1: 0.9363 pred_right: 1060655 pred_wrong:35545 actu_right: 1061711 actu_wrong: 34489
2026-07-27 15:39:11,668 P3004590 INFO pr:0.9238  rc:0.9497  auc:0.9989 ap:0.9906 f1: 0.9366 pred_right: 454577 pred_wrong:15223 actu_right: 454992 actu_wrong: 14808
2026-07-27 15:39:11,677 P3004590 INFO ----------------------------------------------------------------------------------------------------
2026-07-27 15:39:11,677 P3004590 INFO 22/50 starting... lr: 0.001 para:0.043478261679410934
2026-07-27 15:39:42,368 P3004590 INFO Epoch 22/50, all_loss:0.51406 cls_loss:0.49461 rec_loss:0.94186 [30.69s]; best loss:0.51406, patience : 0
2026-07-27 15:40:09,459 P3004590 INFO pr:0.9395  rc:0.9187  auc:0.9992 ap:0.9911 f1: 0.9290 pred_right: 1062472 pred_wrong:33728 actu_right: 1061708 actu_wrong: 34492
2026-07-27 15:40:16,700 P3004590 INFO pr:0.9398  rc:0.9138  auc:0.9990 ap:0.9907 f1: 0.9266 pred_right: 455403 pred_wrong:14397 actu_right: 454992 actu_wrong: 14808
2026-07-27 15:40:16,701 P3004590 INFO ----------------------------------------------------------------------------------------------------
2026-07-27 15:40:16,701 P3004590 INFO 23/50 starting... lr: 0.001 para:0.0416666679084301
2026-07-27 15:40:44,347 P3004590 INFO Epoch 23/50, all_loss:0.51729 cls_loss:0.49730 rec_loss:0.97703 [27.64s]; best loss:0.51406, patience : 1
2026-07-27 15:40:59,412 P3004590 INFO pr:0.9358  rc:0.9450  auc:0.9992 ap:0.9921 f1: 0.9404 pred_right: 1061369 pred_wrong:34831 actu_right: 1061707 actu_wrong: 34493
2026-07-27 15:41:05,777 P3004590 INFO pr:0.9356  rc:0.9427  auc:0.9992 ap:0.9912 f1: 0.9391 pred_right: 454880 pred_wrong:14920 actu_right: 454992 actu_wrong: 14808
2026-07-27 15:41:05,784 P3004590 INFO ----------------------------------------------------------------------------------------------------
2026-07-27 15:41:05,784 P3004590 INFO 24/50 starting... lr: 0.001 para:0.03999999910593033
2026-07-27 15:41:33,318 P3004590 INFO Epoch 24/50, all_loss:0.51382 cls_loss:0.49423 rec_loss:0.98406 [27.53s]; best loss:0.51382, patience : 0
2026-07-27 15:41:50,986 P3004590 INFO pr:0.9143  rc:0.9762  auc:0.9994 ap:0.9918 f1: 0.9442 pred_right: 1059372 pred_wrong:36828 actu_right: 1061710 actu_wrong: 34490
2026-07-27 15:41:55,432 P3004590 INFO pr:0.9142  rc:0.9708  auc:0.9993 ap:0.9912 f1: 0.9416 pred_right: 454076 pred_wrong:15724 actu_right: 454992 actu_wrong: 14808
2026-07-27 15:41:55,437 P3004590 INFO ----------------------------------------------------------------------------------------------------
2026-07-27 15:41:55,437 P3004590 INFO 25/50 starting... lr: 0.001 para:0.03846153989434242
2026-07-27 15:42:32,898 P3004590 INFO Epoch 25/50, all_loss:0.48704 cls_loss:0.46645 rec_loss:1.00171 [37.45s]; best loss:0.48704, patience : 0
2026-07-27 15:42:47,502 P3004590 INFO pr:0.9214  rc:0.9696  auc:0.9994 ap:0.9925 f1: 0.9449 pred_right: 1059908 pred_wrong:36292 actu_right: 1061713 actu_wrong: 34487
2026-07-27 15:42:53,319 P3004590 INFO pr:0.9236  rc:0.9652  auc:0.9993 ap:0.9923 f1: 0.9439 pred_right: 454326 pred_wrong:15474 actu_right: 454992 actu_wrong: 14808
2026-07-27 15:42:53,325 P3004590 INFO ----------------------------------------------------------------------------------------------------
2026-07-27 15:42:53,326 P3004590 INFO 26/50 starting... lr: 0.001 para:0.03703703731298447
2026-07-27 15:43:20,396 P3004590 INFO Epoch 26/50, all_loss:0.46655 cls_loss:0.44484 rec_loss:1.03125 [27.06s]; best loss:0.46655, patience : 0
2026-07-27 15:43:34,959 P3004590 INFO pr:0.9033  rc:0.9870  auc:0.9995 ap:0.9936 f1: 0.9433 pred_right: 1058520 pred_wrong:37680 actu_right: 1061715 actu_wrong: 34485
2026-07-27 15:43:40,920 P3004590 INFO pr:0.9040  rc:0.9858  auc:0.9994 ap:0.9927 f1: 0.9431 pred_right: 453652 pred_wrong:16148 actu_right: 454992 actu_wrong: 14808
2026-07-27 15:43:40,921 P3004590 INFO ----------------------------------------------------------------------------------------------------
2026-07-27 15:43:40,921 P3004590 INFO 27/50 starting... lr: 0.001 para:0.0357142873108387
2026-07-27 15:44:08,818 P3004590 INFO Epoch 27/50, all_loss:0.44850 cls_loss:0.42627 rec_loss:1.04876 [27.89s]; best loss:0.44850, patience : 0
2026-07-27 15:44:26,059 P3004590 INFO pr:0.9223  rc:0.9688  auc:0.9995 ap:0.9931 f1: 0.9449 pred_right: 1059967 pred_wrong:36233 actu_right: 1061707 actu_wrong: 34493
2026-07-27 15:44:39,673 P3004590 INFO pr:0.9220  rc:0.9620  auc:0.9995 ap:0.9923 f1: 0.9416 pred_right: 454349 pred_wrong:15451 actu_right: 454992 actu_wrong: 14808
2026-07-27 15:44:39,681 P3004590 INFO ----------------------------------------------------------------------------------------------------
2026-07-27 15:44:39,681 P3004590 INFO 28/50 starting... lr: 0.001 para:0.03448275849223137
2026-07-27 15:45:06,798 P3004590 INFO Epoch 28/50, all_loss:0.43503 cls_loss:0.41266 rec_loss:1.06139 [27.11s]; best loss:0.43503, patience : 0
2026-07-27 15:45:20,823 P3004590 INFO pr:0.9525  rc:0.8835  auc:0.9992 ap:0.9914 f1: 0.9167 pred_right: 1064209 pred_wrong:31991 actu_right: 1061711 actu_wrong: 34489
2026-07-27 15:45:26,966 P3004590 INFO pr:0.9513  rc:0.8791  auc:0.9991 ap:0.9908 f1: 0.9137 pred_right: 456116 pred_wrong:13684 actu_right: 454992 actu_wrong: 14808
2026-07-27 15:45:26,967 P3004590 INFO ----------------------------------------------------------------------------------------------------
2026-07-27 15:45:26,967 P3004590 INFO 29/50 starting... lr: 0.001 para:0.03333333507180214
2026-07-27 15:45:53,913 P3004590 INFO Epoch 29/50, all_loss:0.45470 cls_loss:0.43312 rec_loss:1.08043 [26.95s]; best loss:0.43503, patience : 1
2026-07-27 15:46:09,449 P3004590 INFO pr:0.9340  rc:0.9672  auc:0.9994 ap:0.9938 f1: 0.9503 pred_right: 1060488 pred_wrong:35712 actu_right: 1061714 actu_wrong: 34486
2026-07-27 15:46:18,091 P3004590 INFO pr:0.9337  rc:0.9617  auc:0.9994 ap:0.9930 f1: 0.9475 pred_right: 454547 pred_wrong:15253 actu_right: 454992 actu_wrong: 14808
2026-07-27 15:46:18,096 P3004590 INFO ----------------------------------------------------------------------------------------------------
2026-07-27 15:46:18,096 P3004590 INFO 30/50 starting... lr: 0.001 para:0.032258063554763794
2026-07-27 15:46:52,337 P3004590 INFO Epoch 30/50, all_loss:0.43474 cls_loss:0.41290 rec_loss:1.08989 [34.23s]; best loss:0.43474, patience : 0
2026-07-27 15:47:07,384 P3004590 INFO pr:0.9448  rc:0.9605  auc:0.9992 ap:0.9943 f1: 0.9526 pred_right: 1061134 pred_wrong:35066 actu_right: 1061708 actu_wrong: 34492
2026-07-27 15:47:13,137 P3004590 INFO pr:0.9435  rc:0.9567  auc:0.9992 ap:0.9937 f1: 0.9501 pred_right: 454785 pred_wrong:15015 actu_right: 454992 actu_wrong: 14808
2026-07-27 15:47:13,144 P3004590 INFO ----------------------------------------------------------------------------------------------------
2026-07-27 15:47:13,144 P3004590 INFO 31/50 starting... lr: 0.001 para:0.03125
2026-07-27 15:47:40,202 P3004590 INFO Epoch 31/50, all_loss:0.41325 cls_loss:0.39067 rec_loss:1.11329 [27.05s]; best loss:0.41325, patience : 0
2026-07-27 15:47:54,319 P3004590 INFO pr:0.9150  rc:0.9851  auc:0.9996 ap:0.9940 f1: 0.9488 pred_right: 1059066 pred_wrong:37134 actu_right: 1061708 actu_wrong: 34492
2026-07-27 15:48:00,681 P3004590 INFO pr:0.9149  rc:0.9816  auc:0.9995 ap:0.9930 f1: 0.9471 pred_right: 453912 pred_wrong:15888 actu_right: 454992 actu_wrong: 14808
2026-07-27 15:48:00,685 P3004590 INFO ----------------------------------------------------------------------------------------------------
2026-07-27 15:48:00,685 P3004590 INFO 32/50 starting... lr: 0.001 para:0.03030303120613098
2026-07-27 15:48:30,198 P3004590 INFO Epoch 32/50, all_loss:0.39237 cls_loss:0.36995 rec_loss:1.10969 [29.51s]; best loss:0.39237, patience : 0
2026-07-27 15:48:42,130 P3004590 INFO pr:0.9393  rc:0.9628  auc:0.9993 ap:0.9939 f1: 0.9509 pred_right: 1060847 pred_wrong:35353 actu_right: 1061709 actu_wrong: 34491
2026-07-27 15:48:57,879 P3004590 INFO pr:0.9371  rc:0.9600  auc:0.9993 ap:0.9928 f1: 0.9484 pred_right: 454631 pred_wrong:15169 actu_right: 454992 actu_wrong: 14808
2026-07-27 15:48:57,882 P3004590 INFO ----------------------------------------------------------------------------------------------------
2026-07-27 15:48:57,882 P3004590 INFO 33/50 starting... lr: 0.001 para:0.029411764815449715
2026-07-27 15:49:27,719 P3004590 INFO Epoch 33/50, all_loss:0.42485 cls_loss:0.40348 rec_loss:1.13009 [29.84s]; best loss:0.39237, patience : 1
2026-07-27 15:49:41,828 P3004590 INFO pr:0.9348  rc:0.9722  auc:0.9994 ap:0.9944 f1: 0.9531 pred_right: 1060332 pred_wrong:35868 actu_right: 1061711 actu_wrong: 34489
2026-07-27 15:49:48,044 P3004590 INFO pr:0.9360  rc:0.9693  auc:0.9994 ap:0.9939 f1: 0.9524 pred_right: 454466 pred_wrong:15334 actu_right: 454992 actu_wrong: 14808
2026-07-27 15:49:48,050 P3004590 INFO ----------------------------------------------------------------------------------------------------
2026-07-27 15:49:48,050 P3004590 INFO 34/50 starting... lr: 0.001 para:0.02857142873108387
2026-07-27 15:50:15,510 P3004590 INFO Epoch 34/50, all_loss:0.40117 cls_loss:0.37866 rec_loss:1.16660 [27.46s]; best loss:0.39237, patience : 1
2026-07-27 15:50:30,744 P3004590 INFO pr:0.9515  rc:0.9592  auc:0.9994 ap:0.9949 f1: 0.9554 pred_right: 1061431 pred_wrong:34769 actu_right: 1061709 actu_wrong: 34491
2026-07-27 15:50:36,490 P3004590 INFO pr:0.9509  rc:0.9521  auc:0.9994 ap:0.9944 f1: 0.9515 pred_right: 454974 pred_wrong:14826 actu_right: 454992 actu_wrong: 14808
2026-07-27 15:50:36,496 P3004590 INFO ----------------------------------------------------------------------------------------------------
2026-07-27 15:50:36,496 P3004590 INFO 35/50 starting... lr: 0.001 para:0.02777777798473835
2026-07-27 15:51:10,616 P3004590 INFO Epoch 35/50, all_loss:0.39698 cls_loss:0.37467 rec_loss:1.17801 [34.12s]; best loss:0.39237, patience : 1
2026-07-27 15:51:27,723 P3004590 INFO pr:0.9419  rc:0.9714  auc:0.9995 ap:0.9952 f1: 0.9564 pred_right: 1060635 pred_wrong:35565 actu_right: 1061713 actu_wrong: 34487
2026-07-27 15:51:33,707 P3004590 INFO pr:0.9386  rc:0.9657  auc:0.9995 ap:0.9942 f1: 0.9519 pred_right: 454564 pred_wrong:15236 actu_right: 454992 actu_wrong: 14808
2026-07-27 15:51:33,712 P3004590 INFO ----------------------------------------------------------------------------------------------------
2026-07-27 15:51:33,712 P3004590 INFO 36/50 starting... lr: 0.001 para:0.027027027681469917
2026-07-27 15:52:00,521 P3004590 INFO Epoch 36/50, all_loss:0.36343 cls_loss:0.34093 rec_loss:1.17376 [26.80s]; best loss:0.36343, patience : 0
2026-07-27 15:52:15,083 P3004590 INFO pr:0.9706  rc:0.8983  auc:0.9993 ap:0.9947 f1: 0.9330 pred_right: 1064278 pred_wrong:31922 actu_right: 1061709 actu_wrong: 34491
2026-07-27 15:52:21,633 P3004590 INFO pr:0.9675  rc:0.8911  auc:0.9991 ap:0.9938 f1: 0.9277 pred_right: 456162 pred_wrong:13638 actu_right: 454992 actu_wrong: 14808
2026-07-27 15:52:21,634 P3004590 INFO ----------------------------------------------------------------------------------------------------
2026-07-27 15:52:21,635 P3004590 INFO 37/50 starting... lr: 0.001 para:0.02631578966975212
2026-07-27 15:52:51,653 P3004590 INFO Epoch 37/50, all_loss:0.40734 cls_loss:0.38648 rec_loss:1.17932 [30.02s]; best loss:0.36343, patience : 1
2026-07-27 15:53:03,364 P3004590 INFO pr:0.9393  rc:0.9743  auc:0.9995 ap:0.9952 f1: 0.9565 pred_right: 1060425 pred_wrong:35775 actu_right: 1061712 actu_wrong: 34488
2026-07-27 15:53:12,617 P3004590 INFO pr:0.9370  rc:0.9691  auc:0.9993 ap:0.9942 f1: 0.9528 pred_right: 454484 pred_wrong:15316 actu_right: 454992 actu_wrong: 14808
2026-07-27 15:53:12,629 P3004590 INFO ----------------------------------------------------------------------------------------------------
2026-07-27 15:53:12,629 P3004590 INFO 38/50 starting... lr: 0.001 para:0.025641025975346565
2026-07-27 15:53:47,979 P3004590 INFO Epoch 38/50, all_loss:0.39170 cls_loss:0.37030 rec_loss:1.20513 [35.35s]; best loss:0.36343, patience : 1
2026-07-27 15:54:02,151 P3004590 INFO pr:0.9484  rc:0.9575  auc:0.9995 ap:0.9942 f1: 0.9529 pred_right: 1061378 pred_wrong:34822 actu_right: 1061709 actu_wrong: 34491
2026-07-27 15:54:08,496 P3004590 INFO pr:0.9470  rc:0.9500  auc:0.9993 ap:0.9928 f1: 0.9485 pred_right: 454946 pred_wrong:14854 actu_right: 454992 actu_wrong: 14808
2026-07-27 15:54:08,497 P3004590 INFO ----------------------------------------------------------------------------------------------------
2026-07-27 15:54:08,497 P3004590 INFO 39/50 starting... lr: 0.001 para:0.02500000037252903
2026-07-27 15:54:35,924 P3004590 INFO Epoch 39/50, all_loss:0.37196 cls_loss:0.35001 rec_loss:1.22811 [27.43s]; best loss:0.36343, patience : 1
2026-07-27 15:54:49,751 P3004590 INFO pr:0.9291  rc:0.9851  auc:0.9992 ap:0.9955 f1: 0.9563 pred_right: 1059630 pred_wrong:36570 actu_right: 1061711 actu_wrong: 34489
2026-07-27 15:54:56,215 P3004590 INFO pr:0.9271  rc:0.9820  auc:0.9992 ap:0.9946 f1: 0.9538 pred_right: 454115 pred_wrong:15685 actu_right: 454992 actu_wrong: 14808
2026-07-27 15:54:56,216 P3004590 INFO ----------------------------------------------------------------------------------------------------
2026-07-27 15:54:56,216 P3004590 INFO 40/50 starting... lr: 0.001 para:0.024390242993831635
2026-07-27 15:55:23,086 P3004590 INFO Epoch 40/50, all_loss:0.33779 cls_loss:0.31599 rec_loss:1.20975 [26.86s]; best loss:0.33779, patience : 0
2026-07-27 15:55:47,798 P3004590 INFO pr:0.9502  rc:0.9664  auc:0.9994 ap:0.9955 f1: 0.9582 pred_right: 1061123 pred_wrong:35077 actu_right: 1061710 actu_wrong: 34490
2026-07-27 15:55:53,907 P3004590 INFO pr:0.9491  rc:0.9624  auc:0.9994 ap:0.9947 f1: 0.9557 pred_right: 454785 pred_wrong:15015 actu_right: 454992 actu_wrong: 14808
2026-07-27 15:55:53,913 P3004590 INFO ----------------------------------------------------------------------------------------------------
2026-07-27 15:55:53,913 P3004590 INFO 41/50 starting... lr: 0.001 para:0.02380952425301075
2026-07-27 15:56:20,472 P3004590 INFO Epoch 41/50, all_loss:0.37707 cls_loss:0.35644 rec_loss:1.22273 [26.56s]; best loss:0.33779, patience : 1
2026-07-27 15:56:34,802 P3004590 INFO pr:0.9449  rc:0.9795  auc:0.9995 ap:0.9958 f1: 0.9619 pred_right: 1060452 pred_wrong:35748 actu_right: 1061714 actu_wrong: 34486
2026-07-27 15:56:40,805 P3004590 INFO pr:0.9436  rc:0.9726  auc:0.9995 ap:0.9948 f1: 0.9579 pred_right: 454537 pred_wrong:15263 actu_right: 454992 actu_wrong: 14808
2026-07-27 15:56:40,810 P3004590 INFO ----------------------------------------------------------------------------------------------------
2026-07-27 15:56:40,810 P3004590 INFO 42/50 starting... lr: 0.001 para:0.023255813866853714
2026-07-27 15:57:07,885 P3004590 INFO Epoch 42/50, all_loss:0.35050 cls_loss:0.32943 rec_loss:1.23524 [27.07s]; best loss:0.33779, patience : 1
2026-07-27 15:57:22,050 P3004590 INFO pr:0.9652  rc:0.9225  auc:0.9996 ap:0.9950 f1: 0.9434 pred_right: 1063237 pred_wrong:32963 actu_right: 1061709 actu_wrong: 34491
2026-07-27 15:57:26,975 P3004590 INFO pr:0.9625  rc:0.9184  auc:0.9992 ap:0.9940 f1: 0.9399 pred_right: 455670 pred_wrong:14130 actu_right: 454992 actu_wrong: 14808
2026-07-27 15:57:26,977 P3004590 INFO ----------------------------------------------------------------------------------------------------
2026-07-27 15:57:26,977 P3004590 INFO 43/50 starting... lr: 0.001 para:0.022727273404598236
2026-07-27 15:58:05,268 P3004590 INFO Epoch 43/50, all_loss:0.38345 cls_loss:0.36362 rec_loss:1.23631 [38.29s]; best loss:0.33779, patience : 2
2026-07-27 15:58:19,297 P3004590 INFO pr:0.9351  rc:0.9813  auc:0.9994 ap:0.9957 f1: 0.9576 pred_right: 1060007 pred_wrong:36193 actu_right: 1061711 actu_wrong: 34489
2026-07-27 15:58:24,863 P3004590 INFO pr:0.9333  rc:0.9770  auc:0.9994 ap:0.9948 f1: 0.9546 pred_right: 454299 pred_wrong:15501 actu_right: 454992 actu_wrong: 14808
2026-07-27 15:58:24,864 P3004590 INFO ----------------------------------------------------------------------------------------------------
2026-07-27 15:58:24,864 P3004590 INFO 44/50 starting... lr: 0.001 para:0.02222222276031971
2026-07-27 15:58:52,126 P3004590 INFO Epoch 44/50, all_loss:0.33095 cls_loss:0.30989 rec_loss:1.25747 [27.26s]; best loss:0.33095, patience : 0
2026-07-27 15:59:06,497 P3004590 INFO pr:0.9576  rc:0.9658  auc:0.9997 ap:0.9963 f1: 0.9617 pred_right: 1061417 pred_wrong:34783 actu_right: 1061712 actu_wrong: 34488
2026-07-27 15:59:12,606 P3004590 INFO pr:0.9537  rc:0.9594  auc:0.9995 ap:0.9956 f1: 0.9566 pred_right: 454904 pred_wrong:14896 actu_right: 454992 actu_wrong: 14808
2026-07-27 15:59:12,607 P3004590 INFO ----------------------------------------------------------------------------------------------------
2026-07-27 15:59:12,607 P3004590 INFO 45/50 starting... lr: 0.001 para:0.021739130839705467
2026-07-27 15:59:38,689 P3004590 INFO Epoch 45/50, all_loss:0.31316 cls_loss:0.29209 rec_loss:1.26107 [26.08s]; best loss:0.31316, patience : 0
2026-07-27 16:00:02,794 P3004590 INFO pr:0.9480  rc:0.9700  auc:0.9993 ap:0.9957 f1: 0.9589 pred_right: 1060908 pred_wrong:35292 actu_right: 1061711 actu_wrong: 34489
2026-07-27 16:00:10,792 P3004590 INFO pr:0.9467  rc:0.9654  auc:0.9994 ap:0.9949 f1: 0.9560 pred_right: 454699 pred_wrong:15101 actu_right: 454992 actu_wrong: 14808
2026-07-27 16:00:10,793 P3004590 INFO ----------------------------------------------------------------------------------------------------
2026-07-27 16:00:10,793 P3004590 INFO 46/50 starting... lr: 0.001 para:0.021276595070958138
2026-07-27 16:00:37,834 P3004590 INFO Epoch 46/50, all_loss:0.36348 cls_loss:0.34363 rec_loss:1.27640 [27.04s]; best loss:0.31316, patience : 1
2026-07-27 16:00:52,055 P3004590 INFO pr:0.9587  rc:0.9589  auc:0.9993 ap:0.9959 f1: 0.9588 pred_right: 1061707 pred_wrong:34493 actu_right: 1061713 actu_wrong: 34487
2026-07-27 16:00:57,677 P3004590 INFO pr:0.9567  rc:0.9503  auc:0.9995 ap:0.9950 f1: 0.9535 pred_right: 455091 pred_wrong:14709 actu_right: 454992 actu_wrong: 14808
2026-07-27 16:00:57,678 P3004590 INFO ----------------------------------------------------------------------------------------------------
2026-07-27 16:00:57,679 P3004590 INFO 47/50 starting... lr: 0.001 para:0.02083333395421505
2026-07-27 16:01:25,219 P3004590 INFO Epoch 47/50, all_loss:0.31215 cls_loss:0.29145 rec_loss:1.28498 [27.53s]; best loss:0.31215, patience : 0
2026-07-27 16:01:41,033 P3004590 INFO pr:0.9317  rc:0.9884  auc:0.9996 ap:0.9960 f1: 0.9592 pred_right: 1059617 pred_wrong:36583 actu_right: 1061713 actu_wrong: 34487
2026-07-27 16:01:46,136 P3004590 INFO pr:0.9304  rc:0.9842  auc:0.9995 ap:0.9953 f1: 0.9566 pred_right: 454136 pred_wrong:15664 actu_right: 454992 actu_wrong: 14808
2026-07-27 16:01:46,137 P3004590 INFO ----------------------------------------------------------------------------------------------------
2026-07-27 16:01:46,137 P3004590 INFO 48/50 starting... lr: 0.001 para:0.020408162847161293
2026-07-27 16:02:23,402 P3004590 INFO Epoch 48/50, all_loss:0.31405 cls_loss:0.29360 rec_loss:1.29554 [37.26s]; best loss:0.31215, patience : 1
2026-07-27 16:02:37,441 P3004590 INFO pr:0.9324  rc:0.9894  auc:0.9997 ap:0.9961 f1: 0.9601 pred_right: 1059605 pred_wrong:36595 actu_right: 1061712 actu_wrong: 34488
2026-07-27 16:02:42,961 P3004590 INFO pr:0.9300  rc:0.9848  auc:0.9996 ap:0.9952 f1: 0.9566 pred_right: 454119 pred_wrong:15681 actu_right: 454992 actu_wrong: 14808
2026-07-27 16:02:42,962 P3004590 INFO ----------------------------------------------------------------------------------------------------
2026-07-27 16:02:42,962 P3004590 INFO 49/50 starting... lr: 0.001 para:0.019999999552965164
2026-07-27 16:03:09,398 P3004590 INFO Epoch 49/50, all_loss:0.34437 cls_loss:0.32474 rec_loss:1.30649 [26.43s]; best loss:0.31215, patience : 2
2026-07-27 16:03:24,046 P3004590 INFO pr:0.9467  rc:0.9666  auc:0.9997 ap:0.9952 f1: 0.9565 pred_right: 1060985 pred_wrong:35215 actu_right: 1061709 actu_wrong: 34491
2026-07-27 16:03:29,993 P3004590 INFO pr:0.9423  rc:0.9625  auc:0.9995 ap:0.9936 f1: 0.9523 pred_right: 454676 pred_wrong:15124 actu_right: 454992 actu_wrong: 14808
2026-07-27 16:03:29,994 P3004590 INFO saving model...
2026-07-27 16:03:29,995 P3004590 INFO FITS_Legendre - loss  best score:0.31214842200279236 at epoch 47
2026-07-27 16:03:30,003 P3004590 INFO FITS_Legendre - f1  best score:0.9619272716917732 at epoch 41
2026-07-27 16:03:30,010 P3004590 INFO Average training time per epoch: 31.11 seconds
2026-07-27 16:03:30,011 P3004590 INFO calculate scores...
2026-07-27 16:03:30,011 P3004590 INFO calculate label with loss...
2026-07-27 16:03:30,011 P3004590 INFO FITS_Legendre on ./result/server_only_exps/Ablations_updatedFreDF/FITS_Legendre-TT-Epochs50-Seed3-ExpNameRQ2_ablations_components-LPFLPF-Attnlinear_attn-NormLinFalse-RecLambda1.0-AuxiLambda0.2-lowshow-simplegraph loading...
2026-07-27 16:03:37,033 P3004590 INFO pr:0.9304  rc:0.9842  auc:0.9995 ap:0.9953 f1: 0.9566 pred_right: 454136 pred_wrong:15664 actu_right: 454992 actu_wrong: 14808
2026-07-27 16:03:49,358 P3004590 INFO pr:0.9304  rc:0.9842  auc:0.9995 ap:0.9953 f1: 0.9566 pred_right: 454136 pred_wrong:15664 actu_right: 454992 actu_wrong: 14808
2026-07-27 16:03:49,359 P3004590 INFO Performance Summary:
{'GPU': {'inference_time_per_sample_ms': 0.35312634543628013, 'throughput_samples_per_sec': 2831.8476174994003, 'peak_memory_mb': 87.72265625, 'energy_per_sample_joules': 0.01753660744071111}, 'CPU': {'inference_time_per_sample_ms': 0.6601884636074202, 'throughput_samples_per_sec': 1514.718985751087, 'peak_memory_mb': 5422.72265625, 'energy_per_sample_joules': 0.04291225013448231}}
2026-07-27 16:03:49,359 P3004590 INFO Starting clean-room hardware benchmarking...
2026-07-27 16:03:50,644 P3004590 INFO Performance with loss: pr:0.9304  rc:0.9842  auc:0.9995 ap:0.9953 f1: 0.9566 pred_right: 454136 pred_wrong:15664 actu_right: 454992 actu_wrong: 14808
2026-07-27 16:03:50,644 P3004590 INFO calculate label with f1...
2026-07-27 16:03:50,652 P3004590 INFO FITS_Legendre on ./result/server_only_exps/Ablations_updatedFreDF/FITS_Legendre-TT-Epochs50-Seed3-ExpNameRQ2_ablations_components-LPFLPF-Attnlinear_attn-NormLinFalse-RecLambda1.0-AuxiLambda0.2-lowshow-simplegraph loading...
2026-07-27 16:03:59,279 P3004590 INFO pr:0.9436  rc:0.9726  auc:0.9995 ap:0.9948 f1: 0.9579 pred_right: 454537 pred_wrong:15263 actu_right: 454992 actu_wrong: 14808
2026-07-27 16:04:08,182 P3004590 INFO pr:0.9436  rc:0.9726  auc:0.9995 ap:0.9948 f1: 0.9579 pred_right: 454537 pred_wrong:15263 actu_right: 454992 actu_wrong: 14808
2026-07-27 16:04:08,183 P3004590 INFO Performance Summary:
{'GPU': {'inference_time_per_sample_ms': 0.4606514546408582, 'throughput_samples_per_sec': 2170.838689263749, 'peak_memory_mb': 87.2197265625, 'energy_per_sample_joules': 0.024482933836979654}, 'CPU': {'inference_time_per_sample_ms': 0.47060880814299383, 'throughput_samples_per_sec': 2124.9071047904217, 'peak_memory_mb': 5405.0234375, 'energy_per_sample_joules': 0.030589572529294597}}
2026-07-27 16:04:08,183 P3004590 INFO Starting clean-room hardware benchmarking...
2026-07-27 16:04:09,252 P3004590 INFO Performance with f1: pr:0.9436  rc:0.9726  auc:0.9995 ap:0.9948 f1: 0.9579 pred_right: 454537 pred_wrong:15263 actu_right: 454992 actu_wrong: 14808
