2026-09-15 07:13:12,545 P3644635 INFO ---- Model: ----MSTGAD-a2d11206----random_seed : 2----req_loss_approach : FreDF-style----rec_lambda : 1.0----auxi_lambda : 0.2----Freq Domain : FITS_Legendre----Multi Fits : false----train : True----evaluate : False
2026-09-15 07:13:12,546 P3644635 INFO Load from /home/db2003/Desktop/Amr/Tests/Eadro/codes/chunks/TT
2026-09-15 07:13:30,848 P3644635 INFO Fewshot: training with 1.0 of the 70% of the data
2026-09-15 07:13:30,997 P3644635 INFO Trainable Parameters Breakdown:
2026-09-15 07:13:30,997 P3644635 INFO --------------------------------------------------------------------------------
2026-09-15 07:13:30,997 P3644635 INFO Reconstruction-Specific Parameters:
2026-09-15 07:13:30,997 P3644635 INFO node_emb.linear.weight                   | shape: (8, 7)                    | params: 56
2026-09-15 07:13:30,997 P3644635 INFO node_emb.linear.bias                     | shape: (8,)                      | params: 8
2026-09-15 07:13:30,997 P3644635 INFO log_emb.linear.weight                    | shape: (32, 60)                  | params: 1,920
2026-09-15 07:13:30,997 P3644635 INFO log_emb.linear.bias                      | shape: (32,)                     | params: 32
2026-09-15 07:13:30,997 P3644635 INFO egde_emb.linear.weight                   | shape: (8, 2)                    | params: 16
2026-09-15 07:13:30,997 P3644635 INFO egde_emb.linear.bias                     | shape: (8,)                      | params: 8
2026-09-15 07:13:30,998 P3644635 INFO dense_node.weight                        | shape: (7, 8)                    | params: 56
2026-09-15 07:13:30,998 P3644635 INFO dense_node.bias                          | shape: (7,)                      | params: 7
2026-09-15 07:13:30,998 P3644635 INFO dense_log.weight                         | shape: (60, 32)                  | params: 1,920
2026-09-15 07:13:30,998 P3644635 INFO dense_log.bias                           | shape: (60,)                     | params: 60
2026-09-15 07:13:30,998 P3644635 INFO dense_edge.weight                        | shape: (2, 8)                    | params: 16
2026-09-15 07:13:30,998 P3644635 INFO dense_edge.bias                          | shape: (2,)                      | params: 2
2026-09-15 07:13:30,998 P3644635 INFO linear_attn.Wq.weight                    | shape: (10, 10)                  | params: 100
2026-09-15 07:13:30,998 P3644635 INFO linear_attn.Wk.weight                    | shape: (10, 10)                  | params: 100
2026-09-15 07:13:30,998 P3644635 INFO linear_attn.Wv.weight                    | shape: (10, 10)                  | params: 100
2026-09-15 07:13:30,998 P3644635 INFO linear_attn.out.weight                   | shape: (10, 10)                  | params: 100
2026-09-15 07:13:30,999 P3644635 INFO linear_attn.out.bias                     | shape: (10,)                     | params: 10
2026-09-15 07:13:30,999 P3644635 INFO linear_attn.norm.weight                  | shape: (10,)                     | params: 10
2026-09-15 07:13:30,999 P3644635 INFO linear_attn.norm.bias                    | shape: (10,)                     | params: 10
2026-09-15 07:13:30,999 P3644635 INFO shared_fits.normlin_W                    | shape: (14, 14)                  | params: 196
2026-09-15 07:13:30,999 P3644635 INFO shared_fits.freq_upsampler.weight        | shape: (14, 14)                  | params: 196
2026-09-15 07:13:30,999 P3644635 INFO shared_fits.freq_upsampler.bias          | shape: (14,)                     | params: 14
2026-09-15 07:13:30,999 P3644635 INFO modality_proj.node.weight                | shape: (10, 8)                   | params: 80
2026-09-15 07:13:30,999 P3644635 INFO modality_proj.node.bias                  | shape: (10,)                     | params: 10
2026-09-15 07:13:30,999 P3644635 INFO modality_proj.log.weight                 | shape: (10, 32)                  | params: 320
2026-09-15 07:13:30,999 P3644635 INFO modality_proj.log.bias                   | shape: (10,)                     | params: 10
2026-09-15 07:13:30,999 P3644635 INFO modality_proj.edge.weight                | shape: (10, 8)                   | params: 80
2026-09-15 07:13:31,000 P3644635 INFO modality_proj.edge.bias                  | shape: (10,)                     | params: 10
2026-09-15 07:13:31,000 P3644635 INFO modality_proj_out.node.weight            | shape: (8, 10)                   | params: 80
2026-09-15 07:13:31,000 P3644635 INFO modality_proj_out.node.bias              | shape: (8,)                      | params: 8
2026-09-15 07:13:31,000 P3644635 INFO modality_proj_out.log.weight             | shape: (32, 10)                  | params: 320
2026-09-15 07:13:31,000 P3644635 INFO modality_proj_out.log.bias               | shape: (32,)                     | params: 32
2026-09-15 07:13:31,000 P3644635 INFO modality_proj_out.edge.weight            | shape: (8, 10)                   | params: 80
2026-09-15 07:13:31,000 P3644635 INFO modality_proj_out.edge.bias              | shape: (8,)                      | params: 8
2026-09-15 07:13:31,000 P3644635 INFO Subtotal: 5,975
2026-09-15 07:13:31,000 P3644635 INFO --------------------------------------------------------------------------------
2026-09-15 07:13:31,000 P3644635 INFO Common Parameters:
2026-09-15 07:13:31,000 P3644635 INFO show.0.weight                            | shape: (128, 69)                 | params: 8,832
2026-09-15 07:13:31,001 P3644635 INFO show.0.bias                              | shape: (128,)                    | params: 128
2026-09-15 07:13:31,001 P3644635 INFO show.2.weight                            | shape: (2, 128)                  | params: 256
2026-09-15 07:13:31,001 P3644635 INFO show.2.bias                              | shape: (2,)                      | params: 2
2026-09-15 07:13:31,001 P3644635 INFO Subtotal: 9,218
2026-09-15 07:13:31,001 P3644635 INFO --------------------------------------------------------------------------------
2026-09-15 07:13:31,001 P3644635 INFO Total Trainable Parameters: 15,193

2026-09-15 07:13:31,001 P3644635 INFO Trainable Parameters: 15193, reconstruction: 5975, common: 9218
2026-09-15 07:13:31,001 P3644635 INFO model : init weight
2026-09-15 07:13:31,002 P3644635 INFO Using GPU...
2026-09-15 07:13:31,013 P3644635 INFO optimizer : using AdaBelief
2026-09-15 07:13:31,013 P3644635 INFO ----------------------------------------------------------------------------------------------------
2026-09-15 07:13:31,014 P3644635 INFO 0/50 starting... lr: 0.001 para:1.0
2026-09-15 07:14:45,714 P3644635 INFO Epoch 0/50, all_loss:0.07830 cls_loss:30.89585 rec_loss:0.07830 [74.69s]; best loss:0.07830, patience : 0
2026-09-15 07:14:45,714 P3644635 INFO ----------------------------------------------------------------------------------------------------
2026-09-15 07:14:45,714 P3644635 INFO 1/50 starting... lr: 0.001 para:0.5
2026-09-15 07:15:51,330 P3644635 INFO Epoch 1/50, all_loss:1.90208 cls_loss:3.54413 rec_loss:0.26003 [65.61s]; best loss:1.90208, patience : 0
2026-09-15 07:15:51,330 P3644635 INFO ----------------------------------------------------------------------------------------------------
2026-09-15 07:15:51,330 P3644635 INFO 2/50 starting... lr: 0.001 para:0.3333333432674408
2026-09-15 07:17:03,427 P3644635 INFO Epoch 2/50, all_loss:1.54738 cls_loss:2.20002 rec_loss:0.24210 [72.09s]; best loss:1.54738, patience : 0
2026-09-15 07:17:32,083 P3644635 INFO pr:0.9807  rc:0.4190  auc:0.9864 ap:0.8854 f1: 0.5871 pred_right: 1081465 pred_wrong:14735 actu_right: 1061714 actu_wrong: 34486
2026-09-15 07:17:46,231 P3644635 INFO pr:0.9779  rc:0.4188  auc:0.9863 ap:0.8848 f1: 0.5865 pred_right: 463458 pred_wrong:6342 actu_right: 454992 actu_wrong: 14808
2026-09-15 07:17:46,237 P3644635 INFO ----------------------------------------------------------------------------------------------------
2026-09-15 07:17:46,237 P3644635 INFO 3/50 starting... lr: 0.001 para:0.25
2026-09-15 07:18:58,643 P3644635 INFO Epoch 3/50, all_loss:1.60743 cls_loss:2.06655 rec_loss:0.23005 [72.41s]; best loss:1.54738, patience : 1
2026-09-15 07:19:27,188 P3644635 INFO pr:0.9278  rc:0.5081  auc:0.9878 ap:0.8978 f1: 0.6567 pred_right: 1077308 pred_wrong:18892 actu_right: 1061706 actu_wrong: 34494
2026-09-15 07:19:39,358 P3644635 INFO pr:0.9319  rc:0.5080  auc:0.9878 ap:0.8985 f1: 0.6575 pred_right: 461728 pred_wrong:8072 actu_right: 454992 actu_wrong: 14808
2026-09-15 07:19:39,364 P3644635 INFO ----------------------------------------------------------------------------------------------------
2026-09-15 07:19:39,364 P3644635 INFO 4/50 starting... lr: 0.001 para:0.20000000298023224
2026-09-15 07:20:55,738 P3644635 INFO Epoch 4/50, all_loss:1.62964 cls_loss:1.97837 rec_loss:0.23472 [76.37s]; best loss:1.54738, patience : 2
2026-09-15 07:21:24,541 P3644635 INFO pr:0.9281  rc:0.5368  auc:0.9902 ap:0.9125 f1: 0.6802 pred_right: 1076256 pred_wrong:19944 actu_right: 1061714 actu_wrong: 34486
2026-09-15 07:21:36,706 P3644635 INFO pr:0.9329  rc:0.5361  auc:0.9901 ap:0.9122 f1: 0.6809 pred_right: 461291 pred_wrong:8509 actu_right: 454992 actu_wrong: 14808
2026-09-15 07:21:36,713 P3644635 INFO ----------------------------------------------------------------------------------------------------
2026-09-15 07:21:36,713 P3644635 INFO 5/50 starting... lr: 0.001 para:0.1666666716337204
2026-09-15 07:22:52,530 P3644635 INFO Epoch 5/50, all_loss:1.62937 cls_loss:1.90609 rec_loss:0.24579 [75.82s]; best loss:1.54738, patience : 2
2026-09-15 07:23:20,896 P3644635 INFO pr:0.9228  rc:0.5491  auc:0.9900 ap:0.9128 f1: 0.6885 pred_right: 1075678 pred_wrong:20522 actu_right: 1061714 actu_wrong: 34486
2026-09-15 07:23:32,650 P3644635 INFO pr:0.9255  rc:0.5495  auc:0.9901 ap:0.9129 f1: 0.6896 pred_right: 461008 pred_wrong:8792 actu_right: 454992 actu_wrong: 14808
2026-09-15 07:23:32,656 P3644635 INFO ----------------------------------------------------------------------------------------------------
2026-09-15 07:23:32,656 P3644635 INFO 6/50 starting... lr: 0.001 para:0.1428571492433548
2026-09-15 07:24:38,657 P3644635 INFO Epoch 6/50, all_loss:1.64025 cls_loss:1.87168 rec_loss:0.25167 [66.00s]; best loss:1.54738, patience : 3
2026-09-15 07:25:16,673 P3644635 INFO pr:0.9390  rc:0.5536  auc:0.9912 ap:0.9199 f1: 0.6966 pred_right: 1075865 pred_wrong:20335 actu_right: 1061711 actu_wrong: 34489
2026-09-15 07:25:28,968 P3644635 INFO pr:0.9435  rc:0.5525  auc:0.9910 ap:0.9192 f1: 0.6969 pred_right: 461128 pred_wrong:8672 actu_right: 454992 actu_wrong: 14808
2026-09-15 07:25:28,974 P3644635 INFO ----------------------------------------------------------------------------------------------------
2026-09-15 07:25:28,974 P3644635 INFO 7/50 starting... lr: 0.001 para:0.125
2026-09-15 07:26:36,297 P3644635 INFO Epoch 7/50, all_loss:1.62449 cls_loss:1.81930 rec_loss:0.26082 [67.32s]; best loss:1.54738, patience : 3
2026-09-15 07:27:10,662 P3644635 INFO pr:0.8974  rc:0.6033  auc:0.9915 ap:0.9224 f1: 0.7215 pred_right: 1073013 pred_wrong:23187 actu_right: 1061711 actu_wrong: 34489
2026-09-15 07:27:26,147 P3644635 INFO pr:0.8993  rc:0.6022  auc:0.9913 ap:0.9216 f1: 0.7214 pred_right: 459885 pred_wrong:9915 actu_right: 454992 actu_wrong: 14808
2026-09-15 07:27:26,153 P3644635 INFO ----------------------------------------------------------------------------------------------------
2026-09-15 07:27:26,154 P3644635 INFO 8/50 starting... lr: 0.001 para:0.1111111119389534
2026-09-15 07:28:34,263 P3644635 INFO Epoch 8/50, all_loss:1.62218 cls_loss:1.79105 rec_loss:0.27119 [68.11s]; best loss:1.54738, patience : 3
2026-09-15 07:29:03,182 P3644635 INFO pr:0.8932  rc:0.6012  auc:0.9918 ap:0.9243 f1: 0.7186 pred_right: 1072989 pred_wrong:23211 actu_right: 1061716 actu_wrong: 34484
2026-09-15 07:29:14,580 P3644635 INFO pr:0.8944  rc:0.5963  auc:0.9917 ap:0.9236 f1: 0.7155 pred_right: 459927 pred_wrong:9873 actu_right: 454992 actu_wrong: 14808
2026-09-15 07:29:14,582 P3644635 INFO ----------------------------------------------------------------------------------------------------
2026-09-15 07:29:14,582 P3644635 INFO 9/50 starting... lr: 0.001 para:0.10000000149011612
2026-09-15 07:30:28,825 P3644635 INFO Epoch 9/50, all_loss:1.57219 cls_loss:1.71612 rec_loss:0.27683 [74.24s]; best loss:1.54738, patience : 3
2026-09-15 07:30:57,540 P3644635 INFO pr:0.8973  rc:0.6401  auc:0.9930 ap:0.9328 f1: 0.7471 pred_right: 1071600 pred_wrong:24600 actu_right: 1061714 actu_wrong: 34486
2026-09-15 07:31:10,174 P3644635 INFO pr:0.8967  rc:0.6405  auc:0.9928 ap:0.9325 f1: 0.7472 pred_right: 459223 pred_wrong:10577 actu_right: 454992 actu_wrong: 14808
2026-09-15 07:31:10,181 P3644635 INFO ----------------------------------------------------------------------------------------------------
2026-09-15 07:31:10,181 P3644635 INFO 10/50 starting... lr: 0.001 para:0.09090909361839294
2026-09-15 07:32:25,221 P3644635 INFO Epoch 10/50, all_loss:1.53692 cls_loss:1.66205 rec_loss:0.28562 [75.03s]; best loss:1.53692, patience : 0
2026-09-15 07:32:54,125 P3644635 INFO pr:0.9011  rc:0.5982  auc:0.9924 ap:0.9249 f1: 0.7191 pred_right: 1073302 pred_wrong:22898 actu_right: 1061709 actu_wrong: 34491
2026-09-15 07:33:06,019 P3644635 INFO pr:0.8987  rc:0.5954  auc:0.9922 ap:0.9248 f1: 0.7162 pred_right: 459990 pred_wrong:9810 actu_right: 454992 actu_wrong: 14808
2026-09-15 07:33:06,020 P3644635 INFO ----------------------------------------------------------------------------------------------------
2026-09-15 07:33:06,021 P3644635 INFO 11/50 starting... lr: 0.001 para:0.0833333358168602
2026-09-15 07:34:21,511 P3644635 INFO Epoch 11/50, all_loss:1.50345 cls_loss:1.61363 rec_loss:0.29144 [75.48s]; best loss:1.50345, patience : 0
2026-09-15 07:34:50,188 P3644635 INFO pr:0.9003  rc:0.6713  auc:0.9929 ap:0.9335 f1: 0.7691 pred_right: 1070482 pred_wrong:25718 actu_right: 1061708 actu_wrong: 34492
2026-09-15 07:35:01,898 P3644635 INFO pr:0.9054  rc:0.6688  auc:0.9927 ap:0.9330 f1: 0.7693 pred_right: 458861 pred_wrong:10939 actu_right: 454992 actu_wrong: 14808
2026-09-15 07:35:01,904 P3644635 INFO ----------------------------------------------------------------------------------------------------
2026-09-15 07:35:01,904 P3644635 INFO 12/50 starting... lr: 0.001 para:0.07692307978868484
2026-09-15 07:36:12,256 P3644635 INFO Epoch 12/50, all_loss:1.45389 cls_loss:1.55011 rec_loss:0.29921 [70.34s]; best loss:1.45389, patience : 0
2026-09-15 07:36:46,456 P3644635 INFO pr:0.9122  rc:0.6889  auc:0.9939 ap:0.9423 f1: 0.7850 pred_right: 1070152 pred_wrong:26048 actu_right: 1061709 actu_wrong: 34491
2026-09-15 07:36:58,519 P3644635 INFO pr:0.9105  rc:0.6867  auc:0.9938 ap:0.9418 f1: 0.7829 pred_right: 458632 pred_wrong:11168 actu_right: 454992 actu_wrong: 14808
2026-09-15 07:36:58,525 P3644635 INFO ----------------------------------------------------------------------------------------------------
2026-09-15 07:36:58,525 P3644635 INFO 13/50 starting... lr: 0.001 para:0.0714285746216774
2026-09-15 07:38:06,955 P3644635 INFO Epoch 13/50, all_loss:1.45218 cls_loss:1.54032 rec_loss:0.30634 [68.43s]; best loss:1.45218, patience : 0
2026-09-15 07:38:45,364 P3644635 INFO pr:0.9030  rc:0.6990  auc:0.9943 ap:0.9446 f1: 0.7880 pred_right: 1069506 pred_wrong:26694 actu_right: 1061716 actu_wrong: 34484
2026-09-15 07:38:57,216 P3644635 INFO pr:0.9061  rc:0.7028  auc:0.9942 ap:0.9447 f1: 0.7916 pred_right: 458314 pred_wrong:11486 actu_right: 454992 actu_wrong: 14808
2026-09-15 07:38:57,223 P3644635 INFO ----------------------------------------------------------------------------------------------------
2026-09-15 07:38:57,223 P3644635 INFO 14/50 starting... lr: 0.001 para:0.06666667014360428
2026-09-15 07:40:04,806 P3644635 INFO Epoch 14/50, all_loss:1.42202 cls_loss:1.50177 rec_loss:0.30555 [67.58s]; best loss:1.42202, patience : 0
2026-09-15 07:40:33,341 P3644635 INFO pr:0.9182  rc:0.6917  auc:0.9941 ap:0.9461 f1: 0.7890 pred_right: 1070216 pred_wrong:25984 actu_right: 1061709 actu_wrong: 34491
2026-09-15 07:40:51,699 P3644635 INFO pr:0.9150  rc:0.6906  auc:0.9939 ap:0.9456 f1: 0.7871 pred_right: 458623 pred_wrong:11177 actu_right: 454992 actu_wrong: 14808
2026-09-15 07:40:51,712 P3644635 INFO ----------------------------------------------------------------------------------------------------
2026-09-15 07:40:51,713 P3644635 INFO 15/50 starting... lr: 0.001 para:0.0625
2026-09-15 07:42:01,468 P3644635 INFO Epoch 15/50, all_loss:1.41083 cls_loss:1.48347 rec_loss:0.32128 [69.75s]; best loss:1.41083, patience : 0
2026-09-15 07:42:30,731 P3644635 INFO pr:0.8995  rc:0.7159  auc:0.9934 ap:0.9401 f1: 0.7973 pred_right: 1068751 pred_wrong:27449 actu_right: 1061711 actu_wrong: 34489
2026-09-15 07:42:43,594 P3644635 INFO pr:0.9048  rc:0.7139  auc:0.9932 ap:0.9396 f1: 0.7981 pred_right: 458117 pred_wrong:11683 actu_right: 454992 actu_wrong: 14808
2026-09-15 07:42:43,598 P3644635 INFO ----------------------------------------------------------------------------------------------------
2026-09-15 07:42:43,599 P3644635 INFO 16/50 starting... lr: 0.001 para:0.05882352963089943
2026-09-15 07:43:57,053 P3644635 INFO Epoch 16/50, all_loss:1.39362 cls_loss:1.46013 rec_loss:0.32940 [73.45s]; best loss:1.39362, patience : 0
2026-09-15 07:44:25,824 P3644635 INFO pr:0.8784  rc:0.7406  auc:0.9945 ap:0.9489 f1: 0.8036 pred_right: 1067123 pred_wrong:29077 actu_right: 1061713 actu_wrong: 34487
2026-09-15 07:44:38,261 P3644635 INFO pr:0.8812  rc:0.7406  auc:0.9944 ap:0.9491 f1: 0.8048 pred_right: 457355 pred_wrong:12445 actu_right: 454992 actu_wrong: 14808
2026-09-15 07:44:38,267 P3644635 INFO ----------------------------------------------------------------------------------------------------
2026-09-15 07:44:38,267 P3644635 INFO 17/50 starting... lr: 0.001 para:0.0555555559694767
2026-09-15 07:45:53,619 P3644635 INFO Epoch 17/50, all_loss:1.36377 cls_loss:1.42429 rec_loss:0.33492 [75.34s]; best loss:1.36377, patience : 0
2026-09-15 07:46:22,497 P3644635 INFO pr:0.9403  rc:0.6936  auc:0.9950 ap:0.9510 f1: 0.7983 pred_right: 1070759 pred_wrong:25441 actu_right: 1061710 actu_wrong: 34490
2026-09-15 07:46:34,963 P3644635 INFO pr:0.9417  rc:0.6970  auc:0.9948 ap:0.9510 f1: 0.8011 pred_right: 458840 pred_wrong:10960 actu_right: 454992 actu_wrong: 14808
2026-09-15 07:46:34,965 P3644635 INFO ----------------------------------------------------------------------------------------------------
2026-09-15 07:46:34,966 P3644635 INFO 18/50 starting... lr: 0.001 para:0.05263157933950424
2026-09-15 07:47:52,113 P3644635 INFO Epoch 18/50, all_loss:1.38141 cls_loss:1.43930 rec_loss:0.33926 [77.15s]; best loss:1.36377, patience : 1
2026-09-15 07:48:20,345 P3644635 INFO pr:0.9020  rc:0.7327  auc:0.9946 ap:0.9462 f1: 0.8086 pred_right: 1068184 pred_wrong:28016 actu_right: 1061708 actu_wrong: 34492
2026-09-15 07:48:32,039 P3644635 INFO pr:0.9037  rc:0.7317  auc:0.9945 ap:0.9462 f1: 0.8086 pred_right: 457810 pred_wrong:11990 actu_right: 454992 actu_wrong: 14808
2026-09-15 07:48:32,046 P3644635 INFO ----------------------------------------------------------------------------------------------------
2026-09-15 07:48:32,046 P3644635 INFO 19/50 starting... lr: 0.001 para:0.05000000074505806
2026-09-15 07:49:38,575 P3644635 INFO Epoch 19/50, all_loss:1.32229 cls_loss:1.37333 rec_loss:0.35251 [66.52s]; best loss:1.32229, patience : 0
2026-09-15 07:50:16,621 P3644635 INFO pr:0.9146  rc:0.7271  auc:0.9949 ap:0.9520 f1: 0.8102 pred_right: 1068781 pred_wrong:27419 actu_right: 1061712 actu_wrong: 34488
2026-09-15 07:50:28,709 P3644635 INFO pr:0.9160  rc:0.7253  auc:0.9949 ap:0.9514 f1: 0.8096 pred_right: 458075 pred_wrong:11725 actu_right: 454992 actu_wrong: 14808
2026-09-15 07:50:28,716 P3644635 INFO ----------------------------------------------------------------------------------------------------
2026-09-15 07:50:28,716 P3644635 INFO 20/50 starting... lr: 0.001 para:0.0476190485060215
2026-09-15 07:51:35,688 P3644635 INFO Epoch 20/50, all_loss:1.33858 cls_loss:1.38786 rec_loss:0.35293 [66.97s]; best loss:1.32229, patience : 1
2026-09-15 07:52:06,193 P3644635 INFO pr:0.9145  rc:0.7358  auc:0.9953 ap:0.9543 f1: 0.8155 pred_right: 1068456 pred_wrong:27744 actu_right: 1061716 actu_wrong: 34484
2026-09-15 07:52:27,635 P3644635 INFO pr:0.9178  rc:0.7372  auc:0.9952 ap:0.9543 f1: 0.8176 pred_right: 457906 pred_wrong:11894 actu_right: 454992 actu_wrong: 14808
2026-09-15 07:52:27,642 P3644635 INFO ----------------------------------------------------------------------------------------------------
2026-09-15 07:52:27,643 P3644635 INFO 21/50 starting... lr: 0.001 para:0.04545454680919647
2026-09-15 07:53:35,820 P3644635 INFO Epoch 21/50, all_loss:1.31862 cls_loss:1.36447 rec_loss:0.35571 [68.17s]; best loss:1.31862, patience : 0
2026-09-15 07:54:05,911 P3644635 INFO pr:0.8881  rc:0.7564  auc:0.9953 ap:0.9558 f1: 0.8170 pred_right: 1066819 pred_wrong:29381 actu_right: 1061706 actu_wrong: 34494
2026-09-15 07:54:16,899 P3644635 INFO pr:0.8920  rc:0.7571  auc:0.9953 ap:0.9560 f1: 0.8190 pred_right: 457231 pred_wrong:12569 actu_right: 454992 actu_wrong: 14808
2026-09-15 07:54:16,905 P3644635 INFO ----------------------------------------------------------------------------------------------------
2026-09-15 07:54:16,905 P3644635 INFO 22/50 starting... lr: 0.001 para:0.043478261679410934
2026-09-15 07:55:32,122 P3644635 INFO Epoch 22/50, all_loss:1.32045 cls_loss:1.36402 rec_loss:0.36184 [75.22s]; best loss:1.31862, patience : 1
2026-09-15 07:56:00,310 P3644635 INFO pr:0.9383  rc:0.7045  auc:0.9958 ap:0.9578 f1: 0.8047 pred_right: 1070305 pred_wrong:25895 actu_right: 1061711 actu_wrong: 34489
2026-09-15 07:56:12,835 P3644635 INFO pr:0.9389  rc:0.7040  auc:0.9956 ap:0.9576 f1: 0.8047 pred_right: 458697 pred_wrong:11103 actu_right: 454992 actu_wrong: 14808
2026-09-15 07:56:12,837 P3644635 INFO ----------------------------------------------------------------------------------------------------
2026-09-15 07:56:12,837 P3644635 INFO 23/50 starting... lr: 0.001 para:0.0416666679084301
2026-09-15 07:57:28,863 P3644635 INFO Epoch 23/50, all_loss:1.27981 cls_loss:1.31952 rec_loss:0.36655 [76.02s]; best loss:1.27981, patience : 0
2026-09-15 07:57:57,459 P3644635 INFO pr:0.9173  rc:0.7492  auc:0.9953 ap:0.9571 f1: 0.8248 pred_right: 1068031 pred_wrong:28169 actu_right: 1061712 actu_wrong: 34488
2026-09-15 07:58:08,904 P3644635 INFO pr:0.9181  rc:0.7489  auc:0.9952 ap:0.9572 f1: 0.8249 pred_right: 457721 pred_wrong:12079 actu_right: 454992 actu_wrong: 14808
2026-09-15 07:58:08,910 P3644635 INFO ----------------------------------------------------------------------------------------------------
2026-09-15 07:58:08,910 P3644635 INFO 24/50 starting... lr: 0.001 para:0.03999999910593033
2026-09-15 07:59:25,613 P3644635 INFO Epoch 24/50, all_loss:1.28255 cls_loss:1.32053 rec_loss:0.37106 [76.70s]; best loss:1.27981, patience : 1
2026-09-15 07:59:53,771 P3644635 INFO pr:0.7796  rc:0.7839  auc:0.9951 ap:0.9518 f1: 0.7817 pred_right: 1061520 pred_wrong:34680 actu_right: 1061711 actu_wrong: 34489
2026-09-15 08:00:06,017 P3644635 INFO pr:0.7836  rc:0.7894  auc:0.9950 ap:0.9523 f1: 0.7865 pred_right: 454882 pred_wrong:14918 actu_right: 454992 actu_wrong: 14808
2026-09-15 08:00:06,019 P3644635 INFO ----------------------------------------------------------------------------------------------------
2026-09-15 08:00:06,019 P3644635 INFO 25/50 starting... lr: 0.001 para:0.03846153989434242
2026-09-15 08:01:17,669 P3644635 INFO Epoch 25/50, all_loss:1.27778 cls_loss:1.31404 rec_loss:0.37133 [71.64s]; best loss:1.27778, patience : 0
2026-09-15 08:01:52,090 P3644635 INFO pr:0.9145  rc:0.7434  auc:0.9955 ap:0.9554 f1: 0.8201 pred_right: 1068166 pred_wrong:28034 actu_right: 1061713 actu_wrong: 34487
2026-09-15 08:02:04,138 P3644635 INFO pr:0.9166  rc:0.7426  auc:0.9953 ap:0.9548 f1: 0.8205 pred_right: 457804 pred_wrong:11996 actu_right: 454992 actu_wrong: 14808
2026-09-15 08:02:04,139 P3644635 INFO ----------------------------------------------------------------------------------------------------
2026-09-15 08:02:04,139 P3644635 INFO 26/50 starting... lr: 0.001 para:0.03703703731298447
2026-09-15 08:03:11,981 P3644635 INFO Epoch 26/50, all_loss:1.27611 cls_loss:1.31064 rec_loss:0.37842 [67.84s]; best loss:1.27611, patience : 0
2026-09-15 08:03:50,155 P3644635 INFO pr:0.8837  rc:0.7497  auc:0.9952 ap:0.9542 f1: 0.8112 pred_right: 1066943 pred_wrong:29257 actu_right: 1061713 actu_wrong: 34487
2026-09-15 08:04:01,738 P3644635 INFO pr:0.8855  rc:0.7508  auc:0.9952 ap:0.9545 f1: 0.8126 pred_right: 457245 pred_wrong:12555 actu_right: 454992 actu_wrong: 14808
2026-09-15 08:04:01,739 P3644635 INFO ----------------------------------------------------------------------------------------------------
2026-09-15 08:04:01,739 P3644635 INFO 27/50 starting... lr: 0.001 para:0.0357142873108387
2026-09-15 08:05:07,125 P3644635 INFO Epoch 27/50, all_loss:1.25196 cls_loss:1.28425 rec_loss:0.38016 [65.38s]; best loss:1.25196, patience : 0
2026-09-15 08:05:36,606 P3644635 INFO pr:0.9340  rc:0.7221  auc:0.9948 ap:0.9519 f1: 0.8145 pred_right: 1069538 pred_wrong:26662 actu_right: 1061716 actu_wrong: 34484
2026-09-15 08:05:52,287 P3644635 INFO pr:0.9371  rc:0.7193  auc:0.9946 ap:0.9526 f1: 0.8139 pred_right: 458433 pred_wrong:11367 actu_right: 454992 actu_wrong: 14808
2026-09-15 08:05:52,290 P3644635 INFO ----------------------------------------------------------------------------------------------------
2026-09-15 08:05:52,290 P3644635 INFO 28/50 starting... lr: 0.001 para:0.03448275849223137
2026-09-15 08:07:07,283 P3644635 INFO Epoch 28/50, all_loss:1.24979 cls_loss:1.28065 rec_loss:0.38568 [74.99s]; best loss:1.24979, patience : 0
2026-09-15 08:07:36,623 P3644635 INFO pr:0.8886  rc:0.7540  auc:0.9946 ap:0.9505 f1: 0.8158 pred_right: 1066935 pred_wrong:29265 actu_right: 1061709 actu_wrong: 34491
2026-09-15 08:07:49,220 P3644635 INFO pr:0.8913  rc:0.7538  auc:0.9946 ap:0.9506 f1: 0.8168 pred_right: 457276 pred_wrong:12524 actu_right: 454992 actu_wrong: 14808
2026-09-15 08:07:49,221 P3644635 INFO ----------------------------------------------------------------------------------------------------
2026-09-15 08:07:49,222 P3644635 INFO 29/50 starting... lr: 0.001 para:0.03333333507180214
2026-09-15 08:09:04,965 P3644635 INFO Epoch 29/50, all_loss:1.24260 cls_loss:1.27181 rec_loss:0.39545 [75.74s]; best loss:1.24260, patience : 0
2026-09-15 08:09:33,379 P3644635 INFO pr:0.9149  rc:0.7598  auc:0.9960 ap:0.9585 f1: 0.8302 pred_right: 1067561 pred_wrong:28639 actu_right: 1061713 actu_wrong: 34487
2026-09-15 08:09:45,949 P3644635 INFO pr:0.9174  rc:0.7600  auc:0.9958 ap:0.9582 f1: 0.8313 pred_right: 457533 pred_wrong:12267 actu_right: 454992 actu_wrong: 14808
2026-09-15 08:09:45,956 P3644635 INFO ----------------------------------------------------------------------------------------------------
2026-09-15 08:09:45,957 P3644635 INFO 30/50 starting... lr: 0.001 para:0.032258063554763794
2026-09-15 08:11:01,784 P3644635 INFO Epoch 30/50, all_loss:1.23960 cls_loss:1.26750 rec_loss:0.40236 [75.82s]; best loss:1.23960, patience : 0
2026-09-15 08:11:29,870 P3644635 INFO pr:0.9209  rc:0.7517  auc:0.9955 ap:0.9591 f1: 0.8278 pred_right: 1068043 pred_wrong:28157 actu_right: 1061707 actu_wrong: 34493
2026-09-15 08:11:41,920 P3644635 INFO pr:0.9202  rc:0.7517  auc:0.9954 ap:0.9584 f1: 0.8275 pred_right: 457704 pred_wrong:12096 actu_right: 454992 actu_wrong: 14808
2026-09-15 08:11:41,922 P3644635 INFO ----------------------------------------------------------------------------------------------------
2026-09-15 08:11:41,922 P3644635 INFO 31/50 starting... lr: 0.001 para:0.03125
2026-09-15 08:12:58,670 P3644635 INFO Epoch 31/50, all_loss:1.22320 cls_loss:1.24973 rec_loss:0.40094 [76.74s]; best loss:1.22320, patience : 0
2026-09-15 08:13:26,610 P3644635 INFO pr:0.9150  rc:0.7629  auc:0.9961 ap:0.9607 f1: 0.8320 pred_right: 1067438 pred_wrong:28762 actu_right: 1061705 actu_wrong: 34495
2026-09-15 08:13:38,684 P3644635 INFO pr:0.9168  rc:0.7638  auc:0.9959 ap:0.9602 f1: 0.8333 pred_right: 457464 pred_wrong:12336 actu_right: 454992 actu_wrong: 14808
2026-09-15 08:13:38,690 P3644635 INFO ----------------------------------------------------------------------------------------------------
2026-09-15 08:13:38,690 P3644635 INFO 32/50 starting... lr: 0.001 para:0.03030303120613098
2026-09-15 08:14:47,165 P3644635 INFO Epoch 32/50, all_loss:1.22484 cls_loss:1.25051 rec_loss:0.40341 [68.47s]; best loss:1.22320, patience : 1
2026-09-15 08:15:24,513 P3644635 INFO pr:0.9185  rc:0.7578  auc:0.9960 ap:0.9595 f1: 0.8305 pred_right: 1067741 pred_wrong:28459 actu_right: 1061709 actu_wrong: 34491
2026-09-15 08:15:36,811 P3644635 INFO pr:0.9210  rc:0.7593  auc:0.9957 ap:0.9595 f1: 0.8324 pred_right: 457593 pred_wrong:12207 actu_right: 454992 actu_wrong: 14808
2026-09-15 08:15:36,812 P3644635 INFO ----------------------------------------------------------------------------------------------------
2026-09-15 08:15:36,812 P3644635 INFO 33/50 starting... lr: 0.001 para:0.029411764815449715
2026-09-15 08:16:46,360 P3644635 INFO Epoch 33/50, all_loss:1.21466 cls_loss:1.23945 rec_loss:0.39653 [69.54s]; best loss:1.21466, patience : 0
2026-09-15 08:17:23,889 P3644635 INFO pr:0.9059  rc:0.7639  auc:0.9960 ap:0.9586 f1: 0.8289 pred_right: 1067115 pred_wrong:29085 actu_right: 1061711 actu_wrong: 34489
2026-09-15 08:17:35,495 P3644635 INFO pr:0.9075  rc:0.7659  auc:0.9958 ap:0.9582 f1: 0.8307 pred_right: 457302 pred_wrong:12498 actu_right: 454992 actu_wrong: 14808
2026-09-15 08:17:35,496 P3644635 INFO ----------------------------------------------------------------------------------------------------
2026-09-15 08:17:35,497 P3644635 INFO 34/50 starting... lr: 0.001 para:0.02857142873108387
2026-09-15 08:18:45,050 P3644635 INFO Epoch 34/50, all_loss:1.18684 cls_loss:1.20987 rec_loss:0.40389 [69.55s]; best loss:1.18684, patience : 0
2026-09-15 08:19:13,576 P3644635 INFO pr:0.9232  rc:0.7684  auc:0.9963 ap:0.9620 f1: 0.8387 pred_right: 1067492 pred_wrong:28708 actu_right: 1061710 actu_wrong: 34490
2026-09-15 08:19:34,409 P3644635 INFO pr:0.9244  rc:0.7685  auc:0.9961 ap:0.9606 f1: 0.8393 pred_right: 457489 pred_wrong:12311 actu_right: 454992 actu_wrong: 14808
2026-09-15 08:19:34,423 P3644635 INFO ----------------------------------------------------------------------------------------------------
2026-09-15 08:19:34,423 P3644635 INFO 35/50 starting... lr: 0.001 para:0.02777777798473835
2026-09-15 08:20:43,895 P3644635 INFO Epoch 35/50, all_loss:1.18918 cls_loss:1.21153 rec_loss:0.40694 [69.47s]; best loss:1.18684, patience : 1
2026-09-15 08:21:12,849 P3644635 INFO pr:0.9333  rc:0.7446  auc:0.9962 ap:0.9610 f1: 0.8283 pred_right: 1068682 pred_wrong:27518 actu_right: 1061709 actu_wrong: 34491
2026-09-15 08:21:25,176 P3644635 INFO pr:0.9328  rc:0.7471  auc:0.9961 ap:0.9608 f1: 0.8297 pred_right: 457940 pred_wrong:11860 actu_right: 454992 actu_wrong: 14808
2026-09-15 08:21:25,176 P3644635 INFO ----------------------------------------------------------------------------------------------------
2026-09-15 08:21:25,177 P3644635 INFO 36/50 starting... lr: 0.001 para:0.027027027681469917
2026-09-15 08:22:40,356 P3644635 INFO Epoch 36/50, all_loss:1.20706 cls_loss:1.22913 rec_loss:0.41246 [75.18s]; best loss:1.18684, patience : 2
2026-09-15 08:23:09,324 P3644635 INFO pr:0.9288  rc:0.7594  auc:0.9965 ap:0.9637 f1: 0.8356 pred_right: 1068001 pred_wrong:28199 actu_right: 1061711 actu_wrong: 34489
2026-09-15 08:23:21,202 P3644635 INFO pr:0.9308  rc:0.7609  auc:0.9963 ap:0.9638 f1: 0.8373 pred_right: 457694 pred_wrong:12106 actu_right: 454992 actu_wrong: 14808
2026-09-15 08:23:21,203 P3644635 INFO ----------------------------------------------------------------------------------------------------
2026-09-15 08:23:21,203 P3644635 INFO 37/50 starting... lr: 0.001 para:0.02631578966975212
2026-09-15 08:24:36,912 P3644635 INFO Epoch 37/50, all_loss:1.17061 cls_loss:1.19114 rec_loss:0.41081 [75.70s]; best loss:1.17061, patience : 0
2026-09-15 08:25:05,799 P3644635 INFO pr:0.9259  rc:0.7597  auc:0.9965 ap:0.9628 f1: 0.8346 pred_right: 1067903 pred_wrong:28297 actu_right: 1061712 actu_wrong: 34488
2026-09-15 08:25:18,203 P3644635 INFO pr:0.9260  rc:0.7617  auc:0.9962 ap:0.9620 f1: 0.8359 pred_right: 457620 pred_wrong:12180 actu_right: 454992 actu_wrong: 14808
2026-09-15 08:25:18,204 P3644635 INFO ----------------------------------------------------------------------------------------------------
2026-09-15 08:25:18,204 P3644635 INFO 38/50 starting... lr: 0.001 para:0.025641025975346565
2026-09-15 08:26:32,263 P3644635 INFO Epoch 38/50, all_loss:1.16355 cls_loss:1.18295 rec_loss:0.42665 [74.05s]; best loss:1.16355, patience : 0
2026-09-15 08:27:01,056 P3644635 INFO pr:0.9058  rc:0.7865  auc:0.9964 ap:0.9618 f1: 0.8419 pred_right: 1066252 pred_wrong:29948 actu_right: 1061711 actu_wrong: 34489
2026-09-15 08:27:13,207 P3644635 INFO pr:0.9040  rc:0.7874  auc:0.9961 ap:0.9610 f1: 0.8417 pred_right: 456902 pred_wrong:12898 actu_right: 454992 actu_wrong: 14808
2026-09-15 08:27:13,213 P3644635 INFO ----------------------------------------------------------------------------------------------------
2026-09-15 08:27:13,213 P3644635 INFO 39/50 starting... lr: 0.001 para:0.02500000037252903
2026-09-15 08:28:23,039 P3644635 INFO Epoch 39/50, all_loss:1.16227 cls_loss:1.18077 rec_loss:0.44076 [69.82s]; best loss:1.16227, patience : 0
2026-09-15 08:29:02,852 P3644635 INFO pr:0.9321  rc:0.7517  auc:0.9963 ap:0.9616 f1: 0.8323 pred_right: 1068389 pred_wrong:27811 actu_right: 1061713 actu_wrong: 34487
2026-09-15 08:29:15,062 P3644635 INFO pr:0.9328  rc:0.7480  auc:0.9960 ap:0.9608 f1: 0.8302 pred_right: 457926 pred_wrong:11874 actu_right: 454992 actu_wrong: 14808
2026-09-15 08:29:15,063 P3644635 INFO ----------------------------------------------------------------------------------------------------
2026-09-15 08:29:15,063 P3644635 INFO 40/50 starting... lr: 0.001 para:0.024390242993831635
2026-09-15 08:30:22,084 P3644635 INFO Epoch 40/50, all_loss:1.14277 cls_loss:1.16034 rec_loss:0.44005 [67.01s]; best loss:1.14277, patience : 0
2026-09-15 08:30:55,746 P3644635 INFO pr:0.9248  rc:0.7632  auc:0.9965 ap:0.9640 f1: 0.8363 pred_right: 1067738 pred_wrong:28462 actu_right: 1061709 actu_wrong: 34491
2026-09-15 08:31:13,226 P3644635 INFO pr:0.9257  rc:0.7622  auc:0.9964 ap:0.9635 f1: 0.8360 pred_right: 457608 pred_wrong:12192 actu_right: 454992 actu_wrong: 14808
2026-09-15 08:31:13,227 P3644635 INFO ----------------------------------------------------------------------------------------------------
2026-09-15 08:31:13,227 P3644635 INFO 41/50 starting... lr: 0.001 para:0.02380952425301075
2026-09-15 08:32:17,873 P3644635 INFO Epoch 41/50, all_loss:1.13699 cls_loss:1.15372 rec_loss:0.45101 [64.64s]; best loss:1.13699, patience : 0
2026-09-15 08:32:47,583 P3644635 INFO pr:0.8558  rc:0.7887  auc:0.9959 ap:0.9582 f1: 0.8209 pred_right: 1064417 pred_wrong:31783 actu_right: 1061711 actu_wrong: 34489
2026-09-15 08:32:58,667 P3644635 INFO pr:0.8593  rc:0.7895  auc:0.9957 ap:0.9579 f1: 0.8229 pred_right: 456194 pred_wrong:13606 actu_right: 454992 actu_wrong: 14808
2026-09-15 08:32:58,668 P3644635 INFO ----------------------------------------------------------------------------------------------------
2026-09-15 08:32:58,669 P3644635 INFO 42/50 starting... lr: 0.001 para:0.023255813866853714
2026-09-15 08:34:13,958 P3644635 INFO Epoch 42/50, all_loss:1.15101 cls_loss:1.16763 rec_loss:0.45290 [75.29s]; best loss:1.13699, patience : 1
2026-09-15 08:34:42,452 P3644635 INFO pr:0.9370  rc:0.7712  auc:0.9968 ap:0.9669 f1: 0.8461 pred_right: 1067817 pred_wrong:28383 actu_right: 1061713 actu_wrong: 34487
2026-09-15 08:34:54,778 P3644635 INFO pr:0.9354  rc:0.7719  auc:0.9966 ap:0.9661 f1: 0.8458 pred_right: 457580 pred_wrong:12220 actu_right: 454992 actu_wrong: 14808
2026-09-15 08:34:54,785 P3644635 INFO ----------------------------------------------------------------------------------------------------
2026-09-15 08:34:54,785 P3644635 INFO 43/50 starting... lr: 0.001 para:0.022727273404598236
2026-09-15 08:36:09,685 P3644635 INFO Epoch 43/50, all_loss:1.11803 cls_loss:1.13338 rec_loss:0.45810 [74.89s]; best loss:1.11803, patience : 0
2026-09-15 08:36:38,186 P3644635 INFO pr:0.9328  rc:0.7705  auc:0.9964 ap:0.9634 f1: 0.8439 pred_right: 1067710 pred_wrong:28490 actu_right: 1061708 actu_wrong: 34492
2026-09-15 08:36:50,069 P3644635 INFO pr:0.9318  rc:0.7682  auc:0.9961 ap:0.9627 f1: 0.8422 pred_right: 457592 pred_wrong:12208 actu_right: 454992 actu_wrong: 14808
2026-09-15 08:36:50,070 P3644635 INFO ----------------------------------------------------------------------------------------------------
2026-09-15 08:36:50,070 P3644635 INFO 44/50 starting... lr: 0.001 para:0.02222222276031971
2026-09-15 08:38:05,167 P3644635 INFO Epoch 44/50, all_loss:1.14842 cls_loss:1.16399 rec_loss:0.46363 [75.10s]; best loss:1.11803, patience : 1
2026-09-15 08:38:33,906 P3644635 INFO pr:0.9151  rc:0.7840  auc:0.9968 ap:0.9671 f1: 0.8445 pred_right: 1066656 pred_wrong:29544 actu_right: 1061714 actu_wrong: 34486
2026-09-15 08:38:45,796 P3644635 INFO pr:0.9137  rc:0.7842  auc:0.9967 ap:0.9660 f1: 0.8440 pred_right: 457090 pred_wrong:12710 actu_right: 454992 actu_wrong: 14808
2026-09-15 08:38:45,798 P3644635 INFO ----------------------------------------------------------------------------------------------------
2026-09-15 08:38:45,798 P3644635 INFO 45/50 starting... lr: 0.001 para:0.021739130839705467
2026-09-15 08:39:55,810 P3644635 INFO Epoch 45/50, all_loss:1.10691 cls_loss:1.12086 rec_loss:0.47913 [70.00s]; best loss:1.10691, patience : 0
2026-09-15 08:40:31,324 P3644635 INFO pr:0.9368  rc:0.7768  auc:0.9969 ap:0.9671 f1: 0.8493 pred_right: 1067602 pred_wrong:28598 actu_right: 1061713 actu_wrong: 34487
2026-09-15 08:40:43,367 P3644635 INFO pr:0.9348  rc:0.7748  auc:0.9966 ap:0.9660 f1: 0.8473 pred_right: 457527 pred_wrong:12273 actu_right: 454992 actu_wrong: 14808
2026-09-15 08:40:43,373 P3644635 INFO ----------------------------------------------------------------------------------------------------
2026-09-15 08:40:43,373 P3644635 INFO 46/50 starting... lr: 0.001 para:0.021276595070958138
2026-09-15 08:41:51,274 P3644635 INFO Epoch 46/50, all_loss:1.12718 cls_loss:1.14127 rec_loss:0.47887 [67.90s]; best loss:1.10691, patience : 1
2026-09-15 08:42:27,906 P3644635 INFO pr:0.9110  rc:0.7946  auc:0.9970 ap:0.9685 f1: 0.8488 pred_right: 1066117 pred_wrong:30083 actu_right: 1061711 actu_wrong: 34489
2026-09-15 08:42:40,847 P3644635 INFO pr:0.9106  rc:0.7945  auc:0.9968 ap:0.9675 f1: 0.8486 pred_right: 456880 pred_wrong:12920 actu_right: 454992 actu_wrong: 14808
2026-09-15 08:42:40,848 P3644635 INFO ----------------------------------------------------------------------------------------------------
2026-09-15 08:42:40,848 P3644635 INFO 47/50 starting... lr: 0.001 para:0.02083333395421505
2026-09-15 08:43:46,629 P3644635 INFO Epoch 47/50, all_loss:1.08595 cls_loss:1.09873 rec_loss:0.48517 [65.77s]; best loss:1.08595, patience : 0
2026-09-15 08:44:15,627 P3644635 INFO pr:0.9239  rc:0.7714  auc:0.9961 ap:0.9654 f1: 0.8408 pred_right: 1067404 pred_wrong:28796 actu_right: 1061710 actu_wrong: 34490
2026-09-15 08:44:30,250 P3644635 INFO pr:0.9249  rc:0.7686  auc:0.9958 ap:0.9646 f1: 0.8396 pred_right: 457494 pred_wrong:12306 actu_right: 454992 actu_wrong: 14808
2026-09-15 08:44:30,253 P3644635 INFO ----------------------------------------------------------------------------------------------------
2026-09-15 08:44:30,253 P3644635 INFO 48/50 starting... lr: 0.001 para:0.020408162847161293
2026-09-15 08:45:41,730 P3644635 INFO Epoch 48/50, all_loss:1.10034 cls_loss:1.11280 rec_loss:0.50229 [71.48s]; best loss:1.08595, patience : 1
2026-09-15 08:46:10,966 P3644635 INFO pr:0.9197  rc:0.8051  auc:0.9966 ap:0.9690 f1: 0.8586 pred_right: 1066008 pred_wrong:30192 actu_right: 1061713 actu_wrong: 34487
2026-09-15 08:46:24,364 P3644635 INFO pr:0.9194  rc:0.8047  auc:0.9965 ap:0.9686 f1: 0.8582 pred_right: 456839 pred_wrong:12961 actu_right: 454992 actu_wrong: 14808
2026-09-15 08:46:24,376 P3644635 INFO ----------------------------------------------------------------------------------------------------
2026-09-15 08:46:24,377 P3644635 INFO 49/50 starting... lr: 0.001 para:0.019999999552965164
2026-09-15 08:47:36,780 P3644635 INFO Epoch 49/50, all_loss:1.07639 cls_loss:1.08826 rec_loss:0.49464 [72.40s]; best loss:1.07639, patience : 0
2026-09-15 08:48:05,411 P3644635 INFO pr:0.9441  rc:0.7603  auc:0.9963 ap:0.9635 f1: 0.8423 pred_right: 1068427 pred_wrong:27773 actu_right: 1061714 actu_wrong: 34486
2026-09-15 08:48:16,776 P3644635 INFO pr:0.9442  rc:0.7572  auc:0.9960 ap:0.9625 f1: 0.8404 pred_right: 457925 pred_wrong:11875 actu_right: 454992 actu_wrong: 14808
2026-09-15 08:48:16,777 P3644635 INFO saving model...
2026-09-15 08:48:16,783 P3644635 INFO FITS_Legendre - loss  best score:1.0763894319534302 at epoch 49
2026-09-15 08:48:16,792 P3644635 INFO FITS_Legendre - f1  best score:0.8586094404675397 at epoch 48
2026-09-15 08:48:16,800 P3644635 INFO Average training time per epoch: 71.58 seconds
2026-09-15 08:48:16,801 P3644635 INFO calculate scores...
2026-09-15 08:48:16,801 P3644635 INFO calculate label with loss...
2026-09-15 08:48:16,801 P3644635 INFO FITS_Legendre on ./result/server_only_exps/Ablations_updatedFreDF/FITS_Legendre-TT-Epochs50-Seed2-ExpNameRQ2z5_basis_degree_comparison-LPFLPF-Attnlinear_attn-NormLinTrue-RecLambda1.0-AuxiLambda0.2-lowshow-simplegraph-Degree7-BasisTypefourier loading...
2026-09-15 08:48:28,829 P3644635 INFO pr:0.9442  rc:0.7572  auc:0.9960 ap:0.9625 f1: 0.8404 pred_right: 457925 pred_wrong:11875 actu_right: 454992 actu_wrong: 14808
2026-09-15 08:48:45,460 P3644635 INFO pr:0.9442  rc:0.7572  auc:0.9960 ap:0.9625 f1: 0.8404 pred_right: 457925 pred_wrong:11875 actu_right: 454992 actu_wrong: 14808
2026-09-15 08:48:45,461 P3644635 INFO Performance Summary:
{'GPU': {'inference_time_per_sample_ms': 0.6430919134794776, 'throughput_samples_per_sec': 1554.9876760064594, 'peak_memory_mb': 86.8818359375, 'energy_per_sample_joules': 0.0390964513340281}, 'CPU': {'inference_time_per_sample_ms': 0.9118765695223715, 'throughput_samples_per_sec': 1096.6396477582337, 'peak_memory_mb': 5439.42578125, 'energy_per_sample_joules': 0.05927197701895415}}
2026-09-15 08:48:45,461 P3644635 INFO Starting clean-room hardware benchmarking...
2026-09-15 08:48:48,452 P3644635 INFO Performance with loss: pr:0.9442  rc:0.7572  auc:0.9960 ap:0.9625 f1: 0.8404 pred_right: 457925 pred_wrong:11875 actu_right: 454992 actu_wrong: 14808
2026-09-15 08:48:48,452 P3644635 INFO calculate label with f1...
2026-09-15 08:48:48,452 P3644635 INFO FITS_Legendre on ./result/server_only_exps/Ablations_updatedFreDF/FITS_Legendre-TT-Epochs50-Seed2-ExpNameRQ2z5_basis_degree_comparison-LPFLPF-Attnlinear_attn-NormLinTrue-RecLambda1.0-AuxiLambda0.2-lowshow-simplegraph-Degree7-BasisTypefourier loading...
2026-09-15 08:48:59,446 P3644635 INFO pr:0.9194  rc:0.8047  auc:0.9965 ap:0.9686 f1: 0.8582 pred_right: 456839 pred_wrong:12961 actu_right: 454992 actu_wrong: 14808
2026-09-15 08:49:30,600 P3644635 INFO pr:0.9194  rc:0.8047  auc:0.9965 ap:0.9686 f1: 0.8582 pred_right: 456839 pred_wrong:12961 actu_right: 454992 actu_wrong: 14808
2026-09-15 08:49:30,601 P3644635 INFO Performance Summary:
{'GPU': {'inference_time_per_sample_ms': 0.5865155330618542, 'throughput_samples_per_sec': 1704.9846826384726, 'peak_memory_mb': 86.376953125, 'energy_per_sample_joules': 0.03873084648350607}, 'CPU': {'inference_time_per_sample_ms': 1.736624698003863, 'throughput_samples_per_sec': 575.8296545876808, 'peak_memory_mb': 5441.56640625, 'energy_per_sample_joules': 0.1128806053702511}}
2026-09-15 08:49:30,601 P3644635 INFO Starting clean-room hardware benchmarking...
2026-09-15 08:49:33,896 P3644635 INFO Performance with f1: pr:0.9194  rc:0.8047  auc:0.9965 ap:0.9686 f1: 0.8582 pred_right: 456839 pred_wrong:12961 actu_right: 454992 actu_wrong: 14808
