2026-07-23 05:14:40,047 P3861255 INFO ---- Model: ----MSTGAD-b3579c39----random_seed : 2----req_loss_approach : Legendre-style----rec_lambda : 1.0----auxi_lambda : 0.01----Freq Domain : FITS_Legendre----Multi Fits : false----train : True----evaluate : False
2026-07-23 05:14:40,047 P3861255 INFO Load from /home/db2003/Desktop/Amr/Tests/Eadro/codes/chunks/TT
2026-07-23 05:14:52,800 P3861255 INFO Fewshot: training with 1.0 of the 70% of the data
2026-07-23 05:14:52,876 P3861255 INFO Trainable Parameters Breakdown:
2026-07-23 05:14:52,876 P3861255 INFO --------------------------------------------------------------------------------
2026-07-23 05:14:52,876 P3861255 INFO Reconstruction-Specific Parameters:
2026-07-23 05:14:52,876 P3861255 INFO node_emb.linear.weight                   | shape: (8, 7)                    | params: 56
2026-07-23 05:14:52,876 P3861255 INFO node_emb.linear.bias                     | shape: (8,)                      | params: 8
2026-07-23 05:14:52,876 P3861255 INFO log_emb.linear.weight                    | shape: (32, 60)                  | params: 1,920
2026-07-23 05:14:52,876 P3861255 INFO log_emb.linear.bias                      | shape: (32,)                     | params: 32
2026-07-23 05:14:52,876 P3861255 INFO egde_emb.linear.weight                   | shape: (8, 2)                    | params: 16
2026-07-23 05:14:52,876 P3861255 INFO egde_emb.linear.bias                     | shape: (8,)                      | params: 8
2026-07-23 05:14:52,876 P3861255 INFO dense_node.weight                        | shape: (7, 8)                    | params: 56
2026-07-23 05:14:52,876 P3861255 INFO dense_node.bias                          | shape: (7,)                      | params: 7
2026-07-23 05:14:52,876 P3861255 INFO dense_log.weight                         | shape: (60, 32)                  | params: 1,920
2026-07-23 05:14:52,876 P3861255 INFO dense_log.bias                           | shape: (60,)                     | params: 60
2026-07-23 05:14:52,876 P3861255 INFO dense_edge.weight                        | shape: (2, 8)                    | params: 16
2026-07-23 05:14:52,876 P3861255 INFO dense_edge.bias                          | shape: (2,)                      | params: 2
2026-07-23 05:14:52,876 P3861255 INFO linear_attn.Wq.weight                    | shape: (10, 10)                  | params: 100
2026-07-23 05:14:52,876 P3861255 INFO linear_attn.Wk.weight                    | shape: (10, 10)                  | params: 100
2026-07-23 05:14:52,876 P3861255 INFO linear_attn.Wv.weight                    | shape: (10, 10)                  | params: 100
2026-07-23 05:14:52,876 P3861255 INFO linear_attn.out.weight                   | shape: (10, 10)                  | params: 100
2026-07-23 05:14:52,876 P3861255 INFO linear_attn.out.bias                     | shape: (10,)                     | params: 10
2026-07-23 05:14:52,876 P3861255 INFO linear_attn.norm.weight                  | shape: (10,)                     | params: 10
2026-07-23 05:14:52,876 P3861255 INFO linear_attn.norm.bias                    | shape: (10,)                     | params: 10
2026-07-23 05:14:52,877 P3861255 INFO shared_fits.normlin_W                    | shape: (5, 5)                    | params: 25
2026-07-23 05:14:52,877 P3861255 INFO shared_fits.freq_upsampler.weight        | shape: (5, 5)                    | params: 25
2026-07-23 05:14:52,877 P3861255 INFO shared_fits.freq_upsampler.bias          | shape: (5,)                      | params: 5
2026-07-23 05:14:52,877 P3861255 INFO modality_proj.node.weight                | shape: (10, 8)                   | params: 80
2026-07-23 05:14:52,877 P3861255 INFO modality_proj.node.bias                  | shape: (10,)                     | params: 10
2026-07-23 05:14:52,877 P3861255 INFO modality_proj.log.weight                 | shape: (10, 32)                  | params: 320
2026-07-23 05:14:52,877 P3861255 INFO modality_proj.log.bias                   | shape: (10,)                     | params: 10
2026-07-23 05:14:52,877 P3861255 INFO modality_proj.edge.weight                | shape: (10, 8)                   | params: 80
2026-07-23 05:14:52,877 P3861255 INFO modality_proj.edge.bias                  | shape: (10,)                     | params: 10
2026-07-23 05:14:52,877 P3861255 INFO modality_proj_out.node.weight            | shape: (8, 10)                   | params: 80
2026-07-23 05:14:52,877 P3861255 INFO modality_proj_out.node.bias              | shape: (8,)                      | params: 8
2026-07-23 05:14:52,877 P3861255 INFO modality_proj_out.log.weight             | shape: (32, 10)                  | params: 320
2026-07-23 05:14:52,877 P3861255 INFO modality_proj_out.log.bias               | shape: (32,)                     | params: 32
2026-07-23 05:14:52,877 P3861255 INFO modality_proj_out.edge.weight            | shape: (8, 10)                   | params: 80
2026-07-23 05:14:52,877 P3861255 INFO modality_proj_out.edge.bias              | shape: (8,)                      | params: 8
2026-07-23 05:14:52,877 P3861255 INFO Subtotal: 5,624
2026-07-23 05:14:52,877 P3861255 INFO --------------------------------------------------------------------------------
2026-07-23 05:14:52,877 P3861255 INFO Common Parameters:
2026-07-23 05:14:52,877 P3861255 INFO show.0.weight                            | shape: (128, 69)                 | params: 8,832
2026-07-23 05:14:52,877 P3861255 INFO show.0.bias                              | shape: (128,)                    | params: 128
2026-07-23 05:14:52,877 P3861255 INFO show.2.weight                            | shape: (2, 128)                  | params: 256
2026-07-23 05:14:52,877 P3861255 INFO show.2.bias                              | shape: (2,)                      | params: 2
2026-07-23 05:14:52,877 P3861255 INFO Subtotal: 9,218
2026-07-23 05:14:52,877 P3861255 INFO --------------------------------------------------------------------------------
2026-07-23 05:14:52,877 P3861255 INFO Total Trainable Parameters: 14,842

2026-07-23 05:14:52,877 P3861255 INFO Trainable Parameters: 14842, reconstruction: 5624, common: 9218
2026-07-23 05:14:52,877 P3861255 INFO model : init weight
2026-07-23 05:14:52,878 P3861255 INFO Using GPU...
2026-07-23 05:14:52,881 P3861255 INFO optimizer : using AdaBelief
2026-07-23 05:14:52,882 P3861255 INFO ----------------------------------------------------------------------------------------------------
2026-07-23 05:14:52,882 P3861255 INFO 0/50 starting... lr: 0.001 para:1.0
2026-07-23 05:15:19,318 P3861255 INFO Epoch 0/50, all_loss:0.05664 cls_loss:31.78121 rec_loss:0.05664 [26.43s]; best loss:0.05664, patience : 0
2026-07-23 05:15:19,319 P3861255 INFO ----------------------------------------------------------------------------------------------------
2026-07-23 05:15:19,319 P3861255 INFO 1/50 starting... lr: 0.001 para:0.5
2026-07-23 05:15:40,635 P3861255 INFO Epoch 1/50, all_loss:2.45997 cls_loss:4.73113 rec_loss:0.18880 [21.31s]; best loss:2.45997, patience : 0
2026-07-23 05:15:40,636 P3861255 INFO ----------------------------------------------------------------------------------------------------
2026-07-23 05:15:40,636 P3861255 INFO 2/50 starting... lr: 0.001 para:0.3333333432674408
2026-07-23 05:16:01,198 P3861255 INFO Epoch 2/50, all_loss:1.71105 cls_loss:2.42332 rec_loss:0.28652 [20.56s]; best loss:1.71105, patience : 0
2026-07-23 05:16:12,116 P3861255 INFO pr:0.8561  rc:0.4589  auc:0.9855 ap:0.8819 f1: 0.5975 pred_right: 1077711 pred_wrong:18489 actu_right: 1061707 actu_wrong: 34493
2026-07-23 05:16:16,650 P3861255 INFO pr:0.8538  rc:0.4546  auc:0.9856 ap:0.8826 f1: 0.5932 pred_right: 461916 pred_wrong:7884 actu_right: 454992 actu_wrong: 14808
2026-07-23 05:16:16,654 P3861255 INFO ----------------------------------------------------------------------------------------------------
2026-07-23 05:16:16,654 P3861255 INFO 3/50 starting... lr: 0.001 para:0.25
2026-07-23 05:16:37,207 P3861255 INFO Epoch 3/50, all_loss:1.73436 cls_loss:2.21958 rec_loss:0.27871 [20.55s]; best loss:1.71105, patience : 1
2026-07-23 05:16:54,909 P3861255 INFO pr:0.8546  rc:0.4752  auc:0.9869 ap:0.8854 f1: 0.6108 pred_right: 1077020 pred_wrong:19180 actu_right: 1061708 actu_wrong: 34492
2026-07-23 05:17:00,057 P3861255 INFO pr:0.8584  rc:0.4756  auc:0.9868 ap:0.8865 f1: 0.6121 pred_right: 461595 pred_wrong:8205 actu_right: 454992 actu_wrong: 14808
2026-07-23 05:17:00,062 P3861255 INFO ----------------------------------------------------------------------------------------------------
2026-07-23 05:17:00,062 P3861255 INFO 4/50 starting... lr: 0.001 para:0.20000000298023224
2026-07-23 05:17:20,736 P3861255 INFO Epoch 4/50, all_loss:1.76215 cls_loss:2.13463 rec_loss:0.27225 [20.67s]; best loss:1.71105, patience : 2
2026-07-23 05:17:31,289 P3861255 INFO pr:0.7879  rc:0.5750  auc:0.9878 ap:0.8938 f1: 0.6648 pred_right: 1071026 pred_wrong:25174 actu_right: 1061706 actu_wrong: 34494
2026-07-23 05:17:35,980 P3861255 INFO pr:0.7956  rc:0.5800  auc:0.9878 ap:0.8950 f1: 0.6709 pred_right: 459005 pred_wrong:10795 actu_right: 454992 actu_wrong: 14808
2026-07-23 05:17:35,984 P3861255 INFO ----------------------------------------------------------------------------------------------------
2026-07-23 05:17:35,985 P3861255 INFO 5/50 starting... lr: 0.001 para:0.1666666716337204
2026-07-23 05:17:56,589 P3861255 INFO Epoch 5/50, all_loss:1.75716 cls_loss:2.05579 rec_loss:0.26404 [20.60s]; best loss:1.71105, patience : 2
2026-07-23 05:18:08,689 P3861255 INFO pr:0.8665  rc:0.5235  auc:0.9888 ap:0.9027 f1: 0.6527 pred_right: 1075364 pred_wrong:20836 actu_right: 1061711 actu_wrong: 34489
2026-07-23 05:18:12,469 P3861255 INFO pr:0.8691  rc:0.5236  auc:0.9890 ap:0.9040 f1: 0.6535 pred_right: 460878 pred_wrong:8922 actu_right: 454992 actu_wrong: 14808
2026-07-23 05:18:12,470 P3861255 INFO ----------------------------------------------------------------------------------------------------
2026-07-23 05:18:12,470 P3861255 INFO 6/50 starting... lr: 0.001 para:0.1428571492433548
2026-07-23 05:18:39,955 P3861255 INFO Epoch 6/50, all_loss:1.71696 cls_loss:1.95958 rec_loss:0.26121 [27.48s]; best loss:1.71105, patience : 2
2026-07-23 05:18:50,662 P3861255 INFO pr:0.8342  rc:0.5954  auc:0.9896 ap:0.9098 f1: 0.6948 pred_right: 1071583 pred_wrong:24617 actu_right: 1061709 actu_wrong: 34491
2026-07-23 05:18:55,377 P3861255 INFO pr:0.8415  rc:0.5941  auc:0.9898 ap:0.9108 f1: 0.6965 pred_right: 459345 pred_wrong:10455 actu_right: 454992 actu_wrong: 14808
2026-07-23 05:18:55,382 P3861255 INFO ----------------------------------------------------------------------------------------------------
2026-07-23 05:18:55,382 P3861255 INFO 7/50 starting... lr: 0.001 para:0.125
2026-07-23 05:19:16,362 P3861255 INFO Epoch 7/50, all_loss:1.67018 cls_loss:1.87137 rec_loss:0.26182 [20.98s]; best loss:1.67018, patience : 0
2026-07-23 05:19:26,918 P3861255 INFO pr:0.8653  rc:0.6173  auc:0.9916 ap:0.9214 f1: 0.7206 pred_right: 1071597 pred_wrong:24603 actu_right: 1061710 actu_wrong: 34490
2026-07-23 05:19:31,553 P3861255 INFO pr:0.8704  rc:0.6164  auc:0.9916 ap:0.9228 f1: 0.7217 pred_right: 459314 pred_wrong:10486 actu_right: 454992 actu_wrong: 14808
2026-07-23 05:19:31,558 P3861255 INFO ----------------------------------------------------------------------------------------------------
2026-07-23 05:19:31,558 P3861255 INFO 8/50 starting... lr: 0.001 para:0.1111111119389534
2026-07-23 05:19:51,919 P3861255 INFO Epoch 8/50, all_loss:1.61641 cls_loss:1.78415 rec_loss:0.27445 [20.36s]; best loss:1.61641, patience : 0
2026-07-23 05:20:10,619 P3861255 INFO pr:0.8746  rc:0.6072  auc:0.9916 ap:0.9246 f1: 0.7168 pred_right: 1072253 pred_wrong:23947 actu_right: 1061707 actu_wrong: 34493
2026-07-23 05:20:15,335 P3861255 INFO pr:0.8809  rc:0.6087  auc:0.9916 ap:0.9259 f1: 0.7199 pred_right: 459568 pred_wrong:10232 actu_right: 454992 actu_wrong: 14808
2026-07-23 05:20:15,336 P3861255 INFO ----------------------------------------------------------------------------------------------------
2026-07-23 05:20:15,336 P3861255 INFO 9/50 starting... lr: 0.001 para:0.10000000149011612
2026-07-23 05:20:35,562 P3861255 INFO Epoch 9/50, all_loss:1.58926 cls_loss:1.73448 rec_loss:0.28226 [20.22s]; best loss:1.58926, patience : 0
2026-07-23 05:20:46,599 P3861255 INFO pr:0.9062  rc:0.6475  auc:0.9927 ap:0.9307 f1: 0.7553 pred_right: 1071559 pred_wrong:24641 actu_right: 1061712 actu_wrong: 34488
2026-07-23 05:20:51,123 P3861255 INFO pr:0.9110  rc:0.6474  auc:0.9927 ap:0.9324 f1: 0.7569 pred_right: 459276 pred_wrong:10524 actu_right: 454992 actu_wrong: 14808
2026-07-23 05:20:51,128 P3861255 INFO ----------------------------------------------------------------------------------------------------
2026-07-23 05:20:51,128 P3861255 INFO 10/50 starting... lr: 0.001 para:0.09090909361839294
2026-07-23 05:21:13,003 P3861255 INFO Epoch 10/50, all_loss:1.54042 cls_loss:1.66442 rec_loss:0.30033 [21.86s]; best loss:1.54042, patience : 0
2026-07-23 05:21:22,767 P3861255 INFO pr:0.8534  rc:0.7048  auc:0.9928 ap:0.9334 f1: 0.7720 pred_right: 1067717 pred_wrong:28483 actu_right: 1061709 actu_wrong: 34491
2026-07-23 05:21:26,953 P3861255 INFO pr:0.8635  rc:0.7065  auc:0.9927 ap:0.9343 f1: 0.7772 pred_right: 457684 pred_wrong:12116 actu_right: 454992 actu_wrong: 14808
2026-07-23 05:21:26,958 P3861255 INFO ----------------------------------------------------------------------------------------------------
2026-07-23 05:21:26,958 P3861255 INFO 11/50 starting... lr: 0.001 para:0.0833333358168602
2026-07-23 05:21:55,740 P3861255 INFO Epoch 11/50, all_loss:1.52310 cls_loss:1.63202 rec_loss:0.32498 [28.78s]; best loss:1.52310, patience : 0
2026-07-23 05:22:06,364 P3861255 INFO pr:0.8604  rc:0.7056  auc:0.9928 ap:0.9366 f1: 0.7754 pred_right: 1067919 pred_wrong:28281 actu_right: 1061715 actu_wrong: 34485
2026-07-23 05:22:10,816 P3861255 INFO pr:0.8623  rc:0.7070  auc:0.9928 ap:0.9373 f1: 0.7769 pred_right: 457659 pred_wrong:12141 actu_right: 454992 actu_wrong: 14808
2026-07-23 05:22:10,820 P3861255 INFO ----------------------------------------------------------------------------------------------------
2026-07-23 05:22:10,820 P3861255 INFO 12/50 starting... lr: 0.001 para:0.07692307978868484
2026-07-23 05:22:31,721 P3861255 INFO Epoch 12/50, all_loss:1.44824 cls_loss:1.53776 rec_loss:0.37405 [20.90s]; best loss:1.44824, patience : 0
2026-07-23 05:22:42,656 P3861255 INFO pr:0.8977  rc:0.6999  auc:0.9939 ap:0.9447 f1: 0.7865 pred_right: 1069310 pred_wrong:26890 actu_right: 1061711 actu_wrong: 34489
2026-07-23 05:22:48,817 P3861255 INFO pr:0.8994  rc:0.6982  auc:0.9938 ap:0.9450 f1: 0.7861 pred_right: 458305 pred_wrong:11495 actu_right: 454992 actu_wrong: 14808
2026-07-23 05:22:48,821 P3861255 INFO ----------------------------------------------------------------------------------------------------
2026-07-23 05:22:48,821 P3861255 INFO 13/50 starting... lr: 0.001 para:0.0714285746216774
2026-07-23 05:23:14,924 P3861255 INFO Epoch 13/50, all_loss:1.36987 cls_loss:1.43970 rec_loss:0.46210 [26.10s]; best loss:1.36987, patience : 0
2026-07-23 05:23:26,185 P3861255 INFO pr:0.9172  rc:0.6954  auc:0.9953 ap:0.9524 f1: 0.7911 pred_right: 1070053 pred_wrong:26147 actu_right: 1061713 actu_wrong: 34487
2026-07-23 05:23:30,624 P3861255 INFO pr:0.9222  rc:0.6947  auc:0.9951 ap:0.9528 f1: 0.7924 pred_right: 458645 pred_wrong:11155 actu_right: 454992 actu_wrong: 14808
2026-07-23 05:23:30,629 P3861255 INFO ----------------------------------------------------------------------------------------------------
2026-07-23 05:23:30,629 P3861255 INFO 14/50 starting... lr: 0.001 para:0.06666667014360428
2026-07-23 05:23:51,579 P3861255 INFO Epoch 14/50, all_loss:1.31858 cls_loss:1.37603 rec_loss:0.51428 [20.95s]; best loss:1.31858, patience : 0
2026-07-23 05:24:02,392 P3861255 INFO pr:0.8595  rc:0.7760  auc:0.9954 ap:0.9550 f1: 0.8156 pred_right: 1065060 pred_wrong:31140 actu_right: 1061707 actu_wrong: 34493
2026-07-23 05:24:07,000 P3861255 INFO pr:0.8667  rc:0.7766  auc:0.9953 ap:0.9554 f1: 0.8192 pred_right: 456531 pred_wrong:13269 actu_right: 454992 actu_wrong: 14808
2026-07-23 05:24:07,005 P3861255 INFO ----------------------------------------------------------------------------------------------------
2026-07-23 05:24:07,005 P3861255 INFO 15/50 starting... lr: 0.001 para:0.0625
2026-07-23 05:24:27,873 P3861255 INFO Epoch 15/50, all_loss:1.29421 cls_loss:1.34357 rec_loss:0.55373 [20.86s]; best loss:1.29421, patience : 0
2026-07-23 05:24:40,457 P3861255 INFO pr:0.8679  rc:0.7569  auc:0.9957 ap:0.9550 f1: 0.8086 pred_right: 1066122 pred_wrong:30078 actu_right: 1061710 actu_wrong: 34490
2026-07-23 05:24:50,036 P3861255 INFO pr:0.8700  rc:0.7520  auc:0.9955 ap:0.9548 f1: 0.8067 pred_right: 457000 pred_wrong:12800 actu_right: 454992 actu_wrong: 14808
2026-07-23 05:24:50,037 P3861255 INFO ----------------------------------------------------------------------------------------------------
2026-07-23 05:24:50,037 P3861255 INFO 16/50 starting... lr: 0.001 para:0.05882352963089943
2026-07-23 05:25:11,500 P3861255 INFO Epoch 16/50, all_loss:1.23381 cls_loss:1.27287 rec_loss:0.60876 [21.46s]; best loss:1.23381, patience : 0
2026-07-23 05:25:22,385 P3861255 INFO pr:0.9136  rc:0.6935  auc:0.9956 ap:0.9543 f1: 0.7884 pred_right: 1070020 pred_wrong:26180 actu_right: 1061709 actu_wrong: 34491
2026-07-23 05:25:26,942 P3861255 INFO pr:0.9203  rc:0.6906  auc:0.9955 ap:0.9549 f1: 0.7891 pred_right: 458689 pred_wrong:11111 actu_right: 454992 actu_wrong: 14808
2026-07-23 05:25:26,943 P3861255 INFO ----------------------------------------------------------------------------------------------------
2026-07-23 05:25:26,950 P3861255 INFO 17/50 starting... lr: 0.001 para:0.0555555559694767
2026-07-23 05:25:47,500 P3861255 INFO Epoch 17/50, all_loss:1.19510 cls_loss:1.22548 rec_loss:0.67858 [20.55s]; best loss:1.19510, patience : 0
2026-07-23 05:25:59,597 P3861255 INFO pr:0.8730  rc:0.7805  auc:0.9967 ap:0.9635 f1: 0.8242 pred_right: 1065367 pred_wrong:30833 actu_right: 1061713 actu_wrong: 34487
2026-07-23 05:26:03,310 P3861255 INFO pr:0.8751  rc:0.7774  auc:0.9965 ap:0.9632 f1: 0.8234 pred_right: 456645 pred_wrong:13155 actu_right: 454992 actu_wrong: 14808
2026-07-23 05:26:03,313 P3861255 INFO ----------------------------------------------------------------------------------------------------
2026-07-23 05:26:03,314 P3861255 INFO 18/50 starting... lr: 0.001 para:0.05263157933950424
2026-07-23 05:26:30,647 P3861255 INFO Epoch 18/50, all_loss:1.13808 cls_loss:1.16002 rec_loss:0.74313 [27.33s]; best loss:1.13808, patience : 0
2026-07-23 05:26:41,515 P3861255 INFO pr:0.8842  rc:0.7849  auc:0.9970 ap:0.9651 f1: 0.8316 pred_right: 1065585 pred_wrong:30615 actu_right: 1061712 actu_wrong: 34488
2026-07-23 05:26:46,088 P3861255 INFO pr:0.8871  rc:0.7832  auc:0.9968 ap:0.9653 f1: 0.8319 pred_right: 456727 pred_wrong:13073 actu_right: 454992 actu_wrong: 14808
2026-07-23 05:26:46,092 P3861255 INFO ----------------------------------------------------------------------------------------------------
2026-07-23 05:26:46,092 P3861255 INFO 19/50 starting... lr: 0.001 para:0.05000000074505806
2026-07-23 05:27:07,146 P3861255 INFO Epoch 19/50, all_loss:1.07002 cls_loss:1.08365 rec_loss:0.81103 [21.05s]; best loss:1.07002, patience : 0
2026-07-23 05:27:18,050 P3861255 INFO pr:0.9233  rc:0.7696  auc:0.9970 ap:0.9673 f1: 0.8395 pred_right: 1067452 pred_wrong:28748 actu_right: 1061712 actu_wrong: 34488
2026-07-23 05:27:22,630 P3861255 INFO pr:0.9263  rc:0.7688  auc:0.9969 ap:0.9679 f1: 0.8403 pred_right: 457509 pred_wrong:12291 actu_right: 454992 actu_wrong: 14808
2026-07-23 05:27:22,635 P3861255 INFO ----------------------------------------------------------------------------------------------------
2026-07-23 05:27:22,635 P3861255 INFO 20/50 starting... lr: 0.001 para:0.0476190485060215
2026-07-23 05:27:43,004 P3861255 INFO Epoch 20/50, all_loss:1.03170 cls_loss:1.04055 rec_loss:0.85453 [20.37s]; best loss:1.03170, patience : 0
2026-07-23 05:28:01,927 P3861255 INFO pr:0.9039  rc:0.8224  auc:0.9975 ap:0.9729 f1: 0.8612 pred_right: 1064816 pred_wrong:31384 actu_right: 1061709 actu_wrong: 34491
2026-07-23 05:28:06,842 P3861255 INFO pr:0.9064  rc:0.8208  auc:0.9973 ap:0.9726 f1: 0.8615 pred_right: 456391 pred_wrong:13409 actu_right: 454992 actu_wrong: 14808
2026-07-23 05:28:06,847 P3861255 INFO ----------------------------------------------------------------------------------------------------
2026-07-23 05:28:06,847 P3861255 INFO 21/50 starting... lr: 0.001 para:0.04545454680919647
2026-07-23 05:28:28,082 P3861255 INFO Epoch 21/50, all_loss:1.00268 cls_loss:1.00714 rec_loss:0.90898 [21.23s]; best loss:1.00268, patience : 0
2026-07-23 05:28:38,600 P3861255 INFO pr:0.9052  rc:0.8131  auc:0.9973 ap:0.9728 f1: 0.8567 pred_right: 1065220 pred_wrong:30980 actu_right: 1061710 actu_wrong: 34490
2026-07-23 05:28:43,161 P3861255 INFO pr:0.9086  rc:0.8128  auc:0.9972 ap:0.9731 f1: 0.8580 pred_right: 456553 pred_wrong:13247 actu_right: 454992 actu_wrong: 14808
2026-07-23 05:28:43,162 P3861255 INFO ----------------------------------------------------------------------------------------------------
2026-07-23 05:28:43,162 P3861255 INFO 22/50 starting... lr: 0.001 para:0.043478261679410934
2026-07-23 05:29:04,487 P3861255 INFO Epoch 22/50, all_loss:0.99668 cls_loss:0.99891 rec_loss:0.94757 [21.32s]; best loss:0.99668, patience : 0
2026-07-23 05:29:15,720 P3861255 INFO pr:0.8647  rc:0.8879  auc:0.9976 ap:0.9743 f1: 0.8761 pred_right: 1060782 pred_wrong:35418 actu_right: 1061707 actu_wrong: 34493
2026-07-23 05:29:19,908 P3861255 INFO pr:0.8677  rc:0.8838  auc:0.9974 ap:0.9734 f1: 0.8757 pred_right: 454717 pred_wrong:15083 actu_right: 454992 actu_wrong: 14808
2026-07-23 05:29:19,912 P3861255 INFO ----------------------------------------------------------------------------------------------------
2026-07-23 05:29:19,913 P3861255 INFO 23/50 starting... lr: 0.001 para:0.0416666679084301
2026-07-23 05:29:48,241 P3861255 INFO Epoch 23/50, all_loss:0.95027 cls_loss:0.94950 rec_loss:0.96785 [28.32s]; best loss:0.95027, patience : 0
2026-07-23 05:29:59,067 P3861255 INFO pr:0.9047  rc:0.8533  auc:0.9981 ap:0.9783 f1: 0.8782 pred_right: 1063665 pred_wrong:32535 actu_right: 1061707 actu_wrong: 34493
2026-07-23 05:30:03,713 P3861255 INFO pr:0.9084  rc:0.8507  auc:0.9980 ap:0.9780 f1: 0.8786 pred_right: 455932 pred_wrong:13868 actu_right: 454992 actu_wrong: 14808
2026-07-23 05:30:03,718 P3861255 INFO ----------------------------------------------------------------------------------------------------
2026-07-23 05:30:03,718 P3861255 INFO 24/50 starting... lr: 0.001 para:0.03999999910593033
2026-07-23 05:30:24,926 P3861255 INFO Epoch 24/50, all_loss:0.92071 cls_loss:0.91700 rec_loss:1.00974 [21.20s]; best loss:0.92071, patience : 0
2026-07-23 05:30:35,845 P3861255 INFO pr:0.9132  rc:0.8657  auc:0.9981 ap:0.9789 f1: 0.8888 pred_right: 1063504 pred_wrong:32696 actu_right: 1061712 actu_wrong: 34488
2026-07-23 05:30:40,471 P3861255 INFO pr:0.9165  rc:0.8595  auc:0.9979 ap:0.9784 f1: 0.8871 pred_right: 455912 pred_wrong:13888 actu_right: 454992 actu_wrong: 14808
2026-07-23 05:30:40,475 P3861255 INFO ----------------------------------------------------------------------------------------------------
2026-07-23 05:30:40,475 P3861255 INFO 25/50 starting... lr: 0.001 para:0.03846153989434242
2026-07-23 05:31:03,939 P3861255 INFO Epoch 25/50, all_loss:0.87872 cls_loss:0.87184 rec_loss:1.05050 [23.46s]; best loss:0.87872, patience : 0
2026-07-23 05:31:19,466 P3861255 INFO pr:0.9169  rc:0.8532  auc:0.9984 ap:0.9802 f1: 0.8839 pred_right: 1064107 pred_wrong:32093 actu_right: 1061711 actu_wrong: 34489
2026-07-23 05:31:24,196 P3861255 INFO pr:0.9176  rc:0.8458  auc:0.9982 ap:0.9798 f1: 0.8802 pred_right: 456151 pred_wrong:13649 actu_right: 454992 actu_wrong: 14808
2026-07-23 05:31:24,197 P3861255 INFO ----------------------------------------------------------------------------------------------------
2026-07-23 05:31:24,197 P3861255 INFO 26/50 starting... lr: 0.001 para:0.03703703731298447
2026-07-23 05:31:45,260 P3861255 INFO Epoch 26/50, all_loss:0.86024 cls_loss:0.85169 rec_loss:1.08247 [21.06s]; best loss:0.86024, patience : 0
2026-07-23 05:31:56,269 P3861255 INFO pr:0.8995  rc:0.8964  auc:0.9978 ap:0.9794 f1: 0.8979 pred_right: 1061826 pred_wrong:34374 actu_right: 1061708 actu_wrong: 34492
2026-07-23 05:32:00,954 P3861255 INFO pr:0.9015  rc:0.8933  auc:0.9978 ap:0.9791 f1: 0.8974 pred_right: 455126 pred_wrong:14674 actu_right: 454992 actu_wrong: 14808
2026-07-23 05:32:00,959 P3861255 INFO ----------------------------------------------------------------------------------------------------
2026-07-23 05:32:00,959 P3861255 INFO 27/50 starting... lr: 0.001 para:0.0357142873108387
2026-07-23 05:32:23,164 P3861255 INFO Epoch 27/50, all_loss:0.83638 cls_loss:0.82622 rec_loss:1.11085 [22.20s]; best loss:0.83638, patience : 0
2026-07-23 05:32:32,650 P3861255 INFO pr:0.9139  rc:0.8678  auc:0.9984 ap:0.9804 f1: 0.8902 pred_right: 1063452 pred_wrong:32748 actu_right: 1061712 actu_wrong: 34488
2026-07-23 05:32:40,560 P3861255 INFO pr:0.9177  rc:0.8661  auc:0.9982 ap:0.9806 f1: 0.8912 pred_right: 455825 pred_wrong:13975 actu_right: 454992 actu_wrong: 14808
2026-07-23 05:32:40,562 P3861255 INFO ----------------------------------------------------------------------------------------------------
2026-07-23 05:32:40,562 P3861255 INFO 28/50 starting... lr: 0.001 para:0.03448275849223137
2026-07-23 05:33:05,445 P3861255 INFO Epoch 28/50, all_loss:0.80224 cls_loss:0.78974 rec_loss:1.15202 [24.88s]; best loss:0.80224, patience : 0
2026-07-23 05:33:16,517 P3861255 INFO pr:0.9276  rc:0.8507  auc:0.9985 ap:0.9819 f1: 0.8875 pred_right: 1064565 pred_wrong:31635 actu_right: 1061708 actu_wrong: 34492
2026-07-23 05:33:20,918 P3861255 INFO pr:0.9302  rc:0.8457  auc:0.9983 ap:0.9816 f1: 0.8859 pred_right: 456337 pred_wrong:13463 actu_right: 454992 actu_wrong: 14808
2026-07-23 05:33:20,919 P3861255 INFO ----------------------------------------------------------------------------------------------------
2026-07-23 05:33:20,919 P3861255 INFO 29/50 starting... lr: 0.001 para:0.03333333507180214
2026-07-23 05:33:41,879 P3861255 INFO Epoch 29/50, all_loss:0.78455 cls_loss:0.76994 rec_loss:1.20824 [20.96s]; best loss:0.78455, patience : 0
2026-07-23 05:33:52,820 P3861255 INFO pr:0.9056  rc:0.9152  auc:0.9987 ap:0.9835 f1: 0.9104 pred_right: 1061343 pred_wrong:34857 actu_right: 1061710 actu_wrong: 34490
2026-07-23 05:33:58,021 P3861255 INFO pr:0.9056  rc:0.9152  auc:0.9985 ap:0.9838 f1: 0.9104 pred_right: 454834 pred_wrong:14966 actu_right: 454992 actu_wrong: 14808
2026-07-23 05:33:58,025 P3861255 INFO ----------------------------------------------------------------------------------------------------
2026-07-23 05:33:58,025 P3861255 INFO 30/50 starting... lr: 0.001 para:0.032258063554763794
2026-07-23 05:34:25,417 P3861255 INFO Epoch 30/50, all_loss:0.76855 cls_loss:0.75339 rec_loss:1.22321 [27.39s]; best loss:0.76855, patience : 0
2026-07-23 05:34:36,542 P3861255 INFO pr:0.9168  rc:0.9032  auc:0.9988 ap:0.9852 f1: 0.9099 pred_right: 1062227 pred_wrong:33973 actu_right: 1061714 actu_wrong: 34486
2026-07-23 05:34:41,134 P3861255 INFO pr:0.9170  rc:0.9009  auc:0.9986 ap:0.9853 f1: 0.9089 pred_right: 455253 pred_wrong:14547 actu_right: 454992 actu_wrong: 14808
2026-07-23 05:34:41,135 P3861255 INFO ----------------------------------------------------------------------------------------------------
2026-07-23 05:34:41,135 P3861255 INFO 31/50 starting... lr: 0.001 para:0.03125
2026-07-23 05:35:02,477 P3861255 INFO Epoch 31/50, all_loss:0.77198 cls_loss:0.75679 rec_loss:1.24282 [21.34s]; best loss:0.76855, patience : 1
2026-07-23 05:35:13,394 P3861255 INFO pr:0.9066  rc:0.9232  auc:0.9987 ap:0.9840 f1: 0.9148 pred_right: 1061079 pred_wrong:35121 actu_right: 1061711 actu_wrong: 34489
2026-07-23 05:35:18,275 P3861255 INFO pr:0.9079  rc:0.9198  auc:0.9985 ap:0.9837 f1: 0.9138 pred_right: 454798 pred_wrong:15002 actu_right: 454992 actu_wrong: 14808
2026-07-23 05:35:18,279 P3861255 INFO ----------------------------------------------------------------------------------------------------
2026-07-23 05:35:18,279 P3861255 INFO 32/50 starting... lr: 0.001 para:0.03030303120613098
2026-07-23 05:35:38,471 P3861255 INFO Epoch 32/50, all_loss:0.74471 cls_loss:0.72847 rec_loss:1.26430 [20.19s]; best loss:0.74471, patience : 0
2026-07-23 05:35:57,230 P3861255 INFO pr:0.9202  rc:0.8871  auc:0.9987 ap:0.9841 f1: 0.9033 pred_right: 1062957 pred_wrong:33243 actu_right: 1061714 actu_wrong: 34486
2026-07-23 05:36:01,967 P3861255 INFO pr:0.9213  rc:0.8825  auc:0.9984 ap:0.9838 f1: 0.9015 pred_right: 455616 pred_wrong:14184 actu_right: 454992 actu_wrong: 14808
2026-07-23 05:36:01,968 P3861255 INFO ----------------------------------------------------------------------------------------------------
2026-07-23 05:36:01,968 P3861255 INFO 33/50 starting... lr: 0.001 para:0.029411764815449715
2026-07-23 05:36:22,575 P3861255 INFO Epoch 33/50, all_loss:0.72266 cls_loss:0.70574 rec_loss:1.28096 [20.60s]; best loss:0.72266, patience : 0
2026-07-23 05:36:33,433 P3861255 INFO pr:0.9251  rc:0.9146  auc:0.9990 ap:0.9873 f1: 0.9198 pred_right: 1062104 pred_wrong:34096 actu_right: 1061713 actu_wrong: 34487
2026-07-23 05:36:38,028 P3861255 INFO pr:0.9239  rc:0.9098  auc:0.9988 ap:0.9869 f1: 0.9168 pred_right: 455219 pred_wrong:14581 actu_right: 454992 actu_wrong: 14808
2026-07-23 05:36:38,033 P3861255 INFO ----------------------------------------------------------------------------------------------------
2026-07-23 05:36:38,033 P3861255 INFO 34/50 starting... lr: 0.001 para:0.02857142873108387
2026-07-23 05:36:58,795 P3861255 INFO Epoch 34/50, all_loss:0.70509 cls_loss:0.68727 rec_loss:1.31109 [20.76s]; best loss:0.70509, patience : 0
2026-07-23 05:37:10,203 P3861255 INFO pr:0.9089  rc:0.9313  auc:0.9989 ap:0.9864 f1: 0.9200 pred_right: 1060862 pred_wrong:35338 actu_right: 1061712 actu_wrong: 34488
2026-07-23 05:37:14,391 P3861255 INFO pr:0.9096  rc:0.9286  auc:0.9987 ap:0.9864 f1: 0.9190 pred_right: 454683 pred_wrong:15117 actu_right: 454992 actu_wrong: 14808
2026-07-23 05:37:14,395 P3861255 INFO ----------------------------------------------------------------------------------------------------
2026-07-23 05:37:14,395 P3861255 INFO 35/50 starting... lr: 0.001 para:0.02777777798473835
2026-07-23 05:37:42,096 P3861255 INFO Epoch 35/50, all_loss:0.70538 cls_loss:0.68700 rec_loss:1.34861 [27.70s]; best loss:0.70509, patience : 1
2026-07-23 05:37:52,900 P3861255 INFO pr:0.9123  rc:0.9304  auc:0.9990 ap:0.9866 f1: 0.9213 pred_right: 1061024 pred_wrong:35176 actu_right: 1061710 actu_wrong: 34490
2026-07-23 05:37:57,633 P3861255 INFO pr:0.9137  rc:0.9270  auc:0.9988 ap:0.9863 f1: 0.9203 pred_right: 454776 pred_wrong:15024 actu_right: 454992 actu_wrong: 14808
2026-07-23 05:37:57,637 P3861255 INFO ----------------------------------------------------------------------------------------------------
2026-07-23 05:37:57,638 P3861255 INFO 36/50 starting... lr: 0.001 para:0.027027027681469917
2026-07-23 05:38:19,175 P3861255 INFO Epoch 36/50, all_loss:0.70063 cls_loss:0.68224 rec_loss:1.36253 [21.53s]; best loss:0.70063, patience : 0
2026-07-23 05:38:29,991 P3861255 INFO pr:0.9145  rc:0.9183  auc:0.9990 ap:0.9859 f1: 0.9164 pred_right: 1061565 pred_wrong:34635 actu_right: 1061710 actu_wrong: 34490
2026-07-23 05:38:34,845 P3861255 INFO pr:0.9164  rc:0.9152  auc:0.9989 ap:0.9861 f1: 0.9158 pred_right: 455011 pred_wrong:14789 actu_right: 454992 actu_wrong: 14808
2026-07-23 05:38:34,846 P3861255 INFO ----------------------------------------------------------------------------------------------------
2026-07-23 05:38:34,846 P3861255 INFO 37/50 starting... lr: 0.001 para:0.02631578966975212
2026-07-23 05:38:54,643 P3861255 INFO Epoch 37/50, all_loss:0.67334 cls_loss:0.65380 rec_loss:1.39619 [19.78s]; best loss:0.67334, patience : 0
2026-07-23 05:39:14,767 P3861255 INFO pr:0.9225  rc:0.9168  auc:0.9989 ap:0.9870 f1: 0.9197 pred_right: 1061921 pred_wrong:34279 actu_right: 1061706 actu_wrong: 34494
2026-07-23 05:39:19,301 P3861255 INFO pr:0.9226  rc:0.9130  auc:0.9987 ap:0.9863 f1: 0.9178 pred_right: 455145 pred_wrong:14655 actu_right: 454992 actu_wrong: 14808
2026-07-23 05:39:19,302 P3861255 INFO ----------------------------------------------------------------------------------------------------
2026-07-23 05:39:19,302 P3861255 INFO 38/50 starting... lr: 0.001 para:0.025641025975346565
2026-07-23 05:39:39,895 P3861255 INFO Epoch 38/50, all_loss:0.67218 cls_loss:0.65221 rec_loss:1.43124 [20.59s]; best loss:0.67218, patience : 0
2026-07-23 05:39:50,405 P3861255 INFO pr:0.9296  rc:0.9053  auc:0.9991 ap:0.9879 f1: 0.9173 pred_right: 1062614 pred_wrong:33586 actu_right: 1061711 actu_wrong: 34489
2026-07-23 05:39:54,904 P3861255 INFO pr:0.9315  rc:0.9011  auc:0.9990 ap:0.9873 f1: 0.9161 pred_right: 455475 pred_wrong:14325 actu_right: 454992 actu_wrong: 14808
2026-07-23 05:39:54,904 P3861255 INFO ----------------------------------------------------------------------------------------------------
2026-07-23 05:39:54,905 P3861255 INFO 39/50 starting... lr: 0.001 para:0.02500000037252903
2026-07-23 05:40:15,650 P3861255 INFO Epoch 39/50, all_loss:0.62710 cls_loss:0.60552 rec_loss:1.46875 [20.74s]; best loss:0.62710, patience : 0
2026-07-23 05:40:26,748 P3861255 INFO pr:0.9203  rc:0.9265  auc:0.9991 ap:0.9876 f1: 0.9234 pred_right: 1061480 pred_wrong:34720 actu_right: 1061715 actu_wrong: 34485
2026-07-23 05:40:30,866 P3861255 INFO pr:0.9187  rc:0.9224  auc:0.9990 ap:0.9875 f1: 0.9205 pred_right: 454932 pred_wrong:14868 actu_right: 454992 actu_wrong: 14808
2026-07-23 05:40:30,871 P3861255 INFO ----------------------------------------------------------------------------------------------------
2026-07-23 05:40:30,871 P3861255 INFO 40/50 starting... lr: 0.001 para:0.024390242993831635
2026-07-23 05:40:59,292 P3861255 INFO Epoch 40/50, all_loss:0.61446 cls_loss:0.59263 rec_loss:1.48753 [28.42s]; best loss:0.61446, patience : 0
2026-07-23 05:41:09,942 P3861255 INFO pr:0.9410  rc:0.8899  auc:0.9990 ap:0.9885 f1: 0.9147 pred_right: 1063584 pred_wrong:32616 actu_right: 1061709 actu_wrong: 34491
2026-07-23 05:41:14,322 P3861255 INFO pr:0.9428  rc:0.8827  auc:0.9988 ap:0.9880 f1: 0.9118 pred_right: 455936 pred_wrong:13864 actu_right: 454992 actu_wrong: 14808
2026-07-23 05:41:14,323 P3861255 INFO ----------------------------------------------------------------------------------------------------
2026-07-23 05:41:14,323 P3861255 INFO 41/50 starting... lr: 0.001 para:0.02380952425301075
2026-07-23 05:41:35,155 P3861255 INFO Epoch 41/50, all_loss:0.61977 cls_loss:0.59802 rec_loss:1.51175 [20.83s]; best loss:0.61446, patience : 1
2026-07-23 05:41:46,328 P3861255 INFO pr:0.9231  rc:0.9256  auc:0.9992 ap:0.9892 f1: 0.9243 pred_right: 1061615 pred_wrong:34585 actu_right: 1061709 actu_wrong: 34491
2026-07-23 05:41:52,627 P3861255 INFO pr:0.9231  rc:0.9230  auc:0.9989 ap:0.9884 f1: 0.9230 pred_right: 454993 pred_wrong:14807 actu_right: 454992 actu_wrong: 14808
2026-07-23 05:41:52,631 P3861255 INFO ----------------------------------------------------------------------------------------------------
2026-07-23 05:41:52,632 P3861255 INFO 42/50 starting... lr: 0.001 para:0.023255813866853714
2026-07-23 05:42:18,998 P3861255 INFO Epoch 42/50, all_loss:0.65887 cls_loss:0.63813 rec_loss:1.52974 [26.37s]; best loss:0.61446, patience : 2
2026-07-23 05:42:30,204 P3861255 INFO pr:0.9290  rc:0.9374  auc:0.9993 ap:0.9904 f1: 0.9332 pred_right: 1061401 pred_wrong:34799 actu_right: 1061712 actu_wrong: 34488
2026-07-23 05:42:34,923 P3861255 INFO pr:0.9284  rc:0.9337  auc:0.9991 ap:0.9894 f1: 0.9310 pred_right: 454908 pred_wrong:14892 actu_right: 454992 actu_wrong: 14808
2026-07-23 05:42:34,927 P3861255 INFO ----------------------------------------------------------------------------------------------------
2026-07-23 05:42:34,928 P3861255 INFO 43/50 starting... lr: 0.001 para:0.022727273404598236
2026-07-23 05:42:55,753 P3861255 INFO Epoch 43/50, all_loss:0.64582 cls_loss:0.62355 rec_loss:1.60350 [20.83s]; best loss:0.61446, patience : 2
2026-07-23 05:43:06,513 P3861255 INFO pr:0.9332  rc:0.9231  auc:0.9993 ap:0.9889 f1: 0.9282 pred_right: 1062092 pred_wrong:34108 actu_right: 1061718 actu_wrong: 34482
2026-07-23 05:43:10,821 P3861255 INFO pr:0.9338  rc:0.9189  auc:0.9991 ap:0.9882 f1: 0.9263 pred_right: 455228 pred_wrong:14572 actu_right: 454992 actu_wrong: 14808
2026-07-23 05:43:10,822 P3861255 INFO ----------------------------------------------------------------------------------------------------
2026-07-23 05:43:10,822 P3861255 INFO 44/50 starting... lr: 0.001 para:0.02222222276031971
2026-07-23 05:43:32,011 P3861255 INFO Epoch 44/50, all_loss:0.59784 cls_loss:0.57500 rec_loss:1.60299 [21.18s]; best loss:0.59784, patience : 0
2026-07-23 05:43:41,459 P3861255 INFO pr:0.9252  rc:0.9424  auc:0.9992 ap:0.9909 f1: 0.9337 pred_right: 1061066 pred_wrong:35134 actu_right: 1061708 actu_wrong: 34492
2026-07-23 05:43:50,730 P3861255 INFO pr:0.9263  rc:0.9389  auc:0.9991 ap:0.9902 f1: 0.9326 pred_right: 454791 pred_wrong:15009 actu_right: 454992 actu_wrong: 14808
2026-07-23 05:43:50,739 P3861255 INFO ----------------------------------------------------------------------------------------------------
2026-07-23 05:43:50,740 P3861255 INFO 45/50 starting... lr: 0.001 para:0.021739130839705467
2026-07-23 05:44:15,173 P3861255 INFO Epoch 45/50, all_loss:0.59125 cls_loss:0.56846 rec_loss:1.61689 [24.43s]; best loss:0.59125, patience : 0
2026-07-23 05:44:25,795 P3861255 INFO pr:0.9425  rc:0.9085  auc:0.9993 ap:0.9912 f1: 0.9252 pred_right: 1062952 pred_wrong:33248 actu_right: 1061710 actu_wrong: 34490
2026-07-23 05:44:30,334 P3861255 INFO pr:0.9406  rc:0.9061  auc:0.9991 ap:0.9905 f1: 0.9231 pred_right: 455535 pred_wrong:14265 actu_right: 454992 actu_wrong: 14808
2026-07-23 05:44:30,335 P3861255 INFO ----------------------------------------------------------------------------------------------------
2026-07-23 05:44:30,335 P3861255 INFO 46/50 starting... lr: 0.001 para:0.021276595070958138
2026-07-23 05:44:51,561 P3861255 INFO Epoch 46/50, all_loss:0.56072 cls_loss:0.53696 rec_loss:1.65379 [21.22s]; best loss:0.56072, patience : 0
2026-07-23 05:45:02,406 P3861255 INFO pr:0.9129  rc:0.9486  auc:0.9992 ap:0.9902 f1: 0.9304 pred_right: 1060363 pred_wrong:35837 actu_right: 1061712 actu_wrong: 34488
2026-07-23 05:45:07,981 P3861255 INFO pr:0.9126  rc:0.9472  auc:0.9991 ap:0.9895 f1: 0.9296 pred_right: 454430 pred_wrong:15370 actu_right: 454992 actu_wrong: 14808
2026-07-23 05:45:07,981 P3861255 INFO ----------------------------------------------------------------------------------------------------
2026-07-23 05:45:07,988 P3861255 INFO 47/50 starting... lr: 0.001 para:0.02083333395421505
2026-07-23 05:45:35,048 P3861255 INFO Epoch 47/50, all_loss:0.55243 cls_loss:0.52815 rec_loss:1.69361 [27.05s]; best loss:0.55243, patience : 0
2026-07-23 05:45:45,979 P3861255 INFO pr:0.9357  rc:0.9420  auc:0.9994 ap:0.9913 f1: 0.9388 pred_right: 1061480 pred_wrong:34720 actu_right: 1061713 actu_wrong: 34487
2026-07-23 05:45:50,575 P3861255 INFO pr:0.9351  rc:0.9367  auc:0.9991 ap:0.9907 f1: 0.9359 pred_right: 454968 pred_wrong:14832 actu_right: 454992 actu_wrong: 14808
2026-07-23 05:45:50,580 P3861255 INFO ----------------------------------------------------------------------------------------------------
2026-07-23 05:45:50,583 P3861255 INFO 48/50 starting... lr: 0.001 para:0.020408162847161293
2026-07-23 05:46:11,382 P3861255 INFO Epoch 48/50, all_loss:0.55906 cls_loss:0.53507 rec_loss:1.71069 [20.80s]; best loss:0.55243, patience : 1
2026-07-23 05:46:22,315 P3861255 INFO pr:0.9349  rc:0.9408  auc:0.9994 ap:0.9916 f1: 0.9379 pred_right: 1061493 pred_wrong:34707 actu_right: 1061712 actu_wrong: 34488
2026-07-23 05:46:26,874 P3861255 INFO pr:0.9358  rc:0.9385  auc:0.9992 ap:0.9912 f1: 0.9372 pred_right: 454950 pred_wrong:14850 actu_right: 454992 actu_wrong: 14808
2026-07-23 05:46:26,875 P3861255 INFO ----------------------------------------------------------------------------------------------------
2026-07-23 05:46:26,875 P3861255 INFO 49/50 starting... lr: 0.001 para:0.019999999552965164
2026-07-23 05:46:48,130 P3861255 INFO Epoch 49/50, all_loss:0.53775 cls_loss:0.51374 rec_loss:1.71434 [21.25s]; best loss:0.53775, patience : 0
2026-07-23 05:47:04,430 P3861255 INFO pr:0.9334  rc:0.9292  auc:0.9993 ap:0.9905 f1: 0.9313 pred_right: 1061871 pred_wrong:34329 actu_right: 1061714 actu_wrong: 34486
2026-07-23 05:47:11,125 P3861255 INFO pr:0.9328  rc:0.9274  auc:0.9991 ap:0.9900 f1: 0.9301 pred_right: 455077 pred_wrong:14723 actu_right: 454992 actu_wrong: 14808
2026-07-23 05:47:11,126 P3861255 INFO saving model...
2026-07-23 05:47:11,126 P3861255 INFO FITS_Legendre - loss  best score:0.5377518534660339 at epoch 49
2026-07-23 05:47:11,132 P3861255 INFO FITS_Legendre - f1  best score:0.9388067681014927 at epoch 47
2026-07-23 05:47:11,136 P3861255 INFO Average training time per epoch: 22.54 seconds
2026-07-23 05:47:11,137 P3861255 INFO calculate scores...
2026-07-23 05:47:11,137 P3861255 INFO calculate label with loss...
2026-07-23 05:47:11,138 P3861255 INFO FITS_Legendre on ./result/server_only_exps/Sensitivity/FITS_Legendre-TT-Epochs50-Seed2-ExpNameRQ3_sensitivity_auxi_lambda-LPFLPF-Attnlinear_attn-NormLinTrue-RecLambda1.0-AuxiLambda0.01-Degree5-lowshow-simplegraph loading...
2026-07-23 05:47:15,789 P3861255 INFO pr:0.9328  rc:0.9274  auc:0.9991 ap:0.9900 f1: 0.9301 pred_right: 455077 pred_wrong:14723 actu_right: 454992 actu_wrong: 14808
2026-07-23 05:47:24,106 P3861255 INFO pr:0.9328  rc:0.9274  auc:0.9991 ap:0.9900 f1: 0.9301 pred_right: 455077 pred_wrong:14723 actu_right: 454992 actu_wrong: 14808
2026-07-23 05:47:24,107 P3861255 INFO Performance Summary:
{'GPU': {'inference_time_per_sample_ms': 0.2368974127260333, 'throughput_samples_per_sec': 4221.236477396561, 'peak_memory_mb': 87.724609375, 'energy_per_sample_joules': 0.012536255735342594}, 'CPU': {'inference_time_per_sample_ms': 0.44756595357551093, 'throughput_samples_per_sec': 2234.307574137865, 'peak_memory_mb': 5439.59375, 'energy_per_sample_joules': 0.029091786982408212}}
2026-07-23 05:47:24,107 P3861255 INFO Starting clean-room hardware benchmarking...
2026-07-23 05:47:25,061 P3861255 INFO Performance with loss: pr:0.9328  rc:0.9274  auc:0.9991 ap:0.9900 f1: 0.9301 pred_right: 455077 pred_wrong:14723 actu_right: 454992 actu_wrong: 14808
2026-07-23 05:47:25,061 P3861255 INFO calculate label with f1...
2026-07-23 05:47:25,061 P3861255 INFO FITS_Legendre on ./result/server_only_exps/Sensitivity/FITS_Legendre-TT-Epochs50-Seed2-ExpNameRQ3_sensitivity_auxi_lambda-LPFLPF-Attnlinear_attn-NormLinTrue-RecLambda1.0-AuxiLambda0.01-Degree5-lowshow-simplegraph loading...
2026-07-23 05:47:29,851 P3861255 INFO pr:0.9351  rc:0.9367  auc:0.9991 ap:0.9907 f1: 0.9359 pred_right: 454968 pred_wrong:14832 actu_right: 454992 actu_wrong: 14808
2026-07-23 05:47:38,622 P3861255 INFO pr:0.9351  rc:0.9367  auc:0.9991 ap:0.9907 f1: 0.9359 pred_right: 454968 pred_wrong:14832 actu_right: 454992 actu_wrong: 14808
2026-07-23 05:47:38,623 P3861255 INFO Performance Summary:
{'GPU': {'inference_time_per_sample_ms': 0.2430820749766791, 'throughput_samples_per_sec': 4113.836859817567, 'peak_memory_mb': 87.220703125, 'energy_per_sample_joules': 0.013186473321259912}, 'CPU': {'inference_time_per_sample_ms': 0.47257355789640054, 'throughput_samples_per_sec': 2116.0726902524325, 'peak_memory_mb': 5416.81640625, 'energy_per_sample_joules': 0.030717281263266037}}
2026-07-23 05:47:38,630 P3861255 INFO Starting clean-room hardware benchmarking...
2026-07-23 05:47:39,610 P3861255 INFO Performance with f1: pr:0.9351  rc:0.9367  auc:0.9991 ap:0.9907 f1: 0.9359 pred_right: 454968 pred_wrong:14832 actu_right: 454992 actu_wrong: 14808
