2026-09-17 19:51:48,690 P1438803 INFO ---- Model: ----MSTGAD-66641bfa----random_seed : 3----req_loss_approach : Legendre-style----rec_lambda : 1.0----auxi_lambda : 0.2----Freq Domain : FITS_Legendre----Multi Fits : false----train : True----evaluate : False
2026-09-17 19:51:48,690 P1438803 INFO Load from /home/db2003/Desktop/Amr/Tests/Eadro/codes/chunks/TT
2026-09-17 19:52:06,628 P1438803 INFO Fewshot: training with 1.0 of the 70% of the data
2026-09-17 19:52:06,795 P1438803 INFO Trainable Parameters Breakdown:
2026-09-17 19:52:06,795 P1438803 INFO --------------------------------------------------------------------------------
2026-09-17 19:52:06,795 P1438803 INFO Reconstruction-Specific Parameters:
2026-09-17 19:52:06,795 P1438803 INFO node_emb.linear.weight                   | shape: (8, 7)                    | params: 56
2026-09-17 19:52:06,795 P1438803 INFO node_emb.linear.bias                     | shape: (8,)                      | params: 8
2026-09-17 19:52:06,795 P1438803 INFO log_emb.linear.weight                    | shape: (32, 60)                  | params: 1,920
2026-09-17 19:52:06,795 P1438803 INFO log_emb.linear.bias                      | shape: (32,)                     | params: 32
2026-09-17 19:52:06,795 P1438803 INFO egde_emb.linear.weight                   | shape: (8, 2)                    | params: 16
2026-09-17 19:52:06,795 P1438803 INFO egde_emb.linear.bias                     | shape: (8,)                      | params: 8
2026-09-17 19:52:06,795 P1438803 INFO dense_node.weight                        | shape: (7, 8)                    | params: 56
2026-09-17 19:52:06,795 P1438803 INFO dense_node.bias                          | shape: (7,)                      | params: 7
2026-09-17 19:52:06,795 P1438803 INFO dense_log.weight                         | shape: (60, 32)                  | params: 1,920
2026-09-17 19:52:06,795 P1438803 INFO dense_log.bias                           | shape: (60,)                     | params: 60
2026-09-17 19:52:06,796 P1438803 INFO dense_edge.weight                        | shape: (2, 8)                    | params: 16
2026-09-17 19:52:06,796 P1438803 INFO dense_edge.bias                          | shape: (2,)                      | params: 2
2026-09-17 19:52:06,796 P1438803 INFO linear_attn.Wq.weight                    | shape: (10, 10)                  | params: 100
2026-09-17 19:52:06,796 P1438803 INFO linear_attn.Wk.weight                    | shape: (10, 10)                  | params: 100
2026-09-17 19:52:06,796 P1438803 INFO linear_attn.Wv.weight                    | shape: (10, 10)                  | params: 100
2026-09-17 19:52:06,796 P1438803 INFO linear_attn.out.weight                   | shape: (10, 10)                  | params: 100
2026-09-17 19:52:06,796 P1438803 INFO linear_attn.out.bias                     | shape: (10,)                     | params: 10
2026-09-17 19:52:06,796 P1438803 INFO linear_attn.norm.weight                  | shape: (10,)                     | params: 10
2026-09-17 19:52:06,796 P1438803 INFO linear_attn.norm.bias                    | shape: (10,)                     | params: 10
2026-09-17 19:52:06,796 P1438803 INFO shared_fits.normlin_W                    | shape: (7, 7)                    | params: 49
2026-09-17 19:52:06,796 P1438803 INFO shared_fits.freq_upsampler.weight        | shape: (7, 7)                    | params: 49
2026-09-17 19:52:06,796 P1438803 INFO shared_fits.freq_upsampler.bias          | shape: (7,)                      | params: 7
2026-09-17 19:52:06,796 P1438803 INFO modality_proj.node.weight                | shape: (10, 8)                   | params: 80
2026-09-17 19:52:06,796 P1438803 INFO modality_proj.node.bias                  | shape: (10,)                     | params: 10
2026-09-17 19:52:06,797 P1438803 INFO modality_proj.log.weight                 | shape: (10, 32)                  | params: 320
2026-09-17 19:52:06,797 P1438803 INFO modality_proj.log.bias                   | shape: (10,)                     | params: 10
2026-09-17 19:52:06,797 P1438803 INFO modality_proj.edge.weight                | shape: (10, 8)                   | params: 80
2026-09-17 19:52:06,797 P1438803 INFO modality_proj.edge.bias                  | shape: (10,)                     | params: 10
2026-09-17 19:52:06,797 P1438803 INFO modality_proj_out.node.weight            | shape: (8, 10)                   | params: 80
2026-09-17 19:52:06,797 P1438803 INFO modality_proj_out.node.bias              | shape: (8,)                      | params: 8
2026-09-17 19:52:06,797 P1438803 INFO modality_proj_out.log.weight             | shape: (32, 10)                  | params: 320
2026-09-17 19:52:06,797 P1438803 INFO modality_proj_out.log.bias               | shape: (32,)                     | params: 32
2026-09-17 19:52:06,797 P1438803 INFO modality_proj_out.edge.weight            | shape: (8, 10)                   | params: 80
2026-09-17 19:52:06,797 P1438803 INFO modality_proj_out.edge.bias              | shape: (8,)                      | params: 8
2026-09-17 19:52:06,797 P1438803 INFO Subtotal: 5,674
2026-09-17 19:52:06,798 P1438803 INFO --------------------------------------------------------------------------------
2026-09-17 19:52:06,798 P1438803 INFO Common Parameters:
2026-09-17 19:52:06,798 P1438803 INFO show.0.weight                            | shape: (128, 69)                 | params: 8,832
2026-09-17 19:52:06,798 P1438803 INFO show.0.bias                              | shape: (128,)                    | params: 128
2026-09-17 19:52:06,798 P1438803 INFO show.2.weight                            | shape: (2, 128)                  | params: 256
2026-09-17 19:52:06,798 P1438803 INFO show.2.bias                              | shape: (2,)                      | params: 2
2026-09-17 19:52:06,798 P1438803 INFO Subtotal: 9,218
2026-09-17 19:52:06,798 P1438803 INFO --------------------------------------------------------------------------------
2026-09-17 19:52:06,798 P1438803 INFO Total Trainable Parameters: 14,892

2026-09-17 19:52:06,798 P1438803 INFO Trainable Parameters: 14892, reconstruction: 5674, common: 9218
2026-09-17 19:52:06,798 P1438803 INFO model : init weight
2026-09-17 19:52:06,799 P1438803 INFO Using GPU...
2026-09-17 19:52:06,806 P1438803 INFO optimizer : using AdaBelief
2026-09-17 19:52:06,806 P1438803 INFO ----------------------------------------------------------------------------------------------------
2026-09-17 19:52:06,807 P1438803 INFO 0/50 starting... lr: 0.001 para:1.0
2026-09-17 19:52:44,271 P1438803 INFO Epoch 0/50, all_loss:0.08048 cls_loss:52.53702 rec_loss:0.08048 [37.46s]; best loss:0.08048, patience : 0
2026-09-17 19:52:44,272 P1438803 INFO ----------------------------------------------------------------------------------------------------
2026-09-17 19:52:44,272 P1438803 INFO 1/50 starting... lr: 0.001 para:0.5
2026-09-17 19:53:29,324 P1438803 INFO Epoch 1/50, all_loss:2.17998 cls_loss:4.08261 rec_loss:0.27736 [45.05s]; best loss:2.17998, patience : 0
2026-09-17 19:53:29,325 P1438803 INFO ----------------------------------------------------------------------------------------------------
2026-09-17 19:53:29,325 P1438803 INFO 2/50 starting... lr: 0.001 para:0.3333333432674408
2026-09-17 19:54:06,557 P1438803 INFO Epoch 2/50, all_loss:1.56759 cls_loss:2.21127 rec_loss:0.28024 [37.22s]; best loss:1.56759, patience : 0
2026-09-17 19:54:32,083 P1438803 INFO pr:0.9345  rc:0.4446  auc:0.9870 ap:0.8930 f1: 0.6026 pred_right: 1079793 pred_wrong:16407 actu_right: 1061715 actu_wrong: 34485
2026-09-17 19:54:44,618 P1438803 INFO pr:0.9305  rc:0.4411  auc:0.9873 ap:0.8935 f1: 0.5985 pred_right: 462780 pred_wrong:7020 actu_right: 454992 actu_wrong: 14808
2026-09-17 19:54:44,628 P1438803 INFO ----------------------------------------------------------------------------------------------------
2026-09-17 19:54:44,629 P1438803 INFO 3/50 starting... lr: 0.001 para:0.25
2026-09-17 19:55:31,515 P1438803 INFO Epoch 3/50, all_loss:1.59032 cls_loss:2.02248 rec_loss:0.29382 [46.89s]; best loss:1.56759, patience : 1
2026-09-17 19:55:42,807 P1438803 INFO pr:0.7736  rc:0.6284  auc:0.9895 ap:0.9057 f1: 0.6935 pred_right: 1068184 pred_wrong:28016 actu_right: 1061710 actu_wrong: 34490
2026-09-17 19:55:47,615 P1438803 INFO pr:0.7739  rc:0.6266  auc:0.9898 ap:0.9056 f1: 0.6925 pred_right: 457812 pred_wrong:11988 actu_right: 454992 actu_wrong: 14808
2026-09-17 19:55:47,622 P1438803 INFO ----------------------------------------------------------------------------------------------------
2026-09-17 19:55:47,622 P1438803 INFO 4/50 starting... lr: 0.001 para:0.20000000298023224
2026-09-17 19:56:09,142 P1438803 INFO Epoch 4/50, all_loss:1.55902 cls_loss:1.87050 rec_loss:0.31313 [21.51s]; best loss:1.55902, patience : 0
2026-09-17 19:56:21,509 P1438803 INFO pr:0.9033  rc:0.5501  auc:0.9916 ap:0.9174 f1: 0.6838 pred_right: 1075197 pred_wrong:21003 actu_right: 1061710 actu_wrong: 34490
2026-09-17 19:56:25,126 P1438803 INFO pr:0.9057  rc:0.5505  auc:0.9917 ap:0.9173 f1: 0.6848 pred_right: 460799 pred_wrong:9001 actu_right: 454992 actu_wrong: 14808
2026-09-17 19:56:25,127 P1438803 INFO ----------------------------------------------------------------------------------------------------
2026-09-17 19:56:25,127 P1438803 INFO 5/50 starting... lr: 0.001 para:0.1666666716337204
2026-09-17 19:56:54,132 P1438803 INFO Epoch 5/50, all_loss:1.52766 cls_loss:1.76750 rec_loss:0.32843 [29.00s]; best loss:1.52766, patience : 0
2026-09-17 19:57:05,330 P1438803 INFO pr:0.8845  rc:0.5909  auc:0.9925 ap:0.9248 f1: 0.7085 pred_right: 1073162 pred_wrong:23038 actu_right: 1061713 actu_wrong: 34487
2026-09-17 19:57:10,173 P1438803 INFO pr:0.8871  rc:0.5911  auc:0.9926 ap:0.9252 f1: 0.7095 pred_right: 459933 pred_wrong:9867 actu_right: 454992 actu_wrong: 14808
2026-09-17 19:57:10,178 P1438803 INFO ----------------------------------------------------------------------------------------------------
2026-09-17 19:57:10,178 P1438803 INFO 6/50 starting... lr: 0.001 para:0.1428571492433548
2026-09-17 19:57:31,646 P1438803 INFO Epoch 6/50, all_loss:1.46433 cls_loss:1.64903 rec_loss:0.35614 [21.46s]; best loss:1.46433, patience : 0
2026-09-17 19:57:43,194 P1438803 INFO pr:0.8371  rc:0.6881  auc:0.9933 ap:0.9350 f1: 0.7553 pred_right: 1067851 pred_wrong:28349 actu_right: 1061710 actu_wrong: 34490
2026-09-17 19:57:47,721 P1438803 INFO pr:0.8460  rc:0.6912  auc:0.9937 ap:0.9366 f1: 0.7608 pred_right: 457701 pred_wrong:12099 actu_right: 454992 actu_wrong: 14808
2026-09-17 19:57:47,725 P1438803 INFO ----------------------------------------------------------------------------------------------------
2026-09-17 19:57:47,725 P1438803 INFO 7/50 starting... lr: 0.001 para:0.125
2026-09-17 19:58:16,131 P1438803 INFO Epoch 7/50, all_loss:1.38546 cls_loss:1.52468 rec_loss:0.41090 [28.40s]; best loss:1.38546, patience : 0
2026-09-17 19:58:27,532 P1438803 INFO pr:0.8113  rc:0.7666  auc:0.9951 ap:0.9451 f1: 0.7883 pred_right: 1063616 pred_wrong:32584 actu_right: 1061712 actu_wrong: 34488
2026-09-17 19:58:32,215 P1438803 INFO pr:0.8172  rc:0.7688  auc:0.9953 ap:0.9468 f1: 0.7923 pred_right: 455869 pred_wrong:13931 actu_right: 454992 actu_wrong: 14808
2026-09-17 19:58:32,220 P1438803 INFO ----------------------------------------------------------------------------------------------------
2026-09-17 19:58:32,220 P1438803 INFO 8/50 starting... lr: 0.001 para:0.1111111119389534
2026-09-17 19:58:53,658 P1438803 INFO Epoch 8/50, all_loss:1.27518 cls_loss:1.37640 rec_loss:0.46541 [21.43s]; best loss:1.27518, patience : 0
2026-09-17 19:59:05,254 P1438803 INFO pr:0.8527  rc:0.7553  auc:0.9955 ap:0.9503 f1: 0.8010 pred_right: 1065655 pred_wrong:30545 actu_right: 1061714 actu_wrong: 34486
2026-09-17 19:59:09,938 P1438803 INFO pr:0.8601  rc:0.7541  auc:0.9958 ap:0.9519 f1: 0.8036 pred_right: 456816 pred_wrong:12984 actu_right: 454992 actu_wrong: 14808
2026-09-17 19:59:09,943 P1438803 INFO ----------------------------------------------------------------------------------------------------
2026-09-17 19:59:09,943 P1438803 INFO 9/50 starting... lr: 0.001 para:0.10000000149011612
2026-09-17 19:59:31,095 P1438803 INFO Epoch 9/50, all_loss:1.18937 cls_loss:1.26364 rec_loss:0.52096 [21.15s]; best loss:1.18937, patience : 0
2026-09-17 19:59:51,361 P1438803 INFO pr:0.8861  rc:0.7465  auc:0.9968 ap:0.9616 f1: 0.8103 pred_right: 1067142 pred_wrong:29058 actu_right: 1061707 actu_wrong: 34493
2026-09-17 19:59:56,217 P1438803 INFO pr:0.8911  rc:0.7451  auc:0.9970 ap:0.9631 f1: 0.8116 pred_right: 457418 pred_wrong:12382 actu_right: 454992 actu_wrong: 14808
2026-09-17 19:59:56,221 P1438803 INFO ----------------------------------------------------------------------------------------------------
2026-09-17 19:59:56,221 P1438803 INFO 10/50 starting... lr: 0.001 para:0.09090909361839294
2026-09-17 20:00:17,408 P1438803 INFO Epoch 10/50, all_loss:1.10018 cls_loss:1.15246 rec_loss:0.57739 [21.18s]; best loss:1.10018, patience : 0
2026-09-17 20:00:28,657 P1438803 INFO pr:0.8667  rc:0.8534  auc:0.9975 ap:0.9695 f1: 0.8600 pred_right: 1062235 pred_wrong:33965 actu_right: 1061707 actu_wrong: 34493
2026-09-17 20:00:33,408 P1438803 INFO pr:0.8718  rc:0.8525  auc:0.9977 ap:0.9706 f1: 0.8620 pred_right: 455319 pred_wrong:14481 actu_right: 454992 actu_wrong: 14808
2026-09-17 20:00:33,413 P1438803 INFO ----------------------------------------------------------------------------------------------------
2026-09-17 20:00:33,413 P1438803 INFO 11/50 starting... lr: 0.001 para:0.0833333358168602
2026-09-17 20:00:54,637 P1438803 INFO Epoch 11/50, all_loss:1.00984 cls_loss:1.04582 rec_loss:0.61408 [21.22s]; best loss:1.00984, patience : 0
2026-09-17 20:01:05,978 P1438803 INFO pr:0.9145  rc:0.7509  auc:0.9979 ap:0.9713 f1: 0.8247 pred_right: 1067885 pred_wrong:28315 actu_right: 1061713 actu_wrong: 34487
2026-09-17 20:01:17,850 P1438803 INFO pr:0.9194  rc:0.7513  auc:0.9980 ap:0.9725 f1: 0.8269 pred_right: 457700 pred_wrong:12100 actu_right: 454992 actu_wrong: 14808
2026-09-17 20:01:17,854 P1438803 INFO ----------------------------------------------------------------------------------------------------
2026-09-17 20:01:17,854 P1438803 INFO 12/50 starting... lr: 0.001 para:0.07692307978868484
2026-09-17 20:01:39,260 P1438803 INFO Epoch 12/50, all_loss:0.91373 cls_loss:0.93216 rec_loss:0.69251 [21.40s]; best loss:0.91373, patience : 0
2026-09-17 20:01:50,476 P1438803 INFO pr:0.8900  rc:0.8870  auc:0.9979 ap:0.9760 f1: 0.8885 pred_right: 1061830 pred_wrong:34370 actu_right: 1061710 actu_wrong: 34490
2026-09-17 20:01:55,099 P1438803 INFO pr:0.8964  rc:0.8883  auc:0.9981 ap:0.9771 f1: 0.8923 pred_right: 455126 pred_wrong:14674 actu_right: 454992 actu_wrong: 14808
2026-09-17 20:01:55,104 P1438803 INFO ----------------------------------------------------------------------------------------------------
2026-09-17 20:01:55,104 P1438803 INFO 13/50 starting... lr: 0.001 para:0.0714285746216774
2026-09-17 20:02:16,231 P1438803 INFO Epoch 13/50, all_loss:0.84282 cls_loss:0.84928 rec_loss:0.75878 [21.12s]; best loss:0.84282, patience : 0
2026-09-17 20:02:27,540 P1438803 INFO pr:0.8736  rc:0.9425  auc:0.9986 ap:0.9802 f1: 0.9068 pred_right: 1058985 pred_wrong:37215 actu_right: 1061707 actu_wrong: 34493
2026-09-17 20:02:31,893 P1438803 INFO pr:0.8784  rc:0.9442  auc:0.9986 ap:0.9809 f1: 0.9101 pred_right: 453884 pred_wrong:15916 actu_right: 454992 actu_wrong: 14808
2026-09-17 20:02:31,899 P1438803 INFO ----------------------------------------------------------------------------------------------------
2026-09-17 20:02:31,899 P1438803 INFO 14/50 starting... lr: 0.001 para:0.06666667014360428
2026-09-17 20:03:01,649 P1438803 INFO Epoch 14/50, all_loss:0.77259 cls_loss:0.76926 rec_loss:0.81911 [29.75s]; best loss:0.77259, patience : 0
2026-09-17 20:03:12,775 P1438803 INFO pr:0.9006  rc:0.9139  auc:0.9988 ap:0.9823 f1: 0.9072 pred_right: 1061200 pred_wrong:35000 actu_right: 1061710 actu_wrong: 34490
2026-09-17 20:03:17,573 P1438803 INFO pr:0.9047  rc:0.9127  auc:0.9988 ap:0.9823 f1: 0.9087 pred_right: 454860 pred_wrong:14940 actu_right: 454992 actu_wrong: 14808
2026-09-17 20:03:17,577 P1438803 INFO ----------------------------------------------------------------------------------------------------
2026-09-17 20:03:17,577 P1438803 INFO 15/50 starting... lr: 0.001 para:0.0625
2026-09-17 20:03:38,955 P1438803 INFO Epoch 15/50, all_loss:0.70931 cls_loss:0.70070 rec_loss:0.83841 [21.37s]; best loss:0.70931, patience : 0
2026-09-17 20:03:50,760 P1438803 INFO pr:0.8797  rc:0.9566  auc:0.9989 ap:0.9844 f1: 0.9165 pred_right: 1058689 pred_wrong:37511 actu_right: 1061706 actu_wrong: 34494
2026-09-17 20:03:54,742 P1438803 INFO pr:0.8799  rc:0.9554  auc:0.9990 ap:0.9843 f1: 0.9161 pred_right: 453721 pred_wrong:16079 actu_right: 454992 actu_wrong: 14808
2026-09-17 20:03:54,746 P1438803 INFO ----------------------------------------------------------------------------------------------------
2026-09-17 20:03:54,746 P1438803 INFO 16/50 starting... lr: 0.001 para:0.05882352963089943
2026-09-17 20:04:23,937 P1438803 INFO Epoch 16/50, all_loss:0.69574 cls_loss:0.68461 rec_loss:0.87382 [29.19s]; best loss:0.69574, patience : 0
2026-09-17 20:04:34,798 P1438803 INFO pr:0.9013  rc:0.9341  auc:0.9990 ap:0.9839 f1: 0.9174 pred_right: 1060457 pred_wrong:35743 actu_right: 1061712 actu_wrong: 34488
2026-09-17 20:04:39,768 P1438803 INFO pr:0.9050  rc:0.9331  auc:0.9990 ap:0.9844 f1: 0.9188 pred_right: 454532 pred_wrong:15268 actu_right: 454992 actu_wrong: 14808
2026-09-17 20:04:39,772 P1438803 INFO ----------------------------------------------------------------------------------------------------
2026-09-17 20:04:39,772 P1438803 INFO 17/50 starting... lr: 0.001 para:0.0555555559694767
2026-09-17 20:05:00,733 P1438803 INFO Epoch 17/50, all_loss:0.63823 cls_loss:0.62304 rec_loss:0.89644 [20.96s]; best loss:0.63823, patience : 0
2026-09-17 20:05:11,690 P1438803 INFO pr:0.8823  rc:0.9569  auc:0.9990 ap:0.9856 f1: 0.9181 pred_right: 1058795 pred_wrong:37405 actu_right: 1061711 actu_wrong: 34489
2026-09-17 20:05:17,494 P1438803 INFO pr:0.8837  rc:0.9575  auc:0.9990 ap:0.9856 f1: 0.9191 pred_right: 453757 pred_wrong:16043 actu_right: 454992 actu_wrong: 14808
2026-09-17 20:05:17,498 P1438803 INFO ----------------------------------------------------------------------------------------------------
2026-09-17 20:05:17,498 P1438803 INFO 18/50 starting... lr: 0.001 para:0.05263157933950424
2026-09-17 20:05:44,736 P1438803 INFO Epoch 18/50, all_loss:0.62138 cls_loss:0.60600 rec_loss:0.89807 [27.23s]; best loss:0.62138, patience : 0
2026-09-17 20:05:55,663 P1438803 INFO pr:0.8949  rc:0.9612  auc:0.9989 ap:0.9883 f1: 0.9269 pred_right: 1059152 pred_wrong:37048 actu_right: 1061710 actu_wrong: 34490
2026-09-17 20:06:00,144 P1438803 INFO pr:0.8982  rc:0.9616  auc:0.9991 ap:0.9884 f1: 0.9288 pred_right: 453948 pred_wrong:15852 actu_right: 454992 actu_wrong: 14808
2026-09-17 20:06:00,149 P1438803 INFO ----------------------------------------------------------------------------------------------------
2026-09-17 20:06:00,149 P1438803 INFO 19/50 starting... lr: 0.001 para:0.05000000074505806
2026-09-17 20:06:21,552 P1438803 INFO Epoch 19/50, all_loss:0.60907 cls_loss:0.59276 rec_loss:0.91882 [21.40s]; best loss:0.60907, patience : 0
2026-09-17 20:06:32,653 P1438803 INFO pr:0.9333  rc:0.9061  auc:0.9991 ap:0.9897 f1: 0.9195 pred_right: 1062719 pred_wrong:33481 actu_right: 1061713 actu_wrong: 34487
2026-09-17 20:06:37,625 P1438803 INFO pr:0.9362  rc:0.9082  auc:0.9992 ap:0.9899 f1: 0.9220 pred_right: 455434 pred_wrong:14366 actu_right: 454992 actu_wrong: 14808
2026-09-17 20:06:37,626 P1438803 INFO ----------------------------------------------------------------------------------------------------
2026-09-17 20:06:37,626 P1438803 INFO 20/50 starting... lr: 0.001 para:0.0476190485060215
2026-09-17 20:06:58,572 P1438803 INFO Epoch 20/50, all_loss:0.58544 cls_loss:0.56788 rec_loss:0.93673 [20.93s]; best loss:0.58544, patience : 0
2026-09-17 20:07:17,420 P1438803 INFO pr:0.9207  rc:0.9138  auc:0.9988 ap:0.9879 f1: 0.9172 pred_right: 1061969 pred_wrong:34231 actu_right: 1061710 actu_wrong: 34490
2026-09-17 20:07:22,039 P1438803 INFO pr:0.9220  rc:0.9150  auc:0.9990 ap:0.9878 f1: 0.9185 pred_right: 455103 pred_wrong:14697 actu_right: 454992 actu_wrong: 14808
2026-09-17 20:07:22,043 P1438803 INFO ----------------------------------------------------------------------------------------------------
2026-09-17 20:07:22,043 P1438803 INFO 21/50 starting... lr: 0.001 para:0.04545454680919647
2026-09-17 20:07:42,844 P1438803 INFO Epoch 21/50, all_loss:0.56995 cls_loss:0.55238 rec_loss:0.93897 [20.80s]; best loss:0.56995, patience : 0
2026-09-17 20:07:53,995 P1438803 INFO pr:0.9241  rc:0.9339  auc:0.9989 ap:0.9901 f1: 0.9290 pred_right: 1061349 pred_wrong:34851 actu_right: 1061715 actu_wrong: 34485
2026-09-17 20:07:58,668 P1438803 INFO pr:0.9263  rc:0.9335  auc:0.9991 ap:0.9901 f1: 0.9299 pred_right: 454876 pred_wrong:14924 actu_right: 454992 actu_wrong: 14808
2026-09-17 20:07:58,672 P1438803 INFO ----------------------------------------------------------------------------------------------------
2026-09-17 20:07:58,672 P1438803 INFO 22/50 starting... lr: 0.001 para:0.043478261679410934
2026-09-17 20:08:19,829 P1438803 INFO Epoch 22/50, all_loss:0.54974 cls_loss:0.53162 rec_loss:0.94847 [21.15s]; best loss:0.54974, patience : 0
2026-09-17 20:08:32,295 P1438803 INFO pr:0.9176  rc:0.9445  auc:0.9992 ap:0.9901 f1: 0.9308 pred_right: 1060698 pred_wrong:35502 actu_right: 1061710 actu_wrong: 34490
2026-09-17 20:08:43,296 P1438803 INFO pr:0.9202  rc:0.9421  auc:0.9993 ap:0.9896 f1: 0.9310 pred_right: 454640 pred_wrong:15160 actu_right: 454992 actu_wrong: 14808
2026-09-17 20:08:43,301 P1438803 INFO ----------------------------------------------------------------------------------------------------
2026-09-17 20:08:43,301 P1438803 INFO 23/50 starting... lr: 0.001 para:0.0416666679084301
2026-09-17 20:09:04,421 P1438803 INFO Epoch 23/50, all_loss:0.51739 cls_loss:0.49730 rec_loss:0.97966 [21.11s]; best loss:0.51739, patience : 0
2026-09-17 20:09:15,432 P1438803 INFO pr:0.9355  rc:0.9235  auc:0.9991 ap:0.9908 f1: 0.9294 pred_right: 1062156 pred_wrong:34044 actu_right: 1061713 actu_wrong: 34487
2026-09-17 20:09:20,254 P1438803 INFO pr:0.9392  rc:0.9256  auc:0.9990 ap:0.9908 f1: 0.9324 pred_right: 455206 pred_wrong:14594 actu_right: 454992 actu_wrong: 14808
2026-09-17 20:09:20,255 P1438803 INFO ----------------------------------------------------------------------------------------------------
2026-09-17 20:09:20,255 P1438803 INFO 24/50 starting... lr: 0.001 para:0.03999999910593033
2026-09-17 20:09:42,105 P1438803 INFO Epoch 24/50, all_loss:0.52807 cls_loss:0.50885 rec_loss:0.98945 [21.85s]; best loss:0.51739, patience : 1
2026-09-17 20:09:52,472 P1438803 INFO pr:0.9085  rc:0.9681  auc:0.9990 ap:0.9911 f1: 0.9373 pred_right: 1059449 pred_wrong:36751 actu_right: 1061711 actu_wrong: 34489
2026-09-17 20:09:57,578 P1438803 INFO pr:0.9105  rc:0.9668  auc:0.9992 ap:0.9909 f1: 0.9378 pred_right: 454076 pred_wrong:15724 actu_right: 454992 actu_wrong: 14808
2026-09-17 20:09:57,587 P1438803 INFO ----------------------------------------------------------------------------------------------------
2026-09-17 20:09:57,588 P1438803 INFO 25/50 starting... lr: 0.001 para:0.03846153989434242
2026-09-17 20:10:25,899 P1438803 INFO Epoch 25/50, all_loss:0.49337 cls_loss:0.47325 rec_loss:0.99637 [28.31s]; best loss:0.49337, patience : 0
2026-09-17 20:10:37,027 P1438803 INFO pr:0.9224  rc:0.9608  auc:0.9995 ap:0.9919 f1: 0.9412 pred_right: 1060278 pred_wrong:35922 actu_right: 1061713 actu_wrong: 34487
2026-09-17 20:10:41,668 P1438803 INFO pr:0.9233  rc:0.9581  auc:0.9994 ap:0.9914 f1: 0.9404 pred_right: 454435 pred_wrong:15365 actu_right: 454992 actu_wrong: 14808
2026-09-17 20:10:41,672 P1438803 INFO ----------------------------------------------------------------------------------------------------
2026-09-17 20:10:41,673 P1438803 INFO 26/50 starting... lr: 0.001 para:0.03703703731298447
2026-09-17 20:11:02,590 P1438803 INFO Epoch 26/50, all_loss:0.50730 cls_loss:0.48818 rec_loss:1.00453 [20.92s]; best loss:0.49337, patience : 1
2026-09-17 20:11:14,664 P1438803 INFO pr:0.9288  rc:0.9479  auc:0.9994 ap:0.9913 f1: 0.9382 pred_right: 1060998 pred_wrong:35202 actu_right: 1061710 actu_wrong: 34490
2026-09-17 20:11:18,522 P1438803 INFO pr:0.9288  rc:0.9457  auc:0.9993 ap:0.9907 f1: 0.9372 pred_right: 454722 pred_wrong:15078 actu_right: 454992 actu_wrong: 14808
2026-09-17 20:11:18,523 P1438803 INFO ----------------------------------------------------------------------------------------------------
2026-09-17 20:11:18,523 P1438803 INFO 27/50 starting... lr: 0.001 para:0.0357142873108387
2026-09-17 20:11:47,690 P1438803 INFO Epoch 27/50, all_loss:0.48140 cls_loss:0.46163 rec_loss:1.01528 [29.16s]; best loss:0.48140, patience : 0
2026-09-17 20:11:58,696 P1438803 INFO pr:0.9032  rc:0.9767  auc:0.9994 ap:0.9916 f1: 0.9385 pred_right: 1058908 pred_wrong:37292 actu_right: 1061713 actu_wrong: 34487
2026-09-17 20:12:03,501 P1438803 INFO pr:0.9057  rc:0.9754  auc:0.9993 ap:0.9912 f1: 0.9393 pred_right: 453854 pred_wrong:15946 actu_right: 454992 actu_wrong: 14808
2026-09-17 20:12:03,502 P1438803 INFO ----------------------------------------------------------------------------------------------------
2026-09-17 20:12:03,502 P1438803 INFO 28/50 starting... lr: 0.001 para:0.03448275849223137
2026-09-17 20:12:24,706 P1438803 INFO Epoch 28/50, all_loss:0.46391 cls_loss:0.44397 rec_loss:1.02231 [21.20s]; best loss:0.46391, patience : 0
2026-09-17 20:12:35,976 P1438803 INFO pr:0.9159  rc:0.9704  auc:0.9995 ap:0.9923 f1: 0.9423 pred_right: 1059659 pred_wrong:36541 actu_right: 1061710 actu_wrong: 34490
2026-09-17 20:12:42,075 P1438803 INFO pr:0.9168  rc:0.9685  auc:0.9994 ap:0.9914 f1: 0.9419 pred_right: 454157 pred_wrong:15643 actu_right: 454992 actu_wrong: 14808
2026-09-17 20:12:42,079 P1438803 INFO ----------------------------------------------------------------------------------------------------
2026-09-17 20:12:42,079 P1438803 INFO 29/50 starting... lr: 0.001 para:0.03333333507180214
2026-09-17 20:13:09,972 P1438803 INFO Epoch 29/50, all_loss:0.45244 cls_loss:0.43245 rec_loss:1.03232 [27.89s]; best loss:0.45244, patience : 0
2026-09-17 20:13:21,291 P1438803 INFO pr:0.9392  rc:0.9523  auc:0.9995 ap:0.9933 f1: 0.9457 pred_right: 1061232 pred_wrong:34968 actu_right: 1061714 actu_wrong: 34486
2026-09-17 20:13:26,155 P1438803 INFO pr:0.9391  rc:0.9504  auc:0.9995 ap:0.9928 f1: 0.9447 pred_right: 454814 pred_wrong:14986 actu_right: 454992 actu_wrong: 14808
2026-09-17 20:13:26,159 P1438803 INFO ----------------------------------------------------------------------------------------------------
2026-09-17 20:13:26,162 P1438803 INFO 30/50 starting... lr: 0.001 para:0.032258063554763794
2026-09-17 20:13:47,323 P1438803 INFO Epoch 30/50, all_loss:0.44095 cls_loss:0.42115 rec_loss:1.03492 [21.16s]; best loss:0.44095, patience : 0
2026-09-17 20:13:58,396 P1438803 INFO pr:0.9411  rc:0.9397  auc:0.9994 ap:0.9926 f1: 0.9404 pred_right: 1061767 pred_wrong:34433 actu_right: 1061714 actu_wrong: 34486
2026-09-17 20:14:03,091 P1438803 INFO pr:0.9409  rc:0.9371  auc:0.9993 ap:0.9922 f1: 0.9390 pred_right: 455052 pred_wrong:14748 actu_right: 454992 actu_wrong: 14808
2026-09-17 20:14:03,092 P1438803 INFO ----------------------------------------------------------------------------------------------------
2026-09-17 20:14:03,092 P1438803 INFO 31/50 starting... lr: 0.001 para:0.03125
2026-09-17 20:14:30,117 P1438803 INFO Epoch 31/50, all_loss:0.44103 cls_loss:0.42103 rec_loss:1.06105 [27.02s]; best loss:0.44095, patience : 1
2026-09-17 20:14:43,178 P1438803 INFO pr:0.9437  rc:0.9504  auc:0.9992 ap:0.9936 f1: 0.9470 pred_right: 1061468 pred_wrong:34732 actu_right: 1061710 actu_wrong: 34490
2026-09-17 20:14:48,103 P1438803 INFO pr:0.9441  rc:0.9462  auc:0.9992 ap:0.9931 f1: 0.9451 pred_right: 454959 pred_wrong:14841 actu_right: 454992 actu_wrong: 14808
2026-09-17 20:14:48,108 P1438803 INFO ----------------------------------------------------------------------------------------------------
2026-09-17 20:14:48,108 P1438803 INFO 32/50 starting... lr: 0.001 para:0.03030303120613098
2026-09-17 20:15:09,298 P1438803 INFO Epoch 32/50, all_loss:0.44760 cls_loss:0.42795 rec_loss:1.07649 [21.19s]; best loss:0.44095, patience : 2
2026-09-17 20:15:20,282 P1438803 INFO pr:0.9394  rc:0.9562  auc:0.9996 ap:0.9942 f1: 0.9477 pred_right: 1061092 pred_wrong:35108 actu_right: 1061707 actu_wrong: 34493
2026-09-17 20:15:24,907 P1438803 INFO pr:0.9402  rc:0.9528  auc:0.9995 ap:0.9936 f1: 0.9465 pred_right: 454794 pred_wrong:15006 actu_right: 454992 actu_wrong: 14808
2026-09-17 20:15:24,912 P1438803 INFO ----------------------------------------------------------------------------------------------------
2026-09-17 20:15:24,912 P1438803 INFO 33/50 starting... lr: 0.001 para:0.029411764815449715
2026-09-17 20:15:45,704 P1438803 INFO Epoch 33/50, all_loss:0.42532 cls_loss:0.40534 rec_loss:1.08468 [20.79s]; best loss:0.42532, patience : 0
2026-09-17 20:16:05,633 P1438803 INFO pr:0.9382  rc:0.9544  auc:0.9994 ap:0.9935 f1: 0.9462 pred_right: 1061113 pred_wrong:35087 actu_right: 1061709 actu_wrong: 34491
2026-09-17 20:16:10,434 P1438803 INFO pr:0.9398  rc:0.9529  auc:0.9994 ap:0.9931 f1: 0.9463 pred_right: 454786 pred_wrong:15014 actu_right: 454992 actu_wrong: 14808
2026-09-17 20:16:10,434 P1438803 INFO ----------------------------------------------------------------------------------------------------
2026-09-17 20:16:10,435 P1438803 INFO 34/50 starting... lr: 0.001 para:0.02857142873108387
2026-09-17 20:16:31,504 P1438803 INFO Epoch 34/50, all_loss:0.42367 cls_loss:0.40445 rec_loss:1.07734 [21.06s]; best loss:0.42367, patience : 0
2026-09-17 20:16:43,121 P1438803 INFO pr:0.9294  rc:0.9720  auc:0.9995 ap:0.9945 f1: 0.9502 pred_right: 1060127 pred_wrong:36073 actu_right: 1061710 actu_wrong: 34490
2026-09-17 20:16:47,887 P1438803 INFO pr:0.9296  rc:0.9702  auc:0.9995 ap:0.9939 f1: 0.9495 pred_right: 454345 pred_wrong:15455 actu_right: 454992 actu_wrong: 14808
2026-09-17 20:16:47,891 P1438803 INFO ----------------------------------------------------------------------------------------------------
2026-09-17 20:16:47,891 P1438803 INFO 35/50 starting... lr: 0.001 para:0.02777777798473835
2026-09-17 20:17:09,043 P1438803 INFO Epoch 35/50, all_loss:0.41368 cls_loss:0.39404 rec_loss:1.10096 [21.15s]; best loss:0.41368, patience : 0
2026-09-17 20:17:22,855 P1438803 INFO pr:0.9263  rc:0.9699  auc:0.9993 ap:0.9934 f1: 0.9476 pred_right: 1060089 pred_wrong:36111 actu_right: 1061713 actu_wrong: 34487
2026-09-17 20:17:32,297 P1438803 INFO pr:0.9277  rc:0.9669  auc:0.9993 ap:0.9931 f1: 0.9469 pred_right: 454366 pred_wrong:15434 actu_right: 454992 actu_wrong: 14808
2026-09-17 20:17:32,298 P1438803 INFO ----------------------------------------------------------------------------------------------------
2026-09-17 20:17:32,298 P1438803 INFO 36/50 starting... lr: 0.001 para:0.027027027681469917
2026-09-17 20:17:53,954 P1438803 INFO Epoch 36/50, all_loss:0.42584 cls_loss:0.40721 rec_loss:1.09649 [21.66s]; best loss:0.41368, patience : 1
2026-09-17 20:18:04,887 P1438803 INFO pr:0.9547  rc:0.9401  auc:0.9992 ap:0.9945 f1: 0.9474 pred_right: 1062236 pred_wrong:33964 actu_right: 1061708 actu_wrong: 34492
2026-09-17 20:18:09,363 P1438803 INFO pr:0.9545  rc:0.9344  auc:0.9993 ap:0.9941 f1: 0.9443 pred_right: 455304 pred_wrong:14496 actu_right: 454992 actu_wrong: 14808
2026-09-17 20:18:09,364 P1438803 INFO ----------------------------------------------------------------------------------------------------
2026-09-17 20:18:09,364 P1438803 INFO 37/50 starting... lr: 0.001 para:0.02631578966975212
2026-09-17 20:18:31,570 P1438803 INFO Epoch 37/50, all_loss:0.41806 cls_loss:0.39993 rec_loss:1.08893 [22.21s]; best loss:0.41368, patience : 1
2026-09-17 20:18:42,082 P1438803 INFO pr:0.9320  rc:0.9784  auc:0.9994 ap:0.9948 f1: 0.9546 pred_right: 1059991 pred_wrong:36209 actu_right: 1061711 actu_wrong: 34489
2026-09-17 20:18:46,890 P1438803 INFO pr:0.9334  rc:0.9743  auc:0.9995 ap:0.9945 f1: 0.9534 pred_right: 454344 pred_wrong:15456 actu_right: 454992 actu_wrong: 14808
2026-09-17 20:18:46,899 P1438803 INFO ----------------------------------------------------------------------------------------------------
2026-09-17 20:18:46,899 P1438803 INFO 38/50 starting... lr: 0.001 para:0.025641025975346565
2026-09-17 20:19:15,725 P1438803 INFO Epoch 38/50, all_loss:0.37935 cls_loss:0.35977 rec_loss:1.12349 [28.82s]; best loss:0.37935, patience : 0
2026-09-17 20:19:26,612 P1438803 INFO pr:0.9212  rc:0.9778  auc:0.9996 ap:0.9934 f1: 0.9487 pred_right: 1059594 pred_wrong:36606 actu_right: 1061713 actu_wrong: 34487
2026-09-17 20:19:31,411 P1438803 INFO pr:0.9201  rc:0.9744  auc:0.9995 ap:0.9924 f1: 0.9465 pred_right: 454118 pred_wrong:15682 actu_right: 454992 actu_wrong: 14808
2026-09-17 20:19:31,412 P1438803 INFO ----------------------------------------------------------------------------------------------------
2026-09-17 20:19:31,412 P1438803 INFO 39/50 starting... lr: 0.001 para:0.02500000037252903
2026-09-17 20:19:53,391 P1438803 INFO Epoch 39/50, all_loss:0.37492 cls_loss:0.35589 rec_loss:1.11727 [21.97s]; best loss:0.37492, patience : 0
2026-09-17 20:20:05,294 P1438803 INFO pr:0.9301  rc:0.9770  auc:0.9996 ap:0.9941 f1: 0.9530 pred_right: 1059972 pred_wrong:36228 actu_right: 1061712 actu_wrong: 34488
2026-09-17 20:20:09,227 P1438803 INFO pr:0.9290  rc:0.9718  auc:0.9995 ap:0.9933 f1: 0.9499 pred_right: 454311 pred_wrong:15489 actu_right: 454992 actu_wrong: 14808
2026-09-17 20:20:09,228 P1438803 INFO ----------------------------------------------------------------------------------------------------
2026-09-17 20:20:09,228 P1438803 INFO 40/50 starting... lr: 0.001 para:0.024390242993831635
2026-09-17 20:20:38,405 P1438803 INFO Epoch 40/50, all_loss:0.36270 cls_loss:0.34364 rec_loss:1.12504 [29.17s]; best loss:0.36270, patience : 0
2026-09-17 20:20:49,689 P1438803 INFO pr:0.9163  rc:0.9879  auc:0.9996 ap:0.9952 f1: 0.9507 pred_right: 1059020 pred_wrong:37180 actu_right: 1061714 actu_wrong: 34486
2026-09-17 20:20:54,546 P1438803 INFO pr:0.9154  rc:0.9833  auc:0.9995 ap:0.9944 f1: 0.9481 pred_right: 453895 pred_wrong:15905 actu_right: 454992 actu_wrong: 14808
2026-09-17 20:20:54,547 P1438803 INFO ----------------------------------------------------------------------------------------------------
2026-09-17 20:20:54,547 P1438803 INFO 41/50 starting... lr: 0.001 para:0.02380952425301075
2026-09-17 20:21:15,854 P1438803 INFO Epoch 41/50, all_loss:0.37438 cls_loss:0.35614 rec_loss:1.12222 [21.31s]; best loss:0.36270, patience : 1
2026-09-17 20:21:27,166 P1438803 INFO pr:0.9291  rc:0.9772  auc:0.9995 ap:0.9948 f1: 0.9526 pred_right: 1059929 pred_wrong:36271 actu_right: 1061712 actu_wrong: 34488
2026-09-17 20:21:32,595 P1438803 INFO pr:0.9266  rc:0.9737  auc:0.9996 ap:0.9942 f1: 0.9496 pred_right: 454239 pred_wrong:15561 actu_right: 454992 actu_wrong: 14808
2026-09-17 20:21:32,595 P1438803 INFO ----------------------------------------------------------------------------------------------------
2026-09-17 20:21:32,602 P1438803 INFO 42/50 starting... lr: 0.001 para:0.023255813866853714
2026-09-17 20:22:00,518 P1438803 INFO Epoch 42/50, all_loss:0.37315 cls_loss:0.35472 rec_loss:1.14757 [27.92s]; best loss:0.36270, patience : 1
2026-09-17 20:22:11,580 P1438803 INFO pr:0.9511  rc:0.9501  auc:0.9993 ap:0.9947 f1: 0.9506 pred_right: 1061741 pred_wrong:34459 actu_right: 1061707 actu_wrong: 34493
2026-09-17 20:22:16,177 P1438803 INFO pr:0.9519  rc:0.9425  auc:0.9995 ap:0.9942 f1: 0.9472 pred_right: 455138 pred_wrong:14662 actu_right: 454992 actu_wrong: 14808
2026-09-17 20:22:16,178 P1438803 INFO ----------------------------------------------------------------------------------------------------
2026-09-17 20:22:16,178 P1438803 INFO 43/50 starting... lr: 0.001 para:0.022727273404598236
2026-09-17 20:22:37,536 P1438803 INFO Epoch 43/50, all_loss:0.37988 cls_loss:0.36168 rec_loss:1.16261 [21.36s]; best loss:0.36270, patience : 2
2026-09-17 20:22:48,530 P1438803 INFO pr:0.9349  rc:0.9740  auc:0.9996 ap:0.9951 f1: 0.9541 pred_right: 1060270 pred_wrong:35930 actu_right: 1061712 actu_wrong: 34488
2026-09-17 20:22:53,388 P1438803 INFO pr:0.9340  rc:0.9706  auc:0.9996 ap:0.9939 f1: 0.9520 pred_right: 454412 pred_wrong:15388 actu_right: 454992 actu_wrong: 14808
2026-09-17 20:22:53,389 P1438803 INFO ----------------------------------------------------------------------------------------------------
2026-09-17 20:22:53,389 P1438803 INFO 44/50 starting... lr: 0.001 para:0.02222222276031971
2026-09-17 20:23:16,029 P1438803 INFO Epoch 44/50, all_loss:0.35419 cls_loss:0.33565 rec_loss:1.17009 [22.63s]; best loss:0.35419, patience : 0
2026-09-17 20:23:33,842 P1438803 INFO pr:0.9404  rc:0.9624  auc:0.9996 ap:0.9946 f1: 0.9513 pred_right: 1060904 pred_wrong:35296 actu_right: 1061710 actu_wrong: 34490
2026-09-17 20:23:38,320 P1438803 INFO pr:0.9415  rc:0.9610  auc:0.9995 ap:0.9943 f1: 0.9511 pred_right: 454684 pred_wrong:15116 actu_right: 454992 actu_wrong: 14808
2026-09-17 20:23:38,321 P1438803 INFO ----------------------------------------------------------------------------------------------------
2026-09-17 20:23:38,321 P1438803 INFO 45/50 starting... lr: 0.001 para:0.021739130839705467
2026-09-17 20:23:59,788 P1438803 INFO Epoch 45/50, all_loss:0.35677 cls_loss:0.33911 rec_loss:1.15156 [21.47s]; best loss:0.35419, patience : 1
2026-09-17 20:24:10,910 P1438803 INFO pr:0.9264  rc:0.9802  auc:0.9996 ap:0.9942 f1: 0.9525 pred_right: 1059712 pred_wrong:36488 actu_right: 1061714 actu_wrong: 34486
2026-09-17 20:24:15,495 P1438803 INFO pr:0.9257  rc:0.9771  auc:0.9995 ap:0.9934 f1: 0.9507 pred_right: 454169 pred_wrong:15631 actu_right: 454992 actu_wrong: 14808
2026-09-17 20:24:15,495 P1438803 INFO ----------------------------------------------------------------------------------------------------
2026-09-17 20:24:15,496 P1438803 INFO 46/50 starting... lr: 0.001 para:0.021276595070958138
2026-09-17 20:24:36,704 P1438803 INFO Epoch 46/50, all_loss:0.39147 cls_loss:0.37481 rec_loss:1.15753 [21.21s]; best loss:0.35419, patience : 2
2026-09-17 20:24:52,819 P1438803 INFO pr:0.9440  rc:0.9661  auc:0.9996 ap:0.9944 f1: 0.9549 pred_right: 1060898 pred_wrong:35302 actu_right: 1061708 actu_wrong: 34492
2026-09-17 20:24:59,979 P1438803 INFO pr:0.9434  rc:0.9615  auc:0.9996 ap:0.9938 f1: 0.9524 pred_right: 454708 pred_wrong:15092 actu_right: 454992 actu_wrong: 14808
2026-09-17 20:24:59,984 P1438803 INFO ----------------------------------------------------------------------------------------------------
2026-09-17 20:24:59,984 P1438803 INFO 47/50 starting... lr: 0.001 para:0.02083333395421505
2026-09-17 20:25:21,380 P1438803 INFO Epoch 47/50, all_loss:0.36263 cls_loss:0.34500 rec_loss:1.19131 [21.40s]; best loss:0.35419, patience : 2
2026-09-17 20:25:32,534 P1438803 INFO pr:0.9364  rc:0.9773  auc:0.9996 ap:0.9951 f1: 0.9564 pred_right: 1060202 pred_wrong:35998 actu_right: 1061709 actu_wrong: 34491
2026-09-17 20:25:37,015 P1438803 INFO pr:0.9338  rc:0.9722  auc:0.9996 ap:0.9941 f1: 0.9526 pred_right: 454384 pred_wrong:15416 actu_right: 454992 actu_wrong: 14808
2026-09-17 20:25:37,020 P1438803 INFO ----------------------------------------------------------------------------------------------------
2026-09-17 20:25:37,020 P1438803 INFO 48/50 starting... lr: 0.001 para:0.020408162847161293
2026-09-17 20:25:58,523 P1438803 INFO Epoch 48/50, all_loss:0.34336 cls_loss:0.32581 rec_loss:1.18589 [21.50s]; best loss:0.34336, patience : 0
2026-09-17 20:26:09,578 P1438803 INFO pr:0.9386  rc:0.9803  auc:0.9997 ap:0.9956 f1: 0.9590 pred_right: 1060177 pred_wrong:36023 actu_right: 1061711 actu_wrong: 34489
2026-09-17 20:26:13,869 P1438803 INFO pr:0.9371  rc:0.9762  auc:0.9996 ap:0.9945 f1: 0.9562 pred_right: 454373 pred_wrong:15427 actu_right: 454992 actu_wrong: 14808
2026-09-17 20:26:13,873 P1438803 INFO ----------------------------------------------------------------------------------------------------
2026-09-17 20:26:13,874 P1438803 INFO 49/50 starting... lr: 0.001 para:0.019999999552965164
2026-09-17 20:26:43,310 P1438803 INFO Epoch 49/50, all_loss:0.34758 cls_loss:0.33062 rec_loss:1.17847 [29.44s]; best loss:0.34336, patience : 1
2026-09-17 20:26:54,619 P1438803 INFO pr:0.9460  rc:0.9644  auc:0.9994 ap:0.9953 f1: 0.9551 pred_right: 1061043 pred_wrong:35157 actu_right: 1061715 actu_wrong: 34485
2026-09-17 20:26:59,130 P1438803 INFO pr:0.9456  rc:0.9611  auc:0.9995 ap:0.9948 f1: 0.9533 pred_right: 454749 pred_wrong:15051 actu_right: 454992 actu_wrong: 14808
2026-09-17 20:26:59,131 P1438803 INFO saving model...
2026-09-17 20:26:59,131 P1438803 INFO FITS_Legendre - loss  best score:0.3433591425418854 at epoch 48
2026-09-17 20:26:59,137 P1438803 INFO FITS_Legendre - f1  best score:0.9590140685273428 at epoch 48
2026-09-17 20:26:59,141 P1438803 INFO Average training time per epoch: 24.84 seconds
2026-09-17 20:26:59,142 P1438803 INFO calculate scores...
2026-09-17 20:26:59,142 P1438803 INFO calculate label with loss...
2026-09-17 20:26:59,142 P1438803 INFO FITS_Legendre on ./result/server_only_exps/Ablations_updatedFreDF/FITS_Legendre-TT-Epochs50-Seed3-ExpNameRQ2z5_basis_degree_comparison_2-LPFLPF-Attnlinear_attn-NormLinTrue-RecLambda1.0-AuxiLambda0.2-lowshow-simplegraph-Degree7-BasisTypelegendre loading...
2026-09-17 20:27:04,029 P1438803 INFO pr:0.9371  rc:0.9762  auc:0.9996 ap:0.9945 f1: 0.9562 pred_right: 454373 pred_wrong:15427 actu_right: 454992 actu_wrong: 14808
2026-09-17 20:27:13,017 P1438803 INFO pr:0.9371  rc:0.9762  auc:0.9996 ap:0.9945 f1: 0.9562 pred_right: 454373 pred_wrong:15427 actu_right: 454992 actu_wrong: 14808
2026-09-17 20:27:13,017 P1438803 INFO Performance Summary:
{'GPU': {'inference_time_per_sample_ms': 0.24883916878946613, 'throughput_samples_per_sec': 4018.659943547971, 'peak_memory_mb': 87.724609375, 'energy_per_sample_joules': 0.01287605836942653}, 'CPU': {'inference_time_per_sample_ms': 0.48111897522217917, 'throughput_samples_per_sec': 2078.4879655561354, 'peak_memory_mb': 5469.23828125, 'energy_per_sample_joules': 0.03127273338944165}}
2026-09-17 20:27:13,017 P1438803 INFO Starting clean-room hardware benchmarking...
2026-09-17 20:27:14,017 P1438803 INFO Performance with loss: pr:0.9371  rc:0.9762  auc:0.9996 ap:0.9945 f1: 0.9562 pred_right: 454373 pred_wrong:15427 actu_right: 454992 actu_wrong: 14808
2026-09-17 20:27:14,017 P1438803 INFO calculate label with f1...
2026-09-17 20:27:14,017 P1438803 INFO FITS_Legendre on ./result/server_only_exps/Ablations_updatedFreDF/FITS_Legendre-TT-Epochs50-Seed3-ExpNameRQ2z5_basis_degree_comparison_2-LPFLPF-Attnlinear_attn-NormLinTrue-RecLambda1.0-AuxiLambda0.2-lowshow-simplegraph-Degree7-BasisTypelegendre loading...
2026-09-17 20:27:18,679 P1438803 INFO pr:0.9371  rc:0.9762  auc:0.9996 ap:0.9945 f1: 0.9562 pred_right: 454373 pred_wrong:15427 actu_right: 454992 actu_wrong: 14808
2026-09-17 20:27:27,637 P1438803 INFO pr:0.9371  rc:0.9762  auc:0.9996 ap:0.9945 f1: 0.9562 pred_right: 454373 pred_wrong:15427 actu_right: 454992 actu_wrong: 14808
2026-09-17 20:27:27,637 P1438803 INFO Performance Summary:
{'GPU': {'inference_time_per_sample_ms': 0.2332347567675445, 'throughput_samples_per_sec': 4287.52564094321, 'peak_memory_mb': 87.220703125, 'energy_per_sample_joules': 0.012251005451350426}, 'CPU': {'inference_time_per_sample_ms': 0.47802484405027057, 'throughput_samples_per_sec': 2091.9414805453857, 'peak_memory_mb': 5419.58984375, 'energy_per_sample_joules': 0.031071614863267587}}
2026-09-17 20:27:27,638 P1438803 INFO Starting clean-room hardware benchmarking...
2026-09-17 20:27:28,693 P1438803 INFO Performance with f1: pr:0.9371  rc:0.9762  auc:0.9996 ap:0.9945 f1: 0.9562 pred_right: 454373 pred_wrong:15427 actu_right: 454992 actu_wrong: 14808
