2026-07-24 12:56:07,681 P987894 INFO ---- Model: ----MSTGAD-54d19635----random_seed : 3----req_loss_approach : FreDF-style----rec_lambda : 1.0----auxi_lambda : 0.2----Freq Domain : FITS_Legendre----Multi Fits : false----train : True----evaluate : False
2026-07-24 12:56:07,681 P987894 INFO Load from /home/db2003/Desktop/Amr/Tests/Eadro/codes/chunks/TT
2026-07-24 12:56:19,317 P987894 INFO Fewshot: training with 1.0 of the 70% of the data
2026-07-24 12:56:19,400 P987894 INFO Trainable Parameters Breakdown:
2026-07-24 12:56:19,400 P987894 INFO --------------------------------------------------------------------------------
2026-07-24 12:56:19,400 P987894 INFO Reconstruction-Specific Parameters:
2026-07-24 12:56:19,401 P987894 INFO node_emb.linear.weight                   | shape: (8, 7)                    | params: 56
2026-07-24 12:56:19,401 P987894 INFO node_emb.linear.bias                     | shape: (8,)                      | params: 8
2026-07-24 12:56:19,401 P987894 INFO log_emb.linear.weight                    | shape: (32, 60)                  | params: 1,920
2026-07-24 12:56:19,401 P987894 INFO log_emb.linear.bias                      | shape: (32,)                     | params: 32
2026-07-24 12:56:19,401 P987894 INFO egde_emb.linear.weight                   | shape: (8, 2)                    | params: 16
2026-07-24 12:56:19,401 P987894 INFO egde_emb.linear.bias                     | shape: (8,)                      | params: 8
2026-07-24 12:56:19,401 P987894 INFO dense_node.weight                        | shape: (7, 8)                    | params: 56
2026-07-24 12:56:19,401 P987894 INFO dense_node.bias                          | shape: (7,)                      | params: 7
2026-07-24 12:56:19,401 P987894 INFO dense_log.weight                         | shape: (60, 32)                  | params: 1,920
2026-07-24 12:56:19,401 P987894 INFO dense_log.bias                           | shape: (60,)                     | params: 60
2026-07-24 12:56:19,401 P987894 INFO dense_edge.weight                        | shape: (2, 8)                    | params: 16
2026-07-24 12:56:19,401 P987894 INFO dense_edge.bias                          | shape: (2,)                      | params: 2
2026-07-24 12:56:19,401 P987894 INFO linear_attn.Wq.weight                    | shape: (10, 10)                  | params: 100
2026-07-24 12:56:19,401 P987894 INFO linear_attn.Wk.weight                    | shape: (10, 10)                  | params: 100
2026-07-24 12:56:19,401 P987894 INFO linear_attn.Wv.weight                    | shape: (10, 10)                  | params: 100
2026-07-24 12:56:19,401 P987894 INFO linear_attn.out.weight                   | shape: (10, 10)                  | params: 100
2026-07-24 12:56:19,401 P987894 INFO linear_attn.out.bias                     | shape: (10,)                     | params: 10
2026-07-24 12:56:19,401 P987894 INFO linear_attn.norm.weight                  | shape: (10,)                     | params: 10
2026-07-24 12:56:19,401 P987894 INFO linear_attn.norm.bias                    | shape: (10,)                     | params: 10
2026-07-24 12:56:19,401 P987894 INFO shared_fits.normlin_W                    | shape: (10, 10)                  | params: 100
2026-07-24 12:56:19,401 P987894 INFO shared_fits.freq_upsampler.weight        | shape: (10, 10)                  | params: 100
2026-07-24 12:56:19,402 P987894 INFO shared_fits.freq_upsampler.bias          | shape: (10,)                     | params: 10
2026-07-24 12:56:19,402 P987894 INFO modality_proj.node.weight                | shape: (10, 8)                   | params: 80
2026-07-24 12:56:19,402 P987894 INFO modality_proj.node.bias                  | shape: (10,)                     | params: 10
2026-07-24 12:56:19,402 P987894 INFO modality_proj.log.weight                 | shape: (10, 32)                  | params: 320
2026-07-24 12:56:19,402 P987894 INFO modality_proj.log.bias                   | shape: (10,)                     | params: 10
2026-07-24 12:56:19,402 P987894 INFO modality_proj.edge.weight                | shape: (10, 8)                   | params: 80
2026-07-24 12:56:19,402 P987894 INFO modality_proj.edge.bias                  | shape: (10,)                     | params: 10
2026-07-24 12:56:19,402 P987894 INFO modality_proj_out.node.weight            | shape: (8, 10)                   | params: 80
2026-07-24 12:56:19,402 P987894 INFO modality_proj_out.node.bias              | shape: (8,)                      | params: 8
2026-07-24 12:56:19,402 P987894 INFO modality_proj_out.log.weight             | shape: (32, 10)                  | params: 320
2026-07-24 12:56:19,402 P987894 INFO modality_proj_out.log.bias               | shape: (32,)                     | params: 32
2026-07-24 12:56:19,402 P987894 INFO modality_proj_out.edge.weight            | shape: (8, 10)                   | params: 80
2026-07-24 12:56:19,402 P987894 INFO modality_proj_out.edge.bias              | shape: (8,)                      | params: 8
2026-07-24 12:56:19,402 P987894 INFO Subtotal: 5,779
2026-07-24 12:56:19,402 P987894 INFO --------------------------------------------------------------------------------
2026-07-24 12:56:19,402 P987894 INFO Common Parameters:
2026-07-24 12:56:19,402 P987894 INFO show.0.weight                            | shape: (128, 69)                 | params: 8,832
2026-07-24 12:56:19,402 P987894 INFO show.0.bias                              | shape: (128,)                    | params: 128
2026-07-24 12:56:19,402 P987894 INFO show.2.weight                            | shape: (2, 128)                  | params: 256
2026-07-24 12:56:19,402 P987894 INFO show.2.bias                              | shape: (2,)                      | params: 2
2026-07-24 12:56:19,402 P987894 INFO Subtotal: 9,218
2026-07-24 12:56:19,402 P987894 INFO --------------------------------------------------------------------------------
2026-07-24 12:56:19,403 P987894 INFO Total Trainable Parameters: 14,997

2026-07-24 12:56:19,403 P987894 INFO Trainable Parameters: 14997, reconstruction: 5779, common: 9218
2026-07-24 12:56:19,403 P987894 INFO model : init weight
2026-07-24 12:56:19,403 P987894 INFO Using GPU...
2026-07-24 12:56:19,409 P987894 INFO optimizer : using AdaBelief
2026-07-24 12:56:19,409 P987894 INFO ----------------------------------------------------------------------------------------------------
2026-07-24 12:56:19,409 P987894 INFO 0/50 starting... lr: 0.001 para:1.0
2026-07-24 12:57:20,982 P987894 INFO Epoch 0/50, all_loss:0.08283 cls_loss:38.76727 rec_loss:0.08283 [61.56s]; best loss:0.08283, patience : 0
2026-07-24 12:57:20,982 P987894 INFO ----------------------------------------------------------------------------------------------------
2026-07-24 12:57:20,982 P987894 INFO 1/50 starting... lr: 0.001 para:0.5
2026-07-24 12:58:18,800 P987894 INFO Epoch 1/50, all_loss:2.04607 cls_loss:3.89324 rec_loss:0.19890 [57.81s]; best loss:2.04607, patience : 0
2026-07-24 12:58:18,800 P987894 INFO ----------------------------------------------------------------------------------------------------
2026-07-24 12:58:18,800 P987894 INFO 2/50 starting... lr: 0.001 para:0.3333333432674408
2026-07-24 12:59:19,953 P987894 INFO Epoch 2/50, all_loss:1.54178 cls_loss:2.21021 rec_loss:0.20492 [61.15s]; best loss:1.54178, patience : 0
2026-07-24 12:59:44,298 P987894 INFO pr:0.8461  rc:0.5163  auc:0.9865 ap:0.8888 f1: 0.6413 pred_right: 1075152 pred_wrong:21048 actu_right: 1061709 actu_wrong: 34491
2026-07-24 12:59:54,758 P987894 INFO pr:0.8535  rc:0.5175  auc:0.9868 ap:0.8896 f1: 0.6443 pred_right: 460822 pred_wrong:8978 actu_right: 454992 actu_wrong: 14808
2026-07-24 12:59:54,762 P987894 INFO ----------------------------------------------------------------------------------------------------
2026-07-24 12:59:54,762 P987894 INFO 3/50 starting... lr: 0.001 para:0.25
2026-07-24 13:00:56,641 P987894 INFO Epoch 3/50, all_loss:1.60397 cls_loss:2.07246 rec_loss:0.19849 [61.88s]; best loss:1.54178, patience : 1
2026-07-24 13:01:21,101 P987894 INFO pr:0.8785  rc:0.5222  auc:0.9888 ap:0.9009 f1: 0.6550 pred_right: 1075702 pred_wrong:20498 actu_right: 1061713 actu_wrong: 34487
2026-07-24 13:01:32,505 P987894 INFO pr:0.8787  rc:0.5240  auc:0.9889 ap:0.9019 f1: 0.6565 pred_right: 460969 pred_wrong:8831 actu_right: 454992 actu_wrong: 14808
2026-07-24 13:01:32,509 P987894 INFO ----------------------------------------------------------------------------------------------------
2026-07-24 13:01:32,509 P987894 INFO 4/50 starting... lr: 0.001 para:0.20000000298023224
2026-07-24 13:02:33,441 P987894 INFO Epoch 4/50, all_loss:1.63580 cls_loss:1.99539 rec_loss:0.19747 [60.93s]; best loss:1.54178, patience : 2
2026-07-24 13:02:57,765 P987894 INFO pr:0.8798  rc:0.5700  auc:0.9905 ap:0.9135 f1: 0.6918 pred_right: 1073857 pred_wrong:22343 actu_right: 1061715 actu_wrong: 34485
2026-07-24 13:03:08,724 P987894 INFO pr:0.8856  rc:0.5706  auc:0.9907 ap:0.9142 f1: 0.6940 pred_right: 460260 pred_wrong:9540 actu_right: 454992 actu_wrong: 14808
2026-07-24 13:03:08,727 P987894 INFO ----------------------------------------------------------------------------------------------------
2026-07-24 13:03:08,728 P987894 INFO 5/50 starting... lr: 0.001 para:0.1666666716337204
2026-07-24 13:04:08,011 P987894 INFO Epoch 5/50, all_loss:1.56768 cls_loss:1.84019 rec_loss:0.20512 [59.28s]; best loss:1.54178, patience : 2
2026-07-24 13:04:32,927 P987894 INFO pr:0.9021  rc:0.5959  auc:0.9913 ap:0.9240 f1: 0.7177 pred_right: 1073416 pred_wrong:22784 actu_right: 1061709 actu_wrong: 34491
2026-07-24 13:04:43,094 P987894 INFO pr:0.9072  rc:0.5931  auc:0.9914 ap:0.9245 f1: 0.7173 pred_right: 460119 pred_wrong:9681 actu_right: 454992 actu_wrong: 14808
2026-07-24 13:04:43,097 P987894 INFO ----------------------------------------------------------------------------------------------------
2026-07-24 13:04:43,098 P987894 INFO 6/50 starting... lr: 0.001 para:0.1428571492433548
2026-07-24 13:05:43,788 P987894 INFO Epoch 6/50, all_loss:1.54743 cls_loss:1.77006 rec_loss:0.21167 [60.69s]; best loss:1.54178, patience : 2
2026-07-24 13:06:08,548 P987894 INFO pr:0.8612  rc:0.6606  auc:0.9917 ap:0.9275 f1: 0.7477 pred_right: 1069750 pred_wrong:26450 actu_right: 1061715 actu_wrong: 34485
2026-07-24 13:06:20,275 P987894 INFO pr:0.8703  rc:0.6603  auc:0.9919 ap:0.9281 f1: 0.7509 pred_right: 458566 pred_wrong:11234 actu_right: 454992 actu_wrong: 14808
2026-07-24 13:06:20,283 P987894 INFO ----------------------------------------------------------------------------------------------------
2026-07-24 13:06:20,284 P987894 INFO 7/50 starting... lr: 0.001 para:0.125
2026-07-24 13:07:19,004 P987894 INFO Epoch 7/50, all_loss:1.51805 cls_loss:1.70470 rec_loss:0.21151 [58.72s]; best loss:1.51805, patience : 0
2026-07-24 13:07:43,629 P987894 INFO pr:0.8560  rc:0.6639  auc:0.9921 ap:0.9266 f1: 0.7478 pred_right: 1069450 pred_wrong:26750 actu_right: 1061711 actu_wrong: 34489
2026-07-24 13:07:58,358 P987894 INFO pr:0.8622  rc:0.6623  auc:0.9920 ap:0.9267 f1: 0.7492 pred_right: 458425 pred_wrong:11375 actu_right: 454992 actu_wrong: 14808
2026-07-24 13:07:58,363 P987894 INFO ----------------------------------------------------------------------------------------------------
2026-07-24 13:07:58,363 P987894 INFO 8/50 starting... lr: 0.001 para:0.1111111119389534
2026-07-24 13:08:54,954 P987894 INFO Epoch 8/50, all_loss:1.50429 cls_loss:1.66566 rec_loss:0.21332 [56.59s]; best loss:1.50429, patience : 0
2026-07-24 13:09:22,006 P987894 INFO pr:0.8841  rc:0.6645  auc:0.9923 ap:0.9328 f1: 0.7587 pred_right: 1070282 pred_wrong:25918 actu_right: 1061713 actu_wrong: 34487
2026-07-24 13:09:35,235 P987894 INFO pr:0.8894  rc:0.6665  auc:0.9922 ap:0.9337 f1: 0.7620 pred_right: 458704 pred_wrong:11096 actu_right: 454992 actu_wrong: 14808
2026-07-24 13:09:35,239 P987894 INFO ----------------------------------------------------------------------------------------------------
2026-07-24 13:09:35,239 P987894 INFO 9/50 starting... lr: 0.001 para:0.10000000149011612
2026-07-24 13:10:31,686 P987894 INFO Epoch 9/50, all_loss:1.51960 cls_loss:1.66371 rec_loss:0.22261 [56.45s]; best loss:1.50429, patience : 1
2026-07-24 13:11:00,079 P987894 INFO pr:0.8926  rc:0.6758  auc:0.9927 ap:0.9373 f1: 0.7692 pred_right: 1070091 pred_wrong:26109 actu_right: 1061713 actu_wrong: 34487
2026-07-24 13:11:10,856 P987894 INFO pr:0.8970  rc:0.6768  auc:0.9927 ap:0.9377 f1: 0.7715 pred_right: 458627 pred_wrong:11173 actu_right: 454992 actu_wrong: 14808
2026-07-24 13:11:10,861 P987894 INFO ----------------------------------------------------------------------------------------------------
2026-07-24 13:11:10,861 P987894 INFO 10/50 starting... lr: 0.001 para:0.09090909361839294
2026-07-24 13:12:08,349 P987894 INFO Epoch 10/50, all_loss:1.47781 cls_loss:1.60267 rec_loss:0.22925 [57.49s]; best loss:1.47781, patience : 0
2026-07-24 13:12:36,187 P987894 INFO pr:0.8738  rc:0.6941  auc:0.9930 ap:0.9371 f1: 0.7737 pred_right: 1068801 pred_wrong:27399 actu_right: 1061706 actu_wrong: 34494
2026-07-24 13:12:46,682 P987894 INFO pr:0.8806  rc:0.6971  auc:0.9930 ap:0.9379 f1: 0.7782 pred_right: 458079 pred_wrong:11721 actu_right: 454992 actu_wrong: 14808
2026-07-24 13:12:46,686 P987894 INFO ----------------------------------------------------------------------------------------------------
2026-07-24 13:12:46,686 P987894 INFO 11/50 starting... lr: 0.001 para:0.0833333358168602
2026-07-24 13:13:43,855 P987894 INFO Epoch 11/50, all_loss:1.47559 cls_loss:1.58828 rec_loss:0.23602 [57.17s]; best loss:1.47559, patience : 0
2026-07-24 13:14:12,882 P987894 INFO pr:0.8817  rc:0.6927  auc:0.9936 ap:0.9397 f1: 0.7758 pred_right: 1069105 pred_wrong:27095 actu_right: 1061710 actu_wrong: 34490
2026-07-24 13:14:23,379 P987894 INFO pr:0.8828  rc:0.6930  auc:0.9935 ap:0.9401 f1: 0.7765 pred_right: 458175 pred_wrong:11625 actu_right: 454992 actu_wrong: 14808
2026-07-24 13:14:23,383 P987894 INFO ----------------------------------------------------------------------------------------------------
2026-07-24 13:14:23,386 P987894 INFO 12/50 starting... lr: 0.001 para:0.07692307978868484
2026-07-24 13:15:20,715 P987894 INFO Epoch 12/50, all_loss:1.47662 cls_loss:1.57955 rec_loss:0.24148 [57.33s]; best loss:1.47559, patience : 1
2026-07-24 13:15:49,100 P987894 INFO pr:0.9086  rc:0.6854  auc:0.9936 ap:0.9416 f1: 0.7814 pred_right: 1070181 pred_wrong:26019 actu_right: 1061709 actu_wrong: 34491
2026-07-24 13:15:59,651 P987894 INFO pr:0.9114  rc:0.6871  auc:0.9935 ap:0.9420 f1: 0.7835 pred_right: 458636 pred_wrong:11164 actu_right: 454992 actu_wrong: 14808
2026-07-24 13:15:59,656 P987894 INFO ----------------------------------------------------------------------------------------------------
2026-07-24 13:15:59,656 P987894 INFO 13/50 starting... lr: 0.001 para:0.0714285746216774
2026-07-24 13:16:58,293 P987894 INFO Epoch 13/50, all_loss:1.42551 cls_loss:1.51607 rec_loss:0.24825 [58.63s]; best loss:1.42551, patience : 0
2026-07-24 13:17:27,083 P987894 INFO pr:0.8928  rc:0.6994  auc:0.9931 ap:0.9392 f1: 0.7843 pred_right: 1069181 pred_wrong:27019 actu_right: 1061709 actu_wrong: 34491
2026-07-24 13:17:37,578 P987894 INFO pr:0.8966  rc:0.6988  auc:0.9930 ap:0.9393 f1: 0.7855 pred_right: 458259 pred_wrong:11541 actu_right: 454992 actu_wrong: 14808
2026-07-24 13:17:37,582 P987894 INFO ----------------------------------------------------------------------------------------------------
2026-07-24 13:17:37,582 P987894 INFO 14/50 starting... lr: 0.001 para:0.06666667014360428
2026-07-24 13:18:36,323 P987894 INFO Epoch 14/50, all_loss:1.43513 cls_loss:1.51942 rec_loss:0.25500 [58.74s]; best loss:1.42551, patience : 1
2026-07-24 13:19:03,724 P987894 INFO pr:0.9012  rc:0.6978  auc:0.9940 ap:0.9437 f1: 0.7866 pred_right: 1069497 pred_wrong:26703 actu_right: 1061712 actu_wrong: 34488
2026-07-24 13:19:14,264 P987894 INFO pr:0.9068  rc:0.6983  auc:0.9937 ap:0.9436 f1: 0.7890 pred_right: 458396 pred_wrong:11404 actu_right: 454992 actu_wrong: 14808
2026-07-24 13:19:14,268 P987894 INFO ----------------------------------------------------------------------------------------------------
2026-07-24 13:19:14,269 P987894 INFO 15/50 starting... lr: 0.001 para:0.0625
2026-07-24 13:20:13,260 P987894 INFO Epoch 15/50, all_loss:1.41227 cls_loss:1.48908 rec_loss:0.26016 [58.99s]; best loss:1.41227, patience : 0
2026-07-24 13:20:40,161 P987894 INFO pr:0.9285  rc:0.6777  auc:0.9939 ap:0.9435 f1: 0.7835 pred_right: 1071030 pred_wrong:25170 actu_right: 1061714 actu_wrong: 34486
2026-07-24 13:20:50,606 P987894 INFO pr:0.9315  rc:0.6769  auc:0.9939 ap:0.9435 f1: 0.7841 pred_right: 459039 pred_wrong:10761 actu_right: 454992 actu_wrong: 14808
2026-07-24 13:20:50,610 P987894 INFO ----------------------------------------------------------------------------------------------------
2026-07-24 13:20:50,614 P987894 INFO 16/50 starting... lr: 0.001 para:0.05882352963089943
2026-07-24 13:21:51,676 P987894 INFO Epoch 16/50, all_loss:1.41562 cls_loss:1.48783 rec_loss:0.26024 [61.06s]; best loss:1.41227, patience : 1
2026-07-24 13:22:17,252 P987894 INFO pr:0.8919  rc:0.7180  auc:0.9940 ap:0.9443 f1: 0.7956 pred_right: 1068439 pred_wrong:27761 actu_right: 1061713 actu_wrong: 34487
2026-07-24 13:22:27,749 P987894 INFO pr:0.8978  rc:0.7177  auc:0.9936 ap:0.9437 f1: 0.7977 pred_right: 457962 pred_wrong:11838 actu_right: 454992 actu_wrong: 14808
2026-07-24 13:22:27,753 P987894 INFO ----------------------------------------------------------------------------------------------------
2026-07-24 13:22:27,753 P987894 INFO 17/50 starting... lr: 0.001 para:0.0555555559694767
2026-07-24 13:23:29,518 P987894 INFO Epoch 17/50, all_loss:1.39034 cls_loss:1.45676 rec_loss:0.26124 [61.76s]; best loss:1.39034, patience : 0
2026-07-24 13:23:54,211 P987894 INFO pr:0.9177  rc:0.7016  auc:0.9943 ap:0.9465 f1: 0.7952 pred_right: 1069832 pred_wrong:26368 actu_right: 1061711 actu_wrong: 34489
2026-07-24 13:24:04,777 P987894 INFO pr:0.9215  rc:0.7014  auc:0.9942 ap:0.9466 f1: 0.7965 pred_right: 458529 pred_wrong:11271 actu_right: 454992 actu_wrong: 14808
2026-07-24 13:24:04,778 P987894 INFO ----------------------------------------------------------------------------------------------------
2026-07-24 13:24:04,785 P987894 INFO 18/50 starting... lr: 0.001 para:0.05263157933950424
2026-07-24 13:25:06,826 P987894 INFO Epoch 18/50, all_loss:1.38700 cls_loss:1.44915 rec_loss:0.26823 [62.04s]; best loss:1.38700, patience : 0
2026-07-24 13:25:31,400 P987894 INFO pr:0.9149  rc:0.7158  auc:0.9944 ap:0.9484 f1: 0.8032 pred_right: 1069212 pred_wrong:26988 actu_right: 1061706 actu_wrong: 34494
2026-07-24 13:25:41,916 P987894 INFO pr:0.9173  rc:0.7165  auc:0.9944 ap:0.9482 f1: 0.8045 pred_right: 458233 pred_wrong:11567 actu_right: 454992 actu_wrong: 14808
2026-07-24 13:25:41,920 P987894 INFO ----------------------------------------------------------------------------------------------------
2026-07-24 13:25:41,920 P987894 INFO 19/50 starting... lr: 0.001 para:0.05000000074505806
2026-07-24 13:26:44,626 P987894 INFO Epoch 19/50, all_loss:1.39899 cls_loss:1.45824 rec_loss:0.27309 [62.71s]; best loss:1.38700, patience : 1
2026-07-24 13:27:09,020 P987894 INFO pr:0.9323  rc:0.6878  auc:0.9942 ap:0.9471 f1: 0.7916 pred_right: 1070758 pred_wrong:25442 actu_right: 1061717 actu_wrong: 34483
2026-07-24 13:27:19,517 P987894 INFO pr:0.9350  rc:0.6892  auc:0.9942 ap:0.9467 f1: 0.7935 pred_right: 458886 pred_wrong:10914 actu_right: 454992 actu_wrong: 14808
2026-07-24 13:27:19,518 P987894 INFO ----------------------------------------------------------------------------------------------------
2026-07-24 13:27:19,518 P987894 INFO 20/50 starting... lr: 0.001 para:0.0476190485060215
2026-07-24 13:28:21,752 P987894 INFO Epoch 20/50, all_loss:1.37807 cls_loss:1.43329 rec_loss:0.27372 [62.23s]; best loss:1.37807, patience : 0
2026-07-24 13:28:46,287 P987894 INFO pr:0.9171  rc:0.7120  auc:0.9947 ap:0.9477 f1: 0.8017 pred_right: 1069424 pred_wrong:26776 actu_right: 1061713 actu_wrong: 34487
2026-07-24 13:28:56,749 P987894 INFO pr:0.9190  rc:0.7113  auc:0.9945 ap:0.9475 f1: 0.8019 pred_right: 458339 pred_wrong:11461 actu_right: 454992 actu_wrong: 14808
2026-07-24 13:28:56,750 P987894 INFO ----------------------------------------------------------------------------------------------------
2026-07-24 13:28:56,750 P987894 INFO 21/50 starting... lr: 0.001 para:0.04545454680919647
2026-07-24 13:29:58,014 P987894 INFO Epoch 21/50, all_loss:1.38820 cls_loss:1.44113 rec_loss:0.27674 [61.26s]; best loss:1.37807, patience : 1
2026-07-24 13:30:22,569 P987894 INFO pr:0.9106  rc:0.7158  auc:0.9944 ap:0.9463 f1: 0.8015 pred_right: 1069092 pred_wrong:27108 actu_right: 1061712 actu_wrong: 34488
2026-07-24 13:30:33,022 P987894 INFO pr:0.9121  rc:0.7152  auc:0.9943 ap:0.9459 f1: 0.8017 pred_right: 458189 pred_wrong:11611 actu_right: 454992 actu_wrong: 14808
2026-07-24 13:30:33,023 P987894 INFO ----------------------------------------------------------------------------------------------------
2026-07-24 13:30:33,023 P987894 INFO 22/50 starting... lr: 0.001 para:0.043478261679410934
2026-07-24 13:31:34,697 P987894 INFO Epoch 22/50, all_loss:1.37367 cls_loss:1.42330 rec_loss:0.28177 [61.67s]; best loss:1.37367, patience : 0
2026-07-24 13:31:59,180 P987894 INFO pr:0.9207  rc:0.7163  auc:0.9950 ap:0.9507 f1: 0.8057 pred_right: 1069366 pred_wrong:26834 actu_right: 1061711 actu_wrong: 34489
2026-07-24 13:32:09,701 P987894 INFO pr:0.9216  rc:0.7181  auc:0.9948 ap:0.9499 f1: 0.8072 pred_right: 458261 pred_wrong:11539 actu_right: 454992 actu_wrong: 14808
2026-07-24 13:32:09,705 P987894 INFO ----------------------------------------------------------------------------------------------------
2026-07-24 13:32:09,705 P987894 INFO 23/50 starting... lr: 0.001 para:0.0416666679084301
2026-07-24 13:33:11,081 P987894 INFO Epoch 23/50, all_loss:1.37225 cls_loss:1.41917 rec_loss:0.29322 [61.37s]; best loss:1.37225, patience : 0
2026-07-24 13:33:35,582 P987894 INFO pr:0.9227  rc:0.7055  auc:0.9942 ap:0.9492 f1: 0.7996 pred_right: 1069826 pred_wrong:26374 actu_right: 1061709 actu_wrong: 34491
2026-07-24 13:33:46,076 P987894 INFO pr:0.9236  rc:0.7060  auc:0.9943 ap:0.9486 f1: 0.8002 pred_right: 458481 pred_wrong:11319 actu_right: 454992 actu_wrong: 14808
2026-07-24 13:33:46,077 P987894 INFO ----------------------------------------------------------------------------------------------------
2026-07-24 13:33:46,077 P987894 INFO 24/50 starting... lr: 0.001 para:0.03999999910593033
2026-07-24 13:34:49,210 P987894 INFO Epoch 24/50, all_loss:1.32850 cls_loss:1.37143 rec_loss:0.29813 [63.13s]; best loss:1.32850, patience : 0
2026-07-24 13:35:13,700 P987894 INFO pr:0.8617  rc:0.7580  auc:0.9951 ap:0.9523 f1: 0.8065 pred_right: 1065865 pred_wrong:30335 actu_right: 1061713 actu_wrong: 34487
2026-07-24 13:35:24,168 P987894 INFO pr:0.8644  rc:0.7603  auc:0.9949 ap:0.9517 f1: 0.8090 pred_right: 456776 pred_wrong:13024 actu_right: 454992 actu_wrong: 14808
2026-07-24 13:35:24,172 P987894 INFO ----------------------------------------------------------------------------------------------------
2026-07-24 13:35:24,172 P987894 INFO 25/50 starting... lr: 0.001 para:0.03846153989434242
2026-07-24 13:36:26,137 P987894 INFO Epoch 25/50, all_loss:1.37262 cls_loss:1.41579 rec_loss:0.29331 [61.96s]; best loss:1.32850, patience : 1
2026-07-24 13:36:50,659 P987894 INFO pr:0.8736  rc:0.7413  auc:0.9947 ap:0.9516 f1: 0.8020 pred_right: 1066935 pred_wrong:29265 actu_right: 1061713 actu_wrong: 34487
2026-07-24 13:37:01,350 P987894 INFO pr:0.8761  rc:0.7443  auc:0.9947 ap:0.9511 f1: 0.8048 pred_right: 457220 pred_wrong:12580 actu_right: 454992 actu_wrong: 14808
2026-07-24 13:37:01,351 P987894 INFO ----------------------------------------------------------------------------------------------------
2026-07-24 13:37:01,351 P987894 INFO 26/50 starting... lr: 0.001 para:0.03703703731298447
2026-07-24 13:38:02,672 P987894 INFO Epoch 26/50, all_loss:1.33059 cls_loss:1.37016 rec_loss:0.30183 [61.32s]; best loss:1.32850, patience : 1
2026-07-24 13:38:27,175 P987894 INFO pr:0.9199  rc:0.7294  auc:0.9948 ap:0.9525 f1: 0.8137 pred_right: 1068852 pred_wrong:27348 actu_right: 1061711 actu_wrong: 34489
2026-07-24 13:38:38,609 P987894 INFO pr:0.9261  rc:0.7326  auc:0.9948 ap:0.9520 f1: 0.8181 pred_right: 458085 pred_wrong:11715 actu_right: 454992 actu_wrong: 14808
2026-07-24 13:38:38,612 P987894 INFO ----------------------------------------------------------------------------------------------------
2026-07-24 13:38:38,612 P987894 INFO 27/50 starting... lr: 0.001 para:0.0357142873108387
2026-07-24 13:39:38,296 P987894 INFO Epoch 27/50, all_loss:1.32693 cls_loss:1.36466 rec_loss:0.30835 [59.68s]; best loss:1.32693, patience : 0
2026-07-24 13:40:02,853 P987894 INFO pr:0.9195  rc:0.7236  auc:0.9946 ap:0.9521 f1: 0.8099 pred_right: 1069062 pred_wrong:27138 actu_right: 1061712 actu_wrong: 34488
2026-07-24 13:40:13,954 P987894 INFO pr:0.9249  rc:0.7256  auc:0.9945 ap:0.9519 f1: 0.8132 pred_right: 458182 pred_wrong:11618 actu_right: 454992 actu_wrong: 14808
2026-07-24 13:40:13,954 P987894 INFO ----------------------------------------------------------------------------------------------------
2026-07-24 13:40:13,955 P987894 INFO 28/50 starting... lr: 0.001 para:0.03448275849223137
2026-07-24 13:41:15,830 P987894 INFO Epoch 28/50, all_loss:1.35556 cls_loss:1.39280 rec_loss:0.31281 [61.88s]; best loss:1.32693, patience : 1
2026-07-24 13:41:40,965 P987894 INFO pr:0.9091  rc:0.7296  auc:0.9952 ap:0.9534 f1: 0.8095 pred_right: 1068520 pred_wrong:27680 actu_right: 1061713 actu_wrong: 34487
2026-07-24 13:41:51,045 P987894 INFO pr:0.9146  rc:0.7308  auc:0.9950 ap:0.9524 f1: 0.8124 pred_right: 457968 pred_wrong:11832 actu_right: 454992 actu_wrong: 14808
2026-07-24 13:41:51,046 P987894 INFO ----------------------------------------------------------------------------------------------------
2026-07-24 13:41:51,046 P987894 INFO 29/50 starting... lr: 0.001 para:0.03333333507180214
2026-07-24 13:42:53,154 P987894 INFO Epoch 29/50, all_loss:1.31854 cls_loss:1.35331 rec_loss:0.31026 [62.10s]; best loss:1.31854, patience : 0
2026-07-24 13:43:18,032 P987894 INFO pr:0.8994  rc:0.7394  auc:0.9946 ap:0.9490 f1: 0.8116 pred_right: 1067849 pred_wrong:28351 actu_right: 1061713 actu_wrong: 34487
2026-07-24 13:43:29,457 P987894 INFO pr:0.9045  rc:0.7396  auc:0.9945 ap:0.9487 f1: 0.8138 pred_right: 457691 pred_wrong:12109 actu_right: 454992 actu_wrong: 14808
2026-07-24 13:43:29,459 P987894 INFO ----------------------------------------------------------------------------------------------------
2026-07-24 13:43:29,459 P987894 INFO 30/50 starting... lr: 0.001 para:0.032258063554763794
2026-07-24 13:44:28,945 P987894 INFO Epoch 30/50, all_loss:1.32075 cls_loss:1.35435 rec_loss:0.31295 [59.49s]; best loss:1.31854, patience : 1
2026-07-24 13:44:53,944 P987894 INFO pr:0.9492  rc:0.6842  auc:0.9942 ap:0.9456 f1: 0.7952 pred_right: 1071337 pred_wrong:24863 actu_right: 1061711 actu_wrong: 34489
2026-07-24 13:45:06,565 P987894 INFO pr:0.9497  rc:0.6879  auc:0.9941 ap:0.9451 f1: 0.7978 pred_right: 459074 pred_wrong:10726 actu_right: 454992 actu_wrong: 14808
2026-07-24 13:45:06,567 P987894 INFO ----------------------------------------------------------------------------------------------------
2026-07-24 13:45:06,567 P987894 INFO 31/50 starting... lr: 0.001 para:0.03125
2026-07-24 13:46:05,141 P987894 INFO Epoch 31/50, all_loss:1.29935 cls_loss:1.33085 rec_loss:0.32296 [58.57s]; best loss:1.29935, patience : 0
2026-07-24 13:46:30,078 P987894 INFO pr:0.8945  rc:0.7489  auc:0.9947 ap:0.9500 f1: 0.8153 pred_right: 1067327 pred_wrong:28873 actu_right: 1061712 actu_wrong: 34488
2026-07-24 13:46:43,527 P987894 INFO pr:0.8977  rc:0.7500  auc:0.9946 ap:0.9494 f1: 0.8172 pred_right: 457428 pred_wrong:12372 actu_right: 454992 actu_wrong: 14808
2026-07-24 13:46:43,536 P987894 INFO ----------------------------------------------------------------------------------------------------
2026-07-24 13:46:43,537 P987894 INFO 32/50 starting... lr: 0.001 para:0.03030303120613098
2026-07-24 13:47:40,880 P987894 INFO Epoch 32/50, all_loss:1.31672 cls_loss:1.34771 rec_loss:0.32503 [57.34s]; best loss:1.29935, patience : 1
2026-07-24 13:48:06,907 P987894 INFO pr:0.9440  rc:0.6950  auc:0.9951 ap:0.9529 f1: 0.8006 pred_right: 1070809 pred_wrong:25391 actu_right: 1061713 actu_wrong: 34487
2026-07-24 13:48:20,999 P987894 INFO pr:0.9464  rc:0.6979  auc:0.9949 ap:0.9520 f1: 0.8034 pred_right: 458880 pred_wrong:10920 actu_right: 454992 actu_wrong: 14808
2026-07-24 13:48:21,000 P987894 INFO ----------------------------------------------------------------------------------------------------
2026-07-24 13:48:21,000 P987894 INFO 33/50 starting... lr: 0.001 para:0.029411764815449715
2026-07-24 13:49:17,439 P987894 INFO Epoch 33/50, all_loss:1.29049 cls_loss:1.31996 rec_loss:0.31805 [56.44s]; best loss:1.29049, patience : 0
2026-07-24 13:49:44,767 P987894 INFO pr:0.9410  rc:0.7177  auc:0.9955 ap:0.9569 f1: 0.8143 pred_right: 1069895 pred_wrong:26305 actu_right: 1061711 actu_wrong: 34489
2026-07-24 13:49:57,383 P987894 INFO pr:0.9410  rc:0.7190  auc:0.9954 ap:0.9563 f1: 0.8152 pred_right: 458486 pred_wrong:11314 actu_right: 454992 actu_wrong: 14808
2026-07-24 13:49:57,384 P987894 INFO ----------------------------------------------------------------------------------------------------
2026-07-24 13:49:57,384 P987894 INFO 34/50 starting... lr: 0.001 para:0.02857142873108387
2026-07-24 13:50:53,988 P987894 INFO Epoch 34/50, all_loss:1.30337 cls_loss:1.33212 rec_loss:0.32584 [56.60s]; best loss:1.29049, patience : 1
2026-07-24 13:51:22,174 P987894 INFO pr:0.9256  rc:0.7305  auc:0.9954 ap:0.9551 f1: 0.8166 pred_right: 1068979 pred_wrong:27221 actu_right: 1061707 actu_wrong: 34493
2026-07-24 13:51:33,691 P987894 INFO pr:0.9269  rc:0.7307  auc:0.9952 ap:0.9541 f1: 0.8172 pred_right: 458127 pred_wrong:11673 actu_right: 454992 actu_wrong: 14808
2026-07-24 13:51:33,695 P987894 INFO ----------------------------------------------------------------------------------------------------
2026-07-24 13:51:33,696 P987894 INFO 35/50 starting... lr: 0.001 para:0.02777777798473835
2026-07-24 13:52:31,019 P987894 INFO Epoch 35/50, all_loss:1.29594 cls_loss:1.32372 rec_loss:0.32380 [57.32s]; best loss:1.29049, patience : 1
2026-07-24 13:52:58,847 P987894 INFO pr:0.9095  rc:0.7554  auc:0.9948 ap:0.9544 f1: 0.8253 pred_right: 1067556 pred_wrong:28644 actu_right: 1061712 actu_wrong: 34488
2026-07-24 13:53:09,423 P987894 INFO pr:0.9131  rc:0.7561  auc:0.9948 ap:0.9539 f1: 0.8272 pred_right: 457537 pred_wrong:12263 actu_right: 454992 actu_wrong: 14808
2026-07-24 13:53:09,427 P987894 INFO ----------------------------------------------------------------------------------------------------
2026-07-24 13:53:09,428 P987894 INFO 36/50 starting... lr: 0.001 para:0.027027027681469917
2026-07-24 13:54:06,731 P987894 INFO Epoch 36/50, all_loss:1.26192 cls_loss:1.28767 rec_loss:0.33499 [57.30s]; best loss:1.26192, patience : 0
2026-07-24 13:54:35,171 P987894 INFO pr:0.9135  rc:0.7418  auc:0.9952 ap:0.9545 f1: 0.8187 pred_right: 1068194 pred_wrong:28006 actu_right: 1061713 actu_wrong: 34487
2026-07-24 13:54:45,641 P987894 INFO pr:0.9170  rc:0.7442  auc:0.9951 ap:0.9543 f1: 0.8216 pred_right: 457782 pred_wrong:12018 actu_right: 454992 actu_wrong: 14808
2026-07-24 13:54:45,645 P987894 INFO ----------------------------------------------------------------------------------------------------
2026-07-24 13:54:45,646 P987894 INFO 37/50 starting... lr: 0.001 para:0.02631578966975212
2026-07-24 13:55:42,878 P987894 INFO Epoch 37/50, all_loss:1.29640 cls_loss:1.32233 rec_loss:0.33692 [57.23s]; best loss:1.26192, patience : 1
2026-07-24 13:56:10,735 P987894 INFO pr:0.9330  rc:0.7325  auc:0.9954 ap:0.9575 f1: 0.8207 pred_right: 1069121 pred_wrong:27079 actu_right: 1061710 actu_wrong: 34490
2026-07-24 13:56:21,213 P987894 INFO pr:0.9350  rc:0.7343  auc:0.9953 ap:0.9568 f1: 0.8226 pred_right: 458171 pred_wrong:11629 actu_right: 454992 actu_wrong: 14808
2026-07-24 13:56:21,214 P987894 INFO ----------------------------------------------------------------------------------------------------
2026-07-24 13:56:21,214 P987894 INFO 38/50 starting... lr: 0.001 para:0.025641025975346565
2026-07-24 13:57:18,066 P987894 INFO Epoch 38/50, all_loss:1.28729 cls_loss:1.31220 rec_loss:0.34108 [56.85s]; best loss:1.26192, patience : 1
2026-07-24 13:57:45,708 P987894 INFO pr:0.9008  rc:0.7480  auc:0.9953 ap:0.9551 f1: 0.8173 pred_right: 1067563 pred_wrong:28637 actu_right: 1061713 actu_wrong: 34487
2026-07-24 13:57:56,210 P987894 INFO pr:0.9048  rc:0.7505  auc:0.9951 ap:0.9543 f1: 0.8205 pred_right: 457517 pred_wrong:12283 actu_right: 454992 actu_wrong: 14808
2026-07-24 13:57:56,211 P987894 INFO ----------------------------------------------------------------------------------------------------
2026-07-24 13:57:56,211 P987894 INFO 39/50 starting... lr: 0.001 para:0.02500000037252903
2026-07-24 13:58:53,043 P987894 INFO Epoch 39/50, all_loss:1.24994 cls_loss:1.27315 rec_loss:0.34449 [56.83s]; best loss:1.24994, patience : 0
2026-07-24 13:59:20,870 P987894 INFO pr:0.9071  rc:0.7518  auc:0.9957 ap:0.9575 f1: 0.8222 pred_right: 1067614 pred_wrong:28586 actu_right: 1061713 actu_wrong: 34487
2026-07-24 13:59:31,312 P987894 INFO pr:0.9129  rc:0.7559  auc:0.9954 ap:0.9560 f1: 0.8270 pred_right: 457539 pred_wrong:12261 actu_right: 454992 actu_wrong: 14808
2026-07-24 13:59:31,313 P987894 INFO ----------------------------------------------------------------------------------------------------
2026-07-24 13:59:31,313 P987894 INFO 40/50 starting... lr: 0.001 para:0.024390242993831635
2026-07-24 14:00:28,236 P987894 INFO Epoch 40/50, all_loss:1.24501 cls_loss:1.26756 rec_loss:0.34292 [56.92s]; best loss:1.24501, patience : 0
2026-07-24 14:00:56,125 P987894 INFO pr:0.9146  rc:0.7590  auc:0.9955 ap:0.9567 f1: 0.8295 pred_right: 1067579 pred_wrong:28621 actu_right: 1061711 actu_wrong: 34489
2026-07-24 14:01:06,511 P987894 INFO pr:0.9156  rc:0.7597  auc:0.9953 ap:0.9556 f1: 0.8304 pred_right: 457514 pred_wrong:12286 actu_right: 454992 actu_wrong: 14808
2026-07-24 14:01:06,515 P987894 INFO ----------------------------------------------------------------------------------------------------
2026-07-24 14:01:06,515 P987894 INFO 41/50 starting... lr: 0.001 para:0.02380952425301075
2026-07-24 14:02:03,438 P987894 INFO Epoch 41/50, all_loss:1.25104 cls_loss:1.27313 rec_loss:0.34527 [56.92s]; best loss:1.24501, patience : 1
2026-07-24 14:02:31,845 P987894 INFO pr:0.8919  rc:0.7700  auc:0.9953 ap:0.9558 f1: 0.8265 pred_right: 1066425 pred_wrong:29775 actu_right: 1061711 actu_wrong: 34489
2026-07-24 14:02:42,291 P987894 INFO pr:0.8967  rc:0.7709  auc:0.9952 ap:0.9552 f1: 0.8290 pred_right: 457070 pred_wrong:12730 actu_right: 454992 actu_wrong: 14808
2026-07-24 14:02:42,292 P987894 INFO ----------------------------------------------------------------------------------------------------
2026-07-24 14:02:42,292 P987894 INFO 42/50 starting... lr: 0.001 para:0.023255813866853714
2026-07-24 14:03:39,273 P987894 INFO Epoch 42/50, all_loss:1.25157 cls_loss:1.27311 rec_loss:0.34719 [56.98s]; best loss:1.24501, patience : 2
2026-07-24 14:04:07,539 P987894 INFO pr:0.9358  rc:0.7336  auc:0.9957 ap:0.9589 f1: 0.8225 pred_right: 1069164 pred_wrong:27036 actu_right: 1061713 actu_wrong: 34487
2026-07-24 14:04:17,892 P987894 INFO pr:0.9385  rc:0.7353  auc:0.9955 ap:0.9582 f1: 0.8246 pred_right: 458197 pred_wrong:11603 actu_right: 454992 actu_wrong: 14808
2026-07-24 14:04:17,892 P987894 INFO ----------------------------------------------------------------------------------------------------
2026-07-24 14:04:17,893 P987894 INFO 43/50 starting... lr: 0.001 para:0.022727273404598236
2026-07-24 14:05:15,023 P987894 INFO Epoch 43/50, all_loss:1.26551 cls_loss:1.28672 rec_loss:0.35349 [57.13s]; best loss:1.24501, patience : 3
2026-07-24 14:05:42,731 P987894 INFO pr:0.9082  rc:0.7549  auc:0.9949 ap:0.9572 f1: 0.8245 pred_right: 1067532 pred_wrong:28668 actu_right: 1061711 actu_wrong: 34489
2026-07-24 14:05:53,218 P987894 INFO pr:0.9118  rc:0.7579  auc:0.9942 ap:0.9561 f1: 0.8278 pred_right: 457492 pred_wrong:12308 actu_right: 454992 actu_wrong: 14808
2026-07-24 14:05:53,219 P987894 INFO ----------------------------------------------------------------------------------------------------
2026-07-24 14:05:53,219 P987894 INFO 44/50 starting... lr: 0.001 para:0.02222222276031971
2026-07-24 14:06:51,374 P987894 INFO Epoch 44/50, all_loss:1.25263 cls_loss:1.27294 rec_loss:0.35885 [58.15s]; best loss:1.24501, patience : 3
2026-07-24 14:07:19,011 P987894 INFO pr:0.9206  rc:0.7454  auc:0.9958 ap:0.9585 f1: 0.8238 pred_right: 1068276 pred_wrong:27924 actu_right: 1061710 actu_wrong: 34490
2026-07-24 14:07:29,434 P987894 INFO pr:0.9249  rc:0.7473  auc:0.9955 ap:0.9574 f1: 0.8267 pred_right: 457836 pred_wrong:11964 actu_right: 454992 actu_wrong: 14808
2026-07-24 14:07:29,435 P987894 INFO ----------------------------------------------------------------------------------------------------
2026-07-24 14:07:29,435 P987894 INFO 45/50 starting... lr: 0.001 para:0.021739130839705467
2026-07-24 14:08:28,559 P987894 INFO Epoch 45/50, all_loss:1.24956 cls_loss:1.26946 rec_loss:0.35431 [59.12s]; best loss:1.24501, patience : 3
2026-07-24 14:08:55,414 P987894 INFO pr:0.9237  rc:0.7608  auc:0.9958 ap:0.9594 f1: 0.8344 pred_right: 1067794 pred_wrong:28406 actu_right: 1061710 actu_wrong: 34490
2026-07-24 14:09:05,811 P987894 INFO pr:0.9268  rc:0.7606  auc:0.9956 ap:0.9587 f1: 0.8355 pred_right: 457648 pred_wrong:12152 actu_right: 454992 actu_wrong: 14808
2026-07-24 14:09:05,815 P987894 INFO ----------------------------------------------------------------------------------------------------
2026-07-24 14:09:05,815 P987894 INFO 46/50 starting... lr: 0.001 para:0.021276595070958138
2026-07-24 14:10:05,460 P987894 INFO Epoch 46/50, all_loss:1.21257 cls_loss:1.23116 rec_loss:0.35769 [59.64s]; best loss:1.21257, patience : 0
2026-07-24 14:10:31,629 P987894 INFO pr:0.9144  rc:0.7605  auc:0.9955 ap:0.9568 f1: 0.8304 pred_right: 1067512 pred_wrong:28688 actu_right: 1061709 actu_wrong: 34491
2026-07-24 14:10:42,035 P987894 INFO pr:0.9164  rc:0.7621  auc:0.9953 ap:0.9556 f1: 0.8321 pred_right: 457485 pred_wrong:12315 actu_right: 454992 actu_wrong: 14808
2026-07-24 14:10:42,036 P987894 INFO ----------------------------------------------------------------------------------------------------
2026-07-24 14:10:42,036 P987894 INFO 47/50 starting... lr: 0.001 para:0.02083333395421505
2026-07-24 14:11:43,317 P987894 INFO Epoch 47/50, all_loss:1.23330 cls_loss:1.25196 rec_loss:0.35658 [61.28s]; best loss:1.21257, patience : 1
2026-07-24 14:12:08,415 P987894 INFO pr:0.8710  rc:0.7744  auc:0.9956 ap:0.9572 f1: 0.8199 pred_right: 1065535 pred_wrong:30665 actu_right: 1061710 actu_wrong: 34490
2026-07-24 14:12:18,854 P987894 INFO pr:0.8739  rc:0.7771  auc:0.9955 ap:0.9564 f1: 0.8227 pred_right: 456631 pred_wrong:13169 actu_right: 454992 actu_wrong: 14808
2026-07-24 14:12:18,855 P987894 INFO ----------------------------------------------------------------------------------------------------
2026-07-24 14:12:18,855 P987894 INFO 48/50 starting... lr: 0.001 para:0.020408162847161293
2026-07-24 14:13:20,883 P987894 INFO Epoch 48/50, all_loss:1.21201 cls_loss:1.22953 rec_loss:0.37117 [62.02s]; best loss:1.21201, patience : 0
2026-07-24 14:13:45,407 P987894 INFO pr:0.9084  rc:0.7623  auc:0.9956 ap:0.9575 f1: 0.8290 pred_right: 1067260 pred_wrong:28940 actu_right: 1061713 actu_wrong: 34487
2026-07-24 14:13:55,935 P987894 INFO pr:0.9095  rc:0.7617  auc:0.9955 ap:0.9567 f1: 0.8290 pred_right: 457398 pred_wrong:12402 actu_right: 454992 actu_wrong: 14808
2026-07-24 14:13:55,936 P987894 INFO ----------------------------------------------------------------------------------------------------
2026-07-24 14:13:55,936 P987894 INFO 49/50 starting... lr: 0.001 para:0.019999999552965164
2026-07-24 14:14:57,606 P987894 INFO Epoch 49/50, all_loss:1.22840 cls_loss:1.24586 rec_loss:0.37273 [61.67s]; best loss:1.21201, patience : 1
2026-07-24 14:15:21,403 P987894 INFO pr:0.9262  rc:0.7562  auc:0.9960 ap:0.9611 f1: 0.8326 pred_right: 1068038 pred_wrong:28162 actu_right: 1061706 actu_wrong: 34494
2026-07-24 14:15:31,604 P987894 INFO pr:0.9311  rc:0.7587  auc:0.9959 ap:0.9605 f1: 0.8361 pred_right: 457733 pred_wrong:12067 actu_right: 454992 actu_wrong: 14808
2026-07-24 14:15:31,605 P987894 INFO saving model...
2026-07-24 14:15:31,605 P987894 INFO FITS_Legendre - loss  best score:1.2120113372802734 at epoch 48
2026-07-24 14:15:31,610 P987894 INFO FITS_Legendre - f1  best score:0.8343614856270669 at epoch 45
2026-07-24 14:15:31,614 P987894 INFO Average training time per epoch: 59.43 seconds
2026-07-24 14:15:31,615 P987894 INFO calculate scores...
2026-07-24 14:15:31,615 P987894 INFO calculate label with loss...
2026-07-24 14:15:31,615 P987894 INFO FITS_Legendre on ./result/server_only_exps/Basis_updatedFreDF/FITS_Legendre-TT-Epochs50-Seed3-ExpNameRQ2_basis_comparison-BasisTypefourier-lowshow-simplegraph loading...
2026-07-24 14:15:41,716 P987894 INFO pr:0.9095  rc:0.7617  auc:0.9955 ap:0.9567 f1: 0.8290 pred_right: 457398 pred_wrong:12402 actu_right: 454992 actu_wrong: 14808
2026-07-24 14:15:50,220 P987894 INFO pr:0.9095  rc:0.7617  auc:0.9955 ap:0.9567 f1: 0.8290 pred_right: 457398 pred_wrong:12402 actu_right: 454992 actu_wrong: 14808
2026-07-24 14:15:50,221 P987894 INFO Performance Summary:
{'GPU': {'inference_time_per_sample_ms': 0.5470774321003157, 'throughput_samples_per_sec': 1827.894812185624, 'peak_memory_mb': 87.0107421875, 'energy_per_sample_joules': 0.03624032387333727}, 'CPU': {'inference_time_per_sample_ms': 0.45311580979865124, 'throughput_samples_per_sec': 2206.94131251868, 'peak_memory_mb': 5614.5546875, 'energy_per_sample_joules': 0.02945252763691233}}
2026-07-24 14:15:50,221 P987894 INFO Starting clean-room hardware benchmarking...
2026-07-24 14:15:53,141 P987894 INFO Performance with loss: pr:0.9095  rc:0.7617  auc:0.9955 ap:0.9567 f1: 0.8290 pred_right: 457398 pred_wrong:12402 actu_right: 454992 actu_wrong: 14808
2026-07-24 14:15:53,141 P987894 INFO calculate label with f1...
2026-07-24 14:15:53,141 P987894 INFO FITS_Legendre on ./result/server_only_exps/Basis_updatedFreDF/FITS_Legendre-TT-Epochs50-Seed3-ExpNameRQ2_basis_comparison-BasisTypefourier-lowshow-simplegraph loading...
2026-07-24 14:16:04,172 P987894 INFO pr:0.9268  rc:0.7606  auc:0.9956 ap:0.9587 f1: 0.8355 pred_right: 457648 pred_wrong:12152 actu_right: 454992 actu_wrong: 14808
2026-07-24 14:16:10,623 P987894 INFO pr:0.9268  rc:0.7606  auc:0.9956 ap:0.9587 f1: 0.8355 pred_right: 457648 pred_wrong:12152 actu_right: 454992 actu_wrong: 14808
2026-07-24 14:16:10,624 P987894 INFO Performance Summary:
{'GPU': {'inference_time_per_sample_ms': 0.571650536380597, 'throughput_samples_per_sec': 1749.3204962799405, 'peak_memory_mb': 86.5078125, 'energy_per_sample_joules': 0.03822055486240671}, 'CPU': {'inference_time_per_sample_ms': 0.3377884865902048, 'throughput_samples_per_sec': 2960.4324590647493, 'peak_memory_mb': 5473.36328125, 'energy_per_sample_joules': 0.02195625162836331}}
2026-07-24 14:16:10,624 P987894 INFO Starting clean-room hardware benchmarking...
2026-07-24 14:16:13,494 P987894 INFO Performance with f1: pr:0.9268  rc:0.7606  auc:0.9956 ap:0.9587 f1: 0.8355 pred_right: 457648 pred_wrong:12152 actu_right: 454992 actu_wrong: 14808
