2026-09-14 01:22:37,231 P2231174 INFO ---- Model: ----MSTGAD-3ae0e0b0----random_seed : 1----req_loss_approach : Legendre-style----rec_lambda : 1.0----auxi_lambda : 0.2----Freq Domain : FITS_Legendre----Multi Fits : false----train : True----evaluate : False
2026-09-14 01:22:37,232 P2231174 INFO Load from /home/db2003/Desktop/Amr/Tests/Eadro/codes/chunks/TT
2026-09-14 01:22:54,023 P2231174 INFO Fewshot: training with 1.0 of the 70% of the data
2026-09-14 01:22:54,137 P2231174 INFO Trainable Parameters Breakdown:
2026-09-14 01:22:54,137 P2231174 INFO --------------------------------------------------------------------------------
2026-09-14 01:22:54,137 P2231174 INFO Reconstruction-Specific Parameters:
2026-09-14 01:22:54,137 P2231174 INFO node_emb.linear.weight                   | shape: (8, 7)                    | params: 56
2026-09-14 01:22:54,137 P2231174 INFO node_emb.linear.bias                     | shape: (8,)                      | params: 8
2026-09-14 01:22:54,137 P2231174 INFO log_emb.linear.weight                    | shape: (32, 60)                  | params: 1,920
2026-09-14 01:22:54,137 P2231174 INFO log_emb.linear.bias                      | shape: (32,)                     | params: 32
2026-09-14 01:22:54,137 P2231174 INFO egde_emb.linear.weight                   | shape: (8, 2)                    | params: 16
2026-09-14 01:22:54,137 P2231174 INFO egde_emb.linear.bias                     | shape: (8,)                      | params: 8
2026-09-14 01:22:54,137 P2231174 INFO dense_node.weight                        | shape: (7, 8)                    | params: 56
2026-09-14 01:22:54,138 P2231174 INFO dense_node.bias                          | shape: (7,)                      | params: 7
2026-09-14 01:22:54,138 P2231174 INFO dense_log.weight                         | shape: (60, 32)                  | params: 1,920
2026-09-14 01:22:54,138 P2231174 INFO dense_log.bias                           | shape: (60,)                     | params: 60
2026-09-14 01:22:54,138 P2231174 INFO dense_edge.weight                        | shape: (2, 8)                    | params: 16
2026-09-14 01:22:54,138 P2231174 INFO dense_edge.bias                          | shape: (2,)                      | params: 2
2026-09-14 01:22:54,138 P2231174 INFO linear_attn.Wq.weight                    | shape: (10, 10)                  | params: 100
2026-09-14 01:22:54,138 P2231174 INFO linear_attn.Wk.weight                    | shape: (10, 10)                  | params: 100
2026-09-14 01:22:54,138 P2231174 INFO linear_attn.Wv.weight                    | shape: (10, 10)                  | params: 100
2026-09-14 01:22:54,138 P2231174 INFO linear_attn.out.weight                   | shape: (10, 10)                  | params: 100
2026-09-14 01:22:54,138 P2231174 INFO linear_attn.out.bias                     | shape: (10,)                     | params: 10
2026-09-14 01:22:54,138 P2231174 INFO linear_attn.norm.weight                  | shape: (10,)                     | params: 10
2026-09-14 01:22:54,138 P2231174 INFO linear_attn.norm.bias                    | shape: (10,)                     | params: 10
2026-09-14 01:22:54,138 P2231174 INFO shared_fits.normlin_W                    | shape: (9, 9)                    | params: 81
2026-09-14 01:22:54,138 P2231174 INFO shared_fits.freq_upsampler.weight        | shape: (9, 9)                    | params: 81
2026-09-14 01:22:54,138 P2231174 INFO shared_fits.freq_upsampler.bias          | shape: (9,)                      | params: 9
2026-09-14 01:22:54,138 P2231174 INFO modality_proj.node.weight                | shape: (10, 8)                   | params: 80
2026-09-14 01:22:54,139 P2231174 INFO modality_proj.node.bias                  | shape: (10,)                     | params: 10
2026-09-14 01:22:54,139 P2231174 INFO modality_proj.log.weight                 | shape: (10, 32)                  | params: 320
2026-09-14 01:22:54,139 P2231174 INFO modality_proj.log.bias                   | shape: (10,)                     | params: 10
2026-09-14 01:22:54,139 P2231174 INFO modality_proj.edge.weight                | shape: (10, 8)                   | params: 80
2026-09-14 01:22:54,139 P2231174 INFO modality_proj.edge.bias                  | shape: (10,)                     | params: 10
2026-09-14 01:22:54,139 P2231174 INFO modality_proj_out.node.weight            | shape: (8, 10)                   | params: 80
2026-09-14 01:22:54,139 P2231174 INFO modality_proj_out.node.bias              | shape: (8,)                      | params: 8
2026-09-14 01:22:54,139 P2231174 INFO modality_proj_out.log.weight             | shape: (32, 10)                  | params: 320
2026-09-14 01:22:54,139 P2231174 INFO modality_proj_out.log.bias               | shape: (32,)                     | params: 32
2026-09-14 01:22:54,139 P2231174 INFO modality_proj_out.edge.weight            | shape: (8, 10)                   | params: 80
2026-09-14 01:22:54,139 P2231174 INFO modality_proj_out.edge.bias              | shape: (8,)                      | params: 8
2026-09-14 01:22:54,139 P2231174 INFO Subtotal: 5,740
2026-09-14 01:22:54,139 P2231174 INFO --------------------------------------------------------------------------------
2026-09-14 01:22:54,139 P2231174 INFO Common Parameters:
2026-09-14 01:22:54,139 P2231174 INFO show.0.weight                            | shape: (128, 69)                 | params: 8,832
2026-09-14 01:22:54,139 P2231174 INFO show.0.bias                              | shape: (128,)                    | params: 128
2026-09-14 01:22:54,140 P2231174 INFO show.2.weight                            | shape: (2, 128)                  | params: 256
2026-09-14 01:22:54,140 P2231174 INFO show.2.bias                              | shape: (2,)                      | params: 2
2026-09-14 01:22:54,140 P2231174 INFO Subtotal: 9,218
2026-09-14 01:22:54,140 P2231174 INFO --------------------------------------------------------------------------------
2026-09-14 01:22:54,140 P2231174 INFO Total Trainable Parameters: 14,958

2026-09-14 01:22:54,140 P2231174 INFO Trainable Parameters: 14958, reconstruction: 5740, common: 9218
2026-09-14 01:22:54,140 P2231174 INFO model : init weight
2026-09-14 01:22:54,141 P2231174 INFO Using GPU...
2026-09-14 01:22:54,148 P2231174 INFO optimizer : using AdaBelief
2026-09-14 01:22:54,148 P2231174 INFO ----------------------------------------------------------------------------------------------------
2026-09-14 01:22:54,148 P2231174 INFO 0/50 starting... lr: 0.001 para:1.0
2026-09-14 01:23:27,407 P2231174 INFO Epoch 0/50, all_loss:0.07708 cls_loss:31.91794 rec_loss:0.07708 [33.25s]; best loss:0.07708, patience : 0
2026-09-14 01:23:27,407 P2231174 INFO ----------------------------------------------------------------------------------------------------
2026-09-14 01:23:27,407 P2231174 INFO 1/50 starting... lr: 0.001 para:0.5
2026-09-14 01:24:03,584 P2231174 INFO Epoch 1/50, all_loss:2.10024 cls_loss:3.96006 rec_loss:0.24042 [36.17s]; best loss:2.10024, patience : 0
2026-09-14 01:24:03,584 P2231174 INFO ----------------------------------------------------------------------------------------------------
2026-09-14 01:24:03,584 P2231174 INFO 2/50 starting... lr: 0.001 para:0.3333333432674408
2026-09-14 01:24:46,640 P2231174 INFO Epoch 2/50, all_loss:1.52225 cls_loss:2.15493 rec_loss:0.25689 [43.05s]; best loss:1.52225, patience : 0
2026-09-14 01:25:04,281 P2231174 INFO pr:0.8499  rc:0.5151  auc:0.9887 ap:0.9011 f1: 0.6415 pred_right: 1075298 pred_wrong:20902 actu_right: 1061712 actu_wrong: 34488
2026-09-14 01:25:11,519 P2231174 INFO pr:0.8544  rc:0.5146  auc:0.9890 ap:0.9026 f1: 0.6423 pred_right: 460881 pred_wrong:8919 actu_right: 454992 actu_wrong: 14808
2026-09-14 01:25:11,529 P2231174 INFO ----------------------------------------------------------------------------------------------------
2026-09-14 01:25:11,530 P2231174 INFO 3/50 starting... lr: 0.001 para:0.25
2026-09-14 01:25:47,824 P2231174 INFO Epoch 3/50, all_loss:1.54511 cls_loss:1.96825 rec_loss:0.27568 [36.29s]; best loss:1.52225, patience : 1
2026-09-14 01:26:06,414 P2231174 INFO pr:0.8180  rc:0.5848  auc:0.9902 ap:0.9101 f1: 0.6820 pred_right: 1071541 pred_wrong:24659 actu_right: 1061711 actu_wrong: 34489
2026-09-14 01:26:14,747 P2231174 INFO pr:0.8212  rc:0.5862  auc:0.9905 ap:0.9113 f1: 0.6841 pred_right: 459230 pred_wrong:10570 actu_right: 454992 actu_wrong: 14808
2026-09-14 01:26:14,751 P2231174 INFO ----------------------------------------------------------------------------------------------------
2026-09-14 01:26:14,752 P2231174 INFO 4/50 starting... lr: 0.001 para:0.20000000298023224
2026-09-14 01:27:00,009 P2231174 INFO Epoch 4/50, all_loss:1.50362 cls_loss:1.79699 rec_loss:0.33011 [45.25s]; best loss:1.50362, patience : 0
2026-09-14 01:27:17,814 P2231174 INFO pr:0.8889  rc:0.5951  auc:0.9932 ap:0.9295 f1: 0.7129 pred_right: 1073112 pred_wrong:23088 actu_right: 1061710 actu_wrong: 34490
2026-09-14 01:27:25,232 P2231174 INFO pr:0.8911  rc:0.5937  auc:0.9933 ap:0.9299 f1: 0.7127 pred_right: 459934 pred_wrong:9866 actu_right: 454992 actu_wrong: 14808
2026-09-14 01:27:25,239 P2231174 INFO ----------------------------------------------------------------------------------------------------
2026-09-14 01:27:25,239 P2231174 INFO 5/50 starting... lr: 0.001 para:0.1666666716337204
2026-09-14 01:28:01,112 P2231174 INFO Epoch 5/50, all_loss:1.42220 cls_loss:1.63437 rec_loss:0.36135 [35.87s]; best loss:1.42220, patience : 0
2026-09-14 01:28:19,850 P2231174 INFO pr:0.8594  rc:0.6901  auc:0.9943 ap:0.9427 f1: 0.7655 pred_right: 1068506 pred_wrong:27694 actu_right: 1061714 actu_wrong: 34486
2026-09-14 01:28:27,888 P2231174 INFO pr:0.8621  rc:0.6929  auc:0.9944 ap:0.9436 f1: 0.7683 pred_right: 457898 pred_wrong:11902 actu_right: 454992 actu_wrong: 14808
2026-09-14 01:28:27,893 P2231174 INFO ----------------------------------------------------------------------------------------------------
2026-09-14 01:28:27,893 P2231174 INFO 6/50 starting... lr: 0.001 para:0.1428571492433548
2026-09-14 01:29:12,980 P2231174 INFO Epoch 6/50, all_loss:1.34778 cls_loss:1.51063 rec_loss:0.37067 [45.08s]; best loss:1.34778, patience : 0
2026-09-14 01:29:30,832 P2231174 INFO pr:0.9209  rc:0.6164  auc:0.9947 ap:0.9494 f1: 0.7385 pred_right: 1073115 pred_wrong:23085 actu_right: 1061711 actu_wrong: 34489
2026-09-14 01:29:38,366 P2231174 INFO pr:0.9242  rc:0.6155  auc:0.9947 ap:0.9495 f1: 0.7389 pred_right: 459938 pred_wrong:9862 actu_right: 454992 actu_wrong: 14808
2026-09-14 01:29:38,367 P2231174 INFO ----------------------------------------------------------------------------------------------------
2026-09-14 01:29:38,367 P2231174 INFO 7/50 starting... lr: 0.001 para:0.125
2026-09-14 01:30:16,363 P2231174 INFO Epoch 7/50, all_loss:1.24109 cls_loss:1.35893 rec_loss:0.41624 [37.99s]; best loss:1.24109, patience : 0
2026-09-14 01:30:36,697 P2231174 INFO pr:0.8776  rc:0.7821  auc:0.9965 ap:0.9613 f1: 0.8271 pred_right: 1065469 pred_wrong:30731 actu_right: 1061713 actu_wrong: 34487
2026-09-14 01:30:42,000 P2231174 INFO pr:0.8806  rc:0.7804  auc:0.9965 ap:0.9614 f1: 0.8275 pred_right: 456677 pred_wrong:13123 actu_right: 454992 actu_wrong: 14808
2026-09-14 01:30:42,005 P2231174 INFO ----------------------------------------------------------------------------------------------------
2026-09-14 01:30:42,005 P2231174 INFO 8/50 starting... lr: 0.001 para:0.1111111119389534
2026-09-14 01:31:27,938 P2231174 INFO Epoch 8/50, all_loss:1.08089 cls_loss:1.15272 rec_loss:0.50626 [45.93s]; best loss:1.08089, patience : 0
2026-09-14 01:31:45,373 P2231174 INFO pr:0.8822  rc:0.8587  auc:0.9972 ap:0.9719 f1: 0.8703 pred_right: 1062632 pred_wrong:33568 actu_right: 1061712 actu_wrong: 34488
2026-09-14 01:31:52,904 P2231174 INFO pr:0.8848  rc:0.8530  auc:0.9973 ap:0.9718 f1: 0.8686 pred_right: 455525 pred_wrong:14275 actu_right: 454992 actu_wrong: 14808
2026-09-14 01:31:52,910 P2231174 INFO ----------------------------------------------------------------------------------------------------
2026-09-14 01:31:52,910 P2231174 INFO 9/50 starting... lr: 0.001 para:0.10000000149011612
2026-09-14 01:32:29,961 P2231174 INFO Epoch 9/50, all_loss:0.93493 cls_loss:0.97084 rec_loss:0.61179 [37.04s]; best loss:0.93493, patience : 0
2026-09-14 01:32:48,818 P2231174 INFO pr:0.8934  rc:0.8975  auc:0.9983 ap:0.9788 f1: 0.8955 pred_right: 1061554 pred_wrong:34646 actu_right: 1061710 actu_wrong: 34490
2026-09-14 01:32:55,152 P2231174 INFO pr:0.8954  rc:0.8980  auc:0.9984 ap:0.9786 f1: 0.8967 pred_right: 454949 pred_wrong:14851 actu_right: 454992 actu_wrong: 14808
2026-09-14 01:32:55,157 P2231174 INFO ----------------------------------------------------------------------------------------------------
2026-09-14 01:32:55,157 P2231174 INFO 10/50 starting... lr: 0.001 para:0.09090909361839294
2026-09-14 01:33:42,587 P2231174 INFO Epoch 10/50, all_loss:0.85256 cls_loss:0.86813 rec_loss:0.69686 [47.42s]; best loss:0.85256, patience : 0
2026-09-14 01:34:01,155 P2231174 INFO pr:0.9007  rc:0.8914  auc:0.9985 ap:0.9795 f1: 0.8961 pred_right: 1062062 pred_wrong:34138 actu_right: 1061706 actu_wrong: 34494
2026-09-14 01:34:08,495 P2231174 INFO pr:0.9043  rc:0.8909  auc:0.9986 ap:0.9791 f1: 0.8975 pred_right: 455212 pred_wrong:14588 actu_right: 454992 actu_wrong: 14808
2026-09-14 01:34:08,501 P2231174 INFO ----------------------------------------------------------------------------------------------------
2026-09-14 01:34:08,501 P2231174 INFO 11/50 starting... lr: 0.001 para:0.0833333358168602
2026-09-14 01:34:45,536 P2231174 INFO Epoch 11/50, all_loss:0.75983 cls_loss:0.76054 rec_loss:0.75197 [37.03s]; best loss:0.75983, patience : 0
2026-09-14 01:35:02,360 P2231174 INFO pr:0.9146  rc:0.9029  auc:0.9989 ap:0.9839 f1: 0.9087 pred_right: 1062151 pred_wrong:34049 actu_right: 1061710 actu_wrong: 34490
2026-09-14 01:35:10,072 P2231174 INFO pr:0.9163  rc:0.9028  auc:0.9990 ap:0.9840 f1: 0.9095 pred_right: 455211 pred_wrong:14589 actu_right: 454992 actu_wrong: 14808
2026-09-14 01:35:10,085 P2231174 INFO ----------------------------------------------------------------------------------------------------
2026-09-14 01:35:10,085 P2231174 INFO 12/50 starting... lr: 0.001 para:0.07692307978868484
2026-09-14 01:35:56,692 P2231174 INFO Epoch 12/50, all_loss:0.71507 cls_loss:0.70978 rec_loss:0.77859 [46.60s]; best loss:0.71507, patience : 0
2026-09-14 01:36:15,671 P2231174 INFO pr:0.9186  rc:0.8909  auc:0.9988 ap:0.9854 f1: 0.9046 pred_right: 1062754 pred_wrong:33446 actu_right: 1061712 actu_wrong: 34488
2026-09-14 01:36:23,334 P2231174 INFO pr:0.9200  rc:0.8897  auc:0.9989 ap:0.9853 f1: 0.9046 pred_right: 455480 pred_wrong:14320 actu_right: 454992 actu_wrong: 14808
2026-09-14 01:36:23,335 P2231174 INFO ----------------------------------------------------------------------------------------------------
2026-09-14 01:36:23,336 P2231174 INFO 13/50 starting... lr: 0.001 para:0.0714285746216774
2026-09-14 01:37:01,975 P2231174 INFO Epoch 13/50, all_loss:0.68250 cls_loss:0.67351 rec_loss:0.79930 [38.63s]; best loss:0.68250, patience : 0
2026-09-14 01:37:16,777 P2231174 INFO pr:0.9176  rc:0.9133  auc:0.9984 ap:0.9864 f1: 0.9155 pred_right: 1061867 pred_wrong:34333 actu_right: 1061708 actu_wrong: 34492
2026-09-14 01:37:37,589 P2231174 INFO pr:0.9208  rc:0.9141  auc:0.9986 ap:0.9861 f1: 0.9174 pred_right: 455100 pred_wrong:14700 actu_right: 454992 actu_wrong: 14808
2026-09-14 01:37:37,597 P2231174 INFO ----------------------------------------------------------------------------------------------------
2026-09-14 01:37:37,597 P2231174 INFO 14/50 starting... lr: 0.001 para:0.06666667014360428
2026-09-14 01:38:14,183 P2231174 INFO Epoch 14/50, all_loss:0.65519 cls_loss:0.64376 rec_loss:0.81523 [36.58s]; best loss:0.65519, patience : 0
2026-09-14 01:38:32,327 P2231174 INFO pr:0.8990  rc:0.9565  auc:0.9989 ap:0.9870 f1: 0.9269 pred_right: 1059501 pred_wrong:36699 actu_right: 1061708 actu_wrong: 34492
2026-09-14 01:38:39,876 P2231174 INFO pr:0.9023  rc:0.9552  auc:0.9990 ap:0.9867 f1: 0.9280 pred_right: 454123 pred_wrong:15677 actu_right: 454992 actu_wrong: 14808
2026-09-14 01:38:39,883 P2231174 INFO ----------------------------------------------------------------------------------------------------
2026-09-14 01:38:39,883 P2231174 INFO 15/50 starting... lr: 0.001 para:0.0625
2026-09-14 01:39:17,000 P2231174 INFO Epoch 15/50, all_loss:0.61611 cls_loss:0.60174 rec_loss:0.83166 [37.11s]; best loss:0.61611, patience : 0
2026-09-14 01:39:44,835 P2231174 INFO pr:0.9275  rc:0.8984  auc:0.9991 ap:0.9878 f1: 0.9127 pred_right: 1062791 pred_wrong:33409 actu_right: 1061710 actu_wrong: 34490
2026-09-14 01:39:53,785 P2231174 INFO pr:0.9254  rc:0.8958  auc:0.9990 ap:0.9868 f1: 0.9103 pred_right: 455465 pred_wrong:14335 actu_right: 454992 actu_wrong: 14808
2026-09-14 01:39:53,786 P2231174 INFO ----------------------------------------------------------------------------------------------------
2026-09-14 01:39:53,786 P2231174 INFO 16/50 starting... lr: 0.001 para:0.05882352963089943
2026-09-14 01:40:29,463 P2231174 INFO Epoch 16/50, all_loss:0.59635 cls_loss:0.58049 rec_loss:0.84996 [35.67s]; best loss:0.59635, patience : 0
2026-09-14 01:40:47,416 P2231174 INFO pr:0.8799  rc:0.9776  auc:0.9993 ap:0.9895 f1: 0.9261 pred_right: 1057883 pred_wrong:38317 actu_right: 1061712 actu_wrong: 34488
2026-09-14 01:40:55,681 P2231174 INFO pr:0.8818  rc:0.9760  auc:0.9993 ap:0.9888 f1: 0.9265 pred_right: 453409 pred_wrong:16391 actu_right: 454992 actu_wrong: 14808
2026-09-14 01:40:55,682 P2231174 INFO ----------------------------------------------------------------------------------------------------
2026-09-14 01:40:55,682 P2231174 INFO 17/50 starting... lr: 0.001 para:0.0555555559694767
2026-09-14 01:41:31,207 P2231174 INFO Epoch 17/50, all_loss:0.59089 cls_loss:0.57529 rec_loss:0.85605 [35.52s]; best loss:0.59089, patience : 0
2026-09-14 01:42:02,646 P2231174 INFO pr:0.8985  rc:0.9723  auc:0.9993 ap:0.9900 f1: 0.9339 pred_right: 1058875 pred_wrong:37325 actu_right: 1061708 actu_wrong: 34492
2026-09-14 01:42:10,514 P2231174 INFO pr:0.8976  rc:0.9692  auc:0.9992 ap:0.9893 f1: 0.9320 pred_right: 453811 pred_wrong:15989 actu_right: 454992 actu_wrong: 14808
2026-09-14 01:42:10,520 P2231174 INFO ----------------------------------------------------------------------------------------------------
2026-09-14 01:42:10,520 P2231174 INFO 18/50 starting... lr: 0.001 para:0.05263157933950424
2026-09-14 01:42:46,054 P2231174 INFO Epoch 18/50, all_loss:0.54603 cls_loss:0.52779 rec_loss:0.87440 [35.53s]; best loss:0.54603, patience : 0
2026-09-14 01:43:04,623 P2231174 INFO pr:0.9308  rc:0.9443  auc:0.9990 ap:0.9914 f1: 0.9375 pred_right: 1061210 pred_wrong:34990 actu_right: 1061710 actu_wrong: 34490
2026-09-14 01:43:12,144 P2231174 INFO pr:0.9318  rc:0.9425  auc:0.9991 ap:0.9911 f1: 0.9371 pred_right: 454823 pred_wrong:14977 actu_right: 454992 actu_wrong: 14808
2026-09-14 01:43:12,149 P2231174 INFO ----------------------------------------------------------------------------------------------------
2026-09-14 01:43:12,150 P2231174 INFO 19/50 starting... lr: 0.001 para:0.05000000074505806
2026-09-14 01:43:47,231 P2231174 INFO Epoch 19/50, all_loss:0.53597 cls_loss:0.51800 rec_loss:0.87740 [35.08s]; best loss:0.53597, patience : 0
2026-09-14 01:44:19,353 P2231174 INFO pr:0.8957  rc:0.9716  auc:0.9994 ap:0.9908 f1: 0.9321 pred_right: 1058792 pred_wrong:37408 actu_right: 1061713 actu_wrong: 34487
2026-09-14 01:44:27,296 P2231174 INFO pr:0.8969  rc:0.9702  auc:0.9993 ap:0.9901 f1: 0.9321 pred_right: 453782 pred_wrong:16018 actu_right: 454992 actu_wrong: 14808
2026-09-14 01:44:27,297 P2231174 INFO ----------------------------------------------------------------------------------------------------
2026-09-14 01:44:27,298 P2231174 INFO 20/50 starting... lr: 0.001 para:0.0476190485060215
2026-09-14 01:45:03,129 P2231174 INFO Epoch 20/50, all_loss:0.52330 cls_loss:0.50506 rec_loss:0.88803 [35.83s]; best loss:0.52330, patience : 0
2026-09-14 01:45:21,442 P2231174 INFO pr:0.9269  rc:0.9455  auc:0.9993 ap:0.9904 f1: 0.9361 pred_right: 1061023 pred_wrong:35177 actu_right: 1061714 actu_wrong: 34486
2026-09-14 01:45:29,403 P2231174 INFO pr:0.9282  rc:0.9458  auc:0.9992 ap:0.9900 f1: 0.9369 pred_right: 454710 pred_wrong:15090 actu_right: 454992 actu_wrong: 14808
2026-09-14 01:45:29,404 P2231174 INFO ----------------------------------------------------------------------------------------------------
2026-09-14 01:45:29,404 P2231174 INFO 21/50 starting... lr: 0.001 para:0.04545454680919647
2026-09-14 01:46:08,018 P2231174 INFO Epoch 21/50, all_loss:0.52567 cls_loss:0.50692 rec_loss:0.91932 [38.61s]; best loss:0.52330, patience : 1
2026-09-14 01:46:36,058 P2231174 INFO pr:0.9008  rc:0.9800  auc:0.9994 ap:0.9916 f1: 0.9387 pred_right: 1058684 pred_wrong:37516 actu_right: 1061715 actu_wrong: 34485
2026-09-14 01:46:43,864 P2231174 INFO pr:0.9021  rc:0.9774  auc:0.9994 ap:0.9911 f1: 0.9382 pred_right: 453756 pred_wrong:16044 actu_right: 454992 actu_wrong: 14808
2026-09-14 01:46:43,871 P2231174 INFO ----------------------------------------------------------------------------------------------------
2026-09-14 01:46:43,871 P2231174 INFO 22/50 starting... lr: 0.001 para:0.043478261679410934
2026-09-14 01:47:19,317 P2231174 INFO Epoch 22/50, all_loss:0.49909 cls_loss:0.47971 rec_loss:0.92547 [35.44s]; best loss:0.49909, patience : 0
2026-09-14 01:47:38,559 P2231174 INFO pr:0.9422  rc:0.9318  auc:0.9992 ap:0.9931 f1: 0.9369 pred_right: 1062090 pred_wrong:34110 actu_right: 1061709 actu_wrong: 34491
2026-09-14 01:47:46,307 P2231174 INFO pr:0.9415  rc:0.9301  auc:0.9992 ap:0.9926 f1: 0.9358 pred_right: 455171 pred_wrong:14629 actu_right: 454992 actu_wrong: 14808
2026-09-14 01:47:46,308 P2231174 INFO ----------------------------------------------------------------------------------------------------
2026-09-14 01:47:46,308 P2231174 INFO 23/50 starting... lr: 0.001 para:0.0416666679084301
2026-09-14 01:48:31,039 P2231174 INFO Epoch 23/50, all_loss:0.47903 cls_loss:0.45881 rec_loss:0.94392 [44.72s]; best loss:0.47903, patience : 0
2026-09-14 01:48:50,049 P2231174 INFO pr:0.9493  rc:0.9064  auc:0.9992 ap:0.9927 f1: 0.9273 pred_right: 1063269 pred_wrong:32931 actu_right: 1061713 actu_wrong: 34487
2026-09-14 01:48:57,688 P2231174 INFO pr:0.9470  rc:0.9055  auc:0.9992 ap:0.9920 f1: 0.9258 pred_right: 455640 pred_wrong:14160 actu_right: 454992 actu_wrong: 14808
2026-09-14 01:48:57,689 P2231174 INFO ----------------------------------------------------------------------------------------------------
2026-09-14 01:48:57,690 P2231174 INFO 24/50 starting... lr: 0.001 para:0.03999999910593033
2026-09-14 01:49:33,414 P2231174 INFO Epoch 24/50, all_loss:0.48257 cls_loss:0.46227 rec_loss:0.96984 [35.72s]; best loss:0.47903, patience : 1
2026-09-14 01:49:51,723 P2231174 INFO pr:0.9396  rc:0.9441  auc:0.9995 ap:0.9933 f1: 0.9419 pred_right: 1061546 pred_wrong:34654 actu_right: 1061711 actu_wrong: 34489
2026-09-14 01:49:59,643 P2231174 INFO pr:0.9387  rc:0.9414  auc:0.9993 ap:0.9923 f1: 0.9400 pred_right: 454950 pred_wrong:14850 actu_right: 454992 actu_wrong: 14808
2026-09-14 01:49:59,649 P2231174 INFO ----------------------------------------------------------------------------------------------------
2026-09-14 01:49:59,649 P2231174 INFO 25/50 starting... lr: 0.001 para:0.03846153989434242
2026-09-14 01:50:44,782 P2231174 INFO Epoch 25/50, all_loss:0.46236 cls_loss:0.44189 rec_loss:0.97422 [45.13s]; best loss:0.46236, patience : 0
2026-09-14 01:51:03,572 P2231174 INFO pr:0.9605  rc:0.8876  auc:0.9995 ap:0.9938 f1: 0.9226 pred_right: 1064334 pred_wrong:31866 actu_right: 1061716 actu_wrong: 34484
2026-09-14 01:51:11,383 P2231174 INFO pr:0.9593  rc:0.8876  auc:0.9993 ap:0.9929 f1: 0.9220 pred_right: 456099 pred_wrong:13701 actu_right: 454992 actu_wrong: 14808
2026-09-14 01:51:11,385 P2231174 INFO ----------------------------------------------------------------------------------------------------
2026-09-14 01:51:11,385 P2231174 INFO 26/50 starting... lr: 0.001 para:0.03703703731298447
2026-09-14 01:51:48,604 P2231174 INFO Epoch 26/50, all_loss:0.45327 cls_loss:0.43278 rec_loss:0.98597 [37.21s]; best loss:0.45327, patience : 0
2026-09-14 01:52:07,257 P2231174 INFO pr:0.9241  rc:0.9638  auc:0.9994 ap:0.9930 f1: 0.9436 pred_right: 1060226 pred_wrong:35974 actu_right: 1061709 actu_wrong: 34491
2026-09-14 01:52:15,435 P2231174 INFO pr:0.9255  rc:0.9608  auc:0.9994 ap:0.9924 f1: 0.9428 pred_right: 454426 pred_wrong:15374 actu_right: 454992 actu_wrong: 14808
2026-09-14 01:52:15,441 P2231174 INFO ----------------------------------------------------------------------------------------------------
2026-09-14 01:52:15,441 P2231174 INFO 27/50 starting... lr: 0.001 para:0.0357142873108387
2026-09-14 01:52:59,934 P2231174 INFO Epoch 27/50, all_loss:0.44026 cls_loss:0.41965 rec_loss:0.99685 [44.48s]; best loss:0.44026, patience : 0
2026-09-14 01:53:18,020 P2231174 INFO pr:0.9260  rc:0.9754  auc:0.9994 ap:0.9943 f1: 0.9501 pred_right: 1059868 pred_wrong:36332 actu_right: 1061707 actu_wrong: 34493
2026-09-14 01:53:25,650 P2231174 INFO pr:0.9244  rc:0.9714  auc:0.9993 ap:0.9931 f1: 0.9473 pred_right: 454239 pred_wrong:15561 actu_right: 454992 actu_wrong: 14808
2026-09-14 01:53:25,657 P2231174 INFO ----------------------------------------------------------------------------------------------------
2026-09-14 01:53:25,657 P2231174 INFO 28/50 starting... lr: 0.001 para:0.03448275849223137
2026-09-14 01:54:02,901 P2231174 INFO Epoch 28/50, all_loss:0.45133 cls_loss:0.43097 rec_loss:1.02130 [37.24s]; best loss:0.44026, patience : 1
2026-09-14 01:54:21,122 P2231174 INFO pr:0.9420  rc:0.9559  auc:0.9995 ap:0.9944 f1: 0.9489 pred_right: 1061203 pred_wrong:34997 actu_right: 1061711 actu_wrong: 34489
2026-09-14 01:54:29,709 P2231174 INFO pr:0.9393  rc:0.9516  auc:0.9994 ap:0.9934 f1: 0.9454 pred_right: 454797 pred_wrong:15003 actu_right: 454992 actu_wrong: 14808
2026-09-14 01:54:29,710 P2231174 INFO ----------------------------------------------------------------------------------------------------
2026-09-14 01:54:29,710 P2231174 INFO 29/50 starting... lr: 0.001 para:0.03333333507180214
2026-09-14 01:55:14,486 P2231174 INFO Epoch 29/50, all_loss:0.43192 cls_loss:0.41149 rec_loss:1.02448 [44.77s]; best loss:0.43192, patience : 0
2026-09-14 01:55:33,005 P2231174 INFO pr:0.9460  rc:0.9228  auc:0.9995 ap:0.9925 f1: 0.9343 pred_right: 1062560 pred_wrong:33640 actu_right: 1061713 actu_wrong: 34487
2026-09-14 01:55:40,525 P2231174 INFO pr:0.9452  rc:0.9211  auc:0.9992 ap:0.9911 f1: 0.9330 pred_right: 455371 pred_wrong:14429 actu_right: 454992 actu_wrong: 14808
2026-09-14 01:55:40,526 P2231174 INFO ----------------------------------------------------------------------------------------------------
2026-09-14 01:55:40,527 P2231174 INFO 30/50 starting... lr: 0.001 para:0.032258063554763794
2026-09-14 01:56:16,601 P2231174 INFO Epoch 30/50, all_loss:0.42708 cls_loss:0.40655 rec_loss:1.04313 [36.07s]; best loss:0.42708, patience : 0
2026-09-14 01:56:36,852 P2231174 INFO pr:0.9406  rc:0.9513  auc:0.9995 ap:0.9941 f1: 0.9459 pred_right: 1061318 pred_wrong:34882 actu_right: 1061710 actu_wrong: 34490
2026-09-14 01:56:42,069 P2231174 INFO pr:0.9403  rc:0.9462  auc:0.9994 ap:0.9932 f1: 0.9432 pred_right: 454899 pred_wrong:14901 actu_right: 454992 actu_wrong: 14808
2026-09-14 01:56:42,070 P2231174 INFO ----------------------------------------------------------------------------------------------------
2026-09-14 01:56:42,070 P2231174 INFO 31/50 starting... lr: 0.001 para:0.03125
2026-09-14 01:57:27,793 P2231174 INFO Epoch 31/50, all_loss:0.42727 cls_loss:0.40747 rec_loss:1.04091 [45.72s]; best loss:0.42708, patience : 1
2026-09-14 01:57:44,958 P2231174 INFO pr:0.9321  rc:0.9780  auc:0.9996 ap:0.9949 f1: 0.9545 pred_right: 1060010 pred_wrong:36190 actu_right: 1061711 actu_wrong: 34489
2026-09-14 01:57:52,247 P2231174 INFO pr:0.9309  rc:0.9731  auc:0.9995 ap:0.9941 f1: 0.9515 pred_right: 454321 pred_wrong:15479 actu_right: 454992 actu_wrong: 14808
2026-09-14 01:57:52,253 P2231174 INFO ----------------------------------------------------------------------------------------------------
2026-09-14 01:57:52,253 P2231174 INFO 32/50 starting... lr: 0.001 para:0.03030303120613098
2026-09-14 01:58:28,688 P2231174 INFO Epoch 32/50, all_loss:0.39932 cls_loss:0.37899 rec_loss:1.05016 [36.43s]; best loss:0.39932, patience : 0
2026-09-14 01:58:47,611 P2231174 INFO pr:0.9374  rc:0.9700  auc:0.9996 ap:0.9950 f1: 0.9534 pred_right: 1060513 pred_wrong:35687 actu_right: 1061712 actu_wrong: 34488
2026-09-14 01:58:52,920 P2231174 INFO pr:0.9344  rc:0.9672  auc:0.9995 ap:0.9939 f1: 0.9505 pred_right: 454472 pred_wrong:15328 actu_right: 454992 actu_wrong: 14808
2026-09-14 01:58:52,921 P2231174 INFO ----------------------------------------------------------------------------------------------------
2026-09-14 01:58:52,921 P2231174 INFO 33/50 starting... lr: 0.001 para:0.029411764815449715
2026-09-14 01:59:37,399 P2231174 INFO Epoch 33/50, all_loss:0.39453 cls_loss:0.37387 rec_loss:1.07650 [44.47s]; best loss:0.39453, patience : 0
2026-09-14 01:59:54,443 P2231174 INFO pr:0.9265  rc:0.9716  auc:0.9994 ap:0.9939 f1: 0.9485 pred_right: 1060031 pred_wrong:36169 actu_right: 1061709 actu_wrong: 34491
2026-09-14 02:00:01,365 P2231174 INFO pr:0.9283  rc:0.9696  auc:0.9993 ap:0.9933 f1: 0.9485 pred_right: 454333 pred_wrong:15467 actu_right: 454992 actu_wrong: 14808
2026-09-14 02:00:01,366 P2231174 INFO ----------------------------------------------------------------------------------------------------
2026-09-14 02:00:01,367 P2231174 INFO 34/50 starting... lr: 0.001 para:0.02857142873108387
2026-09-14 02:00:37,022 P2231174 INFO Epoch 34/50, all_loss:0.38961 cls_loss:0.36942 rec_loss:1.07631 [35.65s]; best loss:0.38961, patience : 0
2026-09-14 02:00:55,486 P2231174 INFO pr:0.8989  rc:0.9905  auc:0.9996 ap:0.9946 f1: 0.9425 pred_right: 1058195 pred_wrong:38005 actu_right: 1061710 actu_wrong: 34490
2026-09-14 02:01:01,685 P2231174 INFO pr:0.8973  rc:0.9888  auc:0.9995 ap:0.9933 f1: 0.9408 pred_right: 453482 pred_wrong:16318 actu_right: 454992 actu_wrong: 14808
2026-09-14 02:01:01,686 P2231174 INFO ----------------------------------------------------------------------------------------------------
2026-09-14 02:01:01,686 P2231174 INFO 35/50 starting... lr: 0.001 para:0.02777777798473835
2026-09-14 02:01:46,381 P2231174 INFO Epoch 35/50, all_loss:0.37294 cls_loss:0.35269 rec_loss:1.08161 [44.69s]; best loss:0.37294, patience : 0
2026-09-14 02:02:03,365 P2231174 INFO pr:0.9539  rc:0.9436  auc:0.9996 ap:0.9952 f1: 0.9487 pred_right: 1062078 pred_wrong:34122 actu_right: 1061708 actu_wrong: 34492
2026-09-14 02:02:11,123 P2231174 INFO pr:0.9509  rc:0.9369  auc:0.9995 ap:0.9942 f1: 0.9439 pred_right: 455210 pred_wrong:14590 actu_right: 454992 actu_wrong: 14808
2026-09-14 02:02:11,124 P2231174 INFO ----------------------------------------------------------------------------------------------------
2026-09-14 02:02:11,131 P2231174 INFO 36/50 starting... lr: 0.001 para:0.027027027681469917
2026-09-14 02:02:46,327 P2231174 INFO Epoch 36/50, all_loss:0.36193 cls_loss:0.34152 rec_loss:1.09662 [35.19s]; best loss:0.36193, patience : 0
2026-09-14 02:03:02,737 P2231174 INFO pr:0.9137  rc:0.9861  auc:0.9995 ap:0.9942 f1: 0.9485 pred_right: 1058978 pred_wrong:37222 actu_right: 1061712 actu_wrong: 34488
2026-09-14 02:03:09,276 P2231174 INFO pr:0.9126  rc:0.9817  auc:0.9994 ap:0.9933 f1: 0.9459 pred_right: 453870 pred_wrong:15930 actu_right: 454992 actu_wrong: 14808
2026-09-14 02:03:09,278 P2231174 INFO ----------------------------------------------------------------------------------------------------
2026-09-14 02:03:09,278 P2231174 INFO 37/50 starting... lr: 0.001 para:0.02631578966975212
2026-09-14 02:03:54,078 P2231174 INFO Epoch 37/50, all_loss:0.40506 cls_loss:0.38621 rec_loss:1.10270 [44.80s]; best loss:0.36193, patience : 1
2026-09-14 02:04:11,293 P2231174 INFO pr:0.9267  rc:0.9834  auc:0.9994 ap:0.9955 f1: 0.9542 pred_right: 1059605 pred_wrong:36595 actu_right: 1061715 actu_wrong: 34485
2026-09-14 02:04:18,688 P2231174 INFO pr:0.9246  rc:0.9799  auc:0.9995 ap:0.9945 f1: 0.9514 pred_right: 454105 pred_wrong:15695 actu_right: 454992 actu_wrong: 14808
2026-09-14 02:04:18,689 P2231174 INFO ----------------------------------------------------------------------------------------------------
2026-09-14 02:04:18,690 P2231174 INFO 38/50 starting... lr: 0.001 para:0.025641025975346565
2026-09-14 02:04:54,769 P2231174 INFO Epoch 38/50, all_loss:0.36266 cls_loss:0.34253 rec_loss:1.12742 [36.08s]; best loss:0.36193, patience : 1
2026-09-14 02:05:11,043 P2231174 INFO pr:0.9350  rc:0.9781  auc:0.9997 ap:0.9951 f1: 0.9561 pred_right: 1060125 pred_wrong:36075 actu_right: 1061714 actu_wrong: 34486
2026-09-14 02:05:25,286 P2231174 INFO pr:0.9328  rc:0.9729  auc:0.9995 ap:0.9939 f1: 0.9524 pred_right: 454356 pred_wrong:15444 actu_right: 454992 actu_wrong: 14808
2026-09-14 02:05:25,306 P2231174 INFO ----------------------------------------------------------------------------------------------------
2026-09-14 02:05:25,306 P2231174 INFO 39/50 starting... lr: 0.001 para:0.02500000037252903
2026-09-14 02:06:04,096 P2231174 INFO Epoch 39/50, all_loss:0.34747 cls_loss:0.32743 rec_loss:1.12906 [38.78s]; best loss:0.34747, patience : 0
2026-09-14 02:06:21,690 P2231174 INFO pr:0.9498  rc:0.9620  auc:0.9996 ap:0.9953 f1: 0.9559 pred_right: 1061267 pred_wrong:34933 actu_right: 1061710 actu_wrong: 34490
2026-09-14 02:06:28,816 P2231174 INFO pr:0.9468  rc:0.9575  auc:0.9994 ap:0.9944 f1: 0.9522 pred_right: 454825 pred_wrong:14975 actu_right: 454992 actu_wrong: 14808
2026-09-14 02:06:28,818 P2231174 INFO ----------------------------------------------------------------------------------------------------
2026-09-14 02:06:28,818 P2231174 INFO 40/50 starting... lr: 0.001 para:0.024390242993831635
2026-09-14 02:07:05,152 P2231174 INFO Epoch 40/50, all_loss:0.36146 cls_loss:0.34218 rec_loss:1.13235 [36.33s]; best loss:0.34747, patience : 1
2026-09-14 02:07:20,001 P2231174 INFO pr:0.9144  rc:0.9877  auc:0.9996 ap:0.9949 f1: 0.9497 pred_right: 1058947 pred_wrong:37253 actu_right: 1061710 actu_wrong: 34490
2026-09-14 02:07:38,090 P2231174 INFO pr:0.9144  rc:0.9845  auc:0.9995 ap:0.9938 f1: 0.9481 pred_right: 453857 pred_wrong:15943 actu_right: 454992 actu_wrong: 14808
2026-09-14 02:07:38,092 P2231174 INFO ----------------------------------------------------------------------------------------------------
2026-09-14 02:07:38,092 P2231174 INFO 41/50 starting... lr: 0.001 para:0.02380952425301075
2026-09-14 02:08:13,991 P2231174 INFO Epoch 41/50, all_loss:0.37626 cls_loss:0.35748 rec_loss:1.14619 [35.90s]; best loss:0.34747, patience : 2
2026-09-14 02:08:31,313 P2231174 INFO pr:0.9604  rc:0.9481  auc:0.9991 ap:0.9956 f1: 0.9542 pred_right: 1062151 pred_wrong:34049 actu_right: 1061711 actu_wrong: 34489
2026-09-14 02:08:38,238 P2231174 INFO pr:0.9586  rc:0.9418  auc:0.9990 ap:0.9947 f1: 0.9501 pred_right: 455251 pred_wrong:14549 actu_right: 454992 actu_wrong: 14808
2026-09-14 02:08:38,239 P2231174 INFO ----------------------------------------------------------------------------------------------------
2026-09-14 02:08:38,239 P2231174 INFO 42/50 starting... lr: 0.001 para:0.023255813866853714
2026-09-14 02:09:15,219 P2231174 INFO Epoch 42/50, all_loss:0.36215 cls_loss:0.34360 rec_loss:1.14124 [36.98s]; best loss:0.34747, patience : 2
2026-09-14 02:09:28,797 P2231174 INFO pr:0.9450  rc:0.9624  auc:0.9996 ap:0.9958 f1: 0.9536 pred_right: 1061078 pred_wrong:35122 actu_right: 1061713 actu_wrong: 34487
2026-09-14 02:09:49,100 P2231174 INFO pr:0.9419  rc:0.9587  auc:0.9995 ap:0.9947 f1: 0.9502 pred_right: 454727 pred_wrong:15073 actu_right: 454992 actu_wrong: 14808
2026-09-14 02:09:49,102 P2231174 INFO ----------------------------------------------------------------------------------------------------
2026-09-14 02:09:49,102 P2231174 INFO 43/50 starting... lr: 0.001 para:0.022727273404598236
2026-09-14 02:10:24,257 P2231174 INFO Epoch 43/50, all_loss:0.34160 cls_loss:0.32255 rec_loss:1.16086 [35.15s]; best loss:0.34160, patience : 0
2026-09-14 02:10:41,367 P2231174 INFO pr:0.9421  rc:0.9786  auc:0.9996 ap:0.9959 f1: 0.9600 pred_right: 1060370 pred_wrong:35830 actu_right: 1061708 actu_wrong: 34492
2026-09-14 02:10:48,569 P2231174 INFO pr:0.9414  rc:0.9735  auc:0.9995 ap:0.9949 f1: 0.9572 pred_right: 454487 pred_wrong:15313 actu_right: 454992 actu_wrong: 14808
2026-09-14 02:10:48,575 P2231174 INFO ----------------------------------------------------------------------------------------------------
2026-09-14 02:10:48,577 P2231174 INFO 44/50 starting... lr: 0.001 para:0.02222222276031971
2026-09-14 02:11:23,918 P2231174 INFO Epoch 44/50, all_loss:0.33148 cls_loss:0.31233 rec_loss:1.17416 [35.34s]; best loss:0.33148, patience : 0
2026-09-14 02:11:39,771 P2231174 INFO pr:0.9536  rc:0.9638  auc:0.9996 ap:0.9956 f1: 0.9586 pred_right: 1061336 pred_wrong:34864 actu_right: 1061706 actu_wrong: 34494
2026-09-14 02:11:57,551 P2231174 INFO pr:0.9523  rc:0.9582  auc:0.9995 ap:0.9948 f1: 0.9552 pred_right: 454900 pred_wrong:14900 actu_right: 454992 actu_wrong: 14808
2026-09-14 02:11:57,552 P2231174 INFO ----------------------------------------------------------------------------------------------------
2026-09-14 02:11:57,552 P2231174 INFO 45/50 starting... lr: 0.001 para:0.021739130839705467
2026-09-14 02:12:31,897 P2231174 INFO Epoch 45/50, all_loss:0.33077 cls_loss:0.31173 rec_loss:1.18758 [34.34s]; best loss:0.33077, patience : 0
2026-09-14 02:12:49,068 P2231174 INFO pr:0.9437  rc:0.9783  auc:0.9996 ap:0.9959 f1: 0.9607 pred_right: 1060443 pred_wrong:35757 actu_right: 1061709 actu_wrong: 34491
2026-09-14 02:12:56,342 P2231174 INFO pr:0.9432  rc:0.9736  auc:0.9995 ap:0.9950 f1: 0.9582 pred_right: 454515 pred_wrong:15285 actu_right: 454992 actu_wrong: 14808
2026-09-14 02:12:56,348 P2231174 INFO ----------------------------------------------------------------------------------------------------
2026-09-14 02:12:56,348 P2231174 INFO 46/50 starting... lr: 0.001 para:0.021276595070958138
2026-09-14 02:13:31,575 P2231174 INFO Epoch 46/50, all_loss:0.31968 cls_loss:0.30060 rec_loss:1.19738 [35.22s]; best loss:0.31968, patience : 0
2026-09-14 02:13:54,116 P2231174 INFO pr:0.9330  rc:0.9823  auc:0.9997 ap:0.9961 f1: 0.9570 pred_right: 1059889 pred_wrong:36311 actu_right: 1061710 actu_wrong: 34490
2026-09-14 02:14:06,342 P2231174 INFO pr:0.9298  rc:0.9772  auc:0.9995 ap:0.9950 f1: 0.9529 pred_right: 454237 pred_wrong:15563 actu_right: 454992 actu_wrong: 14808
2026-09-14 02:14:06,343 P2231174 INFO ----------------------------------------------------------------------------------------------------
2026-09-14 02:14:06,344 P2231174 INFO 47/50 starting... lr: 0.001 para:0.02083333395421505
2026-09-14 02:14:39,701 P2231174 INFO Epoch 47/50, all_loss:0.33868 cls_loss:0.32047 rec_loss:1.19418 [33.36s]; best loss:0.31968, patience : 1
2026-09-14 02:14:57,379 P2231174 INFO pr:0.9297  rc:0.9879  auc:0.9997 ap:0.9950 f1: 0.9579 pred_right: 1059555 pred_wrong:36645 actu_right: 1061715 actu_wrong: 34485
2026-09-14 02:15:04,923 P2231174 INFO pr:0.9285  rc:0.9845  auc:0.9995 ap:0.9943 f1: 0.9557 pred_right: 454100 pred_wrong:15700 actu_right: 454992 actu_wrong: 14808
2026-09-14 02:15:04,924 P2231174 INFO ----------------------------------------------------------------------------------------------------
2026-09-14 02:15:04,924 P2231174 INFO 48/50 starting... lr: 0.001 para:0.020408162847161293
2026-09-14 02:15:40,291 P2231174 INFO Epoch 48/50, all_loss:0.32130 cls_loss:0.30297 rec_loss:1.20123 [35.37s]; best loss:0.31968, patience : 1
2026-09-14 02:15:59,974 P2231174 INFO pr:0.9424  rc:0.9820  auc:0.9997 ap:0.9963 f1: 0.9618 pred_right: 1060258 pred_wrong:35942 actu_right: 1061708 actu_wrong: 34492
2026-09-14 02:16:13,736 P2231174 INFO pr:0.9392  rc:0.9780  auc:0.9995 ap:0.9951 f1: 0.9582 pred_right: 454380 pred_wrong:15420 actu_right: 454992 actu_wrong: 14808
2026-09-14 02:16:13,742 P2231174 INFO ----------------------------------------------------------------------------------------------------
2026-09-14 02:16:13,742 P2231174 INFO 49/50 starting... lr: 0.001 para:0.019999999552965164
2026-09-14 02:16:48,576 P2231174 INFO Epoch 49/50, all_loss:0.31480 cls_loss:0.29640 rec_loss:1.21661 [34.83s]; best loss:0.31480, patience : 0
2026-09-14 02:17:06,577 P2231174 INFO pr:0.9376  rc:0.9844  auc:0.9997 ap:0.9963 f1: 0.9604 pred_right: 1059991 pred_wrong:36209 actu_right: 1061711 actu_wrong: 34489
2026-09-14 02:17:14,131 P2231174 INFO pr:0.9345  rc:0.9801  auc:0.9995 ap:0.9949 f1: 0.9568 pred_right: 454270 pred_wrong:15530 actu_right: 454992 actu_wrong: 14808
2026-09-14 02:17:14,132 P2231174 INFO saving model...
2026-09-14 02:17:14,133 P2231174 INFO FITS_Legendre - loss  best score:0.3148021101951599 at epoch 49
2026-09-14 02:17:14,140 P2231174 INFO FITS_Legendre - f1  best score:0.961751426867706 at epoch 48
2026-09-14 02:17:14,146 P2231174 INFO Average training time per epoch: 38.62 seconds
2026-09-14 02:17:14,147 P2231174 INFO calculate scores...
2026-09-14 02:17:14,147 P2231174 INFO calculate label with loss...
2026-09-14 02:17:14,147 P2231174 INFO FITS_Legendre on ./result/server_only_exps/Ablations_updatedFreDF/FITS_Legendre-TT-Epochs50-Seed1-ExpNameRQ2z5_basis_degree_comparison-LPFLPF-Attnlinear_attn-NormLinTrue-RecLambda1.0-AuxiLambda0.2-lowshow-simplegraph-Degree9-BasisTypelegendre loading...
2026-09-14 02:17:21,332 P2231174 INFO pr:0.9345  rc:0.9801  auc:0.9995 ap:0.9949 f1: 0.9568 pred_right: 454270 pred_wrong:15530 actu_right: 454992 actu_wrong: 14808
2026-09-14 02:17:33,283 P2231174 INFO pr:0.9345  rc:0.9801  auc:0.9995 ap:0.9949 f1: 0.9568 pred_right: 454270 pred_wrong:15530 actu_right: 454992 actu_wrong: 14808
2026-09-14 02:17:33,287 P2231174 INFO Performance Summary:
{'GPU': {'inference_time_per_sample_ms': 0.3695125260117681, 'throughput_samples_per_sec': 2706.2682036607125, 'peak_memory_mb': 87.724609375, 'energy_per_sample_joules': 0.017869810514192112}, 'CPU': {'inference_time_per_sample_ms': 0.6356715334816724, 'throughput_samples_per_sec': 1573.1395026026157, 'peak_memory_mb': 5429.91015625, 'energy_per_sample_joules': 0.0413186496763087}}
2026-09-14 02:17:33,288 P2231174 INFO Starting clean-room hardware benchmarking...
2026-09-14 02:17:34,619 P2231174 INFO Performance with loss: pr:0.9345  rc:0.9801  auc:0.9995 ap:0.9949 f1: 0.9568 pred_right: 454270 pred_wrong:15530 actu_right: 454992 actu_wrong: 14808
2026-09-14 02:17:34,619 P2231174 INFO calculate label with f1...
2026-09-14 02:17:34,620 P2231174 INFO FITS_Legendre on ./result/server_only_exps/Ablations_updatedFreDF/FITS_Legendre-TT-Epochs50-Seed1-ExpNameRQ2z5_basis_degree_comparison-LPFLPF-Attnlinear_attn-NormLinTrue-RecLambda1.0-AuxiLambda0.2-lowshow-simplegraph-Degree9-BasisTypelegendre loading...
2026-09-14 02:17:42,412 P2231174 INFO pr:0.9392  rc:0.9780  auc:0.9995 ap:0.9951 f1: 0.9582 pred_right: 454380 pred_wrong:15420 actu_right: 454992 actu_wrong: 14808
2026-09-14 02:17:54,742 P2231174 INFO pr:0.9392  rc:0.9780  auc:0.9995 ap:0.9951 f1: 0.9582 pred_right: 454380 pred_wrong:15420 actu_right: 454992 actu_wrong: 14808
2026-09-14 02:17:54,743 P2231174 INFO Performance Summary:
{'GPU': {'inference_time_per_sample_ms': 0.4067813071810419, 'throughput_samples_per_sec': 2458.3233849409417, 'peak_memory_mb': 87.220703125, 'energy_per_sample_joules': 0.021029169846684733}, 'CPU': {'inference_time_per_sample_ms': 0.663123913665316, 'throughput_samples_per_sec': 1508.0137805205259, 'peak_memory_mb': 5438.26953125, 'energy_per_sample_joules': 0.04310305438824554}}
2026-09-14 02:17:54,743 P2231174 INFO Starting clean-room hardware benchmarking...
2026-09-14 02:17:55,843 P2231174 INFO Performance with f1: pr:0.9392  rc:0.9780  auc:0.9995 ap:0.9951 f1: 0.9582 pred_right: 454380 pred_wrong:15420 actu_right: 454992 actu_wrong: 14808
2026-09-14 02:17:55,843 P2231174 INFO Collecting case-study samples...
