2026-07-23 19:21:31,948 P278153 INFO ---- Model: ----MSTGAD-98eb901a----random_seed : 2----req_loss_approach : Legendre-style----rec_lambda : 1.0----auxi_lambda : 0.2----Freq Domain : FITS_Legendre----Multi Fits : false----train : True----evaluate : False
2026-07-23 19:21:31,949 P278153 INFO Load from /home/db2003/Desktop/Amr/Tests/Eadro/codes/chunks/TT
2026-07-23 19:21:43,783 P278153 INFO Fewshot: training with 1.0 of the 70% of the data
2026-07-23 19:21:43,875 P278153 INFO Trainable Parameters Breakdown:
2026-07-23 19:21:43,875 P278153 INFO --------------------------------------------------------------------------------
2026-07-23 19:21:43,875 P278153 INFO Reconstruction-Specific Parameters:
2026-07-23 19:21:43,875 P278153 INFO node_emb.linear.weight                   | shape: (8, 7)                    | params: 56
2026-07-23 19:21:43,875 P278153 INFO node_emb.linear.bias                     | shape: (8,)                      | params: 8
2026-07-23 19:21:43,875 P278153 INFO log_emb.linear.weight                    | shape: (32, 60)                  | params: 1,920
2026-07-23 19:21:43,875 P278153 INFO log_emb.linear.bias                      | shape: (32,)                     | params: 32
2026-07-23 19:21:43,876 P278153 INFO egde_emb.linear.weight                   | shape: (8, 2)                    | params: 16
2026-07-23 19:21:43,876 P278153 INFO egde_emb.linear.bias                     | shape: (8,)                      | params: 8
2026-07-23 19:21:43,876 P278153 INFO dense_node.weight                        | shape: (7, 8)                    | params: 56
2026-07-23 19:21:43,876 P278153 INFO dense_node.bias                          | shape: (7,)                      | params: 7
2026-07-23 19:21:43,876 P278153 INFO dense_log.weight                         | shape: (60, 32)                  | params: 1,920
2026-07-23 19:21:43,876 P278153 INFO dense_log.bias                           | shape: (60,)                     | params: 60
2026-07-23 19:21:43,876 P278153 INFO dense_edge.weight                        | shape: (2, 8)                    | params: 16
2026-07-23 19:21:43,876 P278153 INFO dense_edge.bias                          | shape: (2,)                      | params: 2
2026-07-23 19:21:43,876 P278153 INFO linear_attn.Wq.weight                    | shape: (10, 10)                  | params: 100
2026-07-23 19:21:43,876 P278153 INFO linear_attn.Wk.weight                    | shape: (10, 10)                  | params: 100
2026-07-23 19:21:43,876 P278153 INFO linear_attn.Wv.weight                    | shape: (10, 10)                  | params: 100
2026-07-23 19:21:43,876 P278153 INFO linear_attn.out.weight                   | shape: (10, 10)                  | params: 100
2026-07-23 19:21:43,876 P278153 INFO linear_attn.out.bias                     | shape: (10,)                     | params: 10
2026-07-23 19:21:43,876 P278153 INFO linear_attn.norm.weight                  | shape: (10,)                     | params: 10
2026-07-23 19:21:43,876 P278153 INFO linear_attn.norm.bias                    | shape: (10,)                     | params: 10
2026-07-23 19:21:43,876 P278153 INFO shared_fits.normlin_W                    | shape: (5, 5)                    | params: 25
2026-07-23 19:21:43,876 P278153 INFO shared_fits.freq_upsampler.weight        | shape: (5, 5)                    | params: 25
2026-07-23 19:21:43,876 P278153 INFO shared_fits.freq_upsampler.bias          | shape: (5,)                      | params: 5
2026-07-23 19:21:43,876 P278153 INFO modality_proj.node.weight                | shape: (10, 8)                   | params: 80
2026-07-23 19:21:43,876 P278153 INFO modality_proj.node.bias                  | shape: (10,)                     | params: 10
2026-07-23 19:21:43,876 P278153 INFO modality_proj.log.weight                 | shape: (10, 32)                  | params: 320
2026-07-23 19:21:43,876 P278153 INFO modality_proj.log.bias                   | shape: (10,)                     | params: 10
2026-07-23 19:21:43,876 P278153 INFO modality_proj.edge.weight                | shape: (10, 8)                   | params: 80
2026-07-23 19:21:43,877 P278153 INFO modality_proj.edge.bias                  | shape: (10,)                     | params: 10
2026-07-23 19:21:43,877 P278153 INFO modality_proj_out.node.weight            | shape: (8, 10)                   | params: 80
2026-07-23 19:21:43,877 P278153 INFO modality_proj_out.node.bias              | shape: (8,)                      | params: 8
2026-07-23 19:21:43,877 P278153 INFO modality_proj_out.log.weight             | shape: (32, 10)                  | params: 320
2026-07-23 19:21:43,877 P278153 INFO modality_proj_out.log.bias               | shape: (32,)                     | params: 32
2026-07-23 19:21:43,877 P278153 INFO modality_proj_out.edge.weight            | shape: (8, 10)                   | params: 80
2026-07-23 19:21:43,877 P278153 INFO modality_proj_out.edge.bias              | shape: (8,)                      | params: 8
2026-07-23 19:21:43,877 P278153 INFO Subtotal: 5,624
2026-07-23 19:21:43,877 P278153 INFO --------------------------------------------------------------------------------
2026-07-23 19:21:43,877 P278153 INFO Common Parameters:
2026-07-23 19:21:43,877 P278153 INFO show.0.weight                            | shape: (128, 69)                 | params: 8,832
2026-07-23 19:21:43,877 P278153 INFO show.0.bias                              | shape: (128,)                    | params: 128
2026-07-23 19:21:43,877 P278153 INFO show.2.weight                            | shape: (2, 128)                  | params: 256
2026-07-23 19:21:43,877 P278153 INFO show.2.bias                              | shape: (2,)                      | params: 2
2026-07-23 19:21:43,877 P278153 INFO Subtotal: 9,218
2026-07-23 19:21:43,877 P278153 INFO --------------------------------------------------------------------------------
2026-07-23 19:21:43,877 P278153 INFO Total Trainable Parameters: 14,842

2026-07-23 19:21:43,877 P278153 INFO Trainable Parameters: 14842, reconstruction: 5624, common: 9218
2026-07-23 19:21:43,877 P278153 INFO model : init weight
2026-07-23 19:21:43,878 P278153 INFO Using GPU...
2026-07-23 19:21:43,883 P278153 INFO optimizer : using AdaBelief
2026-07-23 19:21:43,883 P278153 INFO ----------------------------------------------------------------------------------------------------
2026-07-23 19:21:43,883 P278153 INFO 0/50 starting... lr: 0.001 para:1.0
2026-07-23 19:22:03,339 P278153 INFO Epoch 0/50, all_loss:0.06123 cls_loss:31.54783 rec_loss:0.06123 [19.45s]; best loss:0.06123, patience : 0
2026-07-23 19:22:03,339 P278153 INFO ----------------------------------------------------------------------------------------------------
2026-07-23 19:22:03,339 P278153 INFO 1/50 starting... lr: 0.001 para:0.5
2026-07-23 19:22:26,805 P278153 INFO Epoch 1/50, all_loss:2.37817 cls_loss:4.52852 rec_loss:0.22782 [23.46s]; best loss:2.37817, patience : 0
2026-07-23 19:22:26,805 P278153 INFO ----------------------------------------------------------------------------------------------------
2026-07-23 19:22:26,805 P278153 INFO 2/50 starting... lr: 0.001 para:0.3333333432674408
2026-07-23 19:22:45,436 P278153 INFO Epoch 2/50, all_loss:1.63043 cls_loss:2.29262 rec_loss:0.30605 [18.63s]; best loss:1.63043, patience : 0
2026-07-23 19:22:55,082 P278153 INFO pr:0.8643  rc:0.5412  auc:0.9865 ap:0.8953 f1: 0.6656 pred_right: 1074601 pred_wrong:21599 actu_right: 1061707 actu_wrong: 34493
2026-07-23 19:22:59,005 P278153 INFO pr:0.8674  rc:0.5440  auc:0.9867 ap:0.8965 f1: 0.6686 pred_right: 460514 pred_wrong:9286 actu_right: 454992 actu_wrong: 14808
2026-07-23 19:22:59,009 P278153 INFO ----------------------------------------------------------------------------------------------------
2026-07-23 19:22:59,009 P278153 INFO 3/50 starting... lr: 0.001 para:0.25
2026-07-23 19:23:17,478 P278153 INFO Epoch 3/50, all_loss:1.62302 cls_loss:2.06110 rec_loss:0.30878 [18.47s]; best loss:1.62302, patience : 0
2026-07-23 19:23:27,076 P278153 INFO pr:0.9030  rc:0.5290  auc:0.9898 ap:0.9076 f1: 0.6672 pred_right: 1075994 pred_wrong:20206 actu_right: 1061708 actu_wrong: 34492
2026-07-23 19:23:31,132 P278153 INFO pr:0.9049  rc:0.5297  auc:0.9900 ap:0.9082 f1: 0.6683 pred_right: 461132 pred_wrong:8668 actu_right: 454992 actu_wrong: 14808
2026-07-23 19:23:31,136 P278153 INFO ----------------------------------------------------------------------------------------------------
2026-07-23 19:23:31,136 P278153 INFO 4/50 starting... lr: 0.001 para:0.20000000298023224
2026-07-23 19:23:49,205 P278153 INFO Epoch 4/50, all_loss:1.57991 cls_loss:1.88902 rec_loss:0.34350 [18.06s]; best loss:1.57991, patience : 0
2026-07-23 19:24:08,244 P278153 INFO pr:0.8326  rc:0.6179  auc:0.9916 ap:0.9193 f1: 0.7094 pred_right: 1070601 pred_wrong:25599 actu_right: 1061706 actu_wrong: 34494
2026-07-23 19:24:12,306 P278153 INFO pr:0.8355  rc:0.6154  auc:0.9916 ap:0.9193 f1: 0.7088 pred_right: 458893 pred_wrong:10907 actu_right: 454992 actu_wrong: 14808
2026-07-23 19:24:12,311 P278153 INFO ----------------------------------------------------------------------------------------------------
2026-07-23 19:24:12,311 P278153 INFO 5/50 starting... lr: 0.001 para:0.1666666716337204
2026-07-23 19:24:30,821 P278153 INFO Epoch 5/50, all_loss:1.54767 cls_loss:1.78383 rec_loss:0.36689 [18.51s]; best loss:1.54767, patience : 0
2026-07-23 19:24:40,333 P278153 INFO pr:0.9420  rc:0.5166  auc:0.9923 ap:0.9267 f1: 0.6673 pred_right: 1077284 pred_wrong:18916 actu_right: 1061711 actu_wrong: 34489
2026-07-23 19:24:44,495 P278153 INFO pr:0.9429  rc:0.5140  auc:0.9924 ap:0.9274 f1: 0.6654 pred_right: 461727 pred_wrong:8073 actu_right: 454992 actu_wrong: 14808
2026-07-23 19:24:44,495 P278153 INFO ----------------------------------------------------------------------------------------------------
2026-07-23 19:24:44,495 P278153 INFO 6/50 starting... lr: 0.001 para:0.1428571492433548
2026-07-23 19:25:02,971 P278153 INFO Epoch 6/50, all_loss:1.52458 cls_loss:1.71292 rec_loss:0.39456 [18.47s]; best loss:1.52458, patience : 0
2026-07-23 19:25:14,761 P278153 INFO pr:0.9029  rc:0.5723  auc:0.9931 ap:0.9329 f1: 0.7006 pred_right: 1074336 pred_wrong:21864 actu_right: 1061709 actu_wrong: 34491
2026-07-23 19:25:18,043 P278153 INFO pr:0.9076  rc:0.5731  auc:0.9933 ap:0.9340 f1: 0.7025 pred_right: 460450 pred_wrong:9350 actu_right: 454992 actu_wrong: 14808
2026-07-23 19:25:18,044 P278153 INFO ----------------------------------------------------------------------------------------------------
2026-07-23 19:25:18,044 P278153 INFO 7/50 starting... lr: 0.001 para:0.125
2026-07-23 19:25:43,255 P278153 INFO Epoch 7/50, all_loss:1.49357 cls_loss:1.64581 rec_loss:0.42790 [25.21s]; best loss:1.49357, patience : 0
2026-07-23 19:25:53,481 P278153 INFO pr:0.9123  rc:0.5953  auc:0.9940 ap:0.9390 f1: 0.7205 pred_right: 1073695 pred_wrong:22505 actu_right: 1061710 actu_wrong: 34490
2026-07-23 19:25:57,774 P278153 INFO pr:0.9180  rc:0.5962  auc:0.9940 ap:0.9402 f1: 0.7229 pred_right: 460182 pred_wrong:9618 actu_right: 454992 actu_wrong: 14808
2026-07-23 19:25:57,778 P278153 INFO ----------------------------------------------------------------------------------------------------
2026-07-23 19:25:57,779 P278153 INFO 8/50 starting... lr: 0.001 para:0.1111111119389534
2026-07-23 19:26:16,452 P278153 INFO Epoch 8/50, all_loss:1.44062 cls_loss:1.56578 rec_loss:0.43931 [18.67s]; best loss:1.44062, patience : 0
2026-07-23 19:26:26,546 P278153 INFO pr:0.8603  rc:0.6756  auc:0.9946 ap:0.9423 f1: 0.7569 pred_right: 1069112 pred_wrong:27088 actu_right: 1061707 actu_wrong: 34493
2026-07-23 19:26:30,395 P278153 INFO pr:0.8653  rc:0.6735  auc:0.9946 ap:0.9433 f1: 0.7574 pred_right: 458274 pred_wrong:11526 actu_right: 454992 actu_wrong: 14808
2026-07-23 19:26:30,399 P278153 INFO ----------------------------------------------------------------------------------------------------
2026-07-23 19:26:30,399 P278153 INFO 9/50 starting... lr: 0.001 para:0.10000000149011612
2026-07-23 19:26:49,914 P278153 INFO Epoch 9/50, all_loss:1.37852 cls_loss:1.47768 rec_loss:0.48612 [19.51s]; best loss:1.37852, patience : 0
2026-07-23 19:26:58,516 P278153 INFO pr:0.8481  rc:0.7368  auc:0.9956 ap:0.9508 f1: 0.7885 pred_right: 1066239 pred_wrong:29961 actu_right: 1061712 actu_wrong: 34488
2026-07-23 19:27:03,932 P278153 INFO pr:0.8571  rc:0.7349  auc:0.9954 ap:0.9514 f1: 0.7913 pred_right: 457103 pred_wrong:12697 actu_right: 454992 actu_wrong: 14808
2026-07-23 19:27:03,941 P278153 INFO ----------------------------------------------------------------------------------------------------
2026-07-23 19:27:03,942 P278153 INFO 10/50 starting... lr: 0.001 para:0.09090909361839294
2026-07-23 19:27:28,796 P278153 INFO Epoch 10/50, all_loss:1.27140 cls_loss:1.34333 rec_loss:0.55210 [24.85s]; best loss:1.27140, patience : 0
2026-07-23 19:27:38,773 P278153 INFO pr:0.8967  rc:0.7307  auc:0.9965 ap:0.9600 f1: 0.8052 pred_right: 1068094 pred_wrong:28106 actu_right: 1061709 actu_wrong: 34491
2026-07-23 19:27:42,633 P278153 INFO pr:0.9027  rc:0.7293  auc:0.9963 ap:0.9605 f1: 0.8068 pred_right: 457836 pred_wrong:11964 actu_right: 454992 actu_wrong: 14808
2026-07-23 19:27:42,637 P278153 INFO ----------------------------------------------------------------------------------------------------
2026-07-23 19:27:42,637 P278153 INFO 11/50 starting... lr: 0.001 para:0.0833333358168602
2026-07-23 19:28:00,876 P278153 INFO Epoch 11/50, all_loss:1.18718 cls_loss:1.23874 rec_loss:0.62003 [18.23s]; best loss:1.18718, patience : 0
2026-07-23 19:28:10,379 P278153 INFO pr:0.8474  rc:0.7921  auc:0.9961 ap:0.9578 f1: 0.8188 pred_right: 1063963 pred_wrong:32237 actu_right: 1061715 actu_wrong: 34485
2026-07-23 19:28:14,465 P278153 INFO pr:0.8535  rc:0.7891  auc:0.9958 ap:0.9575 f1: 0.8200 pred_right: 456109 pred_wrong:13691 actu_right: 454992 actu_wrong: 14808
2026-07-23 19:28:14,469 P278153 INFO ----------------------------------------------------------------------------------------------------
2026-07-23 19:28:14,469 P278153 INFO 12/50 starting... lr: 0.001 para:0.07692307978868484
2026-07-23 19:28:32,869 P278153 INFO Epoch 12/50, all_loss:1.13861 cls_loss:1.17629 rec_loss:0.68641 [18.40s]; best loss:1.13861, patience : 0
2026-07-23 19:28:45,884 P278153 INFO pr:0.8897  rc:0.7878  auc:0.9967 ap:0.9661 f1: 0.8356 pred_right: 1065663 pred_wrong:30537 actu_right: 1061711 actu_wrong: 34489
2026-07-23 19:28:54,011 P278153 INFO pr:0.8953  rc:0.7840  auc:0.9965 ap:0.9663 f1: 0.8360 pred_right: 456834 pred_wrong:12966 actu_right: 454992 actu_wrong: 14808
2026-07-23 19:28:54,015 P278153 INFO ----------------------------------------------------------------------------------------------------
2026-07-23 19:28:54,015 P278153 INFO 13/50 starting... lr: 0.001 para:0.0714285746216774
2026-07-23 19:29:12,765 P278153 INFO Epoch 13/50, all_loss:1.06678 cls_loss:1.09053 rec_loss:0.75811 [18.75s]; best loss:1.06678, patience : 0
2026-07-23 19:29:22,430 P278153 INFO pr:0.8260  rc:0.9107  auc:0.9978 ap:0.9719 f1: 0.8663 pred_right: 1058178 pred_wrong:38022 actu_right: 1061713 actu_wrong: 34487
2026-07-23 19:29:26,514 P278153 INFO pr:0.8271  rc:0.9078  auc:0.9976 ap:0.9715 f1: 0.8656 pred_right: 453548 pred_wrong:16252 actu_right: 454992 actu_wrong: 14808
2026-07-23 19:29:26,518 P278153 INFO ----------------------------------------------------------------------------------------------------
2026-07-23 19:29:26,518 P278153 INFO 14/50 starting... lr: 0.001 para:0.06666667014360428
2026-07-23 19:29:44,997 P278153 INFO Epoch 14/50, all_loss:0.98197 cls_loss:0.99210 rec_loss:0.84016 [18.47s]; best loss:0.98197, patience : 0
2026-07-23 19:29:54,726 P278153 INFO pr:0.9031  rc:0.8270  auc:0.9977 ap:0.9756 f1: 0.8634 pred_right: 1064612 pred_wrong:31588 actu_right: 1061707 actu_wrong: 34493
2026-07-23 19:29:59,135 P278153 INFO pr:0.9078  rc:0.8256  auc:0.9978 ap:0.9760 f1: 0.8648 pred_right: 456333 pred_wrong:13467 actu_right: 454992 actu_wrong: 14808
2026-07-23 19:29:59,136 P278153 INFO ----------------------------------------------------------------------------------------------------
2026-07-23 19:29:59,136 P278153 INFO 15/50 starting... lr: 0.001 para:0.0625
2026-07-23 19:30:17,820 P278153 INFO Epoch 15/50, all_loss:0.94262 cls_loss:0.94565 rec_loss:0.89723 [18.68s]; best loss:0.94262, patience : 0
2026-07-23 19:30:36,307 P278153 INFO pr:0.9281  rc:0.7663  auc:0.9983 ap:0.9767 f1: 0.8394 pred_right: 1067724 pred_wrong:28476 actu_right: 1061710 actu_wrong: 34490
2026-07-23 19:30:40,632 P278153 INFO pr:0.9301  rc:0.7651  auc:0.9982 ap:0.9763 f1: 0.8396 pred_right: 457619 pred_wrong:12181 actu_right: 454992 actu_wrong: 14808
2026-07-23 19:30:40,633 P278153 INFO ----------------------------------------------------------------------------------------------------
2026-07-23 19:30:40,633 P278153 INFO 16/50 starting... lr: 0.001 para:0.05882352963089943
2026-07-23 19:30:59,280 P278153 INFO Epoch 16/50, all_loss:0.88670 cls_loss:0.88239 rec_loss:0.95576 [18.64s]; best loss:0.88670, patience : 0
2026-07-23 19:31:08,821 P278153 INFO pr:0.9133  rc:0.8379  auc:0.9981 ap:0.9787 f1: 0.8740 pred_right: 1064557 pred_wrong:31643 actu_right: 1061709 actu_wrong: 34491
2026-07-23 19:31:12,695 P278153 INFO pr:0.9139  rc:0.8370  auc:0.9980 ap:0.9785 f1: 0.8738 pred_right: 456237 pred_wrong:13563 actu_right: 454992 actu_wrong: 14808
2026-07-23 19:31:12,700 P278153 INFO ----------------------------------------------------------------------------------------------------
2026-07-23 19:31:12,700 P278153 INFO 17/50 starting... lr: 0.001 para:0.0555555559694767
2026-07-23 19:31:31,377 P278153 INFO Epoch 17/50, all_loss:0.83228 cls_loss:0.82237 rec_loss:1.00073 [18.67s]; best loss:0.83228, patience : 0
2026-07-23 19:31:41,649 P278153 INFO pr:0.8763  rc:0.9388  auc:0.9984 ap:0.9832 f1: 0.9065 pred_right: 1059250 pred_wrong:36950 actu_right: 1061713 actu_wrong: 34487
2026-07-23 19:31:45,703 P278153 INFO pr:0.8785  rc:0.9381  auc:0.9984 ap:0.9832 f1: 0.9073 pred_right: 453986 pred_wrong:15814 actu_right: 454992 actu_wrong: 14808
2026-07-23 19:31:45,707 P278153 INFO ----------------------------------------------------------------------------------------------------
2026-07-23 19:31:45,707 P278153 INFO 18/50 starting... lr: 0.001 para:0.05263157933950424
2026-07-23 19:32:10,699 P278153 INFO Epoch 18/50, all_loss:0.82169 cls_loss:0.81140 rec_loss:1.00695 [24.99s]; best loss:0.82169, patience : 0
2026-07-23 19:32:20,882 P278153 INFO pr:0.8957  rc:0.9233  auc:0.9989 ap:0.9842 f1: 0.9093 pred_right: 1060646 pred_wrong:35554 actu_right: 1061712 actu_wrong: 34488
2026-07-23 19:32:25,241 P278153 INFO pr:0.8973  rc:0.9188  auc:0.9987 ap:0.9842 f1: 0.9079 pred_right: 454637 pred_wrong:15163 actu_right: 454992 actu_wrong: 14808
2026-07-23 19:32:25,245 P278153 INFO ----------------------------------------------------------------------------------------------------
2026-07-23 19:32:25,245 P278153 INFO 19/50 starting... lr: 0.001 para:0.05000000074505806
2026-07-23 19:32:44,021 P278153 INFO Epoch 19/50, all_loss:0.78228 cls_loss:0.76827 rec_loss:1.04853 [18.77s]; best loss:0.78228, patience : 0
2026-07-23 19:32:53,792 P278153 INFO pr:0.9226  rc:0.8559  auc:0.9989 ap:0.9849 f1: 0.8880 pred_right: 1064207 pred_wrong:31993 actu_right: 1061712 actu_wrong: 34488
2026-07-23 19:32:58,054 P278153 INFO pr:0.9250  rc:0.8552  auc:0.9988 ap:0.9844 f1: 0.8887 pred_right: 456109 pred_wrong:13691 actu_right: 454992 actu_wrong: 14808
2026-07-23 19:32:58,055 P278153 INFO ----------------------------------------------------------------------------------------------------
2026-07-23 19:32:58,055 P278153 INFO 20/50 starting... lr: 0.001 para:0.0476190485060215
2026-07-23 19:33:18,190 P278153 INFO Epoch 20/50, all_loss:0.74025 cls_loss:0.72429 rec_loss:1.05938 [20.13s]; best loss:0.74025, patience : 0
2026-07-23 19:33:26,500 P278153 INFO pr:0.8918  rc:0.9386  auc:0.9985 ap:0.9849 f1: 0.9146 pred_right: 1059900 pred_wrong:36300 actu_right: 1061709 actu_wrong: 34491
2026-07-23 19:33:30,148 P278153 INFO pr:0.8934  rc:0.9380  auc:0.9985 ap:0.9849 f1: 0.9152 pred_right: 454253 pred_wrong:15547 actu_right: 454992 actu_wrong: 14808
2026-07-23 19:33:30,152 P278153 INFO ----------------------------------------------------------------------------------------------------
2026-07-23 19:33:30,152 P278153 INFO 21/50 starting... lr: 0.001 para:0.04545454680919647
2026-07-23 19:33:56,254 P278153 INFO Epoch 21/50, all_loss:0.72746 cls_loss:0.71030 rec_loss:1.08784 [26.10s]; best loss:0.72746, patience : 0
2026-07-23 19:34:05,950 P278153 INFO pr:0.9120  rc:0.9040  auc:0.9990 ap:0.9854 f1: 0.9080 pred_right: 1062011 pred_wrong:34189 actu_right: 1061710 actu_wrong: 34490
2026-07-23 19:34:10,092 P278153 INFO pr:0.9136  rc:0.9013  auc:0.9989 ap:0.9852 f1: 0.9074 pred_right: 455192 pred_wrong:14608 actu_right: 454992 actu_wrong: 14808
2026-07-23 19:34:10,093 P278153 INFO ----------------------------------------------------------------------------------------------------
2026-07-23 19:34:10,093 P278153 INFO 22/50 starting... lr: 0.001 para:0.043478261679410934
2026-07-23 19:34:29,119 P278153 INFO Epoch 22/50, all_loss:0.70609 cls_loss:0.68755 rec_loss:1.11395 [19.02s]; best loss:0.70609, patience : 0
2026-07-23 19:34:38,927 P278153 INFO pr:0.8998  rc:0.9263  auc:0.9986 ap:0.9867 f1: 0.9128 pred_right: 1060688 pred_wrong:35512 actu_right: 1061707 actu_wrong: 34493
2026-07-23 19:34:43,084 P278153 INFO pr:0.9006  rc:0.9224  auc:0.9986 ap:0.9860 f1: 0.9114 pred_right: 454634 pred_wrong:15166 actu_right: 454992 actu_wrong: 14808
2026-07-23 19:34:43,085 P278153 INFO ----------------------------------------------------------------------------------------------------
2026-07-23 19:34:43,085 P278153 INFO 23/50 starting... lr: 0.001 para:0.0416666679084301
2026-07-23 19:35:01,527 P278153 INFO Epoch 23/50, all_loss:0.68948 cls_loss:0.66966 rec_loss:1.14527 [18.44s]; best loss:0.68948, patience : 0
2026-07-23 19:35:15,354 P278153 INFO pr:0.9212  rc:0.9104  auc:0.9985 ap:0.9878 f1: 0.9158 pred_right: 1062110 pred_wrong:34090 actu_right: 1061707 actu_wrong: 34493
2026-07-23 19:35:23,008 P278153 INFO pr:0.9227  rc:0.9096  auc:0.9984 ap:0.9874 f1: 0.9161 pred_right: 455203 pred_wrong:14597 actu_right: 454992 actu_wrong: 14808
2026-07-23 19:35:23,013 P278153 INFO ----------------------------------------------------------------------------------------------------
2026-07-23 19:35:23,013 P278153 INFO 24/50 starting... lr: 0.001 para:0.03999999910593033
2026-07-23 19:35:41,804 P278153 INFO Epoch 24/50, all_loss:0.66840 cls_loss:0.64824 rec_loss:1.15232 [18.79s]; best loss:0.66840, patience : 0
2026-07-23 19:35:51,897 P278153 INFO pr:0.8928  rc:0.9523  auc:0.9989 ap:0.9868 f1: 0.9216 pred_right: 1059413 pred_wrong:36787 actu_right: 1061712 actu_wrong: 34488
2026-07-23 19:35:56,007 P278153 INFO pr:0.8966  rc:0.9495  auc:0.9987 ap:0.9862 f1: 0.9223 pred_right: 454119 pred_wrong:15681 actu_right: 454992 actu_wrong: 14808
2026-07-23 19:35:56,011 P278153 INFO ----------------------------------------------------------------------------------------------------
2026-07-23 19:35:56,011 P278153 INFO 25/50 starting... lr: 0.001 para:0.03846153989434242
2026-07-23 19:36:14,840 P278153 INFO Epoch 25/50, all_loss:0.64552 cls_loss:0.62349 rec_loss:1.19626 [18.82s]; best loss:0.64552, patience : 0
2026-07-23 19:36:25,101 P278153 INFO pr:0.9317  rc:0.8956  auc:0.9991 ap:0.9884 f1: 0.9133 pred_right: 1063045 pred_wrong:33155 actu_right: 1061711 actu_wrong: 34489
2026-07-23 19:36:29,667 P278153 INFO pr:0.9325  rc:0.8935  auc:0.9990 ap:0.9881 f1: 0.9126 pred_right: 455612 pred_wrong:14188 actu_right: 454992 actu_wrong: 14808
2026-07-23 19:36:29,668 P278153 INFO ----------------------------------------------------------------------------------------------------
2026-07-23 19:36:29,668 P278153 INFO 26/50 starting... lr: 0.001 para:0.03703703731298447
2026-07-23 19:36:55,442 P278153 INFO Epoch 26/50, all_loss:0.62198 cls_loss:0.59906 rec_loss:1.21772 [25.77s]; best loss:0.62198, patience : 0
2026-07-23 19:37:07,921 P278153 INFO pr:0.8609  rc:0.9812  auc:0.9988 ap:0.9878 f1: 0.9171 pred_right: 1056888 pred_wrong:39312 actu_right: 1061708 actu_wrong: 34492
2026-07-23 19:37:12,068 P278153 INFO pr:0.8602  rc:0.9784  auc:0.9988 ap:0.9877 f1: 0.9155 pred_right: 452958 pred_wrong:16842 actu_right: 454992 actu_wrong: 14808
2026-07-23 19:37:12,069 P278153 INFO ----------------------------------------------------------------------------------------------------
2026-07-23 19:37:12,069 P278153 INFO 27/50 starting... lr: 0.001 para:0.0357142873108387
2026-07-23 19:37:31,845 P278153 INFO Epoch 27/50, all_loss:0.61784 cls_loss:0.59517 rec_loss:1.23004 [19.77s]; best loss:0.61784, patience : 0
2026-07-23 19:37:42,484 P278153 INFO pr:0.9304  rc:0.9214  auc:0.9992 ap:0.9879 f1: 0.9259 pred_right: 1062045 pred_wrong:34155 actu_right: 1061712 actu_wrong: 34488
2026-07-23 19:37:46,820 P278153 INFO pr:0.9320  rc:0.9195  auc:0.9991 ap:0.9878 f1: 0.9257 pred_right: 455190 pred_wrong:14610 actu_right: 454992 actu_wrong: 14808
2026-07-23 19:37:46,824 P278153 INFO ----------------------------------------------------------------------------------------------------
2026-07-23 19:37:46,825 P278153 INFO 28/50 starting... lr: 0.001 para:0.03448275849223137
2026-07-23 19:38:06,264 P278153 INFO Epoch 28/50, all_loss:0.59169 cls_loss:0.56831 rec_loss:1.24640 [19.43s]; best loss:0.59169, patience : 0
2026-07-23 19:38:16,739 P278153 INFO pr:0.9257  rc:0.9321  auc:0.9993 ap:0.9900 f1: 0.9289 pred_right: 1061470 pred_wrong:34730 actu_right: 1061708 actu_wrong: 34492
2026-07-23 19:38:20,740 P278153 INFO pr:0.9249  rc:0.9297  auc:0.9991 ap:0.9894 f1: 0.9273 pred_right: 454915 pred_wrong:14885 actu_right: 454992 actu_wrong: 14808
2026-07-23 19:38:20,744 P278153 INFO ----------------------------------------------------------------------------------------------------
2026-07-23 19:38:20,744 P278153 INFO 29/50 starting... lr: 0.001 para:0.03333333507180214
2026-07-23 19:38:48,007 P278153 INFO Epoch 29/50, all_loss:0.57889 cls_loss:0.55438 rec_loss:1.28963 [27.26s]; best loss:0.57889, patience : 0
2026-07-23 19:38:58,121 P278153 INFO pr:0.8975  rc:0.9680  auc:0.9989 ap:0.9896 f1: 0.9314 pred_right: 1059004 pred_wrong:37196 actu_right: 1061710 actu_wrong: 34490
2026-07-23 19:39:02,503 P278153 INFO pr:0.8986  rc:0.9649  auc:0.9988 ap:0.9892 f1: 0.9305 pred_right: 453899 pred_wrong:15901 actu_right: 454992 actu_wrong: 14808
2026-07-23 19:39:02,508 P278153 INFO ----------------------------------------------------------------------------------------------------
2026-07-23 19:39:02,508 P278153 INFO 30/50 starting... lr: 0.001 para:0.032258063554763794
2026-07-23 19:39:22,217 P278153 INFO Epoch 30/50, all_loss:0.62624 cls_loss:0.60357 rec_loss:1.30632 [19.71s]; best loss:0.57889, patience : 1
2026-07-23 19:39:32,398 P278153 INFO pr:0.8938  rc:0.9770  auc:0.9990 ap:0.9911 f1: 0.9335 pred_right: 1058503 pred_wrong:37697 actu_right: 1061714 actu_wrong: 34486
2026-07-23 19:39:36,541 P278153 INFO pr:0.8973  rc:0.9749  auc:0.9991 ap:0.9903 f1: 0.9345 pred_right: 453711 pred_wrong:16089 actu_right: 454992 actu_wrong: 14808
2026-07-23 19:39:36,545 P278153 INFO ----------------------------------------------------------------------------------------------------
2026-07-23 19:39:36,545 P278153 INFO 31/50 starting... lr: 0.001 para:0.03125
2026-07-23 19:39:55,963 P278153 INFO Epoch 31/50, all_loss:0.55817 cls_loss:0.53365 rec_loss:1.31835 [19.41s]; best loss:0.55817, patience : 0
2026-07-23 19:40:10,231 P278153 INFO pr:0.9127  rc:0.9525  auc:0.9993 ap:0.9908 f1: 0.9322 pred_right: 1060207 pred_wrong:35993 actu_right: 1061711 actu_wrong: 34489
2026-07-23 19:40:18,624 P278153 INFO pr:0.9124  rc:0.9497  auc:0.9992 ap:0.9900 f1: 0.9306 pred_right: 454386 pred_wrong:15414 actu_right: 454992 actu_wrong: 14808
2026-07-23 19:40:18,625 P278153 INFO ----------------------------------------------------------------------------------------------------
2026-07-23 19:40:18,625 P278153 INFO 32/50 starting... lr: 0.001 para:0.03030303120613098
2026-07-23 19:40:38,509 P278153 INFO Epoch 32/50, all_loss:0.56143 cls_loss:0.53716 rec_loss:1.33825 [19.88s]; best loss:0.55817, patience : 1
2026-07-23 19:40:48,998 P278153 INFO pr:0.9181  rc:0.9611  auc:0.9994 ap:0.9914 f1: 0.9391 pred_right: 1060101 pred_wrong:36099 actu_right: 1061714 actu_wrong: 34486
2026-07-23 19:40:53,477 P278153 INFO pr:0.9175  rc:0.9581  auc:0.9992 ap:0.9899 f1: 0.9374 pred_right: 454336 pred_wrong:15464 actu_right: 454992 actu_wrong: 14808
2026-07-23 19:40:53,481 P278153 INFO ----------------------------------------------------------------------------------------------------
2026-07-23 19:40:53,481 P278153 INFO 33/50 starting... lr: 0.001 para:0.029411764815449715
2026-07-23 19:41:13,079 P278153 INFO Epoch 33/50, all_loss:0.55150 cls_loss:0.52706 rec_loss:1.35796 [19.59s]; best loss:0.55150, patience : 0
2026-07-23 19:41:23,473 P278153 INFO pr:0.9329  rc:0.9393  auc:0.9993 ap:0.9911 f1: 0.9361 pred_right: 1061476 pred_wrong:34724 actu_right: 1061713 actu_wrong: 34487
2026-07-23 19:41:28,838 P278153 INFO pr:0.9325  rc:0.9378  auc:0.9992 ap:0.9900 f1: 0.9352 pred_right: 454908 pred_wrong:14892 actu_right: 454992 actu_wrong: 14808
2026-07-23 19:41:28,838 P278153 INFO ----------------------------------------------------------------------------------------------------
2026-07-23 19:41:28,838 P278153 INFO 34/50 starting... lr: 0.001 para:0.02857142873108387
2026-07-23 19:41:54,218 P278153 INFO Epoch 34/50, all_loss:0.53544 cls_loss:0.51061 rec_loss:1.37982 [25.37s]; best loss:0.53544, patience : 0
2026-07-23 19:42:04,580 P278153 INFO pr:0.9180  rc:0.9633  auc:0.9993 ap:0.9915 f1: 0.9401 pred_right: 1060009 pred_wrong:36191 actu_right: 1061712 actu_wrong: 34488
2026-07-23 19:42:08,653 P278153 INFO pr:0.9182  rc:0.9596  auc:0.9991 ap:0.9906 f1: 0.9384 pred_right: 454324 pred_wrong:15476 actu_right: 454992 actu_wrong: 14808
2026-07-23 19:42:08,657 P278153 INFO ----------------------------------------------------------------------------------------------------
2026-07-23 19:42:08,658 P278153 INFO 35/50 starting... lr: 0.001 para:0.02777777798473835
2026-07-23 19:42:27,939 P278153 INFO Epoch 35/50, all_loss:0.54479 cls_loss:0.52083 rec_loss:1.38340 [19.28s]; best loss:0.53544, patience : 1
2026-07-23 19:42:38,121 P278153 INFO pr:0.9101  rc:0.9665  auc:0.9994 ap:0.9908 f1: 0.9374 pred_right: 1059572 pred_wrong:36628 actu_right: 1061710 actu_wrong: 34490
2026-07-23 19:42:42,530 P278153 INFO pr:0.9095  rc:0.9626  auc:0.9993 ap:0.9899 f1: 0.9353 pred_right: 454128 pred_wrong:15672 actu_right: 454992 actu_wrong: 14808
2026-07-23 19:42:42,531 P278153 INFO ----------------------------------------------------------------------------------------------------
2026-07-23 19:42:42,531 P278153 INFO 36/50 starting... lr: 0.001 para:0.027027027681469917
2026-07-23 19:43:02,081 P278153 INFO Epoch 36/50, all_loss:0.56135 cls_loss:0.53775 rec_loss:1.41114 [19.55s]; best loss:0.53544, patience : 2
2026-07-23 19:43:12,221 P278153 INFO pr:0.9169  rc:0.9660  auc:0.9993 ap:0.9919 f1: 0.9409 pred_right: 1059863 pred_wrong:36337 actu_right: 1061710 actu_wrong: 34490
2026-07-23 19:43:16,194 P278153 INFO pr:0.9180  rc:0.9643  auc:0.9993 ap:0.9917 f1: 0.9406 pred_right: 454246 pred_wrong:15554 actu_right: 454992 actu_wrong: 14808
2026-07-23 19:43:16,198 P278153 INFO ----------------------------------------------------------------------------------------------------
2026-07-23 19:43:16,198 P278153 INFO 37/50 starting... lr: 0.001 para:0.02631578966975212
2026-07-23 19:43:43,666 P278153 INFO Epoch 37/50, all_loss:0.50721 cls_loss:0.48283 rec_loss:1.40912 [27.46s]; best loss:0.50721, patience : 0
2026-07-23 19:43:53,811 P278153 INFO pr:0.9334  rc:0.9545  auc:0.9994 ap:0.9921 f1: 0.9438 pred_right: 1060928 pred_wrong:35272 actu_right: 1061706 actu_wrong: 34494
2026-07-23 19:43:57,991 P278153 INFO pr:0.9338  rc:0.9506  auc:0.9992 ap:0.9915 f1: 0.9421 pred_right: 454726 pred_wrong:15074 actu_right: 454992 actu_wrong: 14808
2026-07-23 19:43:57,995 P278153 INFO ----------------------------------------------------------------------------------------------------
2026-07-23 19:43:57,998 P278153 INFO 38/50 starting... lr: 0.001 para:0.025641025975346565
2026-07-23 19:44:17,469 P278153 INFO Epoch 38/50, all_loss:0.52149 cls_loss:0.49765 rec_loss:1.42742 [19.47s]; best loss:0.50721, patience : 1
2026-07-23 19:44:27,704 P278153 INFO pr:0.9453  rc:0.9297  auc:0.9994 ap:0.9930 f1: 0.9374 pred_right: 1062277 pred_wrong:33923 actu_right: 1061711 actu_wrong: 34489
2026-07-23 19:44:31,813 P278153 INFO pr:0.9454  rc:0.9282  auc:0.9992 ap:0.9920 f1: 0.9367 pred_right: 455261 pred_wrong:14539 actu_right: 454992 actu_wrong: 14808
2026-07-23 19:44:31,814 P278153 INFO ----------------------------------------------------------------------------------------------------
2026-07-23 19:44:31,814 P278153 INFO 39/50 starting... lr: 0.001 para:0.02500000037252903
2026-07-23 19:44:51,197 P278153 INFO Epoch 39/50, all_loss:0.50267 cls_loss:0.47893 rec_loss:1.42828 [19.38s]; best loss:0.50267, patience : 0
2026-07-23 19:45:07,283 P278153 INFO pr:0.9222  rc:0.9490  auc:0.9994 ap:0.9914 f1: 0.9354 pred_right: 1060714 pred_wrong:35486 actu_right: 1061715 actu_wrong: 34485
2026-07-23 19:45:13,672 P278153 INFO pr:0.9234  rc:0.9454  auc:0.9992 ap:0.9906 f1: 0.9343 pred_right: 454640 pred_wrong:15160 actu_right: 454992 actu_wrong: 14808
2026-07-23 19:45:13,673 P278153 INFO ----------------------------------------------------------------------------------------------------
2026-07-23 19:45:13,673 P278153 INFO 40/50 starting... lr: 0.001 para:0.024390242993831635
2026-07-23 19:45:33,661 P278153 INFO Epoch 40/50, all_loss:0.54434 cls_loss:0.52166 rec_loss:1.45146 [19.99s]; best loss:0.50267, patience : 1
2026-07-23 19:45:43,705 P278153 INFO pr:0.9379  rc:0.9518  auc:0.9994 ap:0.9929 f1: 0.9448 pred_right: 1061197 pred_wrong:35003 actu_right: 1061709 actu_wrong: 34491
2026-07-23 19:45:48,159 P278153 INFO pr:0.9377  rc:0.9479  auc:0.9991 ap:0.9921 f1: 0.9428 pred_right: 454830 pred_wrong:14970 actu_right: 454992 actu_wrong: 14808
2026-07-23 19:45:48,163 P278153 INFO ----------------------------------------------------------------------------------------------------
2026-07-23 19:45:48,163 P278153 INFO 41/50 starting... lr: 0.001 para:0.02380952425301075
2026-07-23 19:46:07,647 P278153 INFO Epoch 41/50, all_loss:0.48875 cls_loss:0.46463 rec_loss:1.47758 [19.48s]; best loss:0.48875, patience : 0
2026-07-23 19:46:18,116 P278153 INFO pr:0.9368  rc:0.9566  auc:0.9994 ap:0.9941 f1: 0.9466 pred_right: 1060980 pred_wrong:35220 actu_right: 1061709 actu_wrong: 34491
2026-07-23 19:46:23,384 P278153 INFO pr:0.9352  rc:0.9529  auc:0.9994 ap:0.9933 f1: 0.9440 pred_right: 454713 pred_wrong:15087 actu_right: 454992 actu_wrong: 14808
2026-07-23 19:46:23,387 P278153 INFO ----------------------------------------------------------------------------------------------------
2026-07-23 19:46:23,387 P278153 INFO 42/50 starting... lr: 0.001 para:0.023255813866853714
2026-07-23 19:46:48,294 P278153 INFO Epoch 42/50, all_loss:0.48007 cls_loss:0.45602 rec_loss:1.49022 [24.90s]; best loss:0.48007, patience : 0
2026-07-23 19:46:59,188 P278153 INFO pr:0.9192  rc:0.9754  auc:0.9995 ap:0.9935 f1: 0.9465 pred_right: 1059603 pred_wrong:36597 actu_right: 1061712 actu_wrong: 34488
2026-07-23 19:47:03,278 P278153 INFO pr:0.9181  rc:0.9724  auc:0.9994 ap:0.9929 f1: 0.9444 pred_right: 454116 pred_wrong:15684 actu_right: 454992 actu_wrong: 14808
2026-07-23 19:47:03,279 P278153 INFO ----------------------------------------------------------------------------------------------------
2026-07-23 19:47:03,280 P278153 INFO 43/50 starting... lr: 0.001 para:0.022727273404598236
2026-07-23 19:47:22,820 P278153 INFO Epoch 43/50, all_loss:0.48078 cls_loss:0.45696 rec_loss:1.50487 [19.54s]; best loss:0.48007, patience : 1
2026-07-23 19:47:33,048 P278153 INFO pr:0.9489  rc:0.9383  auc:0.9995 ap:0.9939 f1: 0.9435 pred_right: 1062103 pred_wrong:34097 actu_right: 1061718 actu_wrong: 34482
2026-07-23 19:47:37,195 P278153 INFO pr:0.9485  rc:0.9349  auc:0.9994 ap:0.9931 f1: 0.9416 pred_right: 455204 pred_wrong:14596 actu_right: 454992 actu_wrong: 14808
2026-07-23 19:47:37,196 P278153 INFO ----------------------------------------------------------------------------------------------------
2026-07-23 19:47:37,196 P278153 INFO 44/50 starting... lr: 0.001 para:0.02222222276031971
2026-07-23 19:47:56,982 P278153 INFO Epoch 44/50, all_loss:0.44785 cls_loss:0.42367 rec_loss:1.51186 [19.78s]; best loss:0.44785, patience : 0
2026-07-23 19:48:07,965 P278153 INFO pr:0.9406  rc:0.9569  auc:0.9995 ap:0.9926 f1: 0.9487 pred_right: 1061109 pred_wrong:35091 actu_right: 1061708 actu_wrong: 34492
2026-07-23 19:48:11,840 P278153 INFO pr:0.9407  rc:0.9526  auc:0.9993 ap:0.9921 f1: 0.9466 pred_right: 454804 pred_wrong:14996 actu_right: 454992 actu_wrong: 14808
2026-07-23 19:48:11,844 P278153 INFO ----------------------------------------------------------------------------------------------------
2026-07-23 19:48:11,844 P278153 INFO 45/50 starting... lr: 0.001 para:0.021739130839705467
2026-07-23 19:48:39,437 P278153 INFO Epoch 45/50, all_loss:0.46195 cls_loss:0.43829 rec_loss:1.52699 [27.59s]; best loss:0.44785, patience : 1
2026-07-23 19:48:49,521 P278153 INFO pr:0.9323  rc:0.9656  auc:0.9995 ap:0.9936 f1: 0.9486 pred_right: 1060476 pred_wrong:35724 actu_right: 1061710 actu_wrong: 34490
2026-07-23 19:48:53,756 P278153 INFO pr:0.9309  rc:0.9623  auc:0.9993 ap:0.9928 f1: 0.9463 pred_right: 454492 pred_wrong:15308 actu_right: 454992 actu_wrong: 14808
2026-07-23 19:48:53,757 P278153 INFO ----------------------------------------------------------------------------------------------------
2026-07-23 19:48:53,757 P278153 INFO 46/50 starting... lr: 0.001 para:0.021276595070958138
2026-07-23 19:49:13,300 P278153 INFO Epoch 46/50, all_loss:0.47225 cls_loss:0.44865 rec_loss:1.55773 [19.54s]; best loss:0.44785, patience : 2
2026-07-23 19:49:23,459 P278153 INFO pr:0.9470  rc:0.9395  auc:0.9995 ap:0.9932 f1: 0.9432 pred_right: 1061987 pred_wrong:34213 actu_right: 1061712 actu_wrong: 34488
2026-07-23 19:49:27,767 P278153 INFO pr:0.9473  rc:0.9367  auc:0.9993 ap:0.9928 f1: 0.9420 pred_right: 455158 pred_wrong:14642 actu_right: 454992 actu_wrong: 14808
2026-07-23 19:49:27,768 P278153 INFO ----------------------------------------------------------------------------------------------------
2026-07-23 19:49:27,768 P278153 INFO 47/50 starting... lr: 0.001 para:0.02083333395421505
2026-07-23 19:49:47,081 P278153 INFO Epoch 47/50, all_loss:0.44494 cls_loss:0.42132 rec_loss:1.55521 [19.31s]; best loss:0.44494, patience : 0
2026-07-23 19:50:03,096 P278153 INFO pr:0.9274  rc:0.9757  auc:0.9991 ap:0.9944 f1: 0.9510 pred_right: 1059916 pred_wrong:36284 actu_right: 1061713 actu_wrong: 34487
2026-07-23 19:50:09,607 P278153 INFO pr:0.9259  rc:0.9726  auc:0.9991 ap:0.9936 f1: 0.9487 pred_right: 454246 pred_wrong:15554 actu_right: 454992 actu_wrong: 14808
2026-07-23 19:50:09,611 P278153 INFO ----------------------------------------------------------------------------------------------------
2026-07-23 19:50:09,612 P278153 INFO 48/50 starting... lr: 0.001 para:0.020408162847161293
2026-07-23 19:50:29,526 P278153 INFO Epoch 48/50, all_loss:0.43304 cls_loss:0.40929 rec_loss:1.57322 [19.91s]; best loss:0.43304, patience : 0
2026-07-23 19:50:39,556 P278153 INFO pr:0.9348  rc:0.9595  auc:0.9993 ap:0.9934 f1: 0.9470 pred_right: 1060802 pred_wrong:35398 actu_right: 1061712 actu_wrong: 34488
2026-07-23 19:50:43,798 P278153 INFO pr:0.9335  rc:0.9577  auc:0.9990 ap:0.9925 f1: 0.9454 pred_right: 454609 pred_wrong:15191 actu_right: 454992 actu_wrong: 14808
2026-07-23 19:50:43,800 P278153 INFO ----------------------------------------------------------------------------------------------------
2026-07-23 19:50:43,806 P278153 INFO 49/50 starting... lr: 0.001 para:0.019999999552965164
2026-07-23 19:51:03,259 P278153 INFO Epoch 49/50, all_loss:0.46793 cls_loss:0.44533 rec_loss:1.57492 [19.45s]; best loss:0.43304, patience : 1
2026-07-23 19:51:13,611 P278153 INFO pr:0.9462  rc:0.9515  auc:0.9995 ap:0.9941 f1: 0.9488 pred_right: 1061524 pred_wrong:34676 actu_right: 1061714 actu_wrong: 34486
2026-07-23 19:51:19,194 P278153 INFO pr:0.9453  rc:0.9462  auc:0.9993 ap:0.9933 f1: 0.9457 pred_right: 454978 pred_wrong:14822 actu_right: 454992 actu_wrong: 14808
2026-07-23 19:51:19,194 P278153 INFO saving model...
2026-07-23 19:51:19,194 P278153 INFO FITS_Legendre - loss  best score:0.43304044008255005 at epoch 48
2026-07-23 19:51:19,199 P278153 INFO FITS_Legendre - f1  best score:0.95095448700739 at epoch 47
2026-07-23 19:51:19,203 P278153 INFO Average training time per epoch: 20.58 seconds
2026-07-23 19:51:19,203 P278153 INFO calculate scores...
2026-07-23 19:51:19,203 P278153 INFO calculate label with loss...
2026-07-23 19:51:19,203 P278153 INFO FITS_Legendre on ./result/server_only_exps/Basis_updatedFreDF/FITS_Legendre-TT-Epochs50-Seed2-ExpNameRQ2_basis_comparison-BasisTypechebyshev-lowshow-simplegraph loading...
2026-07-23 19:51:22,658 P278153 INFO pr:0.9335  rc:0.9577  auc:0.9990 ap:0.9925 f1: 0.9454 pred_right: 454609 pred_wrong:15191 actu_right: 454992 actu_wrong: 14808
2026-07-23 19:51:29,826 P278153 INFO pr:0.9335  rc:0.9577  auc:0.9990 ap:0.9925 f1: 0.9454 pred_right: 454609 pred_wrong:15191 actu_right: 454992 actu_wrong: 14808
2026-07-23 19:51:29,826 P278153 INFO Performance Summary:
{'GPU': {'inference_time_per_sample_ms': 0.16966591976266504, 'throughput_samples_per_sec': 5893.9355729119725, 'peak_memory_mb': 87.591796875, 'energy_per_sample_joules': 0.00944767707606424}, 'CPU': {'inference_time_per_sample_ms': 0.37863405098460706, 'throughput_samples_per_sec': 2641.072553827584, 'peak_memory_mb': 5839.85546875, 'energy_per_sample_joules': 0.02461121331399946}}
2026-07-23 19:51:29,826 P278153 INFO Starting clean-room hardware benchmarking...
2026-07-23 19:51:30,647 P278153 INFO Performance with loss: pr:0.9335  rc:0.9577  auc:0.9990 ap:0.9925 f1: 0.9454 pred_right: 454609 pred_wrong:15191 actu_right: 454992 actu_wrong: 14808
2026-07-23 19:51:30,647 P278153 INFO calculate label with f1...
2026-07-23 19:51:30,647 P278153 INFO FITS_Legendre on ./result/server_only_exps/Basis_updatedFreDF/FITS_Legendre-TT-Epochs50-Seed2-ExpNameRQ2_basis_comparison-BasisTypechebyshev-lowshow-simplegraph loading...
2026-07-23 19:51:36,680 P278153 INFO pr:0.9259  rc:0.9726  auc:0.9991 ap:0.9936 f1: 0.9487 pred_right: 454246 pred_wrong:15554 actu_right: 454992 actu_wrong: 14808
2026-07-23 19:51:52,960 P278153 INFO pr:0.9259  rc:0.9726  auc:0.9991 ap:0.9936 f1: 0.9487 pred_right: 454246 pred_wrong:15554 actu_right: 454992 actu_wrong: 14808
2026-07-23 19:51:52,961 P278153 INFO Performance Summary:
{'GPU': {'inference_time_per_sample_ms': 0.28649193186710675, 'throughput_samples_per_sec': 3490.4996922002806, 'peak_memory_mb': 87.087890625, 'energy_per_sample_joules': 0.01477052128530649}, 'CPU': {'inference_time_per_sample_ms': 0.9010052297747642, 'throughput_samples_per_sec': 1109.871471278788, 'peak_memory_mb': 5885.99609375, 'energy_per_sample_joules': 0.05856533993535967}}
2026-07-23 19:51:52,961 P278153 INFO Starting clean-room hardware benchmarking...
2026-07-23 19:51:53,830 P278153 INFO Performance with f1: pr:0.9259  rc:0.9726  auc:0.9991 ap:0.9936 f1: 0.9487 pred_right: 454246 pred_wrong:15554 actu_right: 454992 actu_wrong: 14808
