2026-07-13 20:53:06,179 P1081393 INFO ---- Model: ----MSTGAD-98eb901a----random_seed : 2----req_loss_approach : Legendre-style----rec_lambda : 1.0----auxi_lambda : 0.2----Freq Domain : FITS_Legendre----Multi Fits : false----train : True----evaluate : False
2026-07-13 20:53:06,179 P1081393 INFO Load from /home/db2003/Desktop/Amr/Tests/Eadro/codes/chunks/TT
2026-07-13 20:53:18,191 P1081393 INFO Fewshot: training with 1.0 of the 70% of the data
2026-07-13 20:53:27,090 P1081393 INFO Trainable Parameters Breakdown:
2026-07-13 20:53:27,090 P1081393 INFO --------------------------------------------------------------------------------
2026-07-13 20:53:27,090 P1081393 INFO Reconstruction-Specific Parameters:
2026-07-13 20:53:27,090 P1081393 INFO linear_attn.Wq.weight                    | shape: (10, 10)                  | params: 100
2026-07-13 20:53:27,090 P1081393 INFO linear_attn.Wk.weight                    | shape: (10, 10)                  | params: 100
2026-07-13 20:53:27,090 P1081393 INFO linear_attn.Wv.weight                    | shape: (10, 10)                  | params: 100
2026-07-13 20:53:27,090 P1081393 INFO linear_attn.out.weight                   | shape: (10, 10)                  | params: 100
2026-07-13 20:53:27,090 P1081393 INFO linear_attn.out.bias                     | shape: (10,)                     | params: 10
2026-07-13 20:53:27,090 P1081393 INFO linear_attn.norm.weight                  | shape: (10,)                     | params: 10
2026-07-13 20:53:27,090 P1081393 INFO linear_attn.norm.bias                    | shape: (10,)                     | params: 10
2026-07-13 20:53:27,090 P1081393 INFO shared_fits.normlin_W                    | shape: (5, 5)                    | params: 25
2026-07-13 20:53:27,090 P1081393 INFO shared_fits.freq_upsampler.weight        | shape: (5, 5)                    | params: 25
2026-07-13 20:53:27,090 P1081393 INFO shared_fits.freq_upsampler.bias          | shape: (5,)                      | params: 5
2026-07-13 20:53:27,091 P1081393 INFO modality_proj.node.weight                | shape: (10, 8)                   | params: 80
2026-07-13 20:53:27,091 P1081393 INFO modality_proj.node.bias                  | shape: (10,)                     | params: 10
2026-07-13 20:53:27,091 P1081393 INFO modality_proj.log.weight                 | shape: (10, 32)                  | params: 320
2026-07-13 20:53:27,091 P1081393 INFO modality_proj.log.bias                   | shape: (10,)                     | params: 10
2026-07-13 20:53:27,091 P1081393 INFO modality_proj.edge.weight                | shape: (10, 8)                   | params: 80
2026-07-13 20:53:27,091 P1081393 INFO modality_proj.edge.bias                  | shape: (10,)                     | params: 10
2026-07-13 20:53:27,091 P1081393 INFO modality_proj_out.node.weight            | shape: (8, 10)                   | params: 80
2026-07-13 20:53:27,091 P1081393 INFO modality_proj_out.node.bias              | shape: (8,)                      | params: 8
2026-07-13 20:53:27,091 P1081393 INFO modality_proj_out.log.weight             | shape: (32, 10)                  | params: 320
2026-07-13 20:53:27,091 P1081393 INFO modality_proj_out.log.bias               | shape: (32,)                     | params: 32
2026-07-13 20:53:27,091 P1081393 INFO modality_proj_out.edge.weight            | shape: (8, 10)                   | params: 80
2026-07-13 20:53:27,091 P1081393 INFO modality_proj_out.edge.bias              | shape: (8,)                      | params: 8
2026-07-13 20:53:27,091 P1081393 INFO Subtotal: 1,523
2026-07-13 20:53:27,091 P1081393 INFO --------------------------------------------------------------------------------
2026-07-13 20:53:27,091 P1081393 INFO Common Parameters:
2026-07-13 20:53:27,091 P1081393 INFO node_emb.linear.weight                   | shape: (8, 7)                    | params: 56
2026-07-13 20:53:27,091 P1081393 INFO node_emb.linear.bias                     | shape: (8,)                      | params: 8
2026-07-13 20:53:27,091 P1081393 INFO log_emb.linear.weight                    | shape: (32, 60)                  | params: 1,920
2026-07-13 20:53:27,091 P1081393 INFO log_emb.linear.bias                      | shape: (32,)                     | params: 32
2026-07-13 20:53:27,091 P1081393 INFO egde_emb.linear.weight                   | shape: (8, 2)                    | params: 16
2026-07-13 20:53:27,091 P1081393 INFO egde_emb.linear.bias                     | shape: (8,)                      | params: 8
2026-07-13 20:53:27,091 P1081393 INFO dense_node.weight                        | shape: (7, 8)                    | params: 56
2026-07-13 20:53:27,091 P1081393 INFO dense_node.bias                          | shape: (7,)                      | params: 7
2026-07-13 20:53:27,092 P1081393 INFO dense_log.weight                         | shape: (60, 32)                  | params: 1,920
2026-07-13 20:53:27,092 P1081393 INFO dense_log.bias                           | shape: (60,)                     | params: 60
2026-07-13 20:53:27,092 P1081393 INFO dense_edge.weight                        | shape: (2, 8)                    | params: 16
2026-07-13 20:53:27,092 P1081393 INFO dense_edge.bias                          | shape: (2,)                      | params: 2
2026-07-13 20:53:27,092 P1081393 INFO show.0.weight                            | shape: (128, 69)                 | params: 8,832
2026-07-13 20:53:27,092 P1081393 INFO show.0.bias                              | shape: (128,)                    | params: 128
2026-07-13 20:53:27,092 P1081393 INFO show.2.weight                            | shape: (2, 128)                  | params: 256
2026-07-13 20:53:27,092 P1081393 INFO show.2.bias                              | shape: (2,)                      | params: 2
2026-07-13 20:53:27,092 P1081393 INFO Subtotal: 13,319
2026-07-13 20:53:27,092 P1081393 INFO --------------------------------------------------------------------------------
2026-07-13 20:53:27,092 P1081393 INFO Total Trainable Parameters: 14,842

2026-07-13 20:53:27,092 P1081393 INFO Trainable Parameters: 14842, reconstruction: 1523, common: 13319
2026-07-13 20:53:27,092 P1081393 INFO model : init weight
2026-07-13 20:53:27,093 P1081393 INFO Using GPU...
2026-07-13 20:53:27,097 P1081393 INFO optimizer : using AdaBelief
2026-07-13 20:53:27,097 P1081393 INFO ----------------------------------------------------------------------------------------------------
2026-07-13 20:53:27,097 P1081393 INFO 0/50 starting... lr: 0.001 para:1.0
2026-07-13 20:53:46,982 P1081393 INFO Epoch 0/50, all_loss:0.07784 cls_loss:29.26276 rec_loss:0.07784 [19.88s]; best loss:0.07784, patience : 0
2026-07-13 20:53:46,983 P1081393 INFO ----------------------------------------------------------------------------------------------------
2026-07-13 20:53:46,983 P1081393 INFO 1/50 starting... lr: 0.001 para:0.5
2026-07-13 20:54:06,681 P1081393 INFO Epoch 1/50, all_loss:1.76764 cls_loss:3.31757 rec_loss:0.21771 [19.69s]; best loss:1.76764, patience : 0
2026-07-13 20:54:06,681 P1081393 INFO ----------------------------------------------------------------------------------------------------
2026-07-13 20:54:06,681 P1081393 INFO 2/50 starting... lr: 0.001 para:0.3333333432674408
2026-07-13 20:54:32,807 P1081393 INFO Epoch 2/50, all_loss:1.47863 cls_loss:2.11615 rec_loss:0.20357 [26.12s]; best loss:1.47863, patience : 0
2026-07-13 20:54:42,716 P1081393 INFO pr:0.8481  rc:0.5461  auc:0.9886 ap:0.9005 f1: 0.6644 pred_right: 1073989 pred_wrong:22211 actu_right: 1061707 actu_wrong: 34493
2026-07-13 20:54:47,089 P1081393 INFO pr:0.8524  rc:0.5444  auc:0.9886 ap:0.9010 f1: 0.6645 pred_right: 460342 pred_wrong:9458 actu_right: 454992 actu_wrong: 14808
2026-07-13 20:54:47,093 P1081393 INFO ----------------------------------------------------------------------------------------------------
2026-07-13 20:54:47,093 P1081393 INFO 3/50 starting... lr: 0.001 para:0.25
2026-07-13 20:55:06,563 P1081393 INFO Epoch 3/50, all_loss:1.54775 cls_loss:1.99226 rec_loss:0.21424 [19.47s]; best loss:1.47863, patience : 1
2026-07-13 20:55:17,176 P1081393 INFO pr:0.9163  rc:0.5308  auc:0.9901 ap:0.9081 f1: 0.6722 pred_right: 1076220 pred_wrong:19980 actu_right: 1061708 actu_wrong: 34492
2026-07-13 20:55:21,515 P1081393 INFO pr:0.9162  rc:0.5324  auc:0.9901 ap:0.9087 f1: 0.6735 pred_right: 461195 pred_wrong:8605 actu_right: 454992 actu_wrong: 14808
2026-07-13 20:55:21,519 P1081393 INFO ----------------------------------------------------------------------------------------------------
2026-07-13 20:55:21,519 P1081393 INFO 4/50 starting... lr: 0.001 para:0.20000000298023224
2026-07-13 20:55:41,631 P1081393 INFO Epoch 4/50, all_loss:1.48957 cls_loss:1.79617 rec_loss:0.26317 [20.11s]; best loss:1.47863, patience : 1
2026-07-13 20:55:51,678 P1081393 INFO pr:0.8164  rc:0.6617  auc:0.9920 ap:0.9250 f1: 0.7309 pred_right: 1068243 pred_wrong:27957 actu_right: 1061706 actu_wrong: 34494
2026-07-13 20:56:01,686 P1081393 INFO pr:0.8208  rc:0.6636  auc:0.9921 ap:0.9260 f1: 0.7339 pred_right: 457829 pred_wrong:11971 actu_right: 454992 actu_wrong: 14808
2026-07-13 20:56:01,696 P1081393 INFO ----------------------------------------------------------------------------------------------------
2026-07-13 20:56:01,696 P1081393 INFO 5/50 starting... lr: 0.001 para:0.1666666716337204
2026-07-13 20:56:23,388 P1081393 INFO Epoch 5/50, all_loss:1.46558 cls_loss:1.69787 rec_loss:0.30412 [21.69s]; best loss:1.46558, patience : 0
2026-07-13 20:56:33,650 P1081393 INFO pr:0.8901  rc:0.6269  auc:0.9934 ap:0.9321 f1: 0.7357 pred_right: 1071910 pred_wrong:24290 actu_right: 1061711 actu_wrong: 34489
2026-07-13 20:56:37,892 P1081393 INFO pr:0.8963  rc:0.6290  auc:0.9935 ap:0.9335 f1: 0.7392 pred_right: 459408 pred_wrong:10392 actu_right: 454992 actu_wrong: 14808
2026-07-13 20:56:37,897 P1081393 INFO ----------------------------------------------------------------------------------------------------
2026-07-13 20:56:37,897 P1081393 INFO 6/50 starting... lr: 0.001 para:0.1428571492433548
2026-07-13 20:56:57,356 P1081393 INFO Epoch 6/50, all_loss:1.40289 cls_loss:1.58312 rec_loss:0.32153 [19.45s]; best loss:1.40289, patience : 0
2026-07-13 20:57:07,984 P1081393 INFO pr:0.8836  rc:0.6409  auc:0.9936 ap:0.9349 f1: 0.7429 pred_right: 1071182 pred_wrong:25018 actu_right: 1061709 actu_wrong: 34491
2026-07-13 20:57:13,109 P1081393 INFO pr:0.8845  rc:0.6413  auc:0.9937 ap:0.9360 f1: 0.7436 pred_right: 459063 pred_wrong:10737 actu_right: 454992 actu_wrong: 14808
2026-07-13 20:57:13,119 P1081393 INFO ----------------------------------------------------------------------------------------------------
2026-07-13 20:57:13,119 P1081393 INFO 7/50 starting... lr: 0.001 para:0.125
2026-07-13 20:57:37,109 P1081393 INFO Epoch 7/50, all_loss:1.36563 cls_loss:1.51298 rec_loss:0.33419 [23.98s]; best loss:1.36563, patience : 0
2026-07-13 20:57:49,663 P1081393 INFO pr:0.9188  rc:0.6289  auc:0.9948 ap:0.9435 f1: 0.7467 pred_right: 1072590 pred_wrong:23610 actu_right: 1061710 actu_wrong: 34490
2026-07-13 20:57:53,850 P1081393 INFO pr:0.9208  rc:0.6324  auc:0.9949 ap:0.9445 f1: 0.7498 pred_right: 459631 pred_wrong:10169 actu_right: 454992 actu_wrong: 14808
2026-07-13 20:57:53,854 P1081393 INFO ----------------------------------------------------------------------------------------------------
2026-07-13 20:57:53,855 P1081393 INFO 8/50 starting... lr: 0.001 para:0.1111111119389534
2026-07-13 20:58:13,393 P1081393 INFO Epoch 8/50, all_loss:1.34650 cls_loss:1.47142 rec_loss:0.34714 [19.53s]; best loss:1.34650, patience : 0
2026-07-13 20:58:23,645 P1081393 INFO pr:0.7246  rc:0.8339  auc:0.9949 ap:0.9452 f1: 0.7754 pred_right: 1056503 pred_wrong:39697 actu_right: 1061707 actu_wrong: 34493
2026-07-13 20:58:27,999 P1081393 INFO pr:0.7229  rc:0.8361  auc:0.9948 ap:0.9457 f1: 0.7754 pred_right: 452674 pred_wrong:17126 actu_right: 454992 actu_wrong: 14808
2026-07-13 20:58:28,003 P1081393 INFO ----------------------------------------------------------------------------------------------------
2026-07-13 20:58:28,006 P1081393 INFO 9/50 starting... lr: 0.001 para:0.10000000149011612
2026-07-13 20:58:48,893 P1081393 INFO Epoch 9/50, all_loss:1.31160 cls_loss:1.41715 rec_loss:0.36161 [20.88s]; best loss:1.31160, patience : 0
2026-07-13 20:58:57,687 P1081393 INFO pr:0.9060  rc:0.6731  auc:0.9954 ap:0.9500 f1: 0.7724 pred_right: 1070578 pred_wrong:25622 actu_right: 1061712 actu_wrong: 34488
2026-07-13 20:59:01,771 P1081393 INFO pr:0.9110  rc:0.6729  auc:0.9955 ap:0.9510 f1: 0.7740 pred_right: 458862 pred_wrong:10938 actu_right: 454992 actu_wrong: 14808
2026-07-13 20:59:01,772 P1081393 INFO ----------------------------------------------------------------------------------------------------
2026-07-13 20:59:01,773 P1081393 INFO 10/50 starting... lr: 0.001 para:0.09090909361839294
2026-07-13 20:59:28,279 P1081393 INFO Epoch 10/50, all_loss:1.29318 cls_loss:1.38458 rec_loss:0.37924 [26.50s]; best loss:1.29318, patience : 0
2026-07-13 20:59:38,738 P1081393 INFO pr:0.8727  rc:0.7433  auc:0.9957 ap:0.9547 f1: 0.8028 pred_right: 1066824 pred_wrong:29376 actu_right: 1061709 actu_wrong: 34491
2026-07-13 20:59:42,964 P1081393 INFO pr:0.8764  rc:0.7453  auc:0.9958 ap:0.9554 f1: 0.8056 pred_right: 457207 pred_wrong:12593 actu_right: 454992 actu_wrong: 14808
2026-07-13 20:59:42,969 P1081393 INFO ----------------------------------------------------------------------------------------------------
2026-07-13 20:59:42,969 P1081393 INFO 11/50 starting... lr: 0.001 para:0.0833333358168602
2026-07-13 21:00:02,716 P1081393 INFO Epoch 11/50, all_loss:1.25769 cls_loss:1.33524 rec_loss:0.40471 [19.74s]; best loss:1.25769, patience : 0
2026-07-13 21:00:13,171 P1081393 INFO pr:0.8790  rc:0.7366  auc:0.9960 ap:0.9548 f1: 0.8015 pred_right: 1067303 pred_wrong:28897 actu_right: 1061715 actu_wrong: 34485
2026-07-13 21:00:17,720 P1081393 INFO pr:0.8813  rc:0.7382  auc:0.9959 ap:0.9553 f1: 0.8034 pred_right: 457397 pred_wrong:12403 actu_right: 454992 actu_wrong: 14808
2026-07-13 21:00:17,721 P1081393 INFO ----------------------------------------------------------------------------------------------------
2026-07-13 21:00:17,721 P1081393 INFO 12/50 starting... lr: 0.001 para:0.07692307978868484
2026-07-13 21:00:36,974 P1081393 INFO Epoch 12/50, all_loss:1.19015 cls_loss:1.25069 rec_loss:0.46358 [19.25s]; best loss:1.19015, patience : 0
2026-07-13 21:00:55,516 P1081393 INFO pr:0.9034  rc:0.7244  auc:0.9960 ap:0.9569 f1: 0.8040 pred_right: 1068545 pred_wrong:27655 actu_right: 1061711 actu_wrong: 34489
2026-07-13 21:00:59,846 P1081393 INFO pr:0.9041  rc:0.7216  auc:0.9959 ap:0.9568 f1: 0.8026 pred_right: 457982 pred_wrong:11818 actu_right: 454992 actu_wrong: 14808
2026-07-13 21:00:59,851 P1081393 INFO ----------------------------------------------------------------------------------------------------
2026-07-13 21:00:59,851 P1081393 INFO 13/50 starting... lr: 0.001 para:0.0714285746216774
2026-07-13 21:01:19,387 P1081393 INFO Epoch 13/50, all_loss:1.14294 cls_loss:1.18819 rec_loss:0.55462 [19.53s]; best loss:1.14294, patience : 0
2026-07-13 21:01:29,523 P1081393 INFO pr:0.8785  rc:0.8249  auc:0.9976 ap:0.9693 f1: 0.8508 pred_right: 1063817 pred_wrong:32383 actu_right: 1061713 actu_wrong: 34487
2026-07-13 21:01:33,770 P1081393 INFO pr:0.8799  rc:0.8231  auc:0.9975 ap:0.9696 f1: 0.8506 pred_right: 455947 pred_wrong:13853 actu_right: 454992 actu_wrong: 14808
2026-07-13 21:01:33,775 P1081393 INFO ----------------------------------------------------------------------------------------------------
2026-07-13 21:01:33,775 P1081393 INFO 14/50 starting... lr: 0.001 para:0.06666667014360428
2026-07-13 21:01:53,552 P1081393 INFO Epoch 14/50, all_loss:1.03032 cls_loss:1.05557 rec_loss:0.67687 [19.77s]; best loss:1.03032, patience : 0
2026-07-13 21:02:05,312 P1081393 INFO pr:0.9049  rc:0.8178  auc:0.9977 ap:0.9742 f1: 0.8592 pred_right: 1065027 pred_wrong:31173 actu_right: 1061707 actu_wrong: 34493
2026-07-13 21:02:08,814 P1081393 INFO pr:0.9098  rc:0.8138  auc:0.9976 ap:0.9744 f1: 0.8591 pred_right: 456554 pred_wrong:13246 actu_right: 454992 actu_wrong: 14808
2026-07-13 21:02:08,818 P1081393 INFO ----------------------------------------------------------------------------------------------------
2026-07-13 21:02:08,818 P1081393 INFO 15/50 starting... lr: 0.001 para:0.0625
2026-07-13 21:02:35,337 P1081393 INFO Epoch 15/50, all_loss:0.98781 cls_loss:1.00154 rec_loss:0.78181 [26.51s]; best loss:0.98781, patience : 0
2026-07-13 21:02:45,287 P1081393 INFO pr:0.9398  rc:0.7350  auc:0.9981 ap:0.9747 f1: 0.8249 pred_right: 1069225 pred_wrong:26975 actu_right: 1061710 actu_wrong: 34490
2026-07-13 21:02:49,762 P1081393 INFO pr:0.9407  rc:0.7308  auc:0.9980 ap:0.9748 f1: 0.8226 pred_right: 458296 pred_wrong:11504 actu_right: 454992 actu_wrong: 14808
2026-07-13 21:02:49,763 P1081393 INFO ----------------------------------------------------------------------------------------------------
2026-07-13 21:02:49,763 P1081393 INFO 16/50 starting... lr: 0.001 para:0.05882352963089943
2026-07-13 21:03:09,193 P1081393 INFO Epoch 16/50, all_loss:0.93545 cls_loss:0.93950 rec_loss:0.87064 [19.43s]; best loss:0.93545, patience : 0
2026-07-13 21:03:19,407 P1081393 INFO pr:0.8944  rc:0.8731  auc:0.9983 ap:0.9780 f1: 0.8836 pred_right: 1062530 pred_wrong:33670 actu_right: 1061709 actu_wrong: 34491
2026-07-13 21:03:23,892 P1081393 INFO pr:0.8993  rc:0.8724  auc:0.9982 ap:0.9786 f1: 0.8857 pred_right: 455434 pred_wrong:14366 actu_right: 454992 actu_wrong: 14808
2026-07-13 21:03:23,896 P1081393 INFO ----------------------------------------------------------------------------------------------------
2026-07-13 21:03:23,896 P1081393 INFO 17/50 starting... lr: 0.001 para:0.0555555559694767
2026-07-13 21:03:43,333 P1081393 INFO Epoch 17/50, all_loss:0.88401 cls_loss:0.88206 rec_loss:0.91722 [19.43s]; best loss:0.88401, patience : 0
2026-07-13 21:03:54,678 P1081393 INFO pr:0.8981  rc:0.8895  auc:0.9986 ap:0.9821 f1: 0.8938 pred_right: 1062042 pred_wrong:34158 actu_right: 1061713 actu_wrong: 34487
2026-07-13 21:04:05,215 P1081393 INFO pr:0.9016  rc:0.8872  auc:0.9984 ap:0.9827 f1: 0.8943 pred_right: 455230 pred_wrong:14570 actu_right: 454992 actu_wrong: 14808
2026-07-13 21:04:05,221 P1081393 INFO ----------------------------------------------------------------------------------------------------
2026-07-13 21:04:05,221 P1081393 INFO 18/50 starting... lr: 0.001 para:0.05263157933950424
2026-07-13 21:04:25,816 P1081393 INFO Epoch 18/50, all_loss:0.83732 cls_loss:0.83071 rec_loss:0.95630 [20.59s]; best loss:0.83732, patience : 0
2026-07-13 21:04:36,794 P1081393 INFO pr:0.9287  rc:0.8403  auc:0.9986 ap:0.9832 f1: 0.8823 pred_right: 1064995 pred_wrong:31205 actu_right: 1061712 actu_wrong: 34488
2026-07-13 21:04:41,607 P1081393 INFO pr:0.9331  rc:0.8396  auc:0.9986 ap:0.9836 f1: 0.8839 pred_right: 456475 pred_wrong:13325 actu_right: 454992 actu_wrong: 14808
2026-07-13 21:04:41,608 P1081393 INFO ----------------------------------------------------------------------------------------------------
2026-07-13 21:04:41,608 P1081393 INFO 19/50 starting... lr: 0.001 para:0.05000000074505806
2026-07-13 21:05:01,729 P1081393 INFO Epoch 19/50, all_loss:0.79569 cls_loss:0.78474 rec_loss:1.00365 [20.12s]; best loss:0.79569, patience : 0
2026-07-13 21:05:13,174 P1081393 INFO pr:0.9097  rc:0.8816  auc:0.9987 ap:0.9831 f1: 0.8954 pred_right: 1062779 pred_wrong:33421 actu_right: 1061712 actu_wrong: 34488
2026-07-13 21:05:18,847 P1081393 INFO pr:0.9108  rc:0.8774  auc:0.9986 ap:0.9831 f1: 0.8938 pred_right: 455536 pred_wrong:14264 actu_right: 454992 actu_wrong: 14808
2026-07-13 21:05:18,851 P1081393 INFO ----------------------------------------------------------------------------------------------------
2026-07-13 21:05:18,851 P1081393 INFO 20/50 starting... lr: 0.001 para:0.0476190485060215
2026-07-13 21:05:45,004 P1081393 INFO Epoch 20/50, all_loss:0.76452 cls_loss:0.75080 rec_loss:1.03892 [26.15s]; best loss:0.76452, patience : 0
2026-07-13 21:05:55,763 P1081393 INFO pr:0.8724  rc:0.9322  auc:0.9986 ap:0.9816 f1: 0.9013 pred_right: 1059346 pred_wrong:36854 actu_right: 1061709 actu_wrong: 34491
2026-07-13 21:06:00,389 P1081393 INFO pr:0.8763  rc:0.9319  auc:0.9986 ap:0.9823 f1: 0.9032 pred_right: 454053 pred_wrong:15747 actu_right: 454992 actu_wrong: 14808
2026-07-13 21:06:00,393 P1081393 INFO ----------------------------------------------------------------------------------------------------
2026-07-13 21:06:00,394 P1081393 INFO 21/50 starting... lr: 0.001 para:0.04545454680919647
2026-07-13 21:06:20,216 P1081393 INFO Epoch 21/50, all_loss:0.74751 cls_loss:0.73152 rec_loss:1.08329 [19.82s]; best loss:0.74751, patience : 0
2026-07-13 21:06:30,826 P1081393 INFO pr:0.8762  rc:0.9466  auc:0.9990 ap:0.9845 f1: 0.9101 pred_right: 1058938 pred_wrong:37262 actu_right: 1061710 actu_wrong: 34490
2026-07-13 21:06:35,264 P1081393 INFO pr:0.8792  rc:0.9444  auc:0.9989 ap:0.9852 f1: 0.9106 pred_right: 453893 pred_wrong:15907 actu_right: 454992 actu_wrong: 14808
2026-07-13 21:06:35,268 P1081393 INFO ----------------------------------------------------------------------------------------------------
2026-07-13 21:06:35,269 P1081393 INFO 22/50 starting... lr: 0.001 para:0.043478261679410934
2026-07-13 21:06:56,005 P1081393 INFO Epoch 22/50, all_loss:0.72870 cls_loss:0.71228 rec_loss:1.09007 [20.73s]; best loss:0.72870, patience : 0
2026-07-13 21:07:05,128 P1081393 INFO pr:0.9096  rc:0.8888  auc:0.9988 ap:0.9850 f1: 0.8991 pred_right: 1062494 pred_wrong:33706 actu_right: 1061707 actu_wrong: 34493
2026-07-13 21:07:13,536 P1081393 INFO pr:0.9105  rc:0.8866  auc:0.9987 ap:0.9849 f1: 0.8984 pred_right: 455380 pred_wrong:14420 actu_right: 454992 actu_wrong: 14808
2026-07-13 21:07:13,538 P1081393 INFO ----------------------------------------------------------------------------------------------------
2026-07-13 21:07:13,538 P1081393 INFO 23/50 starting... lr: 0.001 para:0.0416666679084301
2026-07-13 21:07:37,536 P1081393 INFO Epoch 23/50, all_loss:0.71640 cls_loss:0.69862 rec_loss:1.12540 [23.99s]; best loss:0.71640, patience : 0
2026-07-13 21:07:47,921 P1081393 INFO pr:0.9151  rc:0.9026  auc:0.9989 ap:0.9869 f1: 0.9089 pred_right: 1062178 pred_wrong:34022 actu_right: 1061707 actu_wrong: 34493
2026-07-13 21:07:52,228 P1081393 INFO pr:0.9175  rc:0.9008  auc:0.9988 ap:0.9868 f1: 0.9091 pred_right: 455262 pred_wrong:14538 actu_right: 454992 actu_wrong: 14808
2026-07-13 21:07:52,229 P1081393 INFO ----------------------------------------------------------------------------------------------------
2026-07-13 21:07:52,236 P1081393 INFO 24/50 starting... lr: 0.001 para:0.03999999910593033
2026-07-13 21:08:12,189 P1081393 INFO Epoch 24/50, all_loss:0.68946 cls_loss:0.67057 rec_loss:1.14306 [19.95s]; best loss:0.68946, patience : 0
2026-07-13 21:08:22,671 P1081393 INFO pr:0.9023  rc:0.9405  auc:0.9990 ap:0.9868 f1: 0.9210 pred_right: 1060253 pred_wrong:35947 actu_right: 1061712 actu_wrong: 34488
2026-07-13 21:08:27,300 P1081393 INFO pr:0.9041  rc:0.9390  auc:0.9989 ap:0.9866 f1: 0.9212 pred_right: 454422 pred_wrong:15378 actu_right: 454992 actu_wrong: 14808
2026-07-13 21:08:27,305 P1081393 INFO ----------------------------------------------------------------------------------------------------
2026-07-13 21:08:27,305 P1081393 INFO 25/50 starting... lr: 0.001 para:0.03846153989434242
2026-07-13 21:08:48,810 P1081393 INFO Epoch 25/50, all_loss:0.68300 cls_loss:0.66325 rec_loss:1.17669 [21.50s]; best loss:0.68300, patience : 0
2026-07-13 21:09:03,276 P1081393 INFO pr:0.9319  rc:0.8887  auc:0.9991 ap:0.9878 f1: 0.9098 pred_right: 1063311 pred_wrong:32889 actu_right: 1061711 actu_wrong: 34489
2026-07-13 21:09:07,753 P1081393 INFO pr:0.9318  rc:0.8873  auc:0.9990 ap:0.9874 f1: 0.9090 pred_right: 455699 pred_wrong:14101 actu_right: 454992 actu_wrong: 14808
2026-07-13 21:09:07,754 P1081393 INFO ----------------------------------------------------------------------------------------------------
2026-07-13 21:09:07,754 P1081393 INFO 26/50 starting... lr: 0.001 para:0.03703703731298447
2026-07-13 21:09:26,482 P1081393 INFO Epoch 26/50, all_loss:0.64484 cls_loss:0.62412 rec_loss:1.18362 [18.72s]; best loss:0.64484, patience : 0
2026-07-13 21:09:36,140 P1081393 INFO pr:0.8598  rc:0.9751  auc:0.9987 ap:0.9861 f1: 0.9138 pred_right: 1057086 pred_wrong:39114 actu_right: 1061708 actu_wrong: 34492
2026-07-13 21:09:40,690 P1081393 INFO pr:0.8605  rc:0.9729  auc:0.9985 ap:0.9856 f1: 0.9132 pred_right: 453059 pred_wrong:16741 actu_right: 454992 actu_wrong: 14808
2026-07-13 21:09:40,691 P1081393 INFO ----------------------------------------------------------------------------------------------------
2026-07-13 21:09:40,691 P1081393 INFO 27/50 starting... lr: 0.001 para:0.0357142873108387
2026-07-13 21:09:59,779 P1081393 INFO Epoch 27/50, all_loss:0.63607 cls_loss:0.61499 rec_loss:1.20526 [19.08s]; best loss:0.63607, patience : 0
2026-07-13 21:10:10,489 P1081393 INFO pr:0.9467  rc:0.8436  auc:0.9992 ap:0.9879 f1: 0.8922 pred_right: 1065470 pred_wrong:30730 actu_right: 1061712 actu_wrong: 34488
2026-07-13 21:10:14,113 P1081393 INFO pr:0.9503  rc:0.8402  auc:0.9991 ap:0.9879 f1: 0.8918 pred_right: 456708 pred_wrong:13092 actu_right: 454992 actu_wrong: 14808
2026-07-13 21:10:14,114 P1081393 INFO ----------------------------------------------------------------------------------------------------
2026-07-13 21:10:14,114 P1081393 INFO 28/50 starting... lr: 0.001 para:0.03448275849223137
2026-07-13 21:10:40,491 P1081393 INFO Epoch 28/50, all_loss:0.60782 cls_loss:0.58554 rec_loss:1.23181 [26.37s]; best loss:0.60782, patience : 0
2026-07-13 21:10:50,474 P1081393 INFO pr:0.9519  rc:0.8644  auc:0.9989 ap:0.9897 f1: 0.9060 pred_right: 1064880 pred_wrong:31320 actu_right: 1061708 actu_wrong: 34492
2026-07-13 21:10:54,672 P1081393 INFO pr:0.9531  rc:0.8609  auc:0.9989 ap:0.9897 f1: 0.9047 pred_right: 456425 pred_wrong:13375 actu_right: 454992 actu_wrong: 14808
2026-07-13 21:10:54,673 P1081393 INFO ----------------------------------------------------------------------------------------------------
2026-07-13 21:10:54,673 P1081393 INFO 29/50 starting... lr: 0.001 para:0.03333333507180214
2026-07-13 21:11:13,403 P1081393 INFO Epoch 29/50, all_loss:0.59715 cls_loss:0.57413 rec_loss:1.26473 [18.73s]; best loss:0.59715, patience : 0
2026-07-13 21:11:23,203 P1081393 INFO pr:0.8943  rc:0.9649  auc:0.9992 ap:0.9890 f1: 0.9283 pred_right: 1058988 pred_wrong:37212 actu_right: 1061710 actu_wrong: 34490
2026-07-13 21:11:27,418 P1081393 INFO pr:0.8951  rc:0.9619  auc:0.9991 ap:0.9889 f1: 0.9273 pred_right: 453886 pred_wrong:15914 actu_right: 454992 actu_wrong: 14808
2026-07-13 21:11:27,423 P1081393 INFO ----------------------------------------------------------------------------------------------------
2026-07-13 21:11:27,423 P1081393 INFO 30/50 starting... lr: 0.001 para:0.032258063554763794
2026-07-13 21:11:46,057 P1081393 INFO Epoch 30/50, all_loss:0.62629 cls_loss:0.60447 rec_loss:1.28107 [18.63s]; best loss:0.59715, patience : 1
2026-07-13 21:11:56,796 P1081393 INFO pr:0.8947  rc:0.9733  auc:0.9993 ap:0.9907 f1: 0.9324 pred_right: 1058685 pred_wrong:37515 actu_right: 1061714 actu_wrong: 34486
2026-07-13 21:12:06,974 P1081393 INFO pr:0.8960  rc:0.9712  auc:0.9992 ap:0.9904 f1: 0.9320 pred_right: 453749 pred_wrong:16051 actu_right: 454992 actu_wrong: 14808
2026-07-13 21:12:06,980 P1081393 INFO ----------------------------------------------------------------------------------------------------
2026-07-13 21:12:06,980 P1081393 INFO 31/50 starting... lr: 0.001 para:0.03125
2026-07-13 21:12:26,557 P1081393 INFO Epoch 31/50, all_loss:0.57644 cls_loss:0.55326 rec_loss:1.29501 [19.57s]; best loss:0.57644, patience : 0
2026-07-13 21:12:36,362 P1081393 INFO pr:0.9031  rc:0.9628  auc:0.9993 ap:0.9896 f1: 0.9320 pred_right: 1059430 pred_wrong:36770 actu_right: 1061711 actu_wrong: 34489
2026-07-13 21:12:40,672 P1081393 INFO pr:0.9045  rc:0.9624  auc:0.9991 ap:0.9888 f1: 0.9325 pred_right: 454044 pred_wrong:15756 actu_right: 454992 actu_wrong: 14808
2026-07-13 21:12:40,672 P1081393 INFO ----------------------------------------------------------------------------------------------------
2026-07-13 21:12:40,673 P1081393 INFO 32/50 starting... lr: 0.001 para:0.03030303120613098
2026-07-13 21:12:59,679 P1081393 INFO Epoch 32/50, all_loss:0.55836 cls_loss:0.53444 rec_loss:1.32405 [19.00s]; best loss:0.55836, patience : 0
2026-07-13 21:13:09,857 P1081393 INFO pr:0.9290  rc:0.9370  auc:0.9994 ap:0.9916 f1: 0.9330 pred_right: 1061414 pred_wrong:34786 actu_right: 1061714 actu_wrong: 34486
2026-07-13 21:13:14,087 P1081393 INFO pr:0.9316  rc:0.9352  auc:0.9993 ap:0.9910 f1: 0.9334 pred_right: 454936 pred_wrong:14864 actu_right: 454992 actu_wrong: 14808
2026-07-13 21:13:14,092 P1081393 INFO ----------------------------------------------------------------------------------------------------
2026-07-13 21:13:14,092 P1081393 INFO 33/50 starting... lr: 0.001 para:0.029411764815449715
2026-07-13 21:13:34,201 P1081393 INFO Epoch 33/50, all_loss:0.54263 cls_loss:0.51851 rec_loss:1.33854 [20.10s]; best loss:0.54263, patience : 0
2026-07-13 21:13:50,637 P1081393 INFO pr:0.9399  rc:0.9248  auc:0.9991 ap:0.9915 f1: 0.9322 pred_right: 1062267 pred_wrong:33933 actu_right: 1061713 actu_wrong: 34487
2026-07-13 21:13:54,824 P1081393 INFO pr:0.9408  rc:0.9235  auc:0.9992 ap:0.9913 f1: 0.9320 pred_right: 455264 pred_wrong:14536 actu_right: 454992 actu_wrong: 14808
2026-07-13 21:13:54,825 P1081393 INFO ----------------------------------------------------------------------------------------------------
2026-07-13 21:13:54,825 P1081393 INFO 34/50 starting... lr: 0.001 para:0.02857142873108387
2026-07-13 21:14:13,401 P1081393 INFO Epoch 34/50, all_loss:0.55416 cls_loss:0.53074 rec_loss:1.35038 [18.58s]; best loss:0.54263, patience : 1
2026-07-13 21:14:23,242 P1081393 INFO pr:0.9155  rc:0.9649  auc:0.9994 ap:0.9907 f1: 0.9396 pred_right: 1059849 pred_wrong:36351 actu_right: 1061712 actu_wrong: 34488
2026-07-13 21:14:27,413 P1081393 INFO pr:0.9144  rc:0.9623  auc:0.9992 ap:0.9898 f1: 0.9377 pred_right: 454217 pred_wrong:15583 actu_right: 454992 actu_wrong: 14808
2026-07-13 21:14:27,418 P1081393 INFO ----------------------------------------------------------------------------------------------------
2026-07-13 21:14:27,418 P1081393 INFO 35/50 starting... lr: 0.001 para:0.02777777798473835
2026-07-13 21:14:46,148 P1081393 INFO Epoch 35/50, all_loss:0.54175 cls_loss:0.51787 rec_loss:1.37762 [18.73s]; best loss:0.54175, patience : 0
2026-07-13 21:14:57,556 P1081393 INFO pr:0.9019  rc:0.9515  auc:0.9993 ap:0.9899 f1: 0.9260 pred_right: 1059815 pred_wrong:36385 actu_right: 1061710 actu_wrong: 34490
2026-07-13 21:15:01,016 P1081393 INFO pr:0.9032  rc:0.9504  auc:0.9992 ap:0.9892 f1: 0.9262 pred_right: 454218 pred_wrong:15582 actu_right: 454992 actu_wrong: 14808
2026-07-13 21:15:01,017 P1081393 INFO ----------------------------------------------------------------------------------------------------
2026-07-13 21:15:01,017 P1081393 INFO 36/50 starting... lr: 0.001 para:0.027027027681469917
2026-07-13 21:15:26,944 P1081393 INFO Epoch 36/50, all_loss:0.58112 cls_loss:0.55855 rec_loss:1.39365 [25.93s]; best loss:0.54175, patience : 1
2026-07-13 21:15:36,847 P1081393 INFO pr:0.9241  rc:0.9478  auc:0.9991 ap:0.9908 f1: 0.9358 pred_right: 1060828 pred_wrong:35372 actu_right: 1061710 actu_wrong: 34490
2026-07-13 21:15:40,887 P1081393 INFO pr:0.9238  rc:0.9478  auc:0.9992 ap:0.9907 f1: 0.9357 pred_right: 454608 pred_wrong:15192 actu_right: 454992 actu_wrong: 14808
2026-07-13 21:15:40,888 P1081393 INFO ----------------------------------------------------------------------------------------------------
2026-07-13 21:15:40,888 P1081393 INFO 37/50 starting... lr: 0.001 para:0.02631578966975212
2026-07-13 21:15:59,348 P1081393 INFO Epoch 37/50, all_loss:0.51717 cls_loss:0.49397 rec_loss:1.37541 [18.46s]; best loss:0.51717, patience : 0
2026-07-13 21:16:09,304 P1081393 INFO pr:0.9295  rc:0.9463  auc:0.9994 ap:0.9903 f1: 0.9378 pred_right: 1061084 pred_wrong:35116 actu_right: 1061706 actu_wrong: 34494
2026-07-13 21:16:13,353 P1081393 INFO pr:0.9298  rc:0.9429  auc:0.9993 ap:0.9898 f1: 0.9363 pred_right: 454783 pred_wrong:15017 actu_right: 454992 actu_wrong: 14808
2026-07-13 21:16:13,354 P1081393 INFO ----------------------------------------------------------------------------------------------------
2026-07-13 21:16:13,354 P1081393 INFO 38/50 starting... lr: 0.001 para:0.025641025975346565
2026-07-13 21:16:32,543 P1081393 INFO Epoch 38/50, all_loss:0.51423 cls_loss:0.49063 rec_loss:1.41073 [19.18s]; best loss:0.51423, patience : 0
2026-07-13 21:16:41,484 P1081393 INFO pr:0.9302  rc:0.9491  auc:0.9995 ap:0.9920 f1: 0.9396 pred_right: 1061009 pred_wrong:35191 actu_right: 1061711 actu_wrong: 34489
2026-07-13 21:16:52,656 P1081393 INFO pr:0.9302  rc:0.9462  auc:0.9993 ap:0.9915 f1: 0.9381 pred_right: 454737 pred_wrong:15063 actu_right: 454992 actu_wrong: 14808
2026-07-13 21:16:52,658 P1081393 INFO ----------------------------------------------------------------------------------------------------
2026-07-13 21:16:52,659 P1081393 INFO 39/50 starting... lr: 0.001 para:0.02500000037252903
2026-07-13 21:17:13,510 P1081393 INFO Epoch 39/50, all_loss:0.50008 cls_loss:0.47632 rec_loss:1.42643 [20.85s]; best loss:0.50008, patience : 0
2026-07-13 21:17:23,074 P1081393 INFO pr:0.9400  rc:0.9343  auc:0.9995 ap:0.9923 f1: 0.9371 pred_right: 1061924 pred_wrong:34276 actu_right: 1061715 actu_wrong: 34485
2026-07-13 21:17:27,324 P1081393 INFO pr:0.9400  rc:0.9297  auc:0.9994 ap:0.9920 f1: 0.9348 pred_right: 455154 pred_wrong:14646 actu_right: 454992 actu_wrong: 14808
2026-07-13 21:17:27,325 P1081393 INFO ----------------------------------------------------------------------------------------------------
2026-07-13 21:17:27,325 P1081393 INFO 40/50 starting... lr: 0.001 para:0.024390242993831635
2026-07-13 21:17:46,135 P1081393 INFO Epoch 40/50, all_loss:0.50424 cls_loss:0.48056 rec_loss:1.45152 [18.81s]; best loss:0.50008, patience : 1
2026-07-13 21:17:55,971 P1081393 INFO pr:0.9516  rc:0.8940  auc:0.9994 ap:0.9921 f1: 0.9219 pred_right: 1063798 pred_wrong:32402 actu_right: 1061709 actu_wrong: 34491
2026-07-13 21:18:00,243 P1081393 INFO pr:0.9536  rc:0.8901  auc:0.9992 ap:0.9917 f1: 0.9207 pred_right: 455978 pred_wrong:13822 actu_right: 454992 actu_wrong: 14808
2026-07-13 21:18:00,244 P1081393 INFO ----------------------------------------------------------------------------------------------------
2026-07-13 21:18:00,244 P1081393 INFO 41/50 starting... lr: 0.001 para:0.02380952425301075
2026-07-13 21:18:21,006 P1081393 INFO Epoch 41/50, all_loss:0.49642 cls_loss:0.47288 rec_loss:1.46150 [20.76s]; best loss:0.49642, patience : 0
2026-07-13 21:18:36,452 P1081393 INFO pr:0.9141  rc:0.9750  auc:0.9993 ap:0.9922 f1: 0.9436 pred_right: 1059411 pred_wrong:36789 actu_right: 1061709 actu_wrong: 34491
2026-07-13 21:18:40,736 P1081393 INFO pr:0.9114  rc:0.9727  auc:0.9993 ap:0.9910 f1: 0.9411 pred_right: 453996 pred_wrong:15804 actu_right: 454992 actu_wrong: 14808
2026-07-13 21:18:40,741 P1081393 INFO ----------------------------------------------------------------------------------------------------
2026-07-13 21:18:40,741 P1081393 INFO 42/50 starting... lr: 0.001 para:0.023255813866853714
2026-07-13 21:18:59,368 P1081393 INFO Epoch 42/50, all_loss:0.48856 cls_loss:0.46496 rec_loss:1.47962 [18.62s]; best loss:0.48856, patience : 0
2026-07-13 21:19:09,178 P1081393 INFO pr:0.9180  rc:0.9772  auc:0.9996 ap:0.9931 f1: 0.9467 pred_right: 1059487 pred_wrong:36713 actu_right: 1061712 actu_wrong: 34488
2026-07-13 21:19:13,285 P1081393 INFO pr:0.9199  rc:0.9730  auc:0.9995 ap:0.9927 f1: 0.9457 pred_right: 454138 pred_wrong:15662 actu_right: 454992 actu_wrong: 14808
2026-07-13 21:19:13,289 P1081393 INFO ----------------------------------------------------------------------------------------------------
2026-07-13 21:19:13,289 P1081393 INFO 43/50 starting... lr: 0.001 para:0.022727273404598236
2026-07-13 21:19:32,625 P1081393 INFO Epoch 43/50, all_loss:0.51459 cls_loss:0.49203 rec_loss:1.48431 [19.33s]; best loss:0.48856, patience : 1
2026-07-13 21:19:43,277 P1081393 INFO pr:0.9345  rc:0.9557  auc:0.9995 ap:0.9924 f1: 0.9450 pred_right: 1060937 pred_wrong:35263 actu_right: 1061718 actu_wrong: 34482
2026-07-13 21:19:46,959 P1081393 INFO pr:0.9351  rc:0.9514  auc:0.9993 ap:0.9918 f1: 0.9432 pred_right: 454733 pred_wrong:15067 actu_right: 454992 actu_wrong: 14808
2026-07-13 21:19:46,960 P1081393 INFO ----------------------------------------------------------------------------------------------------
2026-07-13 21:19:46,960 P1081393 INFO 44/50 starting... lr: 0.001 para:0.02222222276031971
2026-07-13 21:20:12,246 P1081393 INFO Epoch 44/50, all_loss:0.47591 cls_loss:0.45357 rec_loss:1.45882 [25.28s]; best loss:0.47591, patience : 0
2026-07-13 21:20:22,141 P1081393 INFO pr:0.9361  rc:0.9672  auc:0.9996 ap:0.9940 f1: 0.9513 pred_right: 1060562 pred_wrong:35638 actu_right: 1061708 actu_wrong: 34492
2026-07-13 21:20:26,461 P1081393 INFO pr:0.9352  rc:0.9642  auc:0.9995 ap:0.9936 f1: 0.9495 pred_right: 454533 pred_wrong:15267 actu_right: 454992 actu_wrong: 14808
2026-07-13 21:20:26,465 P1081393 INFO ----------------------------------------------------------------------------------------------------
2026-07-13 21:20:26,469 P1081393 INFO 45/50 starting... lr: 0.001 para:0.021739130839705467
2026-07-13 21:20:45,108 P1081393 INFO Epoch 45/50, all_loss:0.46512 cls_loss:0.44224 rec_loss:1.49458 [18.63s]; best loss:0.46512, patience : 0
2026-07-13 21:20:55,025 P1081393 INFO pr:0.9431  rc:0.9165  auc:0.9993 ap:0.9916 f1: 0.9296 pred_right: 1062682 pred_wrong:33518 actu_right: 1061710 actu_wrong: 34490
2026-07-13 21:20:59,224 P1081393 INFO pr:0.9429  rc:0.9135  auc:0.9991 ap:0.9909 f1: 0.9280 pred_right: 455454 pred_wrong:14346 actu_right: 454992 actu_wrong: 14808
2026-07-13 21:20:59,225 P1081393 INFO ----------------------------------------------------------------------------------------------------
2026-07-13 21:20:59,225 P1081393 INFO 46/50 starting... lr: 0.001 para:0.021276595070958138
2026-07-13 21:21:18,275 P1081393 INFO Epoch 46/50, all_loss:0.47564 cls_loss:0.45316 rec_loss:1.50977 [19.05s]; best loss:0.46512, patience : 1
2026-07-13 21:21:27,983 P1081393 INFO pr:0.9335  rc:0.9711  auc:0.9995 ap:0.9941 f1: 0.9519 pred_right: 1060323 pred_wrong:35877 actu_right: 1061712 actu_wrong: 34488
2026-07-13 21:21:36,997 P1081393 INFO pr:0.9330  rc:0.9679  auc:0.9994 ap:0.9934 f1: 0.9501 pred_right: 454439 pred_wrong:15361 actu_right: 454992 actu_wrong: 14808
2026-07-13 21:21:37,007 P1081393 INFO ----------------------------------------------------------------------------------------------------
2026-07-13 21:21:37,007 P1081393 INFO 47/50 starting... lr: 0.001 para:0.02083333395421505
2026-07-13 21:21:57,555 P1081393 INFO Epoch 47/50, all_loss:0.44794 cls_loss:0.42537 rec_loss:1.50876 [20.54s]; best loss:0.44794, patience : 0
2026-07-13 21:22:07,783 P1081393 INFO pr:0.9271  rc:0.9780  auc:0.9994 ap:0.9934 f1: 0.9519 pred_right: 1059816 pred_wrong:36384 actu_right: 1061713 actu_wrong: 34487
2026-07-13 21:22:11,954 P1081393 INFO pr:0.9264  rc:0.9743  auc:0.9994 ap:0.9929 f1: 0.9498 pred_right: 454226 pred_wrong:15574 actu_right: 454992 actu_wrong: 14808
2026-07-13 21:22:11,955 P1081393 INFO ----------------------------------------------------------------------------------------------------
2026-07-13 21:22:11,956 P1081393 INFO 48/50 starting... lr: 0.001 para:0.020408162847161293
2026-07-13 21:22:30,406 P1081393 INFO Epoch 48/50, all_loss:0.44504 cls_loss:0.42238 rec_loss:1.53273 [18.45s]; best loss:0.44504, patience : 0
2026-07-13 21:22:40,412 P1081393 INFO pr:0.9469  rc:0.9223  auc:0.9995 ap:0.9921 f1: 0.9344 pred_right: 1062609 pred_wrong:33591 actu_right: 1061712 actu_wrong: 34488
2026-07-13 21:22:44,498 P1081393 INFO pr:0.9467  rc:0.9171  auc:0.9994 ap:0.9917 f1: 0.9317 pred_right: 455455 pred_wrong:14345 actu_right: 454992 actu_wrong: 14808
2026-07-13 21:22:44,499 P1081393 INFO ----------------------------------------------------------------------------------------------------
2026-07-13 21:22:44,499 P1081393 INFO 49/50 starting... lr: 0.001 para:0.019999999552965164
2026-07-13 21:23:05,464 P1081393 INFO Epoch 49/50, all_loss:0.44353 cls_loss:0.42127 rec_loss:1.53439 [20.96s]; best loss:0.44353, patience : 0
2026-07-13 21:23:20,538 P1081393 INFO pr:0.9384  rc:0.9532  auc:0.9995 ap:0.9937 f1: 0.9457 pred_right: 1061170 pred_wrong:35030 actu_right: 1061714 actu_wrong: 34486
2026-07-13 21:23:24,752 P1081393 INFO pr:0.9372  rc:0.9478  auc:0.9994 ap:0.9933 f1: 0.9425 pred_right: 454824 pred_wrong:14976 actu_right: 454992 actu_wrong: 14808
2026-07-13 21:23:24,753 P1081393 INFO saving model...
2026-07-13 21:23:24,753 P1081393 INFO FITS_Legendre - loss  best score:0.443528950214386 at epoch 49
2026-07-13 21:23:24,759 P1081393 INFO FITS_Legendre - f1  best score:0.951893697150572 at epoch 46
2026-07-13 21:23:24,764 P1081393 INFO Average training time per epoch: 20.72 seconds
2026-07-13 21:23:24,765 P1081393 INFO calculate scores...
2026-07-13 21:23:24,765 P1081393 INFO calculate label with loss...
2026-07-13 21:23:24,765 P1081393 INFO FITS_Legendre on ./result/server_only_exps/Basis_updatedFreDF/FITS_Legendre-TT-Epochs50-Seed2-ExpNameRQ2_basis_comparison-BasisTypechebyshev loading...
2026-07-13 21:23:28,928 P1081393 INFO pr:0.9372  rc:0.9478  auc:0.9994 ap:0.9933 f1: 0.9425 pred_right: 454824 pred_wrong:14976 actu_right: 454992 actu_wrong: 14808
2026-07-13 21:23:41,646 P1081393 INFO pr:0.9372  rc:0.9478  auc:0.9994 ap:0.9933 f1: 0.9425 pred_right: 454824 pred_wrong:14976 actu_right: 454992 actu_wrong: 14808
2026-07-13 21:23:41,653 P1081393 INFO Performance Summary:
{'GPU': {'inference_time_per_sample_ms': 0.20705750002242393, 'throughput_samples_per_sec': 4829.576324893819, 'peak_memory_mb': 138.52783203125, 'energy_per_sample_joules': 0.0119992927125495}, 'CPU': {'inference_time_per_sample_ms': 0.6957122023152156, 'throughput_samples_per_sec': 1437.3759676374293, 'peak_memory_mb': 5844.59765625, 'energy_per_sample_joules': 0.04522129315048901}}
2026-07-13 21:23:41,654 P1081393 INFO Starting clean-room hardware benchmarking...
2026-07-13 21:23:42,451 P1081393 INFO Performance with loss: pr:0.9372  rc:0.9478  auc:0.9994 ap:0.9933 f1: 0.9425 pred_right: 454824 pred_wrong:14976 actu_right: 454992 actu_wrong: 14808
2026-07-13 21:23:42,451 P1081393 INFO calculate label with f1...
2026-07-13 21:23:42,451 P1081393 INFO FITS_Legendre on ./result/server_only_exps/Basis_updatedFreDF/FITS_Legendre-TT-Epochs50-Seed2-ExpNameRQ2_basis_comparison-BasisTypechebyshev loading...
2026-07-13 21:23:46,793 P1081393 INFO pr:0.9330  rc:0.9679  auc:0.9994 ap:0.9934 f1: 0.9501 pred_right: 454439 pred_wrong:15361 actu_right: 454992 actu_wrong: 14808
2026-07-13 21:23:59,463 P1081393 INFO pr:0.9330  rc:0.9679  auc:0.9994 ap:0.9934 f1: 0.9501 pred_right: 454439 pred_wrong:15361 actu_right: 454992 actu_wrong: 14808
2026-07-13 21:23:59,463 P1081393 INFO Performance Summary:
{'GPU': {'inference_time_per_sample_ms': 0.215385708551593, 'throughput_samples_per_sec': 4642.833578535515, 'peak_memory_mb': 138.02099609375, 'energy_per_sample_joules': 0.012822449694347711}, 'CPU': {'inference_time_per_sample_ms': 0.6935273738734073, 'throughput_samples_per_sec': 1441.9041521244042, 'peak_memory_mb': 5708.640625, 'energy_per_sample_joules': 0.045079279301771476}}
2026-07-13 21:23:59,463 P1081393 INFO Starting clean-room hardware benchmarking...
2026-07-13 21:24:00,290 P1081393 INFO Performance with f1: pr:0.9330  rc:0.9679  auc:0.9994 ap:0.9934 f1: 0.9501 pred_right: 454439 pred_wrong:15361 actu_right: 454992 actu_wrong: 14808
