2026-07-23 14:58:09,878 P76283 INFO ---- Model: ----MSTGAD-a1adbcf7----random_seed : 2----req_loss_approach : Legendre-style----rec_lambda : 1.0----auxi_lambda : 0.2----Freq Domain : FITS_Legendre----Multi Fits : false----train : True----evaluate : False
2026-07-23 14:58:09,878 P76283 INFO Load from /home/db2003/Desktop/Amr/Tests/Eadro/codes/chunks/TT
2026-07-23 14:58:20,967 P76283 INFO Fewshot: training with 1.0 of the 70% of the data
2026-07-23 14:58:21,055 P76283 INFO Trainable Parameters Breakdown:
2026-07-23 14:58:21,055 P76283 INFO --------------------------------------------------------------------------------
2026-07-23 14:58:21,055 P76283 INFO Reconstruction-Specific Parameters:
2026-07-23 14:58:21,055 P76283 INFO node_emb.linear.weight                   | shape: (8, 7)                    | params: 56
2026-07-23 14:58:21,055 P76283 INFO node_emb.linear.bias                     | shape: (8,)                      | params: 8
2026-07-23 14:58:21,056 P76283 INFO log_emb.linear.weight                    | shape: (32, 60)                  | params: 1,920
2026-07-23 14:58:21,056 P76283 INFO log_emb.linear.bias                      | shape: (32,)                     | params: 32
2026-07-23 14:58:21,056 P76283 INFO egde_emb.linear.weight                   | shape: (8, 2)                    | params: 16
2026-07-23 14:58:21,056 P76283 INFO egde_emb.linear.bias                     | shape: (8,)                      | params: 8
2026-07-23 14:58:21,056 P76283 INFO dense_node.weight                        | shape: (7, 8)                    | params: 56
2026-07-23 14:58:21,056 P76283 INFO dense_node.bias                          | shape: (7,)                      | params: 7
2026-07-23 14:58:21,056 P76283 INFO dense_log.weight                         | shape: (60, 32)                  | params: 1,920
2026-07-23 14:58:21,056 P76283 INFO dense_log.bias                           | shape: (60,)                     | params: 60
2026-07-23 14:58:21,056 P76283 INFO dense_edge.weight                        | shape: (2, 8)                    | params: 16
2026-07-23 14:58:21,056 P76283 INFO dense_edge.bias                          | shape: (2,)                      | params: 2
2026-07-23 14:58:21,056 P76283 INFO linear_attn.Wq.weight                    | shape: (10, 10)                  | params: 100
2026-07-23 14:58:21,056 P76283 INFO linear_attn.Wk.weight                    | shape: (10, 10)                  | params: 100
2026-07-23 14:58:21,056 P76283 INFO linear_attn.Wv.weight                    | shape: (10, 10)                  | params: 100
2026-07-23 14:58:21,056 P76283 INFO linear_attn.out.weight                   | shape: (10, 10)                  | params: 100
2026-07-23 14:58:21,056 P76283 INFO linear_attn.out.bias                     | shape: (10,)                     | params: 10
2026-07-23 14:58:21,056 P76283 INFO linear_attn.norm.weight                  | shape: (10,)                     | params: 10
2026-07-23 14:58:21,056 P76283 INFO linear_attn.norm.bias                    | shape: (10,)                     | params: 10
2026-07-23 14:58:21,056 P76283 INFO shared_fits.normlin_W                    | shape: (5, 5)                    | params: 25
2026-07-23 14:58:21,056 P76283 INFO shared_fits.freq_upsampler.weight        | shape: (5, 5)                    | params: 25
2026-07-23 14:58:21,056 P76283 INFO shared_fits.freq_upsampler.bias          | shape: (5,)                      | params: 5
2026-07-23 14:58:21,056 P76283 INFO modality_proj.node.weight                | shape: (10, 8)                   | params: 80
2026-07-23 14:58:21,056 P76283 INFO modality_proj.node.bias                  | shape: (10,)                     | params: 10
2026-07-23 14:58:21,056 P76283 INFO modality_proj.log.weight                 | shape: (10, 32)                  | params: 320
2026-07-23 14:58:21,057 P76283 INFO modality_proj.log.bias                   | shape: (10,)                     | params: 10
2026-07-23 14:58:21,057 P76283 INFO modality_proj.edge.weight                | shape: (10, 8)                   | params: 80
2026-07-23 14:58:21,057 P76283 INFO modality_proj.edge.bias                  | shape: (10,)                     | params: 10
2026-07-23 14:58:21,057 P76283 INFO modality_proj_out.node.weight            | shape: (8, 10)                   | params: 80
2026-07-23 14:58:21,057 P76283 INFO modality_proj_out.node.bias              | shape: (8,)                      | params: 8
2026-07-23 14:58:21,057 P76283 INFO modality_proj_out.log.weight             | shape: (32, 10)                  | params: 320
2026-07-23 14:58:21,057 P76283 INFO modality_proj_out.log.bias               | shape: (32,)                     | params: 32
2026-07-23 14:58:21,057 P76283 INFO modality_proj_out.edge.weight            | shape: (8, 10)                   | params: 80
2026-07-23 14:58:21,057 P76283 INFO modality_proj_out.edge.bias              | shape: (8,)                      | params: 8
2026-07-23 14:58:21,057 P76283 INFO Subtotal: 5,624
2026-07-23 14:58:21,057 P76283 INFO --------------------------------------------------------------------------------
2026-07-23 14:58:21,057 P76283 INFO Common Parameters:
2026-07-23 14:58:21,057 P76283 INFO show.0.weight                            | shape: (128, 69)                 | params: 8,832
2026-07-23 14:58:21,057 P76283 INFO show.0.bias                              | shape: (128,)                    | params: 128
2026-07-23 14:58:21,057 P76283 INFO show.2.weight                            | shape: (2, 128)                  | params: 256
2026-07-23 14:58:21,057 P76283 INFO show.2.bias                              | shape: (2,)                      | params: 2
2026-07-23 14:58:21,057 P76283 INFO Subtotal: 9,218
2026-07-23 14:58:21,057 P76283 INFO --------------------------------------------------------------------------------
2026-07-23 14:58:21,057 P76283 INFO Total Trainable Parameters: 14,842

2026-07-23 14:58:21,057 P76283 INFO Trainable Parameters: 14842, reconstruction: 5624, common: 9218
2026-07-23 14:58:21,057 P76283 INFO model : init weight
2026-07-23 14:58:21,058 P76283 INFO Using GPU...
2026-07-23 14:58:21,063 P76283 INFO optimizer : using AdaBelief
2026-07-23 14:58:21,063 P76283 INFO ----------------------------------------------------------------------------------------------------
2026-07-23 14:58:21,063 P76283 INFO 0/50 starting... lr: 0.001 para:1.0
2026-07-23 14:58:40,666 P76283 INFO Epoch 0/50, all_loss:0.19625 cls_loss:32.41037 rec_loss:0.19625 [19.60s]; best loss:0.19625, patience : 0
2026-07-23 14:58:40,666 P76283 INFO ----------------------------------------------------------------------------------------------------
2026-07-23 14:58:40,666 P76283 INFO 1/50 starting... lr: 0.001 para:0.5
2026-07-23 14:59:00,538 P76283 INFO Epoch 1/50, all_loss:2.72369 cls_loss:5.27252 rec_loss:0.17486 [19.87s]; best loss:2.72369, patience : 0
2026-07-23 14:59:00,538 P76283 INFO ----------------------------------------------------------------------------------------------------
2026-07-23 14:59:00,538 P76283 INFO 2/50 starting... lr: 0.001 para:0.3333333432674408
2026-07-23 14:59:23,432 P76283 INFO Epoch 2/50, all_loss:2.36356 cls_loss:3.38401 rec_loss:0.32265 [22.89s]; best loss:2.36356, patience : 0
2026-07-23 14:59:35,147 P76283 INFO pr:0.8990  rc:0.3999  auc:0.9725 ap:0.8392 f1: 0.5536 pred_right: 1080857 pred_wrong:15343 actu_right: 1061707 actu_wrong: 34493
2026-07-23 14:59:39,470 P76283 INFO pr:0.8876  rc:0.3961  auc:0.9726 ap:0.8385 f1: 0.5478 pred_right: 463191 pred_wrong:6609 actu_right: 454992 actu_wrong: 14808
2026-07-23 14:59:39,474 P76283 INFO ----------------------------------------------------------------------------------------------------
2026-07-23 14:59:39,474 P76283 INFO 3/50 starting... lr: 0.001 para:0.25
2026-07-23 14:59:58,050 P76283 INFO Epoch 3/50, all_loss:2.10563 cls_loss:2.66477 rec_loss:0.42820 [18.57s]; best loss:2.10563, patience : 0
2026-07-23 15:00:08,480 P76283 INFO pr:0.9229  rc:0.4239  auc:0.9827 ap:0.8717 f1: 0.5810 pred_right: 1080358 pred_wrong:15842 actu_right: 1061708 actu_wrong: 34492
2026-07-23 15:00:12,870 P76283 INFO pr:0.9182  rc:0.4221  auc:0.9824 ap:0.8712 f1: 0.5784 pred_right: 462992 pred_wrong:6808 actu_right: 454992 actu_wrong: 14808
2026-07-23 15:00:12,874 P76283 INFO ----------------------------------------------------------------------------------------------------
2026-07-23 15:00:12,874 P76283 INFO 4/50 starting... lr: 0.001 para:0.20000000298023224
2026-07-23 15:00:31,772 P76283 INFO Epoch 4/50, all_loss:1.96937 cls_loss:2.33861 rec_loss:0.49240 [18.89s]; best loss:1.96937, patience : 0
2026-07-23 15:00:42,441 P76283 INFO pr:0.8306  rc:0.5242  auc:0.9851 ap:0.8839 f1: 0.6427 pred_right: 1074431 pred_wrong:21769 actu_right: 1061706 actu_wrong: 34494
2026-07-23 15:00:46,456 P76283 INFO pr:0.8307  rc:0.5201  auc:0.9848 ap:0.8821 f1: 0.6397 pred_right: 460528 pred_wrong:9272 actu_right: 454992 actu_wrong: 14808
2026-07-23 15:00:46,460 P76283 INFO ----------------------------------------------------------------------------------------------------
2026-07-23 15:00:46,460 P76283 INFO 5/50 starting... lr: 0.001 para:0.1666666716337204
2026-07-23 15:01:12,701 P76283 INFO Epoch 5/50, all_loss:1.93783 cls_loss:2.21936 rec_loss:0.53018 [26.24s]; best loss:1.93783, patience : 0
2026-07-23 15:01:22,838 P76283 INFO pr:0.7417  rc:0.6503  auc:0.9874 ap:0.8988 f1: 0.6930 pred_right: 1065961 pred_wrong:30239 actu_right: 1061711 actu_wrong: 34489
2026-07-23 15:01:27,014 P76283 INFO pr:0.7415  rc:0.6467  auc:0.9872 ap:0.8978 f1: 0.6909 pred_right: 456884 pred_wrong:12916 actu_right: 454992 actu_wrong: 14808
2026-07-23 15:01:27,018 P76283 INFO ----------------------------------------------------------------------------------------------------
2026-07-23 15:01:27,018 P76283 INFO 6/50 starting... lr: 0.001 para:0.1428571492433548
2026-07-23 15:01:45,972 P76283 INFO Epoch 6/50, all_loss:1.84660 cls_loss:2.06480 rec_loss:0.53743 [18.95s]; best loss:1.84660, patience : 0
2026-07-23 15:01:55,952 P76283 INFO pr:0.9482  rc:0.4612  auc:0.9888 ap:0.9069 f1: 0.6205 pred_right: 1079425 pred_wrong:16775 actu_right: 1061709 actu_wrong: 34491
2026-07-23 15:02:00,266 P76283 INFO pr:0.9402  rc:0.4590  auc:0.9885 ap:0.9057 f1: 0.6169 pred_right: 462571 pred_wrong:7229 actu_right: 454992 actu_wrong: 14808
2026-07-23 15:02:00,267 P76283 INFO ----------------------------------------------------------------------------------------------------
2026-07-23 15:02:00,267 P76283 INFO 7/50 starting... lr: 0.001 para:0.125
2026-07-23 15:02:19,293 P76283 INFO Epoch 7/50, all_loss:1.81955 cls_loss:2.00212 rec_loss:0.54153 [19.02s]; best loss:1.81955, patience : 0
2026-07-23 15:02:30,861 P76283 INFO pr:0.8940  rc:0.5384  auc:0.9900 ap:0.9095 f1: 0.6721 pred_right: 1075430 pred_wrong:20770 actu_right: 1061710 actu_wrong: 34490
2026-07-23 15:02:40,617 P76283 INFO pr:0.8884  rc:0.5357  auc:0.9896 ap:0.9084 f1: 0.6684 pred_right: 460872 pred_wrong:8928 actu_right: 454992 actu_wrong: 14808
2026-07-23 15:02:40,618 P76283 INFO ----------------------------------------------------------------------------------------------------
2026-07-23 15:02:40,618 P76283 INFO 8/50 starting... lr: 0.001 para:0.1111111119389534
2026-07-23 15:03:00,116 P76283 INFO Epoch 8/50, all_loss:1.83818 cls_loss:1.99809 rec_loss:0.55890 [19.50s]; best loss:1.81955, patience : 1
2026-07-23 15:03:10,134 P76283 INFO pr:0.8923  rc:0.5758  auc:0.9901 ap:0.9171 f1: 0.6999 pred_right: 1073942 pred_wrong:22258 actu_right: 1061707 actu_wrong: 34493
2026-07-23 15:03:14,453 P76283 INFO pr:0.8898  rc:0.5729  auc:0.9898 ap:0.9169 f1: 0.6970 pred_right: 460265 pred_wrong:9535 actu_right: 454992 actu_wrong: 14808
2026-07-23 15:03:14,457 P76283 INFO ----------------------------------------------------------------------------------------------------
2026-07-23 15:03:14,457 P76283 INFO 9/50 starting... lr: 0.001 para:0.10000000149011612
2026-07-23 15:03:33,706 P76283 INFO Epoch 9/50, all_loss:1.75738 cls_loss:1.88968 rec_loss:0.56662 [19.24s]; best loss:1.75738, patience : 0
2026-07-23 15:03:44,000 P76283 INFO pr:0.8774  rc:0.6159  auc:0.9913 ap:0.9196 f1: 0.7238 pred_right: 1071991 pred_wrong:24209 actu_right: 1061712 actu_wrong: 34488
2026-07-23 15:03:48,703 P76283 INFO pr:0.8741  rc:0.6138  auc:0.9908 ap:0.9191 f1: 0.7212 pred_right: 459402 pred_wrong:10398 actu_right: 454992 actu_wrong: 14808
2026-07-23 15:03:48,710 P76283 INFO ----------------------------------------------------------------------------------------------------
2026-07-23 15:03:48,710 P76283 INFO 10/50 starting... lr: 0.001 para:0.09090909361839294
2026-07-23 15:04:11,808 P76283 INFO Epoch 10/50, all_loss:1.71380 cls_loss:1.82778 rec_loss:0.57405 [23.09s]; best loss:1.71380, patience : 0
2026-07-23 15:04:25,487 P76283 INFO pr:0.8720  rc:0.6434  auc:0.9917 ap:0.9254 f1: 0.7405 pred_right: 1070748 pred_wrong:25452 actu_right: 1061709 actu_wrong: 34491
2026-07-23 15:04:29,832 P76283 INFO pr:0.8704  rc:0.6411  auc:0.9913 ap:0.9251 f1: 0.7383 pred_right: 458893 pred_wrong:10907 actu_right: 454992 actu_wrong: 14808
2026-07-23 15:04:29,836 P76283 INFO ----------------------------------------------------------------------------------------------------
2026-07-23 15:04:29,836 P76283 INFO 11/50 starting... lr: 0.001 para:0.0833333358168602
2026-07-23 15:04:48,530 P76283 INFO Epoch 11/50, all_loss:1.70913 cls_loss:1.81082 rec_loss:0.59055 [18.69s]; best loss:1.70913, patience : 0
2026-07-23 15:04:59,279 P76283 INFO pr:0.8054  rc:0.7199  auc:0.9920 ap:0.9288 f1: 0.7603 pred_right: 1065376 pred_wrong:30824 actu_right: 1061715 actu_wrong: 34485
2026-07-23 15:05:03,852 P76283 INFO pr:0.8061  rc:0.7163  auc:0.9914 ap:0.9280 f1: 0.7585 pred_right: 456641 pred_wrong:13159 actu_right: 454992 actu_wrong: 14808
2026-07-23 15:05:03,856 P76283 INFO ----------------------------------------------------------------------------------------------------
2026-07-23 15:05:03,856 P76283 INFO 12/50 starting... lr: 0.001 para:0.07692307978868484
2026-07-23 15:05:24,313 P76283 INFO Epoch 12/50, all_loss:1.64819 cls_loss:1.73547 rec_loss:0.60088 [20.45s]; best loss:1.64819, patience : 0
2026-07-23 15:05:33,259 P76283 INFO pr:0.7947  rc:0.7389  auc:0.9920 ap:0.9315 f1: 0.7658 pred_right: 1064133 pred_wrong:32067 actu_right: 1061711 actu_wrong: 34489
2026-07-23 15:05:37,291 P76283 INFO pr:0.7967  rc:0.7364  auc:0.9916 ap:0.9312 f1: 0.7654 pred_right: 456112 pred_wrong:13688 actu_right: 454992 actu_wrong: 14808
2026-07-23 15:05:37,300 P76283 INFO ----------------------------------------------------------------------------------------------------
2026-07-23 15:05:37,300 P76283 INFO 13/50 starting... lr: 0.001 para:0.0714285746216774
2026-07-23 15:06:03,851 P76283 INFO Epoch 13/50, all_loss:1.63894 cls_loss:1.71811 rec_loss:0.60978 [26.55s]; best loss:1.63894, patience : 0
2026-07-23 15:06:14,325 P76283 INFO pr:0.8955  rc:0.6729  auc:0.9925 ap:0.9362 f1: 0.7685 pred_right: 1070285 pred_wrong:25915 actu_right: 1061713 actu_wrong: 34487
2026-07-23 15:06:18,704 P76283 INFO pr:0.8974  rc:0.6745  auc:0.9921 ap:0.9361 f1: 0.7701 pred_right: 458670 pred_wrong:11130 actu_right: 454992 actu_wrong: 14808
2026-07-23 15:06:18,708 P76283 INFO ----------------------------------------------------------------------------------------------------
2026-07-23 15:06:18,708 P76283 INFO 14/50 starting... lr: 0.001 para:0.06666667014360428
2026-07-23 15:06:37,960 P76283 INFO Epoch 14/50, all_loss:1.59308 cls_loss:1.66072 rec_loss:0.64609 [19.25s]; best loss:1.59308, patience : 0
2026-07-23 15:06:48,466 P76283 INFO pr:0.8260  rc:0.7404  auc:0.9925 ap:0.9377 f1: 0.7808 pred_right: 1065282 pred_wrong:30918 actu_right: 1061707 actu_wrong: 34493
2026-07-23 15:06:52,901 P76283 INFO pr:0.8309  rc:0.7385  auc:0.9922 ap:0.9376 f1: 0.7820 pred_right: 456638 pred_wrong:13162 actu_right: 454992 actu_wrong: 14808
2026-07-23 15:06:52,906 P76283 INFO ----------------------------------------------------------------------------------------------------
2026-07-23 15:06:52,906 P76283 INFO 15/50 starting... lr: 0.001 para:0.0625
2026-07-23 15:07:11,400 P76283 INFO Epoch 15/50, all_loss:1.58891 cls_loss:1.65045 rec_loss:0.66580 [18.49s]; best loss:1.58891, patience : 0
2026-07-23 15:07:30,040 P76283 INFO pr:0.8807  rc:0.6901  auc:0.9927 ap:0.9368 f1: 0.7738 pred_right: 1069174 pred_wrong:27026 actu_right: 1061710 actu_wrong: 34490
2026-07-23 15:07:34,432 P76283 INFO pr:0.8844  rc:0.6904  auc:0.9921 ap:0.9358 f1: 0.7754 pred_right: 458241 pred_wrong:11559 actu_right: 454992 actu_wrong: 14808
2026-07-23 15:07:34,433 P76283 INFO ----------------------------------------------------------------------------------------------------
2026-07-23 15:07:34,433 P76283 INFO 16/50 starting... lr: 0.001 para:0.05882352963089943
2026-07-23 15:07:53,227 P76283 INFO Epoch 16/50, all_loss:1.56118 cls_loss:1.61590 rec_loss:0.68572 [18.79s]; best loss:1.56118, patience : 0
2026-07-23 15:08:03,634 P76283 INFO pr:0.9581  rc:0.5630  auc:0.9929 ap:0.9401 f1: 0.7092 pred_right: 1075933 pred_wrong:20267 actu_right: 1061709 actu_wrong: 34491
2026-07-23 15:08:07,971 P76283 INFO pr:0.9596  rc:0.5668  auc:0.9925 ap:0.9398 f1: 0.7127 pred_right: 461054 pred_wrong:8746 actu_right: 454992 actu_wrong: 14808
2026-07-23 15:08:07,971 P76283 INFO ----------------------------------------------------------------------------------------------------
2026-07-23 15:08:07,972 P76283 INFO 17/50 starting... lr: 0.001 para:0.0555555559694767
2026-07-23 15:08:27,185 P76283 INFO Epoch 17/50, all_loss:1.52363 cls_loss:1.57184 rec_loss:0.70408 [19.21s]; best loss:1.52363, patience : 0
2026-07-23 15:08:39,080 P76283 INFO pr:0.8790  rc:0.7247  auc:0.9935 ap:0.9440 f1: 0.7944 pred_right: 1067767 pred_wrong:28433 actu_right: 1061713 actu_wrong: 34487
2026-07-23 15:08:42,555 P76283 INFO pr:0.8811  rc:0.7243  auc:0.9930 ap:0.9435 f1: 0.7950 pred_right: 457626 pred_wrong:12174 actu_right: 454992 actu_wrong: 14808
2026-07-23 15:08:42,559 P76283 INFO ----------------------------------------------------------------------------------------------------
2026-07-23 15:08:42,559 P76283 INFO 18/50 starting... lr: 0.001 para:0.05263157933950424
2026-07-23 15:09:07,840 P76283 INFO Epoch 18/50, all_loss:1.52356 cls_loss:1.56871 rec_loss:0.71085 [25.28s]; best loss:1.52356, patience : 0
2026-07-23 15:09:18,204 P76283 INFO pr:0.9375  rc:0.6563  auc:0.9942 ap:0.9473 f1: 0.7721 pred_right: 1072057 pred_wrong:24143 actu_right: 1061712 actu_wrong: 34488
2026-07-23 15:09:22,410 P76283 INFO pr:0.9391  rc:0.6548  auc:0.9938 ap:0.9470 f1: 0.7716 pred_right: 459475 pred_wrong:10325 actu_right: 454992 actu_wrong: 14808
2026-07-23 15:09:22,410 P76283 INFO ----------------------------------------------------------------------------------------------------
2026-07-23 15:09:22,411 P76283 INFO 19/50 starting... lr: 0.001 para:0.05000000074505806
2026-07-23 15:09:41,659 P76283 INFO Epoch 19/50, all_loss:1.49159 cls_loss:1.53263 rec_loss:0.71167 [19.24s]; best loss:1.49159, patience : 0
2026-07-23 15:09:51,995 P76283 INFO pr:0.9170  rc:0.7007  auc:0.9938 ap:0.9463 f1: 0.7944 pred_right: 1069846 pred_wrong:26354 actu_right: 1061712 actu_wrong: 34488
2026-07-23 15:09:56,509 P76283 INFO pr:0.9161  rc:0.6995  auc:0.9936 ap:0.9463 f1: 0.7933 pred_right: 458493 pred_wrong:11307 actu_right: 454992 actu_wrong: 14808
2026-07-23 15:09:56,510 P76283 INFO ----------------------------------------------------------------------------------------------------
2026-07-23 15:09:56,510 P76283 INFO 20/50 starting... lr: 0.001 para:0.0476190485060215
2026-07-23 15:10:15,582 P76283 INFO Epoch 20/50, all_loss:1.46858 cls_loss:1.50599 rec_loss:0.72033 [19.07s]; best loss:1.46858, patience : 0
2026-07-23 15:10:25,000 P76283 INFO pr:0.9340  rc:0.6695  auc:0.9943 ap:0.9495 f1: 0.7800 pred_right: 1071477 pred_wrong:24723 actu_right: 1061709 actu_wrong: 34491
2026-07-23 15:10:37,220 P76283 INFO pr:0.9354  rc:0.6703  auc:0.9939 ap:0.9490 f1: 0.7810 pred_right: 459188 pred_wrong:10612 actu_right: 454992 actu_wrong: 14808
2026-07-23 15:10:37,221 P76283 INFO ----------------------------------------------------------------------------------------------------
2026-07-23 15:10:37,222 P76283 INFO 21/50 starting... lr: 0.001 para:0.04545454680919647
2026-07-23 15:10:57,104 P76283 INFO Epoch 21/50, all_loss:1.43586 cls_loss:1.46852 rec_loss:0.75001 [19.88s]; best loss:1.43586, patience : 0
2026-07-23 15:11:07,661 P76283 INFO pr:0.9078  rc:0.7137  auc:0.9945 ap:0.9493 f1: 0.7991 pred_right: 1069084 pred_wrong:27116 actu_right: 1061710 actu_wrong: 34490
2026-07-23 15:11:11,818 P76283 INFO pr:0.9107  rc:0.7141  auc:0.9942 ap:0.9484 f1: 0.8005 pred_right: 458188 pred_wrong:11612 actu_right: 454992 actu_wrong: 14808
2026-07-23 15:11:11,822 P76283 INFO ----------------------------------------------------------------------------------------------------
2026-07-23 15:11:11,822 P76283 INFO 22/50 starting... lr: 0.001 para:0.043478261679410934
2026-07-23 15:11:30,655 P76283 INFO Epoch 22/50, all_loss:1.40715 cls_loss:1.43618 rec_loss:0.76849 [18.83s]; best loss:1.40715, patience : 0
2026-07-23 15:11:40,821 P76283 INFO pr:0.8480  rc:0.7719  auc:0.9945 ap:0.9495 f1: 0.8082 pred_right: 1064803 pred_wrong:31397 actu_right: 1061707 actu_wrong: 34493
2026-07-23 15:11:45,169 P76283 INFO pr:0.8522  rc:0.7669  auc:0.9942 ap:0.9487 f1: 0.8073 pred_right: 456475 pred_wrong:13325 actu_right: 454992 actu_wrong: 14808
2026-07-23 15:11:45,173 P76283 INFO ----------------------------------------------------------------------------------------------------
2026-07-23 15:11:45,173 P76283 INFO 23/50 starting... lr: 0.001 para:0.0416666679084301
2026-07-23 15:12:05,211 P76283 INFO Epoch 23/50, all_loss:1.39896 cls_loss:1.42578 rec_loss:0.78206 [20.03s]; best loss:1.39896, patience : 0
2026-07-23 15:12:22,864 P76283 INFO pr:0.8900  rc:0.7436  auc:0.9942 ap:0.9507 f1: 0.8102 pred_right: 1067379 pred_wrong:28821 actu_right: 1061707 actu_wrong: 34493
2026-07-23 15:12:27,263 P76283 INFO pr:0.8938  rc:0.7423  auc:0.9940 ap:0.9506 f1: 0.8110 pred_right: 457502 pred_wrong:12298 actu_right: 454992 actu_wrong: 14808
2026-07-23 15:12:27,267 P76283 INFO ----------------------------------------------------------------------------------------------------
2026-07-23 15:12:27,267 P76283 INFO 24/50 starting... lr: 0.001 para:0.03999999910593033
2026-07-23 15:12:46,467 P76283 INFO Epoch 24/50, all_loss:1.41632 cls_loss:1.44292 rec_loss:0.77775 [19.20s]; best loss:1.39896, patience : 1
2026-07-23 15:12:56,995 P76283 INFO pr:0.9377  rc:0.6905  auc:0.9948 ap:0.9553 f1: 0.7954 pred_right: 1070805 pred_wrong:25395 actu_right: 1061712 actu_wrong: 34488
2026-07-23 15:13:01,398 P76283 INFO pr:0.9415  rc:0.6881  auc:0.9948 ap:0.9553 f1: 0.7951 pred_right: 458978 pred_wrong:10822 actu_right: 454992 actu_wrong: 14808
2026-07-23 15:13:01,399 P76283 INFO ----------------------------------------------------------------------------------------------------
2026-07-23 15:13:01,399 P76283 INFO 25/50 starting... lr: 0.001 para:0.03846153989434242
2026-07-23 15:13:20,535 P76283 INFO Epoch 25/50, all_loss:1.40809 cls_loss:1.43208 rec_loss:0.80837 [19.13s]; best loss:1.39896, patience : 1
2026-07-23 15:13:31,217 P76283 INFO pr:0.9263  rc:0.7219  auc:0.9955 ap:0.9572 f1: 0.8114 pred_right: 1069321 pred_wrong:26879 actu_right: 1061711 actu_wrong: 34489
2026-07-23 15:13:35,277 P76283 INFO pr:0.9282  rc:0.7193  auc:0.9952 ap:0.9567 f1: 0.8105 pred_right: 458324 pred_wrong:11476 actu_right: 454992 actu_wrong: 14808
2026-07-23 15:13:35,281 P76283 INFO ----------------------------------------------------------------------------------------------------
2026-07-23 15:13:35,281 P76283 INFO 26/50 starting... lr: 0.001 para:0.03703703731298447
2026-07-23 15:14:01,475 P76283 INFO Epoch 26/50, all_loss:1.33704 cls_loss:1.35645 rec_loss:0.83228 [26.19s]; best loss:1.33704, patience : 0
2026-07-23 15:14:12,175 P76283 INFO pr:0.7857  rc:0.8283  auc:0.9948 ap:0.9536 f1: 0.8065 pred_right: 1059838 pred_wrong:36362 actu_right: 1061708 actu_wrong: 34492
2026-07-23 15:14:16,614 P76283 INFO pr:0.7843  rc:0.8229  auc:0.9946 ap:0.9522 f1: 0.8031 pred_right: 454263 pred_wrong:15537 actu_right: 454992 actu_wrong: 14808
2026-07-23 15:14:16,615 P76283 INFO ----------------------------------------------------------------------------------------------------
2026-07-23 15:14:16,615 P76283 INFO 27/50 starting... lr: 0.001 para:0.0357142873108387
2026-07-23 15:14:35,464 P76283 INFO Epoch 27/50, all_loss:1.35893 cls_loss:1.37715 rec_loss:0.86705 [18.85s]; best loss:1.33704, patience : 1
2026-07-23 15:14:45,897 P76283 INFO pr:0.9245  rc:0.7296  auc:0.9958 ap:0.9580 f1: 0.8156 pred_right: 1068980 pred_wrong:27220 actu_right: 1061712 actu_wrong: 34488
2026-07-23 15:14:50,347 P76283 INFO pr:0.9252  rc:0.7310  auc:0.9955 ap:0.9573 f1: 0.8167 pred_right: 458101 pred_wrong:11699 actu_right: 454992 actu_wrong: 14808
2026-07-23 15:14:50,351 P76283 INFO ----------------------------------------------------------------------------------------------------
2026-07-23 15:14:50,351 P76283 INFO 28/50 starting... lr: 0.001 para:0.03448275849223137
2026-07-23 15:15:08,744 P76283 INFO Epoch 28/50, all_loss:1.30144 cls_loss:1.31635 rec_loss:0.88384 [18.39s]; best loss:1.30144, patience : 0
2026-07-23 15:15:24,268 P76283 INFO pr:0.9123  rc:0.7446  auc:0.9957 ap:0.9571 f1: 0.8199 pred_right: 1068049 pred_wrong:28151 actu_right: 1061708 actu_wrong: 34492
2026-07-23 15:15:31,810 P76283 INFO pr:0.9119  rc:0.7437  auc:0.9953 ap:0.9564 f1: 0.8192 pred_right: 457724 pred_wrong:12076 actu_right: 454992 actu_wrong: 14808
2026-07-23 15:15:31,815 P76283 INFO ----------------------------------------------------------------------------------------------------
2026-07-23 15:15:31,815 P76283 INFO 29/50 starting... lr: 0.001 para:0.03333333507180214
2026-07-23 15:15:51,057 P76283 INFO Epoch 29/50, all_loss:1.29305 cls_loss:1.30617 rec_loss:0.91245 [19.24s]; best loss:1.29305, patience : 0
2026-07-23 15:16:01,265 P76283 INFO pr:0.8903  rc:0.7796  auc:0.9956 ap:0.9588 f1: 0.8313 pred_right: 1065999 pred_wrong:30201 actu_right: 1061710 actu_wrong: 34490
2026-07-23 15:16:05,726 P76283 INFO pr:0.8913  rc:0.7798  auc:0.9954 ap:0.9584 f1: 0.8318 pred_right: 456843 pred_wrong:12957 actu_right: 454992 actu_wrong: 14808
2026-07-23 15:16:05,730 P76283 INFO ----------------------------------------------------------------------------------------------------
2026-07-23 15:16:05,730 P76283 INFO 30/50 starting... lr: 0.001 para:0.032258063554763794
2026-07-23 15:16:24,659 P76283 INFO Epoch 30/50, all_loss:1.27527 cls_loss:1.28666 rec_loss:0.93352 [18.92s]; best loss:1.27527, patience : 0
2026-07-23 15:16:34,994 P76283 INFO pr:0.9058  rc:0.7674  auc:0.9962 ap:0.9621 f1: 0.8309 pred_right: 1066983 pred_wrong:29217 actu_right: 1061714 actu_wrong: 34486
2026-07-23 15:16:41,039 P76283 INFO pr:0.9069  rc:0.7641  auc:0.9959 ap:0.9613 f1: 0.8294 pred_right: 457324 pred_wrong:12476 actu_right: 454992 actu_wrong: 14808
2026-07-23 15:16:41,040 P76283 INFO ----------------------------------------------------------------------------------------------------
2026-07-23 15:16:41,047 P76283 INFO 31/50 starting... lr: 0.001 para:0.03125
2026-07-23 15:17:04,357 P76283 INFO Epoch 31/50, all_loss:1.25752 cls_loss:1.26692 rec_loss:0.96621 [23.30s]; best loss:1.25752, patience : 0
2026-07-23 15:17:15,966 P76283 INFO pr:0.8856  rc:0.7933  auc:0.9962 ap:0.9628 f1: 0.8369 pred_right: 1065306 pred_wrong:30894 actu_right: 1061711 actu_wrong: 34489
2026-07-23 15:17:20,476 P76283 INFO pr:0.8876  rc:0.7938  auc:0.9958 ap:0.9623 f1: 0.8381 pred_right: 456557 pred_wrong:13243 actu_right: 454992 actu_wrong: 14808
2026-07-23 15:17:20,480 P76283 INFO ----------------------------------------------------------------------------------------------------
2026-07-23 15:17:20,480 P76283 INFO 32/50 starting... lr: 0.001 para:0.03030303120613098
2026-07-23 15:17:40,588 P76283 INFO Epoch 32/50, all_loss:1.24147 cls_loss:1.24983 rec_loss:0.97392 [20.10s]; best loss:1.24147, patience : 0
2026-07-23 15:17:51,343 P76283 INFO pr:0.8730  rc:0.8071  auc:0.9964 ap:0.9634 f1: 0.8388 pred_right: 1064315 pred_wrong:31885 actu_right: 1061714 actu_wrong: 34486
2026-07-23 15:17:55,852 P76283 INFO pr:0.8708  rc:0.8094  auc:0.9961 ap:0.9621 f1: 0.8390 pred_right: 456036 pred_wrong:13764 actu_right: 454992 actu_wrong: 14808
2026-07-23 15:17:55,856 P76283 INFO ----------------------------------------------------------------------------------------------------
2026-07-23 15:17:55,856 P76283 INFO 33/50 starting... lr: 0.001 para:0.029411764815449715
2026-07-23 15:18:17,074 P76283 INFO Epoch 33/50, all_loss:1.25926 cls_loss:1.26671 rec_loss:1.01337 [21.22s]; best loss:1.24147, patience : 1
2026-07-23 15:18:26,312 P76283 INFO pr:0.9203  rc:0.7566  auc:0.9965 ap:0.9640 f1: 0.8305 pred_right: 1067846 pred_wrong:28354 actu_right: 1061713 actu_wrong: 34487
2026-07-23 15:18:31,422 P76283 INFO pr:0.9206  rc:0.7558  auc:0.9961 ap:0.9630 f1: 0.8301 pred_right: 457643 pred_wrong:12157 actu_right: 454992 actu_wrong: 14808
2026-07-23 15:18:31,424 P76283 INFO ----------------------------------------------------------------------------------------------------
2026-07-23 15:18:31,424 P76283 INFO 34/50 starting... lr: 0.001 para:0.02857142873108387
2026-07-23 15:18:58,104 P76283 INFO Epoch 34/50, all_loss:1.28054 cls_loss:1.28736 rec_loss:1.04864 [26.68s]; best loss:1.24147, patience : 2
2026-07-23 15:19:08,928 P76283 INFO pr:0.8999  rc:0.7696  auc:0.9956 ap:0.9590 f1: 0.8297 pred_right: 1066703 pred_wrong:29497 actu_right: 1061712 actu_wrong: 34488
2026-07-23 15:19:13,440 P76283 INFO pr:0.8983  rc:0.7705  auc:0.9954 ap:0.9581 f1: 0.8295 pred_right: 457098 pred_wrong:12702 actu_right: 454992 actu_wrong: 14808
2026-07-23 15:19:13,441 P76283 INFO ----------------------------------------------------------------------------------------------------
2026-07-23 15:19:13,441 P76283 INFO 35/50 starting... lr: 0.001 para:0.02777777798473835
2026-07-23 15:19:33,556 P76283 INFO Epoch 35/50, all_loss:1.23226 cls_loss:1.23711 rec_loss:1.06258 [20.11s]; best loss:1.23226, patience : 0
2026-07-23 15:19:44,811 P76283 INFO pr:0.9296  rc:0.7371  auc:0.9957 ap:0.9610 f1: 0.8222 pred_right: 1068853 pred_wrong:27347 actu_right: 1061710 actu_wrong: 34490
2026-07-23 15:19:49,506 P76283 INFO pr:0.9291  rc:0.7362  auc:0.9954 ap:0.9600 f1: 0.8214 pred_right: 458067 pred_wrong:11733 actu_right: 454992 actu_wrong: 14808
2026-07-23 15:19:49,507 P76283 INFO ----------------------------------------------------------------------------------------------------
2026-07-23 15:19:49,507 P76283 INFO 36/50 starting... lr: 0.001 para:0.027027027681469917
2026-07-23 15:20:08,464 P76283 INFO Epoch 36/50, all_loss:1.21905 cls_loss:1.22325 rec_loss:1.06778 [18.95s]; best loss:1.21905, patience : 0
2026-07-23 15:20:27,484 P76283 INFO pr:0.9089  rc:0.7847  auc:0.9967 ap:0.9670 f1: 0.8422 pred_right: 1066424 pred_wrong:29776 actu_right: 1061710 actu_wrong: 34490
2026-07-23 15:20:31,815 P76283 INFO pr:0.9090  rc:0.7809  auc:0.9964 ap:0.9657 f1: 0.8401 pred_right: 457080 pred_wrong:12720 actu_right: 454992 actu_wrong: 14808
2026-07-23 15:20:31,822 P76283 INFO ----------------------------------------------------------------------------------------------------
2026-07-23 15:20:31,822 P76283 INFO 37/50 starting... lr: 0.001 para:0.02631578966975212
2026-07-23 15:20:51,620 P76283 INFO Epoch 37/50, all_loss:1.22848 cls_loss:1.23183 rec_loss:1.10442 [19.80s]; best loss:1.21905, patience : 1
2026-07-23 15:21:02,221 P76283 INFO pr:0.9064  rc:0.7735  auc:0.9965 ap:0.9643 f1: 0.8347 pred_right: 1066765 pred_wrong:29435 actu_right: 1061706 actu_wrong: 34494
2026-07-23 15:21:06,882 P76283 INFO pr:0.9070  rc:0.7724  auc:0.9962 ap:0.9636 f1: 0.8343 pred_right: 457189 pred_wrong:12611 actu_right: 454992 actu_wrong: 14808
2026-07-23 15:21:06,883 P76283 INFO ----------------------------------------------------------------------------------------------------
2026-07-23 15:21:06,883 P76283 INFO 38/50 starting... lr: 0.001 para:0.025641025975346565
2026-07-23 15:21:27,211 P76283 INFO Epoch 38/50, all_loss:1.21345 cls_loss:1.21534 rec_loss:1.14189 [20.32s]; best loss:1.21345, patience : 0
2026-07-23 15:21:38,243 P76283 INFO pr:0.9104  rc:0.7825  auc:0.9970 ap:0.9690 f1: 0.8417 pred_right: 1066556 pred_wrong:29644 actu_right: 1061711 actu_wrong: 34489
2026-07-23 15:21:42,112 P76283 INFO pr:0.9120  rc:0.7836  auc:0.9967 ap:0.9676 f1: 0.8430 pred_right: 457077 pred_wrong:12723 actu_right: 454992 actu_wrong: 14808
2026-07-23 15:21:42,113 P76283 INFO ----------------------------------------------------------------------------------------------------
2026-07-23 15:21:42,113 P76283 INFO 39/50 starting... lr: 0.001 para:0.02500000037252903
2026-07-23 15:22:09,494 P76283 INFO Epoch 39/50, all_loss:1.17897 cls_loss:1.17991 rec_loss:1.14253 [27.38s]; best loss:1.17897, patience : 0
2026-07-23 15:22:20,335 P76283 INFO pr:0.8361  rc:0.8319  auc:0.9962 ap:0.9626 f1: 0.8340 pred_right: 1061886 pred_wrong:34314 actu_right: 1061715 actu_wrong: 34485
2026-07-23 15:22:24,875 P76283 INFO pr:0.8393  rc:0.8325  auc:0.9958 ap:0.9616 f1: 0.8358 pred_right: 455112 pred_wrong:14688 actu_right: 454992 actu_wrong: 14808
2026-07-23 15:22:24,876 P76283 INFO ----------------------------------------------------------------------------------------------------
2026-07-23 15:22:24,876 P76283 INFO 40/50 starting... lr: 0.001 para:0.024390242993831635
2026-07-23 15:22:44,677 P76283 INFO Epoch 40/50, all_loss:1.15205 cls_loss:1.15199 rec_loss:1.15431 [19.80s]; best loss:1.15205, patience : 0
2026-07-23 15:22:55,393 P76283 INFO pr:0.8844  rc:0.8190  auc:0.9968 ap:0.9685 f1: 0.8505 pred_right: 1064259 pred_wrong:31941 actu_right: 1061709 actu_wrong: 34491
2026-07-23 15:22:59,802 P76283 INFO pr:0.8853  rc:0.8160  auc:0.9964 ap:0.9672 f1: 0.8492 pred_right: 456152 pred_wrong:13648 actu_right: 454992 actu_wrong: 14808
2026-07-23 15:22:59,806 P76283 INFO ----------------------------------------------------------------------------------------------------
2026-07-23 15:22:59,806 P76283 INFO 41/50 starting... lr: 0.001 para:0.02380952425301075
2026-07-23 15:23:19,863 P76283 INFO Epoch 41/50, all_loss:1.15417 cls_loss:1.15369 rec_loss:1.17401 [20.06s]; best loss:1.15205, patience : 1
2026-07-23 15:23:38,718 P76283 INFO pr:0.9218  rc:0.7639  auc:0.9967 ap:0.9692 f1: 0.8355 pred_right: 1067616 pred_wrong:28584 actu_right: 1061709 actu_wrong: 34491
2026-07-23 15:23:43,418 P76283 INFO pr:0.9211  rc:0.7641  auc:0.9963 ap:0.9676 f1: 0.8353 pred_right: 457516 pred_wrong:12284 actu_right: 454992 actu_wrong: 14808
2026-07-23 15:23:43,418 P76283 INFO ----------------------------------------------------------------------------------------------------
2026-07-23 15:23:43,419 P76283 INFO 42/50 starting... lr: 0.001 para:0.023255813866853714
2026-07-23 15:24:03,414 P76283 INFO Epoch 42/50, all_loss:1.15930 cls_loss:1.15851 rec_loss:1.19255 [19.99s]; best loss:1.15205, patience : 2
2026-07-23 15:24:13,698 P76283 INFO pr:0.8699  rc:0.8520  auc:0.9971 ap:0.9702 f1: 0.8609 pred_right: 1062423 pred_wrong:33777 actu_right: 1061712 actu_wrong: 34488
2026-07-23 15:24:18,363 P76283 INFO pr:0.8711  rc:0.8510  auc:0.9969 ap:0.9694 f1: 0.8609 pred_right: 455334 pred_wrong:14466 actu_right: 454992 actu_wrong: 14808
2026-07-23 15:24:18,367 P76283 INFO ----------------------------------------------------------------------------------------------------
2026-07-23 15:24:18,367 P76283 INFO 43/50 starting... lr: 0.001 para:0.022727273404598236
2026-07-23 15:24:38,199 P76283 INFO Epoch 43/50, all_loss:1.11664 cls_loss:1.11447 rec_loss:1.20997 [19.83s]; best loss:1.11664, patience : 0
2026-07-23 15:24:50,484 P76283 INFO pr:0.8770  rc:0.8325  auc:0.9970 ap:0.9688 f1: 0.8542 pred_right: 1063470 pred_wrong:32730 actu_right: 1061718 actu_wrong: 34482
2026-07-23 15:24:53,990 P76283 INFO pr:0.8776  rc:0.8272  auc:0.9967 ap:0.9673 f1: 0.8516 pred_right: 455842 pred_wrong:13958 actu_right: 454992 actu_wrong: 14808
2026-07-23 15:24:53,991 P76283 INFO ----------------------------------------------------------------------------------------------------
2026-07-23 15:24:53,991 P76283 INFO 44/50 starting... lr: 0.001 para:0.02222222276031971
2026-07-23 15:25:21,307 P76283 INFO Epoch 44/50, all_loss:1.14093 cls_loss:1.13890 rec_loss:1.23015 [27.32s]; best loss:1.11664, patience : 1
2026-07-23 15:25:32,198 P76283 INFO pr:0.9044  rc:0.8058  auc:0.9970 ap:0.9703 f1: 0.8523 pred_right: 1065467 pred_wrong:30733 actu_right: 1061708 actu_wrong: 34492
2026-07-23 15:25:36,628 P76283 INFO pr:0.9063  rc:0.8014  auc:0.9967 ap:0.9692 f1: 0.8506 pred_right: 456706 pred_wrong:13094 actu_right: 454992 actu_wrong: 14808
2026-07-23 15:25:36,629 P76283 INFO ----------------------------------------------------------------------------------------------------
2026-07-23 15:25:36,629 P76283 INFO 45/50 starting... lr: 0.001 para:0.021739130839705467
2026-07-23 15:25:56,590 P76283 INFO Epoch 45/50, all_loss:1.08970 cls_loss:1.08643 rec_loss:1.23645 [19.96s]; best loss:1.08970, patience : 0
2026-07-23 15:26:07,194 P76283 INFO pr:0.9223  rc:0.7827  auc:0.9971 ap:0.9716 f1: 0.8468 pred_right: 1066931 pred_wrong:29269 actu_right: 1061710 actu_wrong: 34490
2026-07-23 15:26:11,572 P76283 INFO pr:0.9224  rc:0.7832  auc:0.9966 ap:0.9708 f1: 0.8471 pred_right: 457226 pred_wrong:12574 actu_right: 454992 actu_wrong: 14808
2026-07-23 15:26:11,573 P76283 INFO ----------------------------------------------------------------------------------------------------
2026-07-23 15:26:11,573 P76283 INFO 46/50 starting... lr: 0.001 para:0.021276595070958138
2026-07-23 15:26:32,031 P76283 INFO Epoch 46/50, all_loss:1.10287 cls_loss:1.09996 rec_loss:1.23694 [20.46s]; best loss:1.08970, patience : 1
2026-07-23 15:26:42,959 P76283 INFO pr:0.9453  rc:0.7374  auc:0.9971 ap:0.9708 f1: 0.8285 pred_right: 1069299 pred_wrong:26901 actu_right: 1061712 actu_wrong: 34488
2026-07-23 15:26:53,605 P76283 INFO pr:0.9445  rc:0.7348  auc:0.9965 ap:0.9694 f1: 0.8266 pred_right: 458280 pred_wrong:11520 actu_right: 454992 actu_wrong: 14808
2026-07-23 15:26:53,616 P76283 INFO ----------------------------------------------------------------------------------------------------
2026-07-23 15:26:53,616 P76283 INFO 47/50 starting... lr: 0.001 para:0.02083333395421505
2026-07-23 15:27:14,779 P76283 INFO Epoch 47/50, all_loss:1.12668 cls_loss:1.12404 rec_loss:1.25056 [21.16s]; best loss:1.08970, patience : 2
2026-07-23 15:27:24,899 P76283 INFO pr:0.8501  rc:0.8827  auc:0.9971 ap:0.9716 f1: 0.8661 pred_right: 1060391 pred_wrong:35809 actu_right: 1061713 actu_wrong: 34487
2026-07-23 15:27:29,486 P76283 INFO pr:0.8525  rc:0.8805  auc:0.9967 ap:0.9704 f1: 0.8663 pred_right: 454505 pred_wrong:15295 actu_right: 454992 actu_wrong: 14808
2026-07-23 15:27:29,491 P76283 INFO ----------------------------------------------------------------------------------------------------
2026-07-23 15:27:29,491 P76283 INFO 48/50 starting... lr: 0.001 para:0.020408162847161293
2026-07-23 15:27:49,596 P76283 INFO Epoch 48/50, all_loss:1.07660 cls_loss:1.07240 rec_loss:1.27788 [20.10s]; best loss:1.07660, patience : 0
2026-07-23 15:28:00,611 P76283 INFO pr:0.8839  rc:0.8397  auc:0.9971 ap:0.9712 f1: 0.8612 pred_right: 1063434 pred_wrong:32766 actu_right: 1061712 actu_wrong: 34488
2026-07-23 15:28:06,582 P76283 INFO pr:0.8877  rc:0.8398  auc:0.9968 ap:0.9702 f1: 0.8631 pred_right: 455790 pred_wrong:14010 actu_right: 454992 actu_wrong: 14808
2026-07-23 15:28:06,584 P76283 INFO ----------------------------------------------------------------------------------------------------
2026-07-23 15:28:06,584 P76283 INFO 49/50 starting... lr: 0.001 para:0.019999999552965164
2026-07-23 15:28:30,201 P76283 INFO Epoch 49/50, all_loss:1.06569 cls_loss:1.06110 rec_loss:1.29078 [23.61s]; best loss:1.06569, patience : 0
2026-07-23 15:28:42,782 P76283 INFO pr:0.9164  rc:0.7974  auc:0.9970 ap:0.9714 f1: 0.8528 pred_right: 1066194 pred_wrong:30006 actu_right: 1061714 actu_wrong: 34486
2026-07-23 15:28:47,410 P76283 INFO pr:0.9147  rc:0.7956  auc:0.9965 ap:0.9696 f1: 0.8510 pred_right: 456920 pred_wrong:12880 actu_right: 454992 actu_wrong: 14808
2026-07-23 15:28:47,411 P76283 INFO saving model...
2026-07-23 15:28:47,411 P76283 INFO FITS_Legendre - loss  best score:1.0656943321228027 at epoch 49
2026-07-23 15:28:47,416 P76283 INFO FITS_Legendre - f1  best score:0.8660521224536246 at epoch 47
2026-07-23 15:28:47,420 P76283 INFO Average training time per epoch: 20.79 seconds
2026-07-23 15:28:47,421 P76283 INFO calculate scores...
2026-07-23 15:28:47,421 P76283 INFO calculate label with loss...
2026-07-23 15:28:47,421 P76283 INFO FITS_Legendre on ./result/server_only_exps/Ablations_updatedFreDF/FITS_Legendre-TT-Epochs50-Seed2-ExpNameRQ2_ablations_components-LPFLPF-Attnno_attn-NormLinTrue-RecLambda1.0-AuxiLambda0.2-lowshow-simplegraph loading...
2026-07-23 15:28:51,983 P76283 INFO pr:0.9147  rc:0.7956  auc:0.9965 ap:0.9696 f1: 0.8510 pred_right: 456920 pred_wrong:12880 actu_right: 454992 actu_wrong: 14808
2026-07-23 15:29:00,203 P76283 INFO pr:0.9147  rc:0.7956  auc:0.9965 ap:0.9696 f1: 0.8510 pred_right: 456920 pred_wrong:12880 actu_right: 454992 actu_wrong: 14808
2026-07-23 15:29:00,203 P76283 INFO Performance Summary:
{'GPU': {'inference_time_per_sample_ms': 0.22962994055414035, 'throughput_samples_per_sec': 4354.832813120151, 'peak_memory_mb': 89.5751953125, 'energy_per_sample_joules': 0.011963260642989606}, 'CPU': {'inference_time_per_sample_ms': 0.43881087297687027, 'throughput_samples_per_sec': 2278.886102379487, 'peak_memory_mb': 5909.8828125, 'energy_per_sample_joules': 0.028522706743496568}}
2026-07-23 15:29:00,203 P76283 INFO Starting clean-room hardware benchmarking...
2026-07-23 15:29:01,075 P76283 INFO Performance with loss: pr:0.9147  rc:0.7956  auc:0.9965 ap:0.9696 f1: 0.8510 pred_right: 456920 pred_wrong:12880 actu_right: 454992 actu_wrong: 14808
2026-07-23 15:29:01,075 P76283 INFO calculate label with f1...
2026-07-23 15:29:01,076 P76283 INFO FITS_Legendre on ./result/server_only_exps/Ablations_updatedFreDF/FITS_Legendre-TT-Epochs50-Seed2-ExpNameRQ2_ablations_components-LPFLPF-Attnno_attn-NormLinTrue-RecLambda1.0-AuxiLambda0.2-lowshow-simplegraph loading...
2026-07-23 15:29:05,563 P76283 INFO pr:0.8525  rc:0.8805  auc:0.9967 ap:0.9704 f1: 0.8663 pred_right: 454505 pred_wrong:15295 actu_right: 454992 actu_wrong: 14808
2026-07-23 15:29:13,757 P76283 INFO pr:0.8525  rc:0.8805  auc:0.9967 ap:0.9704 f1: 0.8663 pred_right: 454505 pred_wrong:15295 actu_right: 454992 actu_wrong: 14808
2026-07-23 15:29:13,758 P76283 INFO Performance Summary:
{'GPU': {'inference_time_per_sample_ms': 0.22647147282667193, 'throughput_samples_per_sec': 4415.567168432475, 'peak_memory_mb': 89.0712890625, 'energy_per_sample_joules': 0.012087575154914373}, 'CPU': {'inference_time_per_sample_ms': 0.4358170363714172, 'throughput_samples_per_sec': 2294.540865877873, 'peak_memory_mb': 5689.34765625, 'energy_per_sample_joules': 0.028328107364142117}}
2026-07-23 15:29:13,758 P76283 INFO Starting clean-room hardware benchmarking...
2026-07-23 15:29:14,690 P76283 INFO Performance with f1: pr:0.8525  rc:0.8805  auc:0.9967 ap:0.9704 f1: 0.8663 pred_right: 454505 pred_wrong:15295 actu_right: 454992 actu_wrong: 14808
