2026-07-03 03:35:19,997 P1414699 INFO ---- Model: ----MSTGAD-4257a0eb----random_seed : 2----req_loss_approach : Normal-Recreation----rec_lambda : 1.0----auxi_lambda : 0.1----Freq Domain : AnoFusion----Multi Fits : false----train : True----evaluate : False
2026-07-03 03:35:19,997 P1414699 INFO Load from /home/db2003/Desktop/Amr/Tests/Eadro/codes/chunks/TT
2026-07-03 03:35:31,774 P1414699 INFO Fewshot: training with 1.0 of the 70% of the data
2026-07-03 03:35:31,908 P1414699 INFO Trainable Parameters Breakdown:
2026-07-03 03:35:31,908 P1414699 INFO --------------------------------------------------------------------------------
2026-07-03 03:35:31,909 P1414699 INFO Reconstruction-Specific Parameters:
2026-07-03 03:35:31,909 P1414699 INFO AnoFusion.metric_proj.weight             | shape: (10, 7)                   | params: 70
2026-07-03 03:35:31,909 P1414699 INFO AnoFusion.metric_proj.bias               | shape: (10,)                     | params: 10
2026-07-03 03:35:31,909 P1414699 INFO AnoFusion.log_proj.weight                | shape: (10, 60)                  | params: 600
2026-07-03 03:35:31,909 P1414699 INFO AnoFusion.log_proj.bias                  | shape: (10,)                     | params: 10
2026-07-03 03:35:31,909 P1414699 INFO AnoFusion.trace_proj.weight              | shape: (10, 2)                   | params: 20
2026-07-03 03:35:31,909 P1414699 INFO AnoFusion.trace_proj.bias                | shape: (10,)                     | params: 10
2026-07-03 03:35:31,909 P1414699 INFO AnoFusion.anofusion.GTN.weight           | shape: (1, 1)                    | params: 1
2026-07-03 03:35:31,909 P1414699 INFO AnoFusion.anofusion.GTN.layers.0.layer1.weight | shape: (1, 2, 2, 1, 1)           | params: 4
2026-07-03 03:35:31,909 P1414699 INFO AnoFusion.anofusion.GTN.layers.0.layer2.weight | shape: (1, 2, 2, 1, 1)           | params: 4
2026-07-03 03:35:31,909 P1414699 INFO AnoFusion.anofusion.GTN.layers.1.layer1.weight | shape: (1, 2, 2, 1, 1)           | params: 4
2026-07-03 03:35:31,909 P1414699 INFO AnoFusion.anofusion.GTN.layers.2.layer1.weight | shape: (1, 2, 2, 1, 1)           | params: 4
2026-07-03 03:35:31,909 P1414699 INFO AnoFusion.anofusion.GTN.layers.3.layer1.weight | shape: (1, 2, 2, 1, 1)           | params: 4
2026-07-03 03:35:31,909 P1414699 INFO AnoFusion.anofusion.GTN.layers.4.layer1.weight | shape: (1, 2, 2, 1, 1)           | params: 4
2026-07-03 03:35:31,909 P1414699 INFO AnoFusion.anofusion.GAT_GRU.weight       | shape: (1, 1)                    | params: 1
2026-07-03 03:35:31,909 P1414699 INFO AnoFusion.anofusion.GAT_GRU.soft         | shape: (2,)                      | params: 2
2026-07-03 03:35:31,909 P1414699 INFO AnoFusion.anofusion.GAT_GRU.gru.weight_ih_l0 | shape: (60, 20)                  | params: 1,200
2026-07-03 03:35:31,909 P1414699 INFO AnoFusion.anofusion.GAT_GRU.gru.weight_hh_l0 | shape: (60, 20)                  | params: 1,200
2026-07-03 03:35:31,909 P1414699 INFO AnoFusion.anofusion.GAT_GRU.gru.bias_ih_l0 | shape: (60,)                     | params: 60
2026-07-03 03:35:31,909 P1414699 INFO AnoFusion.anofusion.GAT_GRU.gru.bias_hh_l0 | shape: (60,)                     | params: 60
2026-07-03 03:35:31,909 P1414699 INFO AnoFusion.anofusion.GAT_GRU.BN.weight    | shape: (10,)                     | params: 10
2026-07-03 03:35:31,909 P1414699 INFO AnoFusion.anofusion.GAT_GRU.BN.bias      | shape: (10,)                     | params: 10
2026-07-03 03:35:31,909 P1414699 INFO AnoFusion.anofusion.GAT_GRU.linear.weight | shape: (20, 20)                  | params: 400
2026-07-03 03:35:31,909 P1414699 INFO AnoFusion.anofusion.GAT_GRU.linear.bias  | shape: (20,)                     | params: 20
2026-07-03 03:35:31,909 P1414699 INFO AnoFusion.anofusion.GAT_GRU.gat_layer.subnet.attention_module.0.b | shape: (20,)                     | params: 20
2026-07-03 03:35:31,909 P1414699 INFO AnoFusion.anofusion.GAT_GRU.gat_layer.subnet.attention_module.0.W.weight | shape: (20, 30)                  | params: 600
2026-07-03 03:35:31,909 P1414699 INFO AnoFusion.anofusion.GAT_GRU.gat_layer.subnet.attention_module.1.b | shape: (20,)                     | params: 20
2026-07-03 03:35:31,909 P1414699 INFO AnoFusion.anofusion.GAT_GRU.gat_layer.subnet.attention_module.1.W.weight | shape: (20, 30)                  | params: 600
2026-07-03 03:35:31,909 P1414699 INFO AnoFusion.anofusion.GAT_GRU.gat_layer.subnet.attention_module.2.b | shape: (20,)                     | params: 20
2026-07-03 03:35:31,909 P1414699 INFO AnoFusion.anofusion.GAT_GRU.gat_layer.subnet.attention_module.2.W.weight | shape: (20, 30)                  | params: 600
2026-07-03 03:35:31,909 P1414699 INFO AnoFusion.anofusion.GAT_GRU.gat_layer.subnet.attention_module.3.b | shape: (20,)                     | params: 20
2026-07-03 03:35:31,910 P1414699 INFO AnoFusion.anofusion.GAT_GRU.gat_layer.subnet.attention_module.3.W.weight | shape: (20, 30)                  | params: 600
2026-07-03 03:35:31,910 P1414699 INFO AnoFusion.anofusion.GAT_GRU.gat_layer.subnet.attention_module.4.b | shape: (20,)                     | params: 20
2026-07-03 03:35:31,910 P1414699 INFO AnoFusion.anofusion.GAT_GRU.gat_layer.subnet.attention_module.4.W.weight | shape: (20, 30)                  | params: 600
2026-07-03 03:35:31,910 P1414699 INFO AnoFusion.anofusion.GAT_GRU.gat_layer.subnet.attention_module.5.b | shape: (20,)                     | params: 20
2026-07-03 03:35:31,910 P1414699 INFO AnoFusion.anofusion.GAT_GRU.gat_layer.subnet.attention_module.5.W.weight | shape: (20, 30)                  | params: 600
2026-07-03 03:35:31,910 P1414699 INFO AnoFusion.anofusion.GAT_GRU.gat_layer.subnet.out_att.b | shape: (20,)                     | params: 20
2026-07-03 03:35:31,910 P1414699 INFO AnoFusion.anofusion.GAT_GRU.gat_layer.subnet.out_att.W.weight | shape: (20, 120)                 | params: 2,400
2026-07-03 03:35:31,910 P1414699 INFO AnoFusion.anofusion.linT.weight          | shape: (5, 10)                   | params: 50
2026-07-03 03:35:31,910 P1414699 INFO AnoFusion.anofusion.linT.bias            | shape: (5,)                      | params: 5
2026-07-03 03:35:31,910 P1414699 INFO AnoFusion.anofusion.lin1.weight          | shape: (64, 270)                 | params: 17,280
2026-07-03 03:35:31,910 P1414699 INFO AnoFusion.anofusion.lin1.bias            | shape: (64,)                     | params: 64
2026-07-03 03:35:31,910 P1414699 INFO AnoFusion.anofusion.lin2.weight          | shape: (2, 64)                   | params: 128
2026-07-03 03:35:31,910 P1414699 INFO AnoFusion.anofusion.lin2.bias            | shape: (2,)                      | params: 2
2026-07-03 03:35:31,910 P1414699 INFO AnoFusion.post_proj.weight               | shape: (69, 20)                  | params: 1,380
2026-07-03 03:35:31,910 P1414699 INFO AnoFusion.post_proj.bias                 | shape: (69,)                     | params: 69
2026-07-03 03:35:31,910 P1414699 INFO Subtotal: 28,826
2026-07-03 03:35:31,910 P1414699 INFO --------------------------------------------------------------------------------
2026-07-03 03:35:31,910 P1414699 INFO Common Parameters:
2026-07-03 03:35:31,910 P1414699 INFO node_emb.linear.weight                   | shape: (8, 7)                    | params: 56
2026-07-03 03:35:31,910 P1414699 INFO node_emb.linear.bias                     | shape: (8,)                      | params: 8
2026-07-03 03:35:31,910 P1414699 INFO log_emb.linear.weight                    | shape: (32, 60)                  | params: 1,920
2026-07-03 03:35:31,910 P1414699 INFO log_emb.linear.bias                      | shape: (32,)                     | params: 32
2026-07-03 03:35:31,910 P1414699 INFO egde_emb.linear.weight                   | shape: (8, 2)                    | params: 16
2026-07-03 03:35:31,910 P1414699 INFO egde_emb.linear.bias                     | shape: (8,)                      | params: 8
2026-07-03 03:35:31,910 P1414699 INFO dense_node.weight                        | shape: (7, 8)                    | params: 56
2026-07-03 03:35:31,910 P1414699 INFO dense_node.bias                          | shape: (7,)                      | params: 7
2026-07-03 03:35:31,910 P1414699 INFO dense_log.weight                         | shape: (60, 32)                  | params: 1,920
2026-07-03 03:35:31,910 P1414699 INFO dense_log.bias                           | shape: (60,)                     | params: 60
2026-07-03 03:35:31,910 P1414699 INFO dense_edge.weight                        | shape: (2, 8)                    | params: 16
2026-07-03 03:35:31,910 P1414699 INFO dense_edge.bias                          | shape: (2,)                      | params: 2
2026-07-03 03:35:31,910 P1414699 INFO show.0.weight                            | shape: (128, 69)                 | params: 8,832
2026-07-03 03:35:31,910 P1414699 INFO show.0.bias                              | shape: (128,)                    | params: 128
2026-07-03 03:35:31,910 P1414699 INFO show.2.weight                            | shape: (2, 128)                  | params: 256
2026-07-03 03:35:31,911 P1414699 INFO show.2.bias                              | shape: (2,)                      | params: 2
2026-07-03 03:35:31,911 P1414699 INFO Subtotal: 13,319
2026-07-03 03:35:31,911 P1414699 INFO --------------------------------------------------------------------------------
2026-07-03 03:35:31,911 P1414699 INFO Total Trainable Parameters: 42,145

2026-07-03 03:35:31,911 P1414699 INFO Trainable Parameters: 42145, reconstruction: 28826, common: 13319
2026-07-03 03:35:31,911 P1414699 INFO model : init weight
2026-07-03 03:35:31,911 P1414699 INFO Using GPU...
2026-07-03 03:35:31,921 P1414699 INFO optimizer : using AdaBelief
2026-07-03 03:35:31,922 P1414699 INFO ----------------------------------------------------------------------------------------------------
2026-07-03 03:35:31,922 P1414699 INFO 0/50 starting... lr: 0.001 para:1.0
2026-07-03 03:35:58,010 P1414699 INFO Epoch 0/50, all_loss:6.79014 cls_loss:6.79014 rec_loss:0.16681 [26.08s]; best loss:6.79014, patience : 0
2026-07-03 03:35:58,010 P1414699 INFO ----------------------------------------------------------------------------------------------------
2026-07-03 03:35:58,010 P1414699 INFO 1/50 starting... lr: 0.001 para:0.5
2026-07-03 03:36:17,958 P1414699 INFO Epoch 1/50, all_loss:3.60194 cls_loss:3.60194 rec_loss:0.19102 [19.94s]; best loss:3.60194, patience : 0
2026-07-03 03:36:17,958 P1414699 INFO ----------------------------------------------------------------------------------------------------
2026-07-03 03:36:17,958 P1414699 INFO 2/50 starting... lr: 0.001 para:0.3333333432674408
2026-07-03 03:36:37,908 P1414699 INFO Epoch 2/50, all_loss:3.04225 cls_loss:3.04225 rec_loss:0.19567 [19.94s]; best loss:3.04225, patience : 0
2026-07-03 03:36:47,421 P1414699 INFO pr:0.9395  rc:0.3978  auc:0.9834 ap:0.8700 f1: 0.5590 pred_right: 1081596 pred_wrong:14604 actu_right: 1061711 actu_wrong: 34489
2026-07-03 03:36:51,314 P1414699 INFO pr:0.9358  rc:0.3958  auc:0.9829 ap:0.8684 f1: 0.5563 pred_right: 463537 pred_wrong:6263 actu_right: 454992 actu_wrong: 14808
2026-07-03 03:36:51,320 P1414699 INFO ----------------------------------------------------------------------------------------------------
2026-07-03 03:36:51,320 P1414699 INFO 3/50 starting... lr: 0.001 para:0.25
2026-07-03 03:37:17,253 P1414699 INFO Epoch 3/50, all_loss:2.59322 cls_loss:2.59322 rec_loss:0.19825 [25.92s]; best loss:2.59322, patience : 0
2026-07-03 03:37:27,177 P1414699 INFO pr:0.8568  rc:0.5301  auc:0.9886 ap:0.9005 f1: 0.6550 pred_right: 1074861 pred_wrong:21339 actu_right: 1061711 actu_wrong: 34489
2026-07-03 03:37:31,356 P1414699 INFO pr:0.8617  rc:0.5272  auc:0.9884 ap:0.9002 f1: 0.6542 pred_right: 460740 pred_wrong:9060 actu_right: 454992 actu_wrong: 14808
2026-07-03 03:37:31,362 P1414699 INFO ----------------------------------------------------------------------------------------------------
2026-07-03 03:37:31,362 P1414699 INFO 4/50 starting... lr: 0.001 para:0.20000000298023224
2026-07-03 03:37:51,453 P1414699 INFO Epoch 4/50, all_loss:2.26626 cls_loss:2.26626 rec_loss:0.20688 [20.08s]; best loss:2.26626, patience : 0
2026-07-03 03:38:01,614 P1414699 INFO pr:0.8434  rc:0.5737  auc:0.9911 ap:0.9123 f1: 0.6829 pred_right: 1072739 pred_wrong:23461 actu_right: 1061712 actu_wrong: 34488
2026-07-03 03:38:05,570 P1414699 INFO pr:0.8465  rc:0.5690  auc:0.9908 ap:0.9117 f1: 0.6806 pred_right: 459846 pred_wrong:9954 actu_right: 454992 actu_wrong: 14808
2026-07-03 03:38:05,576 P1414699 INFO ----------------------------------------------------------------------------------------------------
2026-07-03 03:38:05,576 P1414699 INFO 5/50 starting... lr: 0.001 para:0.1666666716337204
2026-07-03 03:38:26,077 P1414699 INFO Epoch 5/50, all_loss:2.11539 cls_loss:2.11539 rec_loss:0.20841 [20.50s]; best loss:2.11539, patience : 0
2026-07-03 03:38:37,834 P1414699 INFO pr:0.7901  rc:0.6551  auc:0.9919 ap:0.9165 f1: 0.7163 pred_right: 1067602 pred_wrong:28598 actu_right: 1061710 actu_wrong: 34490
2026-07-03 03:38:46,090 P1414699 INFO pr:0.7930  rc:0.6480  auc:0.9916 ap:0.9159 f1: 0.7132 pred_right: 457699 pred_wrong:12101 actu_right: 454992 actu_wrong: 14808
2026-07-03 03:38:46,096 P1414699 INFO ----------------------------------------------------------------------------------------------------
2026-07-03 03:38:46,097 P1414699 INFO 6/50 starting... lr: 0.001 para:0.1428571492433548
2026-07-03 03:39:06,248 P1414699 INFO Epoch 6/50, all_loss:1.95074 cls_loss:1.95074 rec_loss:0.21192 [20.15s]; best loss:1.95074, patience : 0
2026-07-03 03:39:15,505 P1414699 INFO pr:0.8619  rc:0.6144  auc:0.9937 ap:0.9302 f1: 0.7174 pred_right: 1071618 pred_wrong:24582 actu_right: 1061714 actu_wrong: 34486
2026-07-03 03:39:19,492 P1414699 INFO pr:0.8666  rc:0.6066  auc:0.9934 ap:0.9295 f1: 0.7136 pred_right: 459435 pred_wrong:10365 actu_right: 454992 actu_wrong: 14808
2026-07-03 03:39:19,498 P1414699 INFO ----------------------------------------------------------------------------------------------------
2026-07-03 03:39:19,498 P1414699 INFO 7/50 starting... lr: 0.001 para:0.125
2026-07-03 03:39:39,586 P1414699 INFO Epoch 7/50, all_loss:1.81124 cls_loss:1.81124 rec_loss:0.21448 [20.08s]; best loss:1.81124, patience : 0
2026-07-03 03:39:50,089 P1414699 INFO pr:0.8436  rc:0.6979  auc:0.9948 ap:0.9401 f1: 0.7639 pred_right: 1067663 pred_wrong:28537 actu_right: 1061705 actu_wrong: 34495
2026-07-03 03:39:53,606 P1414699 INFO pr:0.8478  rc:0.6908  auc:0.9946 ap:0.9393 f1: 0.7613 pred_right: 457734 pred_wrong:12066 actu_right: 454992 actu_wrong: 14808
2026-07-03 03:39:53,612 P1414699 INFO ----------------------------------------------------------------------------------------------------
2026-07-03 03:39:53,612 P1414699 INFO 8/50 starting... lr: 0.001 para:0.1111111119389534
2026-07-03 03:40:19,670 P1414699 INFO Epoch 8/50, all_loss:1.67415 cls_loss:1.67415 rec_loss:0.21440 [26.05s]; best loss:1.67415, patience : 0
2026-07-03 03:40:29,097 P1414699 INFO pr:0.8109  rc:0.7941  auc:0.9954 ap:0.9456 f1: 0.8024 pred_right: 1062424 pred_wrong:33776 actu_right: 1061712 actu_wrong: 34488
2026-07-03 03:40:33,250 P1414699 INFO pr:0.8153  rc:0.7853  auc:0.9951 ap:0.9441 f1: 0.8000 pred_right: 455537 pred_wrong:14263 actu_right: 454992 actu_wrong: 14808
2026-07-03 03:40:33,255 P1414699 INFO ----------------------------------------------------------------------------------------------------
2026-07-03 03:40:33,256 P1414699 INFO 9/50 starting... lr: 0.001 para:0.10000000149011612
2026-07-03 03:40:53,497 P1414699 INFO Epoch 9/50, all_loss:1.58251 cls_loss:1.58251 rec_loss:0.21393 [20.24s]; best loss:1.58251, patience : 0
2026-07-03 03:41:03,032 P1414699 INFO pr:0.8533  rc:0.7771  auc:0.9965 ap:0.9547 f1: 0.8134 pred_right: 1064795 pred_wrong:31405 actu_right: 1061715 actu_wrong: 34485
2026-07-03 03:41:06,999 P1414699 INFO pr:0.8575  rc:0.7710  auc:0.9963 ap:0.9540 f1: 0.8120 pred_right: 456486 pred_wrong:13314 actu_right: 454992 actu_wrong: 14808
2026-07-03 03:41:07,004 P1414699 INFO ----------------------------------------------------------------------------------------------------
2026-07-03 03:41:07,005 P1414699 INFO 10/50 starting... lr: 0.001 para:0.09090909361839294
2026-07-03 03:41:29,160 P1414699 INFO Epoch 10/50, all_loss:1.46363 cls_loss:1.46363 rec_loss:0.21861 [22.15s]; best loss:1.46363, patience : 0
2026-07-03 03:41:43,167 P1414699 INFO pr:0.8707  rc:0.7437  auc:0.9969 ap:0.9582 f1: 0.8022 pred_right: 1066739 pred_wrong:29461 actu_right: 1061710 actu_wrong: 34490
2026-07-03 03:41:47,381 P1414699 INFO pr:0.8744  rc:0.7379  auc:0.9967 ap:0.9575 f1: 0.8004 pred_right: 457303 pred_wrong:12497 actu_right: 454992 actu_wrong: 14808
2026-07-03 03:41:47,382 P1414699 INFO ----------------------------------------------------------------------------------------------------
2026-07-03 03:41:47,382 P1414699 INFO 11/50 starting... lr: 0.001 para:0.0833333358168602
2026-07-03 03:42:07,511 P1414699 INFO Epoch 11/50, all_loss:1.33971 cls_loss:1.33971 rec_loss:0.22286 [20.12s]; best loss:1.33971, patience : 0
2026-07-03 03:42:17,197 P1414699 INFO pr:0.8201  rc:0.9041  auc:0.9974 ap:0.9640 f1: 0.8601 pred_right: 1058177 pred_wrong:38023 actu_right: 1061710 actu_wrong: 34490
2026-07-03 03:42:21,519 P1414699 INFO pr:0.8213  rc:0.8961  auc:0.9971 ap:0.9623 f1: 0.8571 pred_right: 453644 pred_wrong:16156 actu_right: 454992 actu_wrong: 14808
2026-07-03 03:42:21,525 P1414699 INFO ----------------------------------------------------------------------------------------------------
2026-07-03 03:42:21,525 P1414699 INFO 12/50 starting... lr: 0.001 para:0.07692307978868484
2026-07-03 03:42:42,604 P1414699 INFO Epoch 12/50, all_loss:1.25690 cls_loss:1.25690 rec_loss:0.22564 [21.07s]; best loss:1.25690, patience : 0
2026-07-03 03:42:52,839 P1414699 INFO pr:0.8539  rc:0.8737  auc:0.9977 ap:0.9664 f1: 0.8637 pred_right: 1060908 pred_wrong:35292 actu_right: 1061710 actu_wrong: 34490
2026-07-03 03:43:02,775 P1414699 INFO pr:0.8576  rc:0.8676  auc:0.9974 ap:0.9653 f1: 0.8626 pred_right: 454818 pred_wrong:14982 actu_right: 454992 actu_wrong: 14808
2026-07-03 03:43:02,783 P1414699 INFO ----------------------------------------------------------------------------------------------------
2026-07-03 03:43:02,783 P1414699 INFO 13/50 starting... lr: 0.001 para:0.0714285746216774
2026-07-03 03:43:23,090 P1414699 INFO Epoch 13/50, all_loss:1.17712 cls_loss:1.17712 rec_loss:0.22696 [20.30s]; best loss:1.17712, patience : 0
2026-07-03 03:43:32,614 P1414699 INFO pr:0.8073  rc:0.9309  auc:0.9978 ap:0.9678 f1: 0.8647 pred_right: 1056424 pred_wrong:39776 actu_right: 1061706 actu_wrong: 34494
2026-07-03 03:43:36,584 P1414699 INFO pr:0.8078  rc:0.9265  auc:0.9975 ap:0.9658 f1: 0.8631 pred_right: 452816 pred_wrong:16984 actu_right: 454992 actu_wrong: 14808
2026-07-03 03:43:36,590 P1414699 INFO ----------------------------------------------------------------------------------------------------
2026-07-03 03:43:36,590 P1414699 INFO 14/50 starting... lr: 0.001 para:0.06666667014360428
2026-07-03 03:43:56,722 P1414699 INFO Epoch 14/50, all_loss:1.13499 cls_loss:1.13499 rec_loss:0.22888 [20.13s]; best loss:1.13499, patience : 0
2026-07-03 03:44:07,061 P1414699 INFO pr:0.8489  rc:0.9063  auc:0.9980 ap:0.9704 f1: 0.8766 pred_right: 1059378 pred_wrong:36822 actu_right: 1061711 actu_wrong: 34489
2026-07-03 03:44:10,342 P1414699 INFO pr:0.8513  rc:0.9009  auc:0.9978 ap:0.9687 f1: 0.8754 pred_right: 454129 pred_wrong:15671 actu_right: 454992 actu_wrong: 14808
2026-07-03 03:44:10,347 P1414699 INFO ----------------------------------------------------------------------------------------------------
2026-07-03 03:44:10,347 P1414699 INFO 15/50 starting... lr: 0.001 para:0.0625
2026-07-03 03:44:36,139 P1414699 INFO Epoch 15/50, all_loss:1.08986 cls_loss:1.08986 rec_loss:0.23183 [25.79s]; best loss:1.08986, patience : 0
2026-07-03 03:44:45,874 P1414699 INFO pr:0.8564  rc:0.8975  auc:0.9979 ap:0.9700 f1: 0.8765 pred_right: 1060058 pred_wrong:36142 actu_right: 1061715 actu_wrong: 34485
2026-07-03 03:44:49,958 P1414699 INFO pr:0.8600  rc:0.8916  auc:0.9978 ap:0.9691 f1: 0.8755 pred_right: 454447 pred_wrong:15353 actu_right: 454992 actu_wrong: 14808
2026-07-03 03:44:49,958 P1414699 INFO ----------------------------------------------------------------------------------------------------
2026-07-03 03:44:49,959 P1414699 INFO 16/50 starting... lr: 0.001 para:0.05882352963089943
2026-07-03 03:45:10,394 P1414699 INFO Epoch 16/50, all_loss:1.05122 cls_loss:1.05122 rec_loss:0.23195 [20.43s]; best loss:1.05122, patience : 0
2026-07-03 03:45:20,586 P1414699 INFO pr:0.8499  rc:0.9232  auc:0.9981 ap:0.9727 f1: 0.8850 pred_right: 1058732 pred_wrong:37468 actu_right: 1061708 actu_wrong: 34492
2026-07-03 03:45:24,788 P1414699 INFO pr:0.8526  rc:0.9173  auc:0.9980 ap:0.9710 f1: 0.8837 pred_right: 453868 pred_wrong:15932 actu_right: 454992 actu_wrong: 14808
2026-07-03 03:45:24,794 P1414699 INFO ----------------------------------------------------------------------------------------------------
2026-07-03 03:45:24,794 P1414699 INFO 17/50 starting... lr: 0.001 para:0.0555555559694767
2026-07-03 03:45:47,599 P1414699 INFO Epoch 17/50, all_loss:1.02721 cls_loss:1.02721 rec_loss:0.23001 [22.79s]; best loss:1.02721, patience : 0
2026-07-03 03:46:02,466 P1414699 INFO pr:0.8618  rc:0.8888  auc:0.9981 ap:0.9708 f1: 0.8751 pred_right: 1060630 pred_wrong:35570 actu_right: 1061709 actu_wrong: 34491
2026-07-03 03:46:06,644 P1414699 INFO pr:0.8635  rc:0.8821  auc:0.9979 ap:0.9692 f1: 0.8727 pred_right: 454674 pred_wrong:15126 actu_right: 454992 actu_wrong: 14808
2026-07-03 03:46:06,645 P1414699 INFO ----------------------------------------------------------------------------------------------------
2026-07-03 03:46:06,645 P1414699 INFO 18/50 starting... lr: 0.001 para:0.05263157933950424
2026-07-03 03:46:27,204 P1414699 INFO Epoch 18/50, all_loss:0.98923 cls_loss:0.98923 rec_loss:0.23335 [20.55s]; best loss:0.98923, patience : 0
2026-07-03 03:46:36,939 P1414699 INFO pr:0.8512  rc:0.9116  auc:0.9982 ap:0.9721 f1: 0.8804 pred_right: 1059269 pred_wrong:36931 actu_right: 1061716 actu_wrong: 34484
2026-07-03 03:46:40,987 P1414699 INFO pr:0.8542  rc:0.9064  auc:0.9980 ap:0.9706 f1: 0.8795 pred_right: 454087 pred_wrong:15713 actu_right: 454992 actu_wrong: 14808
2026-07-03 03:46:40,988 P1414699 INFO ----------------------------------------------------------------------------------------------------
2026-07-03 03:46:40,988 P1414699 INFO 19/50 starting... lr: 0.001 para:0.05000000074505806
2026-07-03 03:47:02,159 P1414699 INFO Epoch 19/50, all_loss:0.98203 cls_loss:0.98203 rec_loss:0.23193 [21.17s]; best loss:0.98203, patience : 0
2026-07-03 03:47:10,980 P1414699 INFO pr:0.8631  rc:0.8877  auc:0.9982 ap:0.9731 f1: 0.8753 pred_right: 1060728 pred_wrong:35472 actu_right: 1061711 actu_wrong: 34489
2026-07-03 03:47:19,710 P1414699 INFO pr:0.8640  rc:0.8788  auc:0.9981 ap:0.9715 f1: 0.8713 pred_right: 454737 pred_wrong:15063 actu_right: 454992 actu_wrong: 14808
2026-07-03 03:47:19,711 P1414699 INFO ----------------------------------------------------------------------------------------------------
2026-07-03 03:47:19,712 P1414699 INFO 20/50 starting... lr: 0.001 para:0.0476190485060215
2026-07-03 03:47:43,037 P1414699 INFO Epoch 20/50, all_loss:0.96292 cls_loss:0.96292 rec_loss:0.23043 [23.32s]; best loss:0.96292, patience : 0
2026-07-03 03:47:52,588 P1414699 INFO pr:0.8712  rc:0.8832  auc:0.9982 ap:0.9733 f1: 0.8772 pred_right: 1061237 pred_wrong:34963 actu_right: 1061711 actu_wrong: 34489
2026-07-03 03:47:56,629 P1414699 INFO pr:0.8739  rc:0.8762  auc:0.9981 ap:0.9724 f1: 0.8751 pred_right: 454953 pred_wrong:14847 actu_right: 454992 actu_wrong: 14808
2026-07-03 03:47:56,630 P1414699 INFO ----------------------------------------------------------------------------------------------------
2026-07-03 03:47:56,630 P1414699 INFO 21/50 starting... lr: 0.001 para:0.04545454680919647
2026-07-03 03:48:17,026 P1414699 INFO Epoch 21/50, all_loss:0.92412 cls_loss:0.92412 rec_loss:0.22906 [20.39s]; best loss:0.92412, patience : 0
2026-07-03 03:48:28,246 P1414699 INFO pr:0.8778  rc:0.8813  auc:0.9983 ap:0.9749 f1: 0.8795 pred_right: 1061576 pred_wrong:34624 actu_right: 1061713 actu_wrong: 34487
2026-07-03 03:48:31,580 P1414699 INFO pr:0.8809  rc:0.8756  auc:0.9982 ap:0.9737 f1: 0.8782 pred_right: 455081 pred_wrong:14719 actu_right: 454992 actu_wrong: 14808
2026-07-03 03:48:31,580 P1414699 INFO ----------------------------------------------------------------------------------------------------
2026-07-03 03:48:31,581 P1414699 INFO 22/50 starting... lr: 0.001 para:0.043478261679410934
2026-07-03 03:48:58,019 P1414699 INFO Epoch 22/50, all_loss:0.91724 cls_loss:0.91724 rec_loss:0.23047 [26.43s]; best loss:0.91724, patience : 0
2026-07-03 03:49:07,675 P1414699 INFO pr:0.8525  rc:0.9225  auc:0.9983 ap:0.9737 f1: 0.8861 pred_right: 1058879 pred_wrong:37321 actu_right: 1061712 actu_wrong: 34488
2026-07-03 03:49:11,738 P1414699 INFO pr:0.8548  rc:0.9187  auc:0.9982 ap:0.9730 f1: 0.8856 pred_right: 453886 pred_wrong:15914 actu_right: 454992 actu_wrong: 14808
2026-07-03 03:49:11,744 P1414699 INFO ----------------------------------------------------------------------------------------------------
2026-07-03 03:49:11,744 P1414699 INFO 23/50 starting... lr: 0.001 para:0.0416666679084301
2026-07-03 03:49:32,157 P1414699 INFO Epoch 23/50, all_loss:0.90999 cls_loss:0.90999 rec_loss:0.22913 [20.41s]; best loss:0.90999, patience : 0
2026-07-03 03:49:42,214 P1414699 INFO pr:0.8482  rc:0.9283  auc:0.9984 ap:0.9751 f1: 0.8864 pred_right: 1058450 pred_wrong:37750 actu_right: 1061710 actu_wrong: 34490
2026-07-03 03:49:46,273 P1414699 INFO pr:0.8477  rc:0.9218  auc:0.9982 ap:0.9736 f1: 0.8832 pred_right: 453697 pred_wrong:16103 actu_right: 454992 actu_wrong: 14808
2026-07-03 03:49:46,279 P1414699 INFO ----------------------------------------------------------------------------------------------------
2026-07-03 03:49:46,280 P1414699 INFO 24/50 starting... lr: 0.001 para:0.03999999910593033
2026-07-03 03:50:06,853 P1414699 INFO Epoch 24/50, all_loss:0.88253 cls_loss:0.88253 rec_loss:0.22790 [20.57s]; best loss:0.88253, patience : 0
2026-07-03 03:50:24,346 P1414699 INFO pr:0.8480  rc:0.9334  auc:0.9985 ap:0.9759 f1: 0.8886 pred_right: 1058235 pred_wrong:37965 actu_right: 1061710 actu_wrong: 34490
2026-07-03 03:50:28,720 P1414699 INFO pr:0.8494  rc:0.9297  auc:0.9983 ap:0.9746 f1: 0.8878 pred_right: 453593 pred_wrong:16207 actu_right: 454992 actu_wrong: 14808
2026-07-03 03:50:28,726 P1414699 INFO ----------------------------------------------------------------------------------------------------
2026-07-03 03:50:28,726 P1414699 INFO 25/50 starting... lr: 0.001 para:0.03846153989434242
2026-07-03 03:50:49,105 P1414699 INFO Epoch 25/50, all_loss:0.87771 cls_loss:0.87771 rec_loss:0.22718 [20.37s]; best loss:0.87771, patience : 0
2026-07-03 03:50:58,906 P1414699 INFO pr:0.8194  rc:0.9305  auc:0.9980 ap:0.9715 f1: 0.8715 pred_right: 1057032 pred_wrong:39168 actu_right: 1061707 actu_wrong: 34493
2026-07-03 03:51:02,838 P1414699 INFO pr:0.8179  rc:0.9271  auc:0.9979 ap:0.9703 f1: 0.8691 pred_right: 453015 pred_wrong:16785 actu_right: 454992 actu_wrong: 14808
2026-07-03 03:51:02,839 P1414699 INFO ----------------------------------------------------------------------------------------------------
2026-07-03 03:51:02,846 P1414699 INFO 26/50 starting... lr: 0.001 para:0.03703703731298447
2026-07-03 03:51:24,498 P1414699 INFO Epoch 26/50, all_loss:0.87452 cls_loss:0.87452 rec_loss:0.22468 [21.65s]; best loss:0.87452, patience : 0
2026-07-03 03:51:33,387 P1414699 INFO pr:0.8815  rc:0.8813  auc:0.9984 ap:0.9753 f1: 0.8814 pred_right: 1061716 pred_wrong:34484 actu_right: 1061709 actu_wrong: 34491
2026-07-03 03:51:39,590 P1414699 INFO pr:0.8808  rc:0.8766  auc:0.9983 ap:0.9742 f1: 0.8787 pred_right: 455064 pred_wrong:14736 actu_right: 454992 actu_wrong: 14808
2026-07-03 03:51:39,592 P1414699 INFO ----------------------------------------------------------------------------------------------------
2026-07-03 03:51:39,592 P1414699 INFO 27/50 starting... lr: 0.001 para:0.0357142873108387
2026-07-03 03:52:04,452 P1414699 INFO Epoch 27/50, all_loss:0.86693 cls_loss:0.86693 rec_loss:0.22586 [24.85s]; best loss:0.86693, patience : 0
2026-07-03 03:52:14,396 P1414699 INFO pr:0.8831  rc:0.8748  auc:0.9985 ap:0.9762 f1: 0.8789 pred_right: 1062035 pred_wrong:34165 actu_right: 1061711 actu_wrong: 34489
2026-07-03 03:52:18,498 P1414699 INFO pr:0.8841  rc:0.8684  auc:0.9984 ap:0.9755 f1: 0.8762 pred_right: 455256 pred_wrong:14544 actu_right: 454992 actu_wrong: 14808
2026-07-03 03:52:18,499 P1414699 INFO ----------------------------------------------------------------------------------------------------
2026-07-03 03:52:18,499 P1414699 INFO 28/50 starting... lr: 0.001 para:0.03448275849223137
2026-07-03 03:52:39,079 P1414699 INFO Epoch 28/50, all_loss:0.83917 cls_loss:0.83917 rec_loss:0.22667 [20.57s]; best loss:0.83917, patience : 0
2026-07-03 03:52:49,472 P1414699 INFO pr:0.8804  rc:0.8625  auc:0.9983 ap:0.9739 f1: 0.8713 pred_right: 1062413 pred_wrong:33787 actu_right: 1061711 actu_wrong: 34489
2026-07-03 03:52:53,786 P1414699 INFO pr:0.8790  rc:0.8573  auc:0.9982 ap:0.9727 f1: 0.8680 pred_right: 455357 pred_wrong:14443 actu_right: 454992 actu_wrong: 14808
2026-07-03 03:52:53,786 P1414699 INFO ----------------------------------------------------------------------------------------------------
2026-07-03 03:52:53,786 P1414699 INFO 29/50 starting... lr: 0.001 para:0.03333333507180214
2026-07-03 03:53:19,723 P1414699 INFO Epoch 29/50, all_loss:0.84464 cls_loss:0.84464 rec_loss:0.22391 [25.94s]; best loss:0.83917, patience : 1
2026-07-03 03:53:29,649 P1414699 INFO pr:0.8870  rc:0.8864  auc:0.9984 ap:0.9761 f1: 0.8867 pred_right: 1061738 pred_wrong:34462 actu_right: 1061714 actu_wrong: 34486
2026-07-03 03:53:33,751 P1414699 INFO pr:0.8863  rc:0.8797  auc:0.9982 ap:0.9751 f1: 0.8830 pred_right: 455103 pred_wrong:14697 actu_right: 454992 actu_wrong: 14808
2026-07-03 03:53:33,751 P1414699 INFO ----------------------------------------------------------------------------------------------------
2026-07-03 03:53:33,752 P1414699 INFO 30/50 starting... lr: 0.001 para:0.032258063554763794
2026-07-03 03:53:54,511 P1414699 INFO Epoch 30/50, all_loss:0.83059 cls_loss:0.83059 rec_loss:0.22494 [20.75s]; best loss:0.83059, patience : 0
2026-07-03 03:54:04,496 P1414699 INFO pr:0.8759  rc:0.8939  auc:0.9984 ap:0.9762 f1: 0.8848 pred_right: 1061002 pred_wrong:35198 actu_right: 1061710 actu_wrong: 34490
2026-07-03 03:54:08,609 P1414699 INFO pr:0.8747  rc:0.8909  auc:0.9982 ap:0.9752 f1: 0.8827 pred_right: 454719 pred_wrong:15081 actu_right: 454992 actu_wrong: 14808
2026-07-03 03:54:08,609 P1414699 INFO ----------------------------------------------------------------------------------------------------
2026-07-03 03:54:08,610 P1414699 INFO 31/50 starting... lr: 0.001 para:0.03125
2026-07-03 03:54:29,498 P1414699 INFO Epoch 31/50, all_loss:0.82233 cls_loss:0.82233 rec_loss:0.22522 [20.88s]; best loss:0.82233, patience : 0
2026-07-03 03:54:46,968 P1414699 INFO pr:0.8568  rc:0.9279  auc:0.9985 ap:0.9765 f1: 0.8910 pred_right: 1058853 pred_wrong:37347 actu_right: 1061716 actu_wrong: 34484
2026-07-03 03:54:51,135 P1414699 INFO pr:0.8586  rc:0.9242  auc:0.9984 ap:0.9760 f1: 0.8902 pred_right: 453862 pred_wrong:15938 actu_right: 454992 actu_wrong: 14808
2026-07-03 03:54:51,141 P1414699 INFO ----------------------------------------------------------------------------------------------------
2026-07-03 03:54:51,142 P1414699 INFO 32/50 starting... lr: 0.001 para:0.03030303120613098
2026-07-03 03:55:11,948 P1414699 INFO Epoch 32/50, all_loss:0.82406 cls_loss:0.82406 rec_loss:0.22389 [20.81s]; best loss:0.82233, patience : 1
2026-07-03 03:55:21,821 P1414699 INFO pr:0.8803  rc:0.9029  auc:0.9986 ap:0.9784 f1: 0.8915 pred_right: 1060825 pred_wrong:35375 actu_right: 1061710 actu_wrong: 34490
2026-07-03 03:55:25,895 P1414699 INFO pr:0.8812  rc:0.8952  auc:0.9984 ap:0.9776 f1: 0.8881 pred_right: 454757 pred_wrong:15043 actu_right: 454992 actu_wrong: 14808
2026-07-03 03:55:25,901 P1414699 INFO ----------------------------------------------------------------------------------------------------
2026-07-03 03:55:25,901 P1414699 INFO 33/50 starting... lr: 0.001 para:0.029411764815449715
2026-07-03 03:55:46,393 P1414699 INFO Epoch 33/50, all_loss:0.80209 cls_loss:0.80209 rec_loss:0.22908 [20.49s]; best loss:0.80209, patience : 0
2026-07-03 03:55:56,030 P1414699 INFO pr:0.8767  rc:0.9161  auc:0.9986 ap:0.9795 f1: 0.8960 pred_right: 1060158 pred_wrong:36042 actu_right: 1061711 actu_wrong: 34489
2026-07-03 03:55:59,825 P1414699 INFO pr:0.8787  rc:0.9133  auc:0.9984 ap:0.9783 f1: 0.8957 pred_right: 454409 pred_wrong:15391 actu_right: 454992 actu_wrong: 14808
2026-07-03 03:55:59,831 P1414699 INFO ----------------------------------------------------------------------------------------------------
2026-07-03 03:55:59,831 P1414699 INFO 34/50 starting... lr: 0.001 para:0.02857142873108387
2026-07-03 03:56:27,318 P1414699 INFO Epoch 34/50, all_loss:0.79937 cls_loss:0.79937 rec_loss:0.22582 [27.48s]; best loss:0.79937, patience : 0
2026-07-03 03:56:37,091 P1414699 INFO pr:0.8784  rc:0.9153  auc:0.9987 ap:0.9797 f1: 0.8965 pred_right: 1060267 pred_wrong:35933 actu_right: 1061715 actu_wrong: 34485
2026-07-03 03:56:41,108 P1414699 INFO pr:0.8795  rc:0.9100  auc:0.9986 ap:0.9787 f1: 0.8945 pred_right: 454478 pred_wrong:15322 actu_right: 454992 actu_wrong: 14808
2026-07-03 03:56:41,114 P1414699 INFO ----------------------------------------------------------------------------------------------------
2026-07-03 03:56:41,114 P1414699 INFO 35/50 starting... lr: 0.001 para:0.02777777798473835
2026-07-03 03:57:01,724 P1414699 INFO Epoch 35/50, all_loss:0.79724 cls_loss:0.79724 rec_loss:0.22566 [20.60s]; best loss:0.79724, patience : 0
2026-07-03 03:57:11,590 P1414699 INFO pr:0.8799  rc:0.9238  auc:0.9987 ap:0.9798 f1: 0.9013 pred_right: 1059988 pred_wrong:36212 actu_right: 1061708 actu_wrong: 34492
2026-07-03 03:57:16,995 P1414699 INFO pr:0.8799  rc:0.9198  auc:0.9986 ap:0.9790 f1: 0.8994 pred_right: 454319 pred_wrong:15481 actu_right: 454992 actu_wrong: 14808
2026-07-03 03:57:17,000 P1414699 INFO ----------------------------------------------------------------------------------------------------
2026-07-03 03:57:17,000 P1414699 INFO 36/50 starting... lr: 0.001 para:0.027027027681469917
2026-07-03 03:57:42,871 P1414699 INFO Epoch 36/50, all_loss:0.77448 cls_loss:0.77448 rec_loss:0.22872 [25.86s]; best loss:0.77448, patience : 0
2026-07-03 03:57:52,635 P1414699 INFO pr:0.8766  rc:0.9246  auc:0.9987 ap:0.9804 f1: 0.8999 pred_right: 1059827 pred_wrong:36373 actu_right: 1061713 actu_wrong: 34487
2026-07-03 03:57:56,656 P1414699 INFO pr:0.8777  rc:0.9190  auc:0.9987 ap:0.9792 f1: 0.8978 pred_right: 454295 pred_wrong:15505 actu_right: 454992 actu_wrong: 14808
2026-07-03 03:57:56,657 P1414699 INFO ----------------------------------------------------------------------------------------------------
2026-07-03 03:57:56,664 P1414699 INFO 37/50 starting... lr: 0.001 para:0.02631578966975212
2026-07-03 03:58:16,989 P1414699 INFO Epoch 37/50, all_loss:0.77301 cls_loss:0.77301 rec_loss:0.22825 [20.32s]; best loss:0.77301, patience : 0
2026-07-03 03:58:26,727 P1414699 INFO pr:0.8705  rc:0.9348  auc:0.9987 ap:0.9805 f1: 0.9015 pred_right: 1059162 pred_wrong:37038 actu_right: 1061707 actu_wrong: 34493
2026-07-03 03:58:30,754 P1414699 INFO pr:0.8708  rc:0.9270  auc:0.9985 ap:0.9793 f1: 0.8980 pred_right: 454037 pred_wrong:15763 actu_right: 454992 actu_wrong: 14808
2026-07-03 03:58:30,761 P1414699 INFO ----------------------------------------------------------------------------------------------------
2026-07-03 03:58:30,761 P1414699 INFO 38/50 starting... lr: 0.001 para:0.025641025975346565
2026-07-03 03:58:52,319 P1414699 INFO Epoch 38/50, all_loss:0.76230 cls_loss:0.76230 rec_loss:0.23139 [21.55s]; best loss:0.76230, patience : 0
2026-07-03 03:59:04,167 P1414699 INFO pr:0.8715  rc:0.9393  auc:0.9987 ap:0.9803 f1: 0.9041 pred_right: 1059030 pred_wrong:37170 actu_right: 1061713 actu_wrong: 34487
2026-07-03 03:59:13,621 P1414699 INFO pr:0.8708  rc:0.9333  auc:0.9986 ap:0.9791 f1: 0.9010 pred_right: 453929 pred_wrong:15871 actu_right: 454992 actu_wrong: 14808
2026-07-03 03:59:13,628 P1414699 INFO ----------------------------------------------------------------------------------------------------
2026-07-03 03:59:13,628 P1414699 INFO 39/50 starting... lr: 0.001 para:0.02500000037252903
2026-07-03 03:59:34,369 P1414699 INFO Epoch 39/50, all_loss:0.75283 cls_loss:0.75283 rec_loss:0.22956 [20.73s]; best loss:0.75283, patience : 0
2026-07-03 03:59:44,740 P1414699 INFO pr:0.8580  rc:0.9075  auc:0.9983 ap:0.9744 f1: 0.8821 pred_right: 1059724 pred_wrong:36476 actu_right: 1061713 actu_wrong: 34487
2026-07-03 03:59:48,938 P1414699 INFO pr:0.8586  rc:0.9038  auc:0.9981 ap:0.9734 f1: 0.8806 pred_right: 454213 pred_wrong:15587 actu_right: 454992 actu_wrong: 14808
2026-07-03 03:59:48,939 P1414699 INFO ----------------------------------------------------------------------------------------------------
2026-07-03 03:59:48,939 P1414699 INFO 40/50 starting... lr: 0.001 para:0.024390242993831635
2026-07-03 04:00:09,622 P1414699 INFO Epoch 40/50, all_loss:0.74354 cls_loss:0.74354 rec_loss:0.23285 [20.68s]; best loss:0.74354, patience : 0
2026-07-03 04:00:20,167 P1414699 INFO pr:0.8735  rc:0.9348  auc:0.9987 ap:0.9798 f1: 0.9031 pred_right: 1059291 pred_wrong:36909 actu_right: 1061714 actu_wrong: 34486
2026-07-03 04:00:23,773 P1414699 INFO pr:0.8742  rc:0.9301  auc:0.9985 ap:0.9788 f1: 0.9013 pred_right: 454045 pred_wrong:15755 actu_right: 454992 actu_wrong: 14808
2026-07-03 04:00:23,774 P1414699 INFO ----------------------------------------------------------------------------------------------------
2026-07-03 04:00:23,774 P1414699 INFO 41/50 starting... lr: 0.001 para:0.02380952425301075
2026-07-03 04:00:50,559 P1414699 INFO Epoch 41/50, all_loss:0.74686 cls_loss:0.74686 rec_loss:0.23204 [26.78s]; best loss:0.74354, patience : 1
2026-07-03 04:01:00,267 P1414699 INFO pr:0.8765  rc:0.9215  auc:0.9987 ap:0.9805 f1: 0.8984 pred_right: 1059945 pred_wrong:36255 actu_right: 1061714 actu_wrong: 34486
2026-07-03 04:01:04,258 P1414699 INFO pr:0.8765  rc:0.9159  auc:0.9985 ap:0.9795 f1: 0.8958 pred_right: 454326 pred_wrong:15474 actu_right: 454992 actu_wrong: 14808
2026-07-03 04:01:04,259 P1414699 INFO ----------------------------------------------------------------------------------------------------
2026-07-03 04:01:04,259 P1414699 INFO 42/50 starting... lr: 0.001 para:0.023255813866853714
2026-07-03 04:01:24,917 P1414699 INFO Epoch 42/50, all_loss:0.73134 cls_loss:0.73134 rec_loss:0.23386 [20.65s]; best loss:0.73134, patience : 0
2026-07-03 04:01:34,698 P1414699 INFO pr:0.8706  rc:0.9048  auc:0.9984 ap:0.9777 f1: 0.8874 pred_right: 1060351 pred_wrong:35849 actu_right: 1061706 actu_wrong: 34494
2026-07-03 04:01:38,811 P1414699 INFO pr:0.8702  rc:0.9003  auc:0.9983 ap:0.9768 f1: 0.8850 pred_right: 454481 pred_wrong:15319 actu_right: 454992 actu_wrong: 14808
2026-07-03 04:01:38,812 P1414699 INFO ----------------------------------------------------------------------------------------------------
2026-07-03 04:01:38,812 P1414699 INFO 43/50 starting... lr: 0.001 para:0.022727273404598236
2026-07-03 04:02:00,965 P1414699 INFO Epoch 43/50, all_loss:0.72961 cls_loss:0.72961 rec_loss:0.22916 [22.14s]; best loss:0.72961, patience : 0
2026-07-03 04:02:17,445 P1414699 INFO pr:0.8814  rc:0.9271  auc:0.9987 ap:0.9813 f1: 0.9037 pred_right: 1059922 pred_wrong:36278 actu_right: 1061713 actu_wrong: 34487
2026-07-03 04:02:21,605 P1414699 INFO pr:0.8817  rc:0.9199  auc:0.9987 ap:0.9806 f1: 0.9004 pred_right: 454351 pred_wrong:15449 actu_right: 454992 actu_wrong: 14808
2026-07-03 04:02:21,606 P1414699 INFO ----------------------------------------------------------------------------------------------------
2026-07-03 04:02:21,606 P1414699 INFO 44/50 starting... lr: 0.001 para:0.02222222276031971
2026-07-03 04:02:42,293 P1414699 INFO Epoch 44/50, all_loss:0.71850 cls_loss:0.71850 rec_loss:0.22960 [20.68s]; best loss:0.71850, patience : 0
2026-07-03 04:02:52,233 P1414699 INFO pr:0.8697  rc:0.9260  auc:0.9987 ap:0.9799 f1: 0.8970 pred_right: 1059481 pred_wrong:36719 actu_right: 1061711 actu_wrong: 34489
2026-07-03 04:02:56,403 P1414699 INFO pr:0.8707  rc:0.9221  auc:0.9986 ap:0.9789 f1: 0.8957 pred_right: 454119 pred_wrong:15681 actu_right: 454992 actu_wrong: 14808
2026-07-03 04:02:56,404 P1414699 INFO ----------------------------------------------------------------------------------------------------
2026-07-03 04:02:56,404 P1414699 INFO 45/50 starting... lr: 0.001 para:0.021739130839705467
2026-07-03 04:03:17,901 P1414699 INFO Epoch 45/50, all_loss:0.72365 cls_loss:0.72365 rec_loss:0.23216 [21.50s]; best loss:0.71850, patience : 1
2026-07-03 04:03:26,587 P1414699 INFO pr:0.8733  rc:0.9357  auc:0.9987 ap:0.9804 f1: 0.9034 pred_right: 1059245 pred_wrong:36955 actu_right: 1061710 actu_wrong: 34490
2026-07-03 04:03:31,454 P1414699 INFO pr:0.8724  rc:0.9290  auc:0.9987 ap:0.9797 f1: 0.8998 pred_right: 454032 pred_wrong:15768 actu_right: 454992 actu_wrong: 14808
2026-07-03 04:03:31,455 P1414699 INFO ----------------------------------------------------------------------------------------------------
2026-07-03 04:03:31,456 P1414699 INFO 46/50 starting... lr: 0.001 para:0.021276595070958138
2026-07-03 04:03:57,666 P1414699 INFO Epoch 46/50, all_loss:0.71778 cls_loss:0.71778 rec_loss:0.23172 [26.20s]; best loss:0.71778, patience : 0
2026-07-03 04:04:07,264 P1414699 INFO pr:0.8819  rc:0.9252  auc:0.9988 ap:0.9813 f1: 0.9030 pred_right: 1060016 pred_wrong:36184 actu_right: 1061710 actu_wrong: 34490
2026-07-03 04:04:11,396 P1414699 INFO pr:0.8823  rc:0.9177  auc:0.9987 ap:0.9801 f1: 0.8997 pred_right: 454397 pred_wrong:15403 actu_right: 454992 actu_wrong: 14808
2026-07-03 04:04:11,397 P1414699 INFO ----------------------------------------------------------------------------------------------------
2026-07-03 04:04:11,397 P1414699 INFO 47/50 starting... lr: 0.001 para:0.02083333395421505
2026-07-03 04:04:31,843 P1414699 INFO Epoch 47/50, all_loss:0.72333 cls_loss:0.72333 rec_loss:0.22962 [20.44s]; best loss:0.71778, patience : 1
2026-07-03 04:04:41,677 P1414699 INFO pr:0.8531  rc:0.9234  auc:0.9985 ap:0.9777 f1: 0.8869 pred_right: 1058872 pred_wrong:37328 actu_right: 1061712 actu_wrong: 34488
2026-07-03 04:04:46,181 P1414699 INFO pr:0.8530  rc:0.9197  auc:0.9985 ap:0.9771 f1: 0.8851 pred_right: 453834 pred_wrong:15966 actu_right: 454992 actu_wrong: 14808
2026-07-03 04:04:46,182 P1414699 INFO ----------------------------------------------------------------------------------------------------
2026-07-03 04:04:46,182 P1414699 INFO 48/50 starting... lr: 0.001 para:0.020408162847161293
2026-07-03 04:05:12,548 P1414699 INFO Epoch 48/50, all_loss:0.69719 cls_loss:0.69719 rec_loss:0.23221 [26.36s]; best loss:0.69719, patience : 0
2026-07-03 04:05:22,634 P1414699 INFO pr:0.8803  rc:0.9330  auc:0.9988 ap:0.9822 f1: 0.9059 pred_right: 1059650 pred_wrong:36550 actu_right: 1061713 actu_wrong: 34487
2026-07-03 04:05:26,809 P1414699 INFO pr:0.8793  rc:0.9261  auc:0.9987 ap:0.9812 f1: 0.9021 pred_right: 454204 pred_wrong:15596 actu_right: 454992 actu_wrong: 14808
2026-07-03 04:05:26,815 P1414699 INFO ----------------------------------------------------------------------------------------------------
2026-07-03 04:05:26,815 P1414699 INFO 49/50 starting... lr: 0.001 para:0.019999999552965164
2026-07-03 04:05:47,344 P1414699 INFO Epoch 49/50, all_loss:0.70550 cls_loss:0.70550 rec_loss:0.23244 [20.53s]; best loss:0.69719, patience : 1
2026-07-03 04:05:57,433 P1414699 INFO pr:0.8765  rc:0.9495  auc:0.9989 ap:0.9835 f1: 0.9115 pred_right: 1058838 pred_wrong:37362 actu_right: 1061708 actu_wrong: 34492
2026-07-03 04:06:01,496 P1414699 INFO pr:0.8766  rc:0.9405  auc:0.9988 ap:0.9826 f1: 0.9074 pred_right: 453913 pred_wrong:15887 actu_right: 454992 actu_wrong: 14808
2026-07-03 04:06:01,502 P1414699 INFO saving model...
2026-07-03 04:06:01,503 P1414699 INFO AnoFusion - loss  best score:0.6971864104270935 at epoch 48
2026-07-03 04:06:01,511 P1414699 INFO AnoFusion - f1  best score:0.9115428507807498 at epoch 49
2026-07-03 04:06:01,518 P1414699 INFO Average training time per epoch: 22.07 seconds
2026-07-03 04:06:01,518 P1414699 INFO calculate scores...
2026-07-03 04:06:01,519 P1414699 INFO calculate label with loss...
2026-07-03 04:06:01,519 P1414699 INFO AnoFusion on ./result/AnoFusion-TT-Epochs50-Seed2 loading...
2026-07-03 04:06:05,595 P1414699 INFO pr:0.8793  rc:0.9261  auc:0.9987 ap:0.9812 f1: 0.9021 pred_right: 454204 pred_wrong:15596 actu_right: 454992 actu_wrong: 14808
2026-07-03 04:06:22,824 P1414699 INFO pr:0.8793  rc:0.9261  auc:0.9987 ap:0.9812 f1: 0.9021 pred_right: 454204 pred_wrong:15596 actu_right: 454992 actu_wrong: 14808
2026-07-03 04:06:22,827 P1414699 INFO Performance Summary:
{'GPU': {'inference_time_per_sample_ms': 0.20037197108657434, 'throughput_samples_per_sec': 4990.717986039734, 'peak_memory_mb': 105.328125, 'energy_per_sample_joules': 0.021015914001429804}, 'CPU': {'inference_time_per_sample_ms': 0.9587485535684054, 'throughput_samples_per_sec': 1043.026345414613, 'peak_memory_mb': 5544.92578125, 'energy_per_sample_joules': 0.062318655981946344}}
2026-07-03 04:06:22,827 P1414699 INFO Starting clean-room hardware benchmarking...
2026-07-03 04:06:23,713 P1414699 INFO Performance with loss: pr:0.8793  rc:0.9261  auc:0.9987 ap:0.9812 f1: 0.9021 pred_right: 454204 pred_wrong:15596 actu_right: 454992 actu_wrong: 14808
2026-07-03 04:06:23,713 P1414699 INFO calculate label with f1...
2026-07-03 04:06:23,713 P1414699 INFO AnoFusion on ./result/AnoFusion-TT-Epochs50-Seed2 loading...
2026-07-03 04:06:27,357 P1414699 INFO pr:0.8766  rc:0.9405  auc:0.9988 ap:0.9826 f1: 0.9074 pred_right: 453913 pred_wrong:15887 actu_right: 454992 actu_wrong: 14808
2026-07-03 04:06:51,274 P1414699 INFO pr:0.8766  rc:0.9405  auc:0.9988 ap:0.9826 f1: 0.9074 pred_right: 453913 pred_wrong:15887 actu_right: 454992 actu_wrong: 14808
2026-07-03 04:06:51,277 P1414699 INFO Performance Summary:
{'GPU': {'inference_time_per_sample_ms': 0.17865496174476178, 'throughput_samples_per_sec': 5597.381624523061, 'peak_memory_mb': 105.25927734375, 'energy_per_sample_joules': 0.01688378715968871}, 'CPU': {'inference_time_per_sample_ms': 1.338919473707197, 'throughput_samples_per_sec': 746.8709057096634, 'peak_memory_mb': 5528.4140625, 'energy_per_sample_joules': 0.0870297657909678}}
2026-07-03 04:06:51,277 P1414699 INFO Starting clean-room hardware benchmarking...
2026-07-03 04:06:52,363 P1414699 INFO Performance with f1: pr:0.8766  rc:0.9405  auc:0.9988 ap:0.9826 f1: 0.9074 pred_right: 453913 pred_wrong:15887 actu_right: 454992 actu_wrong: 14808
