2026-07-11 02:32:48,311 P2699084 INFO ---- Model: ----MSTGAD-c72a5938----random_seed : 3----req_loss_approach : Legendre-style----rec_lambda : 1.0----auxi_lambda : 0.2----Freq Domain : FITS_Legendre----Multi Fits : false----train : True----evaluate : False
2026-07-11 02:32:48,312 P2699084 INFO Load from /home/db2003/Desktop/Amr/Tests/Eadro/codes/chunks/TT
2026-07-11 02:33:00,026 P2699084 INFO Fewshot: training with 1.0 of the 70% of the data
2026-07-11 02:33:08,935 P2699084 INFO Trainable Parameters Breakdown:
2026-07-11 02:33:08,935 P2699084 INFO --------------------------------------------------------------------------------
2026-07-11 02:33:08,935 P2699084 INFO Reconstruction-Specific Parameters:
2026-07-11 02:33:08,935 P2699084 INFO linear_attn.Wq.weight                    | shape: (7, 10)                   | params: 70
2026-07-11 02:33:08,935 P2699084 INFO linear_attn.Wk.weight                    | shape: (7, 10)                   | params: 70
2026-07-11 02:33:08,935 P2699084 INFO linear_attn.Wv.weight                    | shape: (7, 10)                   | params: 70
2026-07-11 02:33:08,935 P2699084 INFO linear_attn.out.weight                   | shape: (10, 7)                   | params: 70
2026-07-11 02:33:08,935 P2699084 INFO linear_attn.out.bias                     | shape: (10,)                     | params: 10
2026-07-11 02:33:08,935 P2699084 INFO linear_attn.norm.weight                  | shape: (10,)                     | params: 10
2026-07-11 02:33:08,935 P2699084 INFO linear_attn.norm.bias                    | shape: (10,)                     | params: 10
2026-07-11 02:33:08,935 P2699084 INFO shared_fits.normlin_W                    | shape: (5, 5)                    | params: 25
2026-07-11 02:33:08,935 P2699084 INFO shared_fits.freq_upsampler.weight        | shape: (5, 5)                    | params: 25
2026-07-11 02:33:08,935 P2699084 INFO shared_fits.freq_upsampler.bias          | shape: (5,)                      | params: 5
2026-07-11 02:33:08,935 P2699084 INFO modality_proj.node.weight                | shape: (10, 8)                   | params: 80
2026-07-11 02:33:08,935 P2699084 INFO modality_proj.node.bias                  | shape: (10,)                     | params: 10
2026-07-11 02:33:08,935 P2699084 INFO modality_proj.log.weight                 | shape: (10, 32)                  | params: 320
2026-07-11 02:33:08,935 P2699084 INFO modality_proj.log.bias                   | shape: (10,)                     | params: 10
2026-07-11 02:33:08,935 P2699084 INFO modality_proj.edge.weight                | shape: (10, 8)                   | params: 80
2026-07-11 02:33:08,936 P2699084 INFO modality_proj.edge.bias                  | shape: (10,)                     | params: 10
2026-07-11 02:33:08,936 P2699084 INFO modality_proj_out.node.weight            | shape: (8, 10)                   | params: 80
2026-07-11 02:33:08,936 P2699084 INFO modality_proj_out.node.bias              | shape: (8,)                      | params: 8
2026-07-11 02:33:08,936 P2699084 INFO modality_proj_out.log.weight             | shape: (32, 10)                  | params: 320
2026-07-11 02:33:08,936 P2699084 INFO modality_proj_out.log.bias               | shape: (32,)                     | params: 32
2026-07-11 02:33:08,936 P2699084 INFO modality_proj_out.edge.weight            | shape: (8, 10)                   | params: 80
2026-07-11 02:33:08,936 P2699084 INFO modality_proj_out.edge.bias              | shape: (8,)                      | params: 8
2026-07-11 02:33:08,936 P2699084 INFO Subtotal: 1,403
2026-07-11 02:33:08,936 P2699084 INFO --------------------------------------------------------------------------------
2026-07-11 02:33:08,936 P2699084 INFO Common Parameters:
2026-07-11 02:33:08,936 P2699084 INFO node_emb.linear.weight                   | shape: (8, 7)                    | params: 56
2026-07-11 02:33:08,936 P2699084 INFO node_emb.linear.bias                     | shape: (8,)                      | params: 8
2026-07-11 02:33:08,936 P2699084 INFO log_emb.linear.weight                    | shape: (32, 60)                  | params: 1,920
2026-07-11 02:33:08,936 P2699084 INFO log_emb.linear.bias                      | shape: (32,)                     | params: 32
2026-07-11 02:33:08,936 P2699084 INFO egde_emb.linear.weight                   | shape: (8, 2)                    | params: 16
2026-07-11 02:33:08,936 P2699084 INFO egde_emb.linear.bias                     | shape: (8,)                      | params: 8
2026-07-11 02:33:08,936 P2699084 INFO dense_node.weight                        | shape: (7, 8)                    | params: 56
2026-07-11 02:33:08,936 P2699084 INFO dense_node.bias                          | shape: (7,)                      | params: 7
2026-07-11 02:33:08,936 P2699084 INFO dense_log.weight                         | shape: (60, 32)                  | params: 1,920
2026-07-11 02:33:08,936 P2699084 INFO dense_log.bias                           | shape: (60,)                     | params: 60
2026-07-11 02:33:08,936 P2699084 INFO dense_edge.weight                        | shape: (2, 8)                    | params: 16
2026-07-11 02:33:08,936 P2699084 INFO dense_edge.bias                          | shape: (2,)                      | params: 2
2026-07-11 02:33:08,936 P2699084 INFO show.0.weight                            | shape: (128, 69)                 | params: 8,832
2026-07-11 02:33:08,937 P2699084 INFO show.0.bias                              | shape: (128,)                    | params: 128
2026-07-11 02:33:08,937 P2699084 INFO show.2.weight                            | shape: (2, 128)                  | params: 256
2026-07-11 02:33:08,937 P2699084 INFO show.2.bias                              | shape: (2,)                      | params: 2
2026-07-11 02:33:08,937 P2699084 INFO Subtotal: 13,319
2026-07-11 02:33:08,937 P2699084 INFO --------------------------------------------------------------------------------
2026-07-11 02:33:08,937 P2699084 INFO Total Trainable Parameters: 14,722

2026-07-11 02:33:08,937 P2699084 INFO Trainable Parameters: 14722, reconstruction: 1403, common: 13319
2026-07-11 02:33:08,937 P2699084 INFO model : init weight
2026-07-11 02:33:08,937 P2699084 INFO Using GPU...
2026-07-11 02:33:08,942 P2699084 INFO optimizer : using AdaBelief
2026-07-11 02:33:08,942 P2699084 INFO ----------------------------------------------------------------------------------------------------
2026-07-11 02:33:08,942 P2699084 INFO 0/50 starting... lr: 0.001 para:1.0
2026-07-11 02:33:36,828 P2699084 INFO Epoch 0/50, all_loss:0.07068 cls_loss:54.29416 rec_loss:0.07068 [27.88s]; best loss:0.07068, patience : 0
2026-07-11 02:33:36,828 P2699084 INFO ----------------------------------------------------------------------------------------------------
2026-07-11 02:33:36,829 P2699084 INFO 1/50 starting... lr: 0.001 para:0.5
2026-07-11 02:33:57,386 P2699084 INFO Epoch 1/50, all_loss:2.22048 cls_loss:4.18145 rec_loss:0.25950 [20.55s]; best loss:2.22048, patience : 0
2026-07-11 02:33:57,386 P2699084 INFO ----------------------------------------------------------------------------------------------------
2026-07-11 02:33:57,386 P2699084 INFO 2/50 starting... lr: 0.001 para:0.3333333432674408
2026-07-11 02:34:17,379 P2699084 INFO Epoch 2/50, all_loss:1.54621 cls_loss:2.18295 rec_loss:0.27274 [19.99s]; best loss:1.54621, patience : 0
2026-07-11 02:34:27,933 P2699084 INFO pr:0.7991  rc:0.5673  auc:0.9880 ap:0.8989 f1: 0.6635 pred_right: 1071720 pred_wrong:24480 actu_right: 1061715 actu_wrong: 34485
2026-07-11 02:34:32,611 P2699084 INFO pr:0.8024  rc:0.5677  auc:0.9883 ap:0.8992 f1: 0.6650 pred_right: 459323 pred_wrong:10477 actu_right: 454992 actu_wrong: 14808
2026-07-11 02:34:32,616 P2699084 INFO ----------------------------------------------------------------------------------------------------
2026-07-11 02:34:32,616 P2699084 INFO 3/50 starting... lr: 0.001 para:0.25
2026-07-11 02:34:52,422 P2699084 INFO Epoch 3/50, all_loss:1.54178 cls_loss:1.95879 rec_loss:0.29074 [19.80s]; best loss:1.54178, patience : 0
2026-07-11 02:35:10,736 P2699084 INFO pr:0.8518  rc:0.5840  auc:0.9913 ap:0.9170 f1: 0.6929 pred_right: 1072554 pred_wrong:23646 actu_right: 1061710 actu_wrong: 34490
2026-07-11 02:35:15,607 P2699084 INFO pr:0.8498  rc:0.5856  auc:0.9913 ap:0.9167 f1: 0.6933 pred_right: 459596 pred_wrong:10204 actu_right: 454992 actu_wrong: 14808
2026-07-11 02:35:15,612 P2699084 INFO ----------------------------------------------------------------------------------------------------
2026-07-11 02:35:15,612 P2699084 INFO 4/50 starting... lr: 0.001 para:0.20000000298023224
2026-07-11 02:35:35,883 P2699084 INFO Epoch 4/50, all_loss:1.45149 cls_loss:1.73224 rec_loss:0.32850 [20.27s]; best loss:1.45149, patience : 0
2026-07-11 02:35:46,378 P2699084 INFO pr:0.8358  rc:0.6502  auc:0.9930 ap:0.9297 f1: 0.7314 pred_right: 1069373 pred_wrong:26827 actu_right: 1061713 actu_wrong: 34487
2026-07-11 02:35:50,821 P2699084 INFO pr:0.8296  rc:0.6472  auc:0.9930 ap:0.9283 f1: 0.7271 pred_right: 458249 pred_wrong:11551 actu_right: 454992 actu_wrong: 14808
2026-07-11 02:35:50,825 P2699084 INFO ----------------------------------------------------------------------------------------------------
2026-07-11 02:35:50,826 P2699084 INFO 5/50 starting... lr: 0.001 para:0.1666666716337204
2026-07-11 02:36:11,113 P2699084 INFO Epoch 5/50, all_loss:1.37850 cls_loss:1.58085 rec_loss:0.36677 [20.28s]; best loss:1.37850, patience : 0
2026-07-11 02:36:21,732 P2699084 INFO pr:0.8533  rc:0.6846  auc:0.9944 ap:0.9428 f1: 0.7597 pred_right: 1068530 pred_wrong:27670 actu_right: 1061712 actu_wrong: 34488
2026-07-11 02:36:25,827 P2699084 INFO pr:0.8551  rc:0.6863  auc:0.9946 ap:0.9424 f1: 0.7615 pred_right: 457915 pred_wrong:11885 actu_right: 454992 actu_wrong: 14808
2026-07-11 02:36:25,831 P2699084 INFO ----------------------------------------------------------------------------------------------------
2026-07-11 02:36:25,831 P2699084 INFO 6/50 starting... lr: 0.001 para:0.1428571492433548
2026-07-11 02:36:53,994 P2699084 INFO Epoch 6/50, all_loss:1.26472 cls_loss:1.39965 rec_loss:0.45516 [28.16s]; best loss:1.26472, patience : 0
2026-07-11 02:37:04,345 P2699084 INFO pr:0.8732  rc:0.7152  auc:0.9958 ap:0.9549 f1: 0.7863 pred_right: 1067949 pred_wrong:28251 actu_right: 1061708 actu_wrong: 34492
2026-07-11 02:37:08,667 P2699084 INFO pr:0.8789  rc:0.7164  auc:0.9961 ap:0.9554 f1: 0.7894 pred_right: 457731 pred_wrong:12069 actu_right: 454992 actu_wrong: 14808
2026-07-11 02:37:08,671 P2699084 INFO ----------------------------------------------------------------------------------------------------
2026-07-11 02:37:08,671 P2699084 INFO 7/50 starting... lr: 0.001 para:0.125
2026-07-11 02:37:29,315 P2699084 INFO Epoch 7/50, all_loss:1.10565 cls_loss:1.17782 rec_loss:0.60045 [20.64s]; best loss:1.10565, patience : 0
2026-07-11 02:37:40,064 P2699084 INFO pr:0.8841  rc:0.7892  auc:0.9971 ap:0.9682 f1: 0.8340 pred_right: 1065415 pred_wrong:30785 actu_right: 1061713 actu_wrong: 34487
2026-07-11 02:37:44,545 P2699084 INFO pr:0.8898  rc:0.7859  auc:0.9973 ap:0.9687 f1: 0.8346 pred_right: 456720 pred_wrong:13080 actu_right: 454992 actu_wrong: 14808
2026-07-11 02:37:44,553 P2699084 INFO ----------------------------------------------------------------------------------------------------
2026-07-11 02:37:44,554 P2699084 INFO 8/50 starting... lr: 0.001 para:0.1111111119389534
2026-07-11 02:38:10,197 P2699084 INFO Epoch 8/50, all_loss:0.99569 cls_loss:1.03724 rec_loss:0.66330 [25.63s]; best loss:0.99569, patience : 0
2026-07-11 02:38:22,274 P2699084 INFO pr:0.9191  rc:0.7148  auc:0.9975 ap:0.9712 f1: 0.8042 pred_right: 1069382 pred_wrong:26818 actu_right: 1061714 actu_wrong: 34486
2026-07-11 02:38:26,795 P2699084 INFO pr:0.9205  rc:0.7122  auc:0.9977 ap:0.9716 f1: 0.8030 pred_right: 458343 pred_wrong:11457 actu_right: 454992 actu_wrong: 14808
2026-07-11 02:38:26,796 P2699084 INFO ----------------------------------------------------------------------------------------------------
2026-07-11 02:38:26,796 P2699084 INFO 9/50 starting... lr: 0.001 para:0.10000000149011612
2026-07-11 02:38:47,269 P2699084 INFO Epoch 9/50, all_loss:0.92980 cls_loss:0.95618 rec_loss:0.69242 [20.47s]; best loss:0.92980, patience : 0
2026-07-11 02:38:58,090 P2699084 INFO pr:0.8759  rc:0.9077  auc:0.9981 ap:0.9751 f1: 0.8915 pred_right: 1060460 pred_wrong:35740 actu_right: 1061711 actu_wrong: 34489
2026-07-11 02:39:02,682 P2699084 INFO pr:0.8784  rc:0.9028  auc:0.9981 ap:0.9750 f1: 0.8904 pred_right: 454581 pred_wrong:15219 actu_right: 454992 actu_wrong: 14808
2026-07-11 02:39:02,687 P2699084 INFO ----------------------------------------------------------------------------------------------------
2026-07-11 02:39:02,687 P2699084 INFO 10/50 starting... lr: 0.001 para:0.09090909361839294
2026-07-11 02:39:22,716 P2699084 INFO Epoch 10/50, all_loss:0.87461 cls_loss:0.89068 rec_loss:0.71388 [20.03s]; best loss:0.87461, patience : 0
2026-07-11 02:39:34,291 P2699084 INFO pr:0.8981  rc:0.8881  auc:0.9984 ap:0.9789 f1: 0.8931 pred_right: 1062092 pred_wrong:34108 actu_right: 1061711 actu_wrong: 34489
2026-07-11 02:39:44,601 P2699084 INFO pr:0.9005  rc:0.8850  auc:0.9984 ap:0.9788 f1: 0.8927 pred_right: 455247 pred_wrong:14553 actu_right: 454992 actu_wrong: 14808
2026-07-11 02:39:44,606 P2699084 INFO ----------------------------------------------------------------------------------------------------
2026-07-11 02:39:44,607 P2699084 INFO 11/50 starting... lr: 0.001 para:0.0833333358168602
2026-07-11 02:40:05,309 P2699084 INFO Epoch 11/50, all_loss:0.79594 cls_loss:0.80181 rec_loss:0.73142 [20.70s]; best loss:0.79594, patience : 0
2026-07-11 02:40:15,678 P2699084 INFO pr:0.8931  rc:0.9077  auc:0.9986 ap:0.9804 f1: 0.9003 pred_right: 1061148 pred_wrong:35052 actu_right: 1061709 actu_wrong: 34491
2026-07-11 02:40:19,981 P2699084 INFO pr:0.8949  rc:0.9048  auc:0.9986 ap:0.9802 f1: 0.8998 pred_right: 454829 pred_wrong:14971 actu_right: 454992 actu_wrong: 14808
2026-07-11 02:40:19,985 P2699084 INFO ----------------------------------------------------------------------------------------------------
2026-07-11 02:40:19,986 P2699084 INFO 12/50 starting... lr: 0.001 para:0.07692307978868484
2026-07-11 02:40:40,473 P2699084 INFO Epoch 12/50, all_loss:0.76709 cls_loss:0.76772 rec_loss:0.75953 [20.48s]; best loss:0.76709, patience : 0
2026-07-11 02:40:52,500 P2699084 INFO pr:0.8722  rc:0.9383  auc:0.9985 ap:0.9791 f1: 0.9040 pred_right: 1059095 pred_wrong:37105 actu_right: 1061711 actu_wrong: 34489
2026-07-11 02:40:56,199 P2699084 INFO pr:0.8744  rc:0.9348  auc:0.9985 ap:0.9788 f1: 0.9036 pred_right: 453969 pred_wrong:15831 actu_right: 454992 actu_wrong: 14808
2026-07-11 02:40:56,203 P2699084 INFO ----------------------------------------------------------------------------------------------------
2026-07-11 02:40:56,203 P2699084 INFO 13/50 starting... lr: 0.001 para:0.0714285746216774
2026-07-11 02:41:23,526 P2699084 INFO Epoch 13/50, all_loss:0.73098 cls_loss:0.72725 rec_loss:0.77949 [27.32s]; best loss:0.73098, patience : 0
2026-07-11 02:41:34,164 P2699084 INFO pr:0.8956  rc:0.9324  auc:0.9987 ap:0.9845 f1: 0.9136 pred_right: 1060292 pred_wrong:35908 actu_right: 1061712 actu_wrong: 34488
2026-07-11 02:41:38,594 P2699084 INFO pr:0.8959  rc:0.9279  auc:0.9988 ap:0.9842 f1: 0.9116 pred_right: 454463 pred_wrong:15337 actu_right: 454992 actu_wrong: 14808
2026-07-11 02:41:38,599 P2699084 INFO ----------------------------------------------------------------------------------------------------
2026-07-11 02:41:38,599 P2699084 INFO 14/50 starting... lr: 0.001 para:0.06666667014360428
2026-07-11 02:41:59,122 P2699084 INFO Epoch 14/50, all_loss:0.69558 cls_loss:0.68808 rec_loss:0.80067 [20.52s]; best loss:0.69558, patience : 0
2026-07-11 02:42:09,869 P2699084 INFO pr:0.8919  rc:0.9425  auc:0.9988 ap:0.9857 f1: 0.9165 pred_right: 1059755 pred_wrong:36445 actu_right: 1061710 actu_wrong: 34490
2026-07-11 02:42:14,372 P2699084 INFO pr:0.8918  rc:0.9400  auc:0.9989 ap:0.9859 f1: 0.9153 pred_right: 454193 pred_wrong:15607 actu_right: 454992 actu_wrong: 14808
2026-07-11 02:42:14,376 P2699084 INFO ----------------------------------------------------------------------------------------------------
2026-07-11 02:42:14,376 P2699084 INFO 15/50 starting... lr: 0.001 para:0.0625
2026-07-11 02:42:34,290 P2699084 INFO Epoch 15/50, all_loss:0.66268 cls_loss:0.65286 rec_loss:0.80998 [19.91s]; best loss:0.66268, patience : 0
2026-07-11 02:42:51,111 P2699084 INFO pr:0.8916  rc:0.9523  auc:0.9989 ap:0.9880 f1: 0.9210 pred_right: 1059364 pred_wrong:36836 actu_right: 1061713 actu_wrong: 34487
2026-07-11 02:42:57,127 P2699084 INFO pr:0.8932  rc:0.9513  auc:0.9991 ap:0.9879 f1: 0.9213 pred_right: 454028 pred_wrong:15772 actu_right: 454992 actu_wrong: 14808
2026-07-11 02:42:57,132 P2699084 INFO ----------------------------------------------------------------------------------------------------
2026-07-11 02:42:57,132 P2699084 INFO 16/50 starting... lr: 0.001 para:0.05882352963089943
2026-07-11 02:43:18,243 P2699084 INFO Epoch 16/50, all_loss:0.64267 cls_loss:0.63149 rec_loss:0.82157 [21.11s]; best loss:0.64267, patience : 0
2026-07-11 02:43:28,756 P2699084 INFO pr:0.8910  rc:0.9555  auc:0.9990 ap:0.9851 f1: 0.9221 pred_right: 1059220 pred_wrong:36980 actu_right: 1061716 actu_wrong: 34484
2026-07-11 02:43:33,046 P2699084 INFO pr:0.8919  rc:0.9552  auc:0.9991 ap:0.9851 f1: 0.9225 pred_right: 453941 pred_wrong:15859 actu_right: 454992 actu_wrong: 14808
2026-07-11 02:43:33,050 P2699084 INFO ----------------------------------------------------------------------------------------------------
2026-07-11 02:43:33,050 P2699084 INFO 17/50 starting... lr: 0.001 para:0.0555555559694767
2026-07-11 02:43:53,526 P2699084 INFO Epoch 17/50, all_loss:0.64337 cls_loss:0.63219 rec_loss:0.83350 [20.47s]; best loss:0.64267, patience : 1
2026-07-11 02:44:04,730 P2699084 INFO pr:0.8816  rc:0.9685  auc:0.9992 ap:0.9879 f1: 0.9230 pred_right: 1058315 pred_wrong:37885 actu_right: 1061714 actu_wrong: 34486
2026-07-11 02:44:08,382 P2699084 INFO pr:0.8829  rc:0.9655  auc:0.9991 ap:0.9872 f1: 0.9224 pred_right: 453607 pred_wrong:16193 actu_right: 454992 actu_wrong: 14808
2026-07-11 02:44:08,386 P2699084 INFO ----------------------------------------------------------------------------------------------------
2026-07-11 02:44:08,386 P2699084 INFO 18/50 starting... lr: 0.001 para:0.05263157933950424
2026-07-11 02:44:35,684 P2699084 INFO Epoch 18/50, all_loss:0.60026 cls_loss:0.58691 rec_loss:0.84045 [27.29s]; best loss:0.60026, patience : 0
2026-07-11 02:44:46,126 P2699084 INFO pr:0.9054  rc:0.9342  auc:0.9990 ap:0.9873 f1: 0.9196 pred_right: 1060611 pred_wrong:35589 actu_right: 1061709 actu_wrong: 34491
2026-07-11 02:44:50,661 P2699084 INFO pr:0.9060  rc:0.9319  auc:0.9991 ap:0.9871 f1: 0.9188 pred_right: 454569 pred_wrong:15231 actu_right: 454992 actu_wrong: 14808
2026-07-11 02:44:50,662 P2699084 INFO ----------------------------------------------------------------------------------------------------
2026-07-11 02:44:50,662 P2699084 INFO 19/50 starting... lr: 0.001 para:0.05000000074505806
2026-07-11 02:45:11,249 P2699084 INFO Epoch 19/50, all_loss:0.60285 cls_loss:0.58949 rec_loss:0.85655 [20.59s]; best loss:0.60026, patience : 1
2026-07-11 02:45:21,768 P2699084 INFO pr:0.8970  rc:0.9530  auc:0.9992 ap:0.9886 f1: 0.9242 pred_right: 1059561 pred_wrong:36639 actu_right: 1061713 actu_wrong: 34487
2026-07-11 02:45:26,151 P2699084 INFO pr:0.8993  rc:0.9514  auc:0.9992 ap:0.9883 f1: 0.9246 pred_right: 454134 pred_wrong:15666 actu_right: 454992 actu_wrong: 14808
2026-07-11 02:45:26,156 P2699084 INFO ----------------------------------------------------------------------------------------------------
2026-07-11 02:45:26,156 P2699084 INFO 20/50 starting... lr: 0.001 para:0.0476190485060215
2026-07-11 02:45:45,859 P2699084 INFO Epoch 20/50, all_loss:0.57300 cls_loss:0.55803 rec_loss:0.87233 [19.69s]; best loss:0.57300, patience : 0
2026-07-11 02:46:05,231 P2699084 INFO pr:0.9304  rc:0.9021  auc:0.9987 ap:0.9876 f1: 0.9160 pred_right: 1062760 pred_wrong:33440 actu_right: 1061710 actu_wrong: 34490
2026-07-11 02:46:09,601 P2699084 INFO pr:0.9329  rc:0.8963  auc:0.9983 ap:0.9869 f1: 0.9143 pred_right: 455573 pred_wrong:14227 actu_right: 454992 actu_wrong: 14808
2026-07-11 02:46:09,602 P2699084 INFO ----------------------------------------------------------------------------------------------------
2026-07-11 02:46:09,602 P2699084 INFO 21/50 starting... lr: 0.001 para:0.04545454680919647
2026-07-11 02:46:29,778 P2699084 INFO Epoch 21/50, all_loss:0.57691 cls_loss:0.56274 rec_loss:0.87458 [20.18s]; best loss:0.57300, patience : 1
2026-07-11 02:46:40,511 P2699084 INFO pr:0.9078  rc:0.9600  auc:0.9992 ap:0.9911 f1: 0.9332 pred_right: 1059727 pred_wrong:36473 actu_right: 1061708 actu_wrong: 34492
2026-07-11 02:46:45,074 P2699084 INFO pr:0.9084  rc:0.9585  auc:0.9992 ap:0.9909 f1: 0.9328 pred_right: 454175 pred_wrong:15625 actu_right: 454992 actu_wrong: 14808
2026-07-11 02:46:45,078 P2699084 INFO ----------------------------------------------------------------------------------------------------
2026-07-11 02:46:45,078 P2699084 INFO 22/50 starting... lr: 0.001 para:0.043478261679410934
2026-07-11 02:47:06,839 P2699084 INFO Epoch 22/50, all_loss:0.55744 cls_loss:0.54190 rec_loss:0.89938 [21.75s]; best loss:0.55744, patience : 0
2026-07-11 02:47:16,067 P2699084 INFO pr:0.9218  rc:0.9471  auc:0.9994 ap:0.9911 f1: 0.9343 pred_right: 1060762 pred_wrong:35438 actu_right: 1061708 actu_wrong: 34492
2026-07-11 02:47:19,931 P2699084 INFO pr:0.9223  rc:0.9413  auc:0.9993 ap:0.9905 f1: 0.9317 pred_right: 454687 pred_wrong:15113 actu_right: 454992 actu_wrong: 14808
2026-07-11 02:47:19,935 P2699084 INFO ----------------------------------------------------------------------------------------------------
2026-07-11 02:47:19,935 P2699084 INFO 23/50 starting... lr: 0.001 para:0.0416666679084301
2026-07-11 02:47:48,365 P2699084 INFO Epoch 23/50, all_loss:0.55024 cls_loss:0.53485 rec_loss:0.90420 [28.42s]; best loss:0.55024, patience : 0
2026-07-11 02:47:58,615 P2699084 INFO pr:0.9125  rc:0.9420  auc:0.9992 ap:0.9894 f1: 0.9270 pred_right: 1060594 pred_wrong:35606 actu_right: 1061710 actu_wrong: 34490
2026-07-11 02:48:02,953 P2699084 INFO pr:0.9128  rc:0.9408  auc:0.9992 ap:0.9892 f1: 0.9266 pred_right: 454537 pred_wrong:15263 actu_right: 454992 actu_wrong: 14808
2026-07-11 02:48:02,954 P2699084 INFO ----------------------------------------------------------------------------------------------------
2026-07-11 02:48:02,954 P2699084 INFO 24/50 starting... lr: 0.001 para:0.03999999910593033
2026-07-11 02:48:23,586 P2699084 INFO Epoch 24/50, all_loss:0.52128 cls_loss:0.50409 rec_loss:0.93369 [20.63s]; best loss:0.52128, patience : 0
2026-07-11 02:48:34,403 P2699084 INFO pr:0.9097  rc:0.9654  auc:0.9994 ap:0.9911 f1: 0.9367 pred_right: 1059595 pred_wrong:36605 actu_right: 1061709 actu_wrong: 34491
2026-07-11 02:48:39,575 P2699084 INFO pr:0.9087  rc:0.9636  auc:0.9993 ap:0.9907 f1: 0.9353 pred_right: 454097 pred_wrong:15703 actu_right: 454992 actu_wrong: 14808
2026-07-11 02:48:39,585 P2699084 INFO ----------------------------------------------------------------------------------------------------
2026-07-11 02:48:39,585 P2699084 INFO 25/50 starting... lr: 0.001 para:0.03846153989434242
2026-07-11 02:49:04,519 P2699084 INFO Epoch 25/50, all_loss:0.50843 cls_loss:0.49204 rec_loss:0.91830 [24.93s]; best loss:0.50843, patience : 0
2026-07-11 02:49:16,457 P2699084 INFO pr:0.9125  rc:0.9734  auc:0.9995 ap:0.9928 f1: 0.9420 pred_right: 1059411 pred_wrong:36789 actu_right: 1061713 actu_wrong: 34487
2026-07-11 02:49:20,825 P2699084 INFO pr:0.9130  rc:0.9715  auc:0.9995 ap:0.9923 f1: 0.9414 pred_right: 454044 pred_wrong:15756 actu_right: 454992 actu_wrong: 14808
2026-07-11 02:49:20,830 P2699084 INFO ----------------------------------------------------------------------------------------------------
2026-07-11 02:49:20,830 P2699084 INFO 26/50 starting... lr: 0.001 para:0.03703703731298447
2026-07-11 02:49:41,557 P2699084 INFO Epoch 26/50, all_loss:0.50700 cls_loss:0.49088 rec_loss:0.92623 [20.72s]; best loss:0.50700, patience : 0
2026-07-11 02:49:52,094 P2699084 INFO pr:0.9358  rc:0.9324  auc:0.9994 ap:0.9918 f1: 0.9341 pred_right: 1061838 pred_wrong:34362 actu_right: 1061711 actu_wrong: 34489
2026-07-11 02:49:56,624 P2699084 INFO pr:0.9322  rc:0.9245  auc:0.9993 ap:0.9908 f1: 0.9284 pred_right: 455115 pred_wrong:14685 actu_right: 454992 actu_wrong: 14808
2026-07-11 02:49:56,625 P2699084 INFO ----------------------------------------------------------------------------------------------------
2026-07-11 02:49:56,625 P2699084 INFO 27/50 starting... lr: 0.001 para:0.0357142873108387
2026-07-11 02:50:17,254 P2699084 INFO Epoch 27/50, all_loss:0.49832 cls_loss:0.48193 rec_loss:0.94059 [20.63s]; best loss:0.49832, patience : 0
2026-07-11 02:50:29,518 P2699084 INFO pr:0.9534  rc:0.8885  auc:0.9994 ap:0.9916 f1: 0.9198 pred_right: 1064054 pred_wrong:32146 actu_right: 1061706 actu_wrong: 34494
2026-07-11 02:50:39,591 P2699084 INFO pr:0.9520  rc:0.8835  auc:0.9994 ap:0.9913 f1: 0.9165 pred_right: 456057 pred_wrong:13743 actu_right: 454992 actu_wrong: 14808
2026-07-11 02:50:39,592 P2699084 INFO ----------------------------------------------------------------------------------------------------
2026-07-11 02:50:39,592 P2699084 INFO 28/50 starting... lr: 0.001 para:0.03448275849223137
2026-07-11 02:51:00,640 P2699084 INFO Epoch 28/50, all_loss:0.49443 cls_loss:0.47824 rec_loss:0.94766 [21.04s]; best loss:0.49443, patience : 0
2026-07-11 02:51:11,197 P2699084 INFO pr:0.9239  rc:0.9484  auc:0.9992 ap:0.9916 f1: 0.9360 pred_right: 1060795 pred_wrong:35405 actu_right: 1061709 actu_wrong: 34491
2026-07-11 02:51:15,780 P2699084 INFO pr:0.9240  rc:0.9469  auc:0.9992 ap:0.9910 f1: 0.9353 pred_right: 454625 pred_wrong:15175 actu_right: 454992 actu_wrong: 14808
2026-07-11 02:51:15,781 P2699084 INFO ----------------------------------------------------------------------------------------------------
2026-07-11 02:51:15,781 P2699084 INFO 29/50 starting... lr: 0.001 para:0.03333333507180214
2026-07-11 02:51:36,024 P2699084 INFO Epoch 29/50, all_loss:0.48111 cls_loss:0.46438 rec_loss:0.96630 [20.24s]; best loss:0.48111, patience : 0
2026-07-11 02:51:47,674 P2699084 INFO pr:0.9209  rc:0.9669  auc:0.9994 ap:0.9931 f1: 0.9433 pred_right: 1059992 pred_wrong:36208 actu_right: 1061713 actu_wrong: 34487
2026-07-11 02:51:51,285 P2699084 INFO pr:0.9219  rc:0.9645  auc:0.9994 ap:0.9924 f1: 0.9427 pred_right: 454308 pred_wrong:15492 actu_right: 454992 actu_wrong: 14808
2026-07-11 02:51:51,289 P2699084 INFO ----------------------------------------------------------------------------------------------------
2026-07-11 02:51:51,289 P2699084 INFO 30/50 starting... lr: 0.001 para:0.032258063554763794
2026-07-11 02:52:18,747 P2699084 INFO Epoch 30/50, all_loss:0.49578 cls_loss:0.47959 rec_loss:0.98133 [27.46s]; best loss:0.48111, patience : 1
2026-07-11 02:52:29,522 P2699084 INFO pr:0.9433  rc:0.9248  auc:0.9995 ap:0.9931 f1: 0.9340 pred_right: 1062386 pred_wrong:33814 actu_right: 1061711 actu_wrong: 34489
2026-07-11 02:52:33,966 P2699084 INFO pr:0.9437  rc:0.9203  auc:0.9993 ap:0.9925 f1: 0.9319 pred_right: 455359 pred_wrong:14441 actu_right: 454992 actu_wrong: 14808
2026-07-11 02:52:33,967 P2699084 INFO ----------------------------------------------------------------------------------------------------
2026-07-11 02:52:33,967 P2699084 INFO 31/50 starting... lr: 0.001 para:0.03125
2026-07-11 02:52:54,685 P2699084 INFO Epoch 31/50, all_loss:0.46838 cls_loss:0.45210 rec_loss:0.97322 [20.71s]; best loss:0.46838, patience : 0
2026-07-11 02:53:05,025 P2699084 INFO pr:0.9029  rc:0.9840  auc:0.9994 ap:0.9936 f1: 0.9417 pred_right: 1058615 pred_wrong:37585 actu_right: 1061710 actu_wrong: 34490
2026-07-11 02:53:09,351 P2699084 INFO pr:0.9040  rc:0.9822  auc:0.9994 ap:0.9928 f1: 0.9415 pred_right: 453710 pred_wrong:16090 actu_right: 454992 actu_wrong: 14808
2026-07-11 02:53:09,352 P2699084 INFO ----------------------------------------------------------------------------------------------------
2026-07-11 02:53:09,352 P2699084 INFO 32/50 starting... lr: 0.001 para:0.03030303120613098
2026-07-11 02:53:29,498 P2699084 INFO Epoch 32/50, all_loss:0.44470 cls_loss:0.42767 rec_loss:0.98954 [20.14s]; best loss:0.44470, patience : 0
2026-07-11 02:53:47,075 P2699084 INFO pr:0.9196  rc:0.9660  auc:0.9994 ap:0.9928 f1: 0.9423 pred_right: 1059970 pred_wrong:36230 actu_right: 1061710 actu_wrong: 34490
2026-07-11 02:53:52,313 P2699084 INFO pr:0.9192  rc:0.9635  auc:0.9993 ap:0.9923 f1: 0.9408 pred_right: 454279 pred_wrong:15521 actu_right: 454992 actu_wrong: 14808
2026-07-11 02:53:52,314 P2699084 INFO ----------------------------------------------------------------------------------------------------
2026-07-11 02:53:52,314 P2699084 INFO 33/50 starting... lr: 0.001 para:0.029411764815449715
2026-07-11 02:54:12,928 P2699084 INFO Epoch 33/50, all_loss:0.43453 cls_loss:0.41729 rec_loss:1.00338 [20.61s]; best loss:0.43453, patience : 0
2026-07-11 02:54:23,986 P2699084 INFO pr:0.9214  rc:0.9694  auc:0.9992 ap:0.9928 f1: 0.9448 pred_right: 1059907 pred_wrong:36293 actu_right: 1061703 actu_wrong: 34497
2026-07-11 02:54:28,410 P2699084 INFO pr:0.9212  rc:0.9667  auc:0.9992 ap:0.9923 f1: 0.9434 pred_right: 454260 pred_wrong:15540 actu_right: 454992 actu_wrong: 14808
2026-07-11 02:54:28,414 P2699084 INFO ----------------------------------------------------------------------------------------------------
2026-07-11 02:54:28,415 P2699084 INFO 34/50 starting... lr: 0.001 para:0.02857142873108387
2026-07-11 02:54:49,016 P2699084 INFO Epoch 34/50, all_loss:0.43386 cls_loss:0.41663 rec_loss:1.01968 [20.60s]; best loss:0.43386, patience : 0
2026-07-11 02:54:59,998 P2699084 INFO pr:0.9342  rc:0.9550  auc:0.9992 ap:0.9932 f1: 0.9445 pred_right: 1060934 pred_wrong:35266 actu_right: 1061704 actu_wrong: 34496
2026-07-11 02:55:04,295 P2699084 INFO pr:0.9318  rc:0.9541  auc:0.9992 ap:0.9925 f1: 0.9428 pred_right: 454637 pred_wrong:15163 actu_right: 454992 actu_wrong: 14808
2026-07-11 02:55:04,295 P2699084 INFO ----------------------------------------------------------------------------------------------------
2026-07-11 02:55:04,296 P2699084 INFO 35/50 starting... lr: 0.001 para:0.02777777798473835
2026-07-11 02:55:32,700 P2699084 INFO Epoch 35/50, all_loss:0.44816 cls_loss:0.43158 rec_loss:1.02871 [28.40s]; best loss:0.43386, patience : 1
2026-07-11 02:55:43,048 P2699084 INFO pr:0.9177  rc:0.9831  auc:0.9996 ap:0.9946 f1: 0.9493 pred_right: 1059256 pred_wrong:36944 actu_right: 1061713 actu_wrong: 34487
2026-07-11 02:55:47,366 P2699084 INFO pr:0.9170  rc:0.9801  auc:0.9995 ap:0.9942 f1: 0.9475 pred_right: 453973 pred_wrong:15827 actu_right: 454992 actu_wrong: 14808
2026-07-11 02:55:47,370 P2699084 INFO ----------------------------------------------------------------------------------------------------
2026-07-11 02:55:47,370 P2699084 INFO 36/50 starting... lr: 0.001 para:0.027027027681469917
2026-07-11 02:56:07,766 P2699084 INFO Epoch 36/50, all_loss:0.40182 cls_loss:0.38382 rec_loss:1.04962 [20.39s]; best loss:0.40182, patience : 0
2026-07-11 02:56:18,559 P2699084 INFO pr:0.9248  rc:0.9709  auc:0.9995 ap:0.9939 f1: 0.9473 pred_right: 1059993 pred_wrong:36207 actu_right: 1061711 actu_wrong: 34489
2026-07-11 02:56:23,142 P2699084 INFO pr:0.9256  rc:0.9677  auc:0.9994 ap:0.9934 f1: 0.9462 pred_right: 454319 pred_wrong:15481 actu_right: 454992 actu_wrong: 14808
2026-07-11 02:56:23,143 P2699084 INFO ----------------------------------------------------------------------------------------------------
2026-07-11 02:56:23,143 P2699084 INFO 37/50 starting... lr: 0.001 para:0.02631578966975212
2026-07-11 02:56:46,217 P2699084 INFO Epoch 37/50, all_loss:0.44894 cls_loss:0.43279 rec_loss:1.04650 [23.07s]; best loss:0.40182, patience : 1
2026-07-11 02:57:01,235 P2699084 INFO pr:0.9472  rc:0.9440  auc:0.9995 ap:0.9941 f1: 0.9456 pred_right: 1061831 pred_wrong:34369 actu_right: 1061716 actu_wrong: 34484
2026-07-11 02:57:05,567 P2699084 INFO pr:0.9444  rc:0.9397  auc:0.9994 ap:0.9933 f1: 0.9420 pred_right: 455065 pred_wrong:14735 actu_right: 454992 actu_wrong: 14808
2026-07-11 02:57:05,568 P2699084 INFO ----------------------------------------------------------------------------------------------------
2026-07-11 02:57:05,568 P2699084 INFO 38/50 starting... lr: 0.001 para:0.025641025975346565
2026-07-11 02:57:26,021 P2699084 INFO Epoch 38/50, all_loss:0.41762 cls_loss:0.40092 rec_loss:1.05195 [20.45s]; best loss:0.40182, patience : 1
2026-07-11 02:57:36,955 P2699084 INFO pr:0.9357  rc:0.9678  auc:0.9996 ap:0.9949 f1: 0.9515 pred_right: 1060529 pred_wrong:35671 actu_right: 1061711 actu_wrong: 34489
2026-07-11 02:57:41,299 P2699084 INFO pr:0.9350  rc:0.9662  auc:0.9994 ap:0.9942 f1: 0.9503 pred_right: 454498 pred_wrong:15302 actu_right: 454992 actu_wrong: 14808
2026-07-11 02:57:41,304 P2699084 INFO ----------------------------------------------------------------------------------------------------
2026-07-11 02:57:41,304 P2699084 INFO 39/50 starting... lr: 0.001 para:0.02500000037252903
2026-07-11 02:58:02,858 P2699084 INFO Epoch 39/50, all_loss:0.38701 cls_loss:0.36957 rec_loss:1.06726 [21.55s]; best loss:0.38701, patience : 0
2026-07-11 02:58:11,799 P2699084 INFO pr:0.9354  rc:0.9680  auc:0.9996 ap:0.9946 f1: 0.9514 pred_right: 1060511 pred_wrong:35689 actu_right: 1061713 actu_wrong: 34487
2026-07-11 02:58:17,203 P2699084 INFO pr:0.9324  rc:0.9647  auc:0.9994 ap:0.9935 f1: 0.9483 pred_right: 454478 pred_wrong:15322 actu_right: 454992 actu_wrong: 14808
2026-07-11 02:58:17,205 P2699084 INFO ----------------------------------------------------------------------------------------------------
2026-07-11 02:58:17,205 P2699084 INFO 40/50 starting... lr: 0.001 para:0.024390242993831635
2026-07-11 02:58:44,595 P2699084 INFO Epoch 40/50, all_loss:0.39247 cls_loss:0.37552 rec_loss:1.07031 [27.39s]; best loss:0.38701, patience : 1
2026-07-11 02:58:55,241 P2699084 INFO pr:0.9610  rc:0.9143  auc:0.9994 ap:0.9944 f1: 0.9370 pred_right: 1063385 pred_wrong:32815 actu_right: 1061709 actu_wrong: 34491
2026-07-11 02:58:59,740 P2699084 INFO pr:0.9578  rc:0.9085  auc:0.9994 ap:0.9938 f1: 0.9325 pred_right: 455754 pred_wrong:14046 actu_right: 454992 actu_wrong: 14808
2026-07-11 02:58:59,741 P2699084 INFO ----------------------------------------------------------------------------------------------------
2026-07-11 02:58:59,741 P2699084 INFO 41/50 starting... lr: 0.001 para:0.02380952425301075
2026-07-11 02:59:20,173 P2699084 INFO Epoch 41/50, all_loss:0.37214 cls_loss:0.35513 rec_loss:1.06966 [20.43s]; best loss:0.37214, patience : 0
2026-07-11 02:59:30,676 P2699084 INFO pr:0.9215  rc:0.9792  auc:0.9996 ap:0.9948 f1: 0.9495 pred_right: 1059555 pred_wrong:36645 actu_right: 1061715 actu_wrong: 34485
2026-07-11 02:59:36,522 P2699084 INFO pr:0.9218  rc:0.9761  auc:0.9995 ap:0.9940 f1: 0.9482 pred_right: 454120 pred_wrong:15680 actu_right: 454992 actu_wrong: 14808
2026-07-11 02:59:36,523 P2699084 INFO ----------------------------------------------------------------------------------------------------
2026-07-11 02:59:36,523 P2699084 INFO 42/50 starting... lr: 0.001 para:0.023255813866853714
2026-07-11 03:00:02,371 P2699084 INFO Epoch 42/50, all_loss:0.39271 cls_loss:0.37614 rec_loss:1.08843 [25.85s]; best loss:0.37214, patience : 1
2026-07-11 03:00:13,424 P2699084 INFO pr:0.9121  rc:0.9858  auc:0.9997 ap:0.9949 f1: 0.9475 pred_right: 1058926 pred_wrong:37274 actu_right: 1061713 actu_wrong: 34487
2026-07-11 03:00:17,847 P2699084 INFO pr:0.9091  rc:0.9824  auc:0.9995 ap:0.9939 f1: 0.9444 pred_right: 453798 pred_wrong:16002 actu_right: 454992 actu_wrong: 14808
2026-07-11 03:00:17,848 P2699084 INFO ----------------------------------------------------------------------------------------------------
2026-07-11 03:00:17,848 P2699084 INFO 43/50 starting... lr: 0.001 para:0.022727273404598236
2026-07-11 03:00:38,116 P2699084 INFO Epoch 43/50, all_loss:0.36745 cls_loss:0.35071 rec_loss:1.08739 [20.26s]; best loss:0.36745, patience : 0
2026-07-11 03:00:48,662 P2699084 INFO pr:0.9318  rc:0.9767  auc:0.9994 ap:0.9950 f1: 0.9537 pred_right: 1060049 pred_wrong:36151 actu_right: 1061712 actu_wrong: 34488
2026-07-11 03:00:53,459 P2699084 INFO pr:0.9319  rc:0.9734  auc:0.9994 ap:0.9944 f1: 0.9522 pred_right: 454333 pred_wrong:15467 actu_right: 454992 actu_wrong: 14808
2026-07-11 03:00:53,464 P2699084 INFO ----------------------------------------------------------------------------------------------------
2026-07-11 03:00:53,467 P2699084 INFO 44/50 starting... lr: 0.001 para:0.02222222276031971
2026-07-11 03:01:13,889 P2699084 INFO Epoch 44/50, all_loss:0.38546 cls_loss:0.36916 rec_loss:1.10261 [20.42s]; best loss:0.36745, patience : 1
2026-07-11 03:01:27,432 P2699084 INFO pr:0.9342  rc:0.9789  auc:0.9995 ap:0.9958 f1: 0.9560 pred_right: 1060064 pred_wrong:36136 actu_right: 1061713 actu_wrong: 34487
2026-07-11 03:01:36,320 P2699084 INFO pr:0.9318  rc:0.9750  auc:0.9994 ap:0.9950 f1: 0.9529 pred_right: 454305 pred_wrong:15495 actu_right: 454992 actu_wrong: 14808
2026-07-11 03:01:36,325 P2699084 INFO ----------------------------------------------------------------------------------------------------
2026-07-11 03:01:36,325 P2699084 INFO 45/50 starting... lr: 0.001 para:0.021739130839705467
2026-07-11 03:01:57,322 P2699084 INFO Epoch 45/50, all_loss:0.37721 cls_loss:0.36113 rec_loss:1.10047 [21.00s]; best loss:0.36745, patience : 1
2026-07-11 03:02:07,994 P2699084 INFO pr:0.9319  rc:0.9627  auc:0.9995 ap:0.9932 f1: 0.9471 pred_right: 1060572 pred_wrong:35628 actu_right: 1061710 actu_wrong: 34490
2026-07-11 03:02:12,320 P2699084 INFO pr:0.9293  rc:0.9598  auc:0.9994 ap:0.9924 f1: 0.9443 pred_right: 454506 pred_wrong:15294 actu_right: 454992 actu_wrong: 14808
2026-07-11 03:02:12,321 P2699084 INFO ----------------------------------------------------------------------------------------------------
2026-07-11 03:02:12,321 P2699084 INFO 46/50 starting... lr: 0.001 para:0.021276595070958138
2026-07-11 03:02:33,436 P2699084 INFO Epoch 46/50, all_loss:0.35706 cls_loss:0.34054 rec_loss:1.11710 [21.11s]; best loss:0.35706, patience : 0
2026-07-11 03:02:44,783 P2699084 INFO pr:0.9385  rc:0.9718  auc:0.9996 ap:0.9951 f1: 0.9548 pred_right: 1060487 pred_wrong:35713 actu_right: 1061712 actu_wrong: 34488
2026-07-11 03:02:48,520 P2699084 INFO pr:0.9355  rc:0.9654  auc:0.9994 ap:0.9941 f1: 0.9502 pred_right: 454518 pred_wrong:15282 actu_right: 454992 actu_wrong: 14808
2026-07-11 03:02:48,521 P2699084 INFO ----------------------------------------------------------------------------------------------------
2026-07-11 03:02:48,521 P2699084 INFO 47/50 starting... lr: 0.001 para:0.02083333395421505
2026-07-11 03:03:15,707 P2699084 INFO Epoch 47/50, all_loss:0.37537 cls_loss:0.36002 rec_loss:1.09672 [27.18s]; best loss:0.35706, patience : 1
2026-07-11 03:03:26,298 P2699084 INFO pr:0.9571  rc:0.9416  auc:0.9996 ap:0.9948 f1: 0.9493 pred_right: 1062269 pred_wrong:33931 actu_right: 1061711 actu_wrong: 34489
2026-07-11 03:03:30,745 P2699084 INFO pr:0.9548  rc:0.9367  auc:0.9993 ap:0.9938 f1: 0.9456 pred_right: 455273 pred_wrong:14527 actu_right: 454992 actu_wrong: 14808
2026-07-11 03:03:30,746 P2699084 INFO ----------------------------------------------------------------------------------------------------
2026-07-11 03:03:30,746 P2699084 INFO 48/50 starting... lr: 0.001 para:0.020408162847161293
2026-07-11 03:03:51,321 P2699084 INFO Epoch 48/50, all_loss:0.36342 cls_loss:0.34757 rec_loss:1.12385 [20.57s]; best loss:0.35706, patience : 1
2026-07-11 03:04:01,952 P2699084 INFO pr:0.9232  rc:0.9817  auc:0.9996 ap:0.9947 f1: 0.9516 pred_right: 1059522 pred_wrong:36678 actu_right: 1061708 actu_wrong: 34492
2026-07-11 03:04:06,494 P2699084 INFO pr:0.9196  rc:0.9795  auc:0.9994 ap:0.9937 f1: 0.9486 pred_right: 454028 pred_wrong:15772 actu_right: 454992 actu_wrong: 14808
2026-07-11 03:04:06,495 P2699084 INFO ----------------------------------------------------------------------------------------------------
2026-07-11 03:04:06,495 P2699084 INFO 49/50 starting... lr: 0.001 para:0.019999999552965164
2026-07-11 03:04:26,311 P2699084 INFO Epoch 49/50, all_loss:0.36687 cls_loss:0.35147 rec_loss:1.12160 [19.82s]; best loss:0.35706, patience : 2
2026-07-11 03:04:44,143 P2699084 INFO pr:0.9407  rc:0.9723  auc:0.9996 ap:0.9956 f1: 0.9563 pred_right: 1060557 pred_wrong:35643 actu_right: 1061714 actu_wrong: 34486
2026-07-11 03:04:48,785 P2699084 INFO pr:0.9385  rc:0.9680  auc:0.9994 ap:0.9949 f1: 0.9530 pred_right: 454526 pred_wrong:15274 actu_right: 454992 actu_wrong: 14808
2026-07-11 03:04:48,790 P2699084 INFO saving model...
2026-07-11 03:04:48,790 P2699084 INFO FITS_Legendre - loss  best score:0.35706233978271484 at epoch 46
2026-07-11 03:04:48,796 P2699084 INFO FITS_Legendre - f1  best score:0.956266309230133 at epoch 49
2026-07-11 03:04:48,800 P2699084 INFO Average training time per epoch: 22.15 seconds
2026-07-11 03:04:48,801 P2699084 INFO calculate scores...
2026-07-11 03:04:48,801 P2699084 INFO calculate label with loss...
2026-07-11 03:04:48,801 P2699084 INFO FITS_Legendre on ./result/server_only_exps/Sensitivity/FITS_Legendre-TT-Epochs50-Seed3-ExpNameRQ3_sensitivity-LPFLPF-Attnlinear_attn-NormLinTrue-RecLambda1.0-AuxiLambda0.2-Degree5 loading...
2026-07-11 03:04:53,246 P2699084 INFO pr:0.9355  rc:0.9654  auc:0.9994 ap:0.9941 f1: 0.9502 pred_right: 454518 pred_wrong:15282 actu_right: 454992 actu_wrong: 14808
2026-07-11 03:05:07,152 P2699084 INFO pr:0.9355  rc:0.9654  auc:0.9994 ap:0.9941 f1: 0.9502 pred_right: 454518 pred_wrong:15282 actu_right: 454992 actu_wrong: 14808
2026-07-11 03:05:07,171 P2699084 INFO Performance Summary:
{'GPU': {'inference_time_per_sample_ms': 0.22278001612281143, 'throughput_samples_per_sec': 4488.732954614441, 'peak_memory_mb': 139.2978515625, 'energy_per_sample_joules': 0.01262728270384901}, 'CPU': {'inference_time_per_sample_ms': 0.762368617183716, 'throughput_samples_per_sec': 1311.701422986329, 'peak_memory_mb': 5782.515625, 'energy_per_sample_joules': 0.04955396011694154}}
2026-07-11 03:05:07,171 P2699084 INFO Starting clean-room hardware benchmarking...
2026-07-11 03:05:08,070 P2699084 INFO Performance with loss: pr:0.9355  rc:0.9654  auc:0.9994 ap:0.9941 f1: 0.9502 pred_right: 454518 pred_wrong:15282 actu_right: 454992 actu_wrong: 14808
2026-07-11 03:05:08,070 P2699084 INFO calculate label with f1...
2026-07-11 03:05:08,070 P2699084 INFO FITS_Legendre on ./result/server_only_exps/Sensitivity/FITS_Legendre-TT-Epochs50-Seed3-ExpNameRQ3_sensitivity-LPFLPF-Attnlinear_attn-NormLinTrue-RecLambda1.0-AuxiLambda0.2-Degree5 loading...
2026-07-11 03:05:12,760 P2699084 INFO pr:0.9385  rc:0.9680  auc:0.9994 ap:0.9949 f1: 0.9530 pred_right: 454526 pred_wrong:15274 actu_right: 454992 actu_wrong: 14808
2026-07-11 03:05:26,654 P2699084 INFO pr:0.9385  rc:0.9680  auc:0.9994 ap:0.9949 f1: 0.9530 pred_right: 454526 pred_wrong:15274 actu_right: 454992 actu_wrong: 14808
2026-07-11 03:05:26,661 P2699084 INFO Performance Summary:
{'GPU': {'inference_time_per_sample_ms': 0.23861197505561135, 'throughput_samples_per_sec': 4190.904499939444, 'peak_memory_mb': 138.791015625, 'energy_per_sample_joules': 0.014050546845162147}, 'CPU': {'inference_time_per_sample_ms': 0.7651909894976084, 'throughput_samples_per_sec': 1306.8632716866634, 'peak_memory_mb': 5635.71875, 'energy_per_sample_joules': 0.049737414317344554}}
2026-07-11 03:05:26,662 P2699084 INFO Starting clean-room hardware benchmarking...
2026-07-11 03:05:27,551 P2699084 INFO Performance with f1: pr:0.9385  rc:0.9680  auc:0.9994 ap:0.9949 f1: 0.9530 pred_right: 454526 pred_wrong:15274 actu_right: 454992 actu_wrong: 14808
2026-07-11 03:05:34,479 P2718462 INFO ---- Model: ----MSTGAD-f2c2a0a1----random_seed : 3----req_loss_approach : Legendre-style----rec_lambda : 1.0----auxi_lambda : 0.2----Freq Domain : FITS_Legendre----Multi Fits : false----train : True----evaluate : False
2026-07-11 03:05:34,479 P2718462 INFO Load from /home/db2003/Desktop/Amr/Tests/Eadro/codes/chunks/TT
2026-07-11 03:05:46,547 P2718462 INFO Fewshot: training with 1.0 of the 70% of the data
2026-07-11 03:05:56,313 P2718462 INFO Trainable Parameters Breakdown:
2026-07-11 03:05:56,313 P2718462 INFO --------------------------------------------------------------------------------
2026-07-11 03:05:56,313 P2718462 INFO Reconstruction-Specific Parameters:
2026-07-11 03:05:56,314 P2718462 INFO linear_attn.Wq.weight                    | shape: (15, 10)                  | params: 150
2026-07-11 03:05:56,314 P2718462 INFO linear_attn.Wk.weight                    | shape: (15, 10)                  | params: 150
2026-07-11 03:05:56,314 P2718462 INFO linear_attn.Wv.weight                    | shape: (15, 10)                  | params: 150
2026-07-11 03:05:56,314 P2718462 INFO linear_attn.out.weight                   | shape: (10, 15)                  | params: 150
2026-07-11 03:05:56,314 P2718462 INFO linear_attn.out.bias                     | shape: (10,)                     | params: 10
2026-07-11 03:05:56,314 P2718462 INFO linear_attn.norm.weight                  | shape: (10,)                     | params: 10
2026-07-11 03:05:56,314 P2718462 INFO linear_attn.norm.bias                    | shape: (10,)                     | params: 10
2026-07-11 03:05:56,314 P2718462 INFO shared_fits.normlin_W                    | shape: (5, 5)                    | params: 25
2026-07-11 03:05:56,314 P2718462 INFO shared_fits.freq_upsampler.weight        | shape: (5, 5)                    | params: 25
2026-07-11 03:05:56,314 P2718462 INFO shared_fits.freq_upsampler.bias          | shape: (5,)                      | params: 5
2026-07-11 03:05:56,314 P2718462 INFO modality_proj.node.weight                | shape: (10, 8)                   | params: 80
2026-07-11 03:05:56,314 P2718462 INFO modality_proj.node.bias                  | shape: (10,)                     | params: 10
2026-07-11 03:05:56,314 P2718462 INFO modality_proj.log.weight                 | shape: (10, 32)                  | params: 320
2026-07-11 03:05:56,314 P2718462 INFO modality_proj.log.bias                   | shape: (10,)                     | params: 10
2026-07-11 03:05:56,314 P2718462 INFO modality_proj.edge.weight                | shape: (10, 8)                   | params: 80
2026-07-11 03:05:56,314 P2718462 INFO modality_proj.edge.bias                  | shape: (10,)                     | params: 10
2026-07-11 03:05:56,314 P2718462 INFO modality_proj_out.node.weight            | shape: (8, 10)                   | params: 80
2026-07-11 03:05:56,314 P2718462 INFO modality_proj_out.node.bias              | shape: (8,)                      | params: 8
2026-07-11 03:05:56,314 P2718462 INFO modality_proj_out.log.weight             | shape: (32, 10)                  | params: 320
2026-07-11 03:05:56,314 P2718462 INFO modality_proj_out.log.bias               | shape: (32,)                     | params: 32
2026-07-11 03:05:56,314 P2718462 INFO modality_proj_out.edge.weight            | shape: (8, 10)                   | params: 80
2026-07-11 03:05:56,314 P2718462 INFO modality_proj_out.edge.bias              | shape: (8,)                      | params: 8
2026-07-11 03:05:56,314 P2718462 INFO Subtotal: 1,723
2026-07-11 03:05:56,314 P2718462 INFO --------------------------------------------------------------------------------
2026-07-11 03:05:56,314 P2718462 INFO Common Parameters:
2026-07-11 03:05:56,314 P2718462 INFO node_emb.linear.weight                   | shape: (8, 7)                    | params: 56
2026-07-11 03:05:56,314 P2718462 INFO node_emb.linear.bias                     | shape: (8,)                      | params: 8
2026-07-11 03:05:56,314 P2718462 INFO log_emb.linear.weight                    | shape: (32, 60)                  | params: 1,920
2026-07-11 03:05:56,314 P2718462 INFO log_emb.linear.bias                      | shape: (32,)                     | params: 32
2026-07-11 03:05:56,314 P2718462 INFO egde_emb.linear.weight                   | shape: (8, 2)                    | params: 16
2026-07-11 03:05:56,314 P2718462 INFO egde_emb.linear.bias                     | shape: (8,)                      | params: 8
2026-07-11 03:05:56,314 P2718462 INFO dense_node.weight                        | shape: (7, 8)                    | params: 56
2026-07-11 03:05:56,314 P2718462 INFO dense_node.bias                          | shape: (7,)                      | params: 7
2026-07-11 03:05:56,314 P2718462 INFO dense_log.weight                         | shape: (60, 32)                  | params: 1,920
2026-07-11 03:05:56,315 P2718462 INFO dense_log.bias                           | shape: (60,)                     | params: 60
2026-07-11 03:05:56,315 P2718462 INFO dense_edge.weight                        | shape: (2, 8)                    | params: 16
2026-07-11 03:05:56,315 P2718462 INFO dense_edge.bias                          | shape: (2,)                      | params: 2
2026-07-11 03:05:56,315 P2718462 INFO show.0.weight                            | shape: (128, 69)                 | params: 8,832
2026-07-11 03:05:56,315 P2718462 INFO show.0.bias                              | shape: (128,)                    | params: 128
2026-07-11 03:05:56,315 P2718462 INFO show.2.weight                            | shape: (2, 128)                  | params: 256
2026-07-11 03:05:56,315 P2718462 INFO show.2.bias                              | shape: (2,)                      | params: 2
2026-07-11 03:05:56,315 P2718462 INFO Subtotal: 13,319
2026-07-11 03:05:56,315 P2718462 INFO --------------------------------------------------------------------------------
2026-07-11 03:05:56,315 P2718462 INFO Total Trainable Parameters: 15,042

2026-07-11 03:05:56,315 P2718462 INFO Trainable Parameters: 15042, reconstruction: 1723, common: 13319
2026-07-11 03:05:56,315 P2718462 INFO model : init weight
2026-07-11 03:05:56,315 P2718462 INFO Using GPU...
2026-07-11 03:05:56,319 P2718462 INFO optimizer : using AdaBelief
2026-07-11 03:05:56,319 P2718462 INFO ----------------------------------------------------------------------------------------------------
2026-07-11 03:05:56,319 P2718462 INFO 0/50 starting... lr: 0.001 para:1.0
2026-07-11 03:06:22,245 P2718462 INFO Epoch 0/50, all_loss:0.08425 cls_loss:42.40970 rec_loss:0.08425 [25.92s]; best loss:0.08425, patience : 0
2026-07-11 03:06:22,245 P2718462 INFO ----------------------------------------------------------------------------------------------------
2026-07-11 03:06:22,245 P2718462 INFO 1/50 starting... lr: 0.001 para:0.5
2026-07-11 03:06:42,980 P2718462 INFO Epoch 1/50, all_loss:2.21125 cls_loss:4.20178 rec_loss:0.22072 [20.73s]; best loss:2.21125, patience : 0
2026-07-11 03:06:42,980 P2718462 INFO ----------------------------------------------------------------------------------------------------
2026-07-11 03:06:42,980 P2718462 INFO 2/50 starting... lr: 0.001 para:0.3333333432674408
2026-07-11 03:07:03,295 P2718462 INFO Epoch 2/50, all_loss:1.30966 cls_loss:1.82713 rec_loss:0.27472 [20.31s]; best loss:1.30966, patience : 0
2026-07-11 03:07:14,072 P2718462 INFO pr:0.8265  rc:0.6523  auc:0.9926 ap:0.9270 f1: 0.7291 pred_right: 1068978 pred_wrong:27222 actu_right: 1061709 actu_wrong: 34491
2026-07-11 03:07:18,572 P2718462 INFO pr:0.8256  rc:0.6541  auc:0.9927 ap:0.9273 f1: 0.7299 pred_right: 458068 pred_wrong:11732 actu_right: 454992 actu_wrong: 14808
2026-07-11 03:07:18,577 P2718462 INFO ----------------------------------------------------------------------------------------------------
2026-07-11 03:07:18,577 P2718462 INFO 3/50 starting... lr: 0.001 para:0.25
2026-07-11 03:07:38,814 P2718462 INFO Epoch 3/50, all_loss:1.29474 cls_loss:1.63002 rec_loss:0.28892 [20.23s]; best loss:1.29474, patience : 0
2026-07-11 03:07:57,615 P2718462 INFO pr:0.8835  rc:0.6356  auc:0.9941 ap:0.9372 f1: 0.7393 pred_right: 1071387 pred_wrong:24813 actu_right: 1061710 actu_wrong: 34490
2026-07-11 03:08:02,485 P2718462 INFO pr:0.8867  rc:0.6355  auc:0.9941 ap:0.9375 f1: 0.7404 pred_right: 459186 pred_wrong:10614 actu_right: 454992 actu_wrong: 14808
2026-07-11 03:08:02,490 P2718462 INFO ----------------------------------------------------------------------------------------------------
2026-07-11 03:08:02,490 P2718462 INFO 4/50 starting... lr: 0.001 para:0.20000000298023224
2026-07-11 03:08:23,143 P2718462 INFO Epoch 4/50, all_loss:1.24172 cls_loss:1.47269 rec_loss:0.31787 [20.65s]; best loss:1.24172, patience : 0
2026-07-11 03:08:33,828 P2718462 INFO pr:0.8489  rc:0.7179  auc:0.9953 ap:0.9479 f1: 0.7779 pred_right: 1067034 pred_wrong:29166 actu_right: 1061710 actu_wrong: 34490
2026-07-11 03:08:38,431 P2718462 INFO pr:0.8496  rc:0.7127  auc:0.9953 ap:0.9486 f1: 0.7751 pred_right: 457379 pred_wrong:12421 actu_right: 454992 actu_wrong: 14808
2026-07-11 03:08:38,436 P2718462 INFO ----------------------------------------------------------------------------------------------------
2026-07-11 03:08:38,436 P2718462 INFO 5/50 starting... lr: 0.001 para:0.1666666716337204
2026-07-11 03:09:00,859 P2718462 INFO Epoch 5/50, all_loss:1.14474 cls_loss:1.29600 rec_loss:0.38843 [22.42s]; best loss:1.14474, patience : 0
2026-07-11 03:09:10,039 P2718462 INFO pr:0.8324  rc:0.8248  auc:0.9967 ap:0.9593 f1: 0.8286 pred_right: 1062026 pred_wrong:34174 actu_right: 1061710 actu_wrong: 34490
2026-07-11 03:09:14,835 P2718462 INFO pr:0.8320  rc:0.8198  auc:0.9966 ap:0.9591 f1: 0.8258 pred_right: 455209 pred_wrong:14591 actu_right: 454992 actu_wrong: 14808
2026-07-11 03:09:14,845 P2718462 INFO ----------------------------------------------------------------------------------------------------
2026-07-11 03:09:14,845 P2718462 INFO 6/50 starting... lr: 0.001 para:0.1428571492433548
2026-07-11 03:09:42,046 P2718462 INFO Epoch 6/50, all_loss:0.97484 cls_loss:1.05680 rec_loss:0.48310 [27.20s]; best loss:0.97484, patience : 0
2026-07-11 03:09:52,967 P2718462 INFO pr:0.8829  rc:0.8571  auc:0.9977 ap:0.9751 f1: 0.8698 pred_right: 1062715 pred_wrong:33485 actu_right: 1061709 actu_wrong: 34491
2026-07-11 03:09:57,595 P2718462 INFO pr:0.8846  rc:0.8539  auc:0.9979 ap:0.9752 f1: 0.8690 pred_right: 455505 pred_wrong:14295 actu_right: 454992 actu_wrong: 14808
2026-07-11 03:09:57,599 P2718462 INFO ----------------------------------------------------------------------------------------------------
2026-07-11 03:09:57,602 P2718462 INFO 7/50 starting... lr: 0.001 para:0.125
2026-07-11 03:10:18,547 P2718462 INFO Epoch 7/50, all_loss:0.85234 cls_loss:0.89354 rec_loss:0.56400 [20.94s]; best loss:0.85234, patience : 0
2026-07-11 03:10:29,558 P2718462 INFO pr:0.8961  rc:0.8632  auc:0.9981 ap:0.9778 f1: 0.8793 pred_right: 1062975 pred_wrong:33225 actu_right: 1061710 actu_wrong: 34490
2026-07-11 03:10:35,708 P2718462 INFO pr:0.8972  rc:0.8618  auc:0.9981 ap:0.9778 f1: 0.8791 pred_right: 455577 pred_wrong:14223 actu_right: 454992 actu_wrong: 14808
2026-07-11 03:10:35,712 P2718462 INFO ----------------------------------------------------------------------------------------------------
2026-07-11 03:10:35,712 P2718462 INFO 8/50 starting... lr: 0.001 para:0.1111111119389534
2026-07-11 03:11:02,530 P2718462 INFO Epoch 8/50, all_loss:0.78653 cls_loss:0.80905 rec_loss:0.60641 [26.81s]; best loss:0.78653, patience : 0
2026-07-11 03:11:13,171 P2718462 INFO pr:0.9017  rc:0.8962  auc:0.9987 ap:0.9829 f1: 0.8989 pred_right: 1061913 pred_wrong:34287 actu_right: 1061706 actu_wrong: 34494
2026-07-11 03:11:17,691 P2718462 INFO pr:0.9054  rc:0.8952  auc:0.9988 ap:0.9829 f1: 0.9003 pred_right: 455159 pred_wrong:14641 actu_right: 454992 actu_wrong: 14808
2026-07-11 03:11:17,696 P2718462 INFO ----------------------------------------------------------------------------------------------------
2026-07-11 03:11:17,696 P2718462 INFO 9/50 starting... lr: 0.001 para:0.10000000149011612
2026-07-11 03:11:38,270 P2718462 INFO Epoch 9/50, all_loss:0.69776 cls_loss:0.70421 rec_loss:0.63973 [20.57s]; best loss:0.69776, patience : 0
2026-07-11 03:11:48,724 P2718462 INFO pr:0.8983  rc:0.9231  auc:0.9988 ap:0.9840 f1: 0.9105 pred_right: 1060754 pred_wrong:35446 actu_right: 1061707 actu_wrong: 34493
2026-07-11 03:11:53,052 P2718462 INFO pr:0.9008  rc:0.9230  auc:0.9988 ap:0.9841 f1: 0.9117 pred_right: 454626 pred_wrong:15174 actu_right: 454992 actu_wrong: 14808
2026-07-11 03:11:53,057 P2718462 INFO ----------------------------------------------------------------------------------------------------
2026-07-11 03:11:53,060 P2718462 INFO 10/50 starting... lr: 0.001 para:0.09090909361839294
2026-07-11 03:12:13,823 P2718462 INFO Epoch 10/50, all_loss:0.69004 cls_loss:0.69223 rec_loss:0.66817 [20.76s]; best loss:0.69004, patience : 0
2026-07-11 03:12:27,098 P2718462 INFO pr:0.9015  rc:0.9408  auc:0.9990 ap:0.9862 f1: 0.9207 pred_right: 1060212 pred_wrong:35988 actu_right: 1061714 actu_wrong: 34486
2026-07-11 03:12:35,910 P2718462 INFO pr:0.9044  rc:0.9425  auc:0.9990 ap:0.9856 f1: 0.9230 pred_right: 454369 pred_wrong:15431 actu_right: 454992 actu_wrong: 14808
2026-07-11 03:12:35,915 P2718462 INFO ----------------------------------------------------------------------------------------------------
2026-07-11 03:12:35,916 P2718462 INFO 11/50 starting... lr: 0.001 para:0.0833333358168602
2026-07-11 03:12:57,115 P2718462 INFO Epoch 11/50, all_loss:0.63012 cls_loss:0.62475 rec_loss:0.68923 [21.19s]; best loss:0.63012, patience : 0
2026-07-11 03:13:08,315 P2718462 INFO pr:0.8853  rc:0.9638  auc:0.9991 ap:0.9881 f1: 0.9229 pred_right: 1058653 pred_wrong:37547 actu_right: 1061711 actu_wrong: 34489
2026-07-11 03:13:12,893 P2718462 INFO pr:0.8888  rc:0.9620  auc:0.9991 ap:0.9877 f1: 0.9240 pred_right: 453772 pred_wrong:16028 actu_right: 454992 actu_wrong: 14808
2026-07-11 03:13:12,898 P2718462 INFO ----------------------------------------------------------------------------------------------------
2026-07-11 03:13:12,898 P2718462 INFO 12/50 starting... lr: 0.001 para:0.07692307978868484
2026-07-11 03:13:33,571 P2718462 INFO Epoch 12/50, all_loss:0.60445 cls_loss:0.59621 rec_loss:0.70330 [20.67s]; best loss:0.60445, patience : 0
2026-07-11 03:13:45,598 P2718462 INFO pr:0.9186  rc:0.9284  auc:0.9990 ap:0.9891 f1: 0.9235 pred_right: 1061338 pred_wrong:34862 actu_right: 1061706 actu_wrong: 34494
2026-07-11 03:13:49,295 P2718462 INFO pr:0.9185  rc:0.9213  auc:0.9991 ap:0.9887 f1: 0.9199 pred_right: 454947 pred_wrong:14853 actu_right: 454992 actu_wrong: 14808
2026-07-11 03:13:49,299 P2718462 INFO ----------------------------------------------------------------------------------------------------
2026-07-11 03:13:49,299 P2718462 INFO 13/50 starting... lr: 0.001 para:0.0714285746216774
2026-07-11 03:14:16,404 P2718462 INFO Epoch 13/50, all_loss:0.58362 cls_loss:0.57263 rec_loss:0.72651 [27.10s]; best loss:0.58362, patience : 0
2026-07-11 03:14:27,353 P2718462 INFO pr:0.9248  rc:0.9227  auc:0.9992 ap:0.9879 f1: 0.9238 pred_right: 1061793 pred_wrong:34407 actu_right: 1061712 actu_wrong: 34488
2026-07-11 03:14:31,881 P2718462 INFO pr:0.9268  rc:0.9188  auc:0.9992 ap:0.9879 f1: 0.9228 pred_right: 455119 pred_wrong:14681 actu_right: 454992 actu_wrong: 14808
2026-07-11 03:14:31,886 P2718462 INFO ----------------------------------------------------------------------------------------------------
2026-07-11 03:14:31,886 P2718462 INFO 14/50 starting... lr: 0.001 para:0.06666667014360428
2026-07-11 03:14:52,664 P2718462 INFO Epoch 14/50, all_loss:0.55216 cls_loss:0.53793 rec_loss:0.75132 [20.77s]; best loss:0.55216, patience : 0
2026-07-11 03:15:03,175 P2718462 INFO pr:0.9185  rc:0.9493  auc:0.9993 ap:0.9907 f1: 0.9336 pred_right: 1060557 pred_wrong:35643 actu_right: 1061713 actu_wrong: 34487
2026-07-11 03:15:07,881 P2718462 INFO pr:0.9201  rc:0.9448  auc:0.9993 ap:0.9905 f1: 0.9323 pred_right: 454595 pred_wrong:15205 actu_right: 454992 actu_wrong: 14808
2026-07-11 03:15:07,885 P2718462 INFO ----------------------------------------------------------------------------------------------------
2026-07-11 03:15:07,885 P2718462 INFO 15/50 starting... lr: 0.001 para:0.0625
2026-07-11 03:15:27,374 P2718462 INFO Epoch 15/50, all_loss:0.53647 cls_loss:0.52118 rec_loss:0.76576 [19.48s]; best loss:0.53647, patience : 0
2026-07-11 03:15:45,718 P2718462 INFO pr:0.9405  rc:0.8889  auc:0.9991 ap:0.9896 f1: 0.9140 pred_right: 1063602 pred_wrong:32598 actu_right: 1061710 actu_wrong: 34490
2026-07-11 03:15:50,361 P2718462 INFO pr:0.9403  rc:0.8876  auc:0.9991 ap:0.9891 f1: 0.9132 pred_right: 455821 pred_wrong:13979 actu_right: 454992 actu_wrong: 14808
2026-07-11 03:15:50,362 P2718462 INFO ----------------------------------------------------------------------------------------------------
2026-07-11 03:15:50,362 P2718462 INFO 16/50 starting... lr: 0.001 para:0.05882352963089943
2026-07-11 03:16:11,056 P2718462 INFO Epoch 16/50, all_loss:0.52577 cls_loss:0.50982 rec_loss:0.78083 [20.69s]; best loss:0.52577, patience : 0
2026-07-11 03:16:21,904 P2718462 INFO pr:0.9039  rc:0.9739  auc:0.9994 ap:0.9907 f1: 0.9376 pred_right: 1059039 pred_wrong:37161 actu_right: 1061713 actu_wrong: 34487
2026-07-11 03:16:26,354 P2718462 INFO pr:0.9082  rc:0.9716  auc:0.9994 ap:0.9906 f1: 0.9388 pred_right: 453959 pred_wrong:15841 actu_right: 454992 actu_wrong: 14808
2026-07-11 03:16:26,359 P2718462 INFO ----------------------------------------------------------------------------------------------------
2026-07-11 03:16:26,359 P2718462 INFO 17/50 starting... lr: 0.001 para:0.0555555559694767
2026-07-11 03:16:47,468 P2718462 INFO Epoch 17/50, all_loss:0.50915 cls_loss:0.49244 rec_loss:0.79309 [21.10s]; best loss:0.50915, patience : 0
2026-07-11 03:16:58,869 P2718462 INFO pr:0.9281  rc:0.9548  auc:0.9994 ap:0.9925 f1: 0.9412 pred_right: 1060717 pred_wrong:35483 actu_right: 1061712 actu_wrong: 34488
2026-07-11 03:17:03,047 P2718462 INFO pr:0.9311  rc:0.9513  auc:0.9994 ap:0.9921 f1: 0.9411 pred_right: 454670 pred_wrong:15130 actu_right: 454992 actu_wrong: 14808
2026-07-11 03:17:03,051 P2718462 INFO ----------------------------------------------------------------------------------------------------
2026-07-11 03:17:03,052 P2718462 INFO 18/50 starting... lr: 0.001 para:0.05263157933950424
2026-07-11 03:17:30,857 P2718462 INFO Epoch 18/50, all_loss:0.50850 cls_loss:0.49134 rec_loss:0.81744 [27.80s]; best loss:0.50850, patience : 0
2026-07-11 03:17:41,747 P2718462 INFO pr:0.9117  rc:0.9643  auc:0.9994 ap:0.9905 f1: 0.9373 pred_right: 1059717 pred_wrong:36483 actu_right: 1061708 actu_wrong: 34492
2026-07-11 03:17:46,297 P2718462 INFO pr:0.9122  rc:0.9624  auc:0.9994 ap:0.9904 f1: 0.9366 pred_right: 454177 pred_wrong:15623 actu_right: 454992 actu_wrong: 14808
2026-07-11 03:17:46,298 P2718462 INFO ----------------------------------------------------------------------------------------------------
2026-07-11 03:17:46,298 P2718462 INFO 19/50 starting... lr: 0.001 para:0.05000000074505806
2026-07-11 03:18:06,990 P2718462 INFO Epoch 19/50, all_loss:0.47465 cls_loss:0.45583 rec_loss:0.83218 [20.69s]; best loss:0.47465, patience : 0
2026-07-11 03:18:17,622 P2718462 INFO pr:0.9192  rc:0.9709  auc:0.9994 ap:0.9933 f1: 0.9444 pred_right: 1059775 pred_wrong:36425 actu_right: 1061713 actu_wrong: 34487
2026-07-11 03:18:22,161 P2718462 INFO pr:0.9224  rc:0.9689  auc:0.9994 ap:0.9930 f1: 0.9451 pred_right: 454246 pred_wrong:15554 actu_right: 454992 actu_wrong: 14808
2026-07-11 03:18:22,166 P2718462 INFO ----------------------------------------------------------------------------------------------------
2026-07-11 03:18:22,166 P2718462 INFO 20/50 starting... lr: 0.001 para:0.0476190485060215
2026-07-11 03:18:44,856 P2718462 INFO Epoch 20/50, all_loss:0.45846 cls_loss:0.43974 rec_loss:0.83296 [22.68s]; best loss:0.45846, patience : 0
2026-07-11 03:19:01,052 P2718462 INFO pr:0.9269  rc:0.9538  auc:0.9992 ap:0.9929 f1: 0.9402 pred_right: 1060712 pred_wrong:35488 actu_right: 1061713 actu_wrong: 34487
2026-07-11 03:19:05,514 P2718462 INFO pr:0.9288  rc:0.9488  auc:0.9993 ap:0.9926 f1: 0.9387 pred_right: 454673 pred_wrong:15127 actu_right: 454992 actu_wrong: 14808
2026-07-11 03:19:05,515 P2718462 INFO ----------------------------------------------------------------------------------------------------
2026-07-11 03:19:05,515 P2718462 INFO 21/50 starting... lr: 0.001 para:0.04545454680919647
2026-07-11 03:19:26,085 P2718462 INFO Epoch 21/50, all_loss:0.45745 cls_loss:0.43844 rec_loss:0.85665 [20.57s]; best loss:0.45745, patience : 0
2026-07-11 03:19:37,064 P2718462 INFO pr:0.9246  rc:0.9695  auc:0.9993 ap:0.9935 f1: 0.9465 pred_right: 1060035 pred_wrong:36165 actu_right: 1061709 actu_wrong: 34491
2026-07-11 03:19:41,534 P2718462 INFO pr:0.9256  rc:0.9666  auc:0.9993 ap:0.9928 f1: 0.9456 pred_right: 454336 pred_wrong:15464 actu_right: 454992 actu_wrong: 14808
2026-07-11 03:19:41,539 P2718462 INFO ----------------------------------------------------------------------------------------------------
2026-07-11 03:19:41,539 P2718462 INFO 22/50 starting... lr: 0.001 para:0.043478261679410934
2026-07-11 03:20:03,406 P2718462 INFO Epoch 22/50, all_loss:0.43398 cls_loss:0.41441 rec_loss:0.86441 [21.86s]; best loss:0.43398, patience : 0
2026-07-11 03:20:12,832 P2718462 INFO pr:0.9171  rc:0.9787  auc:0.9995 ap:0.9936 f1: 0.9469 pred_right: 1059401 pred_wrong:36799 actu_right: 1061716 actu_wrong: 34484
2026-07-11 03:20:20,788 P2718462 INFO pr:0.9184  rc:0.9750  auc:0.9994 ap:0.9930 f1: 0.9459 pred_right: 454079 pred_wrong:15721 actu_right: 454992 actu_wrong: 14808
2026-07-11 03:20:20,798 P2718462 INFO ----------------------------------------------------------------------------------------------------
2026-07-11 03:20:20,799 P2718462 INFO 23/50 starting... lr: 0.001 para:0.0416666679084301
2026-07-11 03:20:46,590 P2718462 INFO Epoch 23/50, all_loss:0.45526 cls_loss:0.43700 rec_loss:0.87537 [25.79s]; best loss:0.43398, patience : 1
2026-07-11 03:20:57,498 P2718462 INFO pr:0.9380  rc:0.9520  auc:0.9994 ap:0.9934 f1: 0.9449 pred_right: 1061195 pred_wrong:35005 actu_right: 1061710 actu_wrong: 34490
2026-07-11 03:21:02,281 P2718462 INFO pr:0.9384  rc:0.9477  auc:0.9993 ap:0.9929 f1: 0.9430 pred_right: 454844 pred_wrong:14956 actu_right: 454992 actu_wrong: 14808
2026-07-11 03:21:02,282 P2718462 INFO ----------------------------------------------------------------------------------------------------
2026-07-11 03:21:02,282 P2718462 INFO 24/50 starting... lr: 0.001 para:0.03999999910593033
2026-07-11 03:21:23,256 P2718462 INFO Epoch 24/50, all_loss:0.44103 cls_loss:0.42240 rec_loss:0.88803 [20.97s]; best loss:0.43398, patience : 1
2026-07-11 03:21:35,894 P2718462 INFO pr:0.9349  rc:0.9659  auc:0.9995 ap:0.9943 f1: 0.9502 pred_right: 1060565 pred_wrong:35635 actu_right: 1061708 actu_wrong: 34492
2026-07-11 03:21:39,631 P2718462 INFO pr:0.9345  rc:0.9625  auc:0.9994 ap:0.9936 f1: 0.9483 pred_right: 454548 pred_wrong:15252 actu_right: 454992 actu_wrong: 14808
2026-07-11 03:21:39,635 P2718462 INFO ----------------------------------------------------------------------------------------------------
2026-07-11 03:21:39,635 P2718462 INFO 25/50 starting... lr: 0.001 para:0.03846153989434242
2026-07-11 03:22:07,520 P2718462 INFO Epoch 25/50, all_loss:0.43465 cls_loss:0.41559 rec_loss:0.91116 [27.88s]; best loss:0.43398, patience : 1
2026-07-11 03:22:17,965 P2718462 INFO pr:0.9306  rc:0.9751  auc:0.9995 ap:0.9944 f1: 0.9523 pred_right: 1060060 pred_wrong:36140 actu_right: 1061709 actu_wrong: 34491
2026-07-11 03:22:22,468 P2718462 INFO pr:0.9323  rc:0.9720  auc:0.9993 ap:0.9939 f1: 0.9517 pred_right: 454360 pred_wrong:15440 actu_right: 454992 actu_wrong: 14808
2026-07-11 03:22:22,473 P2718462 INFO ----------------------------------------------------------------------------------------------------
2026-07-11 03:22:22,473 P2718462 INFO 26/50 starting... lr: 0.001 para:0.03703703731298447
2026-07-11 03:22:43,112 P2718462 INFO Epoch 26/50, all_loss:0.41451 cls_loss:0.39506 rec_loss:0.92016 [20.63s]; best loss:0.41451, patience : 0
2026-07-11 03:22:53,782 P2718462 INFO pr:0.9399  rc:0.9641  auc:0.9995 ap:0.9940 f1: 0.9518 pred_right: 1060818 pred_wrong:35382 actu_right: 1061708 actu_wrong: 34492
2026-07-11 03:22:58,251 P2718462 INFO pr:0.9415  rc:0.9596  auc:0.9995 ap:0.9936 f1: 0.9505 pred_right: 454707 pred_wrong:15093 actu_right: 454992 actu_wrong: 14808
2026-07-11 03:22:58,252 P2718462 INFO ----------------------------------------------------------------------------------------------------
2026-07-11 03:22:58,252 P2718462 INFO 27/50 starting... lr: 0.001 para:0.0357142873108387
2026-07-11 03:23:18,278 P2718462 INFO Epoch 27/50, all_loss:0.40091 cls_loss:0.38157 rec_loss:0.92323 [20.02s]; best loss:0.40091, patience : 0
2026-07-11 03:23:37,469 P2718462 INFO pr:0.9296  rc:0.9800  auc:0.9996 ap:0.9950 f1: 0.9542 pred_right: 1059843 pred_wrong:36357 actu_right: 1061711 actu_wrong: 34489
2026-07-11 03:23:42,035 P2718462 INFO pr:0.9301  rc:0.9752  auc:0.9995 ap:0.9944 f1: 0.9521 pred_right: 454274 pred_wrong:15526 actu_right: 454992 actu_wrong: 14808
2026-07-11 03:23:42,039 P2718462 INFO ----------------------------------------------------------------------------------------------------
2026-07-11 03:23:42,039 P2718462 INFO 28/50 starting... lr: 0.001 para:0.03448275849223137
2026-07-11 03:24:03,156 P2718462 INFO Epoch 28/50, all_loss:0.39232 cls_loss:0.37338 rec_loss:0.92273 [21.11s]; best loss:0.39232, patience : 0
2026-07-11 03:24:14,019 P2718462 INFO pr:0.9463  rc:0.9515  auc:0.9996 ap:0.9947 f1: 0.9489 pred_right: 1061520 pred_wrong:34680 actu_right: 1061710 actu_wrong: 34490
2026-07-11 03:24:18,807 P2718462 INFO pr:0.9481  rc:0.9472  auc:0.9994 ap:0.9941 f1: 0.9476 pred_right: 455006 pred_wrong:14794 actu_right: 454992 actu_wrong: 14808
2026-07-11 03:24:18,808 P2718462 INFO ----------------------------------------------------------------------------------------------------
2026-07-11 03:24:18,808 P2718462 INFO 29/50 starting... lr: 0.001 para:0.03333333507180214
2026-07-11 03:24:40,851 P2718462 INFO Epoch 29/50, all_loss:0.37877 cls_loss:0.35963 rec_loss:0.93397 [22.04s]; best loss:0.37877, patience : 0
2026-07-11 03:24:49,934 P2718462 INFO pr:0.9411  rc:0.9678  auc:0.9997 ap:0.9946 f1: 0.9543 pred_right: 1060726 pred_wrong:35474 actu_right: 1061707 actu_wrong: 34493
2026-07-11 03:24:54,717 P2718462 INFO pr:0.9390  rc:0.9643  auc:0.9995 ap:0.9934 f1: 0.9515 pred_right: 454593 pred_wrong:15207 actu_right: 454992 actu_wrong: 14808
2026-07-11 03:24:54,728 P2718462 INFO ----------------------------------------------------------------------------------------------------
2026-07-11 03:24:54,728 P2718462 INFO 30/50 starting... lr: 0.001 para:0.032258063554763794
2026-07-11 03:25:22,609 P2718462 INFO Epoch 30/50, all_loss:0.38136 cls_loss:0.36241 rec_loss:0.94984 [27.88s]; best loss:0.37877, patience : 1
2026-07-11 03:25:33,452 P2718462 INFO pr:0.9478  rc:0.9411  auc:0.9996 ap:0.9948 f1: 0.9444 pred_right: 1061950 pred_wrong:34250 actu_right: 1061709 actu_wrong: 34491
2026-07-11 03:25:37,953 P2718462 INFO pr:0.9447  rc:0.9365  auc:0.9994 ap:0.9939 f1: 0.9406 pred_right: 455120 pred_wrong:14680 actu_right: 454992 actu_wrong: 14808
2026-07-11 03:25:37,954 P2718462 INFO ----------------------------------------------------------------------------------------------------
2026-07-11 03:25:37,954 P2718462 INFO 31/50 starting... lr: 0.001 para:0.03125
2026-07-11 03:25:58,990 P2718462 INFO Epoch 31/50, all_loss:0.37525 cls_loss:0.35626 rec_loss:0.96414 [21.03s]; best loss:0.37525, patience : 0
2026-07-11 03:26:10,059 P2718462 INFO pr:0.9380  rc:0.9657  auc:0.9994 ap:0.9952 f1: 0.9516 pred_right: 1060693 pred_wrong:35507 actu_right: 1061712 actu_wrong: 34488
2026-07-11 03:26:15,729 P2718462 INFO pr:0.9366  rc:0.9612  auc:0.9993 ap:0.9943 f1: 0.9487 pred_right: 454604 pred_wrong:15196 actu_right: 454992 actu_wrong: 14808
2026-07-11 03:26:15,730 P2718462 INFO ----------------------------------------------------------------------------------------------------
2026-07-11 03:26:15,737 P2718462 INFO 32/50 starting... lr: 0.001 para:0.03030303120613098
2026-07-11 03:26:42,790 P2718462 INFO Epoch 32/50, all_loss:0.36720 cls_loss:0.34774 rec_loss:0.98997 [27.05s]; best loss:0.36720, patience : 0
2026-07-11 03:26:53,708 P2718462 INFO pr:0.9414  rc:0.9745  auc:0.9996 ap:0.9951 f1: 0.9577 pred_right: 1060497 pred_wrong:35703 actu_right: 1061711 actu_wrong: 34489
2026-07-11 03:26:58,161 P2718462 INFO pr:0.9395  rc:0.9687  auc:0.9994 ap:0.9939 f1: 0.9539 pred_right: 454533 pred_wrong:15267 actu_right: 454992 actu_wrong: 14808
2026-07-11 03:26:58,168 P2718462 INFO ----------------------------------------------------------------------------------------------------
2026-07-11 03:26:58,168 P2718462 INFO 33/50 starting... lr: 0.001 para:0.029411764815449715
2026-07-11 03:27:19,403 P2718462 INFO Epoch 33/50, all_loss:0.38063 cls_loss:0.36221 rec_loss:0.98831 [21.23s]; best loss:0.36720, patience : 1
2026-07-11 03:27:30,064 P2718462 INFO pr:0.9345  rc:0.9800  auc:0.9996 ap:0.9944 f1: 0.9567 pred_right: 1060029 pred_wrong:36171 actu_right: 1061711 actu_wrong: 34489
2026-07-11 03:27:34,739 P2718462 INFO pr:0.9345  rc:0.9772  auc:0.9995 ap:0.9935 f1: 0.9554 pred_right: 454315 pred_wrong:15485 actu_right: 454992 actu_wrong: 14808
2026-07-11 03:27:34,740 P2718462 INFO ----------------------------------------------------------------------------------------------------
2026-07-11 03:27:34,740 P2718462 INFO 34/50 starting... lr: 0.001 para:0.02857142873108387
2026-07-11 03:27:55,131 P2718462 INFO Epoch 34/50, all_loss:0.36678 cls_loss:0.34870 rec_loss:0.98152 [20.39s]; best loss:0.36678, patience : 0
2026-07-11 03:28:11,850 P2718462 INFO pr:0.9485  rc:0.9608  auc:0.9997 ap:0.9956 f1: 0.9546 pred_right: 1061264 pred_wrong:34936 actu_right: 1061709 actu_wrong: 34491
2026-07-11 03:28:17,567 P2718462 INFO pr:0.9494  rc:0.9548  auc:0.9996 ap:0.9947 f1: 0.9521 pred_right: 454907 pred_wrong:14893 actu_right: 454992 actu_wrong: 14808
2026-07-11 03:28:17,568 P2718462 INFO ----------------------------------------------------------------------------------------------------
2026-07-11 03:28:17,568 P2718462 INFO 35/50 starting... lr: 0.001 para:0.02777777798473835
2026-07-11 03:28:38,336 P2718462 INFO Epoch 35/50, all_loss:0.35394 cls_loss:0.33559 rec_loss:0.99634 [20.76s]; best loss:0.35394, patience : 0
2026-07-11 03:28:48,796 P2718462 INFO pr:0.9353  rc:0.9811  auc:0.9997 ap:0.9956 f1: 0.9577 pred_right: 1060024 pred_wrong:36176 actu_right: 1061712 actu_wrong: 34488
2026-07-11 03:28:53,292 P2718462 INFO pr:0.9350  rc:0.9747  auc:0.9996 ap:0.9946 f1: 0.9545 pred_right: 454363 pred_wrong:15437 actu_right: 454992 actu_wrong: 14808
2026-07-11 03:28:53,293 P2718462 INFO ----------------------------------------------------------------------------------------------------
2026-07-11 03:28:53,293 P2718462 INFO 36/50 starting... lr: 0.001 para:0.027027027681469917
2026-07-11 03:29:14,376 P2718462 INFO Epoch 36/50, all_loss:0.36149 cls_loss:0.34334 rec_loss:1.01518 [21.08s]; best loss:0.35394, patience : 1
2026-07-11 03:29:26,081 P2718462 INFO pr:0.9549  rc:0.9595  auc:0.9997 ap:0.9962 f1: 0.9572 pred_right: 1061536 pred_wrong:34664 actu_right: 1061705 actu_wrong: 34495
2026-07-11 03:29:29,932 P2718462 INFO pr:0.9538  rc:0.9526  auc:0.9995 ap:0.9954 f1: 0.9532 pred_right: 455010 pred_wrong:14790 actu_right: 454992 actu_wrong: 14808
2026-07-11 03:29:29,933 P2718462 INFO ----------------------------------------------------------------------------------------------------
2026-07-11 03:29:29,933 P2718462 INFO 37/50 starting... lr: 0.001 para:0.02631578966975212
2026-07-11 03:29:57,385 P2718462 INFO Epoch 37/50, all_loss:0.33700 cls_loss:0.31850 rec_loss:1.02135 [27.45s]; best loss:0.33700, patience : 0
2026-07-11 03:30:08,087 P2718462 INFO pr:0.9331  rc:0.9851  auc:0.9997 ap:0.9957 f1: 0.9584 pred_right: 1059791 pred_wrong:36409 actu_right: 1061712 actu_wrong: 34488
2026-07-11 03:30:12,485 P2718462 INFO pr:0.9332  rc:0.9814  auc:0.9996 ap:0.9950 f1: 0.9567 pred_right: 454226 pred_wrong:15574 actu_right: 454992 actu_wrong: 14808
2026-07-11 03:30:12,490 P2718462 INFO ----------------------------------------------------------------------------------------------------
2026-07-11 03:30:12,490 P2718462 INFO 38/50 starting... lr: 0.001 para:0.025641025975346565
2026-07-11 03:30:33,356 P2718462 INFO Epoch 38/50, all_loss:0.34475 cls_loss:0.32664 rec_loss:1.03298 [20.87s]; best loss:0.33700, patience : 1
2026-07-11 03:30:44,429 P2718462 INFO pr:0.9497  rc:0.9728  auc:0.9997 ap:0.9961 f1: 0.9611 pred_right: 1060873 pred_wrong:35327 actu_right: 1061712 actu_wrong: 34488
2026-07-11 03:30:48,999 P2718462 INFO pr:0.9490  rc:0.9647  auc:0.9995 ap:0.9952 f1: 0.9568 pred_right: 454747 pred_wrong:15053 actu_right: 454992 actu_wrong: 14808
2026-07-11 03:30:49,004 P2718462 INFO ----------------------------------------------------------------------------------------------------
2026-07-11 03:30:49,004 P2718462 INFO 39/50 starting... lr: 0.001 para:0.02500000037252903
2026-07-11 03:31:10,961 P2718462 INFO Epoch 39/50, all_loss:0.34772 cls_loss:0.32992 rec_loss:1.04177 [21.96s]; best loss:0.33700, patience : 2
2026-07-11 03:31:27,266 P2718462 INFO pr:0.9387  rc:0.9823  auc:0.9996 ap:0.9948 f1: 0.9600 pred_right: 1060107 pred_wrong:36093 actu_right: 1061709 actu_wrong: 34491
2026-07-11 03:31:31,764 P2718462 INFO pr:0.9364  rc:0.9760  auc:0.9995 ap:0.9944 f1: 0.9558 pred_right: 454365 pred_wrong:15435 actu_right: 454992 actu_wrong: 14808
2026-07-11 03:31:31,765 P2718462 INFO ----------------------------------------------------------------------------------------------------
2026-07-11 03:31:31,765 P2718462 INFO 40/50 starting... lr: 0.001 para:0.024390242993831635
2026-07-11 03:31:52,450 P2718462 INFO Epoch 40/50, all_loss:0.33056 cls_loss:0.31265 rec_loss:1.04703 [20.68s]; best loss:0.33056, patience : 0
2026-07-11 03:32:02,849 P2718462 INFO pr:0.9244  rc:0.9857  auc:0.9995 ap:0.9952 f1: 0.9541 pred_right: 1059423 pred_wrong:36777 actu_right: 1061711 actu_wrong: 34489
2026-07-11 03:32:07,531 P2718462 INFO pr:0.9223  rc:0.9801  auc:0.9994 ap:0.9941 f1: 0.9504 pred_right: 454064 pred_wrong:15736 actu_right: 454992 actu_wrong: 14808
2026-07-11 03:32:07,532 P2718462 INFO ----------------------------------------------------------------------------------------------------
2026-07-11 03:32:07,532 P2718462 INFO 41/50 starting... lr: 0.001 para:0.02380952425301075
2026-07-11 03:32:29,507 P2718462 INFO Epoch 41/50, all_loss:0.33378 cls_loss:0.31659 rec_loss:1.03840 [21.97s]; best loss:0.33056, patience : 1
2026-07-11 03:32:38,678 P2718462 INFO pr:0.9306  rc:0.9846  auc:0.9995 ap:0.9961 f1: 0.9569 pred_right: 1059710 pred_wrong:36490 actu_right: 1061711 actu_wrong: 34489
2026-07-11 03:32:43,442 P2718462 INFO pr:0.9330  rc:0.9803  auc:0.9994 ap:0.9951 f1: 0.9561 pred_right: 454242 pred_wrong:15558 actu_right: 454992 actu_wrong: 14808
2026-07-11 03:32:43,444 P2718462 INFO ----------------------------------------------------------------------------------------------------
2026-07-11 03:32:43,445 P2718462 INFO 42/50 starting... lr: 0.001 para:0.023255813866853714
2026-07-11 03:33:11,708 P2718462 INFO Epoch 42/50, all_loss:0.32650 cls_loss:0.30937 rec_loss:1.04616 [28.26s]; best loss:0.32650, patience : 0
2026-07-11 03:33:22,606 P2718462 INFO pr:0.9487  rc:0.9703  auc:0.9996 ap:0.9958 f1: 0.9594 pred_right: 1060923 pred_wrong:35277 actu_right: 1061706 actu_wrong: 34494
2026-07-11 03:33:26,866 P2718462 INFO pr:0.9476  rc:0.9655  auc:0.9995 ap:0.9949 f1: 0.9565 pred_right: 454713 pred_wrong:15087 actu_right: 454992 actu_wrong: 14808
2026-07-11 03:33:26,867 P2718462 INFO ----------------------------------------------------------------------------------------------------
2026-07-11 03:33:26,867 P2718462 INFO 43/50 starting... lr: 0.001 para:0.022727273404598236
2026-07-11 03:33:47,817 P2718462 INFO Epoch 43/50, all_loss:0.31089 cls_loss:0.29323 rec_loss:1.07003 [20.95s]; best loss:0.31089, patience : 0
2026-07-11 03:33:59,029 P2718462 INFO pr:0.9498  rc:0.9633  auc:0.9993 ap:0.9953 f1: 0.9565 pred_right: 1061217 pred_wrong:34983 actu_right: 1061709 actu_wrong: 34491
2026-07-11 03:34:04,761 P2718462 INFO pr:0.9481  rc:0.9593  auc:0.9992 ap:0.9943 f1: 0.9537 pred_right: 454818 pred_wrong:14982 actu_right: 454992 actu_wrong: 14808
2026-07-11 03:34:04,762 P2718462 INFO ----------------------------------------------------------------------------------------------------
2026-07-11 03:34:04,762 P2718462 INFO 44/50 starting... lr: 0.001 para:0.02222222276031971
2026-07-11 03:34:31,316 P2718462 INFO Epoch 44/50, all_loss:0.30232 cls_loss:0.28454 rec_loss:1.08467 [26.55s]; best loss:0.30232, patience : 0
2026-07-11 03:34:41,859 P2718462 INFO pr:0.9504  rc:0.9648  auc:0.9997 ap:0.9962 f1: 0.9575 pred_right: 1061186 pred_wrong:35014 actu_right: 1061709 actu_wrong: 34491
2026-07-11 03:34:46,243 P2718462 INFO pr:0.9488  rc:0.9577  auc:0.9996 ap:0.9952 f1: 0.9532 pred_right: 454852 pred_wrong:14948 actu_right: 454992 actu_wrong: 14808
2026-07-11 03:34:46,244 P2718462 INFO ----------------------------------------------------------------------------------------------------
2026-07-11 03:34:46,244 P2718462 INFO 45/50 starting... lr: 0.001 para:0.021739130839705467
2026-07-11 03:35:07,051 P2718462 INFO Epoch 45/50, all_loss:0.29756 cls_loss:0.27993 rec_loss:1.09082 [20.80s]; best loss:0.29756, patience : 0
2026-07-11 03:35:17,972 P2718462 INFO pr:0.9443  rc:0.9639  auc:0.9996 ap:0.9955 f1: 0.9540 pred_right: 1060996 pred_wrong:35204 actu_right: 1061711 actu_wrong: 34489
2026-07-11 03:35:22,334 P2718462 INFO pr:0.9409  rc:0.9596  auc:0.9995 ap:0.9948 f1: 0.9502 pred_right: 454698 pred_wrong:15102 actu_right: 454992 actu_wrong: 14808
2026-07-11 03:35:22,335 P2718462 INFO ----------------------------------------------------------------------------------------------------
2026-07-11 03:35:22,335 P2718462 INFO 46/50 starting... lr: 0.001 para:0.021276595070958138
2026-07-11 03:35:42,715 P2718462 INFO Epoch 46/50, all_loss:0.29213 cls_loss:0.27490 rec_loss:1.08481 [20.38s]; best loss:0.29213, patience : 0
2026-07-11 03:35:55,263 P2718462 INFO pr:0.9433  rc:0.9842  auc:0.9997 ap:0.9966 f1: 0.9633 pred_right: 1060217 pred_wrong:35983 actu_right: 1061713 actu_wrong: 34487
2026-07-11 03:36:05,086 P2718462 INFO pr:0.9400  rc:0.9770  auc:0.9996 ap:0.9955 f1: 0.9581 pred_right: 454408 pred_wrong:15392 actu_right: 454992 actu_wrong: 14808
2026-07-11 03:36:05,092 P2718462 INFO ----------------------------------------------------------------------------------------------------
2026-07-11 03:36:05,092 P2718462 INFO 47/50 starting... lr: 0.001 para:0.02083333395421505
2026-07-11 03:36:26,598 P2718462 INFO Epoch 47/50, all_loss:0.30562 cls_loss:0.28881 rec_loss:1.09583 [21.51s]; best loss:0.29213, patience : 1
2026-07-11 03:36:37,378 P2718462 INFO pr:0.9581  rc:0.9698  auc:0.9997 ap:0.9968 f1: 0.9639 pred_right: 1061290 pred_wrong:34910 actu_right: 1061712 actu_wrong: 34488
2026-07-11 03:36:41,776 P2718462 INFO pr:0.9565  rc:0.9625  auc:0.9996 ap:0.9959 f1: 0.9595 pred_right: 454899 pred_wrong:14901 actu_right: 454992 actu_wrong: 14808
2026-07-11 03:36:41,781 P2718462 INFO ----------------------------------------------------------------------------------------------------
2026-07-11 03:36:41,781 P2718462 INFO 48/50 starting... lr: 0.001 para:0.020408162847161293
2026-07-11 03:37:02,527 P2718462 INFO Epoch 48/50, all_loss:0.29631 cls_loss:0.27912 rec_loss:1.12165 [20.75s]; best loss:0.29213, patience : 1
2026-07-11 03:37:13,910 P2718462 INFO pr:0.9426  rc:0.9780  auc:0.9996 ap:0.9961 f1: 0.9600 pred_right: 1060416 pred_wrong:35784 actu_right: 1061712 actu_wrong: 34488
2026-07-11 03:37:17,655 P2718462 INFO pr:0.9405  rc:0.9716  auc:0.9995 ap:0.9952 f1: 0.9558 pred_right: 454502 pred_wrong:15298 actu_right: 454992 actu_wrong: 14808
2026-07-11 03:37:17,656 P2718462 INFO ----------------------------------------------------------------------------------------------------
2026-07-11 03:37:17,656 P2718462 INFO 49/50 starting... lr: 0.001 para:0.019999999552965164
2026-07-11 03:37:45,894 P2718462 INFO Epoch 49/50, all_loss:0.31781 cls_loss:0.30192 rec_loss:1.09623 [28.24s]; best loss:0.29213, patience : 2
2026-07-11 03:37:56,240 P2718462 INFO pr:0.9519  rc:0.9679  auc:0.9997 ap:0.9959 f1: 0.9598 pred_right: 1061128 pred_wrong:35072 actu_right: 1061710 actu_wrong: 34490
2026-07-11 03:38:00,748 P2718462 INFO pr:0.9507  rc:0.9626  auc:0.9996 ap:0.9950 f1: 0.9566 pred_right: 454807 pred_wrong:14993 actu_right: 454992 actu_wrong: 14808
2026-07-11 03:38:00,749 P2718462 INFO saving model...
2026-07-11 03:38:00,749 P2718462 INFO FITS_Legendre - loss  best score:0.29213473200798035 at epoch 46
2026-07-11 03:38:00,755 P2718462 INFO FITS_Legendre - f1  best score:0.9639182685379982 at epoch 47
2026-07-11 03:38:00,763 P2718462 INFO Average training time per epoch: 22.59 seconds
2026-07-11 03:38:00,764 P2718462 INFO calculate scores...
2026-07-11 03:38:00,764 P2718462 INFO calculate label with loss...
2026-07-11 03:38:00,765 P2718462 INFO FITS_Legendre on ./result/server_only_exps/Sensitivity/FITS_Legendre-TT-Epochs50-Seed3-ExpNameRQ3_sensitivity-LPFLPF-Attnlinear_attn-NormLinTrue-RecLambda1.0-AuxiLambda0.2-Degree5 loading...
2026-07-11 03:38:05,155 P2718462 INFO pr:0.9400  rc:0.9770  auc:0.9996 ap:0.9955 f1: 0.9581 pred_right: 454408 pred_wrong:15392 actu_right: 454992 actu_wrong: 14808
2026-07-11 03:38:19,385 P2718462 INFO pr:0.9400  rc:0.9770  auc:0.9996 ap:0.9955 f1: 0.9581 pred_right: 454408 pred_wrong:15392 actu_right: 454992 actu_wrong: 14808
2026-07-11 03:38:19,386 P2718462 INFO Performance Summary:
{'GPU': {'inference_time_per_sample_ms': 0.21956153633126435, 'throughput_samples_per_sec': 4554.531803290199, 'peak_memory_mb': 139.3056640625, 'energy_per_sample_joules': 0.012250326138834729}, 'CPU': {'inference_time_per_sample_ms': 0.7834438615223023, 'throughput_samples_per_sec': 1276.4156426689074, 'peak_memory_mb': 5583.14453125, 'energy_per_sample_joules': 0.05092385099894965}}
2026-07-11 03:38:19,386 P2718462 INFO Starting clean-room hardware benchmarking...
2026-07-11 03:38:20,308 P2718462 INFO Performance with loss: pr:0.9400  rc:0.9770  auc:0.9996 ap:0.9955 f1: 0.9581 pred_right: 454408 pred_wrong:15392 actu_right: 454992 actu_wrong: 14808
2026-07-11 03:38:20,308 P2718462 INFO calculate label with f1...
2026-07-11 03:38:20,308 P2718462 INFO FITS_Legendre on ./result/server_only_exps/Sensitivity/FITS_Legendre-TT-Epochs50-Seed3-ExpNameRQ3_sensitivity-LPFLPF-Attnlinear_attn-NormLinTrue-RecLambda1.0-AuxiLambda0.2-Degree5 loading...
2026-07-11 03:38:25,196 P2718462 INFO pr:0.9565  rc:0.9625  auc:0.9996 ap:0.9959 f1: 0.9595 pred_right: 454899 pred_wrong:14901 actu_right: 454992 actu_wrong: 14808
2026-07-11 03:38:39,682 P2718462 INFO pr:0.9565  rc:0.9625  auc:0.9996 ap:0.9959 f1: 0.9595 pred_right: 454899 pred_wrong:14901 actu_right: 454992 actu_wrong: 14808
2026-07-11 03:38:39,685 P2718462 INFO Performance Summary:
{'GPU': {'inference_time_per_sample_ms': 0.24889859222517222, 'throughput_samples_per_sec': 4017.700506298266, 'peak_memory_mb': 138.794921875, 'energy_per_sample_joules': 0.014317642619160806}, 'CPU': {'inference_time_per_sample_ms': 0.7966612975715085, 'throughput_samples_per_sec': 1255.2385851406818, 'peak_memory_mb': 5747.3359375, 'energy_per_sample_joules': 0.05178298434214806}}
2026-07-11 03:38:39,686 P2718462 INFO Starting clean-room hardware benchmarking...
2026-07-11 03:38:40,656 P2718462 INFO Performance with f1: pr:0.9565  rc:0.9625  auc:0.9996 ap:0.9959 f1: 0.9595 pred_right: 454899 pred_wrong:14901 actu_right: 454992 actu_wrong: 14808
