2026-09-12 10:51:37,019 P576089 INFO ---- Model: ----MSTGAD-6579bb44----random_seed : 2----req_loss_approach : Legendre-style----rec_lambda : 1.0----auxi_lambda : 0.0----Freq Domain : FITS_Legendre----Multi Fits : false----train : True----evaluate : False
2026-09-12 10:51:37,019 P576089 INFO read Tranform data
2026-09-12 10:51:38,916 P576089 INFO read Graph edge data
2026-09-12 10:51:38,917 P576089 INFO Fewshot: training with 1.0 of the 70% of the data
2026-09-12 10:51:39,064 P576089 INFO Trainable Parameters Breakdown:
2026-09-12 10:51:39,064 P576089 INFO --------------------------------------------------------------------------------
2026-09-12 10:51:39,064 P576089 INFO Reconstruction-Specific Parameters:
2026-09-12 10:51:39,065 P576089 INFO node_emb.linear.weight                   | shape: (4, 3)                    | params: 12
2026-09-12 10:51:39,065 P576089 INFO node_emb.linear.bias                     | shape: (4,)                      | params: 4
2026-09-12 10:51:39,065 P576089 INFO log_emb.linear.weight                    | shape: (16, 256)                 | params: 4,096
2026-09-12 10:51:39,065 P576089 INFO log_emb.linear.bias                      | shape: (16,)                     | params: 16
2026-09-12 10:51:39,065 P576089 INFO egde_emb.linear.weight                   | shape: (4, 7)                    | params: 28
2026-09-12 10:51:39,065 P576089 INFO egde_emb.linear.bias                     | shape: (4,)                      | params: 4
2026-09-12 10:51:39,065 P576089 INFO dense_node.weight                        | shape: (3, 4)                    | params: 12
2026-09-12 10:51:39,065 P576089 INFO dense_node.bias                          | shape: (3,)                      | params: 3
2026-09-12 10:51:39,065 P576089 INFO dense_log.weight                         | shape: (256, 16)                 | params: 4,096
2026-09-12 10:51:39,065 P576089 INFO dense_log.bias                           | shape: (256,)                    | params: 256
2026-09-12 10:51:39,065 P576089 INFO dense_edge.weight                        | shape: (7, 4)                    | params: 28
2026-09-12 10:51:39,065 P576089 INFO dense_edge.bias                          | shape: (7,)                      | params: 7
2026-09-12 10:51:39,066 P576089 INFO linear_attn.Wq.weight                    | shape: (10, 10)                  | params: 100
2026-09-12 10:51:39,066 P576089 INFO linear_attn.Wk.weight                    | shape: (10, 10)                  | params: 100
2026-09-12 10:51:39,066 P576089 INFO linear_attn.Wv.weight                    | shape: (10, 10)                  | params: 100
2026-09-12 10:51:39,066 P576089 INFO linear_attn.out.weight                   | shape: (10, 10)                  | params: 100
2026-09-12 10:51:39,066 P576089 INFO linear_attn.out.bias                     | shape: (10,)                     | params: 10
2026-09-12 10:51:39,066 P576089 INFO linear_attn.norm.weight                  | shape: (10,)                     | params: 10
2026-09-12 10:51:39,066 P576089 INFO linear_attn.norm.bias                    | shape: (10,)                     | params: 10
2026-09-12 10:51:39,066 P576089 INFO shared_fits.normlin_W                    | shape: (5, 5)                    | params: 25
2026-09-12 10:51:39,066 P576089 INFO shared_fits.freq_upsampler.weight        | shape: (5, 5)                    | params: 25
2026-09-12 10:51:39,066 P576089 INFO shared_fits.freq_upsampler.bias          | shape: (5,)                      | params: 5
2026-09-12 10:51:39,066 P576089 INFO modality_proj.node.weight                | shape: (10, 4)                   | params: 40
2026-09-12 10:51:39,066 P576089 INFO modality_proj.node.bias                  | shape: (10,)                     | params: 10
2026-09-12 10:51:39,066 P576089 INFO modality_proj.log.weight                 | shape: (10, 16)                  | params: 160
2026-09-12 10:51:39,067 P576089 INFO modality_proj.log.bias                   | shape: (10,)                     | params: 10
2026-09-12 10:51:39,067 P576089 INFO modality_proj.edge.weight                | shape: (10, 4)                   | params: 40
2026-09-12 10:51:39,067 P576089 INFO modality_proj.edge.bias                  | shape: (10,)                     | params: 10
2026-09-12 10:51:39,067 P576089 INFO modality_proj_out.node.weight            | shape: (4, 10)                   | params: 40
2026-09-12 10:51:39,067 P576089 INFO modality_proj_out.node.bias              | shape: (4,)                      | params: 4
2026-09-12 10:51:39,067 P576089 INFO modality_proj_out.log.weight             | shape: (16, 10)                  | params: 160
2026-09-12 10:51:39,067 P576089 INFO modality_proj_out.log.bias               | shape: (16,)                     | params: 16
2026-09-12 10:51:39,067 P576089 INFO modality_proj_out.edge.weight            | shape: (4, 10)                   | params: 40
2026-09-12 10:51:39,067 P576089 INFO modality_proj_out.edge.bias              | shape: (4,)                      | params: 4
2026-09-12 10:51:39,067 P576089 INFO Subtotal: 9,581
2026-09-12 10:51:39,067 P576089 INFO --------------------------------------------------------------------------------
2026-09-12 10:51:39,067 P576089 INFO Common Parameters:
2026-09-12 10:51:39,067 P576089 INFO show.0.weight                            | shape: (128, 266)                | params: 34,048
2026-09-12 10:51:39,068 P576089 INFO show.0.bias                              | shape: (128,)                    | params: 128
2026-09-12 10:51:39,068 P576089 INFO show.2.weight                            | shape: (2, 128)                  | params: 256
2026-09-12 10:51:39,068 P576089 INFO show.2.bias                              | shape: (2,)                      | params: 2
2026-09-12 10:51:39,068 P576089 INFO Subtotal: 34,434
2026-09-12 10:51:39,068 P576089 INFO --------------------------------------------------------------------------------
2026-09-12 10:51:39,068 P576089 INFO Total Trainable Parameters: 44,015

2026-09-12 10:51:39,068 P576089 INFO Trainable Parameters: 44015, reconstruction: 9581, common: 34434
2026-09-12 10:51:39,068 P576089 INFO model : init weight
2026-09-12 10:51:39,069 P576089 INFO Using GPU...
2026-09-12 10:51:39,075 P576089 INFO optimizer : using AdaBelief
2026-09-12 10:51:39,076 P576089 INFO ----------------------------------------------------------------------------------------------------
2026-09-12 10:51:39,076 P576089 INFO 0/300 starting... lr: 0.001 para:1.0
2026-09-12 10:51:50,793 P576089 INFO Epoch 0/300, all_loss:6.43646 cls_loss:3791.91797 rec_loss:6.43646 [11.71s]; best loss:6.43646, patience : 0
2026-09-12 10:51:50,794 P576089 INFO ----------------------------------------------------------------------------------------------------
2026-09-12 10:51:50,794 P576089 INFO 1/300 starting... lr: 0.001 para:0.5
2026-09-12 10:52:02,455 P576089 INFO Epoch 1/300, all_loss:4.98372 cls_loss:9.64762 rec_loss:0.31983 [11.65s]; best loss:4.98372, patience : 0
2026-09-12 10:52:02,455 P576089 INFO ----------------------------------------------------------------------------------------------------
2026-09-12 10:52:02,456 P576089 INFO 2/300 starting... lr: 0.001 para:0.3333333432674408
2026-09-12 10:52:14,737 P576089 INFO Epoch 2/300, all_loss:2.62866 cls_loss:3.82058 rec_loss:0.24482 [12.28s]; best loss:2.62866, patience : 0
2026-09-12 10:52:17,862 P576089 INFO pr:0.0000  rc:0.0000  auc:0.8946 ap:0.6259 f1: 0.0000 pred_right: 39000 pred_wrong: 0  actu_right: 38604 actu_wrong: 396
2026-09-12 10:52:19,170 P576089 INFO pr:0.0000  rc:0.0000  auc:0.8649 ap:0.5753 f1: 0.0000 pred_right: 16500 pred_wrong: 0  actu_right: 16371 actu_wrong: 129
2026-09-12 10:52:19,178 P576089 INFO ----------------------------------------------------------------------------------------------------
2026-09-12 10:52:19,178 P576089 INFO 3/300 starting... lr: 0.001 para:0.25
2026-09-12 10:52:33,201 P576089 INFO Epoch 3/300, all_loss:2.53048 cls_loss:3.29588 rec_loss:0.23428 [14.01s]; best loss:2.53048, patience : 0
2026-09-12 10:52:39,028 P576089 INFO pr:1.0000  rc:0.0025  auc:0.9220 ap:0.7131 f1: 0.0051 pred_right: 38999 pred_wrong:1 actu_right: 38605 actu_wrong: 395
2026-09-12 10:52:40,509 P576089 INFO pr:0.5000  rc:0.0078  auc:0.9258 ap:0.6370 f1: 0.0153 pred_right: 16498 pred_wrong:2 actu_right: 16371 actu_wrong: 129
2026-09-12 10:52:40,515 P576089 INFO ----------------------------------------------------------------------------------------------------
2026-09-12 10:52:40,516 P576089 INFO 4/300 starting... lr: 0.001 para:0.20000000298023224
2026-09-12 10:52:52,220 P576089 INFO Epoch 4/300, all_loss:1.33806 cls_loss:1.60497 rec_loss:0.27042 [11.70s]; best loss:1.33806, patience : 0
2026-09-12 10:52:55,196 P576089 INFO pr:0.9286  rc:0.0328  auc:0.9209 ap:0.7350 f1: 0.0634 pred_right: 38986 pred_wrong:14 actu_right: 38604 actu_wrong: 396
2026-09-12 10:52:57,067 P576089 INFO pr:0.7143  rc:0.0388  auc:0.9321 ap:0.6558 f1: 0.0735 pred_right: 16493 pred_wrong:7 actu_right: 16371 actu_wrong: 129
2026-09-12 10:52:57,080 P576089 INFO ----------------------------------------------------------------------------------------------------
2026-09-12 10:52:57,080 P576089 INFO 5/300 starting... lr: 0.001 para:0.1666666716337204
2026-09-12 10:53:20,529 P576089 INFO Epoch 5/300, all_loss:1.27087 cls_loss:1.47558 rec_loss:0.24734 [23.44s]; best loss:1.27087, patience : 0
2026-09-12 10:53:24,410 P576089 INFO pr:0.6538  rc:0.1285  auc:0.9507 ap:0.7181 f1: 0.2147 pred_right: 38922 pred_wrong:78 actu_right: 38603 actu_wrong: 397
2026-09-12 10:53:26,279 P576089 INFO pr:0.4348  rc:0.0775  auc:0.9590 ap:0.6569 f1: 0.1316 pred_right: 16477 pred_wrong:23 actu_right: 16371 actu_wrong: 129
2026-09-12 10:53:26,291 P576089 INFO ----------------------------------------------------------------------------------------------------
2026-09-12 10:53:26,292 P576089 INFO 6/300 starting... lr: 0.001 para:0.1428571492433548
2026-09-12 10:53:39,771 P576089 INFO Epoch 6/300, all_loss:1.28242 cls_loss:1.45443 rec_loss:0.25041 [13.48s]; best loss:1.27087, patience : 1
2026-09-12 10:53:42,822 P576089 INFO pr:0.6230  rc:0.2872  auc:0.9132 ap:0.7450 f1: 0.3931 pred_right: 38817 pred_wrong:183 actu_right: 38603 actu_wrong: 397
2026-09-12 10:53:44,293 P576089 INFO pr:0.6111  rc:0.1705  auc:0.9344 ap:0.6864 f1: 0.2667 pred_right: 16464 pred_wrong:36 actu_right: 16371 actu_wrong: 129
2026-09-12 10:53:44,301 P576089 INFO ----------------------------------------------------------------------------------------------------
2026-09-12 10:53:44,301 P576089 INFO 7/300 starting... lr: 0.001 para:0.125
2026-09-12 10:53:58,036 P576089 INFO Epoch 7/300, all_loss:2.52481 cls_loss:2.85246 rec_loss:0.23122 [13.73s]; best loss:1.27087, patience : 2
2026-09-12 10:54:01,493 P576089 INFO pr:0.7095  rc:0.2652  auc:0.9354 ap:0.7613 f1: 0.3860 pred_right: 38852 pred_wrong:148 actu_right: 38604 actu_wrong: 396
2026-09-12 10:54:02,920 P576089 INFO pr:0.8400  rc:0.1628  auc:0.9548 ap:0.7294 f1: 0.2727 pred_right: 16475 pred_wrong:25 actu_right: 16371 actu_wrong: 129
2026-09-12 10:54:02,922 P576089 INFO ----------------------------------------------------------------------------------------------------
2026-09-12 10:54:02,923 P576089 INFO 8/300 starting... lr: 0.001 para:0.1111111119389534
2026-09-12 10:54:15,951 P576089 INFO Epoch 8/300, all_loss:1.08594 cls_loss:1.19516 rec_loss:0.21213 [13.02s]; best loss:1.08594, patience : 0
2026-09-12 10:54:19,365 P576089 INFO pr:0.6748  rc:0.2091  auc:0.9338 ap:0.7733 f1: 0.3192 pred_right: 38877 pred_wrong:123 actu_right: 38603 actu_wrong: 397
2026-09-12 10:54:20,808 P576089 INFO pr:0.6522  rc:0.1163  auc:0.9578 ap:0.7470 f1: 0.1974 pred_right: 16477 pred_wrong:23 actu_right: 16371 actu_wrong: 129
2026-09-12 10:54:20,810 P576089 INFO ----------------------------------------------------------------------------------------------------
2026-09-12 10:54:20,811 P576089 INFO 9/300 starting... lr: 0.001 para:0.10000000149011612
2026-09-12 10:54:34,978 P576089 INFO Epoch 9/300, all_loss:1.76954 cls_loss:1.94552 rec_loss:0.18567 [14.17s]; best loss:1.08594, patience : 1
2026-09-12 10:54:38,812 P576089 INFO pr:0.6628  rc:0.2879  auc:0.9569 ap:0.7664 f1: 0.4014 pred_right: 38828 pred_wrong:172 actu_right: 38604 actu_wrong: 396
2026-09-12 10:54:40,730 P576089 INFO pr:0.6512  rc:0.2171  auc:0.9609 ap:0.7158 f1: 0.3256 pred_right: 16457 pred_wrong:43 actu_right: 16371 actu_wrong: 129
2026-09-12 10:54:40,739 P576089 INFO ----------------------------------------------------------------------------------------------------
2026-09-12 10:54:40,740 P576089 INFO 10/300 starting... lr: 0.001 para:0.09090909361839294
2026-09-12 10:54:54,464 P576089 INFO Epoch 10/300, all_loss:1.03433 cls_loss:1.11723 rec_loss:0.20540 [13.71s]; best loss:1.03433, patience : 0
2026-09-12 10:54:58,569 P576089 INFO pr:0.8542  rc:0.2065  auc:0.9510 ap:0.8104 f1: 0.3327 pred_right: 38904 pred_wrong:96 actu_right: 38603 actu_wrong: 397
2026-09-12 10:55:00,138 P576089 INFO pr:0.6190  rc:0.1008  auc:0.9663 ap:0.7681 f1: 0.1733 pred_right: 16479 pred_wrong:21 actu_right: 16371 actu_wrong: 129
2026-09-12 10:55:00,139 P576089 INFO ----------------------------------------------------------------------------------------------------
2026-09-12 10:55:00,139 P576089 INFO 11/300 starting... lr: 0.001 para:0.0833333358168602
2026-09-12 10:55:13,379 P576089 INFO Epoch 11/300, all_loss:1.15567 cls_loss:1.24517 rec_loss:0.17118 [13.24s]; best loss:1.03433, patience : 1
2026-09-12 10:55:16,828 P576089 INFO pr:0.8361  rc:0.2569  auc:0.9562 ap:0.8090 f1: 0.3931 pred_right: 38878 pred_wrong:122 actu_right: 38603 actu_wrong: 397
2026-09-12 10:55:18,078 P576089 INFO pr:0.6538  rc:0.1318  auc:0.9733 ap:0.7622 f1: 0.2194 pred_right: 16474 pred_wrong:26 actu_right: 16371 actu_wrong: 129
2026-09-12 10:55:18,089 P576089 INFO ----------------------------------------------------------------------------------------------------
2026-09-12 10:55:18,089 P576089 INFO 12/300 starting... lr: 0.001 para:0.07692307978868484
2026-09-12 10:55:31,418 P576089 INFO Epoch 12/300, all_loss:1.12283 cls_loss:1.20122 rec_loss:0.18225 [13.33s]; best loss:1.03433, patience : 1
2026-09-12 10:55:35,036 P576089 INFO pr:0.9020  rc:0.1159  auc:0.9498 ap:0.8159 f1: 0.2054 pred_right: 38949 pred_wrong:51 actu_right: 38603 actu_wrong: 397
2026-09-12 10:55:36,426 P576089 INFO pr:0.4286  rc:0.0465  auc:0.9751 ap:0.7575 f1: 0.0839 pred_right: 16486 pred_wrong:14 actu_right: 16371 actu_wrong: 129
2026-09-12 10:55:36,427 P576089 INFO ----------------------------------------------------------------------------------------------------
2026-09-12 10:55:36,428 P576089 INFO 13/300 starting... lr: 0.001 para:0.0714285746216774
2026-09-12 10:55:58,874 P576089 INFO Epoch 13/300, all_loss:2.69542 cls_loss:2.88998 rec_loss:0.16612 [22.44s]; best loss:1.03433, patience : 2
2026-09-12 10:56:03,148 P576089 INFO pr:0.7186  rc:0.3611  auc:0.9586 ap:0.7886 f1: 0.4807 pred_right: 38801 pred_wrong:199 actu_right: 38604 actu_wrong: 396
2026-09-12 10:56:04,623 P576089 INFO pr:0.8478  rc:0.3023  auc:0.9697 ap:0.7931 f1: 0.4457 pred_right: 16454 pred_wrong:46 actu_right: 16371 actu_wrong: 129
2026-09-12 10:56:04,629 P576089 INFO ----------------------------------------------------------------------------------------------------
2026-09-12 10:56:04,629 P576089 INFO 14/300 starting... lr: 0.001 para:0.06666667014360428
2026-09-12 10:56:17,842 P576089 INFO Epoch 14/300, all_loss:1.03677 cls_loss:1.09912 rec_loss:0.16394 [13.21s]; best loss:1.03433, patience : 2
2026-09-12 10:56:21,257 P576089 INFO pr:0.7602  rc:0.4710  auc:0.9632 ap:0.8183 f1: 0.5816 pred_right: 38754 pred_wrong:246 actu_right: 38603 actu_wrong: 397
2026-09-12 10:56:22,632 P576089 INFO pr:0.7692  rc:0.3876  auc:0.9767 ap:0.7785 f1: 0.5155 pred_right: 16435 pred_wrong:65 actu_right: 16371 actu_wrong: 129
2026-09-12 10:56:22,641 P576089 INFO ----------------------------------------------------------------------------------------------------
2026-09-12 10:56:22,641 P576089 INFO 15/300 starting... lr: 0.001 para:0.0625
2026-09-12 10:56:35,619 P576089 INFO Epoch 15/300, all_loss:0.99067 cls_loss:1.04572 rec_loss:0.16497 [12.97s]; best loss:0.99067, patience : 0
2026-09-12 10:56:38,909 P576089 INFO pr:0.7143  rc:0.4534  auc:0.9266 ap:0.7962 f1: 0.5547 pred_right: 38748 pred_wrong:252 actu_right: 38603 actu_wrong: 397
2026-09-12 10:56:40,466 P576089 INFO pr:0.7321  rc:0.3178  auc:0.9462 ap:0.7339 f1: 0.4432 pred_right: 16444 pred_wrong:56 actu_right: 16371 actu_wrong: 129
2026-09-12 10:56:40,468 P576089 INFO ----------------------------------------------------------------------------------------------------
2026-09-12 10:56:40,468 P576089 INFO 16/300 starting... lr: 0.001 para:0.05882352963089943
2026-09-12 10:56:53,585 P576089 INFO Epoch 16/300, all_loss:1.32356 cls_loss:1.39541 rec_loss:0.17403 [13.12s]; best loss:0.99067, patience : 1
2026-09-12 10:56:57,501 P576089 INFO pr:0.8346  rc:0.2796  auc:0.9449 ap:0.8143 f1: 0.4189 pred_right: 38867 pred_wrong:133 actu_right: 38603 actu_wrong: 397
2026-09-12 10:56:59,044 P576089 INFO pr:0.8846  rc:0.1783  auc:0.9608 ap:0.8115 f1: 0.2968 pred_right: 16474 pred_wrong:26 actu_right: 16371 actu_wrong: 129
2026-09-12 10:56:59,045 P576089 INFO ----------------------------------------------------------------------------------------------------
2026-09-12 10:56:59,045 P576089 INFO 17/300 starting... lr: 0.001 para:0.0555555559694767
2026-09-12 10:57:12,042 P576089 INFO Epoch 17/300, all_loss:1.23138 cls_loss:1.29422 rec_loss:0.16304 [13.00s]; best loss:0.99067, patience : 1
2026-09-12 10:57:15,308 P576089 INFO pr:0.7604  rc:0.3678  auc:0.9548 ap:0.8084 f1: 0.4958 pred_right: 38808 pred_wrong:192 actu_right: 38603 actu_wrong: 397
2026-09-12 10:57:16,629 P576089 INFO pr:0.8302  rc:0.3411  auc:0.9684 ap:0.8149 f1: 0.4835 pred_right: 16447 pred_wrong:53 actu_right: 16371 actu_wrong: 129
2026-09-12 10:57:16,630 P576089 INFO ----------------------------------------------------------------------------------------------------
2026-09-12 10:57:16,630 P576089 INFO 18/300 starting... lr: 0.001 para:0.05263157933950424
2026-09-12 10:57:29,952 P576089 INFO Epoch 18/300, all_loss:1.95991 cls_loss:2.05942 rec_loss:0.16879 [13.32s]; best loss:0.99067, patience : 2
2026-09-12 10:57:34,108 P576089 INFO pr:0.7725  rc:0.4962  auc:0.9550 ap:0.8295 f1: 0.6043 pred_right: 38745 pred_wrong:255 actu_right: 38603 actu_wrong: 397
2026-09-12 10:57:35,486 P576089 INFO pr:0.7324  rc:0.4031  auc:0.9729 ap:0.7821 f1: 0.5200 pred_right: 16429 pred_wrong:71 actu_right: 16371 actu_wrong: 129
2026-09-12 10:57:35,493 P576089 INFO ----------------------------------------------------------------------------------------------------
2026-09-12 10:57:35,494 P576089 INFO 19/300 starting... lr: 0.001 para:0.05000000074505806
2026-09-12 10:57:49,152 P576089 INFO Epoch 19/300, all_loss:2.05639 cls_loss:2.15562 rec_loss:0.17106 [13.66s]; best loss:0.99067, patience : 3
2026-09-12 10:57:52,289 P576089 INFO pr:0.8067  rc:0.3048  auc:0.9505 ap:0.8156 f1: 0.4424 pred_right: 38850 pred_wrong:150 actu_right: 38603 actu_wrong: 397
2026-09-12 10:57:53,791 P576089 INFO pr:0.7500  rc:0.2791  auc:0.9627 ap:0.7890 f1: 0.4068 pred_right: 16452 pred_wrong:48 actu_right: 16371 actu_wrong: 129
2026-09-12 10:57:53,792 P576089 INFO ----------------------------------------------------------------------------------------------------
2026-09-12 10:57:53,792 P576089 INFO 20/300 starting... lr: 0.001 para:0.0476190485060215
2026-09-12 10:58:08,041 P576089 INFO Epoch 20/300, all_loss:1.08118 cls_loss:1.12749 rec_loss:0.15498 [14.25s]; best loss:0.99067, patience : 3
2026-09-12 10:58:10,527 P576089 INFO pr:0.8034  rc:0.2368  auc:0.9556 ap:0.8198 f1: 0.3658 pred_right: 38883 pred_wrong:117 actu_right: 38603 actu_wrong: 397
2026-09-12 10:58:11,641 P576089 INFO pr:0.7419  rc:0.1783  auc:0.9733 ap:0.8187 f1: 0.2875 pred_right: 16469 pred_wrong:31 actu_right: 16371 actu_wrong: 129
2026-09-12 10:58:11,641 P576089 INFO ----------------------------------------------------------------------------------------------------
2026-09-12 10:58:11,642 P576089 INFO 21/300 starting... lr: 0.001 para:0.04545454680919647
2026-09-12 10:58:23,343 P576089 INFO Epoch 21/300, all_loss:1.02407 cls_loss:1.06642 rec_loss:0.13462 [11.70s]; best loss:0.99067, patience : 3
2026-09-12 10:58:34,036 P576089 INFO pr:0.6881  rc:0.5682  auc:0.9517 ap:0.8204 f1: 0.6224 pred_right: 38673 pred_wrong:327 actu_right: 38604 actu_wrong: 396
2026-09-12 10:58:39,071 P576089 INFO pr:0.7229  rc:0.4651  auc:0.9800 ap:0.7933 f1: 0.5660 pred_right: 16417 pred_wrong:83 actu_right: 16371 actu_wrong: 129
2026-09-12 10:58:39,088 P576089 INFO ----------------------------------------------------------------------------------------------------
2026-09-12 10:58:39,090 P576089 INFO 22/300 starting... lr: 0.001 para:0.043478261679410934
2026-09-12 10:58:55,318 P576089 INFO Epoch 22/300, all_loss:0.98259 cls_loss:1.02115 rec_loss:0.13418 [16.22s]; best loss:0.98259, patience : 0
2026-09-12 10:58:59,062 P576089 INFO pr:0.7349  rc:0.6162  auc:0.9532 ap:0.8315 f1: 0.6703 pred_right: 38668 pred_wrong:332 actu_right: 38604 actu_wrong: 396
2026-09-12 10:59:00,490 P576089 INFO pr:0.7356  rc:0.4961  auc:0.9783 ap:0.7947 f1: 0.5926 pred_right: 16413 pred_wrong:87 actu_right: 16371 actu_wrong: 129
2026-09-12 10:59:00,507 P576089 INFO ----------------------------------------------------------------------------------------------------
2026-09-12 10:59:00,508 P576089 INFO 23/300 starting... lr: 0.001 para:0.0416666679084301
2026-09-12 10:59:13,976 P576089 INFO Epoch 23/300, all_loss:1.57986 cls_loss:1.64301 rec_loss:0.12743 [13.47s]; best loss:0.98259, patience : 1
2026-09-12 10:59:17,032 P576089 INFO pr:0.7799  rc:0.5264  auc:0.9576 ap:0.8392 f1: 0.6286 pred_right: 38732 pred_wrong:268 actu_right: 38603 actu_wrong: 397
2026-09-12 10:59:18,371 P576089 INFO pr:0.7532  rc:0.4496  auc:0.9784 ap:0.7980 f1: 0.5631 pred_right: 16423 pred_wrong:77 actu_right: 16371 actu_wrong: 129
2026-09-12 10:59:18,379 P576089 INFO ----------------------------------------------------------------------------------------------------
2026-09-12 10:59:18,379 P576089 INFO 24/300 starting... lr: 0.001 para:0.03999999910593033
2026-09-12 10:59:31,677 P576089 INFO Epoch 24/300, all_loss:0.95699 cls_loss:0.99059 rec_loss:0.15043 [13.29s]; best loss:0.95699, patience : 0
2026-09-12 10:59:34,718 P576089 INFO pr:0.7237  rc:0.6927  auc:0.9529 ap:0.8512 f1: 0.7079 pred_right: 38620 pred_wrong:380 actu_right: 38603 actu_wrong: 397
2026-09-12 10:59:35,924 P576089 INFO pr:0.7033  rc:0.4961  auc:0.9781 ap:0.8029 f1: 0.5818 pred_right: 16409 pred_wrong:91 actu_right: 16371 actu_wrong: 129
2026-09-12 10:59:35,931 P576089 INFO ----------------------------------------------------------------------------------------------------
2026-09-12 10:59:35,932 P576089 INFO 25/300 starting... lr: 0.001 para:0.03846153989434242
2026-09-12 10:59:48,723 P576089 INFO Epoch 25/300, all_loss:1.13181 cls_loss:1.17164 rec_loss:0.13592 [12.79s]; best loss:0.95699, patience : 1
2026-09-12 10:59:52,929 P576089 INFO pr:0.6902  rc:0.6902  auc:0.9474 ap:0.8371 f1: 0.6902 pred_right: 38603 pred_wrong:397 actu_right: 38603 actu_wrong: 397
2026-09-12 10:59:54,636 P576089 INFO pr:0.6939  rc:0.5271  auc:0.9667 ap:0.7748 f1: 0.5991 pred_right: 16402 pred_wrong:98 actu_right: 16371 actu_wrong: 129
2026-09-12 10:59:54,637 P576089 INFO ----------------------------------------------------------------------------------------------------
2026-09-12 10:59:54,637 P576089 INFO 26/300 starting... lr: 0.001 para:0.03703703731298447
2026-09-12 11:00:07,832 P576089 INFO Epoch 26/300, all_loss:1.45851 cls_loss:1.50921 rec_loss:0.14028 [13.19s]; best loss:0.95699, patience : 2
2026-09-12 11:00:11,696 P576089 INFO pr:0.8049  rc:0.3325  auc:0.9580 ap:0.8317 f1: 0.4706 pred_right: 38836 pred_wrong:164 actu_right: 38603 actu_wrong: 397
2026-09-12 11:00:13,269 P576089 INFO pr:0.8913  rc:0.3178  auc:0.9798 ap:0.8277 f1: 0.4686 pred_right: 16454 pred_wrong:46 actu_right: 16371 actu_wrong: 129
2026-09-12 11:00:13,270 P576089 INFO ----------------------------------------------------------------------------------------------------
2026-09-12 11:00:13,270 P576089 INFO 27/300 starting... lr: 0.001 para:0.0357142873108387
2026-09-12 11:00:26,734 P576089 INFO Epoch 27/300, all_loss:7.24879 cls_loss:7.51250 rec_loss:0.12875 [13.46s]; best loss:0.95699, patience : 3
2026-09-12 11:00:29,991 P576089 INFO pr:0.8021  rc:0.5732  auc:0.9464 ap:0.8306 f1: 0.6686 pred_right: 38717 pred_wrong:283 actu_right: 38604 actu_wrong: 396
2026-09-12 11:00:31,574 P576089 INFO pr:0.7681  rc:0.4109  auc:0.9710 ap:0.8108 f1: 0.5354 pred_right: 16431 pred_wrong:69 actu_right: 16371 actu_wrong: 129
2026-09-12 11:00:31,575 P576089 INFO ----------------------------------------------------------------------------------------------------
2026-09-12 11:00:31,575 P576089 INFO 28/300 starting... lr: 0.001 para:0.03448275849223137
2026-09-12 11:00:44,873 P576089 INFO Epoch 28/300, all_loss:7.27144 cls_loss:7.52705 rec_loss:0.11431 [13.30s]; best loss:0.95699, patience : 4
2026-09-12 11:00:48,541 P576089 INFO pr:0.8626  rc:0.3955  auc:0.9589 ap:0.8550 f1: 0.5423 pred_right: 38818 pred_wrong:182 actu_right: 38603 actu_wrong: 397
2026-09-12 11:00:52,182 P576089 INFO pr:0.7500  rc:0.3488  auc:0.9769 ap:0.8130 f1: 0.4762 pred_right: 16440 pred_wrong:60 actu_right: 16371 actu_wrong: 129
2026-09-12 11:00:52,183 P576089 INFO ----------------------------------------------------------------------------------------------------
2026-09-12 11:00:52,183 P576089 INFO 29/300 starting... lr: 0.001 para:0.03333333507180214
2026-09-12 11:01:03,682 P576089 INFO Epoch 29/300, all_loss:0.87426 cls_loss:0.90039 rec_loss:0.11645 [11.49s]; best loss:0.87426, patience : 0
2026-09-12 11:01:06,602 P576089 INFO pr:0.6524  rc:0.7696  auc:0.9589 ap:0.8624 f1: 0.7062 pred_right: 38534 pred_wrong:466 actu_right: 38605 actu_wrong: 395
2026-09-12 11:01:07,868 P576089 INFO pr:0.6583  rc:0.6124  auc:0.9836 ap:0.8013 f1: 0.6345 pred_right: 16380 pred_wrong:120 actu_right: 16371 actu_wrong: 129
2026-09-12 11:01:07,869 P576089 INFO ----------------------------------------------------------------------------------------------------
2026-09-12 11:01:07,869 P576089 INFO 30/300 starting... lr: 0.001 para:0.032258063554763794
2026-09-12 11:01:30,766 P576089 INFO Epoch 30/300, all_loss:0.97305 cls_loss:1.00152 rec_loss:0.11890 [22.89s]; best loss:0.87426, patience : 1
2026-09-12 11:01:34,456 P576089 INFO pr:0.8529  rc:0.5113  auc:0.9590 ap:0.8555 f1: 0.6394 pred_right: 38762 pred_wrong:238 actu_right: 38603 actu_wrong: 397
2026-09-12 11:01:36,092 P576089 INFO pr:0.7910  rc:0.4109  auc:0.9833 ap:0.8324 f1: 0.5408 pred_right: 16433 pred_wrong:67 actu_right: 16371 actu_wrong: 129
2026-09-12 11:01:36,093 P576089 INFO ----------------------------------------------------------------------------------------------------
2026-09-12 11:01:36,093 P576089 INFO 31/300 starting... lr: 0.001 para:0.03125
2026-09-12 11:01:49,046 P576089 INFO Epoch 31/300, all_loss:9.80075 cls_loss:10.11282 rec_loss:0.12646 [12.95s]; best loss:0.87426, patience : 2
2026-09-12 11:01:52,700 P576089 INFO pr:0.7088  rc:0.6532  auc:0.9624 ap:0.8375 f1: 0.6798 pred_right: 38636 pred_wrong:364 actu_right: 38605 actu_wrong: 395
2026-09-12 11:01:54,338 P576089 INFO pr:0.6970  rc:0.5349  auc:0.9792 ap:0.8204 f1: 0.6053 pred_right: 16401 pred_wrong:99 actu_right: 16371 actu_wrong: 129
2026-09-12 11:01:54,340 P576089 INFO ----------------------------------------------------------------------------------------------------
2026-09-12 11:01:54,341 P576089 INFO 32/300 starting... lr: 0.001 para:0.03030303120613098
2026-09-12 11:02:07,229 P576089 INFO Epoch 32/300, all_loss:0.92159 cls_loss:0.94669 rec_loss:0.11859 [12.89s]; best loss:0.87426, patience : 2
2026-09-12 11:02:11,036 P576089 INFO pr:0.8384  rc:0.4836  auc:0.9626 ap:0.8584 f1: 0.6134 pred_right: 38771 pred_wrong:229 actu_right: 38603 actu_wrong: 397
2026-09-12 11:02:12,635 P576089 INFO pr:0.8060  rc:0.4186  auc:0.9824 ap:0.8274 f1: 0.5510 pred_right: 16433 pred_wrong:67 actu_right: 16371 actu_wrong: 129
2026-09-12 11:02:12,637 P576089 INFO ----------------------------------------------------------------------------------------------------
2026-09-12 11:02:12,637 P576089 INFO 33/300 starting... lr: 0.001 para:0.029411764815449715
2026-09-12 11:02:25,650 P576089 INFO Epoch 33/300, all_loss:0.95444 cls_loss:0.97934 rec_loss:0.13268 [13.01s]; best loss:0.87426, patience : 3
2026-09-12 11:02:29,348 P576089 INFO pr:0.8301  rc:0.3199  auc:0.9538 ap:0.8293 f1: 0.4618 pred_right: 38847 pred_wrong:153 actu_right: 38603 actu_wrong: 397
2026-09-12 11:02:30,941 P576089 INFO pr:0.7200  rc:0.2791  auc:0.9672 ap:0.7809 f1: 0.4022 pred_right: 16450 pred_wrong:50 actu_right: 16371 actu_wrong: 129
2026-09-12 11:02:30,942 P576089 INFO ----------------------------------------------------------------------------------------------------
2026-09-12 11:02:30,944 P576089 INFO 34/300 starting... lr: 0.001 para:0.02857142873108387
2026-09-12 11:02:43,434 P576089 INFO Epoch 34/300, all_loss:1.29739 cls_loss:1.33195 rec_loss:0.12215 [12.49s]; best loss:0.87426, patience : 4
2026-09-12 11:02:46,606 P576089 INFO pr:0.8818  rc:0.4509  auc:0.9607 ap:0.8674 f1: 0.5967 pred_right: 38797 pred_wrong:203 actu_right: 38603 actu_wrong: 397
2026-09-12 11:02:48,117 P576089 INFO pr:0.7969  rc:0.3953  auc:0.9756 ap:0.8116 f1: 0.5285 pred_right: 16436 pred_wrong:64 actu_right: 16371 actu_wrong: 129
2026-09-12 11:02:48,118 P576089 INFO ----------------------------------------------------------------------------------------------------
2026-09-12 11:02:48,119 P576089 INFO 35/300 starting... lr: 0.001 para:0.02777777798473835
2026-09-12 11:03:01,452 P576089 INFO Epoch 35/300, all_loss:0.78857 cls_loss:0.80786 rec_loss:0.11328 [13.33s]; best loss:0.78857, patience : 0
2026-09-12 11:03:05,188 P576089 INFO pr:0.7898  rc:0.6247  auc:0.9519 ap:0.8559 f1: 0.6976 pred_right: 38686 pred_wrong:314 actu_right: 38603 actu_wrong: 397
2026-09-12 11:03:06,813 P576089 INFO pr:0.7349  rc:0.4729  auc:0.9672 ap:0.7804 f1: 0.5755 pred_right: 16417 pred_wrong:83 actu_right: 16371 actu_wrong: 129
2026-09-12 11:03:06,815 P576089 INFO ----------------------------------------------------------------------------------------------------
2026-09-12 11:03:06,816 P576089 INFO 36/300 starting... lr: 0.001 para:0.027027027681469917
2026-09-12 11:03:19,986 P576089 INFO Epoch 36/300, all_loss:0.96007 cls_loss:0.98293 rec_loss:0.13717 [13.17s]; best loss:0.78857, patience : 1
2026-09-12 11:03:23,485 P576089 INFO pr:0.8024  rc:0.6751  auc:0.9549 ap:0.8618 f1: 0.7332 pred_right: 38666 pred_wrong:334 actu_right: 38603 actu_wrong: 397
2026-09-12 11:03:25,067 P576089 INFO pr:0.7500  rc:0.4884  auc:0.9726 ap:0.7880 f1: 0.5915 pred_right: 16416 pred_wrong:84 actu_right: 16371 actu_wrong: 129
2026-09-12 11:03:25,078 P576089 INFO ----------------------------------------------------------------------------------------------------
2026-09-12 11:03:25,079 P576089 INFO 37/300 starting... lr: 0.001 para:0.02631578966975212
2026-09-12 11:03:38,467 P576089 INFO Epoch 37/300, all_loss:1.96051 cls_loss:2.01013 rec_loss:0.12461 [13.39s]; best loss:0.78857, patience : 2
2026-09-12 11:03:40,998 P576089 INFO pr:0.8203  rc:0.5290  auc:0.9643 ap:0.8510 f1: 0.6432 pred_right: 38744 pred_wrong:256 actu_right: 38603 actu_wrong: 397
2026-09-12 11:03:42,064 P576089 INFO pr:0.7595  rc:0.4651  auc:0.9776 ap:0.7990 f1: 0.5769 pred_right: 16421 pred_wrong:79 actu_right: 16371 actu_wrong: 129
2026-09-12 11:03:42,065 P576089 INFO ----------------------------------------------------------------------------------------------------
2026-09-12 11:03:42,065 P576089 INFO 38/300 starting... lr: 0.001 para:0.025641025975346565
2026-09-12 11:03:57,812 P576089 INFO Epoch 38/300, all_loss:3.65046 cls_loss:3.74326 rec_loss:0.12402 [15.75s]; best loss:0.78857, patience : 3
2026-09-12 11:04:09,482 P576089 INFO pr:0.8221  rc:0.4307  auc:0.9584 ap:0.8405 f1: 0.5653 pred_right: 38792 pred_wrong:208 actu_right: 38603 actu_wrong: 397
2026-09-12 11:04:11,425 P576089 INFO pr:0.7656  rc:0.3798  auc:0.9755 ap:0.7916 f1: 0.5078 pred_right: 16436 pred_wrong:64 actu_right: 16371 actu_wrong: 129
2026-09-12 11:04:11,427 P576089 INFO ----------------------------------------------------------------------------------------------------
2026-09-12 11:04:11,429 P576089 INFO 39/300 starting... lr: 0.001 para:0.02500000037252903
2026-09-12 11:04:24,739 P576089 INFO Epoch 39/300, all_loss:16.26513 cls_loss:16.67941 rec_loss:0.10797 [13.31s]; best loss:0.78857, patience : 4
2026-09-12 11:04:28,093 P576089 INFO pr:0.8595  rc:0.4005  auc:0.9549 ap:0.8674 f1: 0.5464 pred_right: 38815 pred_wrong:185 actu_right: 38603 actu_wrong: 397
2026-09-12 11:04:29,480 P576089 INFO pr:0.7925  rc:0.3256  auc:0.9726 ap:0.8201 f1: 0.4615 pred_right: 16447 pred_wrong:53 actu_right: 16371 actu_wrong: 129
2026-09-12 11:04:29,480 P576089 INFO ----------------------------------------------------------------------------------------------------
2026-09-12 11:04:29,481 P576089 INFO 40/300 starting... lr: 0.001 para:0.024390242993831635
2026-09-12 11:04:42,205 P576089 INFO Epoch 40/300, all_loss:4.52852 cls_loss:4.63869 rec_loss:0.12168 [12.72s]; best loss:0.78857, patience : 4
2026-09-12 11:04:45,592 P576089 INFO pr:0.8913  rc:0.3098  auc:0.9337 ap:0.8536 f1: 0.4598 pred_right: 38862 pred_wrong:138 actu_right: 38603 actu_wrong: 397
2026-09-12 11:04:46,891 P576089 INFO pr:0.7619  rc:0.2481  auc:0.9457 ap:0.7814 f1: 0.3743 pred_right: 16458 pred_wrong:42 actu_right: 16371 actu_wrong: 129
2026-09-12 11:04:46,892 P576089 INFO ----------------------------------------------------------------------------------------------------
2026-09-12 11:04:46,893 P576089 INFO 41/300 starting... lr: 0.001 para:0.02380952425301075
2026-09-12 11:04:59,846 P576089 INFO Epoch 41/300, all_loss:0.84155 cls_loss:0.85906 rec_loss:0.12358 [12.95s]; best loss:0.78857, patience : 4
2026-09-12 11:05:03,201 P576089 INFO pr:0.8207  rc:0.5995  auc:0.9495 ap:0.8596 f1: 0.6929 pred_right: 38710 pred_wrong:290 actu_right: 38603 actu_wrong: 397
2026-09-12 11:05:04,524 P576089 INFO pr:0.8194  rc:0.4574  auc:0.9708 ap:0.8442 f1: 0.5871 pred_right: 16428 pred_wrong:72 actu_right: 16371 actu_wrong: 129
2026-09-12 11:05:04,525 P576089 INFO ----------------------------------------------------------------------------------------------------
2026-09-12 11:05:04,525 P576089 INFO 42/300 starting... lr: 0.001 para:0.023255813866853714
2026-09-12 11:05:17,974 P576089 INFO Epoch 42/300, all_loss:0.81551 cls_loss:0.83231 rec_loss:0.10963 [13.45s]; best loss:0.78857, patience : 4
2026-09-12 11:05:21,147 P576089 INFO pr:0.8448  rc:0.6187  auc:0.9595 ap:0.8771 f1: 0.7143 pred_right: 38710 pred_wrong:290 actu_right: 38604 actu_wrong: 396
2026-09-12 11:05:22,467 P576089 INFO pr:0.7973  rc:0.4574  auc:0.9839 ap:0.8204 f1: 0.5813 pred_right: 16426 pred_wrong:74 actu_right: 16371 actu_wrong: 129
2026-09-12 11:05:22,468 P576089 INFO ----------------------------------------------------------------------------------------------------
2026-09-12 11:05:22,469 P576089 INFO 43/300 starting... lr: 0.001 para:0.022727273404598236
2026-09-12 11:05:35,909 P576089 INFO Epoch 43/300, all_loss:3.18378 cls_loss:3.25550 rec_loss:0.09988 [13.44s]; best loss:0.78857, patience : 5
2026-09-12 11:05:39,231 P576089 INFO pr:0.5946  rc:0.7758  auc:0.9429 ap:0.8617 f1: 0.6732 pred_right: 38482 pred_wrong:518 actu_right: 38603 actu_wrong: 397
2026-09-12 11:05:40,658 P576089 INFO pr:0.6160  rc:0.5969  auc:0.9553 ap:0.8116 f1: 0.6063 pred_right: 16375 pred_wrong:125 actu_right: 16371 actu_wrong: 129
2026-09-12 11:05:40,660 P576089 INFO ----------------------------------------------------------------------------------------------------
2026-09-12 11:05:40,660 P576089 INFO 44/300 starting... lr: 0.001 para:0.02222222276031971
2026-09-12 11:05:54,503 P576089 INFO Epoch 44/300, all_loss:2.99212 cls_loss:3.05774 rec_loss:0.10460 [13.84s]; best loss:0.78857, patience : 5
2026-09-12 11:05:57,994 P576089 INFO pr:0.7890  rc:0.6877  auc:0.9644 ap:0.8756 f1: 0.7349 pred_right: 38654 pred_wrong:346 actu_right: 38603 actu_wrong: 397
2026-09-12 11:05:59,409 P576089 INFO pr:0.7791  rc:0.5194  auc:0.9808 ap:0.8322 f1: 0.6233 pred_right: 16414 pred_wrong:86 actu_right: 16371 actu_wrong: 129
2026-09-12 11:05:59,419 P576089 INFO ----------------------------------------------------------------------------------------------------
2026-09-12 11:05:59,419 P576089 INFO 45/300 starting... lr: 0.001 para:0.021739130839705467
2026-09-12 11:06:14,273 P576089 INFO Epoch 45/300, all_loss:0.85473 cls_loss:0.87137 rec_loss:0.10610 [14.85s]; best loss:0.78857, patience : 5
2026-09-12 11:06:17,438 P576089 INFO pr:0.8805  rc:0.5013  auc:0.9580 ap:0.8650 f1: 0.6388 pred_right: 38774 pred_wrong:226 actu_right: 38603 actu_wrong: 397
2026-09-12 11:06:18,531 P576089 INFO pr:0.7576  rc:0.3876  auc:0.9760 ap:0.8048 f1: 0.5128 pred_right: 16434 pred_wrong:66 actu_right: 16371 actu_wrong: 129
2026-09-12 11:06:18,532 P576089 INFO ----------------------------------------------------------------------------------------------------
2026-09-12 11:06:18,533 P576089 INFO 46/300 starting... lr: 0.001 para:0.021276595070958138
2026-09-12 11:06:29,990 P576089 INFO Epoch 46/300, all_loss:1.74590 cls_loss:1.78150 rec_loss:0.10851 [11.46s]; best loss:0.78857, patience : 6
2026-09-12 11:06:33,039 P576089 INFO pr:0.8397  rc:0.6086  auc:0.9607 ap:0.8752 f1: 0.7057 pred_right: 38713 pred_wrong:287 actu_right: 38604 actu_wrong: 396
2026-09-12 11:06:36,689 P576089 INFO pr:0.7671  rc:0.4341  auc:0.9772 ap:0.8236 f1: 0.5545 pred_right: 16427 pred_wrong:73 actu_right: 16371 actu_wrong: 129
2026-09-12 11:06:36,691 P576089 INFO ----------------------------------------------------------------------------------------------------
2026-09-12 11:06:36,691 P576089 INFO 47/300 starting... lr: 0.001 para:0.02083333395421505
2026-09-12 11:06:57,724 P576089 INFO Epoch 47/300, all_loss:3.84971 cls_loss:3.92941 rec_loss:0.10398 [21.03s]; best loss:0.78857, patience : 7
2026-09-12 11:07:01,431 P576089 INFO pr:0.8140  rc:0.5844  auc:0.9628 ap:0.8605 f1: 0.6804 pred_right: 38715 pred_wrong:285 actu_right: 38603 actu_wrong: 397
2026-09-12 11:07:02,966 P576089 INFO pr:0.7805  rc:0.4961  auc:0.9740 ap:0.7948 f1: 0.6066 pred_right: 16418 pred_wrong:82 actu_right: 16371 actu_wrong: 129
2026-09-12 11:07:02,967 P576089 INFO ----------------------------------------------------------------------------------------------------
2026-09-12 11:07:02,967 P576089 INFO 48/300 starting... lr: 0.001 para:0.020408162847161293
2026-09-12 11:07:15,927 P576089 INFO Epoch 48/300, all_loss:0.85958 cls_loss:0.87530 rec_loss:0.10472 [12.96s]; best loss:0.78857, patience : 7
2026-09-12 11:07:19,277 P576089 INFO pr:0.8204  rc:0.6675  auc:0.9623 ap:0.8849 f1: 0.7361 pred_right: 38677 pred_wrong:323 actu_right: 38603 actu_wrong: 397
2026-09-12 11:07:20,573 P576089 INFO pr:0.7500  rc:0.4884  auc:0.9895 ap:0.7973 f1: 0.5915 pred_right: 16416 pred_wrong:84 actu_right: 16371 actu_wrong: 129
2026-09-12 11:07:20,582 P576089 INFO ----------------------------------------------------------------------------------------------------
2026-09-12 11:07:20,583 P576089 INFO 49/300 starting... lr: 0.001 para:0.019999999552965164
2026-09-12 11:07:33,988 P576089 INFO Epoch 49/300, all_loss:2.11905 cls_loss:2.16008 rec_loss:0.10889 [13.40s]; best loss:0.78857, patience : 8
2026-09-12 11:07:37,563 P576089 INFO pr:0.8279  rc:0.6423  auc:0.9524 ap:0.8682 f1: 0.7234 pred_right: 38692 pred_wrong:308 actu_right: 38603 actu_wrong: 397
2026-09-12 11:07:38,902 P576089 INFO pr:0.7436  rc:0.4496  auc:0.9713 ap:0.8021 f1: 0.5604 pred_right: 16422 pred_wrong:78 actu_right: 16371 actu_wrong: 129
2026-09-12 11:07:38,903 P576089 INFO ----------------------------------------------------------------------------------------------------
2026-09-12 11:07:38,910 P576089 INFO 50/300 starting... lr: 0.001 para:0.019607843831181526
2026-09-12 11:07:52,049 P576089 INFO Epoch 50/300, all_loss:16.78230 cls_loss:17.11572 rec_loss:0.11096 [13.14s]; best loss:0.78857, patience : 9
2026-09-12 11:07:55,086 P576089 INFO pr:0.8700  rc:0.6071  auc:0.9571 ap:0.8865 f1: 0.7151 pred_right: 38723 pred_wrong:277 actu_right: 38603 actu_wrong: 397
2026-09-12 11:07:56,308 P576089 INFO pr:0.8169  rc:0.4496  auc:0.9727 ap:0.8318 f1: 0.5800 pred_right: 16429 pred_wrong:71 actu_right: 16371 actu_wrong: 129
2026-09-12 11:07:56,309 P576089 INFO ----------------------------------------------------------------------------------------------------
2026-09-12 11:07:56,309 P576089 INFO 51/300 starting... lr: 0.001 para:0.01923076994717121
2026-09-12 11:08:09,415 P576089 INFO Epoch 51/300, all_loss:4.87426 cls_loss:4.96774 rec_loss:0.10685 [13.11s]; best loss:0.78857, patience : 9
2026-09-12 11:08:12,914 P576089 INFO pr:0.7921  rc:0.7582  auc:0.9605 ap:0.8898 f1: 0.7748 pred_right: 38620 pred_wrong:380 actu_right: 38603 actu_wrong: 397
2026-09-12 11:08:14,540 P576089 INFO pr:0.7030  rc:0.5504  auc:0.9772 ap:0.7998 f1: 0.6174 pred_right: 16399 pred_wrong:101 actu_right: 16371 actu_wrong: 129
2026-09-12 11:08:14,553 P576089 INFO ----------------------------------------------------------------------------------------------------
2026-09-12 11:08:14,554 P576089 INFO 52/300 starting... lr: 0.001 para:0.01886792480945587
2026-09-12 11:08:28,531 P576089 INFO Epoch 52/300, all_loss:21.21507 cls_loss:21.62080 rec_loss:0.11706 [13.98s]; best loss:0.78857, patience : 10
2026-09-12 11:08:31,790 P576089 INFO pr:0.9096  rc:0.4318  auc:0.9548 ap:0.8812 f1: 0.5856 pred_right: 38812 pred_wrong:188 actu_right: 38604 actu_wrong: 396
2026-09-12 11:08:33,161 P576089 INFO pr:0.7500  rc:0.3488  auc:0.9658 ap:0.8013 f1: 0.4762 pred_right: 16440 pred_wrong:60 actu_right: 16371 actu_wrong: 129
2026-09-12 11:08:33,162 P576089 INFO ----------------------------------------------------------------------------------------------------
2026-09-12 11:08:33,162 P576089 INFO 53/300 starting... lr: 0.001 para:0.018518518656492233
2026-09-12 11:08:46,545 P576089 INFO Epoch 53/300, all_loss:0.93015 cls_loss:0.94580 rec_loss:0.10059 [13.38s]; best loss:0.78857, patience : 10
2026-09-12 11:08:49,770 P576089 INFO pr:0.8590  rc:0.5063  auc:0.9529 ap:0.8658 f1: 0.6371 pred_right: 38766 pred_wrong:234 actu_right: 38603 actu_wrong: 397
2026-09-12 11:08:51,083 P576089 INFO pr:0.7500  rc:0.3721  auc:0.9788 ap:0.8139 f1: 0.4974 pred_right: 16436 pred_wrong:64 actu_right: 16371 actu_wrong: 129
2026-09-12 11:08:51,085 P576089 INFO ----------------------------------------------------------------------------------------------------
2026-09-12 11:08:51,085 P576089 INFO 54/300 starting... lr: 0.001 para:0.0181818176060915
2026-09-12 11:09:04,864 P576089 INFO Epoch 54/300, all_loss:5.37081 cls_loss:5.46836 rec_loss:0.10295 [13.78s]; best loss:0.78857, patience : 11
2026-09-12 11:09:07,292 P576089 INFO pr:0.6624  rc:0.7909  auc:0.9498 ap:0.8719 f1: 0.7210 pred_right: 38526 pred_wrong:474 actu_right: 38603 actu_wrong: 397
2026-09-12 11:09:08,485 P576089 INFO pr:0.6320  rc:0.6124  auc:0.9491 ap:0.7718 f1: 0.6220 pred_right: 16375 pred_wrong:125 actu_right: 16371 actu_wrong: 129
2026-09-12 11:09:08,486 P576089 INFO ----------------------------------------------------------------------------------------------------
2026-09-12 11:09:08,487 P576089 INFO 55/300 starting... lr: 0.001 para:0.01785714365541935
2026-09-12 11:09:23,137 P576089 INFO Epoch 55/300, all_loss:6.02547 cls_loss:6.13320 rec_loss:0.10027 [14.65s]; best loss:0.78857, patience : 12
2026-09-12 11:09:36,658 P576089 INFO pr:0.8371  rc:0.3763  auc:0.9461 ap:0.8616 f1: 0.5192 pred_right: 38822 pred_wrong:178 actu_right: 38604 actu_wrong: 396
2026-09-12 11:09:39,107 P576089 INFO pr:0.7400  rc:0.2868  auc:0.9654 ap:0.7995 f1: 0.4134 pred_right: 16450 pred_wrong:50 actu_right: 16371 actu_wrong: 129
2026-09-12 11:09:39,108 P576089 INFO ----------------------------------------------------------------------------------------------------
2026-09-12 11:09:39,109 P576089 INFO 56/300 starting... lr: 0.001 para:0.017543859779834747
2026-09-12 11:09:52,974 P576089 INFO Epoch 56/300, all_loss:34.84123 cls_loss:35.46154 rec_loss:0.10359 [13.86s]; best loss:0.78857, patience : 13
2026-09-12 11:09:56,057 P576089 INFO pr:0.7855  rc:0.7103  auc:0.9610 ap:0.8773 f1: 0.7460 pred_right: 38641 pred_wrong:359 actu_right: 38603 actu_wrong: 397
2026-09-12 11:09:57,427 P576089 INFO pr:0.7500  rc:0.5349  auc:0.9814 ap:0.8121 f1: 0.6244 pred_right: 16408 pred_wrong:92 actu_right: 16371 actu_wrong: 129
2026-09-12 11:09:57,429 P576089 INFO ----------------------------------------------------------------------------------------------------
2026-09-12 11:09:57,430 P576089 INFO 57/300 starting... lr: 0.001 para:0.017241379246115685
2026-09-12 11:10:10,307 P576089 INFO Epoch 57/300, all_loss:5.55256 cls_loss:5.64817 rec_loss:0.10247 [12.88s]; best loss:0.78857, patience : 13
2026-09-12 11:10:13,938 P576089 INFO pr:0.9070  rc:0.4924  auc:0.9552 ap:0.8821 f1: 0.6383 pred_right: 38785 pred_wrong:215 actu_right: 38604 actu_wrong: 396
2026-09-12 11:10:15,421 P576089 INFO pr:0.8302  rc:0.3411  auc:0.9693 ap:0.8310 f1: 0.4835 pred_right: 16447 pred_wrong:53 actu_right: 16371 actu_wrong: 129
2026-09-12 11:10:15,422 P576089 INFO ----------------------------------------------------------------------------------------------------
2026-09-12 11:10:15,422 P576089 INFO 58/300 starting... lr: 0.001 para:0.016949152573943138
2026-09-12 11:10:28,673 P576089 INFO Epoch 58/300, all_loss:7.49509 cls_loss:7.62256 rec_loss:0.10203 [13.25s]; best loss:0.78857, patience : 14
2026-09-12 11:10:32,415 P576089 INFO pr:0.7955  rc:0.7053  auc:0.9546 ap:0.8738 f1: 0.7477 pred_right: 38648 pred_wrong:352 actu_right: 38603 actu_wrong: 397
2026-09-12 11:10:33,772 P576089 INFO pr:0.7262  rc:0.4729  auc:0.9686 ap:0.8038 f1: 0.5728 pred_right: 16416 pred_wrong:84 actu_right: 16371 actu_wrong: 129
2026-09-12 11:10:33,774 P576089 INFO ----------------------------------------------------------------------------------------------------
2026-09-12 11:10:33,775 P576089 INFO 59/300 starting... lr: 0.001 para:0.01666666753590107
2026-09-12 11:10:47,243 P576089 INFO Epoch 59/300, all_loss:0.81117 cls_loss:0.82314 rec_loss:0.10456 [13.47s]; best loss:0.78857, patience : 14
2026-09-12 11:10:50,492 P576089 INFO pr:0.8949  rc:0.5793  auc:0.9605 ap:0.8913 f1: 0.7034 pred_right: 38743 pred_wrong:257 actu_right: 38603 actu_wrong: 397
2026-09-12 11:10:51,839 P576089 INFO pr:0.7910  rc:0.4109  auc:0.9720 ap:0.8233 f1: 0.5408 pred_right: 16433 pred_wrong:67 actu_right: 16371 actu_wrong: 129
2026-09-12 11:10:51,839 P576089 INFO ----------------------------------------------------------------------------------------------------
2026-09-12 11:10:51,840 P576089 INFO 60/300 starting... lr: 0.001 para:0.016393441706895828
2026-09-12 11:11:05,227 P576089 INFO Early stop at epoch: 60
2026-09-12 11:11:05,227 P576089 INFO saving model...
2026-09-12 11:11:05,227 P576089 INFO FITS_Legendre - loss  best score:0.7885663509368896 at epoch 35
2026-09-12 11:11:05,242 P576089 INFO FITS_Legendre - f1  best score:0.7747747747747747 at epoch 51
2026-09-12 11:11:05,253 P576089 INFO Average training time per epoch: 13.88 seconds
2026-09-12 11:11:05,254 P576089 INFO calculate scores...
2026-09-12 11:11:05,255 P576089 INFO calculate label with loss...
2026-09-12 11:11:05,255 P576089 INFO FITS_Legendre on ./result/server_only_exps/Ablations_updatedFreDF/FITS_Legendre-MSDS-Epochs300-Seed2-ExpNameRQ2z5_basis_degree_comparison-LPFLPF-Attnlinear_attn-NormLinTrue-RecLambda1.0-AuxiLambda0.0-lowshow-simplegraph-Degree5-BasisTypehermite loading...
2026-09-12 11:11:06,909 P576089 INFO pr:0.7349  rc:0.4729  auc:0.9672 ap:0.7804 f1: 0.5755 pred_right: 16417 pred_wrong:83 actu_right: 16371 actu_wrong: 129
2026-09-12 11:11:08,918 P576089 INFO pr:0.7349  rc:0.4729  auc:0.9672 ap:0.7804 f1: 0.5755 pred_right: 16417 pred_wrong:83 actu_right: 16371 actu_wrong: 129
2026-09-12 11:11:08,920 P576089 INFO Performance Summary:
{'GPU': {'inference_time_per_sample_ms': 0.46772440507322177, 'throughput_samples_per_sec': 2138.011164594781, 'peak_memory_mb': 37.0380859375, 'energy_per_sample_joules': 0.02180390859129838}, 'CPU': {'inference_time_per_sample_ms': 0.5784483634278366, 'throughput_samples_per_sec': 1728.762778537541, 'peak_memory_mb': 2886.0234375, 'energy_per_sample_joules': 0.037599143622809375}}
2026-09-12 11:11:08,921 P576089 INFO Starting clean-room hardware benchmarking...
2026-09-12 11:11:09,938 P576089 INFO Performance with loss: pr:0.7349  rc:0.4729  auc:0.9672 ap:0.7804 f1: 0.5755 pred_right: 16417 pred_wrong:83 actu_right: 16371 actu_wrong: 129
2026-09-12 11:11:09,938 P576089 INFO calculate label with f1...
2026-09-12 11:11:09,938 P576089 INFO FITS_Legendre on ./result/server_only_exps/Ablations_updatedFreDF/FITS_Legendre-MSDS-Epochs300-Seed2-ExpNameRQ2z5_basis_degree_comparison-LPFLPF-Attnlinear_attn-NormLinTrue-RecLambda1.0-AuxiLambda0.0-lowshow-simplegraph-Degree5-BasisTypehermite loading...
2026-09-12 11:11:11,490 P576089 INFO pr:0.7030  rc:0.5504  auc:0.9772 ap:0.7998 f1: 0.6174 pred_right: 16399 pred_wrong:101 actu_right: 16371 actu_wrong: 129
2026-09-12 11:11:13,258 P576089 INFO pr:0.7030  rc:0.5504  auc:0.9772 ap:0.7998 f1: 0.6174 pred_right: 16399 pred_wrong:101 actu_right: 16371 actu_wrong: 129
2026-09-12 11:11:13,260 P576089 INFO Performance Summary:
{'GPU': {'inference_time_per_sample_ms': 0.443588484851315, 'throughput_samples_per_sec': 2254.3416570770246, 'peak_memory_mb': 36.4921875, 'energy_per_sample_joules': 0.020556999359222065}, 'CPU': {'inference_time_per_sample_ms': 0.5091812107567294, 'throughput_samples_per_sec': 1963.9373544711732, 'peak_memory_mb': 2887.9765625, 'energy_per_sample_joules': 0.03309677869918741}}
2026-09-12 11:11:13,261 P576089 INFO Starting clean-room hardware benchmarking...
2026-09-12 11:11:14,283 P576089 INFO Performance with f1: pr:0.7030  rc:0.5504  auc:0.9772 ap:0.7998 f1: 0.6174 pred_right: 16399 pred_wrong:101 actu_right: 16371 actu_wrong: 129
2026-09-12 11:11:14,283 P576089 INFO Collecting case-study samples...
