2026-09-17 18:49:02,444 P1379000 INFO ---- Model: ----MSTGAD-24486ae5----random_seed : 3----req_loss_approach : Legendre-style----rec_lambda : 1.0----auxi_lambda : 0.2----Freq Domain : FITS_Legendre----Multi Fits : false----train : True----evaluate : False
2026-09-17 18:49:02,445 P1379000 INFO Load from /home/db2003/Desktop/Amr/Tests/Eadro/codes/chunks/TT
2026-09-17 18:49:19,529 P1379000 INFO Fewshot: training with 1.0 of the 70% of the data
2026-09-17 18:49:19,882 P1379000 INFO Trainable Parameters Breakdown:
2026-09-17 18:49:19,882 P1379000 INFO --------------------------------------------------------------------------------
2026-09-17 18:49:19,882 P1379000 INFO Reconstruction-Specific Parameters:
2026-09-17 18:49:19,883 P1379000 INFO node_emb.linear.weight                   | shape: (8, 7)                    | params: 56
2026-09-17 18:49:19,883 P1379000 INFO node_emb.linear.bias                     | shape: (8,)                      | params: 8
2026-09-17 18:49:19,883 P1379000 INFO log_emb.linear.weight                    | shape: (32, 60)                  | params: 1,920
2026-09-17 18:49:19,883 P1379000 INFO log_emb.linear.bias                      | shape: (32,)                     | params: 32
2026-09-17 18:49:19,883 P1379000 INFO egde_emb.linear.weight                   | shape: (8, 2)                    | params: 16
2026-09-17 18:49:19,883 P1379000 INFO egde_emb.linear.bias                     | shape: (8,)                      | params: 8
2026-09-17 18:49:19,883 P1379000 INFO dense_node.weight                        | shape: (7, 8)                    | params: 56
2026-09-17 18:49:19,884 P1379000 INFO dense_node.bias                          | shape: (7,)                      | params: 7
2026-09-17 18:49:19,884 P1379000 INFO dense_log.weight                         | shape: (60, 32)                  | params: 1,920
2026-09-17 18:49:19,884 P1379000 INFO dense_log.bias                           | shape: (60,)                     | params: 60
2026-09-17 18:49:19,884 P1379000 INFO dense_edge.weight                        | shape: (2, 8)                    | params: 16
2026-09-17 18:49:19,884 P1379000 INFO dense_edge.bias                          | shape: (2,)                      | params: 2
2026-09-17 18:49:19,884 P1379000 INFO linear_attn.Wq.weight                    | shape: (10, 10)                  | params: 100
2026-09-17 18:49:19,884 P1379000 INFO linear_attn.Wk.weight                    | shape: (10, 10)                  | params: 100
2026-09-17 18:49:19,884 P1379000 INFO linear_attn.Wv.weight                    | shape: (10, 10)                  | params: 100
2026-09-17 18:49:19,885 P1379000 INFO linear_attn.out.weight                   | shape: (10, 10)                  | params: 100
2026-09-17 18:49:19,885 P1379000 INFO linear_attn.out.bias                     | shape: (10,)                     | params: 10
2026-09-17 18:49:19,885 P1379000 INFO linear_attn.norm.weight                  | shape: (10,)                     | params: 10
2026-09-17 18:49:19,885 P1379000 INFO linear_attn.norm.bias                    | shape: (10,)                     | params: 10
2026-09-17 18:49:19,885 P1379000 INFO shared_fits.normlin_W                    | shape: (3, 3)                    | params: 9
2026-09-17 18:49:19,885 P1379000 INFO shared_fits.freq_upsampler.weight        | shape: (3, 3)                    | params: 9
2026-09-17 18:49:19,885 P1379000 INFO shared_fits.freq_upsampler.bias          | shape: (3,)                      | params: 3
2026-09-17 18:49:19,886 P1379000 INFO modality_proj.node.weight                | shape: (10, 8)                   | params: 80
2026-09-17 18:49:19,886 P1379000 INFO modality_proj.node.bias                  | shape: (10,)                     | params: 10
2026-09-17 18:49:19,886 P1379000 INFO modality_proj.log.weight                 | shape: (10, 32)                  | params: 320
2026-09-17 18:49:19,886 P1379000 INFO modality_proj.log.bias                   | shape: (10,)                     | params: 10
2026-09-17 18:49:19,886 P1379000 INFO modality_proj.edge.weight                | shape: (10, 8)                   | params: 80
2026-09-17 18:49:19,886 P1379000 INFO modality_proj.edge.bias                  | shape: (10,)                     | params: 10
2026-09-17 18:49:19,886 P1379000 INFO modality_proj_out.node.weight            | shape: (8, 10)                   | params: 80
2026-09-17 18:49:19,886 P1379000 INFO modality_proj_out.node.bias              | shape: (8,)                      | params: 8
2026-09-17 18:49:19,887 P1379000 INFO modality_proj_out.log.weight             | shape: (32, 10)                  | params: 320
2026-09-17 18:49:19,887 P1379000 INFO modality_proj_out.log.bias               | shape: (32,)                     | params: 32
2026-09-17 18:49:19,887 P1379000 INFO modality_proj_out.edge.weight            | shape: (8, 10)                   | params: 80
2026-09-17 18:49:19,887 P1379000 INFO modality_proj_out.edge.bias              | shape: (8,)                      | params: 8
2026-09-17 18:49:19,887 P1379000 INFO Subtotal: 5,590
2026-09-17 18:49:19,887 P1379000 INFO --------------------------------------------------------------------------------
2026-09-17 18:49:19,887 P1379000 INFO Common Parameters:
2026-09-17 18:49:19,887 P1379000 INFO show.0.weight                            | shape: (128, 69)                 | params: 8,832
2026-09-17 18:49:19,888 P1379000 INFO show.0.bias                              | shape: (128,)                    | params: 128
2026-09-17 18:49:19,888 P1379000 INFO show.2.weight                            | shape: (2, 128)                  | params: 256
2026-09-17 18:49:19,888 P1379000 INFO show.2.bias                              | shape: (2,)                      | params: 2
2026-09-17 18:49:19,888 P1379000 INFO Subtotal: 9,218
2026-09-17 18:49:19,888 P1379000 INFO --------------------------------------------------------------------------------
2026-09-17 18:49:19,888 P1379000 INFO Total Trainable Parameters: 14,808

2026-09-17 18:49:19,888 P1379000 INFO Trainable Parameters: 14808, reconstruction: 5590, common: 9218
2026-09-17 18:49:19,889 P1379000 INFO model : init weight
2026-09-17 18:49:19,890 P1379000 INFO Using GPU...
2026-09-17 18:49:19,905 P1379000 INFO optimizer : using AdaBelief
2026-09-17 18:49:19,906 P1379000 INFO ----------------------------------------------------------------------------------------------------
2026-09-17 18:49:19,906 P1379000 INFO 0/50 starting... lr: 0.001 para:1.0
2026-09-17 18:50:12,947 P1379000 INFO Epoch 0/50, all_loss:0.08399 cls_loss:25.15207 rec_loss:0.08399 [53.03s]; best loss:0.08399, patience : 0
2026-09-17 18:50:12,947 P1379000 INFO ----------------------------------------------------------------------------------------------------
2026-09-17 18:50:12,948 P1379000 INFO 1/50 starting... lr: 0.001 para:0.5
2026-09-17 18:50:56,367 P1379000 INFO Epoch 1/50, all_loss:2.04437 cls_loss:3.85470 rec_loss:0.23404 [43.41s]; best loss:2.04437, patience : 0
2026-09-17 18:50:56,368 P1379000 INFO ----------------------------------------------------------------------------------------------------
2026-09-17 18:50:56,368 P1379000 INFO 2/50 starting... lr: 0.001 para:0.3333333432674408
2026-09-17 18:51:47,063 P1379000 INFO Epoch 2/50, all_loss:1.54478 cls_loss:2.18956 rec_loss:0.25523 [50.68s]; best loss:1.54478, patience : 0
2026-09-17 18:52:13,484 P1379000 INFO pr:0.9156  rc:0.5155  auc:0.9872 ap:0.8968 f1: 0.6596 pred_right: 1076784 pred_wrong:19416 actu_right: 1061713 actu_wrong: 34487
2026-09-17 18:52:26,357 P1379000 INFO pr:0.9211  rc:0.5147  auc:0.9876 ap:0.8974 f1: 0.6603 pred_right: 461526 pred_wrong:8274 actu_right: 454992 actu_wrong: 14808
2026-09-17 18:52:26,364 P1379000 INFO ----------------------------------------------------------------------------------------------------
2026-09-17 18:52:26,364 P1379000 INFO 3/50 starting... lr: 0.001 para:0.25
2026-09-17 18:53:08,843 P1379000 INFO Epoch 3/50, all_loss:1.60705 cls_loss:2.05847 rec_loss:0.25277 [42.48s]; best loss:1.54478, patience : 1
2026-09-17 18:53:34,843 P1379000 INFO pr:0.7842  rc:0.6355  auc:0.9896 ap:0.9102 f1: 0.7021 pred_right: 1068251 pred_wrong:27949 actu_right: 1061710 actu_wrong: 34490
2026-09-17 18:53:44,384 P1379000 INFO pr:0.7837  rc:0.6340  auc:0.9899 ap:0.9108 f1: 0.7010 pred_right: 457819 pred_wrong:11981 actu_right: 454992 actu_wrong: 14808
2026-09-17 18:53:44,395 P1379000 INFO ----------------------------------------------------------------------------------------------------
2026-09-17 18:53:44,396 P1379000 INFO 4/50 starting... lr: 0.001 para:0.20000000298023224
2026-09-17 18:54:36,073 P1379000 INFO Epoch 4/50, all_loss:1.52800 cls_loss:1.83689 rec_loss:0.29243 [51.67s]; best loss:1.52800, patience : 0
2026-09-17 18:55:04,699 P1379000 INFO pr:0.9251  rc:0.5655  auc:0.9922 ap:0.9251 f1: 0.7019 pred_right: 1075119 pred_wrong:21081 actu_right: 1061710 actu_wrong: 34490
2026-09-17 18:55:17,190 P1379000 INFO pr:0.9293  rc:0.5650  auc:0.9925 ap:0.9258 f1: 0.7027 pred_right: 460798 pred_wrong:9002 actu_right: 454992 actu_wrong: 14808
2026-09-17 18:55:17,192 P1379000 INFO ----------------------------------------------------------------------------------------------------
2026-09-17 18:55:17,192 P1379000 INFO 5/50 starting... lr: 0.001 para:0.1666666716337204
2026-09-17 18:55:56,529 P1379000 INFO Epoch 5/50, all_loss:1.45244 cls_loss:1.68097 rec_loss:0.30976 [39.33s]; best loss:1.45244, patience : 0
2026-09-17 18:56:38,591 P1379000 INFO pr:0.8635  rc:0.6300  auc:0.9934 ap:0.9323 f1: 0.7285 pred_right: 1071036 pred_wrong:25164 actu_right: 1061712 actu_wrong: 34488
2026-09-17 18:56:49,231 P1379000 INFO pr:0.8705  rc:0.6294  auc:0.9934 ap:0.9327 f1: 0.7306 pred_right: 459094 pred_wrong:10706 actu_right: 454992 actu_wrong: 14808
2026-09-17 18:56:49,241 P1379000 INFO ----------------------------------------------------------------------------------------------------
2026-09-17 18:56:49,241 P1379000 INFO 6/50 starting... lr: 0.001 para:0.1428571492433548
2026-09-17 18:57:29,342 P1379000 INFO Epoch 6/50, all_loss:1.40429 cls_loss:1.57803 rec_loss:0.36185 [40.09s]; best loss:1.40429, patience : 0
2026-09-17 18:57:58,350 P1379000 INFO pr:0.8127  rc:0.7438  auc:0.9946 ap:0.9416 f1: 0.7767 pred_right: 1064637 pred_wrong:31563 actu_right: 1061710 actu_wrong: 34490
2026-09-17 18:58:07,379 P1379000 INFO pr:0.8153  rc:0.7423  auc:0.9948 ap:0.9427 f1: 0.7771 pred_right: 456318 pred_wrong:13482 actu_right: 454992 actu_wrong: 14808
2026-09-17 18:58:07,383 P1379000 INFO ----------------------------------------------------------------------------------------------------
2026-09-17 18:58:07,383 P1379000 INFO 7/50 starting... lr: 0.001 para:0.125
2026-09-17 18:58:57,879 P1379000 INFO Epoch 7/50, all_loss:1.30335 cls_loss:1.42736 rec_loss:0.43527 [50.49s]; best loss:1.30335, patience : 0
2026-09-17 18:59:28,119 P1379000 INFO pr:0.8491  rc:0.7898  auc:0.9961 ap:0.9556 f1: 0.8184 pred_right: 1064118 pred_wrong:32082 actu_right: 1061708 actu_wrong: 34492
2026-09-17 18:59:40,550 P1379000 INFO pr:0.8515  rc:0.7943  auc:0.9962 ap:0.9564 f1: 0.8219 pred_right: 455987 pred_wrong:13813 actu_right: 454992 actu_wrong: 14808
2026-09-17 18:59:40,557 P1379000 INFO ----------------------------------------------------------------------------------------------------
2026-09-17 18:59:40,557 P1379000 INFO 8/50 starting... lr: 0.001 para:0.1111111119389534
2026-09-17 19:00:17,496 P1379000 INFO Epoch 8/50, all_loss:1.16867 cls_loss:1.25003 rec_loss:0.51778 [36.93s]; best loss:1.16867, patience : 0
2026-09-17 19:01:00,336 P1379000 INFO pr:0.8630  rc:0.8061  auc:0.9965 ap:0.9630 f1: 0.8336 pred_right: 1063987 pred_wrong:32213 actu_right: 1061715 actu_wrong: 34485
2026-09-17 19:01:12,648 P1379000 INFO pr:0.8634  rc:0.8067  auc:0.9967 ap:0.9631 f1: 0.8341 pred_right: 455964 pred_wrong:13836 actu_right: 454992 actu_wrong: 14808
2026-09-17 19:01:12,653 P1379000 INFO ----------------------------------------------------------------------------------------------------
2026-09-17 19:01:12,653 P1379000 INFO 9/50 starting... lr: 0.001 para:0.10000000149011612
2026-09-17 19:01:51,858 P1379000 INFO Epoch 9/50, all_loss:1.09269 cls_loss:1.15054 rec_loss:0.57196 [39.19s]; best loss:1.09269, patience : 0
2026-09-17 19:02:21,989 P1379000 INFO pr:0.8785  rc:0.7981  auc:0.9969 ap:0.9639 f1: 0.8364 pred_right: 1064871 pred_wrong:31329 actu_right: 1061713 actu_wrong: 34487
2026-09-17 19:02:30,181 P1379000 INFO pr:0.8831  rc:0.7979  auc:0.9972 ap:0.9650 f1: 0.8383 pred_right: 456421 pred_wrong:13379 actu_right: 454992 actu_wrong: 14808
2026-09-17 19:02:30,187 P1379000 INFO ----------------------------------------------------------------------------------------------------
2026-09-17 19:02:30,187 P1379000 INFO 10/50 starting... lr: 0.001 para:0.09090909361839294
2026-09-17 19:03:20,290 P1379000 INFO Epoch 10/50, all_loss:1.02576 cls_loss:1.06740 rec_loss:0.60938 [50.10s]; best loss:1.02576, patience : 0
2026-09-17 19:03:49,699 P1379000 INFO pr:0.8894  rc:0.8195  auc:0.9975 ap:0.9712 f1: 0.8530 pred_right: 1064422 pred_wrong:31778 actu_right: 1061710 actu_wrong: 34490
2026-09-17 19:04:00,321 P1379000 INFO pr:0.8934  rc:0.8194  auc:0.9978 ap:0.9724 f1: 0.8548 pred_right: 456218 pred_wrong:13582 actu_right: 454992 actu_wrong: 14808
2026-09-17 19:04:00,326 P1379000 INFO ----------------------------------------------------------------------------------------------------
2026-09-17 19:04:00,326 P1379000 INFO 11/50 starting... lr: 0.001 para:0.0833333358168602
2026-09-17 19:04:43,050 P1379000 INFO Epoch 11/50, all_loss:0.97066 cls_loss:0.99915 rec_loss:0.65730 [42.72s]; best loss:0.97066, patience : 0
2026-09-17 19:05:24,578 P1379000 INFO pr:0.8876  rc:0.8530  auc:0.9977 ap:0.9733 f1: 0.8699 pred_right: 1063052 pred_wrong:33148 actu_right: 1061709 actu_wrong: 34491
2026-09-17 19:05:34,532 P1379000 INFO pr:0.8888  rc:0.8514  auc:0.9979 ap:0.9735 f1: 0.8697 pred_right: 455615 pred_wrong:14185 actu_right: 454992 actu_wrong: 14808
2026-09-17 19:05:34,538 P1379000 INFO ----------------------------------------------------------------------------------------------------
2026-09-17 19:05:34,538 P1379000 INFO 12/50 starting... lr: 0.001 para:0.07692307978868484
2026-09-17 19:06:13,772 P1379000 INFO Epoch 12/50, all_loss:0.91291 cls_loss:0.93142 rec_loss:0.69075 [39.22s]; best loss:0.91291, patience : 0
2026-09-17 19:06:44,497 P1379000 INFO pr:0.8681  rc:0.8665  auc:0.9981 ap:0.9721 f1: 0.8673 pred_right: 1061776 pred_wrong:34424 actu_right: 1061711 actu_wrong: 34489
2026-09-17 19:06:50,647 P1379000 INFO pr:0.8724  rc:0.8663  auc:0.9982 ap:0.9736 f1: 0.8693 pred_right: 455095 pred_wrong:14705 actu_right: 454992 actu_wrong: 14808
2026-09-17 19:06:50,648 P1379000 INFO ----------------------------------------------------------------------------------------------------
2026-09-17 19:06:50,648 P1379000 INFO 13/50 starting... lr: 0.001 para:0.0714285746216774
2026-09-17 19:07:42,080 P1379000 INFO Epoch 13/50, all_loss:0.84871 cls_loss:0.85717 rec_loss:0.73872 [51.42s]; best loss:0.84871, patience : 0
2026-09-17 19:08:08,454 P1379000 INFO pr:0.8789  rc:0.9277  auc:0.9984 ap:0.9811 f1: 0.9026 pred_right: 1059796 pred_wrong:36404 actu_right: 1061711 actu_wrong: 34489
2026-09-17 19:08:17,818 P1379000 INFO pr:0.8817  rc:0.9274  auc:0.9985 ap:0.9812 f1: 0.9040 pred_right: 454224 pred_wrong:15576 actu_right: 454992 actu_wrong: 14808
2026-09-17 19:08:17,824 P1379000 INFO ----------------------------------------------------------------------------------------------------
2026-09-17 19:08:17,825 P1379000 INFO 14/50 starting... lr: 0.001 para:0.06666667014360428
2026-09-17 19:08:58,530 P1379000 INFO Epoch 14/50, all_loss:0.81007 cls_loss:0.81340 rec_loss:0.76348 [40.70s]; best loss:0.81007, patience : 0
2026-09-17 19:09:36,148 P1379000 INFO pr:0.9067  rc:0.8440  auc:0.9985 ap:0.9786 f1: 0.8742 pred_right: 1064101 pred_wrong:32099 actu_right: 1061715 actu_wrong: 34485
2026-09-17 19:09:45,334 P1379000 INFO pr:0.9115  rc:0.8434  auc:0.9986 ap:0.9792 f1: 0.8761 pred_right: 456098 pred_wrong:13702 actu_right: 454992 actu_wrong: 14808
2026-09-17 19:09:45,336 P1379000 INFO ----------------------------------------------------------------------------------------------------
2026-09-17 19:09:45,336 P1379000 INFO 15/50 starting... lr: 0.001 para:0.0625
2026-09-17 19:10:27,303 P1379000 INFO Epoch 15/50, all_loss:0.77198 cls_loss:0.77124 rec_loss:0.78307 [41.96s]; best loss:0.77198, patience : 0
2026-09-17 19:10:52,594 P1379000 INFO pr:0.9056  rc:0.8877  auc:0.9986 ap:0.9823 f1: 0.8966 pred_right: 1062388 pred_wrong:33812 actu_right: 1061705 actu_wrong: 34495
2026-09-17 19:11:02,998 P1379000 INFO pr:0.9059  rc:0.8869  auc:0.9988 ap:0.9824 f1: 0.8963 pred_right: 455303 pred_wrong:14497 actu_right: 454992 actu_wrong: 14808
2026-09-17 19:11:02,999 P1379000 INFO ----------------------------------------------------------------------------------------------------
2026-09-17 19:11:02,999 P1379000 INFO 16/50 starting... lr: 0.001 para:0.05882352963089943
2026-09-17 19:11:54,585 P1379000 INFO Epoch 16/50, all_loss:0.74622 cls_loss:0.74177 rec_loss:0.81737 [51.58s]; best loss:0.74622, patience : 0
2026-09-17 19:12:18,109 P1379000 INFO pr:0.8994  rc:0.9122  auc:0.9986 ap:0.9831 f1: 0.9057 pred_right: 1061221 pred_wrong:34979 actu_right: 1061711 actu_wrong: 34489
2026-09-17 19:12:28,075 P1379000 INFO pr:0.9012  rc:0.9119  auc:0.9987 ap:0.9831 f1: 0.9065 pred_right: 454815 pred_wrong:14985 actu_right: 454992 actu_wrong: 14808
2026-09-17 19:12:28,080 P1379000 INFO ----------------------------------------------------------------------------------------------------
2026-09-17 19:12:28,080 P1379000 INFO 17/50 starting... lr: 0.001 para:0.0555555559694767
2026-09-17 19:13:12,400 P1379000 INFO Epoch 17/50, all_loss:0.71321 cls_loss:0.70711 rec_loss:0.81696 [44.31s]; best loss:0.71321, patience : 0
2026-09-17 19:13:47,470 P1379000 INFO pr:0.9174  rc:0.8746  auc:0.9989 ap:0.9849 f1: 0.8955 pred_right: 1063314 pred_wrong:32886 actu_right: 1061707 actu_wrong: 34493
2026-09-17 19:13:57,456 P1379000 INFO pr:0.9213  rc:0.8749  auc:0.9990 ap:0.9850 f1: 0.8975 pred_right: 455738 pred_wrong:14062 actu_right: 454992 actu_wrong: 14808
2026-09-17 19:13:57,457 P1379000 INFO ----------------------------------------------------------------------------------------------------
2026-09-17 19:13:57,458 P1379000 INFO 18/50 starting... lr: 0.001 para:0.05263157933950424
2026-09-17 19:14:40,316 P1379000 INFO Epoch 18/50, all_loss:0.70133 cls_loss:0.69319 rec_loss:0.84788 [42.85s]; best loss:0.70133, patience : 0
2026-09-17 19:15:04,478 P1379000 INFO pr:0.9070  rc:0.9245  auc:0.9990 ap:0.9844 f1: 0.9157 pred_right: 1061044 pred_wrong:35156 actu_right: 1061711 actu_wrong: 34489
2026-09-17 19:15:15,576 P1379000 INFO pr:0.9075  rc:0.9226  auc:0.9990 ap:0.9845 f1: 0.9150 pred_right: 454746 pred_wrong:15054 actu_right: 454992 actu_wrong: 14808
2026-09-17 19:15:15,585 P1379000 INFO ----------------------------------------------------------------------------------------------------
2026-09-17 19:15:15,585 P1379000 INFO 19/50 starting... lr: 0.001 para:0.05000000074505806
2026-09-17 19:16:05,702 P1379000 INFO Epoch 19/50, all_loss:0.68996 cls_loss:0.68119 rec_loss:0.85658 [50.11s]; best loss:0.68996, patience : 0
2026-09-17 19:16:28,565 P1379000 INFO pr:0.9396  rc:0.8347  auc:0.9988 ap:0.9835 f1: 0.8841 pred_right: 1065564 pred_wrong:30636 actu_right: 1061713 actu_wrong: 34487
2026-09-17 19:16:38,104 P1379000 INFO pr:0.9404  rc:0.8337  auc:0.9990 ap:0.9845 f1: 0.8838 pred_right: 456673 pred_wrong:13127 actu_right: 454992 actu_wrong: 14808
2026-09-17 19:16:38,105 P1379000 INFO ----------------------------------------------------------------------------------------------------
2026-09-17 19:16:38,105 P1379000 INFO 20/50 starting... lr: 0.001 para:0.0476190485060215
2026-09-17 19:17:24,902 P1379000 INFO Epoch 20/50, all_loss:0.66397 cls_loss:0.65343 rec_loss:0.87471 [46.79s]; best loss:0.66397, patience : 0
2026-09-17 19:17:55,715 P1379000 INFO pr:0.9144  rc:0.9282  auc:0.9987 ap:0.9864 f1: 0.9213 pred_right: 1061192 pred_wrong:35008 actu_right: 1061710 actu_wrong: 34490
2026-09-17 19:18:06,351 P1379000 INFO pr:0.9162  rc:0.9259  auc:0.9988 ap:0.9864 f1: 0.9210 pred_right: 454835 pred_wrong:14965 actu_right: 454992 actu_wrong: 14808
2026-09-17 19:18:06,356 P1379000 INFO ----------------------------------------------------------------------------------------------------
2026-09-17 19:18:06,357 P1379000 INFO 21/50 starting... lr: 0.001 para:0.04545454680919647
2026-09-17 19:18:49,314 P1379000 INFO Epoch 21/50, all_loss:0.65315 cls_loss:0.64223 rec_loss:0.88249 [42.95s]; best loss:0.65315, patience : 0
2026-09-17 19:19:11,632 P1379000 INFO pr:0.9303  rc:0.8710  auc:0.9989 ap:0.9855 f1: 0.8997 pred_right: 1063910 pred_wrong:32290 actu_right: 1061708 actu_wrong: 34492
2026-09-17 19:19:21,784 P1379000 INFO pr:0.9305  rc:0.8697  auc:0.9989 ap:0.9851 f1: 0.8991 pred_right: 455960 pred_wrong:13840 actu_right: 454992 actu_wrong: 14808
2026-09-17 19:19:21,785 P1379000 INFO ----------------------------------------------------------------------------------------------------
2026-09-17 19:19:21,785 P1379000 INFO 22/50 starting... lr: 0.001 para:0.043478261679410934
2026-09-17 19:20:13,983 P1379000 INFO Epoch 22/50, all_loss:0.64003 cls_loss:0.62856 rec_loss:0.89251 [52.19s]; best loss:0.64003, patience : 0
2026-09-17 19:20:36,279 P1379000 INFO pr:0.9174  rc:0.9397  auc:0.9992 ap:0.9889 f1: 0.9284 pred_right: 1060877 pred_wrong:35323 actu_right: 1061713 actu_wrong: 34487
2026-09-17 19:20:46,460 P1379000 INFO pr:0.9195  rc:0.9365  auc:0.9992 ap:0.9885 f1: 0.9279 pred_right: 454719 pred_wrong:15081 actu_right: 454992 actu_wrong: 14808
2026-09-17 19:20:46,466 P1379000 INFO ----------------------------------------------------------------------------------------------------
2026-09-17 19:20:46,466 P1379000 INFO 23/50 starting... lr: 0.001 para:0.0416666679084301
2026-09-17 19:21:30,634 P1379000 INFO Epoch 23/50, all_loss:0.60426 cls_loss:0.59102 rec_loss:0.90876 [44.16s]; best loss:0.60426, patience : 0
2026-09-17 19:21:49,546 P1379000 INFO pr:0.9344  rc:0.8488  auc:0.9988 ap:0.9846 f1: 0.8895 pred_right: 1064870 pred_wrong:31330 actu_right: 1061712 actu_wrong: 34488
2026-09-17 19:22:11,601 P1379000 INFO pr:0.9346  rc:0.8489  auc:0.9989 ap:0.9843 f1: 0.8897 pred_right: 456349 pred_wrong:13451 actu_right: 454992 actu_wrong: 14808
2026-09-17 19:22:11,602 P1379000 INFO ----------------------------------------------------------------------------------------------------
2026-09-17 19:22:11,602 P1379000 INFO 24/50 starting... lr: 0.001 para:0.03999999910593033
2026-09-17 19:22:55,034 P1379000 INFO Epoch 24/50, all_loss:0.61168 cls_loss:0.59897 rec_loss:0.91673 [43.43s]; best loss:0.60426, patience : 1
2026-09-17 19:23:17,991 P1379000 INFO pr:0.9158  rc:0.9400  auc:0.9987 ap:0.9878 f1: 0.9277 pred_right: 1060797 pred_wrong:35403 actu_right: 1061707 actu_wrong: 34493
2026-09-17 19:23:28,961 P1379000 INFO pr:0.9170  rc:0.9360  auc:0.9989 ap:0.9876 f1: 0.9264 pred_right: 454684 pred_wrong:15116 actu_right: 454992 actu_wrong: 14808
2026-09-17 19:23:28,963 P1379000 INFO ----------------------------------------------------------------------------------------------------
2026-09-17 19:23:28,964 P1379000 INFO 25/50 starting... lr: 0.001 para:0.03846153989434242
2026-09-17 19:24:20,479 P1379000 INFO Epoch 25/50, all_loss:0.61462 cls_loss:0.60203 rec_loss:0.92947 [51.51s]; best loss:0.60426, patience : 2
2026-09-17 19:24:42,849 P1379000 INFO pr:0.9180  rc:0.9332  auc:0.9991 ap:0.9878 f1: 0.9255 pred_right: 1061134 pred_wrong:35066 actu_right: 1061708 actu_wrong: 34492
2026-09-17 19:24:53,340 P1379000 INFO pr:0.9198  rc:0.9321  auc:0.9991 ap:0.9879 f1: 0.9259 pred_right: 454794 pred_wrong:15006 actu_right: 454992 actu_wrong: 14808
2026-09-17 19:24:53,341 P1379000 INFO ----------------------------------------------------------------------------------------------------
2026-09-17 19:24:53,341 P1379000 INFO 26/50 starting... lr: 0.001 para:0.03703703731298447
2026-09-17 19:25:35,198 P1379000 INFO Epoch 26/50, all_loss:0.59684 cls_loss:0.58354 rec_loss:0.94277 [41.85s]; best loss:0.59684, patience : 0
2026-09-17 19:25:56,302 P1379000 INFO pr:0.9193  rc:0.9425  auc:0.9993 ap:0.9892 f1: 0.9307 pred_right: 1060838 pred_wrong:35362 actu_right: 1061708 actu_wrong: 34492
2026-09-17 19:26:04,484 P1379000 INFO pr:0.9203  rc:0.9404  auc:0.9992 ap:0.9884 f1: 0.9303 pred_right: 454668 pred_wrong:15132 actu_right: 454992 actu_wrong: 14808
2026-09-17 19:26:04,489 P1379000 INFO ----------------------------------------------------------------------------------------------------
2026-09-17 19:26:04,489 P1379000 INFO 27/50 starting... lr: 0.001 para:0.0357142873108387
2026-09-17 19:26:50,843 P1379000 INFO Epoch 27/50, all_loss:0.56916 cls_loss:0.55481 rec_loss:0.95651 [46.35s]; best loss:0.56916, patience : 0
2026-09-17 19:27:10,658 P1379000 INFO pr:0.8958  rc:0.9639  auc:0.9992 ap:0.9885 f1: 0.9286 pred_right: 1059092 pred_wrong:37108 actu_right: 1061711 actu_wrong: 34489
2026-09-17 19:27:21,942 P1379000 INFO pr:0.8997  rc:0.9634  auc:0.9992 ap:0.9889 f1: 0.9305 pred_right: 453944 pred_wrong:15856 actu_right: 454992 actu_wrong: 14808
2026-09-17 19:27:21,943 P1379000 INFO ----------------------------------------------------------------------------------------------------
2026-09-17 19:27:21,943 P1379000 INFO 28/50 starting... lr: 0.001 para:0.03448275849223137
2026-09-17 19:27:57,509 P1379000 INFO Epoch 28/50, all_loss:0.55236 cls_loss:0.53773 rec_loss:0.96199 [35.56s]; best loss:0.55236, patience : 0
2026-09-17 19:28:28,590 P1379000 INFO pr:0.8921  rc:0.9694  auc:0.9992 ap:0.9877 f1: 0.9292 pred_right: 1058723 pred_wrong:37477 actu_right: 1061711 actu_wrong: 34489
2026-09-17 19:28:40,266 P1379000 INFO pr:0.8926  rc:0.9691  auc:0.9992 ap:0.9876 f1: 0.9293 pred_right: 453724 pred_wrong:16076 actu_right: 454992 actu_wrong: 14808
2026-09-17 19:28:40,267 P1379000 INFO ----------------------------------------------------------------------------------------------------
2026-09-17 19:28:40,267 P1379000 INFO 29/50 starting... lr: 0.001 para:0.03333333507180214
2026-09-17 19:29:15,163 P1379000 INFO Epoch 29/50, all_loss:0.55465 cls_loss:0.54011 rec_loss:0.97628 [34.90s]; best loss:0.55236, patience : 1
2026-09-17 19:29:39,441 P1379000 INFO pr:0.9178  rc:0.9455  auc:0.9992 ap:0.9894 f1: 0.9314 pred_right: 1060670 pred_wrong:35530 actu_right: 1061711 actu_wrong: 34489
2026-09-17 19:29:45,916 P1379000 INFO pr:0.9195  rc:0.9425  auc:0.9992 ap:0.9893 f1: 0.9309 pred_right: 454623 pred_wrong:15177 actu_right: 454992 actu_wrong: 14808
2026-09-17 19:29:45,922 P1379000 INFO ----------------------------------------------------------------------------------------------------
2026-09-17 19:29:45,923 P1379000 INFO 30/50 starting... lr: 0.001 para:0.032258063554763794
2026-09-17 19:30:29,052 P1379000 INFO Epoch 30/50, all_loss:0.56414 cls_loss:0.55052 rec_loss:0.97267 [43.13s]; best loss:0.55236, patience : 2
2026-09-17 19:30:49,765 P1379000 INFO pr:0.9248  rc:0.9285  auc:0.9993 ap:0.9908 f1: 0.9267 pred_right: 1061574 pred_wrong:34626 actu_right: 1061713 actu_wrong: 34487
2026-09-17 19:31:01,892 P1379000 INFO pr:0.9245  rc:0.9256  auc:0.9993 ap:0.9903 f1: 0.9250 pred_right: 454974 pred_wrong:14826 actu_right: 454992 actu_wrong: 14808
2026-09-17 19:31:01,893 P1379000 INFO ----------------------------------------------------------------------------------------------------
2026-09-17 19:31:01,893 P1379000 INFO 31/50 starting... lr: 0.001 para:0.03125
2026-09-17 19:31:37,282 P1379000 INFO Epoch 31/50, all_loss:0.55793 cls_loss:0.54409 rec_loss:0.98705 [35.39s]; best loss:0.55236, patience : 2
2026-09-17 19:32:08,107 P1379000 INFO pr:0.9230  rc:0.9491  auc:0.9993 ap:0.9891 f1: 0.9359 pred_right: 1060731 pred_wrong:35469 actu_right: 1061707 actu_wrong: 34493
2026-09-17 19:32:19,797 P1379000 INFO pr:0.9245  rc:0.9474  auc:0.9994 ap:0.9893 f1: 0.9358 pred_right: 454626 pred_wrong:15174 actu_right: 454992 actu_wrong: 14808
2026-09-17 19:32:19,801 P1379000 INFO ----------------------------------------------------------------------------------------------------
2026-09-17 19:32:19,802 P1379000 INFO 32/50 starting... lr: 0.001 para:0.03030303120613098
2026-09-17 19:32:53,203 P1379000 INFO Epoch 32/50, all_loss:0.50679 cls_loss:0.49114 rec_loss:1.00750 [33.40s]; best loss:0.50679, patience : 0
2026-09-17 19:33:16,509 P1379000 INFO pr:0.9273  rc:0.9453  auc:0.9989 ap:0.9914 f1: 0.9362 pred_right: 1061044 pred_wrong:35156 actu_right: 1061715 actu_wrong: 34485
2026-09-17 19:33:29,200 P1379000 INFO pr:0.9274  rc:0.9428  auc:0.9990 ap:0.9910 f1: 0.9350 pred_right: 454746 pred_wrong:15054 actu_right: 454992 actu_wrong: 14808
2026-09-17 19:33:29,205 P1379000 INFO ----------------------------------------------------------------------------------------------------
2026-09-17 19:33:29,205 P1379000 INFO 33/50 starting... lr: 0.001 para:0.029411764815449715
2026-09-17 19:34:11,067 P1379000 INFO Epoch 33/50, all_loss:0.54644 cls_loss:0.53241 rec_loss:1.00939 [41.86s]; best loss:0.50679, patience : 1
2026-09-17 19:34:34,757 P1379000 INFO pr:0.9087  rc:0.9583  auc:0.9991 ap:0.9901 f1: 0.9328 pred_right: 1059832 pred_wrong:36368 actu_right: 1061715 actu_wrong: 34485
2026-09-17 19:34:46,073 P1379000 INFO pr:0.9092  rc:0.9565  auc:0.9992 ap:0.9900 f1: 0.9322 pred_right: 454221 pred_wrong:15579 actu_right: 454992 actu_wrong: 14808
2026-09-17 19:34:46,074 P1379000 INFO ----------------------------------------------------------------------------------------------------
2026-09-17 19:34:46,074 P1379000 INFO 34/50 starting... lr: 0.001 para:0.02857142873108387
2026-09-17 19:35:22,228 P1379000 INFO Epoch 34/50, all_loss:0.52178 cls_loss:0.50736 rec_loss:1.01192 [36.15s]; best loss:0.50679, patience : 1
2026-09-17 19:35:46,521 P1379000 INFO pr:0.9179  rc:0.9566  auc:0.9992 ap:0.9910 f1: 0.9369 pred_right: 1060253 pred_wrong:35947 actu_right: 1061706 actu_wrong: 34494
2026-09-17 19:36:02,198 P1379000 INFO pr:0.9205  rc:0.9546  auc:0.9993 ap:0.9904 f1: 0.9372 pred_right: 454444 pred_wrong:15356 actu_right: 454992 actu_wrong: 14808
2026-09-17 19:36:02,202 P1379000 INFO ----------------------------------------------------------------------------------------------------
2026-09-17 19:36:02,203 P1379000 INFO 35/50 starting... lr: 0.001 para:0.02777777798473835
2026-09-17 19:36:36,210 P1379000 INFO Epoch 35/50, all_loss:0.51059 cls_loss:0.49570 rec_loss:1.03156 [34.01s]; best loss:0.50679, patience : 1
2026-09-17 19:37:01,054 P1379000 INFO pr:0.9310  rc:0.9478  auc:0.9990 ap:0.9918 f1: 0.9393 pred_right: 1061086 pred_wrong:35114 actu_right: 1061708 actu_wrong: 34492
2026-09-17 19:37:11,259 P1379000 INFO pr:0.9308  rc:0.9454  auc:0.9992 ap:0.9914 f1: 0.9380 pred_right: 454760 pred_wrong:15040 actu_right: 454992 actu_wrong: 14808
2026-09-17 19:37:11,265 P1379000 INFO ----------------------------------------------------------------------------------------------------
2026-09-17 19:37:11,266 P1379000 INFO 36/50 starting... lr: 0.001 para:0.027027027681469917
2026-09-17 19:37:53,635 P1379000 INFO Epoch 36/50, all_loss:0.51382 cls_loss:0.49926 rec_loss:1.03781 [42.37s]; best loss:0.50679, patience : 2
2026-09-17 19:38:18,406 P1379000 INFO pr:0.9083  rc:0.9722  auc:0.9994 ap:0.9910 f1: 0.9392 pred_right: 1059283 pred_wrong:36917 actu_right: 1061709 actu_wrong: 34491
2026-09-17 19:38:28,013 P1379000 INFO pr:0.9097  rc:0.9679  auc:0.9994 ap:0.9909 f1: 0.9379 pred_right: 454045 pred_wrong:15755 actu_right: 454992 actu_wrong: 14808
2026-09-17 19:38:28,014 P1379000 INFO ----------------------------------------------------------------------------------------------------
2026-09-17 19:38:28,014 P1379000 INFO 37/50 starting... lr: 0.001 para:0.02631578966975212
2026-09-17 19:39:02,230 P1379000 INFO Epoch 37/50, all_loss:0.48680 cls_loss:0.47126 rec_loss:1.06193 [34.21s]; best loss:0.48680, patience : 0
2026-09-17 19:39:22,814 P1379000 INFO pr:0.9326  rc:0.9421  auc:0.9990 ap:0.9911 f1: 0.9373 pred_right: 1061361 pred_wrong:34839 actu_right: 1061712 actu_wrong: 34488
2026-09-17 19:39:44,327 P1379000 INFO pr:0.9332  rc:0.9418  auc:0.9990 ap:0.9909 f1: 0.9375 pred_right: 454855 pred_wrong:14945 actu_right: 454992 actu_wrong: 14808
2026-09-17 19:39:44,329 P1379000 INFO ----------------------------------------------------------------------------------------------------
2026-09-17 19:39:44,329 P1379000 INFO 38/50 starting... lr: 0.001 para:0.025641025975346565
2026-09-17 19:40:16,885 P1379000 INFO Epoch 38/50, all_loss:0.49093 cls_loss:0.47608 rec_loss:1.05522 [32.56s]; best loss:0.48680, patience : 1
2026-09-17 19:40:44,608 P1379000 INFO pr:0.9077  rc:0.9727  auc:0.9994 ap:0.9920 f1: 0.9391 pred_right: 1059245 pred_wrong:36955 actu_right: 1061715 actu_wrong: 34485
2026-09-17 19:40:56,503 P1379000 INFO pr:0.9089  rc:0.9710  auc:0.9993 ap:0.9915 f1: 0.9389 pred_right: 453981 pred_wrong:15819 actu_right: 454992 actu_wrong: 14808
2026-09-17 19:40:56,504 P1379000 INFO ----------------------------------------------------------------------------------------------------
2026-09-17 19:40:56,504 P1379000 INFO 39/50 starting... lr: 0.001 para:0.02500000037252903
2026-09-17 19:41:37,728 P1379000 INFO Epoch 39/50, all_loss:0.49763 cls_loss:0.48355 rec_loss:1.04682 [41.22s]; best loss:0.48680, patience : 2
2026-09-17 19:42:04,897 P1379000 INFO pr:0.9060  rc:0.9753  auc:0.9993 ap:0.9914 f1: 0.9394 pred_right: 1059075 pred_wrong:37125 actu_right: 1061711 actu_wrong: 34489
2026-09-17 19:42:16,455 P1379000 INFO pr:0.9066  rc:0.9733  auc:0.9993 ap:0.9911 f1: 0.9388 pred_right: 453904 pred_wrong:15896 actu_right: 454992 actu_wrong: 14808
2026-09-17 19:42:16,460 P1379000 INFO ----------------------------------------------------------------------------------------------------
2026-09-17 19:42:16,460 P1379000 INFO 40/50 starting... lr: 0.001 para:0.024390242993831635
2026-09-17 19:42:49,364 P1379000 INFO Epoch 40/50, all_loss:0.53649 cls_loss:0.52277 rec_loss:1.08532 [32.90s]; best loss:0.48680, patience : 3
2026-09-17 19:43:11,194 P1379000 INFO pr:0.9384  rc:0.9391  auc:0.9995 ap:0.9924 f1: 0.9387 pred_right: 1061689 pred_wrong:34511 actu_right: 1061714 actu_wrong: 34486
2026-09-17 19:43:29,843 P1379000 INFO pr:0.9390  rc:0.9375  auc:0.9994 ap:0.9920 f1: 0.9382 pred_right: 455016 pred_wrong:14784 actu_right: 454992 actu_wrong: 14808
2026-09-17 19:43:29,844 P1379000 INFO ----------------------------------------------------------------------------------------------------
2026-09-17 19:43:29,844 P1379000 INFO 41/50 starting... lr: 0.001 para:0.02380952425301075
2026-09-17 19:44:03,691 P1379000 INFO Epoch 41/50, all_loss:0.47413 cls_loss:0.45939 rec_loss:1.07833 [33.84s]; best loss:0.47413, patience : 0
2026-09-17 19:44:29,760 P1379000 INFO pr:0.9331  rc:0.9468  auc:0.9993 ap:0.9920 f1: 0.9399 pred_right: 1061195 pred_wrong:35005 actu_right: 1061702 actu_wrong: 34498
2026-09-17 19:44:40,070 P1379000 INFO pr:0.9324  rc:0.9442  auc:0.9994 ap:0.9914 f1: 0.9382 pred_right: 454805 pred_wrong:14995 actu_right: 454992 actu_wrong: 14808
2026-09-17 19:44:40,077 P1379000 INFO ----------------------------------------------------------------------------------------------------
2026-09-17 19:44:40,077 P1379000 INFO 42/50 starting... lr: 0.001 para:0.023255813866853714
2026-09-17 19:45:14,438 P1379000 INFO Epoch 42/50, all_loss:0.47580 cls_loss:0.46101 rec_loss:1.09690 [34.35s]; best loss:0.47413, patience : 1
2026-09-17 19:45:49,952 P1379000 INFO pr:0.9241  rc:0.9659  auc:0.9995 ap:0.9931 f1: 0.9445 pred_right: 1060153 pred_wrong:36047 actu_right: 1061713 actu_wrong: 34487
2026-09-17 19:45:58,653 P1379000 INFO pr:0.9232  rc:0.9629  auc:0.9995 ap:0.9923 f1: 0.9426 pred_right: 454354 pred_wrong:15446 actu_right: 454992 actu_wrong: 14808
2026-09-17 19:45:58,658 P1379000 INFO ----------------------------------------------------------------------------------------------------
2026-09-17 19:45:58,658 P1379000 INFO 43/50 starting... lr: 0.001 para:0.022727273404598236
2026-09-17 19:46:33,739 P1379000 INFO Epoch 43/50, all_loss:0.46822 cls_loss:0.45364 rec_loss:1.09542 [35.07s]; best loss:0.46822, patience : 0
2026-09-17 19:46:58,595 P1379000 INFO pr:0.9252  rc:0.9702  auc:0.9993 ap:0.9926 f1: 0.9471 pred_right: 1060033 pred_wrong:36167 actu_right: 1061710 actu_wrong: 34490
2026-09-17 19:47:05,847 P1379000 INFO pr:0.9252  rc:0.9672  auc:0.9995 ap:0.9922 f1: 0.9458 pred_right: 454319 pred_wrong:15481 actu_right: 454992 actu_wrong: 14808
2026-09-17 19:47:05,851 P1379000 INFO ----------------------------------------------------------------------------------------------------
2026-09-17 19:47:05,851 P1379000 INFO 44/50 starting... lr: 0.001 para:0.02222222276031971
2026-09-17 19:47:52,613 P1379000 INFO Epoch 44/50, all_loss:0.45479 cls_loss:0.43990 rec_loss:1.11000 [46.75s]; best loss:0.45479, patience : 0
2026-09-17 19:48:18,120 P1379000 INFO pr:0.9183  rc:0.9689  auc:0.9994 ap:0.9925 f1: 0.9429 pred_right: 1059817 pred_wrong:36383 actu_right: 1061715 actu_wrong: 34485
2026-09-17 19:48:26,631 P1379000 INFO pr:0.9197  rc:0.9656  auc:0.9993 ap:0.9918 f1: 0.9421 pred_right: 454253 pred_wrong:15547 actu_right: 454992 actu_wrong: 14808
2026-09-17 19:48:26,633 P1379000 INFO ----------------------------------------------------------------------------------------------------
2026-09-17 19:48:26,633 P1379000 INFO 45/50 starting... lr: 0.001 para:0.021739130839705467
2026-09-17 19:49:00,884 P1379000 INFO Epoch 45/50, all_loss:0.46380 cls_loss:0.44922 rec_loss:1.12019 [34.25s]; best loss:0.45479, patience : 1
2026-09-17 19:49:35,937 P1379000 INFO pr:0.9402  rc:0.9441  auc:0.9993 ap:0.9922 f1: 0.9421 pred_right: 1061561 pred_wrong:34639 actu_right: 1061705 actu_wrong: 34495
2026-09-17 19:49:44,798 P1379000 INFO pr:0.9417  rc:0.9417  auc:0.9993 ap:0.9916 f1: 0.9417 pred_right: 454992 pred_wrong:14808 actu_right: 454992 actu_wrong: 14808
2026-09-17 19:49:44,799 P1379000 INFO ----------------------------------------------------------------------------------------------------
2026-09-17 19:49:44,799 P1379000 INFO 46/50 starting... lr: 0.001 para:0.021276595070958138
2026-09-17 19:50:23,233 P1379000 INFO Epoch 46/50, all_loss:0.45872 cls_loss:0.44418 rec_loss:1.12760 [38.43s]; best loss:0.45479, patience : 1
2026-09-17 19:50:49,128 P1379000 INFO pr:0.9310  rc:0.9595  auc:0.9995 ap:0.9923 f1: 0.9451 pred_right: 1060654 pred_wrong:35546 actu_right: 1061709 actu_wrong: 34491
2026-09-17 19:51:01,157 P1379000 INFO pr:0.9299  rc:0.9569  auc:0.9995 ap:0.9920 f1: 0.9432 pred_right: 454561 pred_wrong:15239 actu_right: 454992 actu_wrong: 14808
2026-09-17 19:51:01,159 P1379000 INFO ----------------------------------------------------------------------------------------------------
2026-09-17 19:51:01,159 P1379000 INFO 47/50 starting... lr: 0.001 para:0.02083333395421505
2026-09-17 19:51:49,609 P1379000 INFO Epoch 47/50, all_loss:0.44817 cls_loss:0.43350 rec_loss:1.13745 [48.44s]; best loss:0.44817, patience : 0
2026-09-17 19:52:03,106 P1379000 INFO pr:0.9339  rc:0.9598  auc:0.9995 ap:0.9934 f1: 0.9467 pred_right: 1060754 pred_wrong:35446 actu_right: 1061710 actu_wrong: 34490
2026-09-17 19:52:09,067 P1379000 INFO pr:0.9332  rc:0.9552  auc:0.9995 ap:0.9927 f1: 0.9441 pred_right: 454643 pred_wrong:15157 actu_right: 454992 actu_wrong: 14808
2026-09-17 19:52:09,068 P1379000 INFO ----------------------------------------------------------------------------------------------------
2026-09-17 19:52:09,068 P1379000 INFO 48/50 starting... lr: 0.001 para:0.020408162847161293
2026-09-17 19:52:44,327 P1379000 INFO Epoch 48/50, all_loss:0.42351 cls_loss:0.40849 rec_loss:1.14453 [35.25s]; best loss:0.42351, patience : 0
2026-09-17 19:53:00,098 P1379000 INFO pr:0.9291  rc:0.9625  auc:0.9994 ap:0.9930 f1: 0.9455 pred_right: 1060472 pred_wrong:35728 actu_right: 1061709 actu_wrong: 34491
2026-09-17 19:53:18,522 P1379000 INFO pr:0.9271  rc:0.9588  auc:0.9994 ap:0.9921 f1: 0.9427 pred_right: 454485 pred_wrong:15315 actu_right: 454992 actu_wrong: 14808
2026-09-17 19:53:18,524 P1379000 INFO ----------------------------------------------------------------------------------------------------
2026-09-17 19:53:18,524 P1379000 INFO 49/50 starting... lr: 0.001 para:0.019999999552965164
2026-09-17 19:53:51,394 P1379000 INFO Epoch 49/50, all_loss:0.43985 cls_loss:0.42540 rec_loss:1.14803 [32.87s]; best loss:0.42351, patience : 1
2026-09-17 19:54:13,065 P1379000 INFO pr:0.9503  rc:0.9172  auc:0.9995 ap:0.9933 f1: 0.9335 pred_right: 1062913 pred_wrong:33287 actu_right: 1061714 actu_wrong: 34486
2026-09-17 19:54:24,383 P1379000 INFO pr:0.9474  rc:0.9119  auc:0.9994 ap:0.9924 f1: 0.9293 pred_right: 455547 pred_wrong:14253 actu_right: 454992 actu_wrong: 14808
2026-09-17 19:54:24,384 P1379000 INFO saving model...
2026-09-17 19:54:24,384 P1379000 INFO FITS_Legendre - loss  best score:0.4235120415687561 at epoch 48
2026-09-17 19:54:24,391 P1379000 INFO FITS_Legendre - f1  best score:0.9471389954286199 at epoch 43
2026-09-17 19:54:24,397 P1379000 INFO Average training time per epoch: 41.77 seconds
2026-09-17 19:54:24,398 P1379000 INFO calculate scores...
2026-09-17 19:54:24,398 P1379000 INFO calculate label with loss...
2026-09-17 19:54:24,398 P1379000 INFO FITS_Legendre on ./result/server_only_exps/Ablations_updatedFreDF/FITS_Legendre-TT-Epochs50-Seed3-ExpNameRQ2z5_basis_degree_comparison-LPFLPF-Attnlinear_attn-NormLinTrue-RecLambda1.0-AuxiLambda0.2-lowshow-simplegraph-Degree3-BasisTypechebyshev loading...
2026-09-17 19:54:33,882 P1379000 INFO pr:0.9271  rc:0.9588  auc:0.9994 ap:0.9921 f1: 0.9427 pred_right: 454485 pred_wrong:15315 actu_right: 454992 actu_wrong: 14808
2026-09-17 19:54:47,412 P1379000 INFO pr:0.9271  rc:0.9588  auc:0.9994 ap:0.9921 f1: 0.9427 pred_right: 454485 pred_wrong:15315 actu_right: 454992 actu_wrong: 14808
2026-09-17 19:54:47,413 P1379000 INFO Performance Summary:
{'GPU': {'inference_time_per_sample_ms': 0.5048401509579507, 'throughput_samples_per_sec': 1980.825015804443, 'peak_memory_mb': 87.591796875, 'energy_per_sample_joules': 0.026692918141750684}, 'CPU': {'inference_time_per_sample_ms': 0.7396077315925046, 'throughput_samples_per_sec': 1352.0680724183687, 'peak_memory_mb': 6019.8671875, 'energy_per_sample_joules': 0.0480745025535128}}
2026-09-17 19:54:47,413 P1379000 INFO Starting clean-room hardware benchmarking...
2026-09-17 19:54:48,517 P1379000 INFO Performance with loss: pr:0.9271  rc:0.9588  auc:0.9994 ap:0.9921 f1: 0.9427 pred_right: 454485 pred_wrong:15315 actu_right: 454992 actu_wrong: 14808
2026-09-17 19:54:48,517 P1379000 INFO calculate label with f1...
2026-09-17 19:54:48,517 P1379000 INFO FITS_Legendre on ./result/server_only_exps/Ablations_updatedFreDF/FITS_Legendre-TT-Epochs50-Seed3-ExpNameRQ2z5_basis_degree_comparison-LPFLPF-Attnlinear_attn-NormLinTrue-RecLambda1.0-AuxiLambda0.2-lowshow-simplegraph-Degree3-BasisTypechebyshev loading...
2026-09-17 19:54:57,536 P1379000 INFO pr:0.9252  rc:0.9672  auc:0.9995 ap:0.9922 f1: 0.9458 pred_right: 454319 pred_wrong:15481 actu_right: 454992 actu_wrong: 14808
2026-09-17 19:55:24,037 P1379000 INFO pr:0.9252  rc:0.9672  auc:0.9995 ap:0.9922 f1: 0.9458 pred_right: 454319 pred_wrong:15481 actu_right: 454992 actu_wrong: 14808
2026-09-17 19:55:24,038 P1379000 INFO Performance Summary:
{'GPU': {'inference_time_per_sample_ms': 0.4450574277052239, 'throughput_samples_per_sec': 2246.901046357399, 'peak_memory_mb': 87.087890625, 'energy_per_sample_joules': 0.026732151866400423}, 'CPU': {'inference_time_per_sample_ms': 1.4800633820272067, 'throughput_samples_per_sec': 675.6467406350696, 'peak_memory_mb': 5766.59375, 'energy_per_sample_joules': 0.09620411983176844}}
2026-09-17 19:55:24,038 P1379000 INFO Starting clean-room hardware benchmarking...
2026-09-17 19:55:25,076 P1379000 INFO Performance with f1: pr:0.9252  rc:0.9672  auc:0.9995 ap:0.9922 f1: 0.9458 pred_right: 454319 pred_wrong:15481 actu_right: 454992 actu_wrong: 14808
