2026-07-22 09:06:21,111 P3187457 INFO ---- Model: ----MSTGAD-4d5f8636----random_seed : 3----req_loss_approach : Legendre-style----rec_lambda : 1.0----auxi_lambda : 0.2----Freq Domain : FITS_Legendre----Multi Fits : false----train : True----evaluate : False
2026-07-22 09:06:21,112 P3187457 INFO Load from /home/db2003/Desktop/Amr/Tests/Eadro/codes/chunks/TT
2026-07-22 09:06:37,157 P3187457 INFO Fewshot: training with 1.0 of the 70% of the data
2026-07-22 09:06:37,275 P3187457 INFO Trainable Parameters Breakdown:
2026-07-22 09:06:37,275 P3187457 INFO --------------------------------------------------------------------------------
2026-07-22 09:06:37,275 P3187457 INFO Reconstruction-Specific Parameters:
2026-07-22 09:06:37,275 P3187457 INFO node_emb.linear.weight                   | shape: (8, 7)                    | params: 56
2026-07-22 09:06:37,276 P3187457 INFO node_emb.linear.bias                     | shape: (8,)                      | params: 8
2026-07-22 09:06:37,276 P3187457 INFO log_emb.linear.weight                    | shape: (32, 60)                  | params: 1,920
2026-07-22 09:06:37,276 P3187457 INFO log_emb.linear.bias                      | shape: (32,)                     | params: 32
2026-07-22 09:06:37,276 P3187457 INFO egde_emb.linear.weight                   | shape: (8, 2)                    | params: 16
2026-07-22 09:06:37,276 P3187457 INFO egde_emb.linear.bias                     | shape: (8,)                      | params: 8
2026-07-22 09:06:37,276 P3187457 INFO dense_node.weight                        | shape: (7, 8)                    | params: 56
2026-07-22 09:06:37,276 P3187457 INFO dense_node.bias                          | shape: (7,)                      | params: 7
2026-07-22 09:06:37,276 P3187457 INFO dense_log.weight                         | shape: (60, 32)                  | params: 1,920
2026-07-22 09:06:37,276 P3187457 INFO dense_log.bias                           | shape: (60,)                     | params: 60
2026-07-22 09:06:37,276 P3187457 INFO dense_edge.weight                        | shape: (2, 8)                    | params: 16
2026-07-22 09:06:37,276 P3187457 INFO dense_edge.bias                          | shape: (2,)                      | params: 2
2026-07-22 09:06:37,276 P3187457 INFO linear_attn.Wq.weight                    | shape: (10, 10)                  | params: 100
2026-07-22 09:06:37,276 P3187457 INFO linear_attn.Wk.weight                    | shape: (10, 10)                  | params: 100
2026-07-22 09:06:37,277 P3187457 INFO linear_attn.Wv.weight                    | shape: (10, 10)                  | params: 100
2026-07-22 09:06:37,277 P3187457 INFO linear_attn.out.weight                   | shape: (10, 10)                  | params: 100
2026-07-22 09:06:37,277 P3187457 INFO linear_attn.out.bias                     | shape: (10,)                     | params: 10
2026-07-22 09:06:37,278 P3187457 INFO linear_attn.norm.weight                  | shape: (10,)                     | params: 10
2026-07-22 09:06:37,278 P3187457 INFO linear_attn.norm.bias                    | shape: (10,)                     | params: 10
2026-07-22 09:06:37,278 P3187457 INFO shared_fits.normlin_W                    | shape: (5, 5)                    | params: 25
2026-07-22 09:06:37,278 P3187457 INFO shared_fits.freq_upsampler.weight        | shape: (5, 5)                    | params: 25
2026-07-22 09:06:37,279 P3187457 INFO shared_fits.freq_upsampler.bias          | shape: (5,)                      | params: 5
2026-07-22 09:06:37,279 P3187457 INFO modality_proj.node.weight                | shape: (10, 8)                   | params: 80
2026-07-22 09:06:37,279 P3187457 INFO modality_proj.node.bias                  | shape: (10,)                     | params: 10
2026-07-22 09:06:37,279 P3187457 INFO modality_proj.log.weight                 | shape: (10, 32)                  | params: 320
2026-07-22 09:06:37,280 P3187457 INFO modality_proj.log.bias                   | shape: (10,)                     | params: 10
2026-07-22 09:06:37,280 P3187457 INFO modality_proj.edge.weight                | shape: (10, 8)                   | params: 80
2026-07-22 09:06:37,280 P3187457 INFO modality_proj.edge.bias                  | shape: (10,)                     | params: 10
2026-07-22 09:06:37,280 P3187457 INFO modality_proj_out.node.weight            | shape: (8, 10)                   | params: 80
2026-07-22 09:06:37,281 P3187457 INFO modality_proj_out.node.bias              | shape: (8,)                      | params: 8
2026-07-22 09:06:37,281 P3187457 INFO modality_proj_out.log.weight             | shape: (32, 10)                  | params: 320
2026-07-22 09:06:37,281 P3187457 INFO modality_proj_out.log.bias               | shape: (32,)                     | params: 32
2026-07-22 09:06:37,281 P3187457 INFO modality_proj_out.edge.weight            | shape: (8, 10)                   | params: 80
2026-07-22 09:06:37,282 P3187457 INFO modality_proj_out.edge.bias              | shape: (8,)                      | params: 8
2026-07-22 09:06:37,282 P3187457 INFO Subtotal: 5,624
2026-07-22 09:06:37,283 P3187457 INFO --------------------------------------------------------------------------------
2026-07-22 09:06:37,283 P3187457 INFO Common Parameters:
2026-07-22 09:06:37,283 P3187457 INFO show.0.weight                            | shape: (128, 69)                 | params: 8,832
2026-07-22 09:06:37,284 P3187457 INFO show.0.bias                              | shape: (128,)                    | params: 128
2026-07-22 09:06:37,284 P3187457 INFO show.2.weight                            | shape: (2, 128)                  | params: 256
2026-07-22 09:06:37,284 P3187457 INFO show.2.bias                              | shape: (2,)                      | params: 2
2026-07-22 09:06:37,284 P3187457 INFO Subtotal: 9,218
2026-07-22 09:06:37,285 P3187457 INFO --------------------------------------------------------------------------------
2026-07-22 09:06:37,285 P3187457 INFO Total Trainable Parameters: 14,842

2026-07-22 09:06:37,285 P3187457 INFO Trainable Parameters: 14842, reconstruction: 5624, common: 9218
2026-07-22 09:06:37,286 P3187457 INFO model : init weight
2026-07-22 09:06:37,287 P3187457 INFO Using GPU...
2026-07-22 09:06:37,294 P3187457 INFO optimizer : using AdaBelief
2026-07-22 09:06:37,294 P3187457 INFO ----------------------------------------------------------------------------------------------------
2026-07-22 09:06:37,294 P3187457 INFO 0/50 starting... lr: 0.001 para:1.0
2026-07-22 09:06:58,869 P3187457 INFO Epoch 0/50, all_loss:0.07885 cls_loss:27.08290 rec_loss:0.07885 [21.57s]; best loss:0.07885, patience : 0
2026-07-22 09:06:58,869 P3187457 INFO ----------------------------------------------------------------------------------------------------
2026-07-22 09:06:58,869 P3187457 INFO 1/50 starting... lr: 0.001 para:0.5
2026-07-22 09:07:19,126 P3187457 INFO Epoch 1/50, all_loss:2.31668 cls_loss:4.41006 rec_loss:0.22330 [20.25s]; best loss:2.31668, patience : 0
2026-07-22 09:07:19,126 P3187457 INFO ----------------------------------------------------------------------------------------------------
2026-07-22 09:07:19,126 P3187457 INFO 2/50 starting... lr: 0.001 para:0.3333333432674408
2026-07-22 09:07:39,474 P3187457 INFO Epoch 2/50, all_loss:1.61872 cls_loss:2.29345 rec_loss:0.26924 [20.34s]; best loss:1.61872, patience : 0
2026-07-22 09:07:50,449 P3187457 INFO pr:0.8750  rc:0.4760  auc:0.9876 ap:0.8951 f1: 0.6166 pred_right: 1077438 pred_wrong:18762 actu_right: 1061711 actu_wrong: 34489
2026-07-22 09:07:54,488 P3187457 INFO pr:0.8732  rc:0.4711  auc:0.9878 ap:0.8957 f1: 0.6120 pred_right: 461811 pred_wrong:7989 actu_right: 454992 actu_wrong: 14808
2026-07-22 09:07:54,492 P3187457 INFO ----------------------------------------------------------------------------------------------------
2026-07-22 09:07:54,492 P3187457 INFO 3/50 starting... lr: 0.001 para:0.25
2026-07-22 09:08:22,373 P3187457 INFO Epoch 3/50, all_loss:1.48635 cls_loss:1.88248 rec_loss:0.29798 [27.88s]; best loss:1.48635, patience : 0
2026-07-22 09:08:32,946 P3187457 INFO pr:0.8665  rc:0.5891  auc:0.9916 ap:0.9204 f1: 0.7014 pred_right: 1072747 pred_wrong:23453 actu_right: 1061706 actu_wrong: 34494
2026-07-22 09:08:37,222 P3187457 INFO pr:0.8714  rc:0.5887  auc:0.9916 ap:0.9209 f1: 0.7027 pred_right: 459795 pred_wrong:10005 actu_right: 454992 actu_wrong: 14808
2026-07-22 09:08:37,226 P3187457 INFO ----------------------------------------------------------------------------------------------------
2026-07-22 09:08:37,226 P3187457 INFO 4/50 starting... lr: 0.001 para:0.20000000298023224
2026-07-22 09:08:57,575 P3187457 INFO Epoch 4/50, all_loss:1.42227 cls_loss:1.69471 rec_loss:0.33254 [20.35s]; best loss:1.42227, patience : 0
2026-07-22 09:09:08,478 P3187457 INFO pr:0.8372  rc:0.6465  auc:0.9922 ap:0.9278 f1: 0.7296 pred_right: 1069566 pred_wrong:26634 actu_right: 1061709 actu_wrong: 34491
2026-07-22 09:09:13,090 P3187457 INFO pr:0.8409  rc:0.6449  auc:0.9924 ap:0.9278 f1: 0.7300 pred_right: 458443 pred_wrong:11357 actu_right: 454992 actu_wrong: 14808
2026-07-22 09:09:13,095 P3187457 INFO ----------------------------------------------------------------------------------------------------
2026-07-22 09:09:13,095 P3187457 INFO 5/50 starting... lr: 0.001 para:0.1666666716337204
2026-07-22 09:09:35,256 P3187457 INFO Epoch 5/50, all_loss:1.37205 cls_loss:1.57049 rec_loss:0.37988 [22.16s]; best loss:1.37205, patience : 0
2026-07-22 09:09:51,109 P3187457 INFO pr:0.7939  rc:0.7903  auc:0.9946 ap:0.9452 f1: 0.7921 pred_right: 1061871 pred_wrong:34329 actu_right: 1061713 actu_wrong: 34487
2026-07-22 09:09:55,571 P3187457 INFO pr:0.7988  rc:0.7883  auc:0.9948 ap:0.9466 f1: 0.7935 pred_right: 455187 pred_wrong:14613 actu_right: 454992 actu_wrong: 14808
2026-07-22 09:09:55,575 P3187457 INFO ----------------------------------------------------------------------------------------------------
2026-07-22 09:09:55,575 P3187457 INFO 6/50 starting... lr: 0.001 para:0.1428571492433548
2026-07-22 09:10:16,147 P3187457 INFO Epoch 6/50, all_loss:1.25687 cls_loss:1.39134 rec_loss:0.45005 [20.57s]; best loss:1.25687, patience : 0
2026-07-22 09:10:26,865 P3187457 INFO pr:0.8768  rc:0.7362  auc:0.9959 ap:0.9569 f1: 0.8004 pred_right: 1067240 pred_wrong:28960 actu_right: 1061711 actu_wrong: 34489
2026-07-22 09:10:31,335 P3187457 INFO pr:0.8806  rc:0.7336  auc:0.9962 ap:0.9576 f1: 0.8004 pred_right: 457464 pred_wrong:12336 actu_right: 454992 actu_wrong: 14808
2026-07-22 09:10:31,340 P3187457 INFO ----------------------------------------------------------------------------------------------------
2026-07-22 09:10:31,340 P3187457 INFO 7/50 starting... lr: 0.001 para:0.125
2026-07-22 09:10:52,909 P3187457 INFO Epoch 7/50, all_loss:1.09626 cls_loss:1.17016 rec_loss:0.57893 [21.57s]; best loss:1.09626, patience : 0
2026-07-22 09:11:02,041 P3187457 INFO pr:0.8931  rc:0.7815  auc:0.9973 ap:0.9684 f1: 0.8336 pred_right: 1066019 pred_wrong:30181 actu_right: 1061710 actu_wrong: 34490
2026-07-22 09:11:07,066 P3187457 INFO pr:0.8974  rc:0.7776  auc:0.9972 ap:0.9692 f1: 0.8332 pred_right: 456969 pred_wrong:12831 actu_right: 454992 actu_wrong: 14808
2026-07-22 09:11:07,075 P3187457 INFO ----------------------------------------------------------------------------------------------------
2026-07-22 09:11:07,075 P3187457 INFO 8/50 starting... lr: 0.001 para:0.1111111119389534
2026-07-22 09:11:33,851 P3187457 INFO Epoch 8/50, all_loss:0.95364 cls_loss:0.98536 rec_loss:0.69996 [26.77s]; best loss:0.95364, patience : 0
2026-07-22 09:11:44,441 P3187457 INFO pr:0.8906  rc:0.8651  auc:0.9982 ap:0.9766 f1: 0.8777 pred_right: 1062697 pred_wrong:33503 actu_right: 1061710 actu_wrong: 34490
2026-07-22 09:11:48,874 P3187457 INFO pr:0.8947  rc:0.8621  auc:0.9982 ap:0.9765 f1: 0.8781 pred_right: 455531 pred_wrong:14269 actu_right: 454992 actu_wrong: 14808
2026-07-22 09:11:48,878 P3187457 INFO ----------------------------------------------------------------------------------------------------
2026-07-22 09:11:48,878 P3187457 INFO 9/50 starting... lr: 0.001 para:0.10000000149011612
2026-07-22 09:12:09,153 P3187457 INFO Epoch 9/50, all_loss:0.86661 cls_loss:0.87754 rec_loss:0.76823 [20.27s]; best loss:0.86661, patience : 0
2026-07-22 09:12:19,866 P3187457 INFO pr:0.8886  rc:0.9034  auc:0.9981 ap:0.9793 f1: 0.8960 pred_right: 1061128 pred_wrong:35072 actu_right: 1061703 actu_wrong: 34497
2026-07-22 09:12:24,496 P3187457 INFO pr:0.8939  rc:0.9005  auc:0.9982 ap:0.9791 f1: 0.8972 pred_right: 454884 pred_wrong:14916 actu_right: 454992 actu_wrong: 14808
2026-07-22 09:12:24,500 P3187457 INFO ----------------------------------------------------------------------------------------------------
2026-07-22 09:12:24,500 P3187457 INFO 10/50 starting... lr: 0.001 para:0.09090909361839294
2026-07-22 09:12:52,084 P3187457 INFO Epoch 10/50, all_loss:0.79254 cls_loss:0.79263 rec_loss:0.79173 [27.58s]; best loss:0.79254, patience : 0
2026-07-22 09:13:03,472 P3187457 INFO pr:0.9264  rc:0.8088  auc:0.9983 ap:0.9807 f1: 0.8636 pred_right: 1066083 pred_wrong:30117 actu_right: 1061704 actu_wrong: 34496
2026-07-22 09:13:07,985 P3187457 INFO pr:0.9286  rc:0.8001  auc:0.9984 ap:0.9806 f1: 0.8596 pred_right: 457041 pred_wrong:12759 actu_right: 454992 actu_wrong: 14808
2026-07-22 09:13:07,985 P3187457 INFO ----------------------------------------------------------------------------------------------------
2026-07-22 09:13:07,986 P3187457 INFO 11/50 starting... lr: 0.001 para:0.0833333358168602
2026-07-22 09:13:28,538 P3187457 INFO Epoch 11/50, all_loss:0.75647 cls_loss:0.75247 rec_loss:0.80047 [20.55s]; best loss:0.75647, patience : 0
2026-07-22 09:13:39,324 P3187457 INFO pr:0.9025  rc:0.9107  auc:0.9986 ap:0.9831 f1: 0.9066 pred_right: 1061401 pred_wrong:34799 actu_right: 1061713 actu_wrong: 34487
2026-07-22 09:13:43,608 P3187457 INFO pr:0.9070  rc:0.9092  auc:0.9986 ap:0.9832 f1: 0.9081 pred_right: 454957 pred_wrong:14843 actu_right: 454992 actu_wrong: 14808
2026-07-22 09:13:43,612 P3187457 INFO ----------------------------------------------------------------------------------------------------
2026-07-22 09:13:43,616 P3187457 INFO 12/50 starting... lr: 0.001 para:0.07692307978868484
2026-07-22 09:14:04,287 P3187457 INFO Epoch 12/50, all_loss:0.71965 cls_loss:0.71161 rec_loss:0.81613 [20.67s]; best loss:0.71965, patience : 0
2026-07-22 09:14:13,601 P3187457 INFO pr:0.8863  rc:0.9439  auc:0.9989 ap:0.9829 f1: 0.9142 pred_right: 1059470 pred_wrong:36730 actu_right: 1061711 actu_wrong: 34489
2026-07-22 09:14:22,705 P3187457 INFO pr:0.8871  rc:0.9385  auc:0.9988 ap:0.9820 f1: 0.9121 pred_right: 454134 pred_wrong:15666 actu_right: 454992 actu_wrong: 14808
2026-07-22 09:14:22,714 P3187457 INFO ----------------------------------------------------------------------------------------------------
2026-07-22 09:14:22,715 P3187457 INFO 13/50 starting... lr: 0.001 para:0.0714285746216774
2026-07-22 09:14:46,481 P3187457 INFO Epoch 13/50, all_loss:0.70778 cls_loss:0.69916 rec_loss:0.81985 [23.76s]; best loss:0.70778, patience : 0
2026-07-22 09:14:56,750 P3187457 INFO pr:0.9327  rc:0.8514  auc:0.9989 ap:0.9860 f1: 0.8902 pred_right: 1064721 pred_wrong:31479 actu_right: 1061716 actu_wrong: 34484
2026-07-22 09:15:01,035 P3187457 INFO pr:0.9359  rc:0.8449  auc:0.9988 ap:0.9859 f1: 0.8881 pred_right: 456431 pred_wrong:13369 actu_right: 454992 actu_wrong: 14808
2026-07-22 09:15:01,036 P3187457 INFO ----------------------------------------------------------------------------------------------------
2026-07-22 09:15:01,036 P3187457 INFO 14/50 starting... lr: 0.001 para:0.06666667014360428
2026-07-22 09:15:21,680 P3187457 INFO Epoch 14/50, all_loss:0.68682 cls_loss:0.67676 rec_loss:0.82761 [20.64s]; best loss:0.68682, patience : 0
2026-07-22 09:15:32,667 P3187457 INFO pr:0.8846  rc:0.9548  auc:0.9991 ap:0.9853 f1: 0.9184 pred_right: 1058974 pred_wrong:37226 actu_right: 1061711 actu_wrong: 34489
2026-07-22 09:15:38,302 P3187457 INFO pr:0.8876  rc:0.9515  auc:0.9990 ap:0.9847 f1: 0.9185 pred_right: 453926 pred_wrong:15874 actu_right: 454992 actu_wrong: 14808
2026-07-22 09:15:38,305 P3187457 INFO ----------------------------------------------------------------------------------------------------
2026-07-22 09:15:38,306 P3187457 INFO 15/50 starting... lr: 0.001 para:0.0625
2026-07-22 09:16:04,389 P3187457 INFO Epoch 15/50, all_loss:0.65599 cls_loss:0.64302 rec_loss:0.85063 [26.08s]; best loss:0.65599, patience : 0
2026-07-22 09:16:15,444 P3187457 INFO pr:0.8938  rc:0.9530  auc:0.9989 ap:0.9869 f1: 0.9225 pred_right: 1059429 pred_wrong:36771 actu_right: 1061713 actu_wrong: 34487
2026-07-22 09:16:19,876 P3187457 INFO pr:0.8967  rc:0.9475  auc:0.9989 ap:0.9866 f1: 0.9214 pred_right: 454153 pred_wrong:15647 actu_right: 454992 actu_wrong: 14808
2026-07-22 09:16:19,880 P3187457 INFO ----------------------------------------------------------------------------------------------------
2026-07-22 09:16:19,880 P3187457 INFO 16/50 starting... lr: 0.001 para:0.05882352963089943
2026-07-22 09:16:40,792 P3187457 INFO Epoch 16/50, all_loss:0.61904 cls_loss:0.60376 rec_loss:0.86354 [20.91s]; best loss:0.61904, patience : 0
2026-07-22 09:16:51,596 P3187457 INFO pr:0.9132  rc:0.9292  auc:0.9991 ap:0.9881 f1: 0.9211 pred_right: 1061105 pred_wrong:35095 actu_right: 1061709 actu_wrong: 34491
2026-07-22 09:16:55,940 P3187457 INFO pr:0.9109  rc:0.9227  auc:0.9991 ap:0.9876 f1: 0.9168 pred_right: 454801 pred_wrong:14999 actu_right: 454992 actu_wrong: 14808
2026-07-22 09:16:55,941 P3187457 INFO ----------------------------------------------------------------------------------------------------
2026-07-22 09:16:55,942 P3187457 INFO 17/50 starting... lr: 0.001 para:0.0555555559694767
2026-07-22 09:17:16,777 P3187457 INFO Epoch 17/50, all_loss:0.61874 cls_loss:0.60394 rec_loss:0.87044 [20.83s]; best loss:0.61874, patience : 0
2026-07-22 09:17:28,982 P3187457 INFO pr:0.8994  rc:0.9563  auc:0.9992 ap:0.9881 f1: 0.9269 pred_right: 1059533 pred_wrong:36667 actu_right: 1061715 actu_wrong: 34485
2026-07-22 09:17:38,157 P3187457 INFO pr:0.9010  rc:0.9533  auc:0.9991 ap:0.9874 f1: 0.9264 pred_right: 454132 pred_wrong:15668 actu_right: 454992 actu_wrong: 14808
2026-07-22 09:17:38,161 P3187457 INFO ----------------------------------------------------------------------------------------------------
2026-07-22 09:17:38,161 P3187457 INFO 18/50 starting... lr: 0.001 para:0.05263157933950424
2026-07-22 09:17:59,028 P3187457 INFO Epoch 18/50, all_loss:0.60416 cls_loss:0.58847 rec_loss:0.88667 [20.86s]; best loss:0.60416, patience : 0
2026-07-22 09:18:09,873 P3187457 INFO pr:0.9015  rc:0.9621  auc:0.9992 ap:0.9881 f1: 0.9308 pred_right: 1059396 pred_wrong:36804 actu_right: 1061713 actu_wrong: 34487
2026-07-22 09:18:14,567 P3187457 INFO pr:0.9009  rc:0.9564  auc:0.9991 ap:0.9872 f1: 0.9278 pred_right: 454080 pred_wrong:15720 actu_right: 454992 actu_wrong: 14808
2026-07-22 09:18:14,571 P3187457 INFO ----------------------------------------------------------------------------------------------------
2026-07-22 09:18:14,571 P3187457 INFO 19/50 starting... lr: 0.001 para:0.05000000074505806
2026-07-22 09:18:35,421 P3187457 INFO Epoch 19/50, all_loss:0.57708 cls_loss:0.56008 rec_loss:0.90021 [20.85s]; best loss:0.57708, patience : 0
2026-07-22 09:18:47,699 P3187457 INFO pr:0.9188  rc:0.9482  auc:0.9992 ap:0.9899 f1: 0.9332 pred_right: 1060606 pred_wrong:35594 actu_right: 1061712 actu_wrong: 34488
2026-07-22 09:18:51,410 P3187457 INFO pr:0.9188  rc:0.9431  auc:0.9992 ap:0.9893 f1: 0.9308 pred_right: 454601 pred_wrong:15199 actu_right: 454992 actu_wrong: 14808
2026-07-22 09:18:51,413 P3187457 INFO ----------------------------------------------------------------------------------------------------
2026-07-22 09:18:51,413 P3187457 INFO 20/50 starting... lr: 0.001 para:0.0476190485060215
2026-07-22 09:19:18,985 P3187457 INFO Epoch 20/50, all_loss:0.56315 cls_loss:0.54434 rec_loss:0.93933 [27.57s]; best loss:0.56315, patience : 0
2026-07-22 09:19:29,513 P3187457 INFO pr:0.9076  rc:0.9549  auc:0.9993 ap:0.9905 f1: 0.9307 pred_right: 1059915 pred_wrong:36285 actu_right: 1061713 actu_wrong: 34487
2026-07-22 09:19:33,931 P3187457 INFO pr:0.9047  rc:0.9501  auc:0.9993 ap:0.9895 f1: 0.9268 pred_right: 454249 pred_wrong:15551 actu_right: 454992 actu_wrong: 14808
2026-07-22 09:19:33,932 P3187457 INFO ----------------------------------------------------------------------------------------------------
2026-07-22 09:19:33,932 P3187457 INFO 21/50 starting... lr: 0.001 para:0.04545454680919647
2026-07-22 09:19:54,211 P3187457 INFO Epoch 21/50, all_loss:0.55914 cls_loss:0.54149 rec_loss:0.92979 [20.27s]; best loss:0.55914, patience : 0
2026-07-22 09:20:04,584 P3187457 INFO pr:0.9243  rc:0.9420  auc:0.9993 ap:0.9897 f1: 0.9331 pred_right: 1061049 pred_wrong:35151 actu_right: 1061710 actu_wrong: 34490
2026-07-22 09:20:09,172 P3187457 INFO pr:0.9255  rc:0.9391  auc:0.9992 ap:0.9892 f1: 0.9323 pred_right: 454775 pred_wrong:15025 actu_right: 454992 actu_wrong: 14808
2026-07-22 09:20:09,173 P3187457 INFO ----------------------------------------------------------------------------------------------------
2026-07-22 09:20:09,180 P3187457 INFO 22/50 starting... lr: 0.001 para:0.043478261679410934
2026-07-22 09:20:29,319 P3187457 INFO Epoch 22/50, all_loss:0.52935 cls_loss:0.50983 rec_loss:0.95882 [20.14s]; best loss:0.52935, patience : 0
2026-07-22 09:20:47,870 P3187457 INFO pr:0.9137  rc:0.9621  auc:0.9990 ap:0.9904 f1: 0.9373 pred_right: 1059888 pred_wrong:36312 actu_right: 1061712 actu_wrong: 34488
2026-07-22 09:20:52,512 P3187457 INFO pr:0.9145  rc:0.9567  auc:0.9991 ap:0.9898 f1: 0.9351 pred_right: 454308 pred_wrong:15492 actu_right: 454992 actu_wrong: 14808
2026-07-22 09:20:52,516 P3187457 INFO ----------------------------------------------------------------------------------------------------
2026-07-22 09:20:52,517 P3187457 INFO 23/50 starting... lr: 0.001 para:0.0416666679084301
2026-07-22 09:21:12,798 P3187457 INFO Epoch 23/50, all_loss:0.52600 cls_loss:0.50695 rec_loss:0.96418 [20.28s]; best loss:0.52600, patience : 0
2026-07-22 09:21:23,530 P3187457 INFO pr:0.9312  rc:0.9359  auc:0.9994 ap:0.9909 f1: 0.9336 pred_right: 1061537 pred_wrong:34663 actu_right: 1061711 actu_wrong: 34489
2026-07-22 09:21:27,998 P3187457 INFO pr:0.9275  rc:0.9280  auc:0.9994 ap:0.9897 f1: 0.9278 pred_right: 454984 pred_wrong:14816 actu_right: 454992 actu_wrong: 14808
2026-07-22 09:21:27,999 P3187457 INFO ----------------------------------------------------------------------------------------------------
2026-07-22 09:21:27,999 P3187457 INFO 24/50 starting... lr: 0.001 para:0.03999999910593033
2026-07-22 09:21:49,050 P3187457 INFO Epoch 24/50, all_loss:0.49512 cls_loss:0.47447 rec_loss:0.99072 [21.05s]; best loss:0.49512, patience : 0
2026-07-22 09:21:59,800 P3187457 INFO pr:0.9140  rc:0.9650  auc:0.9994 ap:0.9914 f1: 0.9388 pred_right: 1059782 pred_wrong:36418 actu_right: 1061708 actu_wrong: 34492
2026-07-22 09:22:03,922 P3187457 INFO pr:0.9129  rc:0.9601  auc:0.9993 ap:0.9905 f1: 0.9359 pred_right: 454226 pred_wrong:15574 actu_right: 454992 actu_wrong: 14808
2026-07-22 09:22:03,926 P3187457 INFO ----------------------------------------------------------------------------------------------------
2026-07-22 09:22:03,926 P3187457 INFO 25/50 starting... lr: 0.001 para:0.03846153989434242
2026-07-22 09:22:32,159 P3187457 INFO Epoch 25/50, all_loss:0.49507 cls_loss:0.47483 rec_loss:1.00099 [28.23s]; best loss:0.49507, patience : 0
2026-07-22 09:22:43,105 P3187457 INFO pr:0.9209  rc:0.9669  auc:0.9994 ap:0.9918 f1: 0.9434 pred_right: 1059992 pred_wrong:36208 actu_right: 1061714 actu_wrong: 34486
2026-07-22 09:22:47,525 P3187457 INFO pr:0.9202  rc:0.9621  auc:0.9994 ap:0.9905 f1: 0.9407 pred_right: 454317 pred_wrong:15483 actu_right: 454992 actu_wrong: 14808
2026-07-22 09:22:47,529 P3187457 INFO ----------------------------------------------------------------------------------------------------
2026-07-22 09:22:47,530 P3187457 INFO 26/50 starting... lr: 0.001 para:0.03703703731298447
2026-07-22 09:23:08,376 P3187457 INFO Epoch 26/50, all_loss:0.47288 cls_loss:0.45204 rec_loss:1.01467 [20.84s]; best loss:0.47288, patience : 0
2026-07-22 09:23:19,354 P3187457 INFO pr:0.9346  rc:0.9420  auc:0.9994 ap:0.9920 f1: 0.9383 pred_right: 1061443 pred_wrong:34757 actu_right: 1061715 actu_wrong: 34485
2026-07-22 09:23:24,044 P3187457 INFO pr:0.9326  rc:0.9348  auc:0.9994 ap:0.9907 f1: 0.9337 pred_right: 454956 pred_wrong:14844 actu_right: 454992 actu_wrong: 14808
2026-07-22 09:23:24,045 P3187457 INFO ----------------------------------------------------------------------------------------------------
2026-07-22 09:23:24,046 P3187457 INFO 27/50 starting... lr: 0.001 para:0.0357142873108387
2026-07-22 09:23:46,995 P3187457 INFO Epoch 27/50, all_loss:0.45826 cls_loss:0.43682 rec_loss:1.03726 [22.94s]; best loss:0.45826, patience : 0
2026-07-22 09:24:03,193 P3187457 INFO pr:0.9349  rc:0.9555  auc:0.9995 ap:0.9926 f1: 0.9451 pred_right: 1060954 pred_wrong:35246 actu_right: 1061714 actu_wrong: 34486
2026-07-22 09:24:07,550 P3187457 INFO pr:0.9316  rc:0.9474  auc:0.9995 ap:0.9916 f1: 0.9394 pred_right: 454741 pred_wrong:15059 actu_right: 454992 actu_wrong: 14808
2026-07-22 09:24:07,554 P3187457 INFO ----------------------------------------------------------------------------------------------------
2026-07-22 09:24:07,554 P3187457 INFO 28/50 starting... lr: 0.001 para:0.03448275849223137
2026-07-22 09:24:28,090 P3187457 INFO Epoch 28/50, all_loss:0.45654 cls_loss:0.43584 rec_loss:1.03613 [20.53s]; best loss:0.45654, patience : 0
2026-07-22 09:24:38,502 P3187457 INFO pr:0.9360  rc:0.9583  auc:0.9994 ap:0.9937 f1: 0.9470 pred_right: 1060890 pred_wrong:35310 actu_right: 1061711 actu_wrong: 34489
2026-07-22 09:24:43,132 P3187457 INFO pr:0.9328  rc:0.9498  auc:0.9994 ap:0.9924 f1: 0.9412 pred_right: 454722 pred_wrong:15078 actu_right: 454992 actu_wrong: 14808
2026-07-22 09:24:43,137 P3187457 INFO ----------------------------------------------------------------------------------------------------
2026-07-22 09:24:43,137 P3187457 INFO 29/50 starting... lr: 0.001 para:0.03333333507180214
2026-07-22 09:25:04,453 P3187457 INFO Epoch 29/50, all_loss:0.43297 cls_loss:0.41101 rec_loss:1.06977 [21.31s]; best loss:0.43297, patience : 0
2026-07-22 09:25:13,922 P3187457 INFO pr:0.9325  rc:0.9652  auc:0.9994 ap:0.9937 f1: 0.9485 pred_right: 1060504 pred_wrong:35696 actu_right: 1061713 actu_wrong: 34487
2026-07-22 09:25:21,965 P3187457 INFO pr:0.9307  rc:0.9600  auc:0.9994 ap:0.9924 f1: 0.9451 pred_right: 454526 pred_wrong:15274 actu_right: 454992 actu_wrong: 14808
2026-07-22 09:25:21,974 P3187457 INFO ----------------------------------------------------------------------------------------------------
2026-07-22 09:25:21,974 P3187457 INFO 30/50 starting... lr: 0.001 para:0.032258063554763794
2026-07-22 09:25:47,257 P3187457 INFO Epoch 30/50, all_loss:0.42605 cls_loss:0.40428 rec_loss:1.07918 [25.28s]; best loss:0.42605, patience : 0
2026-07-22 09:25:57,600 P3187457 INFO pr:0.9365  rc:0.9628  auc:0.9995 ap:0.9932 f1: 0.9495 pred_right: 1060740 pred_wrong:35460 actu_right: 1061707 actu_wrong: 34493
2026-07-22 09:26:01,847 P3187457 INFO pr:0.9341  rc:0.9550  auc:0.9994 ap:0.9923 f1: 0.9444 pred_right: 454661 pred_wrong:15139 actu_right: 454992 actu_wrong: 14808
2026-07-22 09:26:01,851 P3187457 INFO ----------------------------------------------------------------------------------------------------
2026-07-22 09:26:01,852 P3187457 INFO 31/50 starting... lr: 0.001 para:0.03125
2026-07-22 09:26:22,336 P3187457 INFO Epoch 31/50, all_loss:0.43176 cls_loss:0.41051 rec_loss:1.09022 [20.48s]; best loss:0.42605, patience : 1
2026-07-22 09:26:32,954 P3187457 INFO pr:0.9135  rc:0.9808  auc:0.9996 ap:0.9937 f1: 0.9459 pred_right: 1059166 pred_wrong:37034 actu_right: 1061705 actu_wrong: 34495
2026-07-22 09:26:39,297 P3187457 INFO pr:0.9127  rc:0.9785  auc:0.9995 ap:0.9927 f1: 0.9445 pred_right: 453924 pred_wrong:15876 actu_right: 454992 actu_wrong: 14808
2026-07-22 09:26:39,298 P3187457 INFO ----------------------------------------------------------------------------------------------------
2026-07-22 09:26:39,298 P3187457 INFO 32/50 starting... lr: 0.001 para:0.03030303120613098
2026-07-22 09:27:04,793 P3187457 INFO Epoch 32/50, all_loss:0.40586 cls_loss:0.38469 rec_loss:1.08315 [25.49s]; best loss:0.40586, patience : 0
2026-07-22 09:27:15,851 P3187457 INFO pr:0.9433  rc:0.9594  auc:0.9996 ap:0.9940 f1: 0.9513 pred_right: 1061121 pred_wrong:35079 actu_right: 1061710 actu_wrong: 34490
2026-07-22 09:27:20,383 P3187457 INFO pr:0.9384  rc:0.9514  auc:0.9995 ap:0.9930 f1: 0.9449 pred_right: 454788 pred_wrong:15012 actu_right: 454992 actu_wrong: 14808
2026-07-22 09:27:20,388 P3187457 INFO ----------------------------------------------------------------------------------------------------
2026-07-22 09:27:20,388 P3187457 INFO 33/50 starting... lr: 0.001 para:0.029411764815449715
2026-07-22 09:27:41,034 P3187457 INFO Epoch 33/50, all_loss:0.44535 cls_loss:0.42507 rec_loss:1.11477 [20.65s]; best loss:0.40586, patience : 1
2026-07-22 09:27:51,885 P3187457 INFO pr:0.9533  rc:0.9407  auc:0.9995 ap:0.9936 f1: 0.9469 pred_right: 1062172 pred_wrong:34028 actu_right: 1061715 actu_wrong: 34485
2026-07-22 09:27:56,297 P3187457 INFO pr:0.9495  rc:0.9320  auc:0.9995 ap:0.9932 f1: 0.9407 pred_right: 455265 pred_wrong:14535 actu_right: 454992 actu_wrong: 14808
2026-07-22 09:27:56,298 P3187457 INFO ----------------------------------------------------------------------------------------------------
2026-07-22 09:27:56,298 P3187457 INFO 34/50 starting... lr: 0.001 para:0.02857142873108387
2026-07-22 09:28:16,634 P3187457 INFO Epoch 34/50, all_loss:0.40361 cls_loss:0.38282 rec_loss:1.11044 [20.33s]; best loss:0.40361, patience : 0
2026-07-22 09:28:29,209 P3187457 INFO pr:0.9543  rc:0.9486  auc:0.9997 ap:0.9952 f1: 0.9514 pred_right: 1061918 pred_wrong:34282 actu_right: 1061714 actu_wrong: 34486
2026-07-22 09:28:38,357 P3187457 INFO pr:0.9528  rc:0.9412  auc:0.9997 ap:0.9944 f1: 0.9470 pred_right: 455172 pred_wrong:14628 actu_right: 454992 actu_wrong: 14808
2026-07-22 09:28:38,362 P3187457 INFO ----------------------------------------------------------------------------------------------------
2026-07-22 09:28:38,362 P3187457 INFO 35/50 starting... lr: 0.001 para:0.02777777798473835
2026-07-22 09:28:59,632 P3187457 INFO Epoch 35/50, all_loss:0.38697 cls_loss:0.36644 rec_loss:1.10566 [21.27s]; best loss:0.38697, patience : 0
2026-07-22 09:29:10,093 P3187457 INFO pr:0.9506  rc:0.9505  auc:0.9996 ap:0.9946 f1: 0.9505 pred_right: 1061712 pred_wrong:34488 actu_right: 1061710 actu_wrong: 34490
2026-07-22 09:29:14,496 P3187457 INFO pr:0.9469  rc:0.9430  auc:0.9995 ap:0.9939 f1: 0.9450 pred_right: 455053 pred_wrong:14747 actu_right: 454992 actu_wrong: 14808
2026-07-22 09:29:14,497 P3187457 INFO ----------------------------------------------------------------------------------------------------
2026-07-22 09:29:14,497 P3187457 INFO 36/50 starting... lr: 0.001 para:0.027027027681469917
2026-07-22 09:29:35,282 P3187457 INFO Epoch 36/50, all_loss:0.40438 cls_loss:0.38436 rec_loss:1.12491 [20.78s]; best loss:0.38697, patience : 1
2026-07-22 09:29:47,740 P3187457 INFO pr:0.9485  rc:0.9605  auc:0.9996 ap:0.9945 f1: 0.9544 pred_right: 1061275 pred_wrong:34925 actu_right: 1061713 actu_wrong: 34487
2026-07-22 09:29:51,202 P3187457 INFO pr:0.9454  rc:0.9525  auc:0.9995 ap:0.9933 f1: 0.9489 pred_right: 454882 pred_wrong:14918 actu_right: 454992 actu_wrong: 14808
2026-07-22 09:29:51,205 P3187457 INFO ----------------------------------------------------------------------------------------------------
2026-07-22 09:29:51,206 P3187457 INFO 37/50 starting... lr: 0.001 para:0.02631578966975212
2026-07-22 09:30:18,242 P3187457 INFO Epoch 37/50, all_loss:0.39506 cls_loss:0.37457 rec_loss:1.15339 [27.04s]; best loss:0.38697, patience : 1
2026-07-22 09:30:28,646 P3187457 INFO pr:0.9286  rc:0.9796  auc:0.9996 ap:0.9950 f1: 0.9535 pred_right: 1059817 pred_wrong:36383 actu_right: 1061711 actu_wrong: 34489
2026-07-22 09:30:33,249 P3187457 INFO pr:0.9267  rc:0.9760  auc:0.9996 ap:0.9939 f1: 0.9507 pred_right: 454203 pred_wrong:15597 actu_right: 454992 actu_wrong: 14808
2026-07-22 09:30:33,250 P3187457 INFO ----------------------------------------------------------------------------------------------------
2026-07-22 09:30:33,250 P3187457 INFO 38/50 starting... lr: 0.001 para:0.025641025975346565
2026-07-22 09:30:54,187 P3187457 INFO Epoch 38/50, all_loss:0.35678 cls_loss:0.33614 rec_loss:1.14115 [20.93s]; best loss:0.35678, patience : 0
2026-07-22 09:31:04,785 P3187457 INFO pr:0.9409  rc:0.9699  auc:0.9993 ap:0.9954 f1: 0.9552 pred_right: 1060645 pred_wrong:35555 actu_right: 1061710 actu_wrong: 34490
2026-07-22 09:31:09,129 P3187457 INFO pr:0.9391  rc:0.9656  auc:0.9993 ap:0.9945 f1: 0.9522 pred_right: 454573 pred_wrong:15227 actu_right: 454992 actu_wrong: 14808
2026-07-22 09:31:09,134 P3187457 INFO ----------------------------------------------------------------------------------------------------
2026-07-22 09:31:09,134 P3187457 INFO 39/50 starting... lr: 0.001 para:0.02500000037252903
2026-07-22 09:31:29,473 P3187457 INFO Epoch 39/50, all_loss:0.36451 cls_loss:0.34457 rec_loss:1.14218 [20.34s]; best loss:0.35678, patience : 1
2026-07-22 09:31:47,225 P3187457 INFO pr:0.9309  rc:0.9813  auc:0.9994 ap:0.9954 f1: 0.9554 pred_right: 1059845 pred_wrong:36355 actu_right: 1061711 actu_wrong: 34489
2026-07-22 09:31:52,070 P3187457 INFO pr:0.9290  rc:0.9761  auc:0.9995 ap:0.9948 f1: 0.9520 pred_right: 454241 pred_wrong:15559 actu_right: 454992 actu_wrong: 14808
2026-07-22 09:31:52,074 P3187457 INFO ----------------------------------------------------------------------------------------------------
2026-07-22 09:31:52,075 P3187457 INFO 40/50 starting... lr: 0.001 para:0.024390242993831635
2026-07-22 09:32:12,681 P3187457 INFO Epoch 40/50, all_loss:0.34895 cls_loss:0.32882 rec_loss:1.15414 [20.60s]; best loss:0.34895, patience : 0
2026-07-22 09:32:23,012 P3187457 INFO pr:0.9539  rc:0.9543  auc:0.9992 ap:0.9952 f1: 0.9541 pred_right: 1061693 pred_wrong:34507 actu_right: 1061709 actu_wrong: 34491
2026-07-22 09:32:27,590 P3187457 INFO pr:0.9525  rc:0.9460  auc:0.9992 ap:0.9945 f1: 0.9492 pred_right: 455094 pred_wrong:14706 actu_right: 454992 actu_wrong: 14808
2026-07-22 09:32:27,591 P3187457 INFO ----------------------------------------------------------------------------------------------------
2026-07-22 09:32:27,591 P3187457 INFO 41/50 starting... lr: 0.001 para:0.02380952425301075
2026-07-22 09:32:48,061 P3187457 INFO Epoch 41/50, all_loss:0.37006 cls_loss:0.35058 rec_loss:1.16848 [20.47s]; best loss:0.34895, patience : 1
2026-07-22 09:32:59,820 P3187457 INFO pr:0.9420  rc:0.9774  auc:0.9996 ap:0.9952 f1: 0.9594 pred_right: 1060411 pred_wrong:35789 actu_right: 1061710 actu_wrong: 34490
2026-07-22 09:33:03,694 P3187457 INFO pr:0.9378  rc:0.9718  auc:0.9996 ap:0.9941 f1: 0.9545 pred_right: 454454 pred_wrong:15346 actu_right: 454992 actu_wrong: 14808
2026-07-22 09:33:03,698 P3187457 INFO ----------------------------------------------------------------------------------------------------
2026-07-22 09:33:03,699 P3187457 INFO 42/50 starting... lr: 0.001 para:0.023255813866853714
2026-07-22 09:33:32,386 P3187457 INFO Epoch 42/50, all_loss:0.37717 cls_loss:0.35830 rec_loss:1.16968 [28.69s]; best loss:0.34895, patience : 2
2026-07-22 09:33:42,811 P3187457 INFO pr:0.9549  rc:0.9574  auc:0.9996 ap:0.9950 f1: 0.9561 pred_right: 1061620 pred_wrong:34580 actu_right: 1061709 actu_wrong: 34491
2026-07-22 09:33:47,392 P3187457 INFO pr:0.9493  rc:0.9496  auc:0.9995 ap:0.9937 f1: 0.9494 pred_right: 454988 pred_wrong:14812 actu_right: 454992 actu_wrong: 14808
2026-07-22 09:33:47,393 P3187457 INFO ----------------------------------------------------------------------------------------------------
2026-07-22 09:33:47,393 P3187457 INFO 43/50 starting... lr: 0.001 para:0.022727273404598236
2026-07-22 09:34:07,881 P3187457 INFO Epoch 43/50, all_loss:0.36410 cls_loss:0.34545 rec_loss:1.16605 [20.49s]; best loss:0.34895, patience : 2
2026-07-22 09:34:18,571 P3187457 INFO pr:0.9437  rc:0.9685  auc:0.9996 ap:0.9947 f1: 0.9559 pred_right: 1060806 pred_wrong:35394 actu_right: 1061710 actu_wrong: 34490
2026-07-22 09:34:22,977 P3187457 INFO pr:0.9409  rc:0.9614  auc:0.9995 ap:0.9929 f1: 0.9510 pred_right: 454668 pred_wrong:15132 actu_right: 454992 actu_wrong: 14808
2026-07-22 09:34:22,978 P3187457 INFO ----------------------------------------------------------------------------------------------------
2026-07-22 09:34:22,978 P3187457 INFO 44/50 starting... lr: 0.001 para:0.02222222276031971
2026-07-22 09:34:45,555 P3187457 INFO Epoch 44/50, all_loss:0.38310 cls_loss:0.36487 rec_loss:1.18506 [22.58s]; best loss:0.34895, patience : 3
2026-07-22 09:35:01,492 P3187457 INFO pr:0.9565  rc:0.9572  auc:0.9996 ap:0.9957 f1: 0.9568 pred_right: 1061683 pred_wrong:34517 actu_right: 1061710 actu_wrong: 34490
2026-07-22 09:35:06,118 P3187457 INFO pr:0.9532  rc:0.9504  auc:0.9996 ap:0.9947 f1: 0.9518 pred_right: 455035 pred_wrong:14765 actu_right: 454992 actu_wrong: 14808
2026-07-22 09:35:06,119 P3187457 INFO ----------------------------------------------------------------------------------------------------
2026-07-22 09:35:06,119 P3187457 INFO 45/50 starting... lr: 0.001 para:0.021739130839705467
2026-07-22 09:35:26,539 P3187457 INFO Epoch 45/50, all_loss:0.35958 cls_loss:0.34152 rec_loss:1.17197 [20.42s]; best loss:0.34895, patience : 3
2026-07-22 09:35:37,621 P3187457 INFO pr:0.9449  rc:0.9749  auc:0.9996 ap:0.9957 f1: 0.9597 pred_right: 1060613 pred_wrong:35587 actu_right: 1061710 actu_wrong: 34490
2026-07-22 09:35:41,935 P3187457 INFO pr:0.9415  rc:0.9671  auc:0.9996 ap:0.9946 f1: 0.9541 pred_right: 454589 pred_wrong:15211 actu_right: 454992 actu_wrong: 14808
2026-07-22 09:35:41,939 P3187457 INFO ----------------------------------------------------------------------------------------------------
2026-07-22 09:35:41,939 P3187457 INFO 46/50 starting... lr: 0.001 para:0.021276595070958138
2026-07-22 09:36:03,476 P3187457 INFO Epoch 46/50, all_loss:0.32488 cls_loss:0.30597 rec_loss:1.19464 [21.53s]; best loss:0.32488, patience : 0
2026-07-22 09:36:12,531 P3187457 INFO pr:0.9584  rc:0.9465  auc:0.9993 ap:0.9958 f1: 0.9524 pred_right: 1062137 pred_wrong:34063 actu_right: 1061709 actu_wrong: 34491
2026-07-22 09:36:18,755 P3187457 INFO pr:0.9563  rc:0.9390  auc:0.9993 ap:0.9951 f1: 0.9475 pred_right: 455260 pred_wrong:14540 actu_right: 454992 actu_wrong: 14808
2026-07-22 09:36:18,757 P3187457 INFO ----------------------------------------------------------------------------------------------------
2026-07-22 09:36:18,757 P3187457 INFO 47/50 starting... lr: 0.001 para:0.02083333395421505
2026-07-22 09:36:44,446 P3187457 INFO Epoch 47/50, all_loss:0.37943 cls_loss:0.36179 rec_loss:1.20873 [25.69s]; best loss:0.32488, patience : 1
2026-07-22 09:36:54,671 P3187457 INFO pr:0.9563  rc:0.9547  auc:0.9996 ap:0.9957 f1: 0.9555 pred_right: 1061771 pred_wrong:34429 actu_right: 1061710 actu_wrong: 34490
2026-07-22 09:36:58,964 P3187457 INFO pr:0.9549  rc:0.9458  auc:0.9996 ap:0.9947 f1: 0.9504 pred_right: 455133 pred_wrong:14667 actu_right: 454992 actu_wrong: 14808
2026-07-22 09:36:58,964 P3187457 INFO ----------------------------------------------------------------------------------------------------
2026-07-22 09:36:58,965 P3187457 INFO 48/50 starting... lr: 0.001 para:0.020408162847161293
2026-07-22 09:37:19,520 P3187457 INFO Epoch 48/50, all_loss:0.34340 cls_loss:0.32576 rec_loss:1.19017 [20.55s]; best loss:0.32488, patience : 1
2026-07-22 09:37:30,506 P3187457 INFO pr:0.9606  rc:0.9472  auc:0.9997 ap:0.9959 f1: 0.9539 pred_right: 1062186 pred_wrong:34014 actu_right: 1061706 actu_wrong: 34494
2026-07-22 09:37:36,386 P3187457 INFO pr:0.9567  rc:0.9373  auc:0.9996 ap:0.9950 f1: 0.9469 pred_right: 455292 pred_wrong:14508 actu_right: 454992 actu_wrong: 14808
2026-07-22 09:37:36,387 P3187457 INFO ----------------------------------------------------------------------------------------------------
2026-07-22 09:37:36,387 P3187457 INFO 49/50 starting... lr: 0.001 para:0.019999999552965164
2026-07-22 09:38:01,360 P3187457 INFO Epoch 49/50, all_loss:0.32201 cls_loss:0.30447 rec_loss:1.18144 [24.97s]; best loss:0.32201, patience : 0
2026-07-22 09:38:12,698 P3187457 INFO pr:0.9517  rc:0.9662  auc:0.9995 ap:0.9959 f1: 0.9589 pred_right: 1061182 pred_wrong:35018 actu_right: 1061707 actu_wrong: 34493
2026-07-22 09:38:16,989 P3187457 INFO pr:0.9509  rc:0.9594  auc:0.9995 ap:0.9950 f1: 0.9551 pred_right: 454859 pred_wrong:14941 actu_right: 454992 actu_wrong: 14808
2026-07-22 09:38:16,989 P3187457 INFO saving model...
2026-07-22 09:38:16,990 P3187457 INFO FITS_Legendre - loss  best score:0.32200855016708374 at epoch 49
2026-07-22 09:38:16,995 P3187457 INFO FITS_Legendre - f1  best score:0.9596872012215135 at epoch 45
2026-07-22 09:38:16,999 P3187457 INFO Average training time per epoch: 22.32 seconds
2026-07-22 09:38:16,999 P3187457 INFO calculate scores...
2026-07-22 09:38:17,000 P3187457 INFO calculate label with loss...
2026-07-22 09:38:17,000 P3187457 INFO FITS_Legendre on ./result/server_only_exps/Sensitivity/FITS_Legendre-TT-Epochs50-Seed3-ExpNameRQ3_sensitivity_auxi_lambda-LPFLPF-Attnlinear_attn-NormLinTrue-RecLambda1.0-AuxiLambda0.2-Degree5-lowshow-simplegraph loading...
2026-07-22 09:38:21,460 P3187457 INFO pr:0.9509  rc:0.9594  auc:0.9995 ap:0.9950 f1: 0.9551 pred_right: 454859 pred_wrong:14941 actu_right: 454992 actu_wrong: 14808
2026-07-22 09:38:29,899 P3187457 INFO pr:0.9509  rc:0.9594  auc:0.9995 ap:0.9950 f1: 0.9551 pred_right: 454859 pred_wrong:14941 actu_right: 454992 actu_wrong: 14808
2026-07-22 09:38:29,899 P3187457 INFO Performance Summary:
{'GPU': {'inference_time_per_sample_ms': 0.2251088822339624, 'throughput_samples_per_sec': 4442.294724562091, 'peak_memory_mb': 87.724609375, 'energy_per_sample_joules': 0.01191647634437815}, 'CPU': {'inference_time_per_sample_ms': 0.45339334435358936, 'throughput_samples_per_sec': 2205.5903829504095, 'peak_memory_mb': 5451.04296875, 'energy_per_sample_joules': 0.029470567382983308}}
2026-07-22 09:38:29,900 P3187457 INFO Starting clean-room hardware benchmarking...
2026-07-22 09:38:30,842 P3187457 INFO Performance with loss: pr:0.9509  rc:0.9594  auc:0.9995 ap:0.9950 f1: 0.9551 pred_right: 454859 pred_wrong:14941 actu_right: 454992 actu_wrong: 14808
2026-07-22 09:38:30,842 P3187457 INFO calculate label with f1...
2026-07-22 09:38:30,842 P3187457 INFO FITS_Legendre on ./result/server_only_exps/Sensitivity/FITS_Legendre-TT-Epochs50-Seed3-ExpNameRQ3_sensitivity_auxi_lambda-LPFLPF-Attnlinear_attn-NormLinTrue-RecLambda1.0-AuxiLambda0.2-Degree5-lowshow-simplegraph loading...
2026-07-22 09:38:35,375 P3187457 INFO pr:0.9415  rc:0.9671  auc:0.9996 ap:0.9946 f1: 0.9541 pred_right: 454589 pred_wrong:15211 actu_right: 454992 actu_wrong: 14808
2026-07-22 09:38:44,143 P3187457 INFO pr:0.9415  rc:0.9671  auc:0.9996 ap:0.9946 f1: 0.9541 pred_right: 454589 pred_wrong:15211 actu_right: 454992 actu_wrong: 14808
2026-07-22 09:38:44,143 P3187457 INFO Performance Summary:
{'GPU': {'inference_time_per_sample_ms': 0.22946757722804248, 'throughput_samples_per_sec': 4357.914142293883, 'peak_memory_mb': 87.220703125, 'energy_per_sample_joules': 0.012458253702864883}, 'CPU': {'inference_time_per_sample_ms': 0.47052842741308204, 'throughput_samples_per_sec': 2125.270104290828, 'peak_memory_mb': 5440.62890625, 'energy_per_sample_joules': 0.030584347781850332}}
2026-07-22 09:38:44,150 P3187457 INFO Starting clean-room hardware benchmarking...
2026-07-22 09:38:45,087 P3187457 INFO Performance with f1: pr:0.9415  rc:0.9671  auc:0.9996 ap:0.9946 f1: 0.9541 pred_right: 454589 pred_wrong:15211 actu_right: 454992 actu_wrong: 14808
