2026-09-17 10:58:42,736 P955321 INFO ---- Model: ----MSTGAD-6759187e----random_seed : 3----req_loss_approach : Legendre-style----rec_lambda : 1.0----auxi_lambda : 0.0----Freq Domain : FITS_Legendre----Multi Fits : false----train : True----evaluate : False
2026-09-17 10:58:42,736 P955321 INFO read Tranform data
2026-09-17 10:58:44,597 P955321 INFO read Graph edge data
2026-09-17 10:58:44,597 P955321 INFO Fewshot: training with 1.0 of the 70% of the data
2026-09-17 10:58:44,742 P955321 INFO Trainable Parameters Breakdown:
2026-09-17 10:58:44,742 P955321 INFO --------------------------------------------------------------------------------
2026-09-17 10:58:44,743 P955321 INFO Reconstruction-Specific Parameters:
2026-09-17 10:58:44,743 P955321 INFO node_emb.linear.weight                   | shape: (4, 3)                    | params: 12
2026-09-17 10:58:44,743 P955321 INFO node_emb.linear.bias                     | shape: (4,)                      | params: 4
2026-09-17 10:58:44,743 P955321 INFO log_emb.linear.weight                    | shape: (16, 256)                 | params: 4,096
2026-09-17 10:58:44,743 P955321 INFO log_emb.linear.bias                      | shape: (16,)                     | params: 16
2026-09-17 10:58:44,743 P955321 INFO egde_emb.linear.weight                   | shape: (4, 7)                    | params: 28
2026-09-17 10:58:44,743 P955321 INFO egde_emb.linear.bias                     | shape: (4,)                      | params: 4
2026-09-17 10:58:44,743 P955321 INFO dense_node.weight                        | shape: (3, 4)                    | params: 12
2026-09-17 10:58:44,743 P955321 INFO dense_node.bias                          | shape: (3,)                      | params: 3
2026-09-17 10:58:44,743 P955321 INFO dense_log.weight                         | shape: (256, 16)                 | params: 4,096
2026-09-17 10:58:44,743 P955321 INFO dense_log.bias                           | shape: (256,)                    | params: 256
2026-09-17 10:58:44,743 P955321 INFO dense_edge.weight                        | shape: (7, 4)                    | params: 28
2026-09-17 10:58:44,743 P955321 INFO dense_edge.bias                          | shape: (7,)                      | params: 7
2026-09-17 10:58:44,743 P955321 INFO linear_attn.Wq.weight                    | shape: (10, 10)                  | params: 100
2026-09-17 10:58:44,743 P955321 INFO linear_attn.Wk.weight                    | shape: (10, 10)                  | params: 100
2026-09-17 10:58:44,744 P955321 INFO linear_attn.Wv.weight                    | shape: (10, 10)                  | params: 100
2026-09-17 10:58:44,744 P955321 INFO linear_attn.out.weight                   | shape: (10, 10)                  | params: 100
2026-09-17 10:58:44,744 P955321 INFO linear_attn.out.bias                     | shape: (10,)                     | params: 10
2026-09-17 10:58:44,744 P955321 INFO linear_attn.norm.weight                  | shape: (10,)                     | params: 10
2026-09-17 10:58:44,744 P955321 INFO linear_attn.norm.bias                    | shape: (10,)                     | params: 10
2026-09-17 10:58:44,744 P955321 INFO shared_fits.normlin_W                    | shape: (7, 7)                    | params: 49
2026-09-17 10:58:44,744 P955321 INFO shared_fits.freq_upsampler.weight        | shape: (7, 7)                    | params: 49
2026-09-17 10:58:44,744 P955321 INFO shared_fits.freq_upsampler.bias          | shape: (7,)                      | params: 7
2026-09-17 10:58:44,744 P955321 INFO modality_proj.node.weight                | shape: (10, 4)                   | params: 40
2026-09-17 10:58:44,744 P955321 INFO modality_proj.node.bias                  | shape: (10,)                     | params: 10
2026-09-17 10:58:44,744 P955321 INFO modality_proj.log.weight                 | shape: (10, 16)                  | params: 160
2026-09-17 10:58:44,744 P955321 INFO modality_proj.log.bias                   | shape: (10,)                     | params: 10
2026-09-17 10:58:44,744 P955321 INFO modality_proj.edge.weight                | shape: (10, 4)                   | params: 40
2026-09-17 10:58:44,744 P955321 INFO modality_proj.edge.bias                  | shape: (10,)                     | params: 10
2026-09-17 10:58:44,744 P955321 INFO modality_proj_out.node.weight            | shape: (4, 10)                   | params: 40
2026-09-17 10:58:44,744 P955321 INFO modality_proj_out.node.bias              | shape: (4,)                      | params: 4
2026-09-17 10:58:44,744 P955321 INFO modality_proj_out.log.weight             | shape: (16, 10)                  | params: 160
2026-09-17 10:58:44,745 P955321 INFO modality_proj_out.log.bias               | shape: (16,)                     | params: 16
2026-09-17 10:58:44,745 P955321 INFO modality_proj_out.edge.weight            | shape: (4, 10)                   | params: 40
2026-09-17 10:58:44,745 P955321 INFO modality_proj_out.edge.bias              | shape: (4,)                      | params: 4
2026-09-17 10:58:44,745 P955321 INFO Subtotal: 9,631
2026-09-17 10:58:44,745 P955321 INFO --------------------------------------------------------------------------------
2026-09-17 10:58:44,745 P955321 INFO Common Parameters:
2026-09-17 10:58:44,745 P955321 INFO show.0.weight                            | shape: (128, 266)                | params: 34,048
2026-09-17 10:58:44,745 P955321 INFO show.0.bias                              | shape: (128,)                    | params: 128
2026-09-17 10:58:44,745 P955321 INFO show.2.weight                            | shape: (2, 128)                  | params: 256
2026-09-17 10:58:44,745 P955321 INFO show.2.bias                              | shape: (2,)                      | params: 2
2026-09-17 10:58:44,745 P955321 INFO Subtotal: 34,434
2026-09-17 10:58:44,745 P955321 INFO --------------------------------------------------------------------------------
2026-09-17 10:58:44,745 P955321 INFO Total Trainable Parameters: 44,065

2026-09-17 10:58:44,745 P955321 INFO Trainable Parameters: 44065, reconstruction: 9631, common: 34434
2026-09-17 10:58:44,746 P955321 INFO model : init weight
2026-09-17 10:58:44,746 P955321 INFO Using GPU...
2026-09-17 10:58:44,756 P955321 INFO optimizer : using AdaBelief
2026-09-17 10:58:44,756 P955321 INFO ----------------------------------------------------------------------------------------------------
2026-09-17 10:58:44,756 P955321 INFO 0/300 starting... lr: 0.001 para:1.0
2026-09-17 10:59:13,886 P955321 INFO Epoch 0/300, all_loss:0.04568 cls_loss:42.13641 rec_loss:0.04568 [29.12s]; best loss:0.04568, patience : 0
2026-09-17 10:59:13,886 P955321 INFO ----------------------------------------------------------------------------------------------------
2026-09-17 10:59:13,887 P955321 INFO 1/300 starting... lr: 0.001 para:0.5
2026-09-17 10:59:29,389 P955321 INFO Epoch 1/300, all_loss:2.68821 cls_loss:5.31040 rec_loss:0.06602 [15.49s]; best loss:2.68821, patience : 0
2026-09-17 10:59:29,390 P955321 INFO ----------------------------------------------------------------------------------------------------
2026-09-17 10:59:29,390 P955321 INFO 2/300 starting... lr: 0.001 para:0.3333333432674408
2026-09-17 10:59:43,579 P955321 INFO Epoch 2/300, all_loss:0.81495 cls_loss:1.18191 rec_loss:0.08104 [14.18s]; best loss:0.81495, patience : 0
2026-09-17 10:59:50,427 P955321 INFO pr:0.8383  rc:0.3535  auc:0.9271 ap:0.8442 f1: 0.4973 pred_right: 38833 pred_wrong:167 actu_right: 38604 actu_wrong: 396
2026-09-17 10:59:52,748 P955321 INFO pr:0.9000  rc:0.3488  auc:0.9514 ap:0.8769 f1: 0.5028 pred_right: 16450 pred_wrong:50 actu_right: 16371 actu_wrong: 129
2026-09-17 10:59:52,756 P955321 INFO ----------------------------------------------------------------------------------------------------
2026-09-17 10:59:52,757 P955321 INFO 3/300 starting... lr: 0.001 para:0.25
2026-09-17 11:00:07,966 P955321 INFO Epoch 3/300, all_loss:3.72629 cls_loss:4.93854 rec_loss:0.08954 [15.21s]; best loss:0.81495, patience : 1
2026-09-17 11:00:13,970 P955321 INFO pr:0.9083  rc:0.5491  auc:0.9460 ap:0.9047 f1: 0.6845 pred_right: 38760 pred_wrong:240 actu_right: 38603 actu_wrong: 397
2026-09-17 11:00:16,366 P955321 INFO pr:0.9059  rc:0.5969  auc:0.9804 ap:0.9115 f1: 0.7196 pred_right: 16415 pred_wrong:85 actu_right: 16371 actu_wrong: 129
2026-09-17 11:00:16,374 P955321 INFO ----------------------------------------------------------------------------------------------------
2026-09-17 11:00:16,374 P955321 INFO 4/300 starting... lr: 0.001 para:0.20000000298023224
2026-09-17 11:00:32,007 P955321 INFO Epoch 4/300, all_loss:0.40287 cls_loss:0.47992 rec_loss:0.09467 [15.62s]; best loss:0.40287, patience : 0
2026-09-17 11:00:37,912 P955321 INFO pr:0.9267  rc:0.6373  auc:0.9625 ap:0.9232 f1: 0.7552 pred_right: 38727 pred_wrong:273 actu_right: 38603 actu_wrong: 397
2026-09-17 11:00:39,960 P955321 INFO pr:0.9184  rc:0.6977  auc:0.9887 ap:0.9340 f1: 0.7930 pred_right: 16402 pred_wrong:98 actu_right: 16371 actu_wrong: 129
2026-09-17 11:00:39,966 P955321 INFO ----------------------------------------------------------------------------------------------------
2026-09-17 11:00:39,966 P955321 INFO 5/300 starting... lr: 0.001 para:0.1666666716337204
2026-09-17 11:00:55,247 P955321 INFO Epoch 5/300, all_loss:2.95326 cls_loss:3.52412 rec_loss:0.09895 [15.28s]; best loss:0.40287, patience : 1
2026-09-17 11:01:06,145 P955321 INFO pr:0.9502  rc:0.7683  auc:0.9666 ap:0.9476 f1: 0.8496 pred_right: 38679 pred_wrong:321 actu_right: 38603 actu_wrong: 397
2026-09-17 11:01:07,427 P955321 INFO pr:0.9327  rc:0.7519  auc:0.9976 ap:0.9523 f1: 0.8326 pred_right: 16396 pred_wrong:104 actu_right: 16371 actu_wrong: 129
2026-09-17 11:01:07,434 P955321 INFO ----------------------------------------------------------------------------------------------------
2026-09-17 11:01:07,434 P955321 INFO 6/300 starting... lr: 0.001 para:0.1428571492433548
2026-09-17 11:01:19,143 P955321 INFO Epoch 6/300, all_loss:0.31720 cls_loss:0.35346 rec_loss:0.09960 [11.70s]; best loss:0.31720, patience : 0
2026-09-17 11:01:25,510 P955321 INFO pr:0.9641  rc:0.7431  auc:0.9702 ap:0.9560 f1: 0.8393 pred_right: 38694 pred_wrong:306 actu_right: 38603 actu_wrong: 397
2026-09-17 11:01:35,487 P955321 INFO pr:0.9787  rc:0.7132  auc:0.9988 ap:0.9585 f1: 0.8251 pred_right: 16406 pred_wrong:94 actu_right: 16371 actu_wrong: 129
2026-09-17 11:01:35,488 P955321 INFO ----------------------------------------------------------------------------------------------------
2026-09-17 11:01:35,488 P955321 INFO 7/300 starting... lr: 0.001 para:0.125
2026-09-17 11:01:56,504 P955321 INFO Epoch 7/300, all_loss:1.79162 cls_loss:2.03423 rec_loss:0.09333 [21.01s]; best loss:0.31720, patience : 1
2026-09-17 11:02:02,047 P955321 INFO pr:0.9545  rc:0.7935  auc:0.9694 ap:0.9565 f1: 0.8666 pred_right: 38670 pred_wrong:330 actu_right: 38603 actu_wrong: 397
2026-09-17 11:02:04,194 P955321 INFO pr:0.9375  rc:0.8140  auc:0.9986 ap:0.9553 f1: 0.8714 pred_right: 16388 pred_wrong:112 actu_right: 16371 actu_wrong: 129
2026-09-17 11:02:04,202 P955321 INFO ----------------------------------------------------------------------------------------------------
2026-09-17 11:02:04,203 P955321 INFO 8/300 starting... lr: 0.001 para:0.1111111119389534
2026-09-17 11:02:19,912 P955321 INFO Epoch 8/300, all_loss:0.30460 cls_loss:0.33128 rec_loss:0.09114 [15.70s]; best loss:0.30460, patience : 0
2026-09-17 11:02:24,851 P955321 INFO pr:0.9626  rc:0.7783  auc:0.9712 ap:0.9590 f1: 0.8607 pred_right: 38679 pred_wrong:321 actu_right: 38603 actu_wrong: 397
2026-09-17 11:02:27,502 P955321 INFO pr:0.9619  rc:0.7829  auc:0.9963 ap:0.9571 f1: 0.8632 pred_right: 16395 pred_wrong:105 actu_right: 16371 actu_wrong: 129
2026-09-17 11:02:27,504 P955321 INFO ----------------------------------------------------------------------------------------------------
2026-09-17 11:02:27,504 P955321 INFO 9/300 starting... lr: 0.001 para:0.10000000149011612
2026-09-17 11:02:43,115 P955321 INFO Epoch 9/300, all_loss:0.28718 cls_loss:0.30893 rec_loss:0.09144 [15.60s]; best loss:0.28718, patience : 0
2026-09-17 11:02:46,958 P955321 INFO pr:0.8946  rc:0.8766  auc:0.9695 ap:0.9582 f1: 0.8855 pred_right: 38611 pred_wrong:389 actu_right: 38603 actu_wrong: 397
2026-09-17 11:02:48,951 P955321 INFO pr:0.8672  rc:0.8605  auc:0.9935 ap:0.9555 f1: 0.8638 pred_right: 16372 pred_wrong:128 actu_right: 16371 actu_wrong: 129
2026-09-17 11:02:48,959 P955321 INFO ----------------------------------------------------------------------------------------------------
2026-09-17 11:02:48,960 P955321 INFO 10/300 starting... lr: 0.001 para:0.09090909361839294
2026-09-17 11:03:06,760 P955321 INFO Epoch 10/300, all_loss:0.26432 cls_loss:0.28217 rec_loss:0.08580 [17.79s]; best loss:0.26432, patience : 0
2026-09-17 11:03:16,755 P955321 INFO pr:0.9556  rc:0.8136  auc:0.9717 ap:0.9558 f1: 0.8789 pred_right: 38662 pred_wrong:338 actu_right: 38603 actu_wrong: 397
2026-09-17 11:03:21,801 P955321 INFO pr:0.9434  rc:0.7752  auc:0.9954 ap:0.9539 f1: 0.8511 pred_right: 16394 pred_wrong:106 actu_right: 16371 actu_wrong: 129
2026-09-17 11:03:21,802 P955321 INFO ----------------------------------------------------------------------------------------------------
2026-09-17 11:03:21,802 P955321 INFO 11/300 starting... lr: 0.001 para:0.0833333358168602
2026-09-17 11:03:37,446 P955321 INFO Epoch 11/300, all_loss:0.23212 cls_loss:0.24543 rec_loss:0.08567 [15.64s]; best loss:0.23212, patience : 0
2026-09-17 11:03:39,882 P955321 INFO pr:0.9443  rc:0.8561  auc:0.9716 ap:0.9613 f1: 0.8980 pred_right: 38641 pred_wrong:359 actu_right: 38604 actu_wrong: 396
2026-09-17 11:03:41,022 P955321 INFO pr:0.9231  rc:0.8372  auc:0.9940 ap:0.9544 f1: 0.8780 pred_right: 16383 pred_wrong:117 actu_right: 16371 actu_wrong: 129
2026-09-17 11:03:41,029 P955321 INFO ----------------------------------------------------------------------------------------------------
2026-09-17 11:03:41,029 P955321 INFO 12/300 starting... lr: 0.001 para:0.07692307978868484
2026-09-17 11:03:50,644 P955321 INFO Epoch 12/300, all_loss:0.21947 cls_loss:0.23080 rec_loss:0.08349 [9.61s]; best loss:0.21947, patience : 0
2026-09-17 11:03:58,687 P955321 INFO pr:0.9612  rc:0.8741  auc:0.9684 ap:0.9626 f1: 0.9156 pred_right: 38639 pred_wrong:361 actu_right: 38603 actu_wrong: 397
2026-09-17 11:04:06,000 P955321 INFO pr:0.9167  rc:0.8527  auc:0.9990 ap:0.9600 f1: 0.8835 pred_right: 16380 pred_wrong:120 actu_right: 16371 actu_wrong: 129
2026-09-17 11:04:06,017 P955321 INFO ----------------------------------------------------------------------------------------------------
2026-09-17 11:04:06,021 P955321 INFO 13/300 starting... lr: 0.001 para:0.0714285746216774
2026-09-17 11:04:20,883 P955321 INFO Epoch 13/300, all_loss:1.33731 cls_loss:1.43369 rec_loss:0.08430 [14.86s]; best loss:0.21947, patience : 1
2026-09-17 11:04:24,304 P955321 INFO pr:0.9673  rc:0.8186  auc:0.9682 ap:0.9589 f1: 0.8868 pred_right: 38664 pred_wrong:336 actu_right: 38603 actu_wrong: 397
2026-09-17 11:04:25,671 P955321 INFO pr:0.9545  rc:0.8140  auc:0.9949 ap:0.9649 f1: 0.8787 pred_right: 16390 pred_wrong:110 actu_right: 16371 actu_wrong: 129
2026-09-17 11:04:25,672 P955321 INFO ----------------------------------------------------------------------------------------------------
2026-09-17 11:04:25,672 P955321 INFO 14/300 starting... lr: 0.001 para:0.06666667014360428
2026-09-17 11:04:36,459 P955321 INFO Epoch 14/300, all_loss:0.20715 cls_loss:0.21646 rec_loss:0.07685 [10.78s]; best loss:0.20715, patience : 0
2026-09-17 11:04:39,926 P955321 INFO pr:0.9632  rc:0.7909  auc:0.9712 ap:0.9606 f1: 0.8686 pred_right: 38674 pred_wrong:326 actu_right: 38603 actu_wrong: 397
2026-09-17 11:04:41,450 P955321 INFO pr:0.9327  rc:0.7519  auc:0.9812 ap:0.9504 f1: 0.8326 pred_right: 16396 pred_wrong:104 actu_right: 16371 actu_wrong: 129
2026-09-17 11:04:41,451 P955321 INFO ----------------------------------------------------------------------------------------------------
2026-09-17 11:04:41,452 P955321 INFO 15/300 starting... lr: 0.001 para:0.0625
2026-09-17 11:04:52,735 P955321 INFO Epoch 15/300, all_loss:0.20149 cls_loss:0.20944 rec_loss:0.08227 [11.28s]; best loss:0.20149, patience : 0
2026-09-17 11:04:56,001 P955321 INFO pr:0.9717  rc:0.8640  auc:0.9689 ap:0.9632 f1: 0.9147 pred_right: 38647 pred_wrong:353 actu_right: 38603 actu_wrong: 397
2026-09-17 11:04:57,825 P955321 INFO pr:0.9381  rc:0.8217  auc:0.9903 ap:0.9643 f1: 0.8760 pred_right: 16387 pred_wrong:113 actu_right: 16371 actu_wrong: 129
2026-09-17 11:04:57,826 P955321 INFO ----------------------------------------------------------------------------------------------------
2026-09-17 11:04:57,826 P955321 INFO 16/300 starting... lr: 0.001 para:0.05882352963089943
2026-09-17 11:05:09,887 P955321 INFO Epoch 16/300, all_loss:0.22783 cls_loss:0.23719 rec_loss:0.07803 [12.06s]; best loss:0.20149, patience : 1
2026-09-17 11:05:13,626 P955321 INFO pr:0.9459  rc:0.8816  auc:0.9610 ap:0.9608 f1: 0.9126 pred_right: 38630 pred_wrong:370 actu_right: 38603 actu_wrong: 397
2026-09-17 11:05:15,050 P955321 INFO pr:0.8960  rc:0.8682  auc:0.9992 ap:0.9606 f1: 0.8819 pred_right: 16375 pred_wrong:125 actu_right: 16371 actu_wrong: 129
2026-09-17 11:05:15,051 P955321 INFO ----------------------------------------------------------------------------------------------------
2026-09-17 11:05:15,051 P955321 INFO 17/300 starting... lr: 0.001 para:0.0555555559694767
2026-09-17 11:05:27,063 P955321 INFO Epoch 17/300, all_loss:0.22978 cls_loss:0.23856 rec_loss:0.08056 [12.01s]; best loss:0.20149, patience : 2
2026-09-17 11:05:31,048 P955321 INFO pr:0.9628  rc:0.8463  auc:0.9719 ap:0.9579 f1: 0.9008 pred_right: 38651 pred_wrong:349 actu_right: 38603 actu_wrong: 397
2026-09-17 11:05:32,901 P955321 INFO pr:0.9273  rc:0.7907  auc:0.9938 ap:0.9536 f1: 0.8536 pred_right: 16390 pred_wrong:110 actu_right: 16371 actu_wrong: 129
2026-09-17 11:05:32,902 P955321 INFO ----------------------------------------------------------------------------------------------------
2026-09-17 11:05:32,902 P955321 INFO 18/300 starting... lr: 0.001 para:0.05263157933950424
2026-09-17 11:05:45,363 P955321 INFO Epoch 18/300, all_loss:0.15091 cls_loss:0.15509 rec_loss:0.07581 [12.45s]; best loss:0.15091, patience : 0
2026-09-17 11:05:48,953 P955321 INFO pr:0.9633  rc:0.8589  auc:0.9682 ap:0.9596 f1: 0.9081 pred_right: 38646 pred_wrong:354 actu_right: 38603 actu_wrong: 397
2026-09-17 11:05:50,495 P955321 INFO pr:0.9381  rc:0.8217  auc:0.9914 ap:0.9552 f1: 0.8760 pred_right: 16387 pred_wrong:113 actu_right: 16371 actu_wrong: 129
2026-09-17 11:05:50,496 P955321 INFO ----------------------------------------------------------------------------------------------------
2026-09-17 11:05:50,497 P955321 INFO 19/300 starting... lr: 0.001 para:0.05000000074505806
2026-09-17 11:06:03,104 P955321 INFO Epoch 19/300, all_loss:0.14945 cls_loss:0.15343 rec_loss:0.07394 [12.60s]; best loss:0.14945, patience : 0
2026-09-17 11:06:07,482 P955321 INFO pr:0.9632  rc:0.8564  auc:0.9656 ap:0.9566 f1: 0.9067 pred_right: 38647 pred_wrong:353 actu_right: 38603 actu_wrong: 397
2026-09-17 11:06:09,417 P955321 INFO pr:0.8843  rc:0.8295  auc:0.9918 ap:0.9561 f1: 0.8560 pred_right: 16379 pred_wrong:121 actu_right: 16371 actu_wrong: 129
2026-09-17 11:06:09,419 P955321 INFO ----------------------------------------------------------------------------------------------------
2026-09-17 11:06:09,420 P955321 INFO 20/300 starting... lr: 0.001 para:0.0476190485060215
2026-09-17 11:06:22,162 P955321 INFO Epoch 20/300, all_loss:0.14910 cls_loss:0.15273 rec_loss:0.07651 [12.73s]; best loss:0.14910, patience : 0
2026-09-17 11:06:25,808 P955321 INFO pr:0.9763  rc:0.8312  auc:0.9647 ap:0.9569 f1: 0.8980 pred_right: 38662 pred_wrong:338 actu_right: 38603 actu_wrong: 397
2026-09-17 11:06:27,327 P955321 INFO pr:0.9266  rc:0.7829  auc:0.9661 ap:0.9428 f1: 0.8487 pred_right: 16391 pred_wrong:109 actu_right: 16371 actu_wrong: 129
2026-09-17 11:06:27,328 P955321 INFO ----------------------------------------------------------------------------------------------------
2026-09-17 11:06:27,328 P955321 INFO 21/300 starting... lr: 0.001 para:0.04545454680919647
2026-09-17 11:06:49,152 P955321 INFO Epoch 21/300, all_loss:0.12425 cls_loss:0.12686 rec_loss:0.06945 [21.81s]; best loss:0.12425, patience : 0
2026-09-17 11:06:55,136 P955321 INFO pr:0.9669  rc:0.8841  auc:0.9716 ap:0.9629 f1: 0.9237 pred_right: 38637 pred_wrong:363 actu_right: 38603 actu_wrong: 397
2026-09-17 11:06:56,692 P955321 INFO pr:0.9224  rc:0.8295  auc:0.9938 ap:0.9602 f1: 0.8735 pred_right: 16384 pred_wrong:116 actu_right: 16371 actu_wrong: 129
2026-09-17 11:06:56,701 P955321 INFO ----------------------------------------------------------------------------------------------------
2026-09-17 11:06:56,701 P955321 INFO 22/300 starting... lr: 0.001 para:0.043478261679410934
2026-09-17 11:07:08,853 P955321 INFO Epoch 22/300, all_loss:0.14419 cls_loss:0.14750 rec_loss:0.07125 [12.15s]; best loss:0.12425, patience : 1
2026-09-17 11:07:12,607 P955321 INFO pr:0.9691  rc:0.8690  auc:0.9685 ap:0.9638 f1: 0.9163 pred_right: 38644 pred_wrong:356 actu_right: 38603 actu_wrong: 397
2026-09-17 11:07:14,214 P955321 INFO pr:0.9304  rc:0.8295  auc:0.9920 ap:0.9656 f1: 0.8770 pred_right: 16385 pred_wrong:115 actu_right: 16371 actu_wrong: 129
2026-09-17 11:07:14,215 P955321 INFO ----------------------------------------------------------------------------------------------------
2026-09-17 11:07:14,216 P955321 INFO 23/300 starting... lr: 0.001 para:0.0416666679084301
2026-09-17 11:07:26,194 P955321 INFO Epoch 23/300, all_loss:0.15859 cls_loss:0.16259 rec_loss:0.06663 [11.98s]; best loss:0.12425, patience : 2
2026-09-17 11:07:30,261 P955321 INFO pr:0.9500  rc:0.9116  auc:0.9732 ap:0.9648 f1: 0.9304 pred_right: 38620 pred_wrong:380 actu_right: 38604 actu_wrong: 396
2026-09-17 11:07:32,063 P955321 INFO pr:0.8769  rc:0.8837  auc:0.9933 ap:0.9606 f1: 0.8803 pred_right: 16370 pred_wrong:130 actu_right: 16371 actu_wrong: 129
2026-09-17 11:07:32,074 P955321 INFO ----------------------------------------------------------------------------------------------------
2026-09-17 11:07:32,075 P955321 INFO 24/300 starting... lr: 0.001 para:0.03999999910593033
2026-09-17 11:07:43,904 P955321 INFO Epoch 24/300, all_loss:0.11321 cls_loss:0.11506 rec_loss:0.06892 [11.82s]; best loss:0.11321, patience : 0
2026-09-17 11:07:47,394 P955321 INFO pr:0.9672  rc:0.8917  auc:0.9733 ap:0.9633 f1: 0.9279 pred_right: 38634 pred_wrong:366 actu_right: 38603 actu_wrong: 397
2026-09-17 11:07:49,107 P955321 INFO pr:0.9091  rc:0.8527  auc:0.9929 ap:0.9541 f1: 0.8800 pred_right: 16379 pred_wrong:121 actu_right: 16371 actu_wrong: 129
2026-09-17 11:07:49,108 P955321 INFO ----------------------------------------------------------------------------------------------------
2026-09-17 11:07:49,109 P955321 INFO 25/300 starting... lr: 0.001 para:0.03846153989434242
2026-09-17 11:08:01,064 P955321 INFO Epoch 25/300, all_loss:0.10068 cls_loss:0.10204 rec_loss:0.06668 [11.95s]; best loss:0.10068, patience : 0
2026-09-17 11:08:04,675 P955321 INFO pr:0.9704  rc:0.9093  auc:0.9687 ap:0.9617 f1: 0.9389 pred_right: 38628 pred_wrong:372 actu_right: 38603 actu_wrong: 397
2026-09-17 11:08:06,052 P955321 INFO pr:0.8984  rc:0.8915  auc:0.9926 ap:0.9654 f1: 0.8949 pred_right: 16372 pred_wrong:128 actu_right: 16371 actu_wrong: 129
2026-09-17 11:08:06,059 P955321 INFO ----------------------------------------------------------------------------------------------------
2026-09-17 11:08:06,060 P955321 INFO 26/300 starting... lr: 0.001 para:0.03703703731298447
2026-09-17 11:08:19,137 P955321 INFO Epoch 26/300, all_loss:0.12038 cls_loss:0.12243 rec_loss:0.06698 [13.08s]; best loss:0.10068, patience : 1
2026-09-17 11:08:22,730 P955321 INFO pr:0.9499  rc:0.9091  auc:0.9717 ap:0.9613 f1: 0.9290 pred_right: 38621 pred_wrong:379 actu_right: 38604 actu_wrong: 396
2026-09-17 11:08:24,399 P955321 INFO pr:0.8923  rc:0.8992  auc:0.9938 ap:0.9663 f1: 0.8958 pred_right: 16370 pred_wrong:130 actu_right: 16371 actu_wrong: 129
2026-09-17 11:08:24,402 P955321 INFO ----------------------------------------------------------------------------------------------------
2026-09-17 11:08:24,402 P955321 INFO 27/300 starting... lr: 0.001 para:0.0357142873108387
2026-09-17 11:08:37,172 P955321 INFO Epoch 27/300, all_loss:0.10680 cls_loss:0.10835 rec_loss:0.06500 [12.77s]; best loss:0.10068, patience : 1
2026-09-17 11:08:41,087 P955321 INFO pr:0.9661  rc:0.8636  auc:0.9653 ap:0.9610 f1: 0.9120 pred_right: 38646 pred_wrong:354 actu_right: 38604 actu_wrong: 396
2026-09-17 11:08:42,623 P955321 INFO pr:0.9153  rc:0.8372  auc:0.9839 ap:0.9548 f1: 0.8745 pred_right: 16382 pred_wrong:118 actu_right: 16371 actu_wrong: 129
2026-09-17 11:08:42,624 P955321 INFO ----------------------------------------------------------------------------------------------------
2026-09-17 11:08:42,625 P955321 INFO 28/300 starting... lr: 0.001 para:0.03448275849223137
2026-09-17 11:08:54,723 P955321 INFO Epoch 28/300, all_loss:0.12592 cls_loss:0.12818 rec_loss:0.06258 [12.10s]; best loss:0.10068, patience : 2
2026-09-17 11:08:58,290 P955321 INFO pr:0.9623  rc:0.8992  auc:0.9728 ap:0.9656 f1: 0.9297 pred_right: 38629 pred_wrong:371 actu_right: 38603 actu_wrong: 397
2026-09-17 11:09:02,198 P955321 INFO pr:0.9174  rc:0.8605  auc:0.9767 ap:0.9479 f1: 0.8880 pred_right: 16379 pred_wrong:121 actu_right: 16371 actu_wrong: 129
2026-09-17 11:09:02,199 P955321 INFO ----------------------------------------------------------------------------------------------------
2026-09-17 11:09:02,199 P955321 INFO 29/300 starting... lr: 0.001 para:0.03333333507180214
2026-09-17 11:09:11,831 P955321 INFO Epoch 29/300, all_loss:0.11539 cls_loss:0.11719 rec_loss:0.06324 [9.63s]; best loss:0.10068, patience : 2
2026-09-17 11:09:14,899 P955321 INFO pr:0.9692  rc:0.8715  auc:0.9777 ap:0.9647 f1: 0.9178 pred_right: 38643 pred_wrong:357 actu_right: 38603 actu_wrong: 397
2026-09-17 11:09:16,143 P955321 INFO pr:0.9204  rc:0.8062  auc:0.9919 ap:0.9639 f1: 0.8595 pred_right: 16387 pred_wrong:113 actu_right: 16371 actu_wrong: 129
2026-09-17 11:09:16,145 P955321 INFO ----------------------------------------------------------------------------------------------------
2026-09-17 11:09:16,145 P955321 INFO 30/300 starting... lr: 0.001 para:0.032258063554763794
2026-09-17 11:09:39,564 P955321 INFO Epoch 30/300, all_loss:0.12225 cls_loss:0.12438 rec_loss:0.05828 [23.42s]; best loss:0.10068, patience : 3
2026-09-17 11:09:44,173 P955321 INFO pr:0.9492  rc:0.8942  auc:0.9745 ap:0.9603 f1: 0.9209 pred_right: 38626 pred_wrong:374 actu_right: 38603 actu_wrong: 397
2026-09-17 11:09:45,653 P955321 INFO pr:0.8678  rc:0.8140  auc:0.9822 ap:0.9360 f1: 0.8400 pred_right: 16379 pred_wrong:121 actu_right: 16371 actu_wrong: 129
2026-09-17 11:09:45,654 P955321 INFO ----------------------------------------------------------------------------------------------------
2026-09-17 11:09:45,655 P955321 INFO 31/300 starting... lr: 0.001 para:0.03125
2026-09-17 11:09:57,857 P955321 INFO Epoch 31/300, all_loss:1.19279 cls_loss:1.22924 rec_loss:0.06267 [12.20s]; best loss:0.10068, patience : 4
2026-09-17 11:10:01,278 P955321 INFO pr:0.9669  rc:0.8086  auc:0.9569 ap:0.9506 f1: 0.8807 pred_right: 38668 pred_wrong:332 actu_right: 38603 actu_wrong: 397
2026-09-17 11:10:02,706 P955321 INFO pr:0.8991  rc:0.7597  auc:0.9623 ap:0.9277 f1: 0.8235 pred_right: 16391 pred_wrong:109 actu_right: 16371 actu_wrong: 129
2026-09-17 11:10:02,708 P955321 INFO ----------------------------------------------------------------------------------------------------
2026-09-17 11:10:02,708 P955321 INFO 32/300 starting... lr: 0.001 para:0.03030303120613098
2026-09-17 11:10:14,004 P955321 INFO Epoch 32/300, all_loss:0.12664 cls_loss:0.12878 rec_loss:0.05822 [11.29s]; best loss:0.10068, patience : 4
2026-09-17 11:10:18,029 P955321 INFO pr:0.9591  rc:0.8866  auc:0.9731 ap:0.9610 f1: 0.9215 pred_right: 38633 pred_wrong:367 actu_right: 38603 actu_wrong: 397
2026-09-17 11:10:19,599 P955321 INFO pr:0.8480  rc:0.8217  auc:0.9803 ap:0.9347 f1: 0.8346 pred_right: 16375 pred_wrong:125 actu_right: 16371 actu_wrong: 129
2026-09-17 11:10:19,600 P955321 INFO ----------------------------------------------------------------------------------------------------
2026-09-17 11:10:19,600 P955321 INFO 33/300 starting... lr: 0.001 para:0.029411764815449715
2026-09-17 11:10:31,802 P955321 INFO Epoch 33/300, all_loss:0.08925 cls_loss:0.09025 rec_loss:0.05616 [12.20s]; best loss:0.08925, patience : 0
2026-09-17 11:10:35,619 P955321 INFO pr:0.9504  rc:0.9169  auc:0.9739 ap:0.9640 f1: 0.9333 pred_right: 38617 pred_wrong:383 actu_right: 38603 actu_wrong: 397
2026-09-17 11:10:37,186 P955321 INFO pr:0.8333  rc:0.8915  auc:0.9890 ap:0.9493 f1: 0.8614 pred_right: 16362 pred_wrong:138 actu_right: 16371 actu_wrong: 129
2026-09-17 11:10:37,187 P955321 INFO ----------------------------------------------------------------------------------------------------
2026-09-17 11:10:37,194 P955321 INFO 34/300 starting... lr: 0.001 para:0.02857142873108387
2026-09-17 11:10:49,573 P955321 INFO Epoch 34/300, all_loss:0.10597 cls_loss:0.10749 rec_loss:0.05439 [12.38s]; best loss:0.08925, patience : 1
2026-09-17 11:10:53,533 P955321 INFO pr:0.8983  rc:0.9118  auc:0.9741 ap:0.9624 f1: 0.9050 pred_right: 38597 pred_wrong:403 actu_right: 38603 actu_wrong: 397
2026-09-17 11:10:54,998 P955321 INFO pr:0.8116  rc:0.8682  auc:0.9896 ap:0.9359 f1: 0.8390 pred_right: 16362 pred_wrong:138 actu_right: 16371 actu_wrong: 129
2026-09-17 11:10:54,999 P955321 INFO ----------------------------------------------------------------------------------------------------
2026-09-17 11:10:54,999 P955321 INFO 35/300 starting... lr: 0.001 para:0.02777777798473835
2026-09-17 11:11:07,584 P955321 INFO Epoch 35/300, all_loss:0.14455 cls_loss:0.14710 rec_loss:0.05500 [12.58s]; best loss:0.08925, patience : 2
2026-09-17 11:11:11,694 P955321 INFO pr:0.9713  rc:0.8514  auc:0.9692 ap:0.9596 f1: 0.9074 pred_right: 38652 pred_wrong:348 actu_right: 38603 actu_wrong: 397
2026-09-17 11:11:13,615 P955321 INFO pr:0.8534  rc:0.7674  auc:0.9656 ap:0.9223 f1: 0.8082 pred_right: 16384 pred_wrong:116 actu_right: 16371 actu_wrong: 129
2026-09-17 11:11:13,616 P955321 INFO ----------------------------------------------------------------------------------------------------
2026-09-17 11:11:13,616 P955321 INFO 36/300 starting... lr: 0.001 para:0.027027027681469917
2026-09-17 11:11:25,990 P955321 INFO Epoch 36/300, all_loss:0.11677 cls_loss:0.11857 rec_loss:0.05180 [12.37s]; best loss:0.08925, patience : 2
2026-09-17 11:11:29,558 P955321 INFO pr:0.9613  rc:0.8766  auc:0.9754 ap:0.9671 f1: 0.9170 pred_right: 38638 pred_wrong:362 actu_right: 38603 actu_wrong: 397
2026-09-17 11:11:31,052 P955321 INFO pr:0.8739  rc:0.8062  auc:0.9878 ap:0.9447 f1: 0.8387 pred_right: 16381 pred_wrong:119 actu_right: 16371 actu_wrong: 129
2026-09-17 11:11:31,053 P955321 INFO ----------------------------------------------------------------------------------------------------
2026-09-17 11:11:31,053 P955321 INFO 37/300 starting... lr: 0.001 para:0.02631578966975212
2026-09-17 11:11:42,513 P955321 INFO Epoch 37/300, all_loss:0.11865 cls_loss:0.12046 rec_loss:0.05157 [11.46s]; best loss:0.08925, patience : 3
2026-09-17 11:11:46,658 P955321 INFO pr:0.9666  rc:0.8030  auc:0.9471 ap:0.9367 f1: 0.8772 pred_right: 38671 pred_wrong:329 actu_right: 38604 actu_wrong: 396
2026-09-17 11:11:49,273 P955321 INFO pr:0.9072  rc:0.6822  auc:0.9418 ap:0.9074 f1: 0.7788 pred_right: 16403 pred_wrong:97 actu_right: 16371 actu_wrong: 129
2026-09-17 11:11:49,274 P955321 INFO ----------------------------------------------------------------------------------------------------
2026-09-17 11:11:49,274 P955321 INFO 38/300 starting... lr: 0.001 para:0.025641025975346565
2026-09-17 11:11:57,577 P955321 INFO Epoch 38/300, all_loss:0.09590 cls_loss:0.09713 rec_loss:0.04918 [8.30s]; best loss:0.08925, patience : 3
2026-09-17 11:12:00,330 P955321 INFO pr:0.9701  rc:0.8992  auc:0.9714 ap:0.9641 f1: 0.9333 pred_right: 38632 pred_wrong:368 actu_right: 38603 actu_wrong: 397
2026-09-17 11:12:01,570 P955321 INFO pr:0.8800  rc:0.8527  auc:0.9768 ap:0.9547 f1: 0.8661 pred_right: 16375 pred_wrong:125 actu_right: 16371 actu_wrong: 129
2026-09-17 11:12:01,571 P955321 INFO ----------------------------------------------------------------------------------------------------
2026-09-17 11:12:01,571 P955321 INFO 39/300 starting... lr: 0.001 para:0.02500000037252903
2026-09-17 11:12:21,219 P955321 INFO Epoch 39/300, all_loss:0.07984 cls_loss:0.08062 rec_loss:0.04929 [19.64s]; best loss:0.07984, patience : 0
2026-09-17 11:12:26,583 P955321 INFO pr:0.9416  rc:0.8965  auc:0.9676 ap:0.9602 f1: 0.9185 pred_right: 38623 pred_wrong:377 actu_right: 38604 actu_wrong: 396
2026-09-17 11:12:28,403 P955321 INFO pr:0.8425  rc:0.8295  auc:0.9683 ap:0.9246 f1: 0.8359 pred_right: 16373 pred_wrong:127 actu_right: 16371 actu_wrong: 129
2026-09-17 11:12:28,404 P955321 INFO ----------------------------------------------------------------------------------------------------
2026-09-17 11:12:28,404 P955321 INFO 40/300 starting... lr: 0.001 para:0.024390242993831635
2026-09-17 11:12:39,259 P955321 INFO Epoch 40/300, all_loss:0.06513 cls_loss:0.06550 rec_loss:0.05042 [10.85s]; best loss:0.06513, patience : 0
2026-09-17 11:12:42,620 P955321 INFO pr:0.9465  rc:0.8917  auc:0.9643 ap:0.9553 f1: 0.9183 pred_right: 38626 pred_wrong:374 actu_right: 38603 actu_wrong: 397
2026-09-17 11:12:44,322 P955321 INFO pr:0.8525  rc:0.8062  auc:0.9733 ap:0.9229 f1: 0.8287 pred_right: 16378 pred_wrong:122 actu_right: 16371 actu_wrong: 129
2026-09-17 11:12:44,324 P955321 INFO ----------------------------------------------------------------------------------------------------
2026-09-17 11:12:44,325 P955321 INFO 41/300 starting... lr: 0.001 para:0.02380952425301075
2026-09-17 11:12:54,692 P955321 INFO Epoch 41/300, all_loss:1.90171 cls_loss:1.94687 rec_loss:0.04993 [10.37s]; best loss:0.06513, patience : 1
2026-09-17 11:12:57,791 P955321 INFO pr:0.9781  rc:0.7859  auc:0.9427 ap:0.9430 f1: 0.8715 pred_right: 38681 pred_wrong:319 actu_right: 38603 actu_wrong: 397
2026-09-17 11:12:59,490 P955321 INFO pr:0.9375  rc:0.6977  auc:0.9442 ap:0.9250 f1: 0.8000 pred_right: 16404 pred_wrong:96 actu_right: 16371 actu_wrong: 129
2026-09-17 11:12:59,491 P955321 INFO ----------------------------------------------------------------------------------------------------
2026-09-17 11:12:59,491 P955321 INFO 42/300 starting... lr: 0.001 para:0.023255813866853714
2026-09-17 11:13:09,579 P955321 INFO Epoch 42/300, all_loss:0.13231 cls_loss:0.13422 rec_loss:0.05182 [10.09s]; best loss:0.06513, patience : 1
2026-09-17 11:13:13,253 P955321 INFO pr:0.9129  rc:0.9244  auc:0.9775 ap:0.9635 f1: 0.9186 pred_right: 38598 pred_wrong:402 actu_right: 38603 actu_wrong: 397
2026-09-17 11:13:14,735 P955321 INFO pr:0.8138  rc:0.9147  auc:0.9942 ap:0.9341 f1: 0.8613 pred_right: 16355 pred_wrong:145 actu_right: 16371 actu_wrong: 129
2026-09-17 11:13:14,736 P955321 INFO ----------------------------------------------------------------------------------------------------
2026-09-17 11:13:14,736 P955321 INFO 43/300 starting... lr: 0.001 para:0.022727273404598236
2026-09-17 11:13:25,261 P955321 INFO Epoch 43/300, all_loss:0.09332 cls_loss:0.09438 rec_loss:0.04773 [10.52s]; best loss:0.06513, patience : 1
2026-09-17 11:13:28,766 P955321 INFO pr:0.9656  rc:0.8532  auc:0.9701 ap:0.9587 f1: 0.9059 pred_right: 38651 pred_wrong:349 actu_right: 38605 actu_wrong: 395
2026-09-17 11:13:30,147 P955321 INFO pr:0.8655  rc:0.7984  auc:0.9567 ap:0.9161 f1: 0.8306 pred_right: 16381 pred_wrong:119 actu_right: 16371 actu_wrong: 129
2026-09-17 11:13:30,148 P955321 INFO ----------------------------------------------------------------------------------------------------
2026-09-17 11:13:30,148 P955321 INFO 44/300 starting... lr: 0.001 para:0.02222222276031971
2026-09-17 11:13:40,832 P955321 INFO Epoch 44/300, all_loss:0.08877 cls_loss:0.08979 rec_loss:0.04396 [10.68s]; best loss:0.06513, patience : 1
2026-09-17 11:13:44,437 P955321 INFO pr:0.9468  rc:0.9036  auc:0.9733 ap:0.9634 f1: 0.9247 pred_right: 38624 pred_wrong:376 actu_right: 38606 actu_wrong: 394
2026-09-17 11:13:45,932 P955321 INFO pr:0.8507  rc:0.8837  auc:0.9771 ap:0.9455 f1: 0.8669 pred_right: 16366 pred_wrong:134 actu_right: 16371 actu_wrong: 129
2026-09-17 11:13:45,935 P955321 INFO ----------------------------------------------------------------------------------------------------
2026-09-17 11:13:45,936 P955321 INFO 45/300 starting... lr: 0.001 para:0.021739130839705467
2026-09-17 11:13:56,776 P955321 INFO Epoch 45/300, all_loss:0.04907 cls_loss:0.04912 rec_loss:0.04685 [10.83s]; best loss:0.04907, patience : 0
2026-09-17 11:14:00,486 P955321 INFO pr:0.9282  rc:0.9118  auc:0.9713 ap:0.9613 f1: 0.9199 pred_right: 38610 pred_wrong:390 actu_right: 38603 actu_wrong: 397
2026-09-17 11:14:01,828 P955321 INFO pr:0.8284  rc:0.8605  auc:0.9764 ap:0.9262 f1: 0.8441 pred_right: 16366 pred_wrong:134 actu_right: 16371 actu_wrong: 129
2026-09-17 11:14:01,828 P955321 INFO ----------------------------------------------------------------------------------------------------
2026-09-17 11:14:01,829 P955321 INFO 46/300 starting... lr: 0.001 para:0.021276595070958138
2026-09-17 11:14:12,590 P955321 INFO Epoch 46/300, all_loss:0.03415 cls_loss:0.03386 rec_loss:0.04737 [10.76s]; best loss:0.03415, patience : 0
2026-09-17 11:14:16,060 P955321 INFO pr:0.8870  rc:0.9093  auc:0.9765 ap:0.9634 f1: 0.8980 pred_right: 38593 pred_wrong:407 actu_right: 38603 actu_wrong: 397
2026-09-17 11:14:19,368 P955321 INFO pr:0.7762  rc:0.8605  auc:0.9826 ap:0.9251 f1: 0.8162 pred_right: 16357 pred_wrong:143 actu_right: 16371 actu_wrong: 129
2026-09-17 11:14:19,370 P955321 INFO ----------------------------------------------------------------------------------------------------
2026-09-17 11:14:19,371 P955321 INFO 47/300 starting... lr: 0.001 para:0.02083333395421505
2026-09-17 11:14:28,288 P955321 INFO Epoch 47/300, all_loss:0.06147 cls_loss:0.06178 rec_loss:0.04662 [8.92s]; best loss:0.03415, patience : 1
2026-09-17 11:14:31,397 P955321 INFO pr:0.9811  rc:0.7834  auc:0.9518 ap:0.9523 f1: 0.8711 pred_right: 38683 pred_wrong:317 actu_right: 38603 actu_wrong: 397
2026-09-17 11:14:32,677 P955321 INFO pr:0.9271  rc:0.6899  auc:0.9323 ap:0.9254 f1: 0.7911 pred_right: 16404 pred_wrong:96 actu_right: 16371 actu_wrong: 129
2026-09-17 11:14:32,678 P955321 INFO ----------------------------------------------------------------------------------------------------
2026-09-17 11:14:32,678 P955321 INFO 48/300 starting... lr: 0.001 para:0.020408162847161293
2026-09-17 11:14:53,419 P955321 INFO Epoch 48/300, all_loss:0.17234 cls_loss:0.17493 rec_loss:0.04770 [20.74s]; best loss:0.03415, patience : 2
2026-09-17 11:14:57,477 P955321 INFO pr:0.9728  rc:0.9015  auc:0.9691 ap:0.9642 f1: 0.9358 pred_right: 38633 pred_wrong:367 actu_right: 38604 actu_wrong: 396
2026-09-17 11:14:59,066 P955321 INFO pr:0.9091  rc:0.8527  auc:0.9738 ap:0.9454 f1: 0.8800 pred_right: 16379 pred_wrong:121 actu_right: 16371 actu_wrong: 129
2026-09-17 11:14:59,067 P955321 INFO ----------------------------------------------------------------------------------------------------
2026-09-17 11:14:59,075 P955321 INFO 49/300 starting... lr: 0.001 para:0.019999999552965164
2026-09-17 11:15:09,807 P955321 INFO Epoch 49/300, all_loss:0.02547 cls_loss:0.02506 rec_loss:0.04570 [10.73s]; best loss:0.02547, patience : 0
2026-09-17 11:15:13,031 P955321 INFO pr:0.9735  rc:0.8338  auc:0.9491 ap:0.9465 f1: 0.8982 pred_right: 38660 pred_wrong:340 actu_right: 38603 actu_wrong: 397
2026-09-17 11:15:14,334 P955321 INFO pr:0.9352  rc:0.7829  auc:0.9567 ap:0.9306 f1: 0.8523 pred_right: 16392 pred_wrong:108 actu_right: 16371 actu_wrong: 129
2026-09-17 11:15:14,335 P955321 INFO ----------------------------------------------------------------------------------------------------
2026-09-17 11:15:14,335 P955321 INFO 50/300 starting... lr: 0.001 para:0.019607843831181526
2026-09-17 11:15:24,743 P955321 INFO Epoch 50/300, all_loss:0.08491 cls_loss:0.08569 rec_loss:0.04604 [10.41s]; best loss:0.02547, patience : 1
2026-09-17 11:15:27,851 P955321 INFO pr:0.8564  rc:0.8866  auc:0.9697 ap:0.9418 f1: 0.8713 pred_right: 38589 pred_wrong:411 actu_right: 38603 actu_wrong: 397
2026-09-17 11:15:29,239 P955321 INFO pr:0.7810  rc:0.8295  auc:0.9700 ap:0.8965 f1: 0.8045 pred_right: 16363 pred_wrong:137 actu_right: 16371 actu_wrong: 129
2026-09-17 11:15:29,240 P955321 INFO ----------------------------------------------------------------------------------------------------
2026-09-17 11:15:29,240 P955321 INFO 51/300 starting... lr: 0.001 para:0.01923076994717121
2026-09-17 11:15:39,492 P955321 INFO Epoch 51/300, all_loss:0.05714 cls_loss:0.05733 rec_loss:0.04710 [10.25s]; best loss:0.02547, patience : 1
2026-09-17 11:15:42,752 P955321 INFO pr:0.9649  rc:0.8992  auc:0.9711 ap:0.9648 f1: 0.9309 pred_right: 38630 pred_wrong:370 actu_right: 38603 actu_wrong: 397
2026-09-17 11:15:44,087 P955321 INFO pr:0.8661  rc:0.8527  auc:0.9785 ap:0.9413 f1: 0.8594 pred_right: 16373 pred_wrong:127 actu_right: 16371 actu_wrong: 129
2026-09-17 11:15:44,089 P955321 INFO ----------------------------------------------------------------------------------------------------
2026-09-17 11:15:44,090 P955321 INFO 52/300 starting... lr: 0.001 para:0.01886792480945587
2026-09-17 11:15:54,497 P955321 INFO Epoch 52/300, all_loss:0.02064 cls_loss:0.02019 rec_loss:0.04401 [10.40s]; best loss:0.02064, patience : 0
2026-09-17 11:15:57,690 P955321 INFO pr:0.8167  rc:0.9093  auc:0.9738 ap:0.9501 f1: 0.8605 pred_right: 38558 pred_wrong:442 actu_right: 38603 actu_wrong: 397
2026-09-17 11:15:58,859 P955321 INFO pr:0.8188  rc:0.8760  auc:0.9752 ap:0.9320 f1: 0.8464 pred_right: 16362 pred_wrong:138 actu_right: 16371 actu_wrong: 129
2026-09-17 11:15:58,860 P955321 INFO ----------------------------------------------------------------------------------------------------
2026-09-17 11:15:58,860 P955321 INFO 53/300 starting... lr: 0.001 para:0.018518518656492233
2026-09-17 11:16:08,742 P955321 INFO Epoch 53/300, all_loss:0.03644 cls_loss:0.03627 rec_loss:0.04552 [9.88s]; best loss:0.02064, patience : 1
2026-09-17 11:16:11,569 P955321 INFO pr:0.9569  rc:0.8942  auc:0.9685 ap:0.9640 f1: 0.9245 pred_right: 38629 pred_wrong:371 actu_right: 38603 actu_wrong: 397
2026-09-17 11:16:12,748 P955321 INFO pr:0.8843  rc:0.8295  auc:0.9682 ap:0.9428 f1: 0.8560 pred_right: 16379 pred_wrong:121 actu_right: 16371 actu_wrong: 129
2026-09-17 11:16:12,749 P955321 INFO ----------------------------------------------------------------------------------------------------
2026-09-17 11:16:12,750 P955321 INFO 54/300 starting... lr: 0.001 para:0.0181818176060915
2026-09-17 11:16:22,473 P955321 INFO Epoch 54/300, all_loss:0.00960 cls_loss:0.00894 rec_loss:0.04485 [9.72s]; best loss:0.00960, patience : 0
2026-09-17 11:16:25,374 P955321 INFO pr:0.9584  rc:0.8715  auc:0.9629 ap:0.9610 f1: 0.9129 pred_right: 38639 pred_wrong:361 actu_right: 38603 actu_wrong: 397
2026-09-17 11:16:26,631 P955321 INFO pr:0.8739  rc:0.8062  auc:0.9696 ap:0.9371 f1: 0.8387 pred_right: 16381 pred_wrong:119 actu_right: 16371 actu_wrong: 129
2026-09-17 11:16:26,631 P955321 INFO ----------------------------------------------------------------------------------------------------
2026-09-17 11:16:26,632 P955321 INFO 55/300 starting... lr: 0.001 para:0.01785714365541935
2026-09-17 11:16:36,480 P955321 INFO Epoch 55/300, all_loss:0.07475 cls_loss:0.07531 rec_loss:0.04417 [9.85s]; best loss:0.00960, patience : 1
2026-09-17 11:16:39,330 P955321 INFO pr:0.9773  rc:0.8690  auc:0.9720 ap:0.9684 f1: 0.9200 pred_right: 38647 pred_wrong:353 actu_right: 38603 actu_wrong: 397
2026-09-17 11:16:42,829 P955321 INFO pr:0.9027  rc:0.7907  auc:0.9711 ap:0.9490 f1: 0.8430 pred_right: 16387 pred_wrong:113 actu_right: 16371 actu_wrong: 129
2026-09-17 11:16:42,830 P955321 INFO ----------------------------------------------------------------------------------------------------
2026-09-17 11:16:42,830 P955321 INFO 56/300 starting... lr: 0.001 para:0.017543859779834747
2026-09-17 11:16:50,332 P955321 INFO Epoch 56/300, all_loss:0.07182 cls_loss:0.07240 rec_loss:0.03935 [7.50s]; best loss:0.00960, patience : 1
2026-09-17 11:16:53,105 P955321 INFO pr:0.9524  rc:0.9091  auc:0.9770 ap:0.9702 f1: 0.9302 pred_right: 38622 pred_wrong:378 actu_right: 38604 actu_wrong: 396
2026-09-17 11:16:54,246 P955321 INFO pr:0.8551  rc:0.9147  auc:0.9829 ap:0.9641 f1: 0.8839 pred_right: 16362 pred_wrong:138 actu_right: 16371 actu_wrong: 129
2026-09-17 11:16:54,247 P955321 INFO ----------------------------------------------------------------------------------------------------
2026-09-17 11:16:54,247 P955321 INFO 57/300 starting... lr: 0.001 para:0.017241379246115685
2026-09-17 11:17:11,383 P955321 INFO Epoch 57/300, all_loss:0.01330 cls_loss:0.01285 rec_loss:0.03903 [17.13s]; best loss:0.00960, patience : 1
2026-09-17 11:17:16,139 P955321 INFO pr:0.8689  rc:0.9345  auc:0.9788 ap:0.9680 f1: 0.9005 pred_right: 38573 pred_wrong:427 actu_right: 38603 actu_wrong: 397
2026-09-17 11:17:17,441 P955321 INFO pr:0.7785  rc:0.8992  auc:0.9716 ap:0.9327 f1: 0.8345 pred_right: 16351 pred_wrong:149 actu_right: 16371 actu_wrong: 129
2026-09-17 11:17:17,442 P955321 INFO ----------------------------------------------------------------------------------------------------
2026-09-17 11:17:17,442 P955321 INFO 58/300 starting... lr: 0.001 para:0.016949152573943138
2026-09-17 11:17:26,901 P955321 INFO Epoch 58/300, all_loss:0.08381 cls_loss:0.08458 rec_loss:0.03951 [9.46s]; best loss:0.00960, patience : 2
2026-09-17 11:17:29,775 P955321 INFO pr:0.9066  rc:0.9066  auc:0.9741 ap:0.9618 f1: 0.9066 pred_right: 38604 pred_wrong:396 actu_right: 38604 actu_wrong: 396
2026-09-17 11:17:31,050 P955321 INFO pr:0.8235  rc:0.8682  auc:0.9731 ap:0.9332 f1: 0.8453 pred_right: 16364 pred_wrong:136 actu_right: 16371 actu_wrong: 129
2026-09-17 11:17:31,052 P955321 INFO ----------------------------------------------------------------------------------------------------
2026-09-17 11:17:31,052 P955321 INFO 59/300 starting... lr: 0.001 para:0.01666666753590107
2026-09-17 11:17:39,955 P955321 INFO Epoch 59/300, all_loss:0.02225 cls_loss:0.02197 rec_loss:0.03847 [8.90s]; best loss:0.00960, patience : 2
2026-09-17 11:17:42,720 P955321 INFO pr:0.8638  rc:0.9270  auc:0.9794 ap:0.9644 f1: 0.8943 pred_right: 38574 pred_wrong:426 actu_right: 38603 actu_wrong: 397
