2026-07-22 10:43:51,219 P3226992 INFO ---- Model: ----MSTGAD-79ed74c8----random_seed : 3----req_loss_approach : Legendre-style----rec_lambda : 1.0----auxi_lambda : 0.5----Freq Domain : FITS_Legendre----Multi Fits : false----train : True----evaluate : False
2026-07-22 10:43:51,220 P3226992 INFO Load from /home/db2003/Desktop/Amr/Tests/Eadro/codes/chunks/TT
2026-07-22 10:44:08,205 P3226992 INFO Fewshot: training with 1.0 of the 70% of the data
2026-07-22 10:44:08,292 P3226992 INFO Trainable Parameters Breakdown:
2026-07-22 10:44:08,292 P3226992 INFO --------------------------------------------------------------------------------
2026-07-22 10:44:08,292 P3226992 INFO Reconstruction-Specific Parameters:
2026-07-22 10:44:08,292 P3226992 INFO node_emb.linear.weight                   | shape: (8, 7)                    | params: 56
2026-07-22 10:44:08,292 P3226992 INFO node_emb.linear.bias                     | shape: (8,)                      | params: 8
2026-07-22 10:44:08,292 P3226992 INFO log_emb.linear.weight                    | shape: (32, 60)                  | params: 1,920
2026-07-22 10:44:08,292 P3226992 INFO log_emb.linear.bias                      | shape: (32,)                     | params: 32
2026-07-22 10:44:08,292 P3226992 INFO egde_emb.linear.weight                   | shape: (8, 2)                    | params: 16
2026-07-22 10:44:08,292 P3226992 INFO egde_emb.linear.bias                     | shape: (8,)                      | params: 8
2026-07-22 10:44:08,293 P3226992 INFO dense_node.weight                        | shape: (7, 8)                    | params: 56
2026-07-22 10:44:08,293 P3226992 INFO dense_node.bias                          | shape: (7,)                      | params: 7
2026-07-22 10:44:08,293 P3226992 INFO dense_log.weight                         | shape: (60, 32)                  | params: 1,920
2026-07-22 10:44:08,293 P3226992 INFO dense_log.bias                           | shape: (60,)                     | params: 60
2026-07-22 10:44:08,293 P3226992 INFO dense_edge.weight                        | shape: (2, 8)                    | params: 16
2026-07-22 10:44:08,293 P3226992 INFO dense_edge.bias                          | shape: (2,)                      | params: 2
2026-07-22 10:44:08,293 P3226992 INFO linear_attn.Wq.weight                    | shape: (10, 10)                  | params: 100
2026-07-22 10:44:08,293 P3226992 INFO linear_attn.Wk.weight                    | shape: (10, 10)                  | params: 100
2026-07-22 10:44:08,293 P3226992 INFO linear_attn.Wv.weight                    | shape: (10, 10)                  | params: 100
2026-07-22 10:44:08,293 P3226992 INFO linear_attn.out.weight                   | shape: (10, 10)                  | params: 100
2026-07-22 10:44:08,293 P3226992 INFO linear_attn.out.bias                     | shape: (10,)                     | params: 10
2026-07-22 10:44:08,293 P3226992 INFO linear_attn.norm.weight                  | shape: (10,)                     | params: 10
2026-07-22 10:44:08,293 P3226992 INFO linear_attn.norm.bias                    | shape: (10,)                     | params: 10
2026-07-22 10:44:08,293 P3226992 INFO shared_fits.normlin_W                    | shape: (5, 5)                    | params: 25
2026-07-22 10:44:08,293 P3226992 INFO shared_fits.freq_upsampler.weight        | shape: (5, 5)                    | params: 25
2026-07-22 10:44:08,293 P3226992 INFO shared_fits.freq_upsampler.bias          | shape: (5,)                      | params: 5
2026-07-22 10:44:08,293 P3226992 INFO modality_proj.node.weight                | shape: (10, 8)                   | params: 80
2026-07-22 10:44:08,293 P3226992 INFO modality_proj.node.bias                  | shape: (10,)                     | params: 10
2026-07-22 10:44:08,293 P3226992 INFO modality_proj.log.weight                 | shape: (10, 32)                  | params: 320
2026-07-22 10:44:08,293 P3226992 INFO modality_proj.log.bias                   | shape: (10,)                     | params: 10
2026-07-22 10:44:08,293 P3226992 INFO modality_proj.edge.weight                | shape: (10, 8)                   | params: 80
2026-07-22 10:44:08,294 P3226992 INFO modality_proj.edge.bias                  | shape: (10,)                     | params: 10
2026-07-22 10:44:08,294 P3226992 INFO modality_proj_out.node.weight            | shape: (8, 10)                   | params: 80
2026-07-22 10:44:08,294 P3226992 INFO modality_proj_out.node.bias              | shape: (8,)                      | params: 8
2026-07-22 10:44:08,294 P3226992 INFO modality_proj_out.log.weight             | shape: (32, 10)                  | params: 320
2026-07-22 10:44:08,294 P3226992 INFO modality_proj_out.log.bias               | shape: (32,)                     | params: 32
2026-07-22 10:44:08,294 P3226992 INFO modality_proj_out.edge.weight            | shape: (8, 10)                   | params: 80
2026-07-22 10:44:08,294 P3226992 INFO modality_proj_out.edge.bias              | shape: (8,)                      | params: 8
2026-07-22 10:44:08,294 P3226992 INFO Subtotal: 5,624
2026-07-22 10:44:08,294 P3226992 INFO --------------------------------------------------------------------------------
2026-07-22 10:44:08,294 P3226992 INFO Common Parameters:
2026-07-22 10:44:08,294 P3226992 INFO show.0.weight                            | shape: (128, 69)                 | params: 8,832
2026-07-22 10:44:08,294 P3226992 INFO show.0.bias                              | shape: (128,)                    | params: 128
2026-07-22 10:44:08,294 P3226992 INFO show.2.weight                            | shape: (2, 128)                  | params: 256
2026-07-22 10:44:08,294 P3226992 INFO show.2.bias                              | shape: (2,)                      | params: 2
2026-07-22 10:44:08,294 P3226992 INFO Subtotal: 9,218
2026-07-22 10:44:08,294 P3226992 INFO --------------------------------------------------------------------------------
2026-07-22 10:44:08,294 P3226992 INFO Total Trainable Parameters: 14,842

2026-07-22 10:44:08,294 P3226992 INFO Trainable Parameters: 14842, reconstruction: 5624, common: 9218
2026-07-22 10:44:08,294 P3226992 INFO model : init weight
2026-07-22 10:44:08,295 P3226992 INFO Using GPU...
2026-07-22 10:44:08,301 P3226992 INFO optimizer : using AdaBelief
2026-07-22 10:44:08,301 P3226992 INFO ----------------------------------------------------------------------------------------------------
2026-07-22 10:44:08,301 P3226992 INFO 0/50 starting... lr: 0.001 para:1.0
2026-07-22 10:44:29,812 P3226992 INFO Epoch 0/50, all_loss:0.09755 cls_loss:26.00428 rec_loss:0.09755 [21.51s]; best loss:0.09755, patience : 0
2026-07-22 10:44:29,812 P3226992 INFO ----------------------------------------------------------------------------------------------------
2026-07-22 10:44:29,812 P3226992 INFO 1/50 starting... lr: 0.001 para:0.5
2026-07-22 10:44:50,334 P3226992 INFO Epoch 1/50, all_loss:2.31673 cls_loss:4.37255 rec_loss:0.26091 [20.52s]; best loss:2.31673, patience : 0
2026-07-22 10:44:50,335 P3226992 INFO ----------------------------------------------------------------------------------------------------
2026-07-22 10:44:50,335 P3226992 INFO 2/50 starting... lr: 0.001 para:0.3333333432674408
2026-07-22 10:45:11,605 P3226992 INFO Epoch 2/50, all_loss:1.57371 cls_loss:2.18742 rec_loss:0.34628 [21.27s]; best loss:1.57371, patience : 0
2026-07-22 10:45:20,828 P3226992 INFO pr:0.9162  rc:0.4821  auc:0.9889 ap:0.9041 f1: 0.6318 pred_right: 1078051 pred_wrong:18149 actu_right: 1061711 actu_wrong: 34489
2026-07-22 10:45:28,113 P3226992 INFO pr:0.9161  rc:0.4813  auc:0.9889 ap:0.9051 f1: 0.6310 pred_right: 462020 pred_wrong:7780 actu_right: 454992 actu_wrong: 14808
2026-07-22 10:45:28,121 P3226992 INFO ----------------------------------------------------------------------------------------------------
2026-07-22 10:45:28,122 P3226992 INFO 3/50 starting... lr: 0.001 para:0.25
2026-07-22 10:45:53,763 P3226992 INFO Epoch 3/50, all_loss:1.49622 cls_loss:1.86902 rec_loss:0.37781 [25.64s]; best loss:1.49622, patience : 0
2026-07-22 10:46:04,558 P3226992 INFO pr:0.9188  rc:0.5256  auc:0.9920 ap:0.9232 f1: 0.6687 pred_right: 1076466 pred_wrong:19734 actu_right: 1061706 actu_wrong: 34494
2026-07-22 10:46:08,852 P3226992 INFO pr:0.9253  rc:0.5238  auc:0.9921 ap:0.9249 f1: 0.6690 pred_right: 461417 pred_wrong:8383 actu_right: 454992 actu_wrong: 14808
2026-07-22 10:46:08,857 P3226992 INFO ----------------------------------------------------------------------------------------------------
2026-07-22 10:46:08,857 P3226992 INFO 4/50 starting... lr: 0.001 para:0.20000000298023224
2026-07-22 10:46:29,448 P3226992 INFO Epoch 4/50, all_loss:1.44535 cls_loss:1.70203 rec_loss:0.41862 [20.59s]; best loss:1.44535, patience : 0
2026-07-22 10:46:40,020 P3226992 INFO pr:0.8852  rc:0.5943  auc:0.9935 ap:0.9320 f1: 0.7111 pred_right: 1073043 pred_wrong:23157 actu_right: 1061709 actu_wrong: 34491
2026-07-22 10:46:45,619 P3226992 INFO pr:0.8935  rc:0.5927  auc:0.9937 ap:0.9328 f1: 0.7126 pred_right: 459978 pred_wrong:9822 actu_right: 454992 actu_wrong: 14808
2026-07-22 10:46:45,623 P3226992 INFO ----------------------------------------------------------------------------------------------------
2026-07-22 10:46:45,623 P3226992 INFO 5/50 starting... lr: 0.001 para:0.1666666716337204
2026-07-22 10:47:11,894 P3226992 INFO Epoch 5/50, all_loss:1.32219 cls_loss:1.48400 rec_loss:0.51316 [26.27s]; best loss:1.32219, patience : 0
2026-07-22 10:47:22,908 P3226992 INFO pr:0.8173  rc:0.8184  auc:0.9957 ap:0.9533 f1: 0.8178 pred_right: 1061666 pred_wrong:34534 actu_right: 1061713 actu_wrong: 34487
2026-07-22 10:47:27,373 P3226992 INFO pr:0.8208  rc:0.8164  auc:0.9958 ap:0.9543 f1: 0.8186 pred_right: 455071 pred_wrong:14729 actu_right: 454992 actu_wrong: 14808
2026-07-22 10:47:27,378 P3226992 INFO ----------------------------------------------------------------------------------------------------
2026-07-22 10:47:27,378 P3226992 INFO 6/50 starting... lr: 0.001 para:0.1428571492433548
2026-07-22 10:47:47,858 P3226992 INFO Epoch 6/50, all_loss:1.11568 cls_loss:1.18458 rec_loss:0.70223 [20.48s]; best loss:1.11568, patience : 0
2026-07-22 10:47:58,550 P3226992 INFO pr:0.9009  rc:0.7393  auc:0.9971 ap:0.9668 f1: 0.8122 pred_right: 1067897 pred_wrong:28303 actu_right: 1061711 actu_wrong: 34489
2026-07-22 10:48:02,879 P3226992 INFO pr:0.9037  rc:0.7336  auc:0.9973 ap:0.9671 f1: 0.8098 pred_right: 457779 pred_wrong:12021 actu_right: 454992 actu_wrong: 14808
2026-07-22 10:48:02,880 P3226992 INFO ----------------------------------------------------------------------------------------------------
2026-07-22 10:48:02,880 P3226992 INFO 7/50 starting... lr: 0.001 para:0.125
2026-07-22 10:48:23,540 P3226992 INFO Epoch 7/50, all_loss:0.97796 cls_loss:1.00068 rec_loss:0.81892 [20.66s]; best loss:0.97796, patience : 0
2026-07-22 10:48:37,463 P3226992 INFO pr:0.8700  rc:0.8860  auc:0.9979 ap:0.9728 f1: 0.8779 pred_right: 1061077 pred_wrong:35123 actu_right: 1061710 actu_wrong: 34490
2026-07-22 10:48:45,134 P3226992 INFO pr:0.8752  rc:0.8849  auc:0.9979 ap:0.9736 f1: 0.8800 pred_right: 454827 pred_wrong:14973 actu_right: 454992 actu_wrong: 14808
2026-07-22 10:48:45,139 P3226992 INFO ----------------------------------------------------------------------------------------------------
2026-07-22 10:48:45,139 P3226992 INFO 8/50 starting... lr: 0.001 para:0.1111111119389534
2026-07-22 10:49:05,731 P3226992 INFO Epoch 8/50, all_loss:0.88865 cls_loss:0.89229 rec_loss:0.85951 [20.59s]; best loss:0.88865, patience : 0
2026-07-22 10:49:16,201 P3226992 INFO pr:0.9046  rc:0.8328  auc:0.9976 ap:0.9774 f1: 0.8672 pred_right: 1064449 pred_wrong:31751 actu_right: 1061710 actu_wrong: 34490
2026-07-22 10:49:20,675 P3226992 INFO pr:0.9085  rc:0.8301  auc:0.9978 ap:0.9775 f1: 0.8675 pred_right: 456270 pred_wrong:13530 actu_right: 454992 actu_wrong: 14808
2026-07-22 10:49:20,676 P3226992 INFO ----------------------------------------------------------------------------------------------------
2026-07-22 10:49:20,676 P3226992 INFO 9/50 starting... lr: 0.001 para:0.10000000149011612
2026-07-22 10:49:41,431 P3226992 INFO Epoch 9/50, all_loss:0.84609 cls_loss:0.84277 rec_loss:0.87601 [20.75s]; best loss:0.84609, patience : 0
2026-07-22 10:49:52,556 P3226992 INFO pr:0.8861  rc:0.9006  auc:0.9979 ap:0.9765 f1: 0.8933 pred_right: 1061140 pred_wrong:35060 actu_right: 1061703 actu_wrong: 34497
2026-07-22 10:49:56,320 P3226992 INFO pr:0.8898  rc:0.8988  auc:0.9982 ap:0.9766 f1: 0.8943 pred_right: 454842 pred_wrong:14958 actu_right: 454992 actu_wrong: 14808
2026-07-22 10:49:56,324 P3226992 INFO ----------------------------------------------------------------------------------------------------
2026-07-22 10:49:56,324 P3226992 INFO 10/50 starting... lr: 0.001 para:0.09090909361839294
2026-07-22 10:50:23,565 P3226992 INFO Epoch 10/50, all_loss:0.80104 cls_loss:0.79127 rec_loss:0.89875 [27.24s]; best loss:0.80104, patience : 0
2026-07-22 10:50:34,238 P3226992 INFO pr:0.9098  rc:0.8680  auc:0.9984 ap:0.9806 f1: 0.8884 pred_right: 1063287 pred_wrong:32913 actu_right: 1061704 actu_wrong: 34496
2026-07-22 10:50:38,588 P3226992 INFO pr:0.9118  rc:0.8641  auc:0.9984 ap:0.9804 f1: 0.8873 pred_right: 455768 pred_wrong:14032 actu_right: 454992 actu_wrong: 14808
2026-07-22 10:50:38,589 P3226992 INFO ----------------------------------------------------------------------------------------------------
2026-07-22 10:50:38,589 P3226992 INFO 11/50 starting... lr: 0.001 para:0.0833333358168602
2026-07-22 10:50:59,031 P3226992 INFO Epoch 11/50, all_loss:0.76835 cls_loss:0.75417 rec_loss:0.92433 [20.44s]; best loss:0.76835, patience : 0
2026-07-22 10:51:09,922 P3226992 INFO pr:0.8915  rc:0.9354  auc:0.9985 ap:0.9825 f1: 0.9129 pred_right: 1060015 pred_wrong:36185 actu_right: 1061713 actu_wrong: 34487
2026-07-22 10:51:14,306 P3226992 INFO pr:0.8967  rc:0.9354  auc:0.9985 ap:0.9825 f1: 0.9157 pred_right: 454352 pred_wrong:15448 actu_right: 454992 actu_wrong: 14808
2026-07-22 10:51:14,310 P3226992 INFO ----------------------------------------------------------------------------------------------------
2026-07-22 10:51:14,311 P3226992 INFO 12/50 starting... lr: 0.001 para:0.07692307978868484
2026-07-22 10:51:35,237 P3226992 INFO Epoch 12/50, all_loss:0.73869 cls_loss:0.72136 rec_loss:0.94664 [20.92s]; best loss:0.73869, patience : 0
2026-07-22 10:51:52,885 P3226992 INFO pr:0.8837  rc:0.9525  auc:0.9986 ap:0.9843 f1: 0.9168 pred_right: 1059024 pred_wrong:37176 actu_right: 1061711 actu_wrong: 34489
2026-07-22 10:51:57,521 P3226992 INFO pr:0.8866  rc:0.9500  auc:0.9987 ap:0.9842 f1: 0.9172 pred_right: 453933 pred_wrong:15867 actu_right: 454992 actu_wrong: 14808
2026-07-22 10:51:57,525 P3226992 INFO ----------------------------------------------------------------------------------------------------
2026-07-22 10:51:57,528 P3226992 INFO 13/50 starting... lr: 0.001 para:0.0714285746216774
2026-07-22 10:52:17,974 P3226992 INFO Epoch 13/50, all_loss:0.70906 cls_loss:0.68872 rec_loss:0.97343 [20.44s]; best loss:0.70906, patience : 0
2026-07-22 10:52:28,683 P3226992 INFO pr:0.9082  rc:0.9272  auc:0.9987 ap:0.9861 f1: 0.9176 pred_right: 1060997 pred_wrong:35203 actu_right: 1061716 actu_wrong: 34484
2026-07-22 10:52:33,180 P3226992 INFO pr:0.9100  rc:0.9246  auc:0.9987 ap:0.9856 f1: 0.9173 pred_right: 454754 pred_wrong:15046 actu_right: 454992 actu_wrong: 14808
2026-07-22 10:52:33,184 P3226992 INFO ----------------------------------------------------------------------------------------------------
2026-07-22 10:52:33,184 P3226992 INFO 14/50 starting... lr: 0.001 para:0.06666667014360428
2026-07-22 10:52:55,335 P3226992 INFO Epoch 14/50, all_loss:0.67464 cls_loss:0.65142 rec_loss:0.99966 [22.15s]; best loss:0.67464, patience : 0
2026-07-22 10:53:04,198 P3226992 INFO pr:0.8891  rc:0.9631  auc:0.9989 ap:0.9863 f1: 0.9246 pred_right: 1058841 pred_wrong:37359 actu_right: 1061711 actu_wrong: 34489
2026-07-22 10:53:08,406 P3226992 INFO pr:0.8906  rc:0.9610  auc:0.9988 ap:0.9855 f1: 0.9245 pred_right: 453820 pred_wrong:15980 actu_right: 454992 actu_wrong: 14808
2026-07-22 10:53:08,415 P3226992 INFO ----------------------------------------------------------------------------------------------------
2026-07-22 10:53:08,415 P3226992 INFO 15/50 starting... lr: 0.001 para:0.0625
2026-07-22 10:53:35,979 P3226992 INFO Epoch 15/50, all_loss:0.62553 cls_loss:0.59943 rec_loss:1.01696 [27.56s]; best loss:0.62553, patience : 0
2026-07-22 10:53:46,631 P3226992 INFO pr:0.8974  rc:0.9541  auc:0.9990 ap:0.9866 f1: 0.9249 pred_right: 1059534 pred_wrong:36666 actu_right: 1061713 actu_wrong: 34487
2026-07-22 10:53:51,020 P3226992 INFO pr:0.9009  rc:0.9500  auc:0.9989 ap:0.9859 f1: 0.9248 pred_right: 454186 pred_wrong:15614 actu_right: 454992 actu_wrong: 14808
2026-07-22 10:53:51,025 P3226992 INFO ----------------------------------------------------------------------------------------------------
2026-07-22 10:53:51,025 P3226992 INFO 16/50 starting... lr: 0.001 para:0.05882352963089943
2026-07-22 10:54:12,106 P3226992 INFO Epoch 16/50, all_loss:0.63921 cls_loss:0.61433 rec_loss:1.03721 [21.08s]; best loss:0.62553, patience : 1
2026-07-22 10:54:22,727 P3226992 INFO pr:0.8943  rc:0.9600  auc:0.9989 ap:0.9868 f1: 0.9260 pred_right: 1059175 pred_wrong:37025 actu_right: 1061709 actu_wrong: 34491
2026-07-22 10:54:28,302 P3226992 INFO pr:0.8941  rc:0.9577  auc:0.9988 ap:0.9861 f1: 0.9248 pred_right: 453939 pred_wrong:15861 actu_right: 454992 actu_wrong: 14808
2026-07-22 10:54:28,306 P3226992 INFO ----------------------------------------------------------------------------------------------------
2026-07-22 10:54:28,306 P3226992 INFO 17/50 starting... lr: 0.001 para:0.0555555559694767
2026-07-22 10:54:54,417 P3226992 INFO Epoch 17/50, all_loss:0.60547 cls_loss:0.57873 rec_loss:1.06015 [26.11s]; best loss:0.60547, patience : 0
2026-07-22 10:55:05,306 P3226992 INFO pr:0.9027  rc:0.9594  auc:0.9992 ap:0.9880 f1: 0.9302 pred_right: 1059550 pred_wrong:36650 actu_right: 1061715 actu_wrong: 34485
2026-07-22 10:55:09,620 P3226992 INFO pr:0.9041  rc:0.9555  auc:0.9990 ap:0.9868 f1: 0.9291 pred_right: 454150 pred_wrong:15650 actu_right: 454992 actu_wrong: 14808
2026-07-22 10:55:09,624 P3226992 INFO ----------------------------------------------------------------------------------------------------
2026-07-22 10:55:09,624 P3226992 INFO 18/50 starting... lr: 0.001 para:0.05263157933950424
2026-07-22 10:55:30,428 P3226992 INFO Epoch 18/50, all_loss:0.59913 cls_loss:0.57403 rec_loss:1.05100 [20.80s]; best loss:0.59913, patience : 0
2026-07-22 10:55:41,164 P3226992 INFO pr:0.8932  rc:0.9706  auc:0.9992 ap:0.9868 f1: 0.9303 pred_right: 1058724 pred_wrong:37476 actu_right: 1061713 actu_wrong: 34487
2026-07-22 10:55:45,460 P3226992 INFO pr:0.8928  rc:0.9677  auc:0.9992 ap:0.9853 f1: 0.9287 pred_right: 453750 pred_wrong:16050 actu_right: 454992 actu_wrong: 14808
2026-07-22 10:55:45,464 P3226992 INFO ----------------------------------------------------------------------------------------------------
2026-07-22 10:55:45,468 P3226992 INFO 19/50 starting... lr: 0.001 para:0.05000000074505806
2026-07-22 10:56:06,063 P3226992 INFO Epoch 19/50, all_loss:0.59256 cls_loss:0.56710 rec_loss:1.07634 [20.59s]; best loss:0.59256, patience : 0
2026-07-22 10:56:23,722 P3226992 INFO pr:0.9371  rc:0.9119  auc:0.9986 ap:0.9897 f1: 0.9243 pred_right: 1062637 pred_wrong:33563 actu_right: 1061712 actu_wrong: 34488
2026-07-22 10:56:29,264 P3226992 INFO pr:0.9371  rc:0.9092  auc:0.9987 ap:0.9890 f1: 0.9230 pred_right: 455433 pred_wrong:14367 actu_right: 454992 actu_wrong: 14808
2026-07-22 10:56:29,265 P3226992 INFO ----------------------------------------------------------------------------------------------------
2026-07-22 10:56:29,265 P3226992 INFO 20/50 starting... lr: 0.001 para:0.0476190485060215
2026-07-22 10:56:49,918 P3226992 INFO Epoch 20/50, all_loss:0.55808 cls_loss:0.53140 rec_loss:1.09159 [20.65s]; best loss:0.55808, patience : 0
2026-07-22 10:57:00,217 P3226992 INFO pr:0.9146  rc:0.9488  auc:0.9992 ap:0.9904 f1: 0.9314 pred_right: 1060423 pred_wrong:35777 actu_right: 1061713 actu_wrong: 34487
2026-07-22 10:57:04,455 P3226992 INFO pr:0.9141  rc:0.9433  auc:0.9991 ap:0.9892 f1: 0.9284 pred_right: 454519 pred_wrong:15281 actu_right: 454992 actu_wrong: 14808
2026-07-22 10:57:04,460 P3226992 INFO ----------------------------------------------------------------------------------------------------
2026-07-22 10:57:04,460 P3226992 INFO 21/50 starting... lr: 0.001 para:0.04545454680919647
2026-07-22 10:57:25,296 P3226992 INFO Epoch 21/50, all_loss:0.56286 cls_loss:0.53819 rec_loss:1.08106 [20.84s]; best loss:0.55808, patience : 1
2026-07-22 10:57:36,748 P3226992 INFO pr:0.9095  rc:0.9574  auc:0.9991 ap:0.9876 f1: 0.9328 pred_right: 1059894 pred_wrong:36306 actu_right: 1061710 actu_wrong: 34490
2026-07-22 10:57:40,465 P3226992 INFO pr:0.9112  rc:0.9537  auc:0.9991 ap:0.9865 f1: 0.9320 pred_right: 454301 pred_wrong:15499 actu_right: 454992 actu_wrong: 14808
2026-07-22 10:57:40,469 P3226992 INFO ----------------------------------------------------------------------------------------------------
2026-07-22 10:57:40,469 P3226992 INFO 22/50 starting... lr: 0.001 para:0.043478261679410934
2026-07-22 10:58:07,439 P3226992 INFO Epoch 22/50, all_loss:0.53885 cls_loss:0.51234 rec_loss:1.12186 [26.97s]; best loss:0.53885, patience : 0
2026-07-22 10:58:18,277 P3226992 INFO pr:0.9006  rc:0.9812  auc:0.9989 ap:0.9911 f1: 0.9392 pred_right: 1058626 pred_wrong:37574 actu_right: 1061712 actu_wrong: 34488
2026-07-22 10:58:22,709 P3226992 INFO pr:0.9017  rc:0.9791  auc:0.9989 ap:0.9902 f1: 0.9388 pred_right: 453720 pred_wrong:16080 actu_right: 454992 actu_wrong: 14808
2026-07-22 10:58:22,714 P3226992 INFO ----------------------------------------------------------------------------------------------------
2026-07-22 10:58:22,714 P3226992 INFO 23/50 starting... lr: 0.001 para:0.0416666679084301
2026-07-22 10:58:43,753 P3226992 INFO Epoch 23/50, all_loss:0.53097 cls_loss:0.50589 rec_loss:1.10765 [21.03s]; best loss:0.53097, patience : 0
2026-07-22 10:58:54,397 P3226992 INFO pr:0.9006  rc:0.9767  auc:0.9993 ap:0.9901 f1: 0.9371 pred_right: 1058797 pred_wrong:37403 actu_right: 1061711 actu_wrong: 34489
2026-07-22 10:58:59,075 P3226992 INFO pr:0.9006  rc:0.9734  auc:0.9992 ap:0.9893 f1: 0.9356 pred_right: 453795 pred_wrong:16005 actu_right: 454992 actu_wrong: 14808
2026-07-22 10:58:59,076 P3226992 INFO ----------------------------------------------------------------------------------------------------
2026-07-22 10:58:59,076 P3226992 INFO 24/50 starting... lr: 0.001 para:0.03999999910593033
2026-07-22 10:59:18,844 P3226992 INFO Epoch 24/50, all_loss:0.51371 cls_loss:0.48791 rec_loss:1.13295 [19.76s]; best loss:0.51371, patience : 0
2026-07-22 10:59:37,760 P3226992 INFO pr:0.9224  rc:0.9632  auc:0.9993 ap:0.9918 f1: 0.9424 pred_right: 1060180 pred_wrong:36020 actu_right: 1061708 actu_wrong: 34492
2026-07-22 10:59:42,270 P3226992 INFO pr:0.9222  rc:0.9580  auc:0.9992 ap:0.9904 f1: 0.9398 pred_right: 454417 pred_wrong:15383 actu_right: 454992 actu_wrong: 14808
2026-07-22 10:59:42,276 P3226992 INFO ----------------------------------------------------------------------------------------------------
2026-07-22 10:59:42,276 P3226992 INFO 25/50 starting... lr: 0.001 para:0.03846153989434242
2026-07-22 11:00:02,653 P3226992 INFO Epoch 25/50, all_loss:0.49029 cls_loss:0.46374 rec_loss:1.15400 [20.37s]; best loss:0.49029, patience : 0
2026-07-22 11:00:13,492 P3226992 INFO pr:0.9034  rc:0.9829  auc:0.9993 ap:0.9918 f1: 0.9415 pred_right: 1058678 pred_wrong:37522 actu_right: 1061714 actu_wrong: 34486
2026-07-22 11:00:17,823 P3226992 INFO pr:0.9026  rc:0.9796  auc:0.9991 ap:0.9906 f1: 0.9395 pred_right: 453728 pred_wrong:16072 actu_right: 454992 actu_wrong: 14808
2026-07-22 11:00:17,824 P3226992 INFO ----------------------------------------------------------------------------------------------------
2026-07-22 11:00:17,824 P3226992 INFO 26/50 starting... lr: 0.001 para:0.03703703731298447
2026-07-22 11:00:38,242 P3226992 INFO Epoch 26/50, all_loss:0.50196 cls_loss:0.47629 rec_loss:1.16938 [20.42s]; best loss:0.49029, patience : 1
2026-07-22 11:00:48,939 P3226992 INFO pr:0.9187  rc:0.9749  auc:0.9993 ap:0.9926 f1: 0.9460 pred_right: 1059604 pred_wrong:36596 actu_right: 1061715 actu_wrong: 34485
2026-07-22 11:00:53,191 P3226992 INFO pr:0.9188  rc:0.9717  auc:0.9992 ap:0.9914 f1: 0.9445 pred_right: 454140 pred_wrong:15660 actu_right: 454992 actu_wrong: 14808
2026-07-22 11:00:53,195 P3226992 INFO ----------------------------------------------------------------------------------------------------
2026-07-22 11:00:53,195 P3226992 INFO 27/50 starting... lr: 0.001 para:0.0357142873108387
2026-07-22 11:01:21,643 P3226992 INFO Epoch 27/50, all_loss:0.46195 cls_loss:0.43614 rec_loss:1.15862 [28.44s]; best loss:0.46195, patience : 0
2026-07-22 11:01:32,548 P3226992 INFO pr:0.9260  rc:0.9663  auc:0.9994 ap:0.9924 f1: 0.9458 pred_right: 1060213 pred_wrong:35987 actu_right: 1061714 actu_wrong: 34486
2026-07-22 11:01:37,025 P3226992 INFO pr:0.9267  rc:0.9610  auc:0.9992 ap:0.9915 f1: 0.9435 pred_right: 454444 pred_wrong:15356 actu_right: 454992 actu_wrong: 14808
2026-07-22 11:01:37,026 P3226992 INFO ----------------------------------------------------------------------------------------------------
2026-07-22 11:01:37,026 P3226992 INFO 28/50 starting... lr: 0.001 para:0.03448275849223137
2026-07-22 11:01:58,016 P3226992 INFO Epoch 28/50, all_loss:0.46036 cls_loss:0.43514 rec_loss:1.16650 [20.98s]; best loss:0.46036, patience : 0
2026-07-22 11:02:08,940 P3226992 INFO pr:0.9149  rc:0.9815  auc:0.9993 ap:0.9937 f1: 0.9470 pred_right: 1059200 pred_wrong:37000 actu_right: 1061711 actu_wrong: 34489
2026-07-22 11:02:15,214 P3226992 INFO pr:0.9179  rc:0.9779  auc:0.9992 ap:0.9928 f1: 0.9470 pred_right: 454024 pred_wrong:15776 actu_right: 454992 actu_wrong: 14808
2026-07-22 11:02:15,218 P3226992 INFO ----------------------------------------------------------------------------------------------------
2026-07-22 11:02:15,222 P3226992 INFO 29/50 starting... lr: 0.001 para:0.03333333507180214
2026-07-22 11:02:40,789 P3226992 INFO Epoch 29/50, all_loss:0.46506 cls_loss:0.44046 rec_loss:1.17838 [25.57s]; best loss:0.46036, patience : 1
2026-07-22 11:02:51,766 P3226992 INFO pr:0.9351  rc:0.9302  auc:0.9994 ap:0.9920 f1: 0.9327 pred_right: 1061896 pred_wrong:34304 actu_right: 1061713 actu_wrong: 34487
2026-07-22 11:02:56,182 P3226992 INFO pr:0.9309  rc:0.9240  auc:0.9992 ap:0.9903 f1: 0.9274 pred_right: 455102 pred_wrong:14698 actu_right: 454992 actu_wrong: 14808
2026-07-22 11:02:56,183 P3226992 INFO ----------------------------------------------------------------------------------------------------
2026-07-22 11:02:56,183 P3226992 INFO 30/50 starting... lr: 0.001 para:0.032258063554763794
2026-07-22 11:03:17,126 P3226992 INFO Epoch 30/50, all_loss:0.44945 cls_loss:0.42497 rec_loss:1.18379 [20.94s]; best loss:0.44945, patience : 0
2026-07-22 11:03:28,244 P3226992 INFO pr:0.9422  rc:0.9522  auc:0.9995 ap:0.9929 f1: 0.9472 pred_right: 1061340 pred_wrong:34860 actu_right: 1061707 actu_wrong: 34493
2026-07-22 11:03:32,818 P3226992 INFO pr:0.9413  rc:0.9438  auc:0.9993 ap:0.9916 f1: 0.9425 pred_right: 454952 pred_wrong:14848 actu_right: 454992 actu_wrong: 14808
2026-07-22 11:03:32,822 P3226992 INFO ----------------------------------------------------------------------------------------------------
2026-07-22 11:03:32,822 P3226992 INFO 31/50 starting... lr: 0.001 para:0.03125
2026-07-22 11:03:53,315 P3226992 INFO Epoch 31/50, all_loss:0.43316 cls_loss:0.40858 rec_loss:1.19495 [20.49s]; best loss:0.43316, patience : 0
2026-07-22 11:04:09,699 P3226992 INFO pr:0.8929  rc:0.9922  auc:0.9994 ap:0.9920 f1: 0.9399 pred_right: 1057870 pred_wrong:38330 actu_right: 1061705 actu_wrong: 34495
2026-07-22 11:04:15,716 P3226992 INFO pr:0.8929  rc:0.9896  auc:0.9993 ap:0.9906 f1: 0.9388 pred_right: 453388 pred_wrong:16412 actu_right: 454992 actu_wrong: 14808
2026-07-22 11:04:15,717 P3226992 INFO ----------------------------------------------------------------------------------------------------
2026-07-22 11:04:15,717 P3226992 INFO 32/50 starting... lr: 0.001 para:0.03030303120613098
2026-07-22 11:04:36,924 P3226992 INFO Epoch 32/50, all_loss:0.43600 cls_loss:0.41234 rec_loss:1.19342 [21.21s]; best loss:0.43316, patience : 1
2026-07-22 11:04:47,683 P3226992 INFO pr:0.9440  rc:0.9446  auc:0.9995 ap:0.9940 f1: 0.9443 pred_right: 1061687 pred_wrong:34513 actu_right: 1061710 actu_wrong: 34490
2026-07-22 11:04:52,413 P3226992 INFO pr:0.9422  rc:0.9371  auc:0.9992 ap:0.9927 f1: 0.9396 pred_right: 455072 pred_wrong:14728 actu_right: 454992 actu_wrong: 14808
2026-07-22 11:04:52,414 P3226992 INFO ----------------------------------------------------------------------------------------------------
2026-07-22 11:04:52,414 P3226992 INFO 33/50 starting... lr: 0.001 para:0.029411764815449715
2026-07-22 11:05:13,282 P3226992 INFO Epoch 33/50, all_loss:0.43786 cls_loss:0.41453 rec_loss:1.20779 [20.87s]; best loss:0.43316, patience : 2
2026-07-22 11:05:24,698 P3226992 INFO pr:0.9412  rc:0.9505  auc:0.9995 ap:0.9932 f1: 0.9458 pred_right: 1061375 pred_wrong:34825 actu_right: 1061715 actu_wrong: 34485
2026-07-22 11:05:28,402 P3226992 INFO pr:0.9397  rc:0.9455  auc:0.9993 ap:0.9916 f1: 0.9426 pred_right: 454900 pred_wrong:14900 actu_right: 454992 actu_wrong: 14808
2026-07-22 11:05:28,403 P3226992 INFO ----------------------------------------------------------------------------------------------------
2026-07-22 11:05:28,403 P3226992 INFO 34/50 starting... lr: 0.001 para:0.02857142873108387
2026-07-22 11:05:55,931 P3226992 INFO Epoch 34/50, all_loss:0.41894 cls_loss:0.39540 rec_loss:1.21928 [27.52s]; best loss:0.41894, patience : 0
2026-07-22 11:06:06,280 P3226992 INFO pr:0.9518  rc:0.9397  auc:0.9991 ap:0.9945 f1: 0.9457 pred_right: 1062155 pred_wrong:34045 actu_right: 1061714 actu_wrong: 34486
2026-07-22 11:06:10,850 P3226992 INFO pr:0.9509  rc:0.9322  auc:0.9990 ap:0.9934 f1: 0.9414 pred_right: 455283 pred_wrong:14517 actu_right: 454992 actu_wrong: 14808
2026-07-22 11:06:10,851 P3226992 INFO ----------------------------------------------------------------------------------------------------
2026-07-22 11:06:10,851 P3226992 INFO 35/50 starting... lr: 0.001 para:0.02777777798473835
2026-07-22 11:06:31,333 P3226992 INFO Epoch 35/50, all_loss:0.42694 cls_loss:0.40445 rec_loss:1.21425 [20.48s]; best loss:0.41894, patience : 1
2026-07-22 11:06:42,006 P3226992 INFO pr:0.9264  rc:0.9794  auc:0.9992 ap:0.9946 f1: 0.9522 pred_right: 1059736 pred_wrong:36464 actu_right: 1061710 actu_wrong: 34490
2026-07-22 11:06:46,405 P3226992 INFO pr:0.9245  rc:0.9751  auc:0.9992 ap:0.9934 f1: 0.9491 pred_right: 454181 pred_wrong:15619 actu_right: 454992 actu_wrong: 14808
2026-07-22 11:06:46,409 P3226992 INFO ----------------------------------------------------------------------------------------------------
2026-07-22 11:06:46,409 P3226992 INFO 36/50 starting... lr: 0.001 para:0.027027027681469917
2026-07-22 11:07:07,474 P3226992 INFO Epoch 36/50, all_loss:0.41510 cls_loss:0.39226 rec_loss:1.23724 [21.06s]; best loss:0.41510, patience : 0
2026-07-22 11:07:24,715 P3226992 INFO pr:0.9424  rc:0.9536  auc:0.9996 ap:0.9939 f1: 0.9480 pred_right: 1061305 pred_wrong:34895 actu_right: 1061713 actu_wrong: 34487
2026-07-22 11:07:29,253 P3226992 INFO pr:0.9380  rc:0.9462  auc:0.9993 ap:0.9919 f1: 0.9421 pred_right: 454862 pred_wrong:14938 actu_right: 454992 actu_wrong: 14808
2026-07-22 11:07:29,254 P3226992 INFO ----------------------------------------------------------------------------------------------------
2026-07-22 11:07:29,254 P3226992 INFO 37/50 starting... lr: 0.001 para:0.02631578966975212
2026-07-22 11:07:49,791 P3226992 INFO Epoch 37/50, all_loss:0.39181 cls_loss:0.36839 rec_loss:1.25836 [20.53s]; best loss:0.39181, patience : 0
2026-07-22 11:08:00,586 P3226992 INFO pr:0.9332  rc:0.9723  auc:0.9995 ap:0.9944 f1: 0.9524 pred_right: 1060264 pred_wrong:35936 actu_right: 1061711 actu_wrong: 34489
2026-07-22 11:08:05,099 P3226992 INFO pr:0.9324  rc:0.9691  auc:0.9992 ap:0.9929 f1: 0.9504 pred_right: 454410 pred_wrong:15390 actu_right: 454992 actu_wrong: 14808
2026-07-22 11:08:05,104 P3226992 INFO ----------------------------------------------------------------------------------------------------
2026-07-22 11:08:05,104 P3226992 INFO 38/50 starting... lr: 0.001 para:0.025641025975346565
2026-07-22 11:08:26,573 P3226992 INFO Epoch 38/50, all_loss:0.40183 cls_loss:0.37932 rec_loss:1.25731 [21.47s]; best loss:0.39181, patience : 1
2026-07-22 11:08:35,812 P3226992 INFO pr:0.9249  rc:0.9800  auc:0.9996 ap:0.9949 f1: 0.9517 pred_right: 1059654 pred_wrong:36546 actu_right: 1061710 actu_wrong: 34490
2026-07-22 11:08:42,638 P3226992 INFO pr:0.9260  rc:0.9770  auc:0.9994 ap:0.9936 f1: 0.9508 pred_right: 454175 pred_wrong:15625 actu_right: 454992 actu_wrong: 14808
2026-07-22 11:08:42,640 P3226992 INFO ----------------------------------------------------------------------------------------------------
2026-07-22 11:08:42,640 P3226992 INFO 39/50 starting... lr: 0.001 para:0.02500000037252903
2026-07-22 11:09:08,481 P3226992 INFO Epoch 39/50, all_loss:0.37482 cls_loss:0.35193 rec_loss:1.26749 [25.84s]; best loss:0.37482, patience : 0
2026-07-22 11:09:18,981 P3226992 INFO pr:0.9400  rc:0.9736  auc:0.9996 ap:0.9952 f1: 0.9565 pred_right: 1060477 pred_wrong:35723 actu_right: 1061711 actu_wrong: 34489
2026-07-22 11:09:23,226 P3226992 INFO pr:0.9381  rc:0.9687  auc:0.9994 ap:0.9938 f1: 0.9531 pred_right: 454509 pred_wrong:15291 actu_right: 454992 actu_wrong: 14808
2026-07-22 11:09:23,230 P3226992 INFO ----------------------------------------------------------------------------------------------------
2026-07-22 11:09:23,230 P3226992 INFO 40/50 starting... lr: 0.001 para:0.024390242993831635
2026-07-22 11:09:44,464 P3226992 INFO Epoch 40/50, all_loss:0.39096 cls_loss:0.36899 rec_loss:1.26965 [21.23s]; best loss:0.37482, patience : 1
2026-07-22 11:09:55,496 P3226992 INFO pr:0.9458  rc:0.9685  auc:0.9993 ap:0.9954 f1: 0.9570 pred_right: 1060880 pred_wrong:35320 actu_right: 1061709 actu_wrong: 34491
2026-07-22 11:10:01,365 P3226992 INFO pr:0.9442  rc:0.9624  auc:0.9992 ap:0.9941 f1: 0.9532 pred_right: 454707 pred_wrong:15093 actu_right: 454992 actu_wrong: 14808
2026-07-22 11:10:01,369 P3226992 INFO ----------------------------------------------------------------------------------------------------
2026-07-22 11:10:01,369 P3226992 INFO 41/50 starting... lr: 0.001 para:0.02380952425301075
2026-07-22 11:10:27,091 P3226992 INFO Epoch 41/50, all_loss:0.36843 cls_loss:0.34590 rec_loss:1.29221 [25.72s]; best loss:0.36843, patience : 0
2026-07-22 11:10:38,147 P3226992 INFO pr:0.9242  rc:0.9879  auc:0.9996 ap:0.9958 f1: 0.9550 pred_right: 1059334 pred_wrong:36866 actu_right: 1061710 actu_wrong: 34490
2026-07-22 11:10:42,472 P3226992 INFO pr:0.9247  rc:0.9816  auc:0.9994 ap:0.9943 f1: 0.9523 pred_right: 454080 pred_wrong:15720 actu_right: 454992 actu_wrong: 14808
2026-07-22 11:10:42,473 P3226992 INFO ----------------------------------------------------------------------------------------------------
2026-07-22 11:10:42,473 P3226992 INFO 42/50 starting... lr: 0.001 para:0.023255813866853714
2026-07-22 11:11:02,671 P3226992 INFO Epoch 42/50, all_loss:0.36183 cls_loss:0.34018 rec_loss:1.27108 [20.19s]; best loss:0.36183, patience : 0
2026-07-22 11:11:13,499 P3226992 INFO pr:0.9615  rc:0.9409  auc:0.9996 ap:0.9957 f1: 0.9511 pred_right: 1062446 pred_wrong:33754 actu_right: 1061709 actu_wrong: 34491
2026-07-22 11:11:17,944 P3226992 INFO pr:0.9587  rc:0.9300  auc:0.9993 ap:0.9942 f1: 0.9441 pred_right: 455434 pred_wrong:14366 actu_right: 454992 actu_wrong: 14808
2026-07-22 11:11:17,945 P3226992 INFO ----------------------------------------------------------------------------------------------------
2026-07-22 11:11:17,946 P3226992 INFO 43/50 starting... lr: 0.001 para:0.022727273404598236
2026-07-22 11:11:38,924 P3226992 INFO Epoch 43/50, all_loss:0.38703 cls_loss:0.36609 rec_loss:1.28730 [20.98s]; best loss:0.36183, patience : 1
2026-07-22 11:11:49,360 P3226992 INFO pr:0.9653  rc:0.9199  auc:0.9994 ap:0.9950 f1: 0.9420 pred_right: 1063330 pred_wrong:32870 actu_right: 1061710 actu_wrong: 34490
2026-07-22 11:11:59,594 P3226992 INFO pr:0.9624  rc:0.9138  auc:0.9991 ap:0.9940 f1: 0.9375 pred_right: 455739 pred_wrong:14061 actu_right: 454992 actu_wrong: 14808
2026-07-22 11:11:59,601 P3226992 INFO ----------------------------------------------------------------------------------------------------
2026-07-22 11:11:59,601 P3226992 INFO 44/50 starting... lr: 0.001 para:0.02222222276031971
2026-07-22 11:12:21,410 P3226992 INFO Epoch 44/50, all_loss:0.35602 cls_loss:0.33528 rec_loss:1.26835 [21.80s]; best loss:0.35602, patience : 0
2026-07-22 11:12:32,068 P3226992 INFO pr:0.9406  rc:0.9794  auc:0.9993 ap:0.9960 f1: 0.9596 pred_right: 1060290 pred_wrong:35910 actu_right: 1061710 actu_wrong: 34490
2026-07-22 11:12:36,617 P3226992 INFO pr:0.9385  rc:0.9745  auc:0.9992 ap:0.9948 f1: 0.9562 pred_right: 454424 pred_wrong:15376 actu_right: 454992 actu_wrong: 14808
2026-07-22 11:12:36,622 P3226992 INFO ----------------------------------------------------------------------------------------------------
2026-07-22 11:12:36,622 P3226992 INFO 45/50 starting... lr: 0.001 para:0.021739130839705467
2026-07-22 11:12:57,317 P3226992 INFO Epoch 45/50, all_loss:0.36094 cls_loss:0.34047 rec_loss:1.28236 [20.69s]; best loss:0.35602, patience : 1
2026-07-22 11:13:08,616 P3226992 INFO pr:0.9436  rc:0.9691  auc:0.9997 ap:0.9951 f1: 0.9561 pred_right: 1060778 pred_wrong:35422 actu_right: 1061710 actu_wrong: 34490
2026-07-22 11:13:12,869 P3226992 INFO pr:0.9408  rc:0.9622  auc:0.9994 ap:0.9938 f1: 0.9514 pred_right: 454656 pred_wrong:15144 actu_right: 454992 actu_wrong: 14808
2026-07-22 11:13:12,870 P3226992 INFO ----------------------------------------------------------------------------------------------------
2026-07-22 11:13:12,877 P3226992 INFO 46/50 starting... lr: 0.001 para:0.021276595070958138
2026-07-22 11:13:39,024 P3226992 INFO Epoch 46/50, all_loss:0.34417 cls_loss:0.32352 rec_loss:1.29417 [26.14s]; best loss:0.34417, patience : 0
2026-07-22 11:13:49,466 P3226992 INFO pr:0.9578  rc:0.9411  auc:0.9991 ap:0.9953 f1: 0.9494 pred_right: 1062308 pred_wrong:33892 actu_right: 1061709 actu_wrong: 34491
2026-07-22 11:13:53,926 P3226992 INFO pr:0.9550  rc:0.9361  auc:0.9990 ap:0.9943 f1: 0.9455 pred_right: 455285 pred_wrong:14515 actu_right: 454992 actu_wrong: 14808
2026-07-22 11:13:53,927 P3226992 INFO ----------------------------------------------------------------------------------------------------
2026-07-22 11:13:53,927 P3226992 INFO 47/50 starting... lr: 0.001 para:0.02083333395421505
2026-07-22 11:14:14,694 P3226992 INFO Epoch 47/50, all_loss:0.34594 cls_loss:0.32573 rec_loss:1.29591 [20.77s]; best loss:0.34417, patience : 1
2026-07-22 11:14:25,228 P3226992 INFO pr:0.9524  rc:0.9559  auc:0.9996 ap:0.9955 f1: 0.9541 pred_right: 1061583 pred_wrong:34617 actu_right: 1061710 actu_wrong: 34490
2026-07-22 11:14:29,698 P3226992 INFO pr:0.9513  rc:0.9508  auc:0.9993 ap:0.9945 f1: 0.9511 pred_right: 455001 pred_wrong:14799 actu_right: 454992 actu_wrong: 14808
2026-07-22 11:14:29,699 P3226992 INFO ----------------------------------------------------------------------------------------------------
2026-07-22 11:14:29,699 P3226992 INFO 48/50 starting... lr: 0.001 para:0.020408162847161293
2026-07-22 11:14:49,671 P3226992 INFO Epoch 48/50, all_loss:0.36180 cls_loss:0.34187 rec_loss:1.31874 [19.97s]; best loss:0.34417, patience : 2
2026-07-22 11:15:05,063 P3226992 INFO pr:0.9574  rc:0.9438  auc:0.9996 ap:0.9951 f1: 0.9506 pred_right: 1062194 pred_wrong:34006 actu_right: 1061706 actu_wrong: 34494
2026-07-22 11:15:12,493 P3226992 INFO pr:0.9538  rc:0.9361  auc:0.9993 ap:0.9939 f1: 0.9449 pred_right: 455267 pred_wrong:14533 actu_right: 454992 actu_wrong: 14808
2026-07-22 11:15:12,494 P3226992 INFO ----------------------------------------------------------------------------------------------------
2026-07-22 11:15:12,494 P3226992 INFO 49/50 starting... lr: 0.001 para:0.019999999552965164
2026-07-22 11:15:33,256 P3226992 INFO Epoch 49/50, all_loss:0.32297 cls_loss:0.30333 rec_loss:1.28552 [20.76s]; best loss:0.32297, patience : 0
2026-07-22 11:15:43,775 P3226992 INFO pr:0.9393  rc:0.9786  auc:0.9997 ap:0.9960 f1: 0.9586 pred_right: 1060266 pred_wrong:35934 actu_right: 1061707 actu_wrong: 34493
2026-07-22 11:15:48,106 P3226992 INFO pr:0.9373  rc:0.9739  auc:0.9994 ap:0.9948 f1: 0.9552 pred_right: 454414 pred_wrong:15386 actu_right: 454992 actu_wrong: 14808
2026-07-22 11:15:48,106 P3226992 INFO saving model...
2026-07-22 11:15:48,107 P3226992 INFO FITS_Legendre - loss  best score:0.3229716122150421 at epoch 49
2026-07-22 11:15:48,112 P3226992 INFO FITS_Legendre - f1  best score:0.9596022727272727 at epoch 44
2026-07-22 11:15:48,116 P3226992 INFO Average training time per epoch: 22.19 seconds
2026-07-22 11:15:48,116 P3226992 INFO calculate scores...
2026-07-22 11:15:48,116 P3226992 INFO calculate label with loss...
2026-07-22 11:15:48,116 P3226992 INFO FITS_Legendre on ./result/server_only_exps/Sensitivity/FITS_Legendre-TT-Epochs50-Seed3-ExpNameRQ3_sensitivity_auxi_lambda-LPFLPF-Attnlinear_attn-NormLinTrue-RecLambda1.0-AuxiLambda0.5-Degree5-lowshow-simplegraph loading...
2026-07-22 11:15:52,484 P3226992 INFO pr:0.9373  rc:0.9739  auc:0.9994 ap:0.9948 f1: 0.9552 pred_right: 454414 pred_wrong:15386 actu_right: 454992 actu_wrong: 14808
2026-07-22 11:16:01,456 P3226992 INFO pr:0.9373  rc:0.9739  auc:0.9994 ap:0.9948 f1: 0.9552 pred_right: 454414 pred_wrong:15386 actu_right: 454992 actu_wrong: 14808
2026-07-22 11:16:01,457 P3226992 INFO Performance Summary:
{'GPU': {'inference_time_per_sample_ms': 0.21964282310652267, 'throughput_samples_per_sec': 4552.846233974231, 'peak_memory_mb': 87.724609375, 'energy_per_sample_joules': 0.01147974197107396}, 'CPU': {'inference_time_per_sample_ms': 0.4829872215656408, 'throughput_samples_per_sec': 2070.4481513163473, 'peak_memory_mb': 6296.51171875, 'energy_per_sample_joules': 0.03139416940176665}}
2026-07-22 11:16:01,457 P3226992 INFO Starting clean-room hardware benchmarking...
2026-07-22 11:16:02,422 P3226992 INFO Performance with loss: pr:0.9373  rc:0.9739  auc:0.9994 ap:0.9948 f1: 0.9552 pred_right: 454414 pred_wrong:15386 actu_right: 454992 actu_wrong: 14808
2026-07-22 11:16:02,422 P3226992 INFO calculate label with f1...
2026-07-22 11:16:02,422 P3226992 INFO FITS_Legendre on ./result/server_only_exps/Sensitivity/FITS_Legendre-TT-Epochs50-Seed3-ExpNameRQ3_sensitivity_auxi_lambda-LPFLPF-Attnlinear_attn-NormLinTrue-RecLambda1.0-AuxiLambda0.5-Degree5-lowshow-simplegraph loading...
2026-07-22 11:16:06,786 P3226992 INFO pr:0.9385  rc:0.9745  auc:0.9992 ap:0.9948 f1: 0.9562 pred_right: 454424 pred_wrong:15376 actu_right: 454992 actu_wrong: 14808
2026-07-22 11:16:15,344 P3226992 INFO pr:0.9385  rc:0.9745  auc:0.9992 ap:0.9948 f1: 0.9562 pred_right: 454424 pred_wrong:15376 actu_right: 454992 actu_wrong: 14808
2026-07-22 11:16:15,345 P3226992 INFO Performance Summary:
{'GPU': {'inference_time_per_sample_ms': 0.21966727921390644, 'throughput_samples_per_sec': 4552.3393542204585, 'peak_memory_mb': 87.220703125, 'energy_per_sample_joules': 0.011951217992911793}, 'CPU': {'inference_time_per_sample_ms': 0.45835338147992244, 'throughput_samples_per_sec': 2181.7227501872453, 'peak_memory_mb': 6297.38671875, 'energy_per_sample_joules': 0.02979296979619496}}
2026-07-22 11:16:15,345 P3226992 INFO Starting clean-room hardware benchmarking...
2026-07-22 11:16:16,329 P3226992 INFO Performance with f1: pr:0.9385  rc:0.9745  auc:0.9992 ap:0.9948 f1: 0.9562 pred_right: 454424 pred_wrong:15376 actu_right: 454992 actu_wrong: 14808
