2026-09-17 20:27:36,601 P1469463 INFO ---- Model: ----MSTGAD-536d60e9----random_seed : 3----req_loss_approach : Legendre-style----rec_lambda : 1.0----auxi_lambda : 0.2----Freq Domain : FITS_Legendre----Multi Fits : false----train : True----evaluate : False
2026-09-17 20:27:36,601 P1469463 INFO Load from /home/db2003/Desktop/Amr/Tests/Eadro/codes/chunks/TT
2026-09-17 20:27:46,560 P1469463 INFO Fewshot: training with 1.0 of the 70% of the data
2026-09-17 20:27:46,637 P1469463 INFO Trainable Parameters Breakdown:
2026-09-17 20:27:46,637 P1469463 INFO --------------------------------------------------------------------------------
2026-09-17 20:27:46,637 P1469463 INFO Reconstruction-Specific Parameters:
2026-09-17 20:27:46,637 P1469463 INFO node_emb.linear.weight                   | shape: (8, 7)                    | params: 56
2026-09-17 20:27:46,637 P1469463 INFO node_emb.linear.bias                     | shape: (8,)                      | params: 8
2026-09-17 20:27:46,638 P1469463 INFO log_emb.linear.weight                    | shape: (32, 60)                  | params: 1,920
2026-09-17 20:27:46,638 P1469463 INFO log_emb.linear.bias                      | shape: (32,)                     | params: 32
2026-09-17 20:27:46,638 P1469463 INFO egde_emb.linear.weight                   | shape: (8, 2)                    | params: 16
2026-09-17 20:27:46,638 P1469463 INFO egde_emb.linear.bias                     | shape: (8,)                      | params: 8
2026-09-17 20:27:46,638 P1469463 INFO dense_node.weight                        | shape: (7, 8)                    | params: 56
2026-09-17 20:27:46,638 P1469463 INFO dense_node.bias                          | shape: (7,)                      | params: 7
2026-09-17 20:27:46,638 P1469463 INFO dense_log.weight                         | shape: (60, 32)                  | params: 1,920
2026-09-17 20:27:46,638 P1469463 INFO dense_log.bias                           | shape: (60,)                     | params: 60
2026-09-17 20:27:46,638 P1469463 INFO dense_edge.weight                        | shape: (2, 8)                    | params: 16
2026-09-17 20:27:46,638 P1469463 INFO dense_edge.bias                          | shape: (2,)                      | params: 2
2026-09-17 20:27:46,638 P1469463 INFO linear_attn.Wq.weight                    | shape: (10, 10)                  | params: 100
2026-09-17 20:27:46,638 P1469463 INFO linear_attn.Wk.weight                    | shape: (10, 10)                  | params: 100
2026-09-17 20:27:46,638 P1469463 INFO linear_attn.Wv.weight                    | shape: (10, 10)                  | params: 100
2026-09-17 20:27:46,638 P1469463 INFO linear_attn.out.weight                   | shape: (10, 10)                  | params: 100
2026-09-17 20:27:46,638 P1469463 INFO linear_attn.out.bias                     | shape: (10,)                     | params: 10
2026-09-17 20:27:46,638 P1469463 INFO linear_attn.norm.weight                  | shape: (10,)                     | params: 10
2026-09-17 20:27:46,638 P1469463 INFO linear_attn.norm.bias                    | shape: (10,)                     | params: 10
2026-09-17 20:27:46,638 P1469463 INFO shared_fits.normlin_W                    | shape: (7, 7)                    | params: 49
2026-09-17 20:27:46,638 P1469463 INFO shared_fits.freq_upsampler.weight        | shape: (7, 7)                    | params: 49
2026-09-17 20:27:46,638 P1469463 INFO shared_fits.freq_upsampler.bias          | shape: (7,)                      | params: 7
2026-09-17 20:27:46,638 P1469463 INFO modality_proj.node.weight                | shape: (10, 8)                   | params: 80
2026-09-17 20:27:46,638 P1469463 INFO modality_proj.node.bias                  | shape: (10,)                     | params: 10
2026-09-17 20:27:46,638 P1469463 INFO modality_proj.log.weight                 | shape: (10, 32)                  | params: 320
2026-09-17 20:27:46,638 P1469463 INFO modality_proj.log.bias                   | shape: (10,)                     | params: 10
2026-09-17 20:27:46,639 P1469463 INFO modality_proj.edge.weight                | shape: (10, 8)                   | params: 80
2026-09-17 20:27:46,639 P1469463 INFO modality_proj.edge.bias                  | shape: (10,)                     | params: 10
2026-09-17 20:27:46,639 P1469463 INFO modality_proj_out.node.weight            | shape: (8, 10)                   | params: 80
2026-09-17 20:27:46,639 P1469463 INFO modality_proj_out.node.bias              | shape: (8,)                      | params: 8
2026-09-17 20:27:46,639 P1469463 INFO modality_proj_out.log.weight             | shape: (32, 10)                  | params: 320
2026-09-17 20:27:46,639 P1469463 INFO modality_proj_out.log.bias               | shape: (32,)                     | params: 32
2026-09-17 20:27:46,639 P1469463 INFO modality_proj_out.edge.weight            | shape: (8, 10)                   | params: 80
2026-09-17 20:27:46,639 P1469463 INFO modality_proj_out.edge.bias              | shape: (8,)                      | params: 8
2026-09-17 20:27:46,639 P1469463 INFO Subtotal: 5,674
2026-09-17 20:27:46,639 P1469463 INFO --------------------------------------------------------------------------------
2026-09-17 20:27:46,639 P1469463 INFO Common Parameters:
2026-09-17 20:27:46,639 P1469463 INFO show.0.weight                            | shape: (128, 69)                 | params: 8,832
2026-09-17 20:27:46,639 P1469463 INFO show.0.bias                              | shape: (128,)                    | params: 128
2026-09-17 20:27:46,639 P1469463 INFO show.2.weight                            | shape: (2, 128)                  | params: 256
2026-09-17 20:27:46,639 P1469463 INFO show.2.bias                              | shape: (2,)                      | params: 2
2026-09-17 20:27:46,639 P1469463 INFO Subtotal: 9,218
2026-09-17 20:27:46,639 P1469463 INFO --------------------------------------------------------------------------------
2026-09-17 20:27:46,639 P1469463 INFO Total Trainable Parameters: 14,892

2026-09-17 20:27:46,639 P1469463 INFO Trainable Parameters: 14892, reconstruction: 5674, common: 9218
2026-09-17 20:27:46,639 P1469463 INFO model : init weight
2026-09-17 20:27:46,640 P1469463 INFO Using GPU...
2026-09-17 20:27:46,645 P1469463 INFO optimizer : using AdaBelief
2026-09-17 20:27:46,645 P1469463 INFO ----------------------------------------------------------------------------------------------------
2026-09-17 20:27:46,645 P1469463 INFO 0/50 starting... lr: 0.001 para:1.0
2026-09-17 20:28:14,356 P1469463 INFO Epoch 0/50, all_loss:0.07068 cls_loss:50.93988 rec_loss:0.07068 [27.71s]; best loss:0.07068, patience : 0
2026-09-17 20:28:14,356 P1469463 INFO ----------------------------------------------------------------------------------------------------
2026-09-17 20:28:14,356 P1469463 INFO 1/50 starting... lr: 0.001 para:0.5
2026-09-17 20:28:33,459 P1469463 INFO Epoch 1/50, all_loss:2.11775 cls_loss:3.97246 rec_loss:0.26304 [19.10s]; best loss:2.11775, patience : 0
2026-09-17 20:28:33,459 P1469463 INFO ----------------------------------------------------------------------------------------------------
2026-09-17 20:28:33,460 P1469463 INFO 2/50 starting... lr: 0.001 para:0.3333333432674408
2026-09-17 20:28:52,924 P1469463 INFO Epoch 2/50, all_loss:1.53704 cls_loss:2.18276 rec_loss:0.24561 [19.46s]; best loss:1.53704, patience : 0
2026-09-17 20:29:05,076 P1469463 INFO pr:0.8879  rc:0.4623  auc:0.9865 ap:0.8907 f1: 0.6080 pred_right: 1078246 pred_wrong:17954 actu_right: 1061715 actu_wrong: 34485
2026-09-17 20:29:08,374 P1469463 INFO pr:0.8901  rc:0.4618  auc:0.9867 ap:0.8916 f1: 0.6082 pred_right: 462117 pred_wrong:7683 actu_right: 454992 actu_wrong: 14808
2026-09-17 20:29:08,380 P1469463 INFO ----------------------------------------------------------------------------------------------------
2026-09-17 20:29:08,380 P1469463 INFO 3/50 starting... lr: 0.001 para:0.25
2026-09-17 20:29:34,835 P1469463 INFO Epoch 3/50, all_loss:1.58007 cls_loss:2.03195 rec_loss:0.22440 [26.45s]; best loss:1.53704, patience : 1
2026-09-17 20:29:45,243 P1469463 INFO pr:0.7919  rc:0.6245  auc:0.9888 ap:0.9055 f1: 0.6983 pred_right: 1069002 pred_wrong:27198 actu_right: 1061710 actu_wrong: 34490
2026-09-17 20:29:49,576 P1469463 INFO pr:0.7940  rc:0.6227  auc:0.9890 ap:0.9064 f1: 0.6980 pred_right: 458187 pred_wrong:11613 actu_right: 454992 actu_wrong: 14808
2026-09-17 20:29:49,581 P1469463 INFO ----------------------------------------------------------------------------------------------------
2026-09-17 20:29:49,581 P1469463 INFO 4/50 starting... lr: 0.001 para:0.20000000298023224
2026-09-17 20:30:08,964 P1469463 INFO Epoch 4/50, all_loss:1.57972 cls_loss:1.92026 rec_loss:0.21754 [19.38s]; best loss:1.53704, patience : 1
2026-09-17 20:30:18,858 P1469463 INFO pr:0.9083  rc:0.5595  auc:0.9904 ap:0.9145 f1: 0.6924 pred_right: 1074954 pred_wrong:21246 actu_right: 1061710 actu_wrong: 34490
2026-09-17 20:30:23,122 P1469463 INFO pr:0.9107  rc:0.5587  auc:0.9905 ap:0.9157 f1: 0.6925 pred_right: 460716 pred_wrong:9084 actu_right: 454992 actu_wrong: 14808
2026-09-17 20:30:23,123 P1469463 INFO ----------------------------------------------------------------------------------------------------
2026-09-17 20:30:23,123 P1469463 INFO 5/50 starting... lr: 0.001 para:0.1666666716337204
2026-09-17 20:30:42,252 P1469463 INFO Epoch 5/50, all_loss:1.55986 cls_loss:1.82476 rec_loss:0.23539 [19.13s]; best loss:1.53704, patience : 1
2026-09-17 20:31:01,649 P1469463 INFO pr:0.9036  rc:0.5915  auc:0.9916 ap:0.9222 f1: 0.7150 pred_right: 1073624 pred_wrong:22576 actu_right: 1061713 actu_wrong: 34487
2026-09-17 20:31:05,842 P1469463 INFO pr:0.9078  rc:0.5909  auc:0.9917 ap:0.9233 f1: 0.7158 pred_right: 460161 pred_wrong:9639 actu_right: 454992 actu_wrong: 14808
2026-09-17 20:31:05,846 P1469463 INFO ----------------------------------------------------------------------------------------------------
2026-09-17 20:31:05,846 P1469463 INFO 6/50 starting... lr: 0.001 para:0.1428571492433548
2026-09-17 20:31:25,244 P1469463 INFO Epoch 6/50, all_loss:1.51001 cls_loss:1.71529 rec_loss:0.27833 [19.39s]; best loss:1.51001, patience : 0
2026-09-17 20:31:35,859 P1469463 INFO pr:0.9005  rc:0.6244  auc:0.9927 ap:0.9311 f1: 0.7374 pred_right: 1072287 pred_wrong:23913 actu_right: 1061710 actu_wrong: 34490
2026-09-17 20:31:40,276 P1469463 INFO pr:0.9059  rc:0.6264  auc:0.9928 ap:0.9317 f1: 0.7407 pred_right: 459560 pred_wrong:10240 actu_right: 454992 actu_wrong: 14808
2026-09-17 20:31:40,284 P1469463 INFO ----------------------------------------------------------------------------------------------------
2026-09-17 20:31:40,284 P1469463 INFO 7/50 starting... lr: 0.001 para:0.125
2026-09-17 20:31:59,979 P1469463 INFO Epoch 7/50, all_loss:1.45783 cls_loss:1.62402 rec_loss:0.29455 [19.69s]; best loss:1.45783, patience : 0
2026-09-17 20:32:10,236 P1469463 INFO pr:0.8539  rc:0.6741  auc:0.9936 ap:0.9334 f1: 0.7534 pred_right: 1068974 pred_wrong:27226 actu_right: 1061712 actu_wrong: 34488
2026-09-17 20:32:14,210 P1469463 INFO pr:0.8607  rc:0.6728  auc:0.9936 ap:0.9341 f1: 0.7552 pred_right: 458224 pred_wrong:11576 actu_right: 454992 actu_wrong: 14808
2026-09-17 20:32:14,214 P1469463 INFO ----------------------------------------------------------------------------------------------------
2026-09-17 20:32:14,214 P1469463 INFO 8/50 starting... lr: 0.001 para:0.1111111119389534
2026-09-17 20:32:41,716 P1469463 INFO Epoch 8/50, all_loss:1.41807 cls_loss:1.55873 rec_loss:0.29282 [27.50s]; best loss:1.41807, patience : 0
2026-09-17 20:32:52,004 P1469463 INFO pr:0.8461  rc:0.6888  auc:0.9931 ap:0.9341 f1: 0.7594 pred_right: 1068124 pred_wrong:28076 actu_right: 1061714 actu_wrong: 34486
2026-09-17 20:32:56,515 P1469463 INFO pr:0.8545  rc:0.6896  auc:0.9934 ap:0.9354 f1: 0.7632 pred_right: 457850 pred_wrong:11950 actu_right: 454992 actu_wrong: 14808
2026-09-17 20:32:56,519 P1469463 INFO ----------------------------------------------------------------------------------------------------
2026-09-17 20:32:56,523 P1469463 INFO 9/50 starting... lr: 0.001 para:0.10000000149011612
2026-09-17 20:33:15,981 P1469463 INFO Epoch 9/50, all_loss:1.41077 cls_loss:1.53448 rec_loss:0.29734 [19.45s]; best loss:1.41077, patience : 0
2026-09-17 20:33:26,357 P1469463 INFO pr:0.9196  rc:0.6324  auc:0.9944 ap:0.9418 f1: 0.7494 pred_right: 1072479 pred_wrong:23721 actu_right: 1061707 actu_wrong: 34493
2026-09-17 20:33:30,796 P1469463 INFO pr:0.9258  rc:0.6349  auc:0.9946 ap:0.9433 f1: 0.7532 pred_right: 459646 pred_wrong:10154 actu_right: 454992 actu_wrong: 14808
2026-09-17 20:33:30,797 P1469463 INFO ----------------------------------------------------------------------------------------------------
2026-09-17 20:33:30,797 P1469463 INFO 10/50 starting... lr: 0.001 para:0.09090909361839294
2026-09-17 20:33:54,734 P1469463 INFO Epoch 10/50, all_loss:1.38119 cls_loss:1.48868 rec_loss:0.30629 [23.93s]; best loss:1.38119, patience : 0
2026-09-17 20:34:08,369 P1469463 INFO pr:0.8943  rc:0.6834  auc:0.9946 ap:0.9442 f1: 0.7747 pred_right: 1069841 pred_wrong:26359 actu_right: 1061707 actu_wrong: 34493
2026-09-17 20:34:12,642 P1469463 INFO pr:0.8991  rc:0.6835  auc:0.9948 ap:0.9456 f1: 0.7766 pred_right: 458542 pred_wrong:11258 actu_right: 454992 actu_wrong: 14808
2026-09-17 20:34:12,646 P1469463 INFO ----------------------------------------------------------------------------------------------------
2026-09-17 20:34:12,647 P1469463 INFO 11/50 starting... lr: 0.001 para:0.0833333358168602
2026-09-17 20:34:31,811 P1469463 INFO Epoch 11/50, all_loss:1.37092 cls_loss:1.46666 rec_loss:0.31781 [19.16s]; best loss:1.37092, patience : 0
2026-09-17 20:34:42,421 P1469463 INFO pr:0.9348  rc:0.6417  auc:0.9950 ap:0.9461 f1: 0.7610 pred_right: 1072525 pred_wrong:23675 actu_right: 1061713 actu_wrong: 34487
2026-09-17 20:34:46,740 P1469463 INFO pr:0.9388  rc:0.6391  auc:0.9952 ap:0.9478 f1: 0.7605 pred_right: 459719 pred_wrong:10081 actu_right: 454992 actu_wrong: 14808
2026-09-17 20:34:46,741 P1469463 INFO ----------------------------------------------------------------------------------------------------
2026-09-17 20:34:46,741 P1469463 INFO 12/50 starting... lr: 0.001 para:0.07692307978868484
2026-09-17 20:35:06,940 P1469463 INFO Epoch 12/50, all_loss:1.31641 cls_loss:1.39778 rec_loss:0.34007 [20.20s]; best loss:1.31641, patience : 0
2026-09-17 20:35:16,213 P1469463 INFO pr:0.9138  rc:0.6887  auc:0.9954 ap:0.9514 f1: 0.7854 pred_right: 1070207 pred_wrong:25993 actu_right: 1061710 actu_wrong: 34490
2026-09-17 20:35:24,092 P1469463 INFO pr:0.9206  rc:0.6868  auc:0.9956 ap:0.9526 f1: 0.7867 pred_right: 458753 pred_wrong:11047 actu_right: 454992 actu_wrong: 14808
2026-09-17 20:35:24,107 P1469463 INFO ----------------------------------------------------------------------------------------------------
2026-09-17 20:35:24,108 P1469463 INFO 13/50 starting... lr: 0.001 para:0.0714285746216774
2026-09-17 20:35:48,178 P1469463 INFO Epoch 13/50, all_loss:1.28376 cls_loss:1.35434 rec_loss:0.36628 [24.07s]; best loss:1.28376, patience : 0
2026-09-17 20:35:58,260 P1469463 INFO pr:0.8456  rc:0.7890  auc:0.9957 ap:0.9540 f1: 0.8163 pred_right: 1064017 pred_wrong:32183 actu_right: 1061707 actu_wrong: 34493
2026-09-17 20:36:02,731 P1469463 INFO pr:0.8540  rc:0.7923  auc:0.9959 ap:0.9552 f1: 0.8220 pred_right: 456062 pred_wrong:13738 actu_right: 454992 actu_wrong: 14808
2026-09-17 20:36:02,736 P1469463 INFO ----------------------------------------------------------------------------------------------------
2026-09-17 20:36:02,739 P1469463 INFO 14/50 starting... lr: 0.001 para:0.06666667014360428
2026-09-17 20:36:22,388 P1469463 INFO Epoch 14/50, all_loss:1.24438 cls_loss:1.30422 rec_loss:0.40665 [19.65s]; best loss:1.24438, patience : 0
2026-09-17 20:36:33,262 P1469463 INFO pr:0.8740  rc:0.7613  auc:0.9963 ap:0.9580 f1: 0.8138 pred_right: 1066159 pred_wrong:30041 actu_right: 1061710 actu_wrong: 34490
2026-09-17 20:36:37,559 P1469463 INFO pr:0.8796  rc:0.7603  auc:0.9963 ap:0.9587 f1: 0.8156 pred_right: 457000 pred_wrong:12800 actu_right: 454992 actu_wrong: 14808
2026-09-17 20:36:37,559 P1469463 INFO ----------------------------------------------------------------------------------------------------
2026-09-17 20:36:37,560 P1469463 INFO 15/50 starting... lr: 0.001 para:0.0625
2026-09-17 20:37:03,882 P1469463 INFO Epoch 15/50, all_loss:1.17346 cls_loss:1.21875 rec_loss:0.49403 [26.32s]; best loss:1.17346, patience : 0
2026-09-17 20:37:14,219 P1469463 INFO pr:0.8899  rc:0.7786  auc:0.9968 ap:0.9639 f1: 0.8306 pred_right: 1066019 pred_wrong:30181 actu_right: 1061706 actu_wrong: 34494
2026-09-17 20:37:18,429 P1469463 INFO pr:0.8945  rc:0.7769  auc:0.9969 ap:0.9645 f1: 0.8315 pred_right: 456939 pred_wrong:12861 actu_right: 454992 actu_wrong: 14808
2026-09-17 20:37:18,437 P1469463 INFO ----------------------------------------------------------------------------------------------------
2026-09-17 20:37:18,437 P1469463 INFO 16/50 starting... lr: 0.001 para:0.05882352963089943
2026-09-17 20:37:37,768 P1469463 INFO Epoch 16/50, all_loss:1.08894 cls_loss:1.11831 rec_loss:0.61911 [19.33s]; best loss:1.08894, patience : 0
2026-09-17 20:37:48,279 P1469463 INFO pr:0.8735  rc:0.8265  auc:0.9970 ap:0.9653 f1: 0.8493 pred_right: 1063570 pred_wrong:32630 actu_right: 1061712 actu_wrong: 34488
2026-09-17 20:37:52,457 P1469463 INFO pr:0.8808  rc:0.8271  auc:0.9970 ap:0.9661 f1: 0.8531 pred_right: 455896 pred_wrong:13904 actu_right: 454992 actu_wrong: 14808
2026-09-17 20:37:52,462 P1469463 INFO ----------------------------------------------------------------------------------------------------
2026-09-17 20:37:52,462 P1469463 INFO 17/50 starting... lr: 0.001 para:0.0555555559694767
2026-09-17 20:38:12,327 P1469463 INFO Epoch 17/50, all_loss:1.01954 cls_loss:1.03733 rec_loss:0.71698 [19.86s]; best loss:1.01954, patience : 0
2026-09-17 20:38:30,638 P1469463 INFO pr:0.9134  rc:0.7963  auc:0.9976 ap:0.9733 f1: 0.8508 pred_right: 1066132 pred_wrong:30068 actu_right: 1061711 actu_wrong: 34489
2026-09-17 20:38:36,032 P1469463 INFO pr:0.9172  rc:0.7964  auc:0.9977 ap:0.9741 f1: 0.8525 pred_right: 456942 pred_wrong:12858 actu_right: 454992 actu_wrong: 14808
2026-09-17 20:38:36,037 P1469463 INFO ----------------------------------------------------------------------------------------------------
2026-09-17 20:38:36,037 P1469463 INFO 18/50 starting... lr: 0.001 para:0.05263157933950424
2026-09-17 20:38:55,676 P1469463 INFO Epoch 18/50, all_loss:0.96388 cls_loss:0.97412 rec_loss:0.77945 [19.64s]; best loss:0.96388, patience : 0
2026-09-17 20:39:05,993 P1469463 INFO pr:0.8589  rc:0.9050  auc:0.9979 ap:0.9754 f1: 0.8814 pred_right: 1059856 pred_wrong:36344 actu_right: 1061710 actu_wrong: 34490
2026-09-17 20:39:10,407 P1469463 INFO pr:0.8620  rc:0.9034  auc:0.9980 ap:0.9762 f1: 0.8822 pred_right: 454281 pred_wrong:15519 actu_right: 454992 actu_wrong: 14808
2026-09-17 20:39:10,412 P1469463 INFO ----------------------------------------------------------------------------------------------------
2026-09-17 20:39:10,412 P1469463 INFO 19/50 starting... lr: 0.001 para:0.05000000074505806
2026-09-17 20:39:30,523 P1469463 INFO Epoch 19/50, all_loss:0.92795 cls_loss:0.93327 rec_loss:0.82696 [20.11s]; best loss:0.92795, patience : 0
2026-09-17 20:39:40,935 P1469463 INFO pr:0.9091  rc:0.8435  auc:0.9981 ap:0.9789 f1: 0.8751 pred_right: 1064203 pred_wrong:31997 actu_right: 1061713 actu_wrong: 34487
2026-09-17 20:39:45,111 P1469463 INFO pr:0.9144  rc:0.8410  auc:0.9983 ap:0.9794 f1: 0.8761 pred_right: 456181 pred_wrong:13619 actu_right: 454992 actu_wrong: 14808
2026-09-17 20:39:45,111 P1469463 INFO ----------------------------------------------------------------------------------------------------
2026-09-17 20:39:45,112 P1469463 INFO 20/50 starting... lr: 0.001 para:0.0476190485060215
2026-09-17 20:40:12,752 P1469463 INFO Epoch 20/50, all_loss:0.88375 cls_loss:0.88393 rec_loss:0.88021 [27.64s]; best loss:0.88375, patience : 0
2026-09-17 20:40:23,025 P1469463 INFO pr:0.9243  rc:0.8146  auc:0.9984 ap:0.9801 f1: 0.8660 pred_right: 1065802 pred_wrong:30398 actu_right: 1061710 actu_wrong: 34490
2026-09-17 20:40:27,438 P1469463 INFO pr:0.9284  rc:0.8121  auc:0.9985 ap:0.9807 f1: 0.8664 pred_right: 456848 pred_wrong:12952 actu_right: 454992 actu_wrong: 14808
2026-09-17 20:40:27,442 P1469463 INFO ----------------------------------------------------------------------------------------------------
2026-09-17 20:40:27,442 P1469463 INFO 21/50 starting... lr: 0.001 para:0.04545454680919647
2026-09-17 20:40:47,142 P1469463 INFO Epoch 21/50, all_loss:0.84991 cls_loss:0.84577 rec_loss:0.93679 [19.70s]; best loss:0.84991, patience : 0
2026-09-17 20:40:57,476 P1469463 INFO pr:0.9064  rc:0.8929  auc:0.9986 ap:0.9819 f1: 0.8996 pred_right: 1062227 pred_wrong:33973 actu_right: 1061715 actu_wrong: 34485
2026-09-17 20:41:01,697 P1469463 INFO pr:0.9109  rc:0.8888  auc:0.9987 ap:0.9826 f1: 0.8997 pred_right: 455352 pred_wrong:14448 actu_right: 454992 actu_wrong: 14808
2026-09-17 20:41:01,702 P1469463 INFO ----------------------------------------------------------------------------------------------------
2026-09-17 20:41:01,702 P1469463 INFO 22/50 starting... lr: 0.001 para:0.043478261679410934
2026-09-17 20:41:25,686 P1469463 INFO Epoch 22/50, all_loss:0.79800 cls_loss:0.78962 rec_loss:0.98227 [23.98s]; best loss:0.79800, patience : 0
2026-09-17 20:41:39,025 P1469463 INFO pr:0.9147  rc:0.8717  auc:0.9986 ap:0.9823 f1: 0.8927 pred_right: 1063332 pred_wrong:32868 actu_right: 1061710 actu_wrong: 34490
2026-09-17 20:41:43,459 P1469463 INFO pr:0.9186  rc:0.8693  auc:0.9986 ap:0.9827 f1: 0.8933 pred_right: 455787 pred_wrong:14013 actu_right: 454992 actu_wrong: 14808
2026-09-17 20:41:43,460 P1469463 INFO ----------------------------------------------------------------------------------------------------
2026-09-17 20:41:43,460 P1469463 INFO 23/50 starting... lr: 0.001 para:0.0416666679084301
2026-09-17 20:42:03,192 P1469463 INFO Epoch 23/50, all_loss:0.78716 cls_loss:0.77815 rec_loss:0.99434 [19.73s]; best loss:0.78716, patience : 0
2026-09-17 20:42:13,573 P1469463 INFO pr:0.9071  rc:0.9011  auc:0.9983 ap:0.9815 f1: 0.9041 pred_right: 1061943 pred_wrong:34257 actu_right: 1061713 actu_wrong: 34487
2026-09-17 20:42:17,860 P1469463 INFO pr:0.9105  rc:0.9005  auc:0.9983 ap:0.9821 f1: 0.9055 pred_right: 455156 pred_wrong:14644 actu_right: 454992 actu_wrong: 14808
2026-09-17 20:42:17,864 P1469463 INFO ----------------------------------------------------------------------------------------------------
2026-09-17 20:42:17,864 P1469463 INFO 24/50 starting... lr: 0.001 para:0.03999999910593033
2026-09-17 20:42:38,360 P1469463 INFO Epoch 24/50, all_loss:0.77355 cls_loss:0.76240 rec_loss:1.04131 [20.49s]; best loss:0.77355, patience : 0
2026-09-17 20:42:47,614 P1469463 INFO pr:0.9018  rc:0.9114  auc:0.9985 ap:0.9832 f1: 0.9066 pred_right: 1061343 pred_wrong:34857 actu_right: 1061711 actu_wrong: 34489
2026-09-17 20:42:58,620 P1469463 INFO pr:0.9033  rc:0.9107  auc:0.9986 ap:0.9840 f1: 0.9070 pred_right: 454871 pred_wrong:14929 actu_right: 454992 actu_wrong: 14808
2026-09-17 20:42:58,630 P1469463 INFO ----------------------------------------------------------------------------------------------------
2026-09-17 20:42:58,632 P1469463 INFO 25/50 starting... lr: 0.001 para:0.03846153989434242
2026-09-17 20:43:20,093 P1469463 INFO Epoch 25/50, all_loss:0.73309 cls_loss:0.71987 rec_loss:1.06343 [21.46s]; best loss:0.73309, patience : 0
2026-09-17 20:43:30,504 P1469463 INFO pr:0.9015  rc:0.9072  auc:0.9989 ap:0.9836 f1: 0.9043 pred_right: 1061495 pred_wrong:34705 actu_right: 1061713 actu_wrong: 34487
2026-09-17 20:43:34,927 P1469463 INFO pr:0.9020  rc:0.9051  auc:0.9988 ap:0.9838 f1: 0.9036 pred_right: 454941 pred_wrong:14859 actu_right: 454992 actu_wrong: 14808
2026-09-17 20:43:34,928 P1469463 INFO ----------------------------------------------------------------------------------------------------
2026-09-17 20:43:34,928 P1469463 INFO 26/50 starting... lr: 0.001 para:0.03703703731298447
2026-09-17 20:43:54,348 P1469463 INFO Epoch 26/50, all_loss:0.71312 cls_loss:0.69870 rec_loss:1.08822 [19.42s]; best loss:0.71312, patience : 0
2026-09-17 20:44:05,131 P1469463 INFO pr:0.8980  rc:0.9338  auc:0.9988 ap:0.9852 f1: 0.9156 pred_right: 1060337 pred_wrong:35863 actu_right: 1061710 actu_wrong: 34490
2026-09-17 20:44:10,773 P1469463 INFO pr:0.8962  rc:0.9323  auc:0.9988 ap:0.9855 f1: 0.9139 pred_right: 454395 pred_wrong:15405 actu_right: 454992 actu_wrong: 14808
2026-09-17 20:44:10,777 P1469463 INFO ----------------------------------------------------------------------------------------------------
2026-09-17 20:44:10,777 P1469463 INFO 27/50 starting... lr: 0.001 para:0.0357142873108387
2026-09-17 20:44:37,765 P1469463 INFO Epoch 27/50, all_loss:0.67783 cls_loss:0.66217 rec_loss:1.10049 [26.98s]; best loss:0.67783, patience : 0
2026-09-17 20:44:48,211 P1469463 INFO pr:0.8795  rc:0.9562  auc:0.9989 ap:0.9842 f1: 0.9162 pred_right: 1058704 pred_wrong:37496 actu_right: 1061713 actu_wrong: 34487
2026-09-17 20:44:52,506 P1469463 INFO pr:0.8805  rc:0.9535  auc:0.9989 ap:0.9839 f1: 0.9155 pred_right: 453764 pred_wrong:16036 actu_right: 454992 actu_wrong: 14808
2026-09-17 20:44:52,510 P1469463 INFO ----------------------------------------------------------------------------------------------------
2026-09-17 20:44:52,510 P1469463 INFO 28/50 starting... lr: 0.001 para:0.03448275849223137
2026-09-17 20:45:12,165 P1469463 INFO Epoch 28/50, all_loss:0.67435 cls_loss:0.65834 rec_loss:1.12286 [19.65s]; best loss:0.67435, patience : 0
2026-09-17 20:45:22,510 P1469463 INFO pr:0.8988  rc:0.9434  auc:0.9988 ap:0.9858 f1: 0.9206 pred_right: 1059997 pred_wrong:36203 actu_right: 1061710 actu_wrong: 34490
2026-09-17 20:45:26,807 P1469463 INFO pr:0.9012  rc:0.9448  auc:0.9989 ap:0.9864 f1: 0.9225 pred_right: 454276 pred_wrong:15524 actu_right: 454992 actu_wrong: 14808
2026-09-17 20:45:26,811 P1469463 INFO ----------------------------------------------------------------------------------------------------
2026-09-17 20:45:26,811 P1469463 INFO 29/50 starting... lr: 0.001 para:0.03333333507180214
2026-09-17 20:45:45,545 P1469463 INFO Epoch 29/50, all_loss:0.65941 cls_loss:0.64196 rec_loss:1.16552 [18.73s]; best loss:0.65941, patience : 0
2026-09-17 20:46:02,831 P1469463 INFO pr:0.9330  rc:0.8582  auc:0.9989 ap:0.9863 f1: 0.8940 pred_right: 1064478 pred_wrong:31722 actu_right: 1061714 actu_wrong: 34486
2026-09-17 20:46:08,093 P1469463 INFO pr:0.9332  rc:0.8556  auc:0.9989 ap:0.9864 f1: 0.8927 pred_right: 456224 pred_wrong:13576 actu_right: 454992 actu_wrong: 14808
2026-09-17 20:46:08,094 P1469463 INFO ----------------------------------------------------------------------------------------------------
2026-09-17 20:46:08,101 P1469463 INFO 30/50 starting... lr: 0.001 para:0.032258063554763794
2026-09-17 20:46:27,648 P1469463 INFO Epoch 30/50, all_loss:0.62024 cls_loss:0.60199 rec_loss:1.16782 [19.54s]; best loss:0.62024, patience : 0
2026-09-17 20:46:37,714 P1469463 INFO pr:0.9107  rc:0.9293  auc:0.9991 ap:0.9880 f1: 0.9199 pred_right: 1061012 pred_wrong:35188 actu_right: 1061714 actu_wrong: 34486
2026-09-17 20:46:42,086 P1469463 INFO pr:0.9104  rc:0.9274  auc:0.9991 ap:0.9878 f1: 0.9188 pred_right: 454715 pred_wrong:15085 actu_right: 454992 actu_wrong: 14808
2026-09-17 20:46:42,087 P1469463 INFO ----------------------------------------------------------------------------------------------------
2026-09-17 20:46:42,087 P1469463 INFO 31/50 starting... lr: 0.001 para:0.03125
2026-09-17 20:47:01,521 P1469463 INFO Epoch 31/50, all_loss:0.62099 cls_loss:0.60235 rec_loss:1.19872 [19.43s]; best loss:0.62024, patience : 1
2026-09-17 20:47:13,114 P1469463 INFO pr:0.9282  rc:0.8817  auc:0.9991 ap:0.9879 f1: 0.9044 pred_right: 1063440 pred_wrong:32760 actu_right: 1061710 actu_wrong: 34490
2026-09-17 20:47:16,525 P1469463 INFO pr:0.9251  rc:0.8778  auc:0.9990 ap:0.9874 f1: 0.9008 pred_right: 455749 pred_wrong:14051 actu_right: 454992 actu_wrong: 14808
2026-09-17 20:47:16,525 P1469463 INFO ----------------------------------------------------------------------------------------------------
2026-09-17 20:47:16,526 P1469463 INFO 32/50 starting... lr: 0.001 para:0.03030303120613098
2026-09-17 20:47:43,909 P1469463 INFO Epoch 32/50, all_loss:0.60456 cls_loss:0.58570 rec_loss:1.20811 [27.38s]; best loss:0.60456, patience : 0
2026-09-17 20:47:53,966 P1469463 INFO pr:0.9271  rc:0.9153  auc:0.9991 ap:0.9882 f1: 0.9212 pred_right: 1062147 pred_wrong:34053 actu_right: 1061707 actu_wrong: 34493
2026-09-17 20:47:58,435 P1469463 INFO pr:0.9255  rc:0.9123  auc:0.9991 ap:0.9882 f1: 0.9189 pred_right: 455203 pred_wrong:14597 actu_right: 454992 actu_wrong: 14808
2026-09-17 20:47:58,440 P1469463 INFO ----------------------------------------------------------------------------------------------------
2026-09-17 20:47:58,440 P1469463 INFO 33/50 starting... lr: 0.001 para:0.029411764815449715
2026-09-17 20:48:18,292 P1469463 INFO Epoch 33/50, all_loss:0.60134 cls_loss:0.58308 rec_loss:1.20401 [19.85s]; best loss:0.60134, patience : 0
2026-09-17 20:48:29,281 P1469463 INFO pr:0.9148  rc:0.9409  auc:0.9991 ap:0.9892 f1: 0.9277 pred_right: 1060724 pred_wrong:35476 actu_right: 1061709 actu_wrong: 34491
2026-09-17 20:48:33,677 P1469463 INFO pr:0.9146  rc:0.9360  auc:0.9990 ap:0.9887 f1: 0.9252 pred_right: 454644 pred_wrong:15156 actu_right: 454992 actu_wrong: 14808
2026-09-17 20:48:33,682 P1469463 INFO ----------------------------------------------------------------------------------------------------
2026-09-17 20:48:33,682 P1469463 INFO 34/50 starting... lr: 0.001 para:0.02857142873108387
2026-09-17 20:48:52,346 P1469463 INFO Epoch 34/50, all_loss:0.57778 cls_loss:0.55929 rec_loss:1.20620 [18.66s]; best loss:0.57778, patience : 0
2026-09-17 20:49:11,832 P1469463 INFO pr:0.9149  rc:0.9523  auc:0.9993 ap:0.9903 f1: 0.9332 pred_right: 1060301 pred_wrong:35899 actu_right: 1061710 actu_wrong: 34490
2026-09-17 20:49:16,304 P1469463 INFO pr:0.9133  rc:0.9494  auc:0.9992 ap:0.9900 f1: 0.9310 pred_right: 454406 pred_wrong:15394 actu_right: 454992 actu_wrong: 14808
2026-09-17 20:49:16,308 P1469463 INFO ----------------------------------------------------------------------------------------------------
2026-09-17 20:49:16,308 P1469463 INFO 35/50 starting... lr: 0.001 para:0.02777777798473835
2026-09-17 20:49:36,027 P1469463 INFO Epoch 35/50, all_loss:0.56476 cls_loss:0.54551 rec_loss:1.23854 [19.71s]; best loss:0.56476, patience : 0
2026-09-17 20:49:46,477 P1469463 INFO pr:0.8991  rc:0.9672  auc:0.9993 ap:0.9899 f1: 0.9319 pred_right: 1059101 pred_wrong:37099 actu_right: 1061713 actu_wrong: 34487
2026-09-17 20:49:51,100 P1469463 INFO pr:0.8995  rc:0.9645  auc:0.9992 ap:0.9896 f1: 0.9309 pred_right: 453923 pred_wrong:15877 actu_right: 454992 actu_wrong: 14808
2026-09-17 20:49:51,101 P1469463 INFO ----------------------------------------------------------------------------------------------------
2026-09-17 20:49:51,101 P1469463 INFO 36/50 starting... lr: 0.001 para:0.027027027681469917
2026-09-17 20:50:11,188 P1469463 INFO Epoch 36/50, all_loss:0.55363 cls_loss:0.53392 rec_loss:1.26299 [20.07s]; best loss:0.55363, patience : 0
2026-09-17 20:50:20,492 P1469463 INFO pr:0.9394  rc:0.9030  auc:0.9991 ap:0.9902 f1: 0.9209 pred_right: 1063046 pred_wrong:33154 actu_right: 1061708 actu_wrong: 34492
2026-09-17 20:50:24,391 P1469463 INFO pr:0.9392  rc:0.9011  auc:0.9991 ap:0.9901 f1: 0.9197 pred_right: 455593 pred_wrong:14207 actu_right: 454992 actu_wrong: 14808
2026-09-17 20:50:24,392 P1469463 INFO ----------------------------------------------------------------------------------------------------
2026-09-17 20:50:24,392 P1469463 INFO 37/50 starting... lr: 0.001 para:0.02631578966975212
2026-09-17 20:50:52,580 P1469463 INFO Epoch 37/50, all_loss:0.55457 cls_loss:0.53573 rec_loss:1.25166 [28.19s]; best loss:0.55363, patience : 1
2026-09-17 20:51:02,765 P1469463 INFO pr:0.9166  rc:0.9575  auc:0.9993 ap:0.9905 f1: 0.9366 pred_right: 1060175 pred_wrong:36025 actu_right: 1061711 actu_wrong: 34489
2026-09-17 20:51:07,136 P1469463 INFO pr:0.9164  rc:0.9537  auc:0.9992 ap:0.9904 f1: 0.9347 pred_right: 454389 pred_wrong:15411 actu_right: 454992 actu_wrong: 14808
2026-09-17 20:51:07,140 P1469463 INFO ----------------------------------------------------------------------------------------------------
2026-09-17 20:51:07,141 P1469463 INFO 38/50 starting... lr: 0.001 para:0.025641025975346565
2026-09-17 20:51:26,855 P1469463 INFO Epoch 38/50, all_loss:0.52819 cls_loss:0.50812 rec_loss:1.29083 [19.71s]; best loss:0.52819, patience : 0
2026-09-17 20:51:37,000 P1469463 INFO pr:0.9342  rc:0.9201  auc:0.9993 ap:0.9909 f1: 0.9271 pred_right: 1062232 pred_wrong:33968 actu_right: 1061713 actu_wrong: 34487
2026-09-17 20:51:41,085 P1469463 INFO pr:0.9330  rc:0.9175  auc:0.9993 ap:0.9901 f1: 0.9252 pred_right: 455238 pred_wrong:14562 actu_right: 454992 actu_wrong: 14808
2026-09-17 20:51:41,085 P1469463 INFO ----------------------------------------------------------------------------------------------------
2026-09-17 20:51:41,086 P1469463 INFO 39/50 starting... lr: 0.001 para:0.02500000037252903
2026-09-17 20:52:03,906 P1469463 INFO Epoch 39/50, all_loss:0.51820 cls_loss:0.49771 rec_loss:1.31754 [22.80s]; best loss:0.51820, patience : 0
2026-09-17 20:52:19,336 P1469463 INFO pr:0.9228  rc:0.9413  auc:0.9993 ap:0.9907 f1: 0.9320 pred_right: 1061020 pred_wrong:35180 actu_right: 1061712 actu_wrong: 34488
2026-09-17 20:52:23,580 P1469463 INFO pr:0.9224  rc:0.9395  auc:0.9993 ap:0.9901 f1: 0.9308 pred_right: 454717 pred_wrong:15083 actu_right: 454992 actu_wrong: 14808
2026-09-17 20:52:23,581 P1469463 INFO ----------------------------------------------------------------------------------------------------
2026-09-17 20:52:23,581 P1469463 INFO 40/50 starting... lr: 0.001 para:0.024390242993831635
2026-09-17 20:52:42,831 P1469463 INFO Epoch 40/50, all_loss:0.51701 cls_loss:0.49716 rec_loss:1.31086 [19.25s]; best loss:0.51701, patience : 0
2026-09-17 20:52:53,072 P1469463 INFO pr:0.9065  rc:0.9734  auc:0.9994 ap:0.9918 f1: 0.9388 pred_right: 1059171 pred_wrong:37029 actu_right: 1061714 actu_wrong: 34486
2026-09-17 20:52:57,446 P1469463 INFO pr:0.9057  rc:0.9695  auc:0.9994 ap:0.9912 f1: 0.9366 pred_right: 453949 pred_wrong:15851 actu_right: 454992 actu_wrong: 14808
2026-09-17 20:52:57,450 P1469463 INFO ----------------------------------------------------------------------------------------------------
2026-09-17 20:52:57,450 P1469463 INFO 41/50 starting... lr: 0.001 para:0.02380952425301075
2026-09-17 20:53:18,327 P1469463 INFO Epoch 41/50, all_loss:0.50580 cls_loss:0.48545 rec_loss:1.34009 [20.87s]; best loss:0.50580, patience : 0
2026-09-17 20:53:27,247 P1469463 INFO pr:0.9096  rc:0.9640  auc:0.9994 ap:0.9918 f1: 0.9360 pred_right: 1059646 pred_wrong:36554 actu_right: 1061712 actu_wrong: 34488
2026-09-17 20:53:31,065 P1469463 INFO pr:0.9085  rc:0.9612  auc:0.9994 ap:0.9911 f1: 0.9341 pred_right: 454133 pred_wrong:15667 actu_right: 454992 actu_wrong: 14808
2026-09-17 20:53:31,066 P1469463 INFO ----------------------------------------------------------------------------------------------------
2026-09-17 20:53:31,066 P1469463 INFO 42/50 starting... lr: 0.001 para:0.023255813866853714
2026-09-17 20:53:59,580 P1469463 INFO Epoch 42/50, all_loss:0.51036 cls_loss:0.49039 rec_loss:1.34910 [28.51s]; best loss:0.50580, patience : 1
2026-09-17 20:54:10,253 P1469463 INFO pr:0.9350  rc:0.9318  auc:0.9991 ap:0.9908 f1: 0.9334 pred_right: 1061825 pred_wrong:34375 actu_right: 1061707 actu_wrong: 34493
2026-09-17 20:54:14,883 P1469463 INFO pr:0.9336  rc:0.9279  auc:0.9991 ap:0.9903 f1: 0.9307 pred_right: 455083 pred_wrong:14717 actu_right: 454992 actu_wrong: 14808
2026-09-17 20:54:14,887 P1469463 INFO ----------------------------------------------------------------------------------------------------
2026-09-17 20:54:14,887 P1469463 INFO 43/50 starting... lr: 0.001 para:0.022727273404598236
2026-09-17 20:54:35,392 P1469463 INFO Epoch 43/50, all_loss:0.49359 cls_loss:0.47319 rec_loss:1.37086 [20.50s]; best loss:0.49359, patience : 0
2026-09-17 20:54:47,121 P1469463 INFO pr:0.9201  rc:0.9619  auc:0.9993 ap:0.9915 f1: 0.9406 pred_right: 1060146 pred_wrong:36054 actu_right: 1061712 actu_wrong: 34488
2026-09-17 20:54:51,056 P1469463 INFO pr:0.9207  rc:0.9577  auc:0.9994 ap:0.9912 f1: 0.9388 pred_right: 454398 pred_wrong:15402 actu_right: 454992 actu_wrong: 14808
2026-09-17 20:54:51,060 P1469463 INFO ----------------------------------------------------------------------------------------------------
2026-09-17 20:54:51,060 P1469463 INFO 44/50 starting... lr: 0.001 para:0.02222222276031971
2026-09-17 20:55:16,536 P1469463 INFO Epoch 44/50, all_loss:0.46955 cls_loss:0.44876 rec_loss:1.38407 [25.47s]; best loss:0.46955, patience : 0
2026-09-17 20:55:26,747 P1469463 INFO pr:0.9302  rc:0.9604  auc:0.9995 ap:0.9930 f1: 0.9450 pred_right: 1060590 pred_wrong:35610 actu_right: 1061710 actu_wrong: 34490
2026-09-17 20:55:31,307 P1469463 INFO pr:0.9301  rc:0.9571  auc:0.9994 ap:0.9925 f1: 0.9434 pred_right: 454563 pred_wrong:15237 actu_right: 454992 actu_wrong: 14808
2026-09-17 20:55:31,311 P1469463 INFO ----------------------------------------------------------------------------------------------------
2026-09-17 20:55:31,311 P1469463 INFO 45/50 starting... lr: 0.001 para:0.021739130839705467
2026-09-17 20:55:50,553 P1469463 INFO Epoch 45/50, all_loss:0.47967 cls_loss:0.45904 rec_loss:1.40801 [19.24s]; best loss:0.46955, patience : 1
2026-09-17 20:56:00,822 P1469463 INFO pr:0.9124  rc:0.9684  auc:0.9993 ap:0.9919 f1: 0.9396 pred_right: 1059599 pred_wrong:36601 actu_right: 1061714 actu_wrong: 34486
2026-09-17 20:56:05,000 P1469463 INFO pr:0.9139  rc:0.9650  auc:0.9993 ap:0.9916 f1: 0.9388 pred_right: 454164 pred_wrong:15636 actu_right: 454992 actu_wrong: 14808
2026-09-17 20:56:05,001 P1469463 INFO ----------------------------------------------------------------------------------------------------
2026-09-17 20:56:05,002 P1469463 INFO 46/50 starting... lr: 0.001 para:0.021276595070958138
2026-09-17 20:56:23,763 P1469463 INFO Epoch 46/50, all_loss:0.45870 cls_loss:0.43796 rec_loss:1.41272 [18.76s]; best loss:0.45870, patience : 0
2026-09-17 20:56:35,985 P1469463 INFO pr:0.9414  rc:0.9306  auc:0.9994 ap:0.9929 f1: 0.9359 pred_right: 1062105 pred_wrong:34095 actu_right: 1061708 actu_wrong: 34492
2026-09-17 20:56:45,620 P1469463 INFO pr:0.9385  rc:0.9260  auc:0.9993 ap:0.9920 f1: 0.9322 pred_right: 455189 pred_wrong:14611 actu_right: 454992 actu_wrong: 14808
2026-09-17 20:56:45,621 P1469463 INFO ----------------------------------------------------------------------------------------------------
2026-09-17 20:56:45,621 P1469463 INFO 47/50 starting... lr: 0.001 para:0.02083333395421505
2026-09-17 20:57:04,851 P1469463 INFO Epoch 47/50, all_loss:0.49188 cls_loss:0.47204 rec_loss:1.42430 [19.23s]; best loss:0.45870, patience : 1
2026-09-17 20:57:14,450 P1469463 INFO pr:0.9254  rc:0.9678  auc:0.9995 ap:0.9926 f1: 0.9461 pred_right: 1060129 pred_wrong:36071 actu_right: 1061709 actu_wrong: 34491
2026-09-17 20:57:18,472 P1469463 INFO pr:0.9253  rc:0.9641  auc:0.9995 ap:0.9922 f1: 0.9443 pred_right: 454371 pred_wrong:15429 actu_right: 454992 actu_wrong: 14808
2026-09-17 20:57:18,476 P1469463 INFO ----------------------------------------------------------------------------------------------------
2026-09-17 20:57:18,476 P1469463 INFO 48/50 starting... lr: 0.001 para:0.020408162847161293
2026-09-17 20:57:37,752 P1469463 INFO Epoch 48/50, all_loss:0.45152 cls_loss:0.43072 rec_loss:1.45013 [19.27s]; best loss:0.45152, patience : 0
2026-09-17 20:57:48,645 P1469463 INFO pr:0.9271  rc:0.9648  auc:0.9994 ap:0.9932 f1: 0.9456 pred_right: 1060307 pred_wrong:35893 actu_right: 1061711 actu_wrong: 34489
2026-09-17 20:57:51,848 P1469463 INFO pr:0.9260  rc:0.9621  auc:0.9994 ap:0.9926 f1: 0.9437 pred_right: 454414 pred_wrong:15386 actu_right: 454992 actu_wrong: 14808
2026-09-17 20:57:51,848 P1469463 INFO ----------------------------------------------------------------------------------------------------
2026-09-17 20:57:51,849 P1469463 INFO 49/50 starting... lr: 0.001 para:0.019999999552965164
2026-09-17 20:58:17,647 P1469463 INFO Epoch 49/50, all_loss:0.46677 cls_loss:0.44594 rec_loss:1.48716 [25.80s]; best loss:0.45152, patience : 1
2026-09-17 20:58:27,961 P1469463 INFO pr:0.9302  rc:0.9600  auc:0.9993 ap:0.9934 f1: 0.9448 pred_right: 1060608 pred_wrong:35592 actu_right: 1061715 actu_wrong: 34485
2026-09-17 20:58:31,955 P1469463 INFO pr:0.9281  rc:0.9557  auc:0.9993 ap:0.9930 f1: 0.9417 pred_right: 454551 pred_wrong:15249 actu_right: 454992 actu_wrong: 14808
2026-09-17 20:58:31,956 P1469463 INFO saving model...
2026-09-17 20:58:31,956 P1469463 INFO FITS_Legendre - loss  best score:0.45152080059051514 at epoch 48
2026-09-17 20:58:31,963 P1469463 INFO FITS_Legendre - f1  best score:0.9460899634364105 at epoch 47
2026-09-17 20:58:31,968 P1469463 INFO Average training time per epoch: 21.59 seconds
2026-09-17 20:58:31,968 P1469463 INFO calculate scores...
2026-09-17 20:58:31,969 P1469463 INFO calculate label with loss...
2026-09-17 20:58:31,969 P1469463 INFO FITS_Legendre on ./result/server_only_exps/Ablations_updatedFreDF/FITS_Legendre-TT-Epochs50-Seed3-ExpNameRQ2z5_basis_degree_comparison_2-LPFLPF-Attnlinear_attn-NormLinTrue-RecLambda1.0-AuxiLambda0.2-lowshow-simplegraph-Degree7-BasisTypechebyshev loading...
2026-09-17 20:58:36,486 P1469463 INFO pr:0.9260  rc:0.9621  auc:0.9994 ap:0.9926 f1: 0.9437 pred_right: 454414 pred_wrong:15386 actu_right: 454992 actu_wrong: 14808
2026-09-17 20:58:44,835 P1469463 INFO pr:0.9260  rc:0.9621  auc:0.9994 ap:0.9926 f1: 0.9437 pred_right: 454414 pred_wrong:15386 actu_right: 454992 actu_wrong: 14808
2026-09-17 20:58:44,835 P1469463 INFO Performance Summary:
{'GPU': {'inference_time_per_sample_ms': 0.22902065412869546, 'throughput_samples_per_sec': 4366.418408001148, 'peak_memory_mb': 87.591796875, 'energy_per_sample_joules': 0.01194033533398073}, 'CPU': {'inference_time_per_sample_ms': 0.4445668203001318, 'throughput_samples_per_sec': 2249.3806427679183, 'peak_memory_mb': 5492.52734375, 'energy_per_sample_joules': 0.028896843319508567}}
2026-09-17 20:58:44,835 P1469463 INFO Starting clean-room hardware benchmarking...
2026-09-17 20:58:45,714 P1469463 INFO Performance with loss: pr:0.9260  rc:0.9621  auc:0.9994 ap:0.9926 f1: 0.9437 pred_right: 454414 pred_wrong:15386 actu_right: 454992 actu_wrong: 14808
2026-09-17 20:58:45,714 P1469463 INFO calculate label with f1...
2026-09-17 20:58:45,714 P1469463 INFO FITS_Legendre on ./result/server_only_exps/Ablations_updatedFreDF/FITS_Legendre-TT-Epochs50-Seed3-ExpNameRQ2z5_basis_degree_comparison_2-LPFLPF-Attnlinear_attn-NormLinTrue-RecLambda1.0-AuxiLambda0.2-lowshow-simplegraph-Degree7-BasisTypechebyshev loading...
2026-09-17 20:58:50,209 P1469463 INFO pr:0.9253  rc:0.9641  auc:0.9995 ap:0.9922 f1: 0.9443 pred_right: 454371 pred_wrong:15429 actu_right: 454992 actu_wrong: 14808
2026-09-17 20:58:58,004 P1469463 INFO pr:0.9253  rc:0.9641  auc:0.9995 ap:0.9922 f1: 0.9443 pred_right: 454371 pred_wrong:15429 actu_right: 454992 actu_wrong: 14808
2026-09-17 20:58:58,007 P1469463 INFO Performance Summary:
{'GPU': {'inference_time_per_sample_ms': 0.2236739884561567, 'throughput_samples_per_sec': 4470.79254455202, 'peak_memory_mb': 87.087890625, 'energy_per_sample_joules': 0.011577812990467585}, 'CPU': {'inference_time_per_sample_ms': 0.4127950810674411, 'throughput_samples_per_sec': 2422.5094868236165, 'peak_memory_mb': 5436.1796875, 'energy_per_sample_joules': 0.02683168026938367}}
2026-09-17 20:58:58,008 P1469463 INFO Starting clean-room hardware benchmarking...
2026-09-17 20:58:58,843 P1469463 INFO Performance with f1: pr:0.9253  rc:0.9641  auc:0.9995 ap:0.9922 f1: 0.9443 pred_right: 454371 pred_wrong:15429 actu_right: 454992 actu_wrong: 14808
