2026-07-14 06:18:16,727 P1516427 INFO ---- Model: ----MSTGAD-1ebb52af----random_seed : 2----req_loss_approach : Legendre-style----rec_lambda : 1.0----auxi_lambda : 0.2----Freq Domain : FreTS----Multi Fits : false----train : True----evaluate : False
2026-07-14 06:18:16,727 P1516427 INFO Load from /home/db2003/Desktop/Amr/Tests/Eadro/codes/chunks/TT
2026-07-14 06:18:27,736 P1516427 INFO Fewshot: training with 1.0 of the 70% of the data
2026-07-14 06:18:36,123 P1516427 INFO Trainable Parameters Breakdown:
2026-07-14 06:18:36,124 P1516427 INFO --------------------------------------------------------------------------------
2026-07-14 06:18:36,124 P1516427 INFO Reconstruction-Specific Parameters:
2026-07-14 06:18:36,124 P1516427 INFO linear_attn.Wq.weight                    | shape: (10, 10)                  | params: 100
2026-07-14 06:18:36,124 P1516427 INFO linear_attn.Wk.weight                    | shape: (10, 10)                  | params: 100
2026-07-14 06:18:36,124 P1516427 INFO linear_attn.Wv.weight                    | shape: (10, 10)                  | params: 100
2026-07-14 06:18:36,124 P1516427 INFO linear_attn.out.weight                   | shape: (10, 10)                  | params: 100
2026-07-14 06:18:36,124 P1516427 INFO linear_attn.out.bias                     | shape: (10,)                     | params: 10
2026-07-14 06:18:36,124 P1516427 INFO linear_attn.norm.weight                  | shape: (10,)                     | params: 10
2026-07-14 06:18:36,124 P1516427 INFO linear_attn.norm.bias                    | shape: (10,)                     | params: 10
2026-07-14 06:18:36,124 P1516427 INFO shared_fits.embeddings                   | shape: (1, 10)                   | params: 10
2026-07-14 06:18:36,124 P1516427 INFO shared_fits.r1                           | shape: (10, 10)                  | params: 100
2026-07-14 06:18:36,124 P1516427 INFO shared_fits.i1                           | shape: (10, 10)                  | params: 100
2026-07-14 06:18:36,124 P1516427 INFO shared_fits.rb1                          | shape: (10,)                     | params: 10
2026-07-14 06:18:36,124 P1516427 INFO shared_fits.ib1                          | shape: (10,)                     | params: 10
2026-07-14 06:18:36,124 P1516427 INFO shared_fits.r2                           | shape: (10, 10)                  | params: 100
2026-07-14 06:18:36,124 P1516427 INFO shared_fits.i2                           | shape: (10, 10)                  | params: 100
2026-07-14 06:18:36,124 P1516427 INFO shared_fits.rb2                          | shape: (10,)                     | params: 10
2026-07-14 06:18:36,124 P1516427 INFO shared_fits.ib2                          | shape: (10,)                     | params: 10
2026-07-14 06:18:36,124 P1516427 INFO shared_fits.fc.0.weight                  | shape: (10, 100)                 | params: 1,000
2026-07-14 06:18:36,124 P1516427 INFO shared_fits.fc.0.bias                    | shape: (10,)                     | params: 10
2026-07-14 06:18:36,124 P1516427 INFO shared_fits.fc.2.weight                  | shape: (10, 10)                  | params: 100
2026-07-14 06:18:36,125 P1516427 INFO shared_fits.fc.2.bias                    | shape: (10,)                     | params: 10
2026-07-14 06:18:36,125 P1516427 INFO modality_proj.node.weight                | shape: (10, 8)                   | params: 80
2026-07-14 06:18:36,125 P1516427 INFO modality_proj.node.bias                  | shape: (10,)                     | params: 10
2026-07-14 06:18:36,125 P1516427 INFO modality_proj.log.weight                 | shape: (10, 32)                  | params: 320
2026-07-14 06:18:36,125 P1516427 INFO modality_proj.log.bias                   | shape: (10,)                     | params: 10
2026-07-14 06:18:36,125 P1516427 INFO modality_proj.edge.weight                | shape: (10, 8)                   | params: 80
2026-07-14 06:18:36,125 P1516427 INFO modality_proj.edge.bias                  | shape: (10,)                     | params: 10
2026-07-14 06:18:36,125 P1516427 INFO modality_proj_out.node.weight            | shape: (8, 10)                   | params: 80
2026-07-14 06:18:36,125 P1516427 INFO modality_proj_out.node.bias              | shape: (8,)                      | params: 8
2026-07-14 06:18:36,125 P1516427 INFO modality_proj_out.log.weight             | shape: (32, 10)                  | params: 320
2026-07-14 06:18:36,125 P1516427 INFO modality_proj_out.log.bias               | shape: (32,)                     | params: 32
2026-07-14 06:18:36,125 P1516427 INFO modality_proj_out.edge.weight            | shape: (8, 10)                   | params: 80
2026-07-14 06:18:36,125 P1516427 INFO modality_proj_out.edge.bias              | shape: (8,)                      | params: 8
2026-07-14 06:18:36,125 P1516427 INFO Subtotal: 3,038
2026-07-14 06:18:36,125 P1516427 INFO --------------------------------------------------------------------------------
2026-07-14 06:18:36,125 P1516427 INFO Common Parameters:
2026-07-14 06:18:36,125 P1516427 INFO node_emb.linear.weight                   | shape: (8, 7)                    | params: 56
2026-07-14 06:18:36,125 P1516427 INFO node_emb.linear.bias                     | shape: (8,)                      | params: 8
2026-07-14 06:18:36,125 P1516427 INFO log_emb.linear.weight                    | shape: (32, 60)                  | params: 1,920
2026-07-14 06:18:36,125 P1516427 INFO log_emb.linear.bias                      | shape: (32,)                     | params: 32
2026-07-14 06:18:36,125 P1516427 INFO egde_emb.linear.weight                   | shape: (8, 2)                    | params: 16
2026-07-14 06:18:36,125 P1516427 INFO egde_emb.linear.bias                     | shape: (8,)                      | params: 8
2026-07-14 06:18:36,125 P1516427 INFO dense_node.weight                        | shape: (7, 8)                    | params: 56
2026-07-14 06:18:36,125 P1516427 INFO dense_node.bias                          | shape: (7,)                      | params: 7
2026-07-14 06:18:36,125 P1516427 INFO dense_log.weight                         | shape: (60, 32)                  | params: 1,920
2026-07-14 06:18:36,126 P1516427 INFO dense_log.bias                           | shape: (60,)                     | params: 60
2026-07-14 06:18:36,126 P1516427 INFO dense_edge.weight                        | shape: (2, 8)                    | params: 16
2026-07-14 06:18:36,126 P1516427 INFO dense_edge.bias                          | shape: (2,)                      | params: 2
2026-07-14 06:18:36,126 P1516427 INFO show.0.weight                            | shape: (128, 69)                 | params: 8,832
2026-07-14 06:18:36,126 P1516427 INFO show.0.bias                              | shape: (128,)                    | params: 128
2026-07-14 06:18:36,126 P1516427 INFO show.2.weight                            | shape: (2, 128)                  | params: 256
2026-07-14 06:18:36,126 P1516427 INFO show.2.bias                              | shape: (2,)                      | params: 2
2026-07-14 06:18:36,126 P1516427 INFO Subtotal: 13,319
2026-07-14 06:18:36,126 P1516427 INFO --------------------------------------------------------------------------------
2026-07-14 06:18:36,126 P1516427 INFO Total Trainable Parameters: 16,357

2026-07-14 06:18:36,126 P1516427 INFO Trainable Parameters: 16357, reconstruction: 3038, common: 13319
2026-07-14 06:18:36,126 P1516427 INFO model : init weight
2026-07-14 06:18:36,127 P1516427 INFO Using GPU...
2026-07-14 06:18:36,131 P1516427 INFO optimizer : using AdaBelief
2026-07-14 06:18:36,132 P1516427 INFO ----------------------------------------------------------------------------------------------------
2026-07-14 06:18:36,132 P1516427 INFO 0/50 starting... lr: 0.001 para:1.0
2026-07-14 06:19:00,975 P1516427 INFO Epoch 0/50, all_loss:0.06639 cls_loss:33.39966 rec_loss:0.06639 [24.84s]; best loss:0.06639, patience : 0
2026-07-14 06:19:00,975 P1516427 INFO ----------------------------------------------------------------------------------------------------
2026-07-14 06:19:00,975 P1516427 INFO 1/50 starting... lr: 0.001 para:0.5
2026-07-14 06:19:30,482 P1516427 INFO Epoch 1/50, all_loss:1.95447 cls_loss:3.62156 rec_loss:0.28739 [29.50s]; best loss:1.95447, patience : 0
2026-07-14 06:19:30,483 P1516427 INFO ----------------------------------------------------------------------------------------------------
2026-07-14 06:19:30,483 P1516427 INFO 2/50 starting... lr: 0.001 para:0.3333333432674408
2026-07-14 06:19:54,404 P1516427 INFO Epoch 2/50, all_loss:1.37148 cls_loss:1.88095 rec_loss:0.35254 [23.92s]; best loss:1.37148, patience : 0
2026-07-14 06:20:06,206 P1516427 INFO pr:0.8747  rc:0.6035  auc:0.9922 ap:0.9283 f1: 0.7142 pred_right: 1072407 pred_wrong:23793 actu_right: 1061713 actu_wrong: 34487
2026-07-14 06:20:11,116 P1516427 INFO pr:0.8748  rc:0.6043  auc:0.9918 ap:0.9282 f1: 0.7148 pred_right: 459570 pred_wrong:10230 actu_right: 454992 actu_wrong: 14808
2026-07-14 06:20:11,121 P1516427 INFO ----------------------------------------------------------------------------------------------------
2026-07-14 06:20:11,121 P1516427 INFO 3/50 starting... lr: 0.001 para:0.25
2026-07-14 06:20:34,963 P1516427 INFO Epoch 3/50, all_loss:1.29393 cls_loss:1.59239 rec_loss:0.39855 [23.84s]; best loss:1.29393, patience : 0
2026-07-14 06:20:54,429 P1516427 INFO pr:0.9195  rc:0.6045  auc:0.9940 ap:0.9422 f1: 0.7294 pred_right: 1073527 pred_wrong:22673 actu_right: 1061711 actu_wrong: 34489
2026-07-14 06:20:59,352 P1516427 INFO pr:0.9204  rc:0.6074  auc:0.9940 ap:0.9420 f1: 0.7318 pred_right: 460028 pred_wrong:9772 actu_right: 454992 actu_wrong: 14808
2026-07-14 06:20:59,358 P1516427 INFO ----------------------------------------------------------------------------------------------------
2026-07-14 06:20:59,358 P1516427 INFO 4/50 starting... lr: 0.001 para:0.20000000298023224
2026-07-14 06:21:23,552 P1516427 INFO Epoch 4/50, all_loss:1.18586 cls_loss:1.36515 rec_loss:0.46869 [24.19s]; best loss:1.18586, patience : 0
2026-07-14 06:21:35,300 P1516427 INFO pr:0.8084  rc:0.8487  auc:0.9961 ap:0.9595 f1: 0.8280 pred_right: 1059987 pred_wrong:36213 actu_right: 1061708 actu_wrong: 34492
2026-07-14 06:21:40,179 P1516427 INFO pr:0.8118  rc:0.8515  auc:0.9962 ap:0.9597 f1: 0.8312 pred_right: 454267 pred_wrong:15533 actu_right: 454992 actu_wrong: 14808
2026-07-14 06:21:40,184 P1516427 INFO ----------------------------------------------------------------------------------------------------
2026-07-14 06:21:40,184 P1516427 INFO 5/50 starting... lr: 0.001 para:0.1666666716337204
2026-07-14 06:22:04,469 P1516427 INFO Epoch 5/50, all_loss:1.05393 cls_loss:1.15239 rec_loss:0.56162 [24.28s]; best loss:1.05393, patience : 0
2026-07-14 06:22:22,908 P1516427 INFO pr:0.8716  rc:0.8448  auc:0.9972 ap:0.9700 f1: 0.8580 pred_right: 1062774 pred_wrong:33426 actu_right: 1061711 actu_wrong: 34489
2026-07-14 06:22:28,008 P1516427 INFO pr:0.8733  rc:0.8478  auc:0.9972 ap:0.9699 f1: 0.8603 pred_right: 455424 pred_wrong:14376 actu_right: 454992 actu_wrong: 14808
2026-07-14 06:22:28,014 P1516427 INFO ----------------------------------------------------------------------------------------------------
2026-07-14 06:22:28,014 P1516427 INFO 6/50 starting... lr: 0.001 para:0.1428571492433548
2026-07-14 06:22:52,323 P1516427 INFO Epoch 6/50, all_loss:0.92207 cls_loss:0.96322 rec_loss:0.67513 [24.30s]; best loss:0.92207, patience : 0
2026-07-14 06:23:04,354 P1516427 INFO pr:0.8675  rc:0.9045  auc:0.9983 ap:0.9776 f1: 0.8857 pred_right: 1060243 pred_wrong:35957 actu_right: 1061714 actu_wrong: 34486
2026-07-14 06:23:09,318 P1516427 INFO pr:0.8710  rc:0.9066  auc:0.9982 ap:0.9778 f1: 0.8884 pred_right: 454386 pred_wrong:15414 actu_right: 454992 actu_wrong: 14808
2026-07-14 06:23:09,323 P1516427 INFO ----------------------------------------------------------------------------------------------------
2026-07-14 06:23:09,323 P1516427 INFO 7/50 starting... lr: 0.001 para:0.125
2026-07-14 06:23:33,283 P1516427 INFO Epoch 7/50, all_loss:0.82694 cls_loss:0.83962 rec_loss:0.73814 [23.96s]; best loss:0.82694, patience : 0
2026-07-14 06:23:50,024 P1516427 INFO pr:0.9079  rc:0.8537  auc:0.9986 ap:0.9813 f1: 0.8800 pred_right: 1063771 pred_wrong:32429 actu_right: 1061713 actu_wrong: 34487
2026-07-14 06:23:56,952 P1516427 INFO pr:0.9109  rc:0.8535  auc:0.9985 ap:0.9806 f1: 0.8813 pred_right: 455925 pred_wrong:13875 actu_right: 454992 actu_wrong: 14808
2026-07-14 06:23:56,953 P1516427 INFO ----------------------------------------------------------------------------------------------------
2026-07-14 06:23:56,954 P1516427 INFO 8/50 starting... lr: 0.001 para:0.1111111119389534
2026-07-14 06:24:21,188 P1516427 INFO Epoch 8/50, all_loss:0.77223 cls_loss:0.77268 rec_loss:0.76861 [24.23s]; best loss:0.77223, patience : 0
2026-07-14 06:24:32,465 P1516427 INFO pr:0.9254  rc:0.8253  auc:0.9987 ap:0.9824 f1: 0.8725 pred_right: 1065439 pred_wrong:30761 actu_right: 1061711 actu_wrong: 34489
2026-07-14 06:24:37,523 P1516427 INFO pr:0.9228  rc:0.8231  auc:0.9986 ap:0.9813 f1: 0.8701 pred_right: 456592 pred_wrong:13208 actu_right: 454992 actu_wrong: 14808
2026-07-14 06:24:37,524 P1516427 INFO ----------------------------------------------------------------------------------------------------
2026-07-14 06:24:37,524 P1516427 INFO 9/50 starting... lr: 0.001 para:0.10000000149011612
2026-07-14 06:25:02,458 P1516427 INFO Epoch 9/50, all_loss:0.72018 cls_loss:0.71279 rec_loss:0.78667 [24.93s]; best loss:0.72018, patience : 0
2026-07-14 06:25:13,672 P1516427 INFO pr:0.8905  rc:0.9301  auc:0.9989 ap:0.9848 f1: 0.9099 pred_right: 1060175 pred_wrong:36025 actu_right: 1061708 actu_wrong: 34492
2026-07-14 06:25:23,257 P1516427 INFO pr:0.8940  rc:0.9311  auc:0.9989 ap:0.9845 f1: 0.9122 pred_right: 454378 pred_wrong:15422 actu_right: 454992 actu_wrong: 14808
2026-07-14 06:25:23,268 P1516427 INFO ----------------------------------------------------------------------------------------------------
2026-07-14 06:25:23,268 P1516427 INFO 10/50 starting... lr: 0.001 para:0.09090909361839294
2026-07-14 06:25:48,754 P1516427 INFO Epoch 10/50, all_loss:0.67668 cls_loss:0.66339 rec_loss:0.80962 [25.48s]; best loss:0.67668, patience : 0
2026-07-14 06:26:01,036 P1516427 INFO pr:0.8781  rc:0.9631  auc:0.9990 ap:0.9864 f1: 0.9186 pred_right: 1058373 pred_wrong:37827 actu_right: 1061711 actu_wrong: 34489
2026-07-14 06:26:06,368 P1516427 INFO pr:0.8836  rc:0.9598  auc:0.9989 ap:0.9858 f1: 0.9201 pred_right: 453716 pred_wrong:16084 actu_right: 454992 actu_wrong: 14808
2026-07-14 06:26:06,374 P1516427 INFO ----------------------------------------------------------------------------------------------------
2026-07-14 06:26:06,374 P1516427 INFO 11/50 starting... lr: 0.001 para:0.0833333358168602
2026-07-14 06:26:32,358 P1516427 INFO Epoch 11/50, all_loss:0.64378 cls_loss:0.62795 rec_loss:0.81792 [25.98s]; best loss:0.64378, patience : 0
2026-07-14 06:26:42,801 P1516427 INFO pr:0.9152  rc:0.8824  auc:0.9988 ap:0.9849 f1: 0.8985 pred_right: 1062947 pred_wrong:33253 actu_right: 1061711 actu_wrong: 34489
2026-07-14 06:26:49,646 P1516427 INFO pr:0.9201  rc:0.8816  auc:0.9987 ap:0.9852 f1: 0.9004 pred_right: 455611 pred_wrong:14189 actu_right: 454992 actu_wrong: 14808
2026-07-14 06:26:49,648 P1516427 INFO ----------------------------------------------------------------------------------------------------
2026-07-14 06:26:49,648 P1516427 INFO 12/50 starting... lr: 0.001 para:0.07692307978868484
2026-07-14 06:27:19,656 P1516427 INFO Epoch 12/50, all_loss:0.62104 cls_loss:0.60399 rec_loss:0.82574 [30.00s]; best loss:0.62104, patience : 0
2026-07-14 06:27:31,501 P1516427 INFO pr:0.9148  rc:0.9200  auc:0.9990 ap:0.9886 f1: 0.9174 pred_right: 1061513 pred_wrong:34687 actu_right: 1061710 actu_wrong: 34490
2026-07-14 06:27:36,462 P1516427 INFO pr:0.9180  rc:0.9179  auc:0.9990 ap:0.9882 f1: 0.9179 pred_right: 454994 pred_wrong:14806 actu_right: 454992 actu_wrong: 14808
2026-07-14 06:27:36,462 P1516427 INFO ----------------------------------------------------------------------------------------------------
2026-07-14 06:27:36,463 P1516427 INFO 13/50 starting... lr: 0.001 para:0.0714285746216774
2026-07-14 06:28:01,037 P1516427 INFO Epoch 13/50, all_loss:0.60696 cls_loss:0.58896 rec_loss:0.84086 [24.57s]; best loss:0.60696, patience : 0
2026-07-14 06:28:12,794 P1516427 INFO pr:0.8895  rc:0.9555  auc:0.9989 ap:0.9881 f1: 0.9214 pred_right: 1059153 pred_wrong:37047 actu_right: 1061713 actu_wrong: 34487
2026-07-14 06:28:17,365 P1516427 INFO pr:0.8945  rc:0.9541  auc:0.9989 ap:0.9877 f1: 0.9233 pred_right: 454005 pred_wrong:15795 actu_right: 454992 actu_wrong: 14808
2026-07-14 06:28:17,371 P1516427 INFO ----------------------------------------------------------------------------------------------------
2026-07-14 06:28:17,371 P1516427 INFO 14/50 starting... lr: 0.001 para:0.06666667014360428
2026-07-14 06:28:49,060 P1516427 INFO Epoch 14/50, all_loss:0.59537 cls_loss:0.57732 rec_loss:0.84806 [31.68s]; best loss:0.59537, patience : 0
2026-07-14 06:29:00,848 P1516427 INFO pr:0.9401  rc:0.8863  auc:0.9992 ap:0.9902 f1: 0.9124 pred_right: 1063688 pred_wrong:32512 actu_right: 1061715 actu_wrong: 34485
2026-07-14 06:29:06,031 P1516427 INFO pr:0.9395  rc:0.8818  auc:0.9991 ap:0.9894 f1: 0.9097 pred_right: 455902 pred_wrong:13898 actu_right: 454992 actu_wrong: 14808
2026-07-14 06:29:06,032 P1516427 INFO ----------------------------------------------------------------------------------------------------
2026-07-14 06:29:06,032 P1516427 INFO 15/50 starting... lr: 0.001 para:0.0625
2026-07-14 06:29:30,384 P1516427 INFO Epoch 15/50, all_loss:0.57310 cls_loss:0.55464 rec_loss:0.85006 [24.35s]; best loss:0.57310, patience : 0
2026-07-14 06:29:42,868 P1516427 INFO pr:0.9469  rc:0.8516  auc:0.9991 ap:0.9881 f1: 0.8967 pred_right: 1065185 pred_wrong:31015 actu_right: 1061712 actu_wrong: 34488
2026-07-14 06:29:47,458 P1516427 INFO pr:0.9472  rc:0.8438  auc:0.9991 ap:0.9879 f1: 0.8925 pred_right: 456609 pred_wrong:13191 actu_right: 454992 actu_wrong: 14808
2026-07-14 06:29:47,459 P1516427 INFO ----------------------------------------------------------------------------------------------------
2026-07-14 06:29:47,459 P1516427 INFO 16/50 starting... lr: 0.001 para:0.05882352963089943
2026-07-14 06:30:17,965 P1516427 INFO Epoch 16/50, all_loss:0.54360 cls_loss:0.52396 rec_loss:0.85789 [30.50s]; best loss:0.54360, patience : 0
2026-07-14 06:30:29,901 P1516427 INFO pr:0.9199  rc:0.9389  auc:0.9993 ap:0.9903 f1: 0.9293 pred_right: 1060992 pred_wrong:35208 actu_right: 1061707 actu_wrong: 34493
2026-07-14 06:30:34,963 P1516427 INFO pr:0.9206  rc:0.9346  auc:0.9992 ap:0.9897 f1: 0.9275 pred_right: 454768 pred_wrong:15032 actu_right: 454992 actu_wrong: 14808
2026-07-14 06:30:34,968 P1516427 INFO ----------------------------------------------------------------------------------------------------
2026-07-14 06:30:34,968 P1516427 INFO 17/50 starting... lr: 0.001 para:0.0555555559694767
2026-07-14 06:30:59,633 P1516427 INFO Epoch 17/50, all_loss:0.54112 cls_loss:0.52148 rec_loss:0.87512 [24.66s]; best loss:0.54112, patience : 0
2026-07-14 06:31:12,727 P1516427 INFO pr:0.8982  rc:0.9578  auc:0.9991 ap:0.9888 f1: 0.9270 pred_right: 1059419 pred_wrong:36781 actu_right: 1061711 actu_wrong: 34489
2026-07-14 06:31:17,024 P1516427 INFO pr:0.9028  rc:0.9562  auc:0.9991 ap:0.9881 f1: 0.9287 pred_right: 454116 pred_wrong:15684 actu_right: 454992 actu_wrong: 14808
2026-07-14 06:31:17,024 P1516427 INFO ----------------------------------------------------------------------------------------------------
2026-07-14 06:31:17,025 P1516427 INFO 18/50 starting... lr: 0.001 para:0.05263157933950424
2026-07-14 06:31:47,760 P1516427 INFO Epoch 18/50, all_loss:0.52601 cls_loss:0.50586 rec_loss:0.88862 [30.73s]; best loss:0.52601, patience : 0
2026-07-14 06:31:59,771 P1516427 INFO pr:0.9229  rc:0.9397  auc:0.9993 ap:0.9908 f1: 0.9312 pred_right: 1061083 pred_wrong:35117 actu_right: 1061711 actu_wrong: 34489
2026-07-14 06:32:04,858 P1516427 INFO pr:0.9237  rc:0.9373  auc:0.9992 ap:0.9900 f1: 0.9305 pred_right: 454774 pred_wrong:15026 actu_right: 454992 actu_wrong: 14808
2026-07-14 06:32:04,863 P1516427 INFO ----------------------------------------------------------------------------------------------------
2026-07-14 06:32:04,863 P1516427 INFO 19/50 starting... lr: 0.001 para:0.05000000074505806
2026-07-14 06:32:29,265 P1516427 INFO Epoch 19/50, all_loss:0.51532 cls_loss:0.49542 rec_loss:0.89331 [24.40s]; best loss:0.51532, patience : 0
2026-07-14 06:32:41,385 P1516427 INFO pr:0.9415  rc:0.8909  auc:0.9992 ap:0.9902 f1: 0.9155 pred_right: 1063564 pred_wrong:32636 actu_right: 1061710 actu_wrong: 34490
2026-07-14 06:32:46,837 P1516427 INFO pr:0.9389  rc:0.8840  auc:0.9991 ap:0.9891 f1: 0.9106 pred_right: 455857 pred_wrong:13943 actu_right: 454992 actu_wrong: 14808
2026-07-14 06:32:46,838 P1516427 INFO ----------------------------------------------------------------------------------------------------
2026-07-14 06:32:46,838 P1516427 INFO 20/50 starting... lr: 0.001 para:0.0476190485060215
2026-07-14 06:33:17,554 P1516427 INFO Epoch 20/50, all_loss:0.51358 cls_loss:0.49390 rec_loss:0.90725 [30.71s]; best loss:0.51358, patience : 0
2026-07-14 06:33:29,611 P1516427 INFO pr:0.9265  rc:0.9538  auc:0.9994 ap:0.9915 f1: 0.9400 pred_right: 1060692 pred_wrong:35508 actu_right: 1061709 actu_wrong: 34491
2026-07-14 06:33:34,664 P1516427 INFO pr:0.9254  rc:0.9499  auc:0.9994 ap:0.9910 f1: 0.9375 pred_right: 454600 pred_wrong:15200 actu_right: 454992 actu_wrong: 14808
2026-07-14 06:33:34,669 P1516427 INFO ----------------------------------------------------------------------------------------------------
2026-07-14 06:33:34,670 P1516427 INFO 21/50 starting... lr: 0.001 para:0.04545454680919647
2026-07-14 06:33:59,078 P1516427 INFO Epoch 21/50, all_loss:0.49687 cls_loss:0.47710 rec_loss:0.91200 [24.40s]; best loss:0.49687, patience : 0
2026-07-14 06:34:11,401 P1516427 INFO pr:0.9178  rc:0.9066  auc:0.9990 ap:0.9854 f1: 0.9121 pred_right: 1062131 pred_wrong:34069 actu_right: 1061711 actu_wrong: 34489
2026-07-14 06:34:17,449 P1516427 INFO pr:0.9190  rc:0.9009  auc:0.9989 ap:0.9840 f1: 0.9099 pred_right: 455283 pred_wrong:14517 actu_right: 454992 actu_wrong: 14808
2026-07-14 06:34:17,449 P1516427 INFO ----------------------------------------------------------------------------------------------------
2026-07-14 06:34:17,449 P1516427 INFO 22/50 starting... lr: 0.001 para:0.043478261679410934
2026-07-14 06:34:47,951 P1516427 INFO Epoch 22/50, all_loss:0.49009 cls_loss:0.47048 rec_loss:0.92161 [30.50s]; best loss:0.49009, patience : 0
2026-07-14 06:34:59,868 P1516427 INFO pr:0.9262  rc:0.9617  auc:0.9995 ap:0.9930 f1: 0.9436 pred_right: 1060388 pred_wrong:35812 actu_right: 1061710 actu_wrong: 34490
2026-07-14 06:35:04,770 P1516427 INFO pr:0.9271  rc:0.9537  auc:0.9994 ap:0.9920 f1: 0.9402 pred_right: 454568 pred_wrong:15232 actu_right: 454992 actu_wrong: 14808
2026-07-14 06:35:04,776 P1516427 INFO ----------------------------------------------------------------------------------------------------
2026-07-14 06:35:04,776 P1516427 INFO 23/50 starting... lr: 0.001 para:0.0416666679084301
2026-07-14 06:35:29,324 P1516427 INFO Epoch 23/50, all_loss:0.47216 cls_loss:0.45282 rec_loss:0.91692 [24.54s]; best loss:0.47216, patience : 0
2026-07-14 06:35:41,357 P1516427 INFO pr:0.9363  rc:0.9384  auc:0.9994 ap:0.9928 f1: 0.9373 pred_right: 1061637 pred_wrong:34563 actu_right: 1061714 actu_wrong: 34486
2026-07-14 06:35:46,269 P1516427 INFO pr:0.9375  rc:0.9337  auc:0.9993 ap:0.9920 f1: 0.9356 pred_right: 455053 pred_wrong:14747 actu_right: 454992 actu_wrong: 14808
2026-07-14 06:35:46,270 P1516427 INFO ----------------------------------------------------------------------------------------------------
2026-07-14 06:35:46,270 P1516427 INFO 24/50 starting... lr: 0.001 para:0.03999999910593033
2026-07-14 06:36:17,018 P1516427 INFO Epoch 24/50, all_loss:0.47043 cls_loss:0.45143 rec_loss:0.92648 [30.74s]; best loss:0.47043, patience : 0
2026-07-14 06:36:29,127 P1516427 INFO pr:0.9117  rc:0.9755  auc:0.9995 ap:0.9931 f1: 0.9425 pred_right: 1059299 pred_wrong:36901 actu_right: 1061714 actu_wrong: 34486
2026-07-14 06:36:34,264 P1516427 INFO pr:0.9112  rc:0.9733  auc:0.9994 ap:0.9919 f1: 0.9412 pred_right: 453984 pred_wrong:15816 actu_right: 454992 actu_wrong: 14808
2026-07-14 06:36:34,265 P1516427 INFO ----------------------------------------------------------------------------------------------------
2026-07-14 06:36:34,265 P1516427 INFO 25/50 starting... lr: 0.001 para:0.03846153989434242
2026-07-14 06:36:59,370 P1516427 INFO Epoch 25/50, all_loss:0.44883 cls_loss:0.42969 rec_loss:0.92738 [25.10s]; best loss:0.44883, patience : 0
2026-07-14 06:37:11,412 P1516427 INFO pr:0.9296  rc:0.9631  auc:0.9995 ap:0.9932 f1: 0.9460 pred_right: 1060462 pred_wrong:35738 actu_right: 1061706 actu_wrong: 34494
2026-07-14 06:37:16,484 P1516427 INFO pr:0.9296  rc:0.9574  auc:0.9994 ap:0.9920 f1: 0.9433 pred_right: 454549 pred_wrong:15251 actu_right: 454992 actu_wrong: 14808
2026-07-14 06:37:16,490 P1516427 INFO ----------------------------------------------------------------------------------------------------
2026-07-14 06:37:16,490 P1516427 INFO 26/50 starting... lr: 0.001 para:0.03703703731298447
2026-07-14 06:37:46,993 P1516427 INFO Epoch 26/50, all_loss:0.43957 cls_loss:0.42056 rec_loss:0.93387 [30.49s]; best loss:0.43957, patience : 0
2026-07-14 06:37:59,088 P1516427 INFO pr:0.9356  rc:0.9500  auc:0.9994 ap:0.9931 f1: 0.9427 pred_right: 1061185 pred_wrong:35015 actu_right: 1061714 actu_wrong: 34486
2026-07-14 06:38:03,971 P1516427 INFO pr:0.9362  rc:0.9430  auc:0.9993 ap:0.9919 f1: 0.9396 pred_right: 454885 pred_wrong:14915 actu_right: 454992 actu_wrong: 14808
2026-07-14 06:38:03,972 P1516427 INFO ----------------------------------------------------------------------------------------------------
2026-07-14 06:38:03,972 P1516427 INFO 27/50 starting... lr: 0.001 para:0.0357142873108387
2026-07-14 06:38:28,643 P1516427 INFO Epoch 27/50, all_loss:0.43832 cls_loss:0.41880 rec_loss:0.96527 [24.67s]; best loss:0.43832, patience : 0
2026-07-14 06:38:40,465 P1516427 INFO pr:0.9459  rc:0.9340  auc:0.9995 ap:0.9937 f1: 0.9399 pred_right: 1062151 pred_wrong:34049 actu_right: 1061718 actu_wrong: 34482
2026-07-14 06:38:45,560 P1516427 INFO pr:0.9437  rc:0.9281  auc:0.9994 ap:0.9926 f1: 0.9358 pred_right: 455237 pred_wrong:14563 actu_right: 454992 actu_wrong: 14808
2026-07-14 06:38:45,560 P1516427 INFO ----------------------------------------------------------------------------------------------------
2026-07-14 06:38:45,561 P1516427 INFO 28/50 starting... lr: 0.001 para:0.03448275849223137
2026-07-14 06:39:11,821 P1516427 INFO Epoch 28/50, all_loss:0.42072 cls_loss:0.40133 rec_loss:0.96348 [26.25s]; best loss:0.42072, patience : 0
2026-07-14 06:39:28,606 P1516427 INFO pr:0.9155  rc:0.9796  auc:0.9995 ap:0.9932 f1: 0.9465 pred_right: 1059294 pred_wrong:36906 actu_right: 1061710 actu_wrong: 34490
2026-07-14 06:39:33,677 P1516427 INFO pr:0.9145  rc:0.9761  auc:0.9995 ap:0.9924 f1: 0.9443 pred_right: 453994 pred_wrong:15806 actu_right: 454992 actu_wrong: 14808
2026-07-14 06:39:33,682 P1516427 INFO ----------------------------------------------------------------------------------------------------
2026-07-14 06:39:33,683 P1516427 INFO 29/50 starting... lr: 0.001 para:0.03333333507180214
2026-07-14 06:39:58,390 P1516427 INFO Epoch 29/50, all_loss:0.42192 cls_loss:0.40327 rec_loss:0.96267 [24.71s]; best loss:0.42072, patience : 1
2026-07-14 06:40:10,608 P1516427 INFO pr:0.9462  rc:0.9484  auc:0.9996 ap:0.9947 f1: 0.9473 pred_right: 1061636 pred_wrong:34564 actu_right: 1061716 actu_wrong: 34484
2026-07-14 06:40:15,554 P1516427 INFO pr:0.9441  rc:0.9402  auc:0.9995 ap:0.9932 f1: 0.9421 pred_right: 455053 pred_wrong:14747 actu_right: 454992 actu_wrong: 14808
2026-07-14 06:40:15,559 P1516427 INFO ----------------------------------------------------------------------------------------------------
2026-07-14 06:40:15,559 P1516427 INFO 30/50 starting... lr: 0.001 para:0.032258063554763794
2026-07-14 06:40:40,132 P1516427 INFO Epoch 30/50, all_loss:0.43513 cls_loss:0.41783 rec_loss:0.95401 [24.57s]; best loss:0.42072, patience : 2
2026-07-14 06:41:00,432 P1516427 INFO pr:0.9359  rc:0.9581  auc:0.9995 ap:0.9937 f1: 0.9469 pred_right: 1060893 pred_wrong:35307 actu_right: 1061710 actu_wrong: 34490
2026-07-14 06:41:05,486 P1516427 INFO pr:0.9348  rc:0.9491  auc:0.9994 ap:0.9926 f1: 0.9419 pred_right: 454764 pred_wrong:15036 actu_right: 454992 actu_wrong: 14808
2026-07-14 06:41:05,487 P1516427 INFO ----------------------------------------------------------------------------------------------------
2026-07-14 06:41:05,488 P1516427 INFO 31/50 starting... lr: 0.001 para:0.03125
2026-07-14 06:41:30,287 P1516427 INFO Epoch 31/50, all_loss:0.41204 cls_loss:0.39387 rec_loss:0.97532 [24.79s]; best loss:0.41204, patience : 0
2026-07-14 06:41:42,541 P1516427 INFO pr:0.9517  rc:0.9303  auc:0.9995 ap:0.9945 f1: 0.9409 pred_right: 1062490 pred_wrong:33710 actu_right: 1061715 actu_wrong: 34485
2026-07-14 06:41:47,669 P1516427 INFO pr:0.9463  rc:0.9242  auc:0.9993 ap:0.9933 f1: 0.9351 pred_right: 455337 pred_wrong:14463 actu_right: 454992 actu_wrong: 14808
2026-07-14 06:41:47,670 P1516427 INFO ----------------------------------------------------------------------------------------------------
2026-07-14 06:41:47,670 P1516427 INFO 32/50 starting... lr: 0.001 para:0.03030303120613098
2026-07-14 06:42:14,371 P1516427 INFO Epoch 32/50, all_loss:0.39871 cls_loss:0.38011 rec_loss:0.99393 [26.70s]; best loss:0.39871, patience : 0
2026-07-14 06:42:33,222 P1516427 INFO pr:0.9022  rc:0.9877  auc:0.9995 ap:0.9935 f1: 0.9431 pred_right: 1058446 pred_wrong:37754 actu_right: 1061714 actu_wrong: 34486
2026-07-14 06:42:38,913 P1516427 INFO pr:0.9024  rc:0.9838  auc:0.9994 ap:0.9924 f1: 0.9414 pred_right: 453657 pred_wrong:16143 actu_right: 454992 actu_wrong: 14808
2026-07-14 06:42:38,914 P1516427 INFO ----------------------------------------------------------------------------------------------------
2026-07-14 06:42:38,914 P1516427 INFO 33/50 starting... lr: 0.001 para:0.029411764815449715
2026-07-14 06:43:04,026 P1516427 INFO Epoch 33/50, all_loss:0.43094 cls_loss:0.41420 rec_loss:0.98324 [25.11s]; best loss:0.39871, patience : 1
2026-07-14 06:43:16,194 P1516427 INFO pr:0.9173  rc:0.9875  auc:0.9996 ap:0.9950 f1: 0.9511 pred_right: 1059072 pred_wrong:37128 actu_right: 1061711 actu_wrong: 34489
2026-07-14 06:43:21,206 P1516427 INFO pr:0.9173  rc:0.9823  auc:0.9995 ap:0.9934 f1: 0.9487 pred_right: 453942 pred_wrong:15858 actu_right: 454992 actu_wrong: 14808
2026-07-14 06:43:21,215 P1516427 INFO ----------------------------------------------------------------------------------------------------
2026-07-14 06:43:21,215 P1516427 INFO 34/50 starting... lr: 0.001 para:0.02857142873108387
2026-07-14 06:43:46,563 P1516427 INFO Epoch 34/50, all_loss:0.39615 cls_loss:0.37786 rec_loss:1.01802 [25.34s]; best loss:0.39615, patience : 0
2026-07-14 06:44:00,127 P1516427 INFO pr:0.9299  rc:0.9622  auc:0.9995 ap:0.9934 f1: 0.9458 pred_right: 1060513 pred_wrong:35687 actu_right: 1061708 actu_wrong: 34492
2026-07-14 06:44:09,900 P1516427 INFO pr:0.9281  rc:0.9561  auc:0.9994 ap:0.9925 f1: 0.9419 pred_right: 454546 pred_wrong:15254 actu_right: 454992 actu_wrong: 14808
2026-07-14 06:44:09,901 P1516427 INFO ----------------------------------------------------------------------------------------------------
2026-07-14 06:44:09,902 P1516427 INFO 35/50 starting... lr: 0.001 para:0.02777777798473835
2026-07-14 06:44:35,000 P1516427 INFO Epoch 35/50, all_loss:0.37744 cls_loss:0.35891 rec_loss:1.02592 [25.09s]; best loss:0.37744, patience : 0
2026-07-14 06:44:46,914 P1516427 INFO pr:0.9610  rc:0.9056  auc:0.9995 ap:0.9943 f1: 0.9325 pred_right: 1063698 pred_wrong:32502 actu_right: 1061709 actu_wrong: 34491
2026-07-14 06:44:51,905 P1516427 INFO pr:0.9599  rc:0.8986  auc:0.9994 ap:0.9932 f1: 0.9282 pred_right: 455938 pred_wrong:13862 actu_right: 454992 actu_wrong: 14808
2026-07-14 06:44:51,906 P1516427 INFO ----------------------------------------------------------------------------------------------------
2026-07-14 06:44:51,906 P1516427 INFO 36/50 starting... lr: 0.001 para:0.027027027681469917
2026-07-14 06:45:16,816 P1516427 INFO Epoch 36/50, all_loss:0.38798 cls_loss:0.36998 rec_loss:1.03633 [24.91s]; best loss:0.37744, patience : 1
2026-07-14 06:45:28,454 P1516427 INFO pr:0.9483  rc:0.9474  auc:0.9995 ap:0.9948 f1: 0.9479 pred_right: 1061742 pred_wrong:34458 actu_right: 1061710 actu_wrong: 34490
2026-07-14 06:45:39,091 P1516427 INFO pr:0.9444  rc:0.9410  auc:0.9994 ap:0.9937 f1: 0.9427 pred_right: 455045 pred_wrong:14755 actu_right: 454992 actu_wrong: 14808
2026-07-14 06:45:39,092 P1516427 INFO ----------------------------------------------------------------------------------------------------
2026-07-14 06:45:39,093 P1516427 INFO 37/50 starting... lr: 0.001 para:0.02631578966975212
2026-07-14 06:46:04,768 P1516427 INFO Epoch 37/50, all_loss:0.39597 cls_loss:0.37901 rec_loss:1.02336 [25.67s]; best loss:0.37744, patience : 2
2026-07-14 06:46:16,615 P1516427 INFO pr:0.9346  rc:0.9772  auc:0.9996 ap:0.9952 f1: 0.9554 pred_right: 1060140 pred_wrong:36060 actu_right: 1061713 actu_wrong: 34487
2026-07-14 06:46:21,776 P1516427 INFO pr:0.9324  rc:0.9718  auc:0.9995 ap:0.9942 f1: 0.9517 pred_right: 454367 pred_wrong:15433 actu_right: 454992 actu_wrong: 14808
2026-07-14 06:46:21,782 P1516427 INFO ----------------------------------------------------------------------------------------------------
2026-07-14 06:46:21,782 P1516427 INFO 38/50 starting... lr: 0.001 para:0.025641025975346565
2026-07-14 06:46:47,251 P1516427 INFO Epoch 38/50, all_loss:0.36296 cls_loss:0.34524 rec_loss:1.03658 [25.46s]; best loss:0.36296, patience : 0
2026-07-14 06:46:57,877 P1516427 INFO pr:0.9430  rc:0.9672  auc:0.9995 ap:0.9954 f1: 0.9549 pred_right: 1060828 pred_wrong:35372 actu_right: 1061713 actu_wrong: 34487
2026-07-14 06:47:07,448 P1516427 INFO pr:0.9391  rc:0.9602  auc:0.9993 ap:0.9940 f1: 0.9495 pred_right: 454659 pred_wrong:15141 actu_right: 454992 actu_wrong: 14808
2026-07-14 06:47:07,450 P1516427 INFO ----------------------------------------------------------------------------------------------------
2026-07-14 06:47:07,450 P1516427 INFO 39/50 starting... lr: 0.001 para:0.02500000037252903
2026-07-14 06:47:35,497 P1516427 INFO Epoch 39/50, all_loss:0.38282 cls_loss:0.36577 rec_loss:1.04757 [28.05s]; best loss:0.36296, patience : 1
2026-07-14 06:47:47,306 P1516427 INFO pr:0.9408  rc:0.9410  auc:0.9991 ap:0.9932 f1: 0.9409 pred_right: 1061702 pred_wrong:34498 actu_right: 1061710 actu_wrong: 34490
2026-07-14 06:47:52,314 P1516427 INFO pr:0.9393  rc:0.9400  auc:0.9990 ap:0.9921 f1: 0.9397 pred_right: 454980 pred_wrong:14820 actu_right: 454992 actu_wrong: 14808
2026-07-14 06:47:52,315 P1516427 INFO ----------------------------------------------------------------------------------------------------
2026-07-14 06:47:52,322 P1516427 INFO 40/50 starting... lr: 0.001 para:0.024390242993831635
2026-07-14 06:48:17,223 P1516427 INFO Epoch 40/50, all_loss:0.34548 cls_loss:0.32791 rec_loss:1.04824 [24.90s]; best loss:0.34548, patience : 0
2026-07-14 06:48:29,326 P1516427 INFO pr:0.9482  rc:0.9589  auc:0.9996 ap:0.9956 f1: 0.9535 pred_right: 1061323 pred_wrong:34877 actu_right: 1061712 actu_wrong: 34488
2026-07-14 06:48:35,132 P1516427 INFO pr:0.9455  rc:0.9517  auc:0.9995 ap:0.9943 f1: 0.9486 pred_right: 454895 pred_wrong:14905 actu_right: 454992 actu_wrong: 14808
2026-07-14 06:48:35,134 P1516427 INFO ----------------------------------------------------------------------------------------------------
2026-07-14 06:48:35,134 P1516427 INFO 41/50 starting... lr: 0.001 para:0.02380952425301075
2026-07-14 06:49:05,557 P1516427 INFO Epoch 41/50, all_loss:0.34549 cls_loss:0.32815 rec_loss:1.05646 [30.42s]; best loss:0.34548, patience : 1
2026-07-14 06:49:17,611 P1516427 INFO pr:0.9311  rc:0.9687  auc:0.9996 ap:0.9946 f1: 0.9496 pred_right: 1060325 pred_wrong:35875 actu_right: 1061716 actu_wrong: 34484
2026-07-14 06:49:22,526 P1516427 INFO pr:0.9285  rc:0.9606  auc:0.9994 ap:0.9931 f1: 0.9443 pred_right: 454480 pred_wrong:15320 actu_right: 454992 actu_wrong: 14808
2026-07-14 06:49:22,527 P1516427 INFO ----------------------------------------------------------------------------------------------------
2026-07-14 06:49:22,527 P1516427 INFO 42/50 starting... lr: 0.001 para:0.023255813866853714
2026-07-14 06:49:47,260 P1516427 INFO Epoch 42/50, all_loss:0.35558 cls_loss:0.33866 rec_loss:1.06629 [24.73s]; best loss:0.34548, patience : 2
2026-07-14 06:50:00,128 P1516427 INFO pr:0.9567  rc:0.9317  auc:0.9996 ap:0.9952 f1: 0.9440 pred_right: 1062613 pred_wrong:33587 actu_right: 1061711 actu_wrong: 34489
2026-07-14 06:50:04,912 P1516427 INFO pr:0.9539  rc:0.9230  auc:0.9993 ap:0.9940 f1: 0.9382 pred_right: 455471 pred_wrong:14329 actu_right: 454992 actu_wrong: 14808
2026-07-14 06:50:04,913 P1516427 INFO ----------------------------------------------------------------------------------------------------
2026-07-14 06:50:04,913 P1516427 INFO 43/50 starting... lr: 0.001 para:0.022727273404598236
2026-07-14 06:50:35,873 P1516427 INFO Epoch 43/50, all_loss:0.35180 cls_loss:0.33571 rec_loss:1.04337 [30.96s]; best loss:0.34548, patience : 2
2026-07-14 06:50:47,691 P1516427 INFO pr:0.9453  rc:0.9713  auc:0.9997 ap:0.9953 f1: 0.9581 pred_right: 1060761 pred_wrong:35439 actu_right: 1061708 actu_wrong: 34492
2026-07-14 06:50:52,650 P1516427 INFO pr:0.9424  rc:0.9629  auc:0.9996 ap:0.9941 f1: 0.9526 pred_right: 454670 pred_wrong:15130 actu_right: 454992 actu_wrong: 14808
2026-07-14 06:50:52,655 P1516427 INFO ----------------------------------------------------------------------------------------------------
2026-07-14 06:50:52,655 P1516427 INFO 44/50 starting... lr: 0.001 para:0.02222222276031971
2026-07-14 06:51:17,377 P1516427 INFO Epoch 44/50, all_loss:0.34981 cls_loss:0.33342 rec_loss:1.07095 [24.72s]; best loss:0.34548, patience : 2
2026-07-14 06:51:30,456 P1516427 INFO pr:0.9446  rc:0.9588  auc:0.9996 ap:0.9948 f1: 0.9517 pred_right: 1061190 pred_wrong:35010 actu_right: 1061708 actu_wrong: 34492
2026-07-14 06:51:34,824 P1516427 INFO pr:0.9428  rc:0.9496  auc:0.9993 ap:0.9935 f1: 0.9462 pred_right: 454886 pred_wrong:14914 actu_right: 454992 actu_wrong: 14808
2026-07-14 06:51:34,825 P1516427 INFO ----------------------------------------------------------------------------------------------------
2026-07-14 06:51:34,825 P1516427 INFO 45/50 starting... lr: 0.001 para:0.021739130839705467
2026-07-14 06:52:05,447 P1516427 INFO Epoch 45/50, all_loss:0.33477 cls_loss:0.31883 rec_loss:1.05207 [30.62s]; best loss:0.33477, patience : 0
2026-07-14 06:52:17,358 P1516427 INFO pr:0.9434  rc:0.9719  auc:0.9996 ap:0.9957 f1: 0.9574 pred_right: 1060667 pred_wrong:35533 actu_right: 1061709 actu_wrong: 34491
2026-07-14 06:52:22,154 P1516427 INFO pr:0.9407  rc:0.9640  auc:0.9995 ap:0.9944 f1: 0.9522 pred_right: 454625 pred_wrong:15175 actu_right: 454992 actu_wrong: 14808
2026-07-14 06:52:22,155 P1516427 INFO ----------------------------------------------------------------------------------------------------
2026-07-14 06:52:22,155 P1516427 INFO 46/50 starting... lr: 0.001 para:0.021276595070958138
2026-07-14 06:52:46,465 P1516427 INFO Epoch 46/50, all_loss:0.34014 cls_loss:0.32446 rec_loss:1.06151 [24.31s]; best loss:0.33477, patience : 1
2026-07-14 06:52:59,615 P1516427 INFO pr:0.9471  rc:0.9713  auc:0.9996 ap:0.9956 f1: 0.9590 pred_right: 1060831 pred_wrong:35369 actu_right: 1061710 actu_wrong: 34490
2026-07-14 06:53:03,813 P1516427 INFO pr:0.9427  rc:0.9650  auc:0.9994 ap:0.9943 f1: 0.9537 pred_right: 454642 pred_wrong:15158 actu_right: 454992 actu_wrong: 14808
2026-07-14 06:53:03,817 P1516427 INFO ----------------------------------------------------------------------------------------------------
2026-07-14 06:53:03,817 P1516427 INFO 47/50 starting... lr: 0.001 para:0.02083333395421505
2026-07-14 06:53:34,525 P1516427 INFO Epoch 47/50, all_loss:0.37084 cls_loss:0.35603 rec_loss:1.06675 [30.71s]; best loss:0.33477, patience : 2
2026-07-14 06:53:46,230 P1516427 INFO pr:0.9405  rc:0.9767  auc:0.9997 ap:0.9961 f1: 0.9583 pred_right: 1060384 pred_wrong:35816 actu_right: 1061712 actu_wrong: 34488
2026-07-14 06:53:51,135 P1516427 INFO pr:0.9368  rc:0.9707  auc:0.9995 ap:0.9946 f1: 0.9535 pred_right: 454457 pred_wrong:15343 actu_right: 454992 actu_wrong: 14808
2026-07-14 06:53:51,136 P1516427 INFO ----------------------------------------------------------------------------------------------------
2026-07-14 06:53:51,136 P1516427 INFO 48/50 starting... lr: 0.001 para:0.020408162847161293
2026-07-14 06:54:16,133 P1516427 INFO Epoch 48/50, all_loss:0.34796 cls_loss:0.33232 rec_loss:1.09855 [25.00s]; best loss:0.33477, patience : 2
2026-07-14 06:54:28,061 P1516427 INFO pr:0.9227  rc:0.9881  auc:0.9996 ap:0.9956 f1: 0.9543 pred_right: 1059260 pred_wrong:36940 actu_right: 1061705 actu_wrong: 34495
2026-07-14 06:54:33,891 P1516427 INFO pr:0.9193  rc:0.9822  auc:0.9995 ap:0.9943 f1: 0.9498 pred_right: 453979 pred_wrong:15821 actu_right: 454992 actu_wrong: 14808
2026-07-14 06:54:33,892 P1516427 INFO ----------------------------------------------------------------------------------------------------
2026-07-14 06:54:33,892 P1516427 INFO 49/50 starting... lr: 0.001 para:0.019999999552965164
2026-07-14 06:55:04,110 P1516427 INFO Epoch 49/50, all_loss:0.31569 cls_loss:0.29964 rec_loss:1.10237 [30.21s]; best loss:0.31569, patience : 0
2026-07-14 06:55:15,775 P1516427 INFO pr:0.9465  rc:0.9760  auc:0.9996 ap:0.9962 f1: 0.9610 pred_right: 1060638 pred_wrong:35562 actu_right: 1061712 actu_wrong: 34488
2026-07-14 06:55:20,839 P1516427 INFO pr:0.9410  rc:0.9689  auc:0.9994 ap:0.9948 f1: 0.9547 pred_right: 454553 pred_wrong:15247 actu_right: 454992 actu_wrong: 14808
2026-07-14 06:55:20,845 P1516427 INFO saving model...
2026-07-14 06:55:20,845 P1516427 INFO FreTS - loss  best score:0.3156948685646057 at epoch 49
2026-07-14 06:55:20,851 P1516427 INFO FreTS - f1  best score:0.9610278372591007 at epoch 49
2026-07-14 06:55:20,856 P1516427 INFO Average training time per epoch: 26.49 seconds
2026-07-14 06:55:20,857 P1516427 INFO calculate scores...
2026-07-14 06:55:20,857 P1516427 INFO calculate label with loss...
2026-07-14 06:55:20,857 P1516427 INFO FreTS on ./result/server_only_exps/Architecture_updatedFreDF/FreTS-TT-Epochs50-Seed2-ExpNameRQ2_architecture-LPFLPF-Attnlinear_attn-NormLinTrue-RecLambda1.0-AuxiLambda0.2 loading...
2026-07-14 06:55:25,815 P1516427 INFO pr:0.9410  rc:0.9689  auc:0.9994 ap:0.9948 f1: 0.9547 pred_right: 454553 pred_wrong:15247 actu_right: 454992 actu_wrong: 14808
2026-07-14 06:55:51,106 P1516427 INFO pr:0.9410  rc:0.9689  auc:0.9994 ap:0.9948 f1: 0.9547 pred_right: 454553 pred_wrong:15247 actu_right: 454992 actu_wrong: 14808
2026-07-14 06:55:51,111 P1516427 INFO Performance Summary:
{'GPU': {'inference_time_per_sample_ms': 0.2525772953142939, 'throughput_samples_per_sec': 3959.1840539572354, 'peak_memory_mb': 217.6650390625, 'energy_per_sample_joules': 0.021668101010422647}, 'CPU': {'inference_time_per_sample_ms': 1.4170701824017424, 'throughput_samples_per_sec': 705.6813504502192, 'peak_memory_mb': 6054.8125, 'energy_per_sample_joules': 0.09210956185611326}}
2026-07-14 06:55:51,111 P1516427 INFO Starting clean-room hardware benchmarking...
2026-07-14 06:55:52,197 P1516427 INFO Performance with loss: pr:0.9410  rc:0.9689  auc:0.9994 ap:0.9948 f1: 0.9547 pred_right: 454553 pred_wrong:15247 actu_right: 454992 actu_wrong: 14808
2026-07-14 06:55:52,197 P1516427 INFO calculate label with f1...
2026-07-14 06:55:52,197 P1516427 INFO FreTS on ./result/server_only_exps/Architecture_updatedFreDF/FreTS-TT-Epochs50-Seed2-ExpNameRQ2_architecture-LPFLPF-Attnlinear_attn-NormLinTrue-RecLambda1.0-AuxiLambda0.2 loading...
2026-07-14 06:55:57,425 P1516427 INFO pr:0.9410  rc:0.9689  auc:0.9994 ap:0.9948 f1: 0.9547 pred_right: 454553 pred_wrong:15247 actu_right: 454992 actu_wrong: 14808
2026-07-14 06:56:23,190 P1516427 INFO pr:0.9410  rc:0.9689  auc:0.9994 ap:0.9948 f1: 0.9547 pred_right: 454553 pred_wrong:15247 actu_right: 454992 actu_wrong: 14808
2026-07-14 06:56:23,191 P1516427 INFO Performance Summary:
{'GPU': {'inference_time_per_sample_ms': 0.26676035201097875, 'throughput_samples_per_sec': 3748.6830125297033, 'peak_memory_mb': 217.1435546875, 'energy_per_sample_joules': 0.023601888904523357}, 'CPU': {'inference_time_per_sample_ms': 1.4475706797927173, 'throughput_samples_per_sec': 690.8125551031425, 'peak_memory_mb': 5927.6015625, 'energy_per_sample_joules': 0.09409209418652663}}
2026-07-14 06:56:23,191 P1516427 INFO Starting clean-room hardware benchmarking...
2026-07-14 06:56:24,145 P1516427 INFO Performance with f1: pr:0.9410  rc:0.9689  auc:0.9994 ap:0.9948 f1: 0.9547 pred_right: 454553 pred_wrong:15247 actu_right: 454992 actu_wrong: 14808
