2026-07-15 20:58:29,028 P2499253 INFO ---- Model: ----MSTGAD-da146fdd----random_seed : 46----req_loss_approach : Legendre-style----rec_lambda : 1.0----auxi_lambda : 0.0----Freq Domain : AnoFusion----Multi Fits : false----train : True----evaluate : False
2026-07-15 20:58:29,028 P2499253 INFO read Tranform data
2026-07-15 20:58:30,725 P2499253 INFO read Graph edge data
2026-07-15 20:58:30,726 P2499253 INFO Fewshot: training with 1.0 of the 70% of the data
2026-07-15 20:58:30,950 P2499253 INFO Trainable Parameters Breakdown:
2026-07-15 20:58:30,950 P2499253 INFO --------------------------------------------------------------------------------
2026-07-15 20:58:30,950 P2499253 INFO Reconstruction-Specific Parameters:
2026-07-15 20:58:30,950 P2499253 INFO AnoFusion.metric_proj.weight             | shape: (10, 3)                   | params: 30
2026-07-15 20:58:30,950 P2499253 INFO AnoFusion.metric_proj.bias               | shape: (10,)                     | params: 10
2026-07-15 20:58:30,950 P2499253 INFO AnoFusion.log_proj.weight                | shape: (10, 256)                 | params: 2,560
2026-07-15 20:58:30,950 P2499253 INFO AnoFusion.log_proj.bias                  | shape: (10,)                     | params: 10
2026-07-15 20:58:30,950 P2499253 INFO AnoFusion.trace_proj.weight              | shape: (10, 7)                   | params: 70
2026-07-15 20:58:30,950 P2499253 INFO AnoFusion.trace_proj.bias                | shape: (10,)                     | params: 10
2026-07-15 20:58:30,950 P2499253 INFO AnoFusion.anofusion.GTN.weight           | shape: (1, 1)                    | params: 1
2026-07-15 20:58:30,950 P2499253 INFO AnoFusion.anofusion.GTN.layers.0.layer1.weight | shape: (1, 2, 2, 1, 1)           | params: 4
2026-07-15 20:58:30,950 P2499253 INFO AnoFusion.anofusion.GTN.layers.0.layer2.weight | shape: (1, 2, 2, 1, 1)           | params: 4
2026-07-15 20:58:30,951 P2499253 INFO AnoFusion.anofusion.GTN.layers.1.layer1.weight | shape: (1, 2, 2, 1, 1)           | params: 4
2026-07-15 20:58:30,951 P2499253 INFO AnoFusion.anofusion.GTN.layers.2.layer1.weight | shape: (1, 2, 2, 1, 1)           | params: 4
2026-07-15 20:58:30,951 P2499253 INFO AnoFusion.anofusion.GTN.layers.3.layer1.weight | shape: (1, 2, 2, 1, 1)           | params: 4
2026-07-15 20:58:30,951 P2499253 INFO AnoFusion.anofusion.GTN.layers.4.layer1.weight | shape: (1, 2, 2, 1, 1)           | params: 4
2026-07-15 20:58:30,951 P2499253 INFO AnoFusion.anofusion.GAT_GRU.weight       | shape: (1, 1)                    | params: 1
2026-07-15 20:58:30,951 P2499253 INFO AnoFusion.anofusion.GAT_GRU.soft         | shape: (2,)                      | params: 2
2026-07-15 20:58:30,951 P2499253 INFO AnoFusion.anofusion.GAT_GRU.gru.weight_ih_l0 | shape: (60, 20)                  | params: 1,200
2026-07-15 20:58:30,951 P2499253 INFO AnoFusion.anofusion.GAT_GRU.gru.weight_hh_l0 | shape: (60, 20)                  | params: 1,200
2026-07-15 20:58:30,951 P2499253 INFO AnoFusion.anofusion.GAT_GRU.gru.bias_ih_l0 | shape: (60,)                     | params: 60
2026-07-15 20:58:30,951 P2499253 INFO AnoFusion.anofusion.GAT_GRU.gru.bias_hh_l0 | shape: (60,)                     | params: 60
2026-07-15 20:58:30,951 P2499253 INFO AnoFusion.anofusion.GAT_GRU.BN.weight    | shape: (10,)                     | params: 10
2026-07-15 20:58:30,951 P2499253 INFO AnoFusion.anofusion.GAT_GRU.BN.bias      | shape: (10,)                     | params: 10
2026-07-15 20:58:30,951 P2499253 INFO AnoFusion.anofusion.GAT_GRU.linear.weight | shape: (20, 20)                  | params: 400
2026-07-15 20:58:30,951 P2499253 INFO AnoFusion.anofusion.GAT_GRU.linear.bias  | shape: (20,)                     | params: 20
2026-07-15 20:58:30,951 P2499253 INFO AnoFusion.anofusion.GAT_GRU.gat_layer.subnet.attention_module.0.b | shape: (20,)                     | params: 20
2026-07-15 20:58:30,951 P2499253 INFO AnoFusion.anofusion.GAT_GRU.gat_layer.subnet.attention_module.0.W.weight | shape: (20, 30)                  | params: 600
2026-07-15 20:58:30,951 P2499253 INFO AnoFusion.anofusion.GAT_GRU.gat_layer.subnet.attention_module.1.b | shape: (20,)                     | params: 20
2026-07-15 20:58:30,951 P2499253 INFO AnoFusion.anofusion.GAT_GRU.gat_layer.subnet.attention_module.1.W.weight | shape: (20, 30)                  | params: 600
2026-07-15 20:58:30,951 P2499253 INFO AnoFusion.anofusion.GAT_GRU.gat_layer.subnet.attention_module.2.b | shape: (20,)                     | params: 20
2026-07-15 20:58:30,951 P2499253 INFO AnoFusion.anofusion.GAT_GRU.gat_layer.subnet.attention_module.2.W.weight | shape: (20, 30)                  | params: 600
2026-07-15 20:58:30,951 P2499253 INFO AnoFusion.anofusion.GAT_GRU.gat_layer.subnet.attention_module.3.b | shape: (20,)                     | params: 20
2026-07-15 20:58:30,951 P2499253 INFO AnoFusion.anofusion.GAT_GRU.gat_layer.subnet.attention_module.3.W.weight | shape: (20, 30)                  | params: 600
2026-07-15 20:58:30,951 P2499253 INFO AnoFusion.anofusion.GAT_GRU.gat_layer.subnet.attention_module.4.b | shape: (20,)                     | params: 20
2026-07-15 20:58:30,952 P2499253 INFO AnoFusion.anofusion.GAT_GRU.gat_layer.subnet.attention_module.4.W.weight | shape: (20, 30)                  | params: 600
2026-07-15 20:58:30,952 P2499253 INFO AnoFusion.anofusion.GAT_GRU.gat_layer.subnet.attention_module.5.b | shape: (20,)                     | params: 20
2026-07-15 20:58:30,952 P2499253 INFO AnoFusion.anofusion.GAT_GRU.gat_layer.subnet.attention_module.5.W.weight | shape: (20, 30)                  | params: 600
2026-07-15 20:58:30,952 P2499253 INFO AnoFusion.anofusion.GAT_GRU.gat_layer.subnet.out_att.b | shape: (20,)                     | params: 20
2026-07-15 20:58:30,952 P2499253 INFO AnoFusion.anofusion.GAT_GRU.gat_layer.subnet.out_att.W.weight | shape: (20, 120)                 | params: 2,400
2026-07-15 20:58:30,952 P2499253 INFO AnoFusion.anofusion.linT.weight          | shape: (5, 10)                   | params: 50
2026-07-15 20:58:30,952 P2499253 INFO AnoFusion.anofusion.linT.bias            | shape: (5,)                      | params: 5
2026-07-15 20:58:30,952 P2499253 INFO AnoFusion.anofusion.lin1.weight          | shape: (64, 50)                  | params: 3,200
2026-07-15 20:58:30,952 P2499253 INFO AnoFusion.anofusion.lin1.bias            | shape: (64,)                     | params: 64
2026-07-15 20:58:30,952 P2499253 INFO AnoFusion.anofusion.lin2.weight          | shape: (2, 64)                   | params: 128
2026-07-15 20:58:30,952 P2499253 INFO AnoFusion.anofusion.lin2.bias            | shape: (2,)                      | params: 2
2026-07-15 20:58:30,952 P2499253 INFO AnoFusion.post_proj.weight               | shape: (266, 20)                 | params: 5,320
2026-07-15 20:58:30,952 P2499253 INFO AnoFusion.post_proj.bias                 | shape: (266,)                    | params: 266
2026-07-15 20:58:30,952 P2499253 INFO Subtotal: 20,853
2026-07-15 20:58:30,952 P2499253 INFO --------------------------------------------------------------------------------
2026-07-15 20:58:30,952 P2499253 INFO Common Parameters:
2026-07-15 20:58:30,952 P2499253 INFO node_emb.linear.weight                   | shape: (4, 3)                    | params: 12
2026-07-15 20:58:30,952 P2499253 INFO node_emb.linear.bias                     | shape: (4,)                      | params: 4
2026-07-15 20:58:30,952 P2499253 INFO log_emb.linear.weight                    | shape: (16, 256)                 | params: 4,096
2026-07-15 20:58:30,952 P2499253 INFO log_emb.linear.bias                      | shape: (16,)                     | params: 16
2026-07-15 20:58:30,952 P2499253 INFO egde_emb.linear.weight                   | shape: (4, 7)                    | params: 28
2026-07-15 20:58:30,952 P2499253 INFO egde_emb.linear.bias                     | shape: (4,)                      | params: 4
2026-07-15 20:58:30,952 P2499253 INFO dense_node.weight                        | shape: (3, 4)                    | params: 12
2026-07-15 20:58:30,952 P2499253 INFO dense_node.bias                          | shape: (3,)                      | params: 3
2026-07-15 20:58:30,953 P2499253 INFO dense_log.weight                         | shape: (256, 16)                 | params: 4,096
2026-07-15 20:58:30,953 P2499253 INFO dense_log.bias                           | shape: (256,)                    | params: 256
2026-07-15 20:58:30,953 P2499253 INFO dense_edge.weight                        | shape: (7, 4)                    | params: 28
2026-07-15 20:58:30,953 P2499253 INFO dense_edge.bias                          | shape: (7,)                      | params: 7
2026-07-15 20:58:30,953 P2499253 INFO show.0.weight                            | shape: (128, 266)                | params: 34,048
2026-07-15 20:58:30,953 P2499253 INFO show.0.bias                              | shape: (128,)                    | params: 128
2026-07-15 20:58:30,953 P2499253 INFO show.2.weight                            | shape: (2, 128)                  | params: 256
2026-07-15 20:58:30,953 P2499253 INFO show.2.bias                              | shape: (2,)                      | params: 2
2026-07-15 20:58:30,953 P2499253 INFO Subtotal: 42,996
2026-07-15 20:58:30,953 P2499253 INFO --------------------------------------------------------------------------------
2026-07-15 20:58:30,953 P2499253 INFO Total Trainable Parameters: 63,849

2026-07-15 20:58:30,953 P2499253 INFO Trainable Parameters: 63849, reconstruction: 20853, common: 42996
2026-07-15 20:58:30,953 P2499253 INFO model : init weight
2026-07-15 20:58:30,954 P2499253 INFO Using GPU...
2026-07-15 20:58:30,966 P2499253 INFO optimizer : using AdaBelief
2026-07-15 20:58:30,966 P2499253 INFO ----------------------------------------------------------------------------------------------------
2026-07-15 20:58:30,966 P2499253 INFO 0/5 starting... lr: 0.001 para:1.0
2026-07-15 20:58:37,922 P2499253 INFO Epoch 0/5, all_loss:6.11501 cls_loss:6.11501 rec_loss:0.07344 [6.95s]; best loss:6.11501, patience : 0
2026-07-15 20:58:37,922 P2499253 INFO ----------------------------------------------------------------------------------------------------
2026-07-15 20:58:37,922 P2499253 INFO 1/5 starting... lr: 0.001 para:0.5
2026-07-15 20:58:44,048 P2499253 INFO Epoch 1/5, all_loss:1.95127 cls_loss:1.95127 rec_loss:0.09397 [6.12s]; best loss:1.95127, patience : 0
2026-07-15 20:58:44,048 P2499253 INFO ----------------------------------------------------------------------------------------------------
2026-07-15 20:58:44,048 P2499253 INFO 2/5 starting... lr: 0.001 para:0.3333333432674408
2026-07-15 20:58:50,286 P2499253 INFO Epoch 2/5, all_loss:1.12885 cls_loss:1.12885 rec_loss:0.10678 [6.23s]; best loss:1.12885, patience : 0
2026-07-15 20:58:52,519 P2499253 INFO pr:0.8930  rc:0.6725  auc:0.9876 ap:0.9034 f1: 0.7672 pred_right: 38701 pred_wrong:299 actu_right: 38603 actu_wrong: 397
2026-07-15 20:58:53,381 P2499253 INFO pr:0.8736  rc:0.5891  auc:0.9965 ap:0.8716 f1: 0.7037 pred_right: 16413 pred_wrong:87 actu_right: 16371 actu_wrong: 129
2026-07-15 20:58:53,387 P2499253 INFO ----------------------------------------------------------------------------------------------------
2026-07-15 20:58:53,387 P2499253 INFO 3/5 starting... lr: 0.001 para:0.25
2026-07-15 20:58:59,746 P2499253 INFO Epoch 3/5, all_loss:0.82023 cls_loss:0.82023 rec_loss:0.11151 [6.35s]; best loss:0.82023, patience : 0
2026-07-15 20:59:01,936 P2499253 INFO pr:0.8951  rc:0.7323  auc:0.9897 ap:0.9256 f1: 0.8056 pred_right: 38676 pred_wrong:324 actu_right: 38604 actu_wrong: 396
2026-07-15 20:59:02,921 P2499253 INFO pr:0.8936  rc:0.6512  auc:0.9978 ap:0.9099 f1: 0.7534 pred_right: 16406 pred_wrong:94 actu_right: 16371 actu_wrong: 129
2026-07-15 20:59:02,927 P2499253 INFO ----------------------------------------------------------------------------------------------------
2026-07-15 20:59:02,928 P2499253 INFO 4/5 starting... lr: 0.001 para:0.20000000298023224
2026-07-15 20:59:09,495 P2499253 INFO Epoch 4/5, all_loss:0.78013 cls_loss:0.78013 rec_loss:0.10666 [6.56s]; best loss:0.78013, patience : 0
2026-07-15 20:59:11,689 P2499253 INFO pr:0.9085  rc:0.7254  auc:0.9912 ap:0.9386 f1: 0.8067 pred_right: 38683 pred_wrong:317 actu_right: 38603 actu_wrong: 397
2026-07-15 20:59:12,624 P2499253 INFO pr:0.9072  rc:0.6822  auc:0.9986 ap:0.9313 f1: 0.7788 pred_right: 16403 pred_wrong:97 actu_right: 16371 actu_wrong: 129
2026-07-15 20:59:12,632 P2499253 INFO saving model...
2026-07-15 20:59:12,632 P2499253 INFO AnoFusion - loss  best score:0.7801255583763123 at epoch 4
2026-07-15 20:59:12,640 P2499253 INFO AnoFusion - f1  best score:0.8067226890756303 at epoch 4
2026-07-15 20:59:12,646 P2499253 INFO Average training time per epoch: 6.44 seconds
2026-07-15 20:59:12,646 P2499253 INFO calculate scores...
2026-07-15 20:59:12,646 P2499253 INFO calculate label with loss...
2026-07-15 20:59:12,646 P2499253 INFO AnoFusion on ./result/AnoFusion-MSDS-Epochs5-Seed46ExpNameRQ1_main loading...
2026-07-15 20:59:13,579 P2499253 INFO pr:0.9072  rc:0.6822  auc:0.9986 ap:0.9313 f1: 0.7788 pred_right: 16403 pred_wrong:97 actu_right: 16371 actu_wrong: 129
2026-07-15 20:59:14,812 P2499253 INFO pr:0.9072  rc:0.6822  auc:0.9986 ap:0.9313 f1: 0.7788 pred_right: 16403 pred_wrong:97 actu_right: 16371 actu_wrong: 129
2026-07-15 20:59:14,812 P2499253 INFO Performance Summary:
{'GPU': {'inference_time_per_sample_ms': 0.2633956845335382, 'throughput_samples_per_sec': 3796.56941521633, 'peak_memory_mb': 33.6318359375, 'energy_per_sample_joules': 0.01316859894609651}, 'CPU': {'inference_time_per_sample_ms': 0.3584261362380206, 'throughput_samples_per_sec': 2789.975113131617, 'peak_memory_mb': 2960.203125, 'energy_per_sample_joules': 0.02329769885547134}}
2026-07-15 20:59:14,812 P2499253 INFO Starting clean-room hardware benchmarking...
2026-07-15 20:59:15,604 P2499253 INFO Performance with loss: pr:0.9072  rc:0.6822  auc:0.9986 ap:0.9313 f1: 0.7788 pred_right: 16403 pred_wrong:97 actu_right: 16371 actu_wrong: 129
2026-07-15 20:59:15,604 P2499253 INFO calculate label with f1...
2026-07-15 20:59:15,605 P2499253 INFO AnoFusion on ./result/AnoFusion-MSDS-Epochs5-Seed46ExpNameRQ1_main loading...
2026-07-15 20:59:16,526 P2499253 INFO pr:0.9072  rc:0.6822  auc:0.9986 ap:0.9313 f1: 0.7788 pred_right: 16403 pred_wrong:97 actu_right: 16371 actu_wrong: 129
2026-07-15 20:59:17,774 P2499253 INFO pr:0.9072  rc:0.6822  auc:0.9986 ap:0.9313 f1: 0.7788 pred_right: 16403 pred_wrong:97 actu_right: 16371 actu_wrong: 129
2026-07-15 20:59:17,774 P2499253 INFO Performance Summary:
{'GPU': {'inference_time_per_sample_ms': 0.2610772606575482, 'throughput_samples_per_sec': 3830.2837921671303, 'peak_memory_mb': 33.51220703125, 'energy_per_sample_joules': 0.012884554429340991}, 'CPU': {'inference_time_per_sample_ms': 0.3615815840434401, 'throughput_samples_per_sec': 2765.6275765412347, 'peak_memory_mb': 2959.515625, 'energy_per_sample_joules': 0.023502802962823605}}
2026-07-15 20:59:17,774 P2499253 INFO Starting clean-room hardware benchmarking...
2026-07-15 20:59:18,571 P2499253 INFO Performance with f1: pr:0.9072  rc:0.6822  auc:0.9986 ap:0.9313 f1: 0.7788 pred_right: 16403 pred_wrong:97 actu_right: 16371 actu_wrong: 129
2026-07-15 21:00:37,683 P2500799 INFO ---- Model: ----MSTGAD-da146fdd----random_seed : 46----req_loss_approach : Legendre-style----rec_lambda : 1.0----auxi_lambda : 0.0----Freq Domain : AnoFusion----Multi Fits : false----train : True----evaluate : False
2026-07-15 21:00:37,684 P2500799 INFO read Tranform data
2026-07-15 21:00:38,833 P2500799 INFO read Graph edge data
2026-07-15 21:00:38,833 P2500799 INFO Fewshot: training with 1.0 of the 70% of the data
2026-07-15 21:00:39,032 P2500799 INFO Trainable Parameters Breakdown:
2026-07-15 21:00:39,032 P2500799 INFO --------------------------------------------------------------------------------
2026-07-15 21:00:39,032 P2500799 INFO Reconstruction-Specific Parameters:
2026-07-15 21:00:39,032 P2500799 INFO AnoFusion.metric_proj.weight             | shape: (10, 3)                   | params: 30
2026-07-15 21:00:39,032 P2500799 INFO AnoFusion.metric_proj.bias               | shape: (10,)                     | params: 10
2026-07-15 21:00:39,032 P2500799 INFO AnoFusion.log_proj.weight                | shape: (10, 256)                 | params: 2,560
2026-07-15 21:00:39,032 P2500799 INFO AnoFusion.log_proj.bias                  | shape: (10,)                     | params: 10
2026-07-15 21:00:39,032 P2500799 INFO AnoFusion.trace_proj.weight              | shape: (10, 7)                   | params: 70
2026-07-15 21:00:39,032 P2500799 INFO AnoFusion.trace_proj.bias                | shape: (10,)                     | params: 10
2026-07-15 21:00:39,033 P2500799 INFO AnoFusion.anofusion.GTN.weight           | shape: (1, 1)                    | params: 1
2026-07-15 21:00:39,033 P2500799 INFO AnoFusion.anofusion.GTN.layers.0.layer1.weight | shape: (1, 2, 2, 1, 1)           | params: 4
2026-07-15 21:00:39,033 P2500799 INFO AnoFusion.anofusion.GTN.layers.0.layer2.weight | shape: (1, 2, 2, 1, 1)           | params: 4
2026-07-15 21:00:39,033 P2500799 INFO AnoFusion.anofusion.GTN.layers.1.layer1.weight | shape: (1, 2, 2, 1, 1)           | params: 4
2026-07-15 21:00:39,033 P2500799 INFO AnoFusion.anofusion.GTN.layers.2.layer1.weight | shape: (1, 2, 2, 1, 1)           | params: 4
2026-07-15 21:00:39,033 P2500799 INFO AnoFusion.anofusion.GTN.layers.3.layer1.weight | shape: (1, 2, 2, 1, 1)           | params: 4
2026-07-15 21:00:39,033 P2500799 INFO AnoFusion.anofusion.GTN.layers.4.layer1.weight | shape: (1, 2, 2, 1, 1)           | params: 4
2026-07-15 21:00:39,033 P2500799 INFO AnoFusion.anofusion.GAT_GRU.weight       | shape: (1, 1)                    | params: 1
2026-07-15 21:00:39,033 P2500799 INFO AnoFusion.anofusion.GAT_GRU.soft         | shape: (2,)                      | params: 2
2026-07-15 21:00:39,033 P2500799 INFO AnoFusion.anofusion.GAT_GRU.gru.weight_ih_l0 | shape: (60, 20)                  | params: 1,200
2026-07-15 21:00:39,033 P2500799 INFO AnoFusion.anofusion.GAT_GRU.gru.weight_hh_l0 | shape: (60, 20)                  | params: 1,200
2026-07-15 21:00:39,033 P2500799 INFO AnoFusion.anofusion.GAT_GRU.gru.bias_ih_l0 | shape: (60,)                     | params: 60
2026-07-15 21:00:39,033 P2500799 INFO AnoFusion.anofusion.GAT_GRU.gru.bias_hh_l0 | shape: (60,)                     | params: 60
2026-07-15 21:00:39,033 P2500799 INFO AnoFusion.anofusion.GAT_GRU.BN.weight    | shape: (10,)                     | params: 10
2026-07-15 21:00:39,033 P2500799 INFO AnoFusion.anofusion.GAT_GRU.BN.bias      | shape: (10,)                     | params: 10
2026-07-15 21:00:39,033 P2500799 INFO AnoFusion.anofusion.GAT_GRU.linear.weight | shape: (20, 20)                  | params: 400
2026-07-15 21:00:39,033 P2500799 INFO AnoFusion.anofusion.GAT_GRU.linear.bias  | shape: (20,)                     | params: 20
2026-07-15 21:00:39,033 P2500799 INFO AnoFusion.anofusion.GAT_GRU.gat_layer.subnet.attention_module.0.b | shape: (20,)                     | params: 20
2026-07-15 21:00:39,033 P2500799 INFO AnoFusion.anofusion.GAT_GRU.gat_layer.subnet.attention_module.0.W.weight | shape: (20, 30)                  | params: 600
2026-07-15 21:00:39,033 P2500799 INFO AnoFusion.anofusion.GAT_GRU.gat_layer.subnet.attention_module.1.b | shape: (20,)                     | params: 20
2026-07-15 21:00:39,033 P2500799 INFO AnoFusion.anofusion.GAT_GRU.gat_layer.subnet.attention_module.1.W.weight | shape: (20, 30)                  | params: 600
2026-07-15 21:00:39,033 P2500799 INFO AnoFusion.anofusion.GAT_GRU.gat_layer.subnet.attention_module.2.b | shape: (20,)                     | params: 20
2026-07-15 21:00:39,033 P2500799 INFO AnoFusion.anofusion.GAT_GRU.gat_layer.subnet.attention_module.2.W.weight | shape: (20, 30)                  | params: 600
2026-07-15 21:00:39,033 P2500799 INFO AnoFusion.anofusion.GAT_GRU.gat_layer.subnet.attention_module.3.b | shape: (20,)                     | params: 20
2026-07-15 21:00:39,033 P2500799 INFO AnoFusion.anofusion.GAT_GRU.gat_layer.subnet.attention_module.3.W.weight | shape: (20, 30)                  | params: 600
2026-07-15 21:00:39,034 P2500799 INFO AnoFusion.anofusion.GAT_GRU.gat_layer.subnet.attention_module.4.b | shape: (20,)                     | params: 20
2026-07-15 21:00:39,034 P2500799 INFO AnoFusion.anofusion.GAT_GRU.gat_layer.subnet.attention_module.4.W.weight | shape: (20, 30)                  | params: 600
2026-07-15 21:00:39,034 P2500799 INFO AnoFusion.anofusion.GAT_GRU.gat_layer.subnet.attention_module.5.b | shape: (20,)                     | params: 20
2026-07-15 21:00:39,034 P2500799 INFO AnoFusion.anofusion.GAT_GRU.gat_layer.subnet.attention_module.5.W.weight | shape: (20, 30)                  | params: 600
2026-07-15 21:00:39,034 P2500799 INFO AnoFusion.anofusion.GAT_GRU.gat_layer.subnet.out_att.b | shape: (20,)                     | params: 20
2026-07-15 21:00:39,034 P2500799 INFO AnoFusion.anofusion.GAT_GRU.gat_layer.subnet.out_att.W.weight | shape: (20, 120)                 | params: 2,400
2026-07-15 21:00:39,034 P2500799 INFO AnoFusion.anofusion.linT.weight          | shape: (5, 10)                   | params: 50
2026-07-15 21:00:39,034 P2500799 INFO AnoFusion.anofusion.linT.bias            | shape: (5,)                      | params: 5
2026-07-15 21:00:39,034 P2500799 INFO AnoFusion.anofusion.lin1.weight          | shape: (64, 50)                  | params: 3,200
2026-07-15 21:00:39,034 P2500799 INFO AnoFusion.anofusion.lin1.bias            | shape: (64,)                     | params: 64
2026-07-15 21:00:39,034 P2500799 INFO AnoFusion.anofusion.lin2.weight          | shape: (2, 64)                   | params: 128
2026-07-15 21:00:39,034 P2500799 INFO AnoFusion.anofusion.lin2.bias            | shape: (2,)                      | params: 2
2026-07-15 21:00:39,034 P2500799 INFO AnoFusion.post_proj.weight               | shape: (266, 20)                 | params: 5,320
2026-07-15 21:00:39,034 P2500799 INFO AnoFusion.post_proj.bias                 | shape: (266,)                    | params: 266
2026-07-15 21:00:39,034 P2500799 INFO Subtotal: 20,853
2026-07-15 21:00:39,034 P2500799 INFO --------------------------------------------------------------------------------
2026-07-15 21:00:39,034 P2500799 INFO Common Parameters:
2026-07-15 21:00:39,034 P2500799 INFO node_emb.linear.weight                   | shape: (4, 3)                    | params: 12
2026-07-15 21:00:39,034 P2500799 INFO node_emb.linear.bias                     | shape: (4,)                      | params: 4
2026-07-15 21:00:39,034 P2500799 INFO log_emb.linear.weight                    | shape: (16, 256)                 | params: 4,096
2026-07-15 21:00:39,034 P2500799 INFO log_emb.linear.bias                      | shape: (16,)                     | params: 16
2026-07-15 21:00:39,034 P2500799 INFO egde_emb.linear.weight                   | shape: (4, 7)                    | params: 28
2026-07-15 21:00:39,034 P2500799 INFO egde_emb.linear.bias                     | shape: (4,)                      | params: 4
2026-07-15 21:00:39,034 P2500799 INFO dense_node.weight                        | shape: (3, 4)                    | params: 12
2026-07-15 21:00:39,035 P2500799 INFO dense_node.bias                          | shape: (3,)                      | params: 3
2026-07-15 21:00:39,035 P2500799 INFO dense_log.weight                         | shape: (256, 16)                 | params: 4,096
2026-07-15 21:00:39,035 P2500799 INFO dense_log.bias                           | shape: (256,)                    | params: 256
2026-07-15 21:00:39,035 P2500799 INFO dense_edge.weight                        | shape: (7, 4)                    | params: 28
2026-07-15 21:00:39,035 P2500799 INFO dense_edge.bias                          | shape: (7,)                      | params: 7
2026-07-15 21:00:39,035 P2500799 INFO show.0.weight                            | shape: (128, 266)                | params: 34,048
2026-07-15 21:00:39,035 P2500799 INFO show.0.bias                              | shape: (128,)                    | params: 128
2026-07-15 21:00:39,035 P2500799 INFO show.2.weight                            | shape: (2, 128)                  | params: 256
2026-07-15 21:00:39,035 P2500799 INFO show.2.bias                              | shape: (2,)                      | params: 2
2026-07-15 21:00:39,035 P2500799 INFO Subtotal: 42,996
2026-07-15 21:00:39,035 P2500799 INFO --------------------------------------------------------------------------------
2026-07-15 21:00:39,035 P2500799 INFO Total Trainable Parameters: 63,849

2026-07-15 21:00:39,035 P2500799 INFO Trainable Parameters: 63849, reconstruction: 20853, common: 42996
2026-07-15 21:00:39,035 P2500799 INFO model : init weight
2026-07-15 21:00:39,036 P2500799 INFO Using GPU...
2026-07-15 21:00:39,049 P2500799 INFO optimizer : using AdaBelief
2026-07-15 21:00:39,049 P2500799 INFO ----------------------------------------------------------------------------------------------------
2026-07-15 21:00:39,049 P2500799 INFO 0/5 starting... lr: 0.001 para:1.0
2026-07-15 21:00:46,578 P2500799 INFO Epoch 0/5, all_loss:6.11501 cls_loss:6.11501 rec_loss:0.07344 [7.52s]; best loss:6.11501, patience : 0
2026-07-15 21:00:46,578 P2500799 INFO ----------------------------------------------------------------------------------------------------
2026-07-15 21:00:46,579 P2500799 INFO 1/5 starting... lr: 0.001 para:0.5
2026-07-15 21:00:52,167 P2500799 INFO Epoch 1/5, all_loss:1.95127 cls_loss:1.95127 rec_loss:0.09397 [5.58s]; best loss:1.95127, patience : 0
2026-07-15 21:00:52,167 P2500799 INFO ----------------------------------------------------------------------------------------------------
2026-07-15 21:00:52,167 P2500799 INFO 2/5 starting... lr: 0.001 para:0.3333333432674408
