2026-07-03 10:19:19,147 P1588662 INFO ---- Model: ----MSTGAD-490d6b27----random_seed : 3----req_loss_approach : Normal-Recreation----rec_lambda : 1.0----auxi_lambda : 0.1----Freq Domain : encoder_decoder----Multi Fits : false----train : True----evaluate : False
2026-07-03 10:19:19,148 P1588662 INFO Load from /home/db2003/Desktop/Amr/Tests/Eadro/codes/chunks/TT
2026-07-03 10:19:30,834 P1588662 INFO Fewshot: training with 1.0 of the 70% of the data
2026-07-03 10:19:52,636 P1588662 INFO Trainable Parameters Breakdown:
2026-07-03 10:19:52,636 P1588662 INFO --------------------------------------------------------------------------------
2026-07-03 10:19:52,637 P1588662 INFO Reconstruction-Specific Parameters:
2026-07-03 10:19:52,637 P1588662 INFO encoder.spatial_attention.0.node2node.att | shape: (1, 4, 10)                | params: 40
2026-07-03 10:19:52,637 P1588662 INFO encoder.spatial_attention.0.node2node.bias | shape: (40,)                     | params: 40
2026-07-03 10:19:52,637 P1588662 INFO encoder.spatial_attention.0.node2node.lin_l.weight | shape: (40, 40)                  | params: 1,600
2026-07-03 10:19:52,637 P1588662 INFO encoder.spatial_attention.0.node2node.lin_l.bias | shape: (40,)                     | params: 40
2026-07-03 10:19:52,637 P1588662 INFO encoder.spatial_attention.0.node2node.lin_r.weight | shape: (40, 40)                  | params: 1,600
2026-07-03 10:19:52,637 P1588662 INFO encoder.spatial_attention.0.node2node.lin_r.bias | shape: (40,)                     | params: 40
2026-07-03 10:19:52,637 P1588662 INFO encoder.spatial_attention.0.node2node.lin_edge.weight | shape: (40, 8)                   | params: 320
2026-07-03 10:19:52,637 P1588662 INFO encoder.spatial_attention.0.egde2node.att | shape: (1, 2, 4)                 | params: 8
2026-07-03 10:19:52,637 P1588662 INFO encoder.spatial_attention.0.egde2node.bias | shape: (8,)                      | params: 8
2026-07-03 10:19:52,637 P1588662 INFO encoder.spatial_attention.0.egde2node.lin_l.weight | shape: (8, 8)                    | params: 64
2026-07-03 10:19:52,637 P1588662 INFO encoder.spatial_attention.0.egde2node.lin_l.bias | shape: (8,)                      | params: 8
2026-07-03 10:19:52,637 P1588662 INFO encoder.spatial_attention.0.egde2node.lin_r.weight | shape: (8, 8)                    | params: 64
2026-07-03 10:19:52,637 P1588662 INFO encoder.spatial_attention.0.egde2node.lin_r.bias | shape: (8,)                      | params: 8
2026-07-03 10:19:52,637 P1588662 INFO encoder.spatial_attention.0.egde2node.lin_edge.weight | shape: (8, 40)                   | params: 320
2026-07-03 10:19:52,637 P1588662 INFO encoder.spatial_attention.1.node2node.att | shape: (1, 4, 10)                | params: 40
2026-07-03 10:19:52,637 P1588662 INFO encoder.spatial_attention.1.node2node.bias | shape: (40,)                     | params: 40
2026-07-03 10:19:52,637 P1588662 INFO encoder.spatial_attention.1.node2node.lin_l.weight | shape: (40, 40)                  | params: 1,600
2026-07-03 10:19:52,637 P1588662 INFO encoder.spatial_attention.1.node2node.lin_l.bias | shape: (40,)                     | params: 40
2026-07-03 10:19:52,638 P1588662 INFO encoder.spatial_attention.1.node2node.lin_r.weight | shape: (40, 40)                  | params: 1,600
2026-07-03 10:19:52,638 P1588662 INFO encoder.spatial_attention.1.node2node.lin_r.bias | shape: (40,)                     | params: 40
2026-07-03 10:19:52,638 P1588662 INFO encoder.spatial_attention.1.node2node.lin_edge.weight | shape: (40, 8)                   | params: 320
2026-07-03 10:19:52,638 P1588662 INFO encoder.spatial_attention.1.egde2node.att | shape: (1, 2, 4)                 | params: 8
2026-07-03 10:19:52,638 P1588662 INFO encoder.spatial_attention.1.egde2node.bias | shape: (8,)                      | params: 8
2026-07-03 10:19:52,638 P1588662 INFO encoder.spatial_attention.1.egde2node.lin_l.weight | shape: (8, 8)                    | params: 64
2026-07-03 10:19:52,638 P1588662 INFO encoder.spatial_attention.1.egde2node.lin_l.bias | shape: (8,)                      | params: 8
2026-07-03 10:19:52,638 P1588662 INFO encoder.spatial_attention.1.egde2node.lin_r.weight | shape: (8, 8)                    | params: 64
2026-07-03 10:19:52,638 P1588662 INFO encoder.spatial_attention.1.egde2node.lin_r.bias | shape: (8,)                      | params: 8
2026-07-03 10:19:52,638 P1588662 INFO encoder.spatial_attention.1.egde2node.lin_edge.weight | shape: (8, 40)                   | params: 320
2026-07-03 10:19:52,638 P1588662 INFO encoder.sa_add.0.addnorm_node.ln.weight  | shape: (8,)                      | params: 8
2026-07-03 10:19:52,638 P1588662 INFO encoder.sa_add.0.addnorm_node.ln.bias    | shape: (8,)                      | params: 8
2026-07-03 10:19:52,638 P1588662 INFO encoder.sa_add.0.addnorm_trace.ln.weight | shape: (8,)                      | params: 8
2026-07-03 10:19:52,638 P1588662 INFO encoder.sa_add.0.addnorm_trace.ln.bias   | shape: (8,)                      | params: 8
2026-07-03 10:19:52,638 P1588662 INFO encoder.sa_add.0.addnorm_log.ln.weight   | shape: (32,)                     | params: 32
2026-07-03 10:19:52,638 P1588662 INFO encoder.sa_add.0.addnorm_log.ln.bias     | shape: (32,)                     | params: 32
2026-07-03 10:19:52,638 P1588662 INFO encoder.sa_add.1.addnorm_node.ln.weight  | shape: (8,)                      | params: 8
2026-07-03 10:19:52,638 P1588662 INFO encoder.sa_add.1.addnorm_node.ln.bias    | shape: (8,)                      | params: 8
2026-07-03 10:19:52,638 P1588662 INFO encoder.sa_add.1.addnorm_trace.ln.weight | shape: (8,)                      | params: 8
2026-07-03 10:19:52,638 P1588662 INFO encoder.sa_add.1.addnorm_trace.ln.bias   | shape: (8,)                      | params: 8
2026-07-03 10:19:52,638 P1588662 INFO encoder.sa_add.1.addnorm_log.ln.weight   | shape: (32,)                     | params: 32
2026-07-03 10:19:52,638 P1588662 INFO encoder.sa_add.1.addnorm_log.ln.bias     | shape: (32,)                     | params: 32
2026-07-03 10:19:52,638 P1588662 INFO encoder.temporal_attention.0.attention_node.in_proj_weight | shape: (24, 8)                   | params: 192
2026-07-03 10:19:52,639 P1588662 INFO encoder.temporal_attention.0.attention_node.in_proj_bias | shape: (24,)                     | params: 24
2026-07-03 10:19:52,639 P1588662 INFO encoder.temporal_attention.0.attention_node.out_proj.weight | shape: (8, 8)                    | params: 64
2026-07-03 10:19:52,639 P1588662 INFO encoder.temporal_attention.0.attention_node.out_proj.bias | shape: (8,)                      | params: 8
2026-07-03 10:19:52,639 P1588662 INFO encoder.temporal_attention.0.attention_trace.in_proj_weight | shape: (24, 8)                   | params: 192
2026-07-03 10:19:52,639 P1588662 INFO encoder.temporal_attention.0.attention_trace.in_proj_bias | shape: (24,)                     | params: 24
2026-07-03 10:19:52,639 P1588662 INFO encoder.temporal_attention.0.attention_trace.out_proj.weight | shape: (8, 8)                    | params: 64
2026-07-03 10:19:52,639 P1588662 INFO encoder.temporal_attention.0.attention_trace.out_proj.bias | shape: (8,)                      | params: 8
2026-07-03 10:19:52,639 P1588662 INFO encoder.temporal_attention.0.attention_log.in_proj_weight | shape: (96, 32)                  | params: 3,072
2026-07-03 10:19:52,639 P1588662 INFO encoder.temporal_attention.0.attention_log.in_proj_bias | shape: (96,)                     | params: 96
2026-07-03 10:19:52,639 P1588662 INFO encoder.temporal_attention.0.attention_log.out_proj.weight | shape: (32, 32)                  | params: 1,024
2026-07-03 10:19:52,639 P1588662 INFO encoder.temporal_attention.0.attention_log.out_proj.bias | shape: (32,)                     | params: 32
2026-07-03 10:19:52,639 P1588662 INFO encoder.temporal_attention.0.vff_node.weight | shape: (8, 8)                    | params: 64
2026-07-03 10:19:52,639 P1588662 INFO encoder.temporal_attention.0.vff_node.bias | shape: (8,)                      | params: 8
2026-07-03 10:19:52,639 P1588662 INFO encoder.temporal_attention.0.vff_trace.weight | shape: (8, 8)                    | params: 64
2026-07-03 10:19:52,639 P1588662 INFO encoder.temporal_attention.0.vff_trace.bias | shape: (8,)                      | params: 8
2026-07-03 10:19:52,639 P1588662 INFO encoder.temporal_attention.0.vff_log.weight | shape: (32, 32)                  | params: 1,024
2026-07-03 10:19:52,639 P1588662 INFO encoder.temporal_attention.0.vff_log.bias | shape: (32,)                     | params: 32
2026-07-03 10:19:52,639 P1588662 INFO encoder.temporal_attention.0.headff_node.weight | shape: (10, 10)                  | params: 100
2026-07-03 10:19:52,639 P1588662 INFO encoder.temporal_attention.0.headff_node.bias | shape: (10,)                     | params: 10
2026-07-03 10:19:52,639 P1588662 INFO encoder.temporal_attention.0.headff_trace.weight | shape: (10, 40)                  | params: 400
2026-07-03 10:19:52,639 P1588662 INFO encoder.temporal_attention.0.headff_trace.bias | shape: (10,)                     | params: 10
2026-07-03 10:19:52,640 P1588662 INFO encoder.temporal_attention.0.headff_log.weight | shape: (10, 10)                  | params: 100
2026-07-03 10:19:52,640 P1588662 INFO encoder.temporal_attention.0.headff_log.bias | shape: (10,)                     | params: 10
2026-07-03 10:19:52,640 P1588662 INFO encoder.temporal_attention.1.attention_node.in_proj_weight | shape: (24, 8)                   | params: 192
2026-07-03 10:19:52,640 P1588662 INFO encoder.temporal_attention.1.attention_node.in_proj_bias | shape: (24,)                     | params: 24
2026-07-03 10:19:52,640 P1588662 INFO encoder.temporal_attention.1.attention_node.out_proj.weight | shape: (8, 8)                    | params: 64
2026-07-03 10:19:52,640 P1588662 INFO encoder.temporal_attention.1.attention_node.out_proj.bias | shape: (8,)                      | params: 8
2026-07-03 10:19:52,640 P1588662 INFO encoder.temporal_attention.1.attention_trace.in_proj_weight | shape: (24, 8)                   | params: 192
2026-07-03 10:19:52,640 P1588662 INFO encoder.temporal_attention.1.attention_trace.in_proj_bias | shape: (24,)                     | params: 24
2026-07-03 10:19:52,640 P1588662 INFO encoder.temporal_attention.1.attention_trace.out_proj.weight | shape: (8, 8)                    | params: 64
2026-07-03 10:19:52,640 P1588662 INFO encoder.temporal_attention.1.attention_trace.out_proj.bias | shape: (8,)                      | params: 8
2026-07-03 10:19:52,640 P1588662 INFO encoder.temporal_attention.1.attention_log.in_proj_weight | shape: (96, 32)                  | params: 3,072
2026-07-03 10:19:52,640 P1588662 INFO encoder.temporal_attention.1.attention_log.in_proj_bias | shape: (96,)                     | params: 96
2026-07-03 10:19:52,640 P1588662 INFO encoder.temporal_attention.1.attention_log.out_proj.weight | shape: (32, 32)                  | params: 1,024
2026-07-03 10:19:52,640 P1588662 INFO encoder.temporal_attention.1.attention_log.out_proj.bias | shape: (32,)                     | params: 32
2026-07-03 10:19:52,640 P1588662 INFO encoder.temporal_attention.1.vff_node.weight | shape: (8, 8)                    | params: 64
2026-07-03 10:19:52,640 P1588662 INFO encoder.temporal_attention.1.vff_node.bias | shape: (8,)                      | params: 8
2026-07-03 10:19:52,640 P1588662 INFO encoder.temporal_attention.1.vff_trace.weight | shape: (8, 8)                    | params: 64
2026-07-03 10:19:52,640 P1588662 INFO encoder.temporal_attention.1.vff_trace.bias | shape: (8,)                      | params: 8
2026-07-03 10:19:52,640 P1588662 INFO encoder.temporal_attention.1.vff_log.weight | shape: (32, 32)                  | params: 1,024
2026-07-03 10:19:52,640 P1588662 INFO encoder.temporal_attention.1.vff_log.bias | shape: (32,)                     | params: 32
2026-07-03 10:19:52,640 P1588662 INFO encoder.temporal_attention.1.headff_node.weight | shape: (10, 10)                  | params: 100
2026-07-03 10:19:52,641 P1588662 INFO encoder.temporal_attention.1.headff_node.bias | shape: (10,)                     | params: 10
2026-07-03 10:19:52,641 P1588662 INFO encoder.temporal_attention.1.headff_trace.weight | shape: (10, 40)                  | params: 400
2026-07-03 10:19:52,641 P1588662 INFO encoder.temporal_attention.1.headff_trace.bias | shape: (10,)                     | params: 10
2026-07-03 10:19:52,641 P1588662 INFO encoder.temporal_attention.1.headff_log.weight | shape: (10, 10)                  | params: 100
2026-07-03 10:19:52,641 P1588662 INFO encoder.temporal_attention.1.headff_log.bias | shape: (10,)                     | params: 10
2026-07-03 10:19:52,641 P1588662 INFO encoder.ta_add.0.addnorm_node.ln.weight  | shape: (8,)                      | params: 8
2026-07-03 10:19:52,641 P1588662 INFO encoder.ta_add.0.addnorm_node.ln.bias    | shape: (8,)                      | params: 8
2026-07-03 10:19:52,641 P1588662 INFO encoder.ta_add.0.addnorm_trace.ln.weight | shape: (8,)                      | params: 8
2026-07-03 10:19:52,641 P1588662 INFO encoder.ta_add.0.addnorm_trace.ln.bias   | shape: (8,)                      | params: 8
2026-07-03 10:19:52,641 P1588662 INFO encoder.ta_add.0.addnorm_log.ln.weight   | shape: (32,)                     | params: 32
2026-07-03 10:19:52,641 P1588662 INFO encoder.ta_add.0.addnorm_log.ln.bias     | shape: (32,)                     | params: 32
2026-07-03 10:19:52,641 P1588662 INFO encoder.ta_add.1.addnorm_node.ln.weight  | shape: (8,)                      | params: 8
2026-07-03 10:19:52,641 P1588662 INFO encoder.ta_add.1.addnorm_node.ln.bias    | shape: (8,)                      | params: 8
2026-07-03 10:19:52,641 P1588662 INFO encoder.ta_add.1.addnorm_trace.ln.weight | shape: (8,)                      | params: 8
2026-07-03 10:19:52,641 P1588662 INFO encoder.ta_add.1.addnorm_trace.ln.bias   | shape: (8,)                      | params: 8
2026-07-03 10:19:52,641 P1588662 INFO encoder.ta_add.1.addnorm_log.ln.weight   | shape: (32,)                     | params: 32
2026-07-03 10:19:52,641 P1588662 INFO encoder.ta_add.1.addnorm_log.ln.bias     | shape: (32,)                     | params: 32
2026-07-03 10:19:52,641 P1588662 INFO encoder.ffn.0.ff_node.ff.0.weight        | shape: (32, 8)                   | params: 256
2026-07-03 10:19:52,641 P1588662 INFO encoder.ffn.0.ff_node.ff.0.bias          | shape: (32,)                     | params: 32
2026-07-03 10:19:52,642 P1588662 INFO encoder.ffn.0.ff_node.ff.3.weight        | shape: (8, 32)                   | params: 256
2026-07-03 10:19:52,642 P1588662 INFO encoder.ffn.0.ff_node.ff.3.bias          | shape: (8,)                      | params: 8
2026-07-03 10:19:52,642 P1588662 INFO encoder.ffn.0.addnorm_node.ln.weight     | shape: (8,)                      | params: 8
2026-07-03 10:19:52,642 P1588662 INFO encoder.ffn.0.addnorm_node.ln.bias       | shape: (8,)                      | params: 8
2026-07-03 10:19:52,642 P1588662 INFO encoder.ffn.0.ff_trace.ff.0.weight       | shape: (32, 8)                   | params: 256
2026-07-03 10:19:52,642 P1588662 INFO encoder.ffn.0.ff_trace.ff.0.bias         | shape: (32,)                     | params: 32
2026-07-03 10:19:52,642 P1588662 INFO encoder.ffn.0.ff_trace.ff.3.weight       | shape: (8, 32)                   | params: 256
2026-07-03 10:19:52,642 P1588662 INFO encoder.ffn.0.ff_trace.ff.3.bias         | shape: (8,)                      | params: 8
2026-07-03 10:19:52,642 P1588662 INFO encoder.ffn.0.addnorm_trace.ln.weight    | shape: (8,)                      | params: 8
2026-07-03 10:19:52,642 P1588662 INFO encoder.ffn.0.addnorm_trace.ln.bias      | shape: (8,)                      | params: 8
2026-07-03 10:19:52,642 P1588662 INFO encoder.ffn.0.ff_log.ff.0.weight         | shape: (128, 32)                 | params: 4,096
2026-07-03 10:19:52,642 P1588662 INFO encoder.ffn.0.ff_log.ff.0.bias           | shape: (128,)                    | params: 128
2026-07-03 10:19:52,642 P1588662 INFO encoder.ffn.0.ff_log.ff.3.weight         | shape: (32, 128)                 | params: 4,096
2026-07-03 10:19:52,642 P1588662 INFO encoder.ffn.0.ff_log.ff.3.bias           | shape: (32,)                     | params: 32
2026-07-03 10:19:52,642 P1588662 INFO encoder.ffn.0.addnorm_log.ln.weight      | shape: (32,)                     | params: 32
2026-07-03 10:19:52,642 P1588662 INFO encoder.ffn.0.addnorm_log.ln.bias        | shape: (32,)                     | params: 32
2026-07-03 10:19:52,642 P1588662 INFO encoder.ffn.1.ff_node.ff.0.weight        | shape: (32, 8)                   | params: 256
2026-07-03 10:19:52,642 P1588662 INFO encoder.ffn.1.ff_node.ff.0.bias          | shape: (32,)                     | params: 32
2026-07-03 10:19:52,642 P1588662 INFO encoder.ffn.1.ff_node.ff.3.weight        | shape: (8, 32)                   | params: 256
2026-07-03 10:19:52,642 P1588662 INFO encoder.ffn.1.ff_node.ff.3.bias          | shape: (8,)                      | params: 8
2026-07-03 10:19:52,642 P1588662 INFO encoder.ffn.1.addnorm_node.ln.weight     | shape: (8,)                      | params: 8
2026-07-03 10:19:52,642 P1588662 INFO encoder.ffn.1.addnorm_node.ln.bias       | shape: (8,)                      | params: 8
2026-07-03 10:19:52,643 P1588662 INFO encoder.ffn.1.ff_trace.ff.0.weight       | shape: (32, 8)                   | params: 256
2026-07-03 10:19:52,643 P1588662 INFO encoder.ffn.1.ff_trace.ff.0.bias         | shape: (32,)                     | params: 32
2026-07-03 10:19:52,643 P1588662 INFO encoder.ffn.1.ff_trace.ff.3.weight       | shape: (8, 32)                   | params: 256
2026-07-03 10:19:52,643 P1588662 INFO encoder.ffn.1.ff_trace.ff.3.bias         | shape: (8,)                      | params: 8
2026-07-03 10:19:52,643 P1588662 INFO encoder.ffn.1.addnorm_trace.ln.weight    | shape: (8,)                      | params: 8
2026-07-03 10:19:52,643 P1588662 INFO encoder.ffn.1.addnorm_trace.ln.bias      | shape: (8,)                      | params: 8
2026-07-03 10:19:52,643 P1588662 INFO encoder.ffn.1.ff_log.ff.0.weight         | shape: (128, 32)                 | params: 4,096
2026-07-03 10:19:52,643 P1588662 INFO encoder.ffn.1.ff_log.ff.0.bias           | shape: (128,)                    | params: 128
2026-07-03 10:19:52,643 P1588662 INFO encoder.ffn.1.ff_log.ff.3.weight         | shape: (32, 128)                 | params: 4,096
2026-07-03 10:19:52,643 P1588662 INFO encoder.ffn.1.ff_log.ff.3.bias           | shape: (32,)                     | params: 32
2026-07-03 10:19:52,643 P1588662 INFO encoder.ffn.1.addnorm_log.ln.weight      | shape: (32,)                     | params: 32
2026-07-03 10:19:52,643 P1588662 INFO encoder.ffn.1.addnorm_log.ln.bias        | shape: (32,)                     | params: 32
2026-07-03 10:19:52,643 P1588662 INFO decoder.spatial_attention.0.node2node.att | shape: (1, 4, 10)                | params: 40
2026-07-03 10:19:52,643 P1588662 INFO decoder.spatial_attention.0.node2node.bias | shape: (40,)                     | params: 40
2026-07-03 10:19:52,643 P1588662 INFO decoder.spatial_attention.0.node2node.lin_l.weight | shape: (40, 40)                  | params: 1,600
2026-07-03 10:19:52,643 P1588662 INFO decoder.spatial_attention.0.node2node.lin_l.bias | shape: (40,)                     | params: 40
2026-07-03 10:19:52,643 P1588662 INFO decoder.spatial_attention.0.node2node.lin_r.weight | shape: (40, 40)                  | params: 1,600
2026-07-03 10:19:52,643 P1588662 INFO decoder.spatial_attention.0.node2node.lin_r.bias | shape: (40,)                     | params: 40
2026-07-03 10:19:52,643 P1588662 INFO decoder.spatial_attention.0.node2node.lin_edge.weight | shape: (40, 8)                   | params: 320
2026-07-03 10:19:52,643 P1588662 INFO decoder.spatial_attention.0.egde2node.att | shape: (1, 2, 4)                 | params: 8
2026-07-03 10:19:52,644 P1588662 INFO decoder.spatial_attention.0.egde2node.bias | shape: (8,)                      | params: 8
2026-07-03 10:19:52,644 P1588662 INFO decoder.spatial_attention.0.egde2node.lin_l.weight | shape: (8, 8)                    | params: 64
2026-07-03 10:19:52,644 P1588662 INFO decoder.spatial_attention.0.egde2node.lin_l.bias | shape: (8,)                      | params: 8
2026-07-03 10:19:52,644 P1588662 INFO decoder.spatial_attention.0.egde2node.lin_r.weight | shape: (8, 8)                    | params: 64
2026-07-03 10:19:52,644 P1588662 INFO decoder.spatial_attention.0.egde2node.lin_r.bias | shape: (8,)                      | params: 8
2026-07-03 10:19:52,644 P1588662 INFO decoder.spatial_attention.0.egde2node.lin_edge.weight | shape: (8, 40)                   | params: 320
2026-07-03 10:19:52,644 P1588662 INFO decoder.spatial_attention.1.node2node.att | shape: (1, 4, 10)                | params: 40
2026-07-03 10:19:52,644 P1588662 INFO decoder.spatial_attention.1.node2node.bias | shape: (40,)                     | params: 40
2026-07-03 10:19:52,644 P1588662 INFO decoder.spatial_attention.1.node2node.lin_l.weight | shape: (40, 40)                  | params: 1,600
2026-07-03 10:19:52,644 P1588662 INFO decoder.spatial_attention.1.node2node.lin_l.bias | shape: (40,)                     | params: 40
2026-07-03 10:19:52,644 P1588662 INFO decoder.spatial_attention.1.node2node.lin_r.weight | shape: (40, 40)                  | params: 1,600
2026-07-03 10:19:52,644 P1588662 INFO decoder.spatial_attention.1.node2node.lin_r.bias | shape: (40,)                     | params: 40
2026-07-03 10:19:52,644 P1588662 INFO decoder.spatial_attention.1.node2node.lin_edge.weight | shape: (40, 8)                   | params: 320
2026-07-03 10:19:52,644 P1588662 INFO decoder.spatial_attention.1.egde2node.att | shape: (1, 2, 4)                 | params: 8
2026-07-03 10:19:52,644 P1588662 INFO decoder.spatial_attention.1.egde2node.bias | shape: (8,)                      | params: 8
2026-07-03 10:19:52,644 P1588662 INFO decoder.spatial_attention.1.egde2node.lin_l.weight | shape: (8, 8)                    | params: 64
2026-07-03 10:19:52,644 P1588662 INFO decoder.spatial_attention.1.egde2node.lin_l.bias | shape: (8,)                      | params: 8
2026-07-03 10:19:52,644 P1588662 INFO decoder.spatial_attention.1.egde2node.lin_r.weight | shape: (8, 8)                    | params: 64
2026-07-03 10:19:52,645 P1588662 INFO decoder.spatial_attention.1.egde2node.lin_r.bias | shape: (8,)                      | params: 8
2026-07-03 10:19:52,645 P1588662 INFO decoder.spatial_attention.1.egde2node.lin_edge.weight | shape: (8, 40)                   | params: 320
2026-07-03 10:19:52,645 P1588662 INFO decoder.sa_add.0.addnorm_node.ln.weight  | shape: (8,)                      | params: 8
2026-07-03 10:19:52,645 P1588662 INFO decoder.sa_add.0.addnorm_node.ln.bias    | shape: (8,)                      | params: 8
2026-07-03 10:19:52,645 P1588662 INFO decoder.sa_add.0.addnorm_trace.ln.weight | shape: (8,)                      | params: 8
2026-07-03 10:19:52,645 P1588662 INFO decoder.sa_add.0.addnorm_trace.ln.bias   | shape: (8,)                      | params: 8
2026-07-03 10:19:52,645 P1588662 INFO decoder.sa_add.0.addnorm_log.ln.weight   | shape: (32,)                     | params: 32
2026-07-03 10:19:52,645 P1588662 INFO decoder.sa_add.0.addnorm_log.ln.bias     | shape: (32,)                     | params: 32
2026-07-03 10:19:52,645 P1588662 INFO decoder.sa_add.1.addnorm_node.ln.weight  | shape: (8,)                      | params: 8
2026-07-03 10:19:52,645 P1588662 INFO decoder.sa_add.1.addnorm_node.ln.bias    | shape: (8,)                      | params: 8
2026-07-03 10:19:52,645 P1588662 INFO decoder.sa_add.1.addnorm_trace.ln.weight | shape: (8,)                      | params: 8
2026-07-03 10:19:52,645 P1588662 INFO decoder.sa_add.1.addnorm_trace.ln.bias   | shape: (8,)                      | params: 8
2026-07-03 10:19:52,645 P1588662 INFO decoder.sa_add.1.addnorm_log.ln.weight   | shape: (32,)                     | params: 32
2026-07-03 10:19:52,645 P1588662 INFO decoder.sa_add.1.addnorm_log.ln.bias     | shape: (32,)                     | params: 32
2026-07-03 10:19:52,645 P1588662 INFO decoder.temporal_attention.0.attention_node.in_proj_weight | shape: (24, 8)                   | params: 192
2026-07-03 10:19:52,645 P1588662 INFO decoder.temporal_attention.0.attention_node.in_proj_bias | shape: (24,)                     | params: 24
2026-07-03 10:19:52,645 P1588662 INFO decoder.temporal_attention.0.attention_node.out_proj.weight | shape: (8, 8)                    | params: 64
2026-07-03 10:19:52,645 P1588662 INFO decoder.temporal_attention.0.attention_node.out_proj.bias | shape: (8,)                      | params: 8
2026-07-03 10:19:52,645 P1588662 INFO decoder.temporal_attention.0.attention_trace.in_proj_weight | shape: (24, 8)                   | params: 192
2026-07-03 10:19:52,646 P1588662 INFO decoder.temporal_attention.0.attention_trace.in_proj_bias | shape: (24,)                     | params: 24
2026-07-03 10:19:52,646 P1588662 INFO decoder.temporal_attention.0.attention_trace.out_proj.weight | shape: (8, 8)                    | params: 64
2026-07-03 10:19:52,646 P1588662 INFO decoder.temporal_attention.0.attention_trace.out_proj.bias | shape: (8,)                      | params: 8
2026-07-03 10:19:52,646 P1588662 INFO decoder.temporal_attention.0.attention_log.in_proj_weight | shape: (96, 32)                  | params: 3,072
2026-07-03 10:19:52,646 P1588662 INFO decoder.temporal_attention.0.attention_log.in_proj_bias | shape: (96,)                     | params: 96
2026-07-03 10:19:52,646 P1588662 INFO decoder.temporal_attention.0.attention_log.out_proj.weight | shape: (32, 32)                  | params: 1,024
2026-07-03 10:19:52,646 P1588662 INFO decoder.temporal_attention.0.attention_log.out_proj.bias | shape: (32,)                     | params: 32
2026-07-03 10:19:52,646 P1588662 INFO decoder.temporal_attention.0.vff_node.weight | shape: (8, 8)                    | params: 64
2026-07-03 10:19:52,646 P1588662 INFO decoder.temporal_attention.0.vff_node.bias | shape: (8,)                      | params: 8
2026-07-03 10:19:52,646 P1588662 INFO decoder.temporal_attention.0.vff_trace.weight | shape: (8, 8)                    | params: 64
2026-07-03 10:19:52,646 P1588662 INFO decoder.temporal_attention.0.vff_trace.bias | shape: (8,)                      | params: 8
2026-07-03 10:19:52,646 P1588662 INFO decoder.temporal_attention.0.vff_log.weight | shape: (32, 32)                  | params: 1,024
2026-07-03 10:19:52,646 P1588662 INFO decoder.temporal_attention.0.vff_log.bias | shape: (32,)                     | params: 32
2026-07-03 10:19:52,646 P1588662 INFO decoder.temporal_attention.0.headff_node.weight | shape: (10, 10)                  | params: 100
2026-07-03 10:19:52,646 P1588662 INFO decoder.temporal_attention.0.headff_node.bias | shape: (10,)                     | params: 10
2026-07-03 10:19:52,646 P1588662 INFO decoder.temporal_attention.0.headff_trace.weight | shape: (10, 40)                  | params: 400
2026-07-03 10:19:52,646 P1588662 INFO decoder.temporal_attention.0.headff_trace.bias | shape: (10,)                     | params: 10
2026-07-03 10:19:52,646 P1588662 INFO decoder.temporal_attention.0.headff_log.weight | shape: (10, 10)                  | params: 100
2026-07-03 10:19:52,647 P1588662 INFO decoder.temporal_attention.0.headff_log.bias | shape: (10,)                     | params: 10
2026-07-03 10:19:52,647 P1588662 INFO decoder.temporal_attention.1.attention_node.in_proj_weight | shape: (24, 8)                   | params: 192
2026-07-03 10:19:52,647 P1588662 INFO decoder.temporal_attention.1.attention_node.in_proj_bias | shape: (24,)                     | params: 24
2026-07-03 10:19:52,647 P1588662 INFO decoder.temporal_attention.1.attention_node.out_proj.weight | shape: (8, 8)                    | params: 64
2026-07-03 10:19:52,647 P1588662 INFO decoder.temporal_attention.1.attention_node.out_proj.bias | shape: (8,)                      | params: 8
2026-07-03 10:19:52,647 P1588662 INFO decoder.temporal_attention.1.attention_trace.in_proj_weight | shape: (24, 8)                   | params: 192
2026-07-03 10:19:52,647 P1588662 INFO decoder.temporal_attention.1.attention_trace.in_proj_bias | shape: (24,)                     | params: 24
2026-07-03 10:19:52,647 P1588662 INFO decoder.temporal_attention.1.attention_trace.out_proj.weight | shape: (8, 8)                    | params: 64
2026-07-03 10:19:52,647 P1588662 INFO decoder.temporal_attention.1.attention_trace.out_proj.bias | shape: (8,)                      | params: 8
2026-07-03 10:19:52,647 P1588662 INFO decoder.temporal_attention.1.attention_log.in_proj_weight | shape: (96, 32)                  | params: 3,072
2026-07-03 10:19:52,647 P1588662 INFO decoder.temporal_attention.1.attention_log.in_proj_bias | shape: (96,)                     | params: 96
2026-07-03 10:19:52,647 P1588662 INFO decoder.temporal_attention.1.attention_log.out_proj.weight | shape: (32, 32)                  | params: 1,024
2026-07-03 10:19:52,647 P1588662 INFO decoder.temporal_attention.1.attention_log.out_proj.bias | shape: (32,)                     | params: 32
2026-07-03 10:19:52,647 P1588662 INFO decoder.temporal_attention.1.vff_node.weight | shape: (8, 8)                    | params: 64
2026-07-03 10:19:52,647 P1588662 INFO decoder.temporal_attention.1.vff_node.bias | shape: (8,)                      | params: 8
2026-07-03 10:19:52,647 P1588662 INFO decoder.temporal_attention.1.vff_trace.weight | shape: (8, 8)                    | params: 64
2026-07-03 10:19:52,647 P1588662 INFO decoder.temporal_attention.1.vff_trace.bias | shape: (8,)                      | params: 8
2026-07-03 10:19:52,647 P1588662 INFO decoder.temporal_attention.1.vff_log.weight | shape: (32, 32)                  | params: 1,024
2026-07-03 10:19:52,648 P1588662 INFO decoder.temporal_attention.1.vff_log.bias | shape: (32,)                     | params: 32
2026-07-03 10:19:52,648 P1588662 INFO decoder.temporal_attention.1.headff_node.weight | shape: (10, 10)                  | params: 100
2026-07-03 10:19:52,648 P1588662 INFO decoder.temporal_attention.1.headff_node.bias | shape: (10,)                     | params: 10
2026-07-03 10:19:52,648 P1588662 INFO decoder.temporal_attention.1.headff_trace.weight | shape: (10, 40)                  | params: 400
2026-07-03 10:19:52,648 P1588662 INFO decoder.temporal_attention.1.headff_trace.bias | shape: (10,)                     | params: 10
2026-07-03 10:19:52,648 P1588662 INFO decoder.temporal_attention.1.headff_log.weight | shape: (10, 10)                  | params: 100
2026-07-03 10:19:52,648 P1588662 INFO decoder.temporal_attention.1.headff_log.bias | shape: (10,)                     | params: 10
2026-07-03 10:19:52,648 P1588662 INFO decoder.ta_add.0.addnorm_node.ln.weight  | shape: (8,)                      | params: 8
2026-07-03 10:19:52,648 P1588662 INFO decoder.ta_add.0.addnorm_node.ln.bias    | shape: (8,)                      | params: 8
2026-07-03 10:19:52,648 P1588662 INFO decoder.ta_add.0.addnorm_trace.ln.weight | shape: (8,)                      | params: 8
2026-07-03 10:19:52,648 P1588662 INFO decoder.ta_add.0.addnorm_trace.ln.bias   | shape: (8,)                      | params: 8
2026-07-03 10:19:52,648 P1588662 INFO decoder.ta_add.0.addnorm_log.ln.weight   | shape: (32,)                     | params: 32
2026-07-03 10:19:52,648 P1588662 INFO decoder.ta_add.0.addnorm_log.ln.bias     | shape: (32,)                     | params: 32
2026-07-03 10:19:52,648 P1588662 INFO decoder.ta_add.1.addnorm_node.ln.weight  | shape: (8,)                      | params: 8
2026-07-03 10:19:52,648 P1588662 INFO decoder.ta_add.1.addnorm_node.ln.bias    | shape: (8,)                      | params: 8
2026-07-03 10:19:52,648 P1588662 INFO decoder.ta_add.1.addnorm_trace.ln.weight | shape: (8,)                      | params: 8
2026-07-03 10:19:52,648 P1588662 INFO decoder.ta_add.1.addnorm_trace.ln.bias   | shape: (8,)                      | params: 8
2026-07-03 10:19:52,649 P1588662 INFO decoder.ta_add.1.addnorm_log.ln.weight   | shape: (32,)                     | params: 32
2026-07-03 10:19:52,649 P1588662 INFO decoder.ta_add.1.addnorm_log.ln.bias     | shape: (32,)                     | params: 32
2026-07-03 10:19:52,649 P1588662 INFO decoder.cross_attention.0.attention_node.in_proj_weight | shape: (24, 8)                   | params: 192
2026-07-03 10:19:52,649 P1588662 INFO decoder.cross_attention.0.attention_node.in_proj_bias | shape: (24,)                     | params: 24
2026-07-03 10:19:52,649 P1588662 INFO decoder.cross_attention.0.attention_node.out_proj.weight | shape: (8, 8)                    | params: 64
2026-07-03 10:19:52,649 P1588662 INFO decoder.cross_attention.0.attention_node.out_proj.bias | shape: (8,)                      | params: 8
2026-07-03 10:19:52,649 P1588662 INFO decoder.cross_attention.0.attention_trace.in_proj_weight | shape: (24, 8)                   | params: 192
2026-07-03 10:19:52,649 P1588662 INFO decoder.cross_attention.0.attention_trace.in_proj_bias | shape: (24,)                     | params: 24
2026-07-03 10:19:52,649 P1588662 INFO decoder.cross_attention.0.attention_trace.out_proj.weight | shape: (8, 8)                    | params: 64
2026-07-03 10:19:52,649 P1588662 INFO decoder.cross_attention.0.attention_trace.out_proj.bias | shape: (8,)                      | params: 8
2026-07-03 10:19:52,649 P1588662 INFO decoder.cross_attention.0.attention_log.in_proj_weight | shape: (96, 32)                  | params: 3,072
2026-07-03 10:19:52,649 P1588662 INFO decoder.cross_attention.0.attention_log.in_proj_bias | shape: (96,)                     | params: 96
2026-07-03 10:19:52,649 P1588662 INFO decoder.cross_attention.0.attention_log.out_proj.weight | shape: (32, 32)                  | params: 1,024
2026-07-03 10:19:52,649 P1588662 INFO decoder.cross_attention.0.attention_log.out_proj.bias | shape: (32,)                     | params: 32
2026-07-03 10:19:52,649 P1588662 INFO decoder.cross_attention.1.attention_node.in_proj_weight | shape: (24, 8)                   | params: 192
2026-07-03 10:19:52,649 P1588662 INFO decoder.cross_attention.1.attention_node.in_proj_bias | shape: (24,)                     | params: 24
2026-07-03 10:19:52,649 P1588662 INFO decoder.cross_attention.1.attention_node.out_proj.weight | shape: (8, 8)                    | params: 64
2026-07-03 10:19:52,650 P1588662 INFO decoder.cross_attention.1.attention_node.out_proj.bias | shape: (8,)                      | params: 8
2026-07-03 10:19:52,650 P1588662 INFO decoder.cross_attention.1.attention_trace.in_proj_weight | shape: (24, 8)                   | params: 192
2026-07-03 10:19:52,650 P1588662 INFO decoder.cross_attention.1.attention_trace.in_proj_bias | shape: (24,)                     | params: 24
2026-07-03 10:19:52,650 P1588662 INFO decoder.cross_attention.1.attention_trace.out_proj.weight | shape: (8, 8)                    | params: 64
2026-07-03 10:19:52,650 P1588662 INFO decoder.cross_attention.1.attention_trace.out_proj.bias | shape: (8,)                      | params: 8
2026-07-03 10:19:52,650 P1588662 INFO decoder.cross_attention.1.attention_log.in_proj_weight | shape: (96, 32)                  | params: 3,072
2026-07-03 10:19:52,650 P1588662 INFO decoder.cross_attention.1.attention_log.in_proj_bias | shape: (96,)                     | params: 96
2026-07-03 10:19:52,650 P1588662 INFO decoder.cross_attention.1.attention_log.out_proj.weight | shape: (32, 32)                  | params: 1,024
2026-07-03 10:19:52,650 P1588662 INFO decoder.cross_attention.1.attention_log.out_proj.bias | shape: (32,)                     | params: 32
2026-07-03 10:19:52,650 P1588662 INFO decoder.ca_add.0.addnorm_node.ln.weight  | shape: (8,)                      | params: 8
2026-07-03 10:19:52,650 P1588662 INFO decoder.ca_add.0.addnorm_node.ln.bias    | shape: (8,)                      | params: 8
2026-07-03 10:19:52,650 P1588662 INFO decoder.ca_add.0.addnorm_trace.ln.weight | shape: (8,)                      | params: 8
2026-07-03 10:19:52,650 P1588662 INFO decoder.ca_add.0.addnorm_trace.ln.bias   | shape: (8,)                      | params: 8
2026-07-03 10:19:52,650 P1588662 INFO decoder.ca_add.0.addnorm_log.ln.weight   | shape: (32,)                     | params: 32
2026-07-03 10:19:52,650 P1588662 INFO decoder.ca_add.0.addnorm_log.ln.bias     | shape: (32,)                     | params: 32
2026-07-03 10:19:52,650 P1588662 INFO decoder.ca_add.1.addnorm_node.ln.weight  | shape: (8,)                      | params: 8
2026-07-03 10:19:52,650 P1588662 INFO decoder.ca_add.1.addnorm_node.ln.bias    | shape: (8,)                      | params: 8
2026-07-03 10:19:52,650 P1588662 INFO decoder.ca_add.1.addnorm_trace.ln.weight | shape: (8,)                      | params: 8
2026-07-03 10:19:52,651 P1588662 INFO decoder.ca_add.1.addnorm_trace.ln.bias   | shape: (8,)                      | params: 8
2026-07-03 10:19:52,651 P1588662 INFO decoder.ca_add.1.addnorm_log.ln.weight   | shape: (32,)                     | params: 32
2026-07-03 10:19:52,651 P1588662 INFO decoder.ca_add.1.addnorm_log.ln.bias     | shape: (32,)                     | params: 32
2026-07-03 10:19:52,651 P1588662 INFO decoder.ffn.0.ff_node.ff.0.weight        | shape: (32, 8)                   | params: 256
2026-07-03 10:19:52,651 P1588662 INFO decoder.ffn.0.ff_node.ff.0.bias          | shape: (32,)                     | params: 32
2026-07-03 10:19:52,651 P1588662 INFO decoder.ffn.0.ff_node.ff.3.weight        | shape: (8, 32)                   | params: 256
2026-07-03 10:19:52,651 P1588662 INFO decoder.ffn.0.ff_node.ff.3.bias          | shape: (8,)                      | params: 8
2026-07-03 10:19:52,651 P1588662 INFO decoder.ffn.0.addnorm_node.ln.weight     | shape: (8,)                      | params: 8
2026-07-03 10:19:52,651 P1588662 INFO decoder.ffn.0.addnorm_node.ln.bias       | shape: (8,)                      | params: 8
2026-07-03 10:19:52,651 P1588662 INFO decoder.ffn.0.ff_trace.ff.0.weight       | shape: (32, 8)                   | params: 256
2026-07-03 10:19:52,651 P1588662 INFO decoder.ffn.0.ff_trace.ff.0.bias         | shape: (32,)                     | params: 32
2026-07-03 10:19:52,651 P1588662 INFO decoder.ffn.0.ff_trace.ff.3.weight       | shape: (8, 32)                   | params: 256
2026-07-03 10:19:52,651 P1588662 INFO decoder.ffn.0.ff_trace.ff.3.bias         | shape: (8,)                      | params: 8
2026-07-03 10:19:52,651 P1588662 INFO decoder.ffn.0.addnorm_trace.ln.weight    | shape: (8,)                      | params: 8
2026-07-03 10:19:52,651 P1588662 INFO decoder.ffn.0.addnorm_trace.ln.bias      | shape: (8,)                      | params: 8
2026-07-03 10:19:52,651 P1588662 INFO decoder.ffn.0.ff_log.ff.0.weight         | shape: (128, 32)                 | params: 4,096
2026-07-03 10:19:52,651 P1588662 INFO decoder.ffn.0.ff_log.ff.0.bias           | shape: (128,)                    | params: 128
2026-07-03 10:19:52,651 P1588662 INFO decoder.ffn.0.ff_log.ff.3.weight         | shape: (32, 128)                 | params: 4,096
2026-07-03 10:19:52,651 P1588662 INFO decoder.ffn.0.ff_log.ff.3.bias           | shape: (32,)                     | params: 32
2026-07-03 10:19:52,651 P1588662 INFO decoder.ffn.0.addnorm_log.ln.weight      | shape: (32,)                     | params: 32
2026-07-03 10:19:52,651 P1588662 INFO decoder.ffn.0.addnorm_log.ln.bias        | shape: (32,)                     | params: 32
2026-07-03 10:19:52,651 P1588662 INFO decoder.ffn.1.ff_node.ff.0.weight        | shape: (32, 8)                   | params: 256
2026-07-03 10:19:52,651 P1588662 INFO decoder.ffn.1.ff_node.ff.0.bias          | shape: (32,)                     | params: 32
2026-07-03 10:19:52,651 P1588662 INFO decoder.ffn.1.ff_node.ff.3.weight        | shape: (8, 32)                   | params: 256
2026-07-03 10:19:52,651 P1588662 INFO decoder.ffn.1.ff_node.ff.3.bias          | shape: (8,)                      | params: 8
2026-07-03 10:19:52,651 P1588662 INFO decoder.ffn.1.addnorm_node.ln.weight     | shape: (8,)                      | params: 8
2026-07-03 10:19:52,652 P1588662 INFO decoder.ffn.1.addnorm_node.ln.bias       | shape: (8,)                      | params: 8
2026-07-03 10:19:52,652 P1588662 INFO decoder.ffn.1.ff_trace.ff.0.weight       | shape: (32, 8)                   | params: 256
2026-07-03 10:19:52,652 P1588662 INFO decoder.ffn.1.ff_trace.ff.0.bias         | shape: (32,)                     | params: 32
2026-07-03 10:19:52,652 P1588662 INFO decoder.ffn.1.ff_trace.ff.3.weight       | shape: (8, 32)                   | params: 256
2026-07-03 10:19:52,652 P1588662 INFO decoder.ffn.1.ff_trace.ff.3.bias         | shape: (8,)                      | params: 8
2026-07-03 10:19:52,652 P1588662 INFO decoder.ffn.1.addnorm_trace.ln.weight    | shape: (8,)                      | params: 8
2026-07-03 10:19:52,652 P1588662 INFO decoder.ffn.1.addnorm_trace.ln.bias      | shape: (8,)                      | params: 8
2026-07-03 10:19:52,652 P1588662 INFO decoder.ffn.1.ff_log.ff.0.weight         | shape: (128, 32)                 | params: 4,096
2026-07-03 10:19:52,652 P1588662 INFO decoder.ffn.1.ff_log.ff.0.bias           | shape: (128,)                    | params: 128
2026-07-03 10:19:52,652 P1588662 INFO decoder.ffn.1.ff_log.ff.3.weight         | shape: (32, 128)                 | params: 4,096
2026-07-03 10:19:52,652 P1588662 INFO decoder.ffn.1.ff_log.ff.3.bias           | shape: (32,)                     | params: 32
2026-07-03 10:19:52,652 P1588662 INFO decoder.ffn.1.addnorm_log.ln.weight      | shape: (32,)                     | params: 32
2026-07-03 10:19:52,652 P1588662 INFO decoder.ffn.1.addnorm_log.ln.bias        | shape: (32,)                     | params: 32
2026-07-03 10:19:52,652 P1588662 INFO Subtotal: 91,928
2026-07-03 10:19:52,652 P1588662 INFO --------------------------------------------------------------------------------
2026-07-03 10:19:52,652 P1588662 INFO Common Parameters:
2026-07-03 10:19:52,652 P1588662 INFO node_emb.linear.weight                   | shape: (8, 7)                    | params: 56
2026-07-03 10:19:52,652 P1588662 INFO node_emb.linear.bias                     | shape: (8,)                      | params: 8
2026-07-03 10:19:52,652 P1588662 INFO log_emb.linear.weight                    | shape: (32, 60)                  | params: 1,920
2026-07-03 10:19:52,652 P1588662 INFO log_emb.linear.bias                      | shape: (32,)                     | params: 32
2026-07-03 10:19:52,652 P1588662 INFO egde_emb.linear.weight                   | shape: (8, 2)                    | params: 16
2026-07-03 10:19:52,652 P1588662 INFO egde_emb.linear.bias                     | shape: (8,)                      | params: 8
2026-07-03 10:19:52,652 P1588662 INFO dense_node.weight                        | shape: (7, 8)                    | params: 56
2026-07-03 10:19:52,652 P1588662 INFO dense_node.bias                          | shape: (7,)                      | params: 7
2026-07-03 10:19:52,652 P1588662 INFO dense_log.weight                         | shape: (60, 32)                  | params: 1,920
2026-07-03 10:19:52,652 P1588662 INFO dense_log.bias                           | shape: (60,)                     | params: 60
2026-07-03 10:19:52,652 P1588662 INFO dense_edge.weight                        | shape: (2, 8)                    | params: 16
2026-07-03 10:19:52,653 P1588662 INFO dense_edge.bias                          | shape: (2,)                      | params: 2
2026-07-03 10:19:52,653 P1588662 INFO show.0.weight                            | shape: (128, 69)                 | params: 8,832
2026-07-03 10:19:52,653 P1588662 INFO show.0.bias                              | shape: (128,)                    | params: 128
2026-07-03 10:19:52,653 P1588662 INFO show.2.weight                            | shape: (2, 128)                  | params: 256
2026-07-03 10:19:52,653 P1588662 INFO show.2.bias                              | shape: (2,)                      | params: 2
2026-07-03 10:19:52,653 P1588662 INFO Subtotal: 13,319
2026-07-03 10:19:52,653 P1588662 INFO --------------------------------------------------------------------------------
2026-07-03 10:19:52,653 P1588662 INFO Total Trainable Parameters: 105,247

2026-07-03 10:19:52,653 P1588662 INFO Trainable Parameters: 105247, reconstruction: 91928, common: 13319
2026-07-03 10:19:52,653 P1588662 INFO model : init weight
2026-07-03 10:19:52,656 P1588662 INFO Using GPU...
2026-07-03 10:19:52,672 P1588662 INFO optimizer : using AdaBelief
2026-07-03 10:19:52,672 P1588662 INFO ----------------------------------------------------------------------------------------------------
2026-07-03 10:19:52,672 P1588662 INFO 0/50 starting... lr: 0.001 para:1.0
2026-07-03 10:21:16,287 P1588662 INFO Epoch 0/50, all_loss:0.10357 cls_loss:28.05808 rec_loss:0.10357 [83.59s]; best loss:0.10357, patience : 0
2026-07-03 10:21:16,287 P1588662 INFO ----------------------------------------------------------------------------------------------------
2026-07-03 10:21:16,287 P1588662 INFO 1/50 starting... lr: 0.001 para:0.5
2026-07-03 10:22:38,917 P1588662 INFO Epoch 1/50, all_loss:2.20889 cls_loss:4.16743 rec_loss:0.25036 [82.60s]; best loss:2.20889, patience : 0
2026-07-03 10:22:38,917 P1588662 INFO ----------------------------------------------------------------------------------------------------
2026-07-03 10:22:38,917 P1588662 INFO 2/50 starting... lr: 0.001 para:0.3333333432674408
2026-07-03 10:24:01,399 P1588662 INFO Epoch 2/50, all_loss:1.55281 cls_loss:2.22582 rec_loss:0.20678 [82.46s]; best loss:1.55281, patience : 0
2026-07-03 10:24:24,190 P1588662 INFO pr:0.9254  rc:0.4690  auc:0.9879 ap:0.9047 f1: 0.6225 pred_right: 1078719 pred_wrong:17481 actu_right: 1061709 actu_wrong: 34491
2026-07-03 10:24:34,544 P1588662 INFO pr:0.9255  rc:0.4662  auc:0.9876 ap:0.9045 f1: 0.6201 pred_right: 462340 pred_wrong:7460 actu_right: 454992 actu_wrong: 14808
2026-07-03 10:24:34,566 P1588662 INFO ----------------------------------------------------------------------------------------------------
2026-07-03 10:24:34,567 P1588662 INFO 3/50 starting... lr: 0.001 para:0.25
2026-07-03 10:25:59,707 P1588662 INFO Epoch 3/50, all_loss:1.57708 cls_loss:2.04181 rec_loss:0.18290 [85.14s]; best loss:1.55281, patience : 1
2026-07-03 10:26:24,393 P1588662 INFO pr:0.7601  rc:0.6783  auc:0.9904 ap:0.9160 f1: 0.7169 pred_right: 1065423 pred_wrong:30777 actu_right: 1061712 actu_wrong: 34488
2026-07-03 10:26:34,128 P1588662 INFO pr:0.7649  rc:0.6763  auc:0.9897 ap:0.9165 f1: 0.7179 pred_right: 456706 pred_wrong:13094 actu_right: 454992 actu_wrong: 14808
2026-07-03 10:26:34,153 P1588662 INFO ----------------------------------------------------------------------------------------------------
2026-07-03 10:26:34,153 P1588662 INFO 4/50 starting... lr: 0.001 para:0.20000000298023224
2026-07-03 10:27:56,921 P1588662 INFO Epoch 4/50, all_loss:1.54218 cls_loss:1.88504 rec_loss:0.17073 [82.74s]; best loss:1.54218, patience : 0
2026-07-03 10:28:20,629 P1588662 INFO pr:0.8352  rc:0.6146  auc:0.9911 ap:0.9215 f1: 0.7081 pred_right: 1070821 pred_wrong:25379 actu_right: 1061710 actu_wrong: 34490
2026-07-03 10:28:30,816 P1588662 INFO pr:0.8381  rc:0.6080  auc:0.9906 ap:0.9213 f1: 0.7047 pred_right: 459058 pred_wrong:10742 actu_right: 454992 actu_wrong: 14808
2026-07-03 10:28:30,818 P1588662 INFO ----------------------------------------------------------------------------------------------------
2026-07-03 10:28:30,818 P1588662 INFO 5/50 starting... lr: 0.001 para:0.1666666716337204
2026-07-03 10:29:57,804 P1588662 INFO Epoch 5/50, all_loss:1.51862 cls_loss:1.78870 rec_loss:0.16823 [86.95s]; best loss:1.51862, patience : 0
2026-07-03 10:30:21,009 P1588662 INFO pr:0.8518  rc:0.6640  auc:0.9938 ap:0.9399 f1: 0.7462 pred_right: 1069312 pred_wrong:26888 actu_right: 1061709 actu_wrong: 34491
2026-07-03 10:30:30,846 P1588662 INFO pr:0.8562  rc:0.6544  auc:0.9937 ap:0.9396 f1: 0.7418 pred_right: 458482 pred_wrong:11318 actu_right: 454992 actu_wrong: 14808
2026-07-03 10:30:30,872 P1588662 INFO ----------------------------------------------------------------------------------------------------
2026-07-03 10:30:30,873 P1588662 INFO 6/50 starting... lr: 0.001 para:0.1428571492433548
2026-07-03 10:31:54,586 P1588662 INFO Epoch 6/50, all_loss:1.42909 cls_loss:1.63860 rec_loss:0.17200 [83.69s]; best loss:1.42909, patience : 0
2026-07-03 10:32:18,327 P1588662 INFO pr:0.7831  rc:0.7741  auc:0.9936 ap:0.9339 f1: 0.7786 pred_right: 1062110 pred_wrong:34090 actu_right: 1061713 actu_wrong: 34487
2026-07-03 10:32:31,886 P1588662 INFO pr:0.7845  rc:0.7705  auc:0.9936 ap:0.9301 f1: 0.7774 pred_right: 455257 pred_wrong:14543 actu_right: 454992 actu_wrong: 14808
2026-07-03 10:32:31,940 P1588662 INFO ----------------------------------------------------------------------------------------------------
2026-07-03 10:32:31,941 P1588662 INFO 7/50 starting... lr: 0.001 para:0.125
2026-07-03 10:33:56,899 P1588662 INFO Epoch 7/50, all_loss:1.39881 cls_loss:1.57387 rec_loss:0.17338 [84.93s]; best loss:1.39881, patience : 0
2026-07-03 10:34:19,907 P1588662 INFO pr:0.7956  rc:0.8373  auc:0.9956 ap:0.9477 f1: 0.8159 pred_right: 1059902 pred_wrong:36298 actu_right: 1061710 actu_wrong: 34490
2026-07-03 10:34:29,718 P1588662 INFO pr:0.7974  rc:0.8375  auc:0.9953 ap:0.9464 f1: 0.8169 pred_right: 454248 pred_wrong:15552 actu_right: 454992 actu_wrong: 14808
2026-07-03 10:34:29,745 P1588662 INFO ----------------------------------------------------------------------------------------------------
2026-07-03 10:34:29,745 P1588662 INFO 8/50 starting... lr: 0.001 para:0.1111111119389534
2026-07-03 10:35:53,682 P1588662 INFO Epoch 8/50, all_loss:1.29179 cls_loss:1.43099 rec_loss:0.17812 [83.91s]; best loss:1.29179, patience : 0
2026-07-03 10:36:17,195 P1588662 INFO pr:0.8206  rc:0.8809  auc:0.9965 ap:0.9610 f1: 0.8497 pred_right: 1059178 pred_wrong:37022 actu_right: 1061712 actu_wrong: 34488
2026-07-03 10:36:30,635 P1588662 INFO pr:0.8242  rc:0.8794  auc:0.9963 ap:0.9605 f1: 0.8509 pred_right: 454001 pred_wrong:15799 actu_right: 454992 actu_wrong: 14808
2026-07-03 10:36:30,668 P1588662 INFO ----------------------------------------------------------------------------------------------------
2026-07-03 10:36:30,668 P1588662 INFO 9/50 starting... lr: 0.001 para:0.10000000149011612
2026-07-03 10:37:55,327 P1588662 INFO Epoch 9/50, all_loss:1.25667 cls_loss:1.37523 rec_loss:0.18963 [84.63s]; best loss:1.25667, patience : 0
2026-07-03 10:38:18,422 P1588662 INFO pr:0.8410  rc:0.8632  auc:0.9955 ap:0.9620 f1: 0.8520 pred_right: 1060803 pred_wrong:35397 actu_right: 1061713 actu_wrong: 34487
2026-07-03 10:38:28,348 P1588662 INFO pr:0.8469  rc:0.8640  auc:0.9952 ap:0.9625 f1: 0.8554 pred_right: 454694 pred_wrong:15106 actu_right: 454992 actu_wrong: 14808
2026-07-03 10:38:28,376 P1588662 INFO ----------------------------------------------------------------------------------------------------
2026-07-03 10:38:28,377 P1588662 INFO 10/50 starting... lr: 0.001 para:0.09090909361839294
2026-07-03 10:39:52,829 P1588662 INFO Epoch 10/50, all_loss:1.17083 cls_loss:1.26870 rec_loss:0.19206 [84.42s]; best loss:1.17083, patience : 0
2026-07-03 10:40:16,666 P1588662 INFO pr:0.8366  rc:0.8914  auc:0.9972 ap:0.9662 f1: 0.8631 pred_right: 1059451 pred_wrong:36749 actu_right: 1061711 actu_wrong: 34489
2026-07-03 10:40:30,893 P1588662 INFO pr:0.8366  rc:0.8934  auc:0.9970 ap:0.9663 f1: 0.8641 pred_right: 453988 pred_wrong:15812 actu_right: 454992 actu_wrong: 14808
2026-07-03 10:40:30,919 P1588662 INFO ----------------------------------------------------------------------------------------------------
2026-07-03 10:40:30,920 P1588662 INFO 11/50 starting... lr: 0.001 para:0.0833333358168602
2026-07-03 10:41:55,609 P1588662 INFO Epoch 11/50, all_loss:1.10070 cls_loss:1.18297 rec_loss:0.19575 [84.66s]; best loss:1.10070, patience : 0
2026-07-03 10:42:18,727 P1588662 INFO pr:0.8623  rc:0.8676  auc:0.9972 ap:0.9673 f1: 0.8650 pred_right: 1061504 pred_wrong:34696 actu_right: 1061713 actu_wrong: 34487
2026-07-03 10:42:28,580 P1588662 INFO pr:0.8621  rc:0.8684  auc:0.9970 ap:0.9670 f1: 0.8652 pred_right: 454884 pred_wrong:14916 actu_right: 454992 actu_wrong: 14808
2026-07-03 10:42:28,611 P1588662 INFO ----------------------------------------------------------------------------------------------------
2026-07-03 10:42:28,611 P1588662 INFO 12/50 starting... lr: 0.001 para:0.07692307978868484
2026-07-03 10:43:53,457 P1588662 INFO Epoch 12/50, all_loss:1.07877 cls_loss:1.15182 rec_loss:0.20220 [84.82s]; best loss:1.07877, patience : 0
2026-07-03 10:44:20,056 P1588662 INFO pr:0.8583  rc:0.8601  auc:0.9971 ap:0.9691 f1: 0.8592 pred_right: 1061637 pred_wrong:34563 actu_right: 1061709 actu_wrong: 34491
2026-07-03 10:44:31,708 P1588662 INFO pr:0.8597  rc:0.8587  auc:0.9967 ap:0.9688 f1: 0.8592 pred_right: 455008 pred_wrong:14792 actu_right: 454992 actu_wrong: 14808
2026-07-03 10:44:31,708 P1588662 INFO ----------------------------------------------------------------------------------------------------
2026-07-03 10:44:31,709 P1588662 INFO 13/50 starting... lr: 0.001 para:0.0714285746216774
2026-07-03 10:45:56,444 P1588662 INFO Epoch 13/50, all_loss:1.04740 cls_loss:1.11206 rec_loss:0.20680 [84.71s]; best loss:1.04740, patience : 0
2026-07-03 10:46:19,462 P1588662 INFO pr:0.8700  rc:0.9079  auc:0.9972 ap:0.9730 f1: 0.8886 pred_right: 1060212 pred_wrong:35988 actu_right: 1061714 actu_wrong: 34486
2026-07-03 10:46:29,243 P1588662 INFO pr:0.8698  rc:0.9040  auc:0.9969 ap:0.9728 f1: 0.8866 pred_right: 454409 pred_wrong:15391 actu_right: 454992 actu_wrong: 14808
2026-07-03 10:46:29,268 P1588662 INFO ----------------------------------------------------------------------------------------------------
2026-07-03 10:46:29,268 P1588662 INFO 14/50 starting... lr: 0.001 para:0.06666667014360428
2026-07-03 10:47:54,301 P1588662 INFO Epoch 14/50, all_loss:0.96887 cls_loss:1.02290 rec_loss:0.21238 [84.98s]; best loss:0.96887, patience : 0
2026-07-03 10:48:23,359 P1588662 INFO pr:0.8379  rc:0.9581  auc:0.9974 ap:0.9739 f1: 0.8940 pred_right: 1056759 pred_wrong:39441 actu_right: 1061708 actu_wrong: 34492
2026-07-03 10:48:33,203 P1588662 INFO pr:0.8384  rc:0.9580  auc:0.9974 ap:0.9727 f1: 0.8942 pred_right: 452880 pred_wrong:16920 actu_right: 454992 actu_wrong: 14808
2026-07-03 10:48:33,228 P1588662 INFO ----------------------------------------------------------------------------------------------------
2026-07-03 10:48:33,228 P1588662 INFO 15/50 starting... lr: 0.001 para:0.0625
2026-07-03 10:49:57,527 P1588662 INFO Epoch 15/50, all_loss:0.99697 cls_loss:1.04901 rec_loss:0.21634 [84.30s]; best loss:0.96887, patience : 1
2026-07-03 10:50:20,692 P1588662 INFO pr:0.8610  rc:0.9255  auc:0.9972 ap:0.9743 f1: 0.8921 pred_right: 1059130 pred_wrong:37070 actu_right: 1061713 actu_wrong: 34487
2026-07-03 10:50:30,527 P1588662 INFO pr:0.8592  rc:0.9225  auc:0.9965 ap:0.9732 f1: 0.8898 pred_right: 453901 pred_wrong:15899 actu_right: 454992 actu_wrong: 14808
2026-07-03 10:50:30,528 P1588662 INFO ----------------------------------------------------------------------------------------------------
2026-07-03 10:50:30,528 P1588662 INFO 16/50 starting... lr: 0.001 para:0.05882352963089943
2026-07-03 10:51:55,393 P1588662 INFO Epoch 16/50, all_loss:0.91705 cls_loss:0.96040 rec_loss:0.22354 [84.84s]; best loss:0.91705, patience : 0
2026-07-03 10:52:22,892 P1588662 INFO pr:0.8793  rc:0.9013  auc:0.9981 ap:0.9780 f1: 0.8902 pred_right: 1060854 pred_wrong:35346 actu_right: 1061716 actu_wrong: 34484
2026-07-03 10:52:32,709 P1588662 INFO pr:0.8796  rc:0.9025  auc:0.9978 ap:0.9772 f1: 0.8909 pred_right: 454606 pred_wrong:15194 actu_right: 454992 actu_wrong: 14808
2026-07-03 10:52:32,710 P1588662 INFO ----------------------------------------------------------------------------------------------------
2026-07-03 10:52:32,710 P1588662 INFO 17/50 starting... lr: 0.001 para:0.0555555559694767
2026-07-03 10:53:57,115 P1588662 INFO Epoch 17/50, all_loss:0.90577 cls_loss:0.94517 rec_loss:0.23604 [84.38s]; best loss:0.90577, patience : 0
2026-07-03 10:54:20,187 P1588662 INFO pr:0.8533  rc:0.9634  auc:0.9976 ap:0.9790 f1: 0.9050 pred_right: 1057261 pred_wrong:38939 actu_right: 1061712 actu_wrong: 34488
2026-07-03 10:54:31,112 P1588662 INFO pr:0.8540  rc:0.9626  auc:0.9970 ap:0.9783 f1: 0.9051 pred_right: 453110 pred_wrong:16690 actu_right: 454992 actu_wrong: 14808
2026-07-03 10:54:31,134 P1588662 INFO ----------------------------------------------------------------------------------------------------
2026-07-03 10:54:31,134 P1588662 INFO 18/50 starting... lr: 0.001 para:0.05263157933950424
2026-07-03 10:55:55,441 P1588662 INFO Epoch 18/50, all_loss:0.94647 cls_loss:0.98563 rec_loss:0.24169 [84.31s]; best loss:0.90577, patience : 1
2026-07-03 10:56:23,210 P1588662 INFO pr:0.8637  rc:0.9454  auc:0.9985 ap:0.9780 f1: 0.9027 pred_right: 1058449 pred_wrong:37751 actu_right: 1061711 actu_wrong: 34489
2026-07-03 10:56:33,026 P1588662 INFO pr:0.8619  rc:0.9439  auc:0.9983 ap:0.9766 f1: 0.9010 pred_right: 453584 pred_wrong:16216 actu_right: 454992 actu_wrong: 14808
2026-07-03 10:56:33,027 P1588662 INFO ----------------------------------------------------------------------------------------------------
2026-07-03 10:56:33,027 P1588662 INFO 19/50 starting... lr: 0.001 para:0.05000000074505806
2026-07-03 10:57:57,066 P1588662 INFO Epoch 19/50, all_loss:0.84873 cls_loss:0.88037 rec_loss:0.24766 [84.01s]; best loss:0.84873, patience : 0
2026-07-03 10:58:20,093 P1588662 INFO pr:0.8744  rc:0.9424  auc:0.9981 ap:0.9806 f1: 0.9071 pred_right: 1059031 pred_wrong:37169 actu_right: 1061710 actu_wrong: 34490
2026-07-03 10:58:30,593 P1588662 INFO pr:0.8765  rc:0.9421  auc:0.9980 ap:0.9801 f1: 0.9081 pred_right: 453883 pred_wrong:15917 actu_right: 454992 actu_wrong: 14808
2026-07-03 10:58:30,615 P1588662 INFO ----------------------------------------------------------------------------------------------------
2026-07-03 10:58:30,615 P1588662 INFO 20/50 starting... lr: 0.001 para:0.0476190485060215
2026-07-03 10:59:55,247 P1588662 INFO Epoch 20/50, all_loss:0.82830 cls_loss:0.85734 rec_loss:0.24741 [84.59s]; best loss:0.82830, patience : 0
2026-07-03 11:00:22,041 P1588662 INFO pr:0.8853  rc:0.9437  auc:0.9979 ap:0.9826 f1: 0.9135 pred_right: 1059440 pred_wrong:36760 actu_right: 1061714 actu_wrong: 34486
2026-07-03 11:00:31,810 P1588662 INFO pr:0.8872  rc:0.9433  auc:0.9974 ap:0.9815 f1: 0.9144 pred_right: 454055 pred_wrong:15745 actu_right: 454992 actu_wrong: 14808
2026-07-03 11:00:31,837 P1588662 INFO ----------------------------------------------------------------------------------------------------
2026-07-03 11:00:31,837 P1588662 INFO 21/50 starting... lr: 0.001 para:0.04545454680919647
2026-07-03 11:01:55,882 P1588662 INFO Epoch 21/50, all_loss:0.81110 cls_loss:0.83784 rec_loss:0.24939 [84.02s]; best loss:0.81110, patience : 0
2026-07-03 11:02:18,973 P1588662 INFO pr:0.8654  rc:0.9652  auc:0.9978 ap:0.9814 f1: 0.9126 pred_right: 1057733 pred_wrong:38467 actu_right: 1061710 actu_wrong: 34490
2026-07-03 11:02:29,370 P1588662 INFO pr:0.8651  rc:0.9621  auc:0.9972 ap:0.9803 f1: 0.9111 pred_right: 453332 pred_wrong:16468 actu_right: 454992 actu_wrong: 14808
2026-07-03 11:02:29,370 P1588662 INFO ----------------------------------------------------------------------------------------------------
2026-07-03 11:02:29,371 P1588662 INFO 22/50 starting... lr: 0.001 para:0.043478261679410934
2026-07-03 11:03:55,022 P1588662 INFO Epoch 22/50, all_loss:0.81365 cls_loss:0.83901 rec_loss:0.25563 [85.65s]; best loss:0.81110, patience : 1
2026-07-03 11:04:21,233 P1588662 INFO pr:0.8948  rc:0.8990  auc:0.9975 ap:0.9803 f1: 0.8969 pred_right: 1061543 pred_wrong:34657 actu_right: 1061706 actu_wrong: 34494
2026-07-03 11:04:31,069 P1588662 INFO pr:0.8948  rc:0.8936  auc:0.9973 ap:0.9796 f1: 0.8942 pred_right: 455011 pred_wrong:14789 actu_right: 454992 actu_wrong: 14808
2026-07-03 11:04:31,070 P1588662 INFO ----------------------------------------------------------------------------------------------------
2026-07-03 11:04:31,070 P1588662 INFO 23/50 starting... lr: 0.001 para:0.0416666679084301
2026-07-03 11:05:54,962 P1588662 INFO Epoch 23/50, all_loss:0.84334 cls_loss:0.86871 rec_loss:0.25973 [83.89s]; best loss:0.81110, patience : 2
2026-07-03 11:06:18,959 P1588662 INFO pr:0.8978  rc:0.9157  auc:0.9978 ap:0.9826 f1: 0.9067 pred_right: 1061027 pred_wrong:35173 actu_right: 1061714 actu_wrong: 34486
2026-07-03 11:06:28,345 P1588662 INFO pr:0.8990  rc:0.9117  auc:0.9974 ap:0.9822 f1: 0.9053 pred_right: 454784 pred_wrong:15016 actu_right: 454992 actu_wrong: 14808
2026-07-03 11:06:28,346 P1588662 INFO ----------------------------------------------------------------------------------------------------
2026-07-03 11:06:28,346 P1588662 INFO 24/50 starting... lr: 0.001 para:0.03999999910593033
2026-07-03 11:07:56,976 P1588662 INFO Epoch 24/50, all_loss:0.77705 cls_loss:0.79861 rec_loss:0.25951 [88.60s]; best loss:0.77705, patience : 0
2026-07-03 11:08:20,241 P1588662 INFO pr:0.8763  rc:0.9673  auc:0.9986 ap:0.9833 f1: 0.9195 pred_right: 1058129 pred_wrong:38071 actu_right: 1061712 actu_wrong: 34488
2026-07-03 11:08:30,019 P1588662 INFO pr:0.8787  rc:0.9684  auc:0.9986 ap:0.9820 f1: 0.9214 pred_right: 453480 pred_wrong:16320 actu_right: 454992 actu_wrong: 14808
2026-07-03 11:08:30,046 P1588662 INFO ----------------------------------------------------------------------------------------------------
2026-07-03 11:08:30,046 P1588662 INFO 25/50 starting... lr: 0.001 para:0.03846153989434242
2026-07-03 11:09:54,419 P1588662 INFO Epoch 25/50, all_loss:0.74106 cls_loss:0.76007 rec_loss:0.26578 [84.34s]; best loss:0.74106, patience : 0
2026-07-03 11:10:18,146 P1588662 INFO pr:0.8804  rc:0.9569  auc:0.9987 ap:0.9835 f1: 0.9171 pred_right: 1058714 pred_wrong:37486 actu_right: 1061711 actu_wrong: 34489
2026-07-03 11:10:30,877 P1588662 INFO pr:0.8816  rc:0.9543  auc:0.9983 ap:0.9824 f1: 0.9165 pred_right: 453772 pred_wrong:16028 actu_right: 454992 actu_wrong: 14808
2026-07-03 11:10:30,879 P1588662 INFO ----------------------------------------------------------------------------------------------------
2026-07-03 11:10:30,880 P1588662 INFO 26/50 starting... lr: 0.001 para:0.03703703731298447
2026-07-03 11:11:57,349 P1588662 INFO Epoch 26/50, all_loss:0.76252 cls_loss:0.78141 rec_loss:0.27145 [86.47s]; best loss:0.74106, patience : 1
2026-07-03 11:12:20,536 P1588662 INFO pr:0.8838  rc:0.9582  auc:0.9987 ap:0.9852 f1: 0.9195 pred_right: 1058806 pred_wrong:37394 actu_right: 1061710 actu_wrong: 34490
2026-07-03 11:12:30,336 P1588662 INFO pr:0.8849  rc:0.9559  auc:0.9985 ap:0.9848 f1: 0.9190 pred_right: 453804 pred_wrong:15996 actu_right: 454992 actu_wrong: 14808
2026-07-03 11:12:30,363 P1588662 INFO ----------------------------------------------------------------------------------------------------
2026-07-03 11:12:30,363 P1588662 INFO 27/50 starting... lr: 0.001 para:0.0357142873108387
2026-07-03 11:13:53,787 P1588662 INFO Epoch 27/50, all_loss:0.76999 cls_loss:0.78833 rec_loss:0.27499 [83.42s]; best loss:0.74106, patience : 2
2026-07-03 11:14:17,498 P1588662 INFO pr:0.8437  rc:0.9750  auc:0.9978 ap:0.9831 f1: 0.9046 pred_right: 1056338 pred_wrong:39862 actu_right: 1061708 actu_wrong: 34492
2026-07-03 11:14:30,340 P1588662 INFO pr:0.8464  rc:0.9745  auc:0.9971 ap:0.9823 f1: 0.9060 pred_right: 452751 pred_wrong:17049 actu_right: 454992 actu_wrong: 14808
2026-07-03 11:14:30,342 P1588662 INFO ----------------------------------------------------------------------------------------------------
2026-07-03 11:14:30,342 P1588662 INFO 28/50 starting... lr: 0.001 para:0.03448275849223137
2026-07-03 11:15:55,920 P1588662 INFO Epoch 28/50, all_loss:0.74821 cls_loss:0.76495 rec_loss:0.27937 [85.57s]; best loss:0.74106, patience : 2
2026-07-03 11:16:19,106 P1588662 INFO pr:0.8958  rc:0.9651  auc:0.9986 ap:0.9875 f1: 0.9291 pred_right: 1059037 pred_wrong:37163 actu_right: 1061707 actu_wrong: 34493
2026-07-03 11:16:28,917 P1588662 INFO pr:0.8972  rc:0.9652  auc:0.9982 ap:0.9869 f1: 0.9300 pred_right: 453871 pred_wrong:15929 actu_right: 454992 actu_wrong: 14808
2026-07-03 11:16:28,941 P1588662 INFO ----------------------------------------------------------------------------------------------------
2026-07-03 11:16:28,941 P1588662 INFO 29/50 starting... lr: 0.001 para:0.03333333507180214
2026-07-03 11:17:53,346 P1588662 INFO Epoch 29/50, all_loss:0.73109 cls_loss:0.74627 rec_loss:0.29078 [84.38s]; best loss:0.73109, patience : 0
2026-07-03 11:18:17,270 P1588662 INFO pr:0.9248  rc:0.9123  auc:0.9989 ap:0.9885 f1: 0.9185 pred_right: 1062179 pred_wrong:34021 actu_right: 1061713 actu_wrong: 34487
2026-07-03 11:18:29,225 P1588662 INFO pr:0.9287  rc:0.9063  auc:0.9986 ap:0.9878 f1: 0.9174 pred_right: 455350 pred_wrong:14450 actu_right: 454992 actu_wrong: 14808
2026-07-03 11:18:29,226 P1588662 INFO ----------------------------------------------------------------------------------------------------
2026-07-03 11:18:29,227 P1588662 INFO 30/50 starting... lr: 0.001 para:0.032258063554763794
2026-07-03 11:19:55,398 P1588662 INFO Epoch 30/50, all_loss:0.67770 cls_loss:0.69074 rec_loss:0.28641 [86.14s]; best loss:0.67770, patience : 0
2026-07-03 11:20:18,433 P1588662 INFO pr:0.9106  rc:0.9407  auc:0.9992 ap:0.9865 f1: 0.9254 pred_right: 1060570 pred_wrong:35630 actu_right: 1061709 actu_wrong: 34491
2026-07-03 11:20:28,222 P1588662 INFO pr:0.9101  rc:0.9378  auc:0.9991 ap:0.9854 f1: 0.9238 pred_right: 454542 pred_wrong:15258 actu_right: 454992 actu_wrong: 14808
2026-07-03 11:20:28,223 P1588662 INFO ----------------------------------------------------------------------------------------------------
2026-07-03 11:20:28,223 P1588662 INFO 31/50 starting... lr: 0.001 para:0.03125
2026-07-03 11:21:52,405 P1588662 INFO Epoch 31/50, all_loss:0.67935 cls_loss:0.69203 rec_loss:0.28635 [84.18s]; best loss:0.67770, patience : 1
2026-07-03 11:22:16,265 P1588662 INFO pr:0.8919  rc:0.9748  auc:0.9988 ap:0.9895 f1: 0.9315 pred_right: 1058505 pred_wrong:37695 actu_right: 1061710 actu_wrong: 34490
2026-07-03 11:22:29,979 P1588662 INFO pr:0.8896  rc:0.9736  auc:0.9985 ap:0.9886 f1: 0.9297 pred_right: 453594 pred_wrong:16206 actu_right: 454992 actu_wrong: 14808
2026-07-03 11:22:30,043 P1588662 INFO ----------------------------------------------------------------------------------------------------
2026-07-03 11:22:30,043 P1588662 INFO 32/50 starting... lr: 0.001 para:0.03030303120613098
2026-07-03 11:23:55,117 P1588662 INFO Epoch 32/50, all_loss:0.66324 cls_loss:0.67488 rec_loss:0.29078 [85.04s]; best loss:0.66324, patience : 0
2026-07-03 11:24:18,218 P1588662 INFO pr:0.9126  rc:0.9568  auc:0.9988 ap:0.9901 f1: 0.9342 pred_right: 1060040 pred_wrong:36160 actu_right: 1061712 actu_wrong: 34488
2026-07-03 11:24:28,087 P1588662 INFO pr:0.9127  rc:0.9563  auc:0.9984 ap:0.9892 f1: 0.9340 pred_right: 454284 pred_wrong:15516 actu_right: 454992 actu_wrong: 14808
2026-07-03 11:24:28,115 P1588662 INFO ----------------------------------------------------------------------------------------------------
2026-07-03 11:24:28,116 P1588662 INFO 33/50 starting... lr: 0.001 para:0.029411764815449715
2026-07-03 11:25:52,540 P1588662 INFO Epoch 33/50, all_loss:0.73655 cls_loss:0.74988 rec_loss:0.29664 [84.42s]; best loss:0.66324, patience : 1
2026-07-03 11:26:16,198 P1588662 INFO pr:0.9165  rc:0.9556  auc:0.9990 ap:0.9908 f1: 0.9357 pred_right: 1060239 pred_wrong:35961 actu_right: 1061710 actu_wrong: 34490
2026-07-03 11:26:29,524 P1588662 INFO pr:0.9157  rc:0.9535  auc:0.9986 ap:0.9897 f1: 0.9342 pred_right: 454382 pred_wrong:15418 actu_right: 454992 actu_wrong: 14808
2026-07-03 11:26:29,585 P1588662 INFO ----------------------------------------------------------------------------------------------------
2026-07-03 11:26:29,585 P1588662 INFO 34/50 starting... lr: 0.001 para:0.02857142873108387
2026-07-03 11:27:54,878 P1588662 INFO Epoch 34/50, all_loss:0.63369 cls_loss:0.64372 rec_loss:0.29256 [85.26s]; best loss:0.63369, patience : 0
2026-07-03 11:28:18,147 P1588662 INFO pr:0.9129  rc:0.9574  auc:0.9991 ap:0.9917 f1: 0.9347 pred_right: 1060032 pred_wrong:36168 actu_right: 1061713 actu_wrong: 34487
2026-07-03 11:28:28,021 P1588662 INFO pr:0.9113  rc:0.9561  auc:0.9990 ap:0.9910 f1: 0.9332 pred_right: 454264 pred_wrong:15536 actu_right: 454992 actu_wrong: 14808
2026-07-03 11:28:28,022 P1588662 INFO ----------------------------------------------------------------------------------------------------
2026-07-03 11:28:28,022 P1588662 INFO 35/50 starting... lr: 0.001 para:0.02777777798473835
2026-07-03 11:29:53,226 P1588662 INFO Epoch 35/50, all_loss:0.64376 cls_loss:0.65367 rec_loss:0.29691 [85.20s]; best loss:0.63369, patience : 1
2026-07-03 11:30:19,304 P1588662 INFO pr:0.9032  rc:0.9763  auc:0.9990 ap:0.9914 f1: 0.9383 pred_right: 1058924 pred_wrong:37276 actu_right: 1061713 actu_wrong: 34487
2026-07-03 11:30:31,355 P1588662 INFO pr:0.9042  rc:0.9755  auc:0.9988 ap:0.9907 f1: 0.9385 pred_right: 453825 pred_wrong:15975 actu_right: 454992 actu_wrong: 14808
2026-07-03 11:30:31,381 P1588662 INFO ----------------------------------------------------------------------------------------------------
2026-07-03 11:30:31,381 P1588662 INFO 36/50 starting... lr: 0.001 para:0.027027027681469917
2026-07-03 11:31:55,291 P1588662 INFO Epoch 36/50, all_loss:0.62774 cls_loss:0.63706 rec_loss:0.29212 [83.88s]; best loss:0.62774, patience : 0
2026-07-03 11:32:18,241 P1588662 INFO pr:0.9073  rc:0.9687  auc:0.9987 ap:0.9910 f1: 0.9370 pred_right: 1059378 pred_wrong:36822 actu_right: 1061710 actu_wrong: 34490
2026-07-03 11:32:28,042 P1588662 INFO pr:0.9055  rc:0.9681  auc:0.9982 ap:0.9901 f1: 0.9358 pred_right: 453968 pred_wrong:15832 actu_right: 454992 actu_wrong: 14808
2026-07-03 11:32:28,043 P1588662 INFO ----------------------------------------------------------------------------------------------------
2026-07-03 11:32:28,043 P1588662 INFO 37/50 starting... lr: 0.001 para:0.02631578966975212
2026-07-03 11:33:52,072 P1588662 INFO Epoch 37/50, all_loss:0.61969 cls_loss:0.62817 rec_loss:0.30600 [84.00s]; best loss:0.61969, patience : 0
2026-07-03 11:34:20,811 P1588662 INFO pr:0.9042  rc:0.9724  auc:0.9992 ap:0.9922 f1: 0.9371 pred_right: 1059116 pred_wrong:37084 actu_right: 1061717 actu_wrong: 34483
2026-07-03 11:34:30,820 P1588662 INFO pr:0.9019  rc:0.9706  auc:0.9988 ap:0.9914 f1: 0.9349 pred_right: 453864 pred_wrong:15936 actu_right: 454992 actu_wrong: 14808
2026-07-03 11:34:30,821 P1588662 INFO ----------------------------------------------------------------------------------------------------
2026-07-03 11:34:30,821 P1588662 INFO 38/50 starting... lr: 0.001 para:0.025641025975346565
2026-07-03 11:35:55,741 P1588662 INFO Epoch 38/50, all_loss:0.58235 cls_loss:0.58969 rec_loss:0.30353 [84.89s]; best loss:0.58235, patience : 0
2026-07-03 11:36:18,697 P1588662 INFO pr:0.9095  rc:0.9780  auc:0.9992 ap:0.9917 f1: 0.9425 pred_right: 1059119 pred_wrong:37081 actu_right: 1061715 actu_wrong: 34485
2026-07-03 11:36:28,531 P1588662 INFO pr:0.9083  rc:0.9761  auc:0.9992 ap:0.9904 f1: 0.9410 pred_right: 453887 pred_wrong:15913 actu_right: 454992 actu_wrong: 14808
2026-07-03 11:36:28,557 P1588662 INFO ----------------------------------------------------------------------------------------------------
2026-07-03 11:36:28,557 P1588662 INFO 39/50 starting... lr: 0.001 para:0.02500000037252903
2026-07-03 11:37:54,110 P1588662 INFO Epoch 39/50, all_loss:0.62249 cls_loss:0.63073 rec_loss:0.30124 [85.55s]; best loss:0.58235, patience : 1
2026-07-03 11:38:21,447 P1588662 INFO pr:0.9179  rc:0.9650  auc:0.9994 ap:0.9914 f1: 0.9409 pred_right: 1059938 pred_wrong:36262 actu_right: 1061708 actu_wrong: 34492
2026-07-03 11:38:31,259 P1588662 INFO pr:0.9159  rc:0.9636  auc:0.9993 ap:0.9893 f1: 0.9392 pred_right: 454221 pred_wrong:15579 actu_right: 454992 actu_wrong: 14808
2026-07-03 11:38:31,260 P1588662 INFO ----------------------------------------------------------------------------------------------------
2026-07-03 11:38:31,260 P1588662 INFO 40/50 starting... lr: 0.001 para:0.024390242993831635
2026-07-03 11:39:55,450 P1588662 INFO Epoch 40/50, all_loss:0.57594 cls_loss:0.58268 rec_loss:0.30605 [84.16s]; best loss:0.57594, patience : 0
2026-07-03 11:40:18,553 P1588662 INFO pr:0.9172  rc:0.9712  auc:0.9991 ap:0.9921 f1: 0.9435 pred_right: 1059675 pred_wrong:36525 actu_right: 1061707 actu_wrong: 34493
2026-07-03 11:40:28,403 P1588662 INFO pr:0.9168  rc:0.9686  auc:0.9988 ap:0.9907 f1: 0.9420 pred_right: 454155 pred_wrong:15645 actu_right: 454992 actu_wrong: 14808
2026-07-03 11:40:28,428 P1588662 INFO ----------------------------------------------------------------------------------------------------
2026-07-03 11:40:28,428 P1588662 INFO 41/50 starting... lr: 0.001 para:0.02380952425301075
2026-07-03 11:41:53,586 P1588662 INFO Epoch 41/50, all_loss:0.60785 cls_loss:0.61497 rec_loss:0.31605 [85.16s]; best loss:0.57594, patience : 1
2026-07-03 11:42:20,732 P1588662 INFO pr:0.9199  rc:0.9701  auc:0.9991 ap:0.9925 f1: 0.9443 pred_right: 1059825 pred_wrong:36375 actu_right: 1061710 actu_wrong: 34490
2026-07-03 11:42:30,519 P1588662 INFO pr:0.9181  rc:0.9696  auc:0.9987 ap:0.9915 f1: 0.9432 pred_right: 454162 pred_wrong:15638 actu_right: 454992 actu_wrong: 14808
2026-07-03 11:42:30,731 P1588662 INFO ----------------------------------------------------------------------------------------------------
2026-07-03 11:42:30,731 P1588662 INFO 42/50 starting... lr: 0.001 para:0.023255813866853714
2026-07-03 11:43:54,822 P1588662 INFO Epoch 42/50, all_loss:0.56667 cls_loss:0.57273 rec_loss:0.31241 [84.06s]; best loss:0.56667, patience : 0
2026-07-03 11:44:17,903 P1588662 INFO pr:0.9250  rc:0.9646  auc:0.9996 ap:0.9935 f1: 0.9443 pred_right: 1060233 pred_wrong:35967 actu_right: 1061710 actu_wrong: 34490
2026-07-03 11:44:28,729 P1588662 INFO pr:0.9243  rc:0.9628  auc:0.9994 ap:0.9922 f1: 0.9432 pred_right: 454376 pred_wrong:15424 actu_right: 454992 actu_wrong: 14808
2026-07-03 11:44:28,750 P1588662 INFO ----------------------------------------------------------------------------------------------------
2026-07-03 11:44:28,750 P1588662 INFO 43/50 starting... lr: 0.001 para:0.022727273404598236
