2026-07-03 18:02:30,177 P1808550 INFO ---- Model: ----MSTGAD-a7d90642----random_seed : 46----req_loss_approach : Legendre-style----rec_lambda : 1.0----auxi_lambda : 0.1----Freq Domain : FITS_Legendre----Multi Fits : false----train : True----evaluate : False
2026-07-03 18:02:30,177 P1808550 INFO Load from /home/db2003/Desktop/Amr/Tests/Eadro/codes/chunks/TT
2026-07-03 18:02:40,570 P1808550 INFO Fewshot: training with 1.0 of the 70% of the data
2026-07-03 18:02:48,604 P1808550 INFO Trainable Parameters Breakdown:
2026-07-03 18:02:48,604 P1808550 INFO --------------------------------------------------------------------------------
2026-07-03 18:02:48,604 P1808550 INFO Reconstruction-Specific Parameters:
2026-07-03 18:02:48,604 P1808550 INFO linear_attn.Wq.weight                    | shape: (10, 10)                  | params: 100
2026-07-03 18:02:48,604 P1808550 INFO linear_attn.Wk.weight                    | shape: (10, 10)                  | params: 100
2026-07-03 18:02:48,604 P1808550 INFO linear_attn.Wv.weight                    | shape: (10, 10)                  | params: 100
2026-07-03 18:02:48,604 P1808550 INFO linear_attn.out.weight                   | shape: (10, 10)                  | params: 100
2026-07-03 18:02:48,604 P1808550 INFO linear_attn.out.bias                     | shape: (10,)                     | params: 10
2026-07-03 18:02:48,604 P1808550 INFO linear_attn.norm.weight                  | shape: (10,)                     | params: 10
2026-07-03 18:02:48,604 P1808550 INFO linear_attn.norm.bias                    | shape: (10,)                     | params: 10
2026-07-03 18:02:48,604 P1808550 INFO shared_fits.normlin_W                    | shape: (5, 5)                    | params: 25
2026-07-03 18:02:48,604 P1808550 INFO shared_fits.freq_upsampler.weight        | shape: (5, 5)                    | params: 25
2026-07-03 18:02:48,604 P1808550 INFO shared_fits.freq_upsampler.bias          | shape: (5,)                      | params: 5
2026-07-03 18:02:48,605 P1808550 INFO modality_proj.node.weight                | shape: (10, 8)                   | params: 80
2026-07-03 18:02:48,605 P1808550 INFO modality_proj.node.bias                  | shape: (10,)                     | params: 10
2026-07-03 18:02:48,605 P1808550 INFO modality_proj.log.weight                 | shape: (10, 32)                  | params: 320
2026-07-03 18:02:48,605 P1808550 INFO modality_proj.log.bias                   | shape: (10,)                     | params: 10
2026-07-03 18:02:48,605 P1808550 INFO modality_proj.edge.weight                | shape: (10, 8)                   | params: 80
2026-07-03 18:02:48,605 P1808550 INFO modality_proj.edge.bias                  | shape: (10,)                     | params: 10
2026-07-03 18:02:48,605 P1808550 INFO modality_proj_out.node.weight            | shape: (8, 10)                   | params: 80
2026-07-03 18:02:48,605 P1808550 INFO modality_proj_out.node.bias              | shape: (8,)                      | params: 8
2026-07-03 18:02:48,605 P1808550 INFO modality_proj_out.log.weight             | shape: (32, 10)                  | params: 320
2026-07-03 18:02:48,605 P1808550 INFO modality_proj_out.log.bias               | shape: (32,)                     | params: 32
2026-07-03 18:02:48,605 P1808550 INFO modality_proj_out.edge.weight            | shape: (8, 10)                   | params: 80
2026-07-03 18:02:48,605 P1808550 INFO modality_proj_out.edge.bias              | shape: (8,)                      | params: 8
2026-07-03 18:02:48,605 P1808550 INFO Subtotal: 1,523
2026-07-03 18:02:48,605 P1808550 INFO --------------------------------------------------------------------------------
2026-07-03 18:02:48,605 P1808550 INFO Common Parameters:
2026-07-03 18:02:48,605 P1808550 INFO node_emb.linear.weight                   | shape: (8, 7)                    | params: 56
2026-07-03 18:02:48,605 P1808550 INFO node_emb.linear.bias                     | shape: (8,)                      | params: 8
2026-07-03 18:02:48,605 P1808550 INFO log_emb.linear.weight                    | shape: (32, 60)                  | params: 1,920
2026-07-03 18:02:48,605 P1808550 INFO log_emb.linear.bias                      | shape: (32,)                     | params: 32
2026-07-03 18:02:48,605 P1808550 INFO egde_emb.linear.weight                   | shape: (8, 2)                    | params: 16
2026-07-03 18:02:48,605 P1808550 INFO egde_emb.linear.bias                     | shape: (8,)                      | params: 8
2026-07-03 18:02:48,605 P1808550 INFO dense_node.weight                        | shape: (7, 8)                    | params: 56
2026-07-03 18:02:48,605 P1808550 INFO dense_node.bias                          | shape: (7,)                      | params: 7
2026-07-03 18:02:48,605 P1808550 INFO dense_log.weight                         | shape: (60, 32)                  | params: 1,920
2026-07-03 18:02:48,605 P1808550 INFO dense_log.bias                           | shape: (60,)                     | params: 60
2026-07-03 18:02:48,605 P1808550 INFO dense_edge.weight                        | shape: (2, 8)                    | params: 16
2026-07-03 18:02:48,606 P1808550 INFO dense_edge.bias                          | shape: (2,)                      | params: 2
2026-07-03 18:02:48,606 P1808550 INFO show.0.weight                            | shape: (128, 69)                 | params: 8,832
2026-07-03 18:02:48,606 P1808550 INFO show.0.bias                              | shape: (128,)                    | params: 128
2026-07-03 18:02:48,606 P1808550 INFO show.2.weight                            | shape: (2, 128)                  | params: 256
2026-07-03 18:02:48,606 P1808550 INFO show.2.bias                              | shape: (2,)                      | params: 2
2026-07-03 18:02:48,606 P1808550 INFO Subtotal: 13,319
2026-07-03 18:02:48,606 P1808550 INFO --------------------------------------------------------------------------------
2026-07-03 18:02:48,606 P1808550 INFO Total Trainable Parameters: 14,842

2026-07-03 18:02:48,606 P1808550 INFO Trainable Parameters: 14842, reconstruction: 1523, common: 13319
2026-07-03 18:02:48,606 P1808550 INFO model : init weight
2026-07-03 18:02:48,606 P1808550 INFO Using GPU...
2026-07-03 18:02:48,611 P1808550 INFO optimizer : using AdaBelief
2026-07-03 18:02:48,611 P1808550 INFO ----------------------------------------------------------------------------------------------------
2026-07-03 18:02:48,611 P1808550 INFO 0/5 starting... lr: 0.001 para:1.0
2026-07-03 18:03:08,244 P1808550 INFO Epoch 0/5, all_loss:0.08527 cls_loss:42.81200 rec_loss:0.08527 [19.63s]; best loss:0.08527, patience : 0
2026-07-03 18:03:08,244 P1808550 INFO ----------------------------------------------------------------------------------------------------
2026-07-03 18:03:08,244 P1808550 INFO 1/5 starting... lr: 0.001 para:0.5
2026-07-06 12:10:30,054 P3035218 INFO ---- Model: ----MSTGAD-722217df----random_seed : 46----req_loss_approach : Legendre-style----rec_lambda : 1.0----auxi_lambda : 0.1----Freq Domain : FITS_Legendre----Multi Fits : false----train : True----evaluate : False
2026-07-06 12:10:30,054 P3035218 INFO Load from /home/db2003/Desktop/Amr/Tests/Eadro/codes/chunks/TT
2026-07-06 12:10:39,709 P3035218 INFO Fewshot: training with 1.0 of the 70% of the data
2026-07-06 12:10:47,118 P3035218 INFO Trainable Parameters Breakdown:
2026-07-06 12:10:47,118 P3035218 INFO --------------------------------------------------------------------------------
2026-07-06 12:10:47,118 P3035218 INFO Reconstruction-Specific Parameters:
2026-07-06 12:10:47,118 P3035218 INFO linear_attn.Wq.weight                    | shape: (10, 10)                  | params: 100
2026-07-06 12:10:47,118 P3035218 INFO linear_attn.Wk.weight                    | shape: (10, 10)                  | params: 100
2026-07-06 12:10:47,118 P3035218 INFO linear_attn.Wv.weight                    | shape: (10, 10)                  | params: 100
2026-07-06 12:10:47,118 P3035218 INFO linear_attn.out.weight                   | shape: (10, 10)                  | params: 100
2026-07-06 12:10:47,118 P3035218 INFO linear_attn.out.bias                     | shape: (10,)                     | params: 10
2026-07-06 12:10:47,118 P3035218 INFO linear_attn.norm.weight                  | shape: (10,)                     | params: 10
2026-07-06 12:10:47,118 P3035218 INFO linear_attn.norm.bias                    | shape: (10,)                     | params: 10
2026-07-06 12:10:47,118 P3035218 INFO shared_fits.normlin_W                    | shape: (5, 5)                    | params: 25
2026-07-06 12:10:47,118 P3035218 INFO shared_fits.freq_upsampler.weight        | shape: (5, 5)                    | params: 25
2026-07-06 12:10:47,118 P3035218 INFO shared_fits.freq_upsampler.bias          | shape: (5,)                      | params: 5
2026-07-06 12:10:47,118 P3035218 INFO modality_proj.node.weight                | shape: (10, 8)                   | params: 80
2026-07-06 12:10:47,118 P3035218 INFO modality_proj.node.bias                  | shape: (10,)                     | params: 10
2026-07-06 12:10:47,118 P3035218 INFO modality_proj.log.weight                 | shape: (10, 32)                  | params: 320
2026-07-06 12:10:47,119 P3035218 INFO modality_proj.log.bias                   | shape: (10,)                     | params: 10
2026-07-06 12:10:47,119 P3035218 INFO modality_proj.edge.weight                | shape: (10, 8)                   | params: 80
2026-07-06 12:10:47,119 P3035218 INFO modality_proj.edge.bias                  | shape: (10,)                     | params: 10
2026-07-06 12:10:47,119 P3035218 INFO modality_proj_out.node.weight            | shape: (8, 10)                   | params: 80
2026-07-06 12:10:47,119 P3035218 INFO modality_proj_out.node.bias              | shape: (8,)                      | params: 8
2026-07-06 12:10:47,119 P3035218 INFO modality_proj_out.log.weight             | shape: (32, 10)                  | params: 320
2026-07-06 12:10:47,119 P3035218 INFO modality_proj_out.log.bias               | shape: (32,)                     | params: 32
2026-07-06 12:10:47,119 P3035218 INFO modality_proj_out.edge.weight            | shape: (8, 10)                   | params: 80
2026-07-06 12:10:47,119 P3035218 INFO modality_proj_out.edge.bias              | shape: (8,)                      | params: 8
2026-07-06 12:10:47,119 P3035218 INFO Subtotal: 1,523
2026-07-06 12:10:47,119 P3035218 INFO --------------------------------------------------------------------------------
2026-07-06 12:10:47,119 P3035218 INFO Common Parameters:
2026-07-06 12:10:47,119 P3035218 INFO node_emb.linear.weight                   | shape: (8, 7)                    | params: 56
2026-07-06 12:10:47,119 P3035218 INFO node_emb.linear.bias                     | shape: (8,)                      | params: 8
2026-07-06 12:10:47,119 P3035218 INFO log_emb.linear.weight                    | shape: (32, 60)                  | params: 1,920
2026-07-06 12:10:47,119 P3035218 INFO log_emb.linear.bias                      | shape: (32,)                     | params: 32
2026-07-06 12:10:47,119 P3035218 INFO egde_emb.linear.weight                   | shape: (8, 2)                    | params: 16
2026-07-06 12:10:47,119 P3035218 INFO egde_emb.linear.bias                     | shape: (8,)                      | params: 8
2026-07-06 12:10:47,119 P3035218 INFO dense_node.weight                        | shape: (7, 8)                    | params: 56
2026-07-06 12:10:47,119 P3035218 INFO dense_node.bias                          | shape: (7,)                      | params: 7
2026-07-06 12:10:47,119 P3035218 INFO dense_log.weight                         | shape: (60, 32)                  | params: 1,920
2026-07-06 12:10:47,119 P3035218 INFO dense_log.bias                           | shape: (60,)                     | params: 60
2026-07-06 12:10:47,119 P3035218 INFO dense_edge.weight                        | shape: (2, 8)                    | params: 16
2026-07-06 12:10:47,119 P3035218 INFO dense_edge.bias                          | shape: (2,)                      | params: 2
2026-07-06 12:10:47,119 P3035218 INFO show.0.weight                            | shape: (128, 69)                 | params: 8,832
2026-07-06 12:10:47,119 P3035218 INFO show.0.bias                              | shape: (128,)                    | params: 128
2026-07-06 12:10:47,119 P3035218 INFO show.2.weight                            | shape: (2, 128)                  | params: 256
2026-07-06 12:10:47,119 P3035218 INFO show.2.bias                              | shape: (2,)                      | params: 2
2026-07-06 12:10:47,119 P3035218 INFO Subtotal: 13,319
2026-07-06 12:10:47,120 P3035218 INFO --------------------------------------------------------------------------------
2026-07-06 12:10:47,120 P3035218 INFO Total Trainable Parameters: 14,842

2026-07-06 12:10:47,120 P3035218 INFO Trainable Parameters: 14842, reconstruction: 1523, common: 13319
2026-07-06 12:10:47,120 P3035218 INFO model : init weight
2026-07-06 12:10:47,120 P3035218 INFO Using GPU...
2026-07-06 12:10:47,124 P3035218 INFO optimizer : using AdaBelief
2026-07-06 12:10:47,125 P3035218 INFO ----------------------------------------------------------------------------------------------------
2026-07-06 12:10:47,125 P3035218 INFO 0/5 starting... lr: 0.001 para:1.0
2026-07-06 12:11:07,521 P3035218 INFO Epoch 0/5, all_loss:0.08186 cls_loss:42.25628 rec_loss:0.08186 [20.39s]; best loss:0.08186, patience : 0
2026-07-06 12:11:07,521 P3035218 INFO ----------------------------------------------------------------------------------------------------
2026-07-06 12:11:07,522 P3035218 INFO 1/5 starting... lr: 0.001 para:0.5
2026-07-06 12:11:27,731 P3035218 INFO Epoch 1/5, all_loss:1.92121 cls_loss:3.65066 rec_loss:0.19177 [20.20s]; best loss:1.92121, patience : 0
2026-07-06 12:11:27,731 P3035218 INFO ----------------------------------------------------------------------------------------------------
2026-07-06 12:11:27,731 P3035218 INFO 2/5 starting... lr: 0.001 para:0.3333333432674408
2026-07-06 12:11:44,924 P3035218 INFO Epoch 2/5, all_loss:1.46047 cls_loss:2.09959 rec_loss:0.18223 [17.19s]; best loss:1.46047, patience : 0
2026-07-06 12:11:54,077 P3035218 INFO pr:0.8650  rc:0.5563  auc:0.9877 ap:0.8990 f1: 0.6772 pred_right: 1074016 pred_wrong:22184 actu_right: 1061709 actu_wrong: 34491
2026-07-06 12:11:57,877 P3035218 INFO pr:0.8659  rc:0.5529  auc:0.9882 ap:0.8998 f1: 0.6749 pred_right: 460344 pred_wrong:9456 actu_right: 454992 actu_wrong: 14808
2026-07-06 12:11:57,880 P3035218 INFO ----------------------------------------------------------------------------------------------------
2026-07-06 12:11:57,881 P3035218 INFO 3/5 starting... lr: 0.001 para:0.25
2026-07-06 12:12:15,189 P3035218 INFO Epoch 3/5, all_loss:1.50385 cls_loss:1.94751 rec_loss:0.17287 [17.31s]; best loss:1.46047, patience : 1
2026-07-06 12:12:23,572 P3035218 INFO pr:0.8224  rc:0.6202  auc:0.9900 ap:0.9141 f1: 0.7072 pred_right: 1070189 pred_wrong:26011 actu_right: 1061712 actu_wrong: 34488
2026-07-06 12:12:33,350 P3035218 INFO pr:0.8272  rc:0.6176  auc:0.9905 ap:0.9151 f1: 0.7072 pred_right: 458744 pred_wrong:11056 actu_right: 454992 actu_wrong: 14808
2026-07-06 12:12:33,357 P3035218 INFO ----------------------------------------------------------------------------------------------------
2026-07-06 12:12:33,358 P3035218 INFO 4/5 starting... lr: 0.001 para:0.20000000298023224
2026-07-15 21:06:48,245 P2504427 INFO ---- Model: ----MSTGAD-aaf0ec96----random_seed : 46----req_loss_approach : Legendre-style----rec_lambda : 1.0----auxi_lambda : 0.2----Freq Domain : FITS_Legendre----Multi Fits : false----train : True----evaluate : False
2026-07-15 21:06:48,246 P2504427 INFO Load from /home/db2003/Desktop/Amr/Tests/Eadro/codes/chunks/TT
2026-07-15 21:06:59,584 P2504427 INFO Fewshot: training with 1.0 of the 70% of the data
2026-07-15 21:06:59,790 P2504427 INFO Trainable Parameters Breakdown:
2026-07-15 21:06:59,791 P2504427 INFO --------------------------------------------------------------------------------
2026-07-15 21:06:59,791 P2504427 INFO Reconstruction-Specific Parameters:
2026-07-15 21:06:59,791 P2504427 INFO linear_attn.Wq.weight                    | shape: (10, 10)                  | params: 100
2026-07-15 21:06:59,791 P2504427 INFO linear_attn.Wk.weight                    | shape: (10, 10)                  | params: 100
2026-07-15 21:06:59,791 P2504427 INFO linear_attn.Wv.weight                    | shape: (10, 10)                  | params: 100
2026-07-15 21:06:59,791 P2504427 INFO linear_attn.out.weight                   | shape: (10, 10)                  | params: 100
2026-07-15 21:06:59,791 P2504427 INFO linear_attn.out.bias                     | shape: (10,)                     | params: 10
2026-07-15 21:06:59,791 P2504427 INFO linear_attn.norm.weight                  | shape: (10,)                     | params: 10
2026-07-15 21:06:59,791 P2504427 INFO linear_attn.norm.bias                    | shape: (10,)                     | params: 10
2026-07-15 21:06:59,791 P2504427 INFO shared_fits.normlin_W                    | shape: (5, 5)                    | params: 25
2026-07-15 21:06:59,791 P2504427 INFO shared_fits.freq_upsampler.weight        | shape: (5, 5)                    | params: 25
2026-07-15 21:06:59,791 P2504427 INFO shared_fits.freq_upsampler.bias          | shape: (5,)                      | params: 5
2026-07-15 21:06:59,791 P2504427 INFO modality_proj.node.weight                | shape: (10, 8)                   | params: 80
2026-07-15 21:06:59,791 P2504427 INFO modality_proj.node.bias                  | shape: (10,)                     | params: 10
2026-07-15 21:06:59,791 P2504427 INFO modality_proj.log.weight                 | shape: (10, 32)                  | params: 320
2026-07-15 21:06:59,791 P2504427 INFO modality_proj.log.bias                   | shape: (10,)                     | params: 10
2026-07-15 21:06:59,791 P2504427 INFO modality_proj.edge.weight                | shape: (10, 8)                   | params: 80
2026-07-15 21:06:59,791 P2504427 INFO modality_proj.edge.bias                  | shape: (10,)                     | params: 10
2026-07-15 21:06:59,791 P2504427 INFO modality_proj_out.node.weight            | shape: (8, 10)                   | params: 80
2026-07-15 21:06:59,791 P2504427 INFO modality_proj_out.node.bias              | shape: (8,)                      | params: 8
2026-07-15 21:06:59,791 P2504427 INFO modality_proj_out.log.weight             | shape: (32, 10)                  | params: 320
2026-07-15 21:06:59,791 P2504427 INFO modality_proj_out.log.bias               | shape: (32,)                     | params: 32
2026-07-15 21:06:59,792 P2504427 INFO modality_proj_out.edge.weight            | shape: (8, 10)                   | params: 80
2026-07-15 21:06:59,792 P2504427 INFO modality_proj_out.edge.bias              | shape: (8,)                      | params: 8
2026-07-15 21:06:59,792 P2504427 INFO Subtotal: 1,523
2026-07-15 21:06:59,792 P2504427 INFO --------------------------------------------------------------------------------
2026-07-15 21:06:59,792 P2504427 INFO Common Parameters:
2026-07-15 21:06:59,792 P2504427 INFO node_emb.linear.weight                   | shape: (8, 7)                    | params: 56
2026-07-15 21:06:59,792 P2504427 INFO node_emb.linear.bias                     | shape: (8,)                      | params: 8
2026-07-15 21:06:59,792 P2504427 INFO log_emb.linear.weight                    | shape: (32, 60)                  | params: 1,920
2026-07-15 21:06:59,792 P2504427 INFO log_emb.linear.bias                      | shape: (32,)                     | params: 32
2026-07-15 21:06:59,792 P2504427 INFO egde_emb.linear.weight                   | shape: (8, 2)                    | params: 16
2026-07-15 21:06:59,792 P2504427 INFO egde_emb.linear.bias                     | shape: (8,)                      | params: 8
2026-07-15 21:06:59,792 P2504427 INFO dense_node.weight                        | shape: (7, 8)                    | params: 56
2026-07-15 21:06:59,792 P2504427 INFO dense_node.bias                          | shape: (7,)                      | params: 7
2026-07-15 21:06:59,792 P2504427 INFO dense_log.weight                         | shape: (60, 32)                  | params: 1,920
2026-07-15 21:06:59,792 P2504427 INFO dense_log.bias                           | shape: (60,)                     | params: 60
2026-07-15 21:06:59,792 P2504427 INFO dense_edge.weight                        | shape: (2, 8)                    | params: 16
2026-07-15 21:06:59,792 P2504427 INFO dense_edge.bias                          | shape: (2,)                      | params: 2
2026-07-15 21:06:59,792 P2504427 INFO show.0.weight                            | shape: (128, 69)                 | params: 8,832
2026-07-15 21:06:59,792 P2504427 INFO show.0.bias                              | shape: (128,)                    | params: 128
2026-07-15 21:06:59,792 P2504427 INFO show.2.weight                            | shape: (2, 128)                  | params: 256
2026-07-15 21:06:59,792 P2504427 INFO show.2.bias                              | shape: (2,)                      | params: 2
2026-07-15 21:06:59,792 P2504427 INFO Subtotal: 13,319
2026-07-15 21:06:59,792 P2504427 INFO --------------------------------------------------------------------------------
2026-07-15 21:06:59,792 P2504427 INFO Total Trainable Parameters: 14,842

2026-07-15 21:06:59,793 P2504427 INFO Trainable Parameters: 14842, reconstruction: 1523, common: 13319
2026-07-15 21:06:59,793 P2504427 INFO model : init weight
2026-07-15 21:06:59,793 P2504427 INFO Using GPU...
2026-07-15 21:06:59,798 P2504427 INFO optimizer : using AdaBelief
2026-07-15 21:06:59,798 P2504427 INFO ----------------------------------------------------------------------------------------------------
2026-07-15 21:06:59,799 P2504427 INFO 0/5 starting... lr: 0.001 para:1.0
2026-07-15 21:07:29,237 P2504427 INFO Epoch 0/5, all_loss:0.09322 cls_loss:43.83145 rec_loss:0.09322 [29.43s]; best loss:0.09322, patience : 0
2026-07-15 21:07:29,238 P2504427 INFO ----------------------------------------------------------------------------------------------------
2026-07-15 21:07:29,238 P2504427 INFO 1/5 starting... lr: 0.001 para:0.5
2026-07-15 21:07:53,878 P2504427 INFO Epoch 1/5, all_loss:2.15754 cls_loss:4.09282 rec_loss:0.22226 [24.64s]; best loss:2.15754, patience : 0
2026-07-15 21:07:53,878 P2504427 INFO ----------------------------------------------------------------------------------------------------
2026-07-15 21:07:53,878 P2504427 INFO 2/5 starting... lr: 0.001 para:0.3333333432674408
2026-07-15 21:08:18,179 P2504427 INFO Epoch 2/5, all_loss:1.50327 cls_loss:2.10732 rec_loss:0.29518 [24.30s]; best loss:1.50327, patience : 0
2026-07-15 21:08:30,835 P2504427 INFO pr:0.8333  rc:0.5462  auc:0.9895 ap:0.9014 f1: 0.6599 pred_right: 1073593 pred_wrong:22607 actu_right: 1061709 actu_wrong: 34491
2026-07-15 21:08:36,665 P2504427 INFO pr:0.8291  rc:0.5486  auc:0.9895 ap:0.9017 f1: 0.6603 pred_right: 460001 pred_wrong:9799 actu_right: 454992 actu_wrong: 14808
2026-07-15 21:08:36,669 P2504427 INFO ----------------------------------------------------------------------------------------------------
2026-07-15 21:08:36,673 P2504427 INFO 3/5 starting... lr: 0.001 para:0.25
2026-07-15 21:09:07,524 P2504427 INFO Epoch 3/5, all_loss:1.49534 cls_loss:1.88436 rec_loss:0.32830 [30.85s]; best loss:1.49534, patience : 0
2026-07-15 21:09:20,152 P2504427 INFO pr:0.8074  rc:0.6354  auc:0.9910 ap:0.9195 f1: 0.7112 pred_right: 1069060 pred_wrong:27140 actu_right: 1061712 actu_wrong: 34488
2026-07-15 21:09:25,395 P2504427 INFO pr:0.8060  rc:0.6341  auc:0.9908 ap:0.9192 f1: 0.7098 pred_right: 458150 pred_wrong:11650 actu_right: 454992 actu_wrong: 14808
2026-07-15 21:09:25,399 P2504427 INFO ----------------------------------------------------------------------------------------------------
2026-07-15 21:09:25,399 P2504427 INFO 4/5 starting... lr: 0.001 para:0.20000000298023224
2026-07-15 21:09:49,660 P2504427 INFO Epoch 4/5, all_loss:1.41998 cls_loss:1.68088 rec_loss:0.37637 [24.26s]; best loss:1.41998, patience : 0
2026-07-15 21:10:02,153 P2504427 INFO pr:0.9089  rc:0.5981  auc:0.9934 ap:0.9368 f1: 0.7214 pred_right: 1073501 pred_wrong:22699 actu_right: 1061708 actu_wrong: 34492
2026-07-15 21:10:08,687 P2504427 INFO pr:0.9129  rc:0.5973  auc:0.9935 ap:0.9372 f1: 0.7221 pred_right: 460111 pred_wrong:9689 actu_right: 454992 actu_wrong: 14808
2026-07-15 21:10:08,690 P2504427 INFO saving model...
2026-07-15 21:10:08,690 P2504427 INFO FITS_Legendre - loss  best score:1.4199811220169067 at epoch 4
2026-07-15 21:10:08,694 P2504427 INFO FITS_Legendre - f1  best score:0.7214421849591719 at epoch 4
2026-07-15 21:10:08,698 P2504427 INFO Average training time per epoch: 26.69 seconds
2026-07-15 21:10:08,698 P2504427 INFO calculate scores...
2026-07-15 21:10:08,698 P2504427 INFO calculate label with loss...
2026-07-15 21:10:08,698 P2504427 INFO FITS_Legendre on ./result/FITS_Legendre-TT-Epochs5-Seed46ExpNameRQ1_main loading...
2026-07-15 21:10:13,056 P2504427 INFO pr:0.9129  rc:0.5973  auc:0.9935 ap:0.9372 f1: 0.7221 pred_right: 460111 pred_wrong:9689 actu_right: 454992 actu_wrong: 14808
2026-07-15 21:10:34,907 P2504427 INFO pr:0.9129  rc:0.5973  auc:0.9935 ap:0.9372 f1: 0.7221 pred_right: 460111 pred_wrong:9689 actu_right: 454992 actu_wrong: 14808
2026-07-15 21:10:34,907 P2504427 INFO Performance Summary:
{'GPU': {'inference_time_per_sample_ms': 0.2196376515858209, 'throughput_samples_per_sec': 4552.953433893648, 'peak_memory_mb': 135.70556640625, 'energy_per_sample_joules': 0.015327742972393888}, 'CPU': {'inference_time_per_sample_ms': 1.2108827294219375, 'throughput_samples_per_sec': 825.8438044428872, 'peak_memory_mb': 5781.97265625, 'energy_per_sample_joules': 0.07870737741242594}}
2026-07-15 21:10:34,908 P2504427 INFO Starting clean-room hardware benchmarking...
2026-07-15 21:10:36,354 P2504427 INFO Performance with loss: pr:0.9129  rc:0.5973  auc:0.9935 ap:0.9372 f1: 0.7221 pred_right: 460111 pred_wrong:9689 actu_right: 454992 actu_wrong: 14808
2026-07-15 21:10:36,354 P2504427 INFO calculate label with f1...
2026-07-15 21:10:36,354 P2504427 INFO FITS_Legendre on ./result/FITS_Legendre-TT-Epochs5-Seed46ExpNameRQ1_main loading...
2026-07-15 21:10:41,882 P2504427 INFO pr:0.9129  rc:0.5973  auc:0.9935 ap:0.9372 f1: 0.7221 pred_right: 460111 pred_wrong:9689 actu_right: 454992 actu_wrong: 14808
2026-07-15 21:10:57,285 P2504427 INFO pr:0.9129  rc:0.5973  auc:0.9935 ap:0.9372 f1: 0.7221 pred_right: 460111 pred_wrong:9689 actu_right: 454992 actu_wrong: 14808
2026-07-15 21:10:57,285 P2504427 INFO Performance Summary:
{'GPU': {'inference_time_per_sample_ms': 0.28357951079936855, 'throughput_samples_per_sec': 3526.347856307208, 'peak_memory_mb': 135.20166015625, 'energy_per_sample_joules': 0.016348925956605195}, 'CPU': {'inference_time_per_sample_ms': 0.8511376435666352, 'throughput_samples_per_sec': 1174.8980996887494, 'peak_memory_mb': 5761.45703125, 'energy_per_sample_joules': 0.05532394683183129}}
2026-07-15 21:10:57,285 P2504427 INFO Starting clean-room hardware benchmarking...
2026-07-15 21:10:58,425 P2504427 INFO Performance with f1: pr:0.9129  rc:0.5973  auc:0.9935 ap:0.9372 f1: 0.7221 pred_right: 460111 pred_wrong:9689 actu_right: 454992 actu_wrong: 14808
