2026-09-10 11:54:18,936 P2760439 INFO ---- Model: ----MSTGAD-bb447f5a----random_seed : 1----req_loss_approach : Legendre-style----rec_lambda : 1.0----auxi_lambda : 0.2----Freq Domain : FITS_Legendre----Multi Fits : false----train : True----evaluate : False
2026-09-10 11:54:18,936 P2760439 INFO Load from /home/db2003/Desktop/Amr/Tests/Eadro/codes/chunks/TT
2026-09-10 11:54:34,381 P2760439 INFO Fewshot: training with 1.0 of the 70% of the data
2026-09-10 11:54:34,503 P2760439 INFO Trainable Parameters Breakdown:
2026-09-10 11:54:34,503 P2760439 INFO --------------------------------------------------------------------------------
2026-09-10 11:54:34,503 P2760439 INFO Reconstruction-Specific Parameters:
2026-09-10 11:54:34,503 P2760439 INFO node_emb.linear.weight                   | shape: (8, 7)                    | params: 56
2026-09-10 11:54:34,503 P2760439 INFO node_emb.linear.bias                     | shape: (8,)                      | params: 8
2026-09-10 11:54:34,503 P2760439 INFO log_emb.linear.weight                    | shape: (32, 60)                  | params: 1,920
2026-09-10 11:54:34,503 P2760439 INFO log_emb.linear.bias                      | shape: (32,)                     | params: 32
2026-09-10 11:54:34,503 P2760439 INFO egde_emb.linear.weight                   | shape: (8, 2)                    | params: 16
2026-09-10 11:54:34,503 P2760439 INFO egde_emb.linear.bias                     | shape: (8,)                      | params: 8
2026-09-10 11:54:34,503 P2760439 INFO dense_node.weight                        | shape: (7, 8)                    | params: 56
2026-09-10 11:54:34,504 P2760439 INFO dense_node.bias                          | shape: (7,)                      | params: 7
2026-09-10 11:54:34,504 P2760439 INFO dense_log.weight                         | shape: (60, 32)                  | params: 1,920
2026-09-10 11:54:34,504 P2760439 INFO dense_log.bias                           | shape: (60,)                     | params: 60
2026-09-10 11:54:34,504 P2760439 INFO dense_edge.weight                        | shape: (2, 8)                    | params: 16
2026-09-10 11:54:34,504 P2760439 INFO dense_edge.bias                          | shape: (2,)                      | params: 2
2026-09-10 11:54:34,504 P2760439 INFO linear_attn.Wq.weight                    | shape: (10, 10)                  | params: 100
2026-09-10 11:54:34,504 P2760439 INFO linear_attn.Wk.weight                    | shape: (10, 10)                  | params: 100
2026-09-10 11:54:34,504 P2760439 INFO linear_attn.Wv.weight                    | shape: (10, 10)                  | params: 100
2026-09-10 11:54:34,504 P2760439 INFO linear_attn.out.weight                   | shape: (10, 10)                  | params: 100
2026-09-10 11:54:34,504 P2760439 INFO linear_attn.out.bias                     | shape: (10,)                     | params: 10
2026-09-10 11:54:34,504 P2760439 INFO linear_attn.norm.weight                  | shape: (10,)                     | params: 10
2026-09-10 11:54:34,504 P2760439 INFO linear_attn.norm.bias                    | shape: (10,)                     | params: 10
2026-09-10 11:54:34,504 P2760439 INFO shared_fits.normlin_W                    | shape: (3, 3)                    | params: 9
2026-09-10 11:54:34,504 P2760439 INFO shared_fits.freq_upsampler.weight        | shape: (3, 3)                    | params: 9
2026-09-10 11:54:34,504 P2760439 INFO shared_fits.freq_upsampler.bias          | shape: (3,)                      | params: 3
2026-09-10 11:54:34,504 P2760439 INFO modality_proj.node.weight                | shape: (10, 8)                   | params: 80
2026-09-10 11:54:34,505 P2760439 INFO modality_proj.node.bias                  | shape: (10,)                     | params: 10
2026-09-10 11:54:34,505 P2760439 INFO modality_proj.log.weight                 | shape: (10, 32)                  | params: 320
2026-09-10 11:54:34,505 P2760439 INFO modality_proj.log.bias                   | shape: (10,)                     | params: 10
2026-09-10 11:54:34,505 P2760439 INFO modality_proj.edge.weight                | shape: (10, 8)                   | params: 80
2026-09-10 11:54:34,505 P2760439 INFO modality_proj.edge.bias                  | shape: (10,)                     | params: 10
2026-09-10 11:54:34,505 P2760439 INFO modality_proj_out.node.weight            | shape: (8, 10)                   | params: 80
2026-09-10 11:54:34,505 P2760439 INFO modality_proj_out.node.bias              | shape: (8,)                      | params: 8
2026-09-10 11:54:34,505 P2760439 INFO modality_proj_out.log.weight             | shape: (32, 10)                  | params: 320
2026-09-10 11:54:34,505 P2760439 INFO modality_proj_out.log.bias               | shape: (32,)                     | params: 32
2026-09-10 11:54:34,505 P2760439 INFO modality_proj_out.edge.weight            | shape: (8, 10)                   | params: 80
2026-09-10 11:54:34,505 P2760439 INFO modality_proj_out.edge.bias              | shape: (8,)                      | params: 8
2026-09-10 11:54:34,505 P2760439 INFO Subtotal: 5,590
2026-09-10 11:54:34,505 P2760439 INFO --------------------------------------------------------------------------------
2026-09-10 11:54:34,505 P2760439 INFO Common Parameters:
2026-09-10 11:54:34,505 P2760439 INFO show.0.weight                            | shape: (128, 69)                 | params: 8,832
2026-09-10 11:54:34,506 P2760439 INFO show.0.bias                              | shape: (128,)                    | params: 128
2026-09-10 11:54:34,506 P2760439 INFO show.2.weight                            | shape: (2, 128)                  | params: 256
2026-09-10 11:54:34,506 P2760439 INFO show.2.bias                              | shape: (2,)                      | params: 2
2026-09-10 11:54:34,506 P2760439 INFO Subtotal: 9,218
2026-09-10 11:54:34,506 P2760439 INFO --------------------------------------------------------------------------------
2026-09-10 11:54:34,506 P2760439 INFO Total Trainable Parameters: 14,808

2026-09-10 11:54:34,506 P2760439 INFO Trainable Parameters: 14808, reconstruction: 5590, common: 9218
2026-09-10 11:54:34,506 P2760439 INFO model : init weight
2026-09-10 11:54:34,507 P2760439 INFO Using GPU...
2026-09-10 11:54:34,514 P2760439 INFO optimizer : using AdaBelief
2026-09-10 11:54:34,514 P2760439 INFO ----------------------------------------------------------------------------------------------------
2026-09-10 11:54:34,514 P2760439 INFO 0/50 starting... lr: 0.001 para:1.0
2026-09-10 11:55:10,800 P2760439 INFO Epoch 0/50, all_loss:4318.92383 cls_loss:448503.06250 rec_loss:4318.92383 [36.25s]; best loss:4318.92383, patience : 0
2026-09-10 11:55:10,800 P2760439 INFO ----------------------------------------------------------------------------------------------------
2026-09-10 11:55:10,800 P2760439 INFO 1/50 starting... lr: 0.001 para:0.5
2026-09-10 11:55:47,141 P2760439 INFO Epoch 1/50, all_loss:6609.28076 cls_loss:10316.85352 rec_loss:2901.70801 [36.33s]; best loss:6609.28076, patience : 0
2026-09-10 11:55:47,141 P2760439 INFO ----------------------------------------------------------------------------------------------------
2026-09-10 11:55:47,141 P2760439 INFO 2/50 starting... lr: 0.001 para:0.3333333432674408
2026-09-10 11:56:23,400 P2760439 INFO Epoch 2/50, all_loss:4057.74609 cls_loss:4637.18018 rec_loss:2898.87744 [36.25s]; best loss:4057.74609, patience : 0
2026-09-10 11:56:42,274 P2760439 INFO pr:0.1352  rc:0.0164  auc:0.5082 ap:0.5017 f1: 0.0293 pred_right: 1092006 pred_wrong:4194 actu_right: 1061712 actu_wrong: 34488
2026-09-10 11:56:50,870 P2760439 INFO pr:0.1316  rc:0.0158  auc:0.5080 ap:0.5017 f1: 0.0282 pred_right: 468022 pred_wrong:1778 actu_right: 454992 actu_wrong: 14808
2026-09-10 11:56:50,877 P2760439 INFO ----------------------------------------------------------------------------------------------------
2026-09-10 11:56:50,877 P2760439 INFO 3/50 starting... lr: 0.001 para:0.25
2026-09-10 11:57:39,571 P2760439 INFO Epoch 3/50, all_loss:4171.45459 cls_loss:4588.22363 rec_loss:2921.14648 [48.69s]; best loss:4057.74609, patience : 1
2026-09-10 11:57:58,983 P2760439 INFO pr:0.2197  rc:0.0182  auc:0.5116 ap:0.5034 f1: 0.0337 pred_right: 1093337 pred_wrong:2863 actu_right: 1061714 actu_wrong: 34486
2026-09-10 11:58:06,771 P2760439 INFO pr:0.2206  rc:0.0180  auc:0.5112 ap:0.5033 f1: 0.0332 pred_right: 468594 pred_wrong:1206 actu_right: 454992 actu_wrong: 14808
2026-09-10 11:58:06,776 P2760439 INFO ----------------------------------------------------------------------------------------------------
2026-09-10 11:58:06,776 P2760439 INFO 4/50 starting... lr: 0.001 para:0.20000000298023224
2026-09-10 11:58:46,774 P2760439 INFO Epoch 4/50, all_loss:3499.12256 cls_loss:3642.65356 rec_loss:2924.99658 [39.99s]; best loss:3499.12256, patience : 0
2026-09-10 11:59:06,449 P2760439 INFO pr:0.2160  rc:0.0536  auc:0.5279 ap:0.5080 f1: 0.0858 pred_right: 1087651 pred_wrong:8549 actu_right: 1061713 actu_wrong: 34487
2026-09-10 11:59:14,648 P2760439 INFO pr:0.2087  rc:0.0513  auc:0.5265 ap:0.5074 f1: 0.0823 pred_right: 466163 pred_wrong:3637 actu_right: 454992 actu_wrong: 14808
2026-09-10 11:59:14,654 P2760439 INFO ----------------------------------------------------------------------------------------------------
2026-09-10 11:59:14,656 P2760439 INFO 5/50 starting... lr: 0.001 para:0.1666666716337204
2026-09-10 12:00:03,348 P2760439 INFO Epoch 5/50, all_loss:3878.81616 cls_loss:4064.90430 rec_loss:2948.37769 [48.69s]; best loss:3499.12256, patience : 1
2026-09-10 12:00:22,433 P2760439 INFO pr:0.3035  rc:0.0546  auc:0.5294 ap:0.5104 f1: 0.0926 pred_right: 1089992 pred_wrong:6208 actu_right: 1061709 actu_wrong: 34491
2026-09-10 12:00:30,443 P2760439 INFO pr:0.3043  rc:0.0544  auc:0.5292 ap:0.5103 f1: 0.0922 pred_right: 467155 pred_wrong:2645 actu_right: 454992 actu_wrong: 14808
2026-09-10 12:00:30,449 P2760439 INFO ----------------------------------------------------------------------------------------------------
2026-09-10 12:00:30,449 P2760439 INFO 6/50 starting... lr: 0.001 para:0.1428571492433548
2026-09-10 12:01:10,471 P2760439 INFO Epoch 6/50, all_loss:3772.47192 cls_loss:3910.17261 rec_loss:2946.26733 [40.02s]; best loss:3499.12256, patience : 1
2026-09-10 12:01:29,856 P2760439 INFO pr:0.1641  rc:0.1203  auc:0.5522 ap:0.5121 f1: 0.1388 pred_right: 1070907 pred_wrong:25293 actu_right: 1061711 actu_wrong: 34489
2026-09-10 12:01:37,755 P2760439 INFO pr:0.1632  rc:0.1174  auc:0.5506 ap:0.5117 f1: 0.1365 pred_right: 459151 pred_wrong:10649 actu_right: 454992 actu_wrong: 14808
2026-09-10 12:01:37,761 P2760439 INFO ----------------------------------------------------------------------------------------------------
2026-09-10 12:01:37,761 P2760439 INFO 7/50 starting... lr: 0.001 para:0.125
2026-09-10 12:02:26,895 P2760439 INFO Epoch 7/50, all_loss:3758.54248 cls_loss:3864.12402 rec_loss:3019.47046 [49.13s]; best loss:3499.12256, patience : 1
2026-09-10 12:02:45,852 P2760439 INFO pr:0.3059  rc:0.0151  auc:0.5094 ap:0.5036 f1: 0.0288 pred_right: 1094497 pred_wrong:1703 actu_right: 1061715 actu_wrong: 34485
2026-09-10 12:02:53,264 P2760439 INFO pr:0.3131  rc:0.0160  auc:0.5099 ap:0.5039 f1: 0.0305 pred_right: 469043 pred_wrong:757 actu_right: 454992 actu_wrong: 14808
2026-09-10 12:02:53,265 P2760439 INFO ----------------------------------------------------------------------------------------------------
2026-09-10 12:02:53,266 P2760439 INFO 8/50 starting... lr: 0.001 para:0.1111111119389534
2026-09-10 12:03:33,624 P2760439 INFO Epoch 8/50, all_loss:3686.79053 cls_loss:3775.70557 rec_loss:2975.46729 [40.36s]; best loss:3499.12256, patience : 1
2026-09-10 12:03:52,837 P2760439 INFO pr:0.3251  rc:0.0380  auc:0.5207 ap:0.5079 f1: 0.0680 pred_right: 1092170 pred_wrong:4030 actu_right: 1061712 actu_wrong: 34488
2026-09-10 12:04:01,758 P2760439 INFO pr:0.3330  rc:0.0403  auc:0.5215 ap:0.5084 f1: 0.0719 pred_right: 468007 pred_wrong:1793 actu_right: 454992 actu_wrong: 14808
2026-09-10 12:04:01,759 P2760439 INFO ----------------------------------------------------------------------------------------------------
2026-09-10 12:04:01,759 P2760439 INFO 9/50 starting... lr: 0.001 para:0.10000000149011612
2026-09-10 12:04:48,909 P2760439 INFO Epoch 9/50, all_loss:3209.87964 cls_loss:3237.05786 rec_loss:2965.27710 [47.14s]; best loss:3209.87964, patience : 0
2026-09-10 12:05:09,005 P2760439 INFO pr:0.0513  rc:0.0135  auc:0.5035 ap:0.5003 f1: 0.0214 pred_right: 1087102 pred_wrong:9098 actu_right: 1061706 actu_wrong: 34494
2026-09-10 12:05:16,974 P2760439 INFO pr:0.0534  rc:0.0141  auc:0.5034 ap:0.5003 f1: 0.0223 pred_right: 465885 pred_wrong:3915 actu_right: 454992 actu_wrong: 14808
2026-09-10 12:05:16,976 P2760439 INFO ----------------------------------------------------------------------------------------------------
2026-09-10 12:05:16,976 P2760439 INFO 10/50 starting... lr: 0.001 para:0.09090909361839294
2026-09-10 12:05:56,236 P2760439 INFO Epoch 10/50, all_loss:3672.12744 cls_loss:3732.04224 rec_loss:3072.98267 [39.26s]; best loss:3209.87964, patience : 1
2026-09-10 12:06:15,855 P2760439 INFO pr:0.2521  rc:0.1273  auc:0.5615 ap:0.5183 f1: 0.1691 pred_right: 1078792 pred_wrong:17408 actu_right: 1061713 actu_wrong: 34487
2026-09-10 12:06:24,142 P2760439 INFO pr:0.2489  rc:0.1262  auc:0.5610 ap:0.5180 f1: 0.1675 pred_right: 462292 pred_wrong:7508 actu_right: 454992 actu_wrong: 14808
2026-09-10 12:06:24,148 P2760439 INFO ----------------------------------------------------------------------------------------------------
2026-09-10 12:06:24,148 P2760439 INFO 11/50 starting... lr: 0.001 para:0.0833333358168602
2026-09-10 12:07:12,432 P2760439 INFO Epoch 11/50, all_loss:3120.24097 cls_loss:3133.32935 rec_loss:2976.26489 [48.28s]; best loss:3120.24097, patience : 0
2026-09-10 12:07:31,837 P2760439 INFO pr:0.3633  rc:0.0379  auc:0.5212 ap:0.5089 f1: 0.0686 pred_right: 1092602 pred_wrong:3598 actu_right: 1061715 actu_wrong: 34485
2026-09-10 12:07:39,443 P2760439 INFO pr:0.3639  rc:0.0369  auc:0.5211 ap:0.5089 f1: 0.0671 pred_right: 468297 pred_wrong:1503 actu_right: 454992 actu_wrong: 14808
2026-09-10 12:07:39,444 P2760439 INFO ----------------------------------------------------------------------------------------------------
2026-09-10 12:07:39,445 P2760439 INFO 12/50 starting... lr: 0.001 para:0.07692307978868484
2026-09-10 12:08:19,283 P2760439 INFO Epoch 12/50, all_loss:3130.13110 cls_loss:3141.81836 rec_loss:2989.87817 [39.84s]; best loss:3120.24097, patience : 1
2026-09-10 12:08:38,413 P2760439 INFO pr:0.3867  rc:0.0444  auc:0.5283 ap:0.5133 f1: 0.0797 pred_right: 1092236 pred_wrong:3964 actu_right: 1061708 actu_wrong: 34492
2026-09-10 12:08:46,840 P2760439 INFO pr:0.3924  rc:0.0444  auc:0.5278 ap:0.5131 f1: 0.0798 pred_right: 468123 pred_wrong:1677 actu_right: 454992 actu_wrong: 14808
2026-09-10 12:08:46,841 P2760439 INFO ----------------------------------------------------------------------------------------------------
2026-09-10 12:08:46,841 P2760439 INFO 13/50 starting... lr: 0.001 para:0.0714285746216774
2026-09-10 12:09:34,233 P2760439 INFO Epoch 13/50, all_loss:3377.83862 cls_loss:3405.50610 rec_loss:3018.16748 [47.39s]; best loss:3120.24097, patience : 2
2026-09-10 12:09:54,345 P2760439 INFO pr:0.2376  rc:0.0770  auc:0.5404 ap:0.5118 f1: 0.1163 pred_right: 1085026 pred_wrong:11174 actu_right: 1061713 actu_wrong: 34487
2026-09-10 12:10:02,229 P2760439 INFO pr:0.2373  rc:0.0748  auc:0.5393 ap:0.5114 f1: 0.1137 pred_right: 465135 pred_wrong:4665 actu_right: 454992 actu_wrong: 14808
2026-09-10 12:10:02,230 P2760439 INFO ----------------------------------------------------------------------------------------------------
2026-09-10 12:10:02,231 P2760439 INFO 14/50 starting... lr: 0.001 para:0.06666667014360428
2026-09-10 12:10:41,360 P2760439 INFO Epoch 14/50, all_loss:2764.65918 cls_loss:2746.59229 rec_loss:3017.59155 [39.12s]; best loss:2764.65918, patience : 0
2026-09-10 12:11:00,198 P2760439 INFO pr:0.3905  rc:0.0062  auc:0.5050 ap:0.5025 f1: 0.0122 pred_right: 1095652 pred_wrong:548 actu_right: 1061711 actu_wrong: 34489
2026-09-10 12:11:08,070 P2760439 INFO pr:0.4008  rc:0.0064  auc:0.5048 ap:0.5024 f1: 0.0126 pred_right: 469563 pred_wrong:237 actu_right: 454992 actu_wrong: 14808
2026-09-10 12:11:08,071 P2760439 INFO ----------------------------------------------------------------------------------------------------
2026-09-10 12:11:08,078 P2760439 INFO 15/50 starting... lr: 0.001 para:0.0625
2026-09-10 12:11:54,726 P2760439 INFO Epoch 15/50, all_loss:2738.55518 cls_loss:2722.51050 rec_loss:2979.22534 [46.64s]; best loss:2738.55518, patience : 0
2026-09-10 12:12:15,505 P2760439 INFO pr:0.4900  rc:0.1549  auc:0.5832 ap:0.5459 f1: 0.2353 pred_right: 1085301 pred_wrong:10899 actu_right: 1061709 actu_wrong: 34491
2026-09-10 12:12:23,041 P2760439 INFO pr:0.4776  rc:0.1504  auc:0.5808 ap:0.5439 f1: 0.2288 pred_right: 465137 pred_wrong:4663 actu_right: 454992 actu_wrong: 14808
2026-09-10 12:12:23,048 P2760439 INFO ----------------------------------------------------------------------------------------------------
2026-09-10 12:12:23,048 P2760439 INFO 16/50 starting... lr: 0.001 para:0.05882352963089943
2026-09-10 12:13:02,134 P2760439 INFO Epoch 16/50, all_loss:2530.85229 cls_loss:2500.38135 rec_loss:3018.38574 [39.08s]; best loss:2530.85229, patience : 0
2026-09-10 12:13:20,799 P2760439 INFO pr:0.7882  rc:0.2769  auc:0.6386 ap:0.6151 f1: 0.4098 pred_right: 1084084 pred_wrong:12116 actu_right: 1061711 actu_wrong: 34489
2026-09-10 12:13:29,858 P2760439 INFO pr:0.7883  rc:0.2713  auc:0.6361 ap:0.6133 f1: 0.4036 pred_right: 464704 pred_wrong:5096 actu_right: 454992 actu_wrong: 14808
2026-09-10 12:13:29,863 P2760439 INFO ----------------------------------------------------------------------------------------------------
2026-09-10 12:13:29,863 P2760439 INFO 17/50 starting... lr: 0.001 para:0.0555555559694767
2026-09-10 12:14:17,424 P2760439 INFO Epoch 17/50, all_loss:2494.97583 cls_loss:2463.21216 rec_loss:3034.95972 [47.55s]; best loss:2494.97583, patience : 0
2026-09-10 12:14:37,161 P2760439 INFO pr:0.9185  rc:0.2576  auc:0.6293 ap:0.6204 f1: 0.4024 pred_right: 1086526 pred_wrong:9674 actu_right: 1061708 actu_wrong: 34492
2026-09-10 12:14:44,958 P2760439 INFO pr:0.9193  rc:0.2538  auc:0.6275 ap:0.6189 f1: 0.3978 pred_right: 465711 pred_wrong:4089 actu_right: 454992 actu_wrong: 14808
2026-09-10 12:14:44,960 P2760439 INFO ----------------------------------------------------------------------------------------------------
2026-09-10 12:14:44,960 P2760439 INFO 18/50 starting... lr: 0.001 para:0.05263157933950424
2026-09-10 12:15:22,392 P2760439 INFO Epoch 18/50, all_loss:2261.66138 cls_loss:2213.85547 rec_loss:3122.16992 [37.42s]; best loss:2261.66138, patience : 0
2026-09-10 12:15:41,098 P2760439 INFO pr:0.8213  rc:0.3020  auc:0.6520 ap:0.6325 f1: 0.4416 pred_right: 1083516 pred_wrong:12684 actu_right: 1061707 actu_wrong: 34493
2026-09-10 12:15:48,991 P2760439 INFO pr:0.8164  rc:0.2986  auc:0.6506 ap:0.6302 f1: 0.4372 pred_right: 464385 pred_wrong:5415 actu_right: 454992 actu_wrong: 14808
2026-09-10 12:15:48,997 P2760439 INFO ----------------------------------------------------------------------------------------------------
2026-09-10 12:15:48,998 P2760439 INFO 19/50 starting... lr: 0.001 para:0.05000000074505806
2026-09-10 12:16:31,062 P2760439 INFO Epoch 19/50, all_loss:2265.13672 cls_loss:2220.60645 rec_loss:3111.21069 [42.06s]; best loss:2261.66138, patience : 1
2026-09-10 12:16:53,568 P2760439 INFO pr:0.4258  rc:0.3479  auc:0.6753 ap:0.5892 f1: 0.3829 pred_right: 1068022 pred_wrong:28178 actu_right: 1061708 actu_wrong: 34492
2026-09-10 12:17:00,726 P2760439 INFO pr:0.4259  rc:0.3445  auc:0.6728 ap:0.5879 f1: 0.3809 pred_right: 457822 pred_wrong:11978 actu_right: 454992 actu_wrong: 14808
2026-09-10 12:17:00,727 P2760439 INFO ----------------------------------------------------------------------------------------------------
2026-09-10 12:17:00,727 P2760439 INFO 20/50 starting... lr: 0.001 para:0.0476190485060215
2026-09-10 12:17:38,423 P2760439 INFO Epoch 20/50, all_loss:1555.23865 cls_loss:1476.70056 rec_loss:3125.99805 [37.69s]; best loss:1555.23865, patience : 0
2026-09-10 12:17:57,280 P2760439 INFO pr:0.5232  rc:0.3326  auc:0.6657 ap:0.6005 f1: 0.4067 pred_right: 1074276 pred_wrong:21924 actu_right: 1061711 actu_wrong: 34489
2026-09-10 12:18:05,274 P2760439 INFO pr:0.5168  rc:0.3301  auc:0.6642 ap:0.5995 f1: 0.4029 pred_right: 460342 pred_wrong:9458 actu_right: 454992 actu_wrong: 14808
2026-09-10 12:18:05,276 P2760439 INFO ----------------------------------------------------------------------------------------------------
2026-09-10 12:18:05,276 P2760439 INFO 21/50 starting... lr: 0.001 para:0.04545454680919647
2026-09-10 12:18:42,269 P2760439 INFO Epoch 21/50, all_loss:1708.79834 cls_loss:1639.22876 rec_loss:3169.76440 [36.99s]; best loss:1555.23865, patience : 1
2026-09-10 12:19:11,845 P2760439 INFO pr:0.8838  rc:0.3181  auc:0.6609 ap:0.6464 f1: 0.4678 pred_right: 1083784 pred_wrong:12416 actu_right: 1061704 actu_wrong: 34496
2026-09-10 12:19:19,408 P2760439 INFO pr:0.8777  rc:0.3173  auc:0.6600 ap:0.6445 f1: 0.4661 pred_right: 464446 pred_wrong:5354 actu_right: 454992 actu_wrong: 14808
2026-09-10 12:19:19,414 P2760439 INFO ----------------------------------------------------------------------------------------------------
2026-09-10 12:19:19,414 P2760439 INFO 22/50 starting... lr: 0.001 para:0.043478261679410934
2026-09-10 12:19:56,538 P2760439 INFO Epoch 22/50, all_loss:1673.30237 cls_loss:1604.64551 rec_loss:3183.74854 [37.12s]; best loss:1555.23865, patience : 1
2026-09-10 12:20:15,002 P2760439 INFO pr:0.4573  rc:0.3716  auc:0.6947 ap:0.6029 f1: 0.4100 pred_right: 1068180 pred_wrong:28020 actu_right: 1061715 actu_wrong: 34485
2026-09-10 12:20:22,555 P2760439 INFO pr:0.4553  rc:0.3694  auc:0.6920 ap:0.6006 f1: 0.4079 pred_right: 457787 pred_wrong:12013 actu_right: 454992 actu_wrong: 14808
2026-09-10 12:20:22,556 P2760439 INFO ----------------------------------------------------------------------------------------------------
2026-09-10 12:20:22,556 P2760439 INFO 23/50 starting... lr: 0.001 para:0.0416666679084301
2026-09-10 12:20:58,323 P2760439 INFO Epoch 23/50, all_loss:1355.23096 cls_loss:1276.71509 rec_loss:3161.09741 [35.74s]; best loss:1355.23096, patience : 0
2026-09-10 12:21:30,223 P2760439 INFO pr:0.6809  rc:0.3723  auc:0.6977 ap:0.6464 f1: 0.4814 pred_right: 1077342 pred_wrong:18858 actu_right: 1061708 actu_wrong: 34492
2026-09-10 12:21:37,693 P2760439 INFO pr:0.6710  rc:0.3689  auc:0.6960 ap:0.6436 f1: 0.4760 pred_right: 461660 pred_wrong:8140 actu_right: 454992 actu_wrong: 14808
2026-09-10 12:21:37,698 P2760439 INFO ----------------------------------------------------------------------------------------------------
2026-09-10 12:21:37,698 P2760439 INFO 24/50 starting... lr: 0.001 para:0.03999999910593033
2026-09-10 12:22:13,800 P2760439 INFO Epoch 24/50, all_loss:1393.26428 cls_loss:1317.23621 rec_loss:3217.93970 [36.10s]; best loss:1355.23096, patience : 1
2026-09-10 12:22:32,121 P2760439 INFO pr:0.7022  rc:0.3787  auc:0.7042 ap:0.6569 f1: 0.4920 pred_right: 1077600 pred_wrong:18600 actu_right: 1061712 actu_wrong: 34488
2026-09-10 12:22:40,257 P2760439 INFO pr:0.6905  rc:0.3780  auc:0.7028 ap:0.6534 f1: 0.4886 pred_right: 461693 pred_wrong:8107 actu_right: 454992 actu_wrong: 14808
2026-09-10 12:22:40,263 P2760439 INFO ----------------------------------------------------------------------------------------------------
2026-09-10 12:22:40,263 P2760439 INFO 25/50 starting... lr: 0.001 para:0.03846153989434242
2026-09-10 12:23:15,714 P2760439 INFO Epoch 25/50, all_loss:1259.52551 cls_loss:1179.93494 rec_loss:3249.29028 [35.44s]; best loss:1259.52551, patience : 0
2026-09-10 12:23:47,997 P2760439 INFO pr:0.4736  rc:0.4372  auc:0.7360 ap:0.6275 f1: 0.4547 pred_right: 1064361 pred_wrong:31839 actu_right: 1061711 actu_wrong: 34489
2026-09-10 12:23:55,944 P2760439 INFO pr:0.4723  rc:0.4340  auc:0.7351 ap:0.6271 f1: 0.4523 pred_right: 456194 pred_wrong:13606 actu_right: 454992 actu_wrong: 14808
2026-09-10 12:23:55,945 P2760439 INFO ----------------------------------------------------------------------------------------------------
2026-09-10 12:23:55,952 P2760439 INFO 26/50 starting... lr: 0.001 para:0.03703703731298447
2026-09-10 12:24:31,814 P2760439 INFO Epoch 26/50, all_loss:1107.30347 cls_loss:1025.81616 rec_loss:3225.97046 [35.85s]; best loss:1107.30347, patience : 0
2026-09-10 12:24:50,094 P2760439 INFO pr:0.5525  rc:0.4661  auc:0.7492 ap:0.6521 f1: 0.5056 pred_right: 1067103 pred_wrong:29097 actu_right: 1061709 actu_wrong: 34491
2026-09-10 12:24:58,047 P2760439 INFO pr:0.5478  rc:0.4616  auc:0.7462 ap:0.6484 f1: 0.5011 pred_right: 457322 pred_wrong:12478 actu_right: 454992 actu_wrong: 14808
2026-09-10 12:24:58,053 P2760439 INFO ----------------------------------------------------------------------------------------------------
2026-09-10 12:24:58,053 P2760439 INFO 27/50 starting... lr: 0.001 para:0.0357142873108387
2026-09-10 12:25:33,780 P2760439 INFO Epoch 27/50, all_loss:1020.19440 cls_loss:938.41382 rec_loss:3228.27124 [35.72s]; best loss:1020.19440, patience : 0
2026-09-10 12:26:04,240 P2760439 INFO pr:0.5593  rc:0.4445  auc:0.7388 ap:0.6482 f1: 0.4953 pred_right: 1068787 pred_wrong:27413 actu_right: 1061709 actu_wrong: 34491
2026-09-10 12:26:12,252 P2760439 INFO pr:0.5560  rc:0.4417  auc:0.7375 ap:0.6459 f1: 0.4923 pred_right: 458037 pred_wrong:11763 actu_right: 454992 actu_wrong: 14808
2026-09-10 12:26:12,254 P2760439 INFO ----------------------------------------------------------------------------------------------------
2026-09-10 12:26:12,254 P2760439 INFO 28/50 starting... lr: 0.001 para:0.03448275849223137
2026-09-10 12:26:49,158 P2760439 INFO Epoch 28/50, all_loss:1013.96796 cls_loss:933.96674 rec_loss:3254.00195 [36.90s]; best loss:1013.96796, patience : 0
2026-09-10 12:27:07,544 P2760439 INFO pr:0.6468  rc:0.4100  auc:0.7203 ap:0.6558 f1: 0.5019 pred_right: 1074339 pred_wrong:21861 actu_right: 1061710 actu_wrong: 34490
2026-09-10 12:27:15,130 P2760439 INFO pr:0.6393  rc:0.4109  auc:0.7198 ap:0.6537 f1: 0.5003 pred_right: 460282 pred_wrong:9518 actu_right: 454992 actu_wrong: 14808
2026-09-10 12:27:15,133 P2760439 INFO ----------------------------------------------------------------------------------------------------
2026-09-10 12:27:15,133 P2760439 INFO 29/50 starting... lr: 0.001 para:0.03333333507180214
2026-09-10 12:27:51,334 P2760439 INFO Epoch 29/50, all_loss:892.30127 cls_loss:811.30359 rec_loss:3241.23608 [36.20s]; best loss:892.30127, patience : 0
2026-09-10 12:28:20,971 P2760439 INFO pr:0.4939  rc:0.5491  auc:0.7970 ap:0.6636 f1: 0.5201 pred_right: 1057864 pred_wrong:38336 actu_right: 1061713 actu_wrong: 34487
2026-09-10 12:28:28,794 P2760439 INFO pr:0.4888  rc:0.5483  auc:0.7960 ap:0.6618 f1: 0.5169 pred_right: 453191 pred_wrong:16609 actu_right: 454992 actu_wrong: 14808
2026-09-10 12:28:28,801 P2760439 INFO ----------------------------------------------------------------------------------------------------
2026-09-10 12:28:28,801 P2760439 INFO 30/50 starting... lr: 0.001 para:0.032258063554763794
2026-09-10 12:29:05,435 P2760439 INFO Epoch 30/50, all_loss:719.20483 cls_loss:634.41248 rec_loss:3262.97485 [36.63s]; best loss:719.20483, patience : 0
2026-09-10 12:29:23,779 P2760439 INFO pr:0.9923  rc:0.3219  auc:0.6623 ap:0.6622 f1: 0.4861 pred_right: 1085013 pred_wrong:11187 actu_right: 1061713 actu_wrong: 34487
2026-09-10 12:29:31,586 P2760439 INFO pr:0.9916  rc:0.3183  auc:0.6605 ap:0.6605 f1: 0.4820 pred_right: 465046 pred_wrong:4754 actu_right: 454992 actu_wrong: 14808
2026-09-10 12:29:31,588 P2760439 INFO ----------------------------------------------------------------------------------------------------
2026-09-10 12:29:31,588 P2760439 INFO 31/50 starting... lr: 0.001 para:0.03125
2026-09-10 12:30:09,350 P2760439 INFO Epoch 31/50, all_loss:691.44696 cls_loss:610.22559 rec_loss:3209.30859 [37.76s]; best loss:691.44696, patience : 0
2026-09-10 12:30:37,142 P2760439 INFO pr:0.7887  rc:0.3921  auc:0.7123 ap:0.6813 f1: 0.5238 pred_right: 1079053 pred_wrong:17147 actu_right: 1061710 actu_wrong: 34490
2026-09-10 12:30:46,436 P2760439 INFO pr:0.7922  rc:0.3877  auc:0.7109 ap:0.6813 f1: 0.5206 pred_right: 462553 pred_wrong:7247 actu_right: 454992 actu_wrong: 14808
2026-09-10 12:30:46,441 P2760439 INFO ----------------------------------------------------------------------------------------------------
2026-09-10 12:30:46,441 P2760439 INFO 32/50 starting... lr: 0.001 para:0.03030303120613098
2026-09-10 12:31:22,937 P2760439 INFO Epoch 32/50, all_loss:617.57349 cls_loss:535.33002 rec_loss:3249.36572 [36.49s]; best loss:617.57349, patience : 0
2026-09-10 12:31:42,479 P2760439 INFO pr:0.5702  rc:0.5311  auc:0.7972 ap:0.6900 f1: 0.5500 pred_right: 1064076 pred_wrong:32124 actu_right: 1061712 actu_wrong: 34488
2026-09-10 12:31:49,886 P2760439 INFO pr:0.5715  rc:0.5290  auc:0.7970 ap:0.6903 f1: 0.5494 pred_right: 456093 pred_wrong:13707 actu_right: 454992 actu_wrong: 14808
2026-09-10 12:31:49,893 P2760439 INFO ----------------------------------------------------------------------------------------------------
2026-09-10 12:31:49,893 P2760439 INFO 33/50 starting... lr: 0.001 para:0.029411764815449715
2026-09-10 12:32:27,629 P2760439 INFO Epoch 33/50, all_loss:514.17297 cls_loss:431.75354 rec_loss:3234.01416 [37.73s]; best loss:514.17297, patience : 0
2026-09-10 12:32:57,117 P2760439 INFO pr:0.4603  rc:0.5962  auc:0.8166 ap:0.6623 f1: 0.5195 pred_right: 1051533 pred_wrong:44667 actu_right: 1061712 actu_wrong: 34488
2026-09-10 12:33:06,003 P2760439 INFO pr:0.4604  rc:0.5968  auc:0.8177 ap:0.6629 f1: 0.5198 pred_right: 450606 pred_wrong:19194 actu_right: 454992 actu_wrong: 14808
2026-09-10 12:33:06,004 P2760439 INFO ----------------------------------------------------------------------------------------------------
2026-09-10 12:33:06,004 P2760439 INFO 34/50 starting... lr: 0.001 para:0.02857142873108387
2026-09-10 12:33:43,866 P2760439 INFO Epoch 34/50, all_loss:555.19879 cls_loss:476.15421 rec_loss:3242.71436 [37.86s]; best loss:514.17297, patience : 1
2026-09-10 12:34:01,854 P2760439 INFO pr:0.2873  rc:0.5217  auc:0.7582 ap:0.5841 f1: 0.3705 pred_right: 1033569 pred_wrong:62631 actu_right: 1061708 actu_wrong: 34492
2026-09-10 12:34:09,770 P2760439 INFO pr:0.2880  rc:0.5239  auc:0.7574 ap:0.5839 f1: 0.3717 pred_right: 442860 pred_wrong:26940 actu_right: 454992 actu_wrong: 14808
2026-09-10 12:34:09,771 P2760439 INFO ----------------------------------------------------------------------------------------------------
2026-09-10 12:34:09,771 P2760439 INFO 35/50 starting... lr: 0.001 para:0.02777777798473835
2026-09-10 12:34:47,994 P2760439 INFO Epoch 35/50, all_loss:538.47345 cls_loss:460.27109 rec_loss:3275.55444 [38.22s]; best loss:514.17297, patience : 1
2026-09-10 12:35:15,084 P2760439 INFO pr:0.6269  rc:0.5009  auc:0.7744 ap:0.6918 f1: 0.5568 pred_right: 1068647 pred_wrong:27553 actu_right: 1061714 actu_wrong: 34486
2026-09-10 12:35:24,908 P2760439 INFO pr:0.6262  rc:0.4957  auc:0.7714 ap:0.6892 f1: 0.5534 pred_right: 458079 pred_wrong:11721 actu_right: 454992 actu_wrong: 14808
2026-09-10 12:35:24,914 P2760439 INFO ----------------------------------------------------------------------------------------------------
2026-09-10 12:35:24,915 P2760439 INFO 36/50 starting... lr: 0.001 para:0.027027027681469917
2026-09-10 12:36:01,880 P2760439 INFO Epoch 36/50, all_loss:385.81653 cls_loss:308.94974 rec_loss:3153.02100 [36.96s]; best loss:385.81653, patience : 0
2026-09-10 12:36:20,434 P2760439 INFO pr:0.5866  rc:0.5434  auc:0.7977 ap:0.6961 f1: 0.5642 pred_right: 1064248 pred_wrong:31952 actu_right: 1061711 actu_wrong: 34489
2026-09-10 12:36:27,415 P2760439 INFO pr:0.5808  rc:0.5364  auc:0.7939 ap:0.6924 f1: 0.5577 pred_right: 456124 pred_wrong:13676 actu_right: 454992 actu_wrong: 14808
2026-09-10 12:36:27,421 P2760439 INFO ----------------------------------------------------------------------------------------------------
2026-09-10 12:36:27,421 P2760439 INFO 37/50 starting... lr: 0.001 para:0.02631578966975212
2026-09-10 12:37:07,540 P2760439 INFO Epoch 37/50, all_loss:323.35535 cls_loss:247.30017 rec_loss:3137.39526 [40.11s]; best loss:323.35535, patience : 0
2026-09-10 12:37:25,043 P2760439 INFO pr:0.5415  rc:0.6055  auc:0.8500 ap:0.7162 f1: 0.5717 pred_right: 1057630 pred_wrong:38570 actu_right: 1061708 actu_wrong: 34492
2026-09-10 12:37:43,254 P2760439 INFO pr:0.5396  rc:0.6077  auc:0.8494 ap:0.7143 f1: 0.5716 pred_right: 453122 pred_wrong:16678 actu_right: 454992 actu_wrong: 14808
2026-09-10 12:37:43,261 P2760439 INFO ----------------------------------------------------------------------------------------------------
2026-09-10 12:37:43,261 P2760439 INFO 38/50 starting... lr: 0.001 para:0.025641025975346565
2026-09-10 12:38:20,337 P2760439 INFO Epoch 38/50, all_loss:312.84494 cls_loss:239.25314 rec_loss:3109.33350 [37.07s]; best loss:312.84494, patience : 0
2026-09-10 12:38:38,748 P2760439 INFO pr:0.6842  rc:0.4955  auc:0.7768 ap:0.7102 f1: 0.5747 pred_right: 1071222 pred_wrong:24978 actu_right: 1061712 actu_wrong: 34488
2026-09-10 12:38:46,494 P2760439 INFO pr:0.6792  rc:0.4899  auc:0.7727 ap:0.7052 f1: 0.5692 pred_right: 459118 pred_wrong:10682 actu_right: 454992 actu_wrong: 14808
2026-09-10 12:38:46,500 P2760439 INFO ----------------------------------------------------------------------------------------------------
2026-09-10 12:38:46,500 P2760439 INFO 39/50 starting... lr: 0.001 para:0.02500000037252903
2026-09-10 12:39:24,817 P2760439 INFO Epoch 39/50, all_loss:260.65659 cls_loss:187.89131 rec_loss:3098.50244 [38.31s]; best loss:260.65659, patience : 0
2026-09-10 12:39:42,802 P2760439 INFO pr:0.4575  rc:0.7091  auc:0.8922 ap:0.7052 f1: 0.5561 pred_right: 1042741 pred_wrong:53459 actu_right: 1061711 actu_wrong: 34489
2026-09-10 12:40:00,380 P2760439 INFO pr:0.4573  rc:0.7121  auc:0.8926 ap:0.7048 f1: 0.5569 pred_right: 446740 pred_wrong:23060 actu_right: 454992 actu_wrong: 14808
2026-09-10 12:40:00,381 P2760439 INFO ----------------------------------------------------------------------------------------------------
2026-09-10 12:40:00,381 P2760439 INFO 40/50 starting... lr: 0.001 para:0.024390242993831635
2026-09-10 12:40:37,541 P2760439 INFO Epoch 40/50, all_loss:260.35257 cls_loss:191.02251 rec_loss:3033.55615 [37.15s]; best loss:260.35257, patience : 0
2026-09-10 12:40:56,258 P2760439 INFO pr:0.7856  rc:0.4103  auc:0.7884 ap:0.7591 f1: 0.5390 pred_right: 1078188 pred_wrong:18012 actu_right: 1061708 actu_wrong: 34492
2026-09-10 12:41:03,880 P2760439 INFO pr:0.7755  rc:0.4084  auc:0.7871 ap:0.7550 f1: 0.5351 pred_right: 462001 pred_wrong:7799 actu_right: 454992 actu_wrong: 14808
2026-09-10 12:41:03,881 P2760439 INFO ----------------------------------------------------------------------------------------------------
2026-09-10 12:41:03,882 P2760439 INFO 41/50 starting... lr: 0.001 para:0.02380952425301075
2026-09-10 12:41:42,299 P2760439 INFO Epoch 41/50, all_loss:251.59673 cls_loss:183.21196 rec_loss:3055.37305 [38.41s]; best loss:251.59673, patience : 0
2026-09-10 12:41:58,998 P2760439 INFO pr:0.9201  rc:0.3576  auc:0.7444 ap:0.7490 f1: 0.5151 pred_right: 1082795 pred_wrong:13405 actu_right: 1061713 actu_wrong: 34487
2026-09-10 12:42:17,255 P2760439 INFO pr:0.9181  rc:0.3556  auc:0.7428 ap:0.7474 f1: 0.5127 pred_right: 464064 pred_wrong:5736 actu_right: 454992 actu_wrong: 14808
2026-09-10 12:42:17,256 P2760439 INFO ----------------------------------------------------------------------------------------------------
2026-09-10 12:42:17,257 P2760439 INFO 42/50 starting... lr: 0.001 para:0.023255813866853714
2026-09-10 12:42:53,821 P2760439 INFO Epoch 42/50, all_loss:205.39511 cls_loss:138.61021 rec_loss:3010.36084 [36.56s]; best loss:205.39511, patience : 0
2026-09-10 12:43:11,738 P2760439 INFO pr:0.8985  rc:0.3612  auc:0.7676 ap:0.7682 f1: 0.5153 pred_right: 1082334 pred_wrong:13866 actu_right: 1061710 actu_wrong: 34490
2026-09-10 12:43:19,307 P2760439 INFO pr:0.8972  rc:0.3588  auc:0.7639 ap:0.7639 f1: 0.5126 pred_right: 463878 pred_wrong:5922 actu_right: 454992 actu_wrong: 14808
2026-09-10 12:43:19,308 P2760439 INFO ----------------------------------------------------------------------------------------------------
2026-09-10 12:43:19,309 P2760439 INFO 43/50 starting... lr: 0.001 para:0.022727273404598236
2026-09-10 12:43:59,066 P2760439 INFO Epoch 43/50, all_loss:168.29468 cls_loss:103.29964 rec_loss:2963.08154 [39.75s]; best loss:168.29468, patience : 0
2026-09-10 12:44:14,106 P2760439 INFO pr:0.5647  rc:0.5614  auc:0.8796 ap:0.7545 f1: 0.5631 pred_right: 1061910 pred_wrong:34290 actu_right: 1061712 actu_wrong: 34488
2026-09-10 12:44:34,345 P2760439 INFO pr:0.5670  rc:0.5617  auc:0.8794 ap:0.7542 f1: 0.5644 pred_right: 455131 pred_wrong:14669 actu_right: 454992 actu_wrong: 14808
2026-09-10 12:44:34,346 P2760439 INFO ----------------------------------------------------------------------------------------------------
2026-09-10 12:44:34,346 P2760439 INFO 44/50 starting... lr: 0.001 para:0.02222222276031971
2026-09-10 12:45:11,878 P2760439 INFO Epoch 44/50, all_loss:157.74907 cls_loss:94.49205 rec_loss:2941.05762 [37.52s]; best loss:157.74907, patience : 0
2026-09-10 12:45:30,433 P2760439 INFO pr:0.5064  rc:0.6762  auc:0.9240 ap:0.7496 f1: 0.5791 pred_right: 1050142 pred_wrong:46058 actu_right: 1061711 actu_wrong: 34489
2026-09-10 12:45:38,316 P2760439 INFO pr:0.5052  rc:0.6761  auc:0.9235 ap:0.7475 f1: 0.5783 pred_right: 449981 pred_wrong:19819 actu_right: 454992 actu_wrong: 14808
2026-09-10 12:45:38,321 P2760439 INFO ----------------------------------------------------------------------------------------------------
2026-09-10 12:45:38,321 P2760439 INFO 45/50 starting... lr: 0.001 para:0.021739130839705467
2026-09-10 12:46:16,621 P2760439 INFO Epoch 45/50, all_loss:120.27709 cls_loss:58.33088 rec_loss:2907.85645 [38.29s]; best loss:120.27709, patience : 0
2026-09-10 12:46:32,347 P2760439 INFO pr:0.7556  rc:0.4597  auc:0.8909 ap:0.8130 f1: 0.5716 pred_right: 1075215 pred_wrong:20985 actu_right: 1061710 actu_wrong: 34490
2026-09-10 12:46:50,790 P2760439 INFO pr:0.7567  rc:0.4560  auc:0.8900 ap:0.8114 f1: 0.5691 pred_right: 460876 pred_wrong:8924 actu_right: 454992 actu_wrong: 14808
2026-09-10 12:46:50,793 P2760439 INFO ----------------------------------------------------------------------------------------------------
2026-09-10 12:46:50,793 P2760439 INFO 46/50 starting... lr: 0.001 para:0.021276595070958138
2026-09-10 12:47:29,970 P2760439 INFO Epoch 46/50, all_loss:132.52713 cls_loss:73.00491 rec_loss:2870.54980 [39.18s]; best loss:120.27709, patience : 1
2026-09-10 12:47:48,238 P2760439 INFO pr:0.5463  rc:0.5854  auc:0.8714 ap:0.7405 f1: 0.5652 pred_right: 1059238 pred_wrong:36962 actu_right: 1061708 actu_wrong: 34492
2026-09-10 12:47:56,518 P2760439 INFO pr:0.5423  rc:0.5818  auc:0.8699 ap:0.7375 f1: 0.5613 pred_right: 453913 pred_wrong:15887 actu_right: 454992 actu_wrong: 14808
2026-09-10 12:47:56,519 P2760439 INFO ----------------------------------------------------------------------------------------------------
2026-09-10 12:47:56,520 P2760439 INFO 47/50 starting... lr: 0.001 para:0.02083333395421505
2026-09-10 12:48:36,735 P2760439 INFO Epoch 47/50, all_loss:143.50307 cls_loss:84.76633 rec_loss:2904.12891 [40.21s]; best loss:120.27709, patience : 2
2026-09-10 12:48:53,940 P2760439 INFO pr:0.8397  rc:0.3676  auc:0.7990 ap:0.7722 f1: 0.5113 pred_right: 1081101 pred_wrong:15099 actu_right: 1061708 actu_wrong: 34492
2026-09-10 12:49:11,617 P2760439 INFO pr:0.8406  rc:0.3622  auc:0.7953 ap:0.7687 f1: 0.5063 pred_right: 463419 pred_wrong:6381 actu_right: 454992 actu_wrong: 14808
2026-09-10 12:49:11,619 P2760439 INFO ----------------------------------------------------------------------------------------------------
2026-09-10 12:49:11,619 P2760439 INFO 48/50 starting... lr: 0.001 para:0.020408162847161293
2026-09-10 12:49:53,153 P2760439 INFO Epoch 48/50, all_loss:147.14365 cls_loss:87.79775 rec_loss:2995.74634 [41.53s]; best loss:120.27709, patience : 3
2026-09-10 12:50:12,510 P2760439 INFO pr:0.1389  rc:0.0937  auc:0.6302 ap:0.5342 f1: 0.1119 pred_right: 1072944 pred_wrong:23256 actu_right: 1061710 actu_wrong: 34490
2026-09-10 12:50:20,532 P2760439 INFO pr:0.1363  rc:0.0954  auc:0.6309 ap:0.5340 f1: 0.1123 pred_right: 459435 pred_wrong:10365 actu_right: 454992 actu_wrong: 14808
2026-09-10 12:50:20,533 P2760439 INFO ----------------------------------------------------------------------------------------------------
2026-09-10 12:50:20,533 P2760439 INFO 49/50 starting... lr: 0.001 para:0.019999999552965164
2026-09-10 12:51:01,985 P2760439 INFO Epoch 49/50, all_loss:175.09991 cls_loss:120.85028 rec_loss:2833.33105 [41.45s]; best loss:120.27709, patience : 4
2026-09-10 12:51:19,619 P2760439 INFO pr:0.3341  rc:0.0080  auc:0.5118 ap:0.5048 f1: 0.0156 pred_right: 1095374 pred_wrong:826 actu_right: 1061712 actu_wrong: 34488
2026-09-10 12:51:39,870 P2760439 INFO pr:0.3686  rc:0.0097  auc:0.5116 ap:0.5058 f1: 0.0188 pred_right: 469412 pred_wrong:388 actu_right: 454992 actu_wrong: 14808
2026-09-10 12:51:39,872 P2760439 INFO saving model...
2026-09-10 12:51:39,872 P2760439 INFO FITS_Legendre - loss  best score:120.27709197998047 at epoch 45
2026-09-10 12:51:39,880 P2760439 INFO FITS_Legendre - f1  best score:0.5790904689187679 at epoch 44
2026-09-10 12:51:39,889 P2760439 INFO Average training time per epoch: 39.61 seconds
2026-09-10 12:51:39,890 P2760439 INFO calculate scores...
2026-09-10 12:51:39,891 P2760439 INFO calculate label with loss...
2026-09-10 12:51:39,891 P2760439 INFO FITS_Legendre on ./result/server_only_exps/Ablations_updatedFreDF/FITS_Legendre-TT-Epochs50-Seed1-ExpNameRQ2z5_basis_degree_comparison-LPFLPF-Attnlinear_attn-NormLinTrue-RecLambda1.0-AuxiLambda0.2-lowshow-simplegraph-Degree3-BasisTypehermite loading...
2026-09-10 12:51:47,918 P2760439 INFO pr:0.7567  rc:0.4560  auc:0.8900 ap:0.8114 f1: 0.5691 pred_right: 460876 pred_wrong:8924 actu_right: 454992 actu_wrong: 14808
2026-09-10 12:52:00,292 P2760439 INFO pr:0.7567  rc:0.4560  auc:0.8900 ap:0.8114 f1: 0.5691 pred_right: 460876 pred_wrong:8924 actu_right: 454992 actu_wrong: 14808
2026-09-10 12:52:00,293 P2760439 INFO Performance Summary:
{'GPU': {'inference_time_per_sample_ms': 0.4196551983173077, 'throughput_samples_per_sec': 2382.908645025016, 'peak_memory_mb': 87.724609375, 'energy_per_sample_joules': 0.02045189608999399}, 'CPU': {'inference_time_per_sample_ms': 0.6702273365550693, 'throughput_samples_per_sec': 1492.0310549252492, 'peak_memory_mb': 6161.21875, 'energy_per_sample_joules': 0.0435647768760795}}
2026-09-10 12:52:00,293 P2760439 INFO Starting clean-room hardware benchmarking...
2026-09-10 12:52:01,596 P2760439 INFO Performance with loss: pr:0.7567  rc:0.4560  auc:0.8900 ap:0.8114 f1: 0.5691 pred_right: 460876 pred_wrong:8924 actu_right: 454992 actu_wrong: 14808
2026-09-10 12:52:01,597 P2760439 INFO calculate label with f1...
2026-09-10 12:52:01,597 P2760439 INFO FITS_Legendre on ./result/server_only_exps/Ablations_updatedFreDF/FITS_Legendre-TT-Epochs50-Seed1-ExpNameRQ2z5_basis_degree_comparison-LPFLPF-Attnlinear_attn-NormLinTrue-RecLambda1.0-AuxiLambda0.2-lowshow-simplegraph-Degree3-BasisTypehermite loading...
2026-09-10 12:52:08,085 P2760439 INFO pr:0.5052  rc:0.6761  auc:0.9235 ap:0.7475 f1: 0.5783 pred_right: 449981 pred_wrong:19819 actu_right: 454992 actu_wrong: 14808
2026-09-10 12:52:20,262 P2760439 INFO pr:0.5052  rc:0.6761  auc:0.9235 ap:0.7475 f1: 0.5783 pred_right: 449981 pred_wrong:19819 actu_right: 454992 actu_wrong: 14808
2026-09-10 12:52:20,263 P2760439 INFO Performance Summary:
{'GPU': {'inference_time_per_sample_ms': 0.3381123416869977, 'throughput_samples_per_sec': 2957.596859702136, 'peak_memory_mb': 87.220703125, 'energy_per_sample_joules': 0.017753602837300875}, 'CPU': {'inference_time_per_sample_ms': 0.6645604608800737, 'throughput_samples_per_sec': 1504.7539823174336, 'peak_memory_mb': 5429.625, 'energy_per_sample_joules': 0.04319642995720479}}
2026-09-10 12:52:20,263 P2760439 INFO Starting clean-room hardware benchmarking...
2026-09-10 12:52:21,372 P2760439 INFO Performance with f1: pr:0.5052  rc:0.6761  auc:0.9235 ap:0.7475 f1: 0.5783 pred_right: 449981 pred_wrong:19819 actu_right: 454992 actu_wrong: 14808
2026-09-10 12:52:21,372 P2760439 INFO Collecting case-study samples...
2026-09-14 22:45:58,500 P3261382 INFO ---- Model: ----MSTGAD-bb447f5a----random_seed : 1----req_loss_approach : Legendre-style----rec_lambda : 1.0----auxi_lambda : 0.2----Freq Domain : FITS_Legendre----Multi Fits : false----train : True----evaluate : False
2026-09-14 22:45:58,501 P3261382 INFO Load from /home/db2003/Desktop/Amr/Tests/Eadro/codes/chunks/TT
2026-09-14 22:46:14,700 P3261382 INFO Fewshot: training with 1.0 of the 70% of the data
2026-09-14 22:46:14,825 P3261382 INFO Trainable Parameters Breakdown:
2026-09-14 22:46:14,825 P3261382 INFO --------------------------------------------------------------------------------
2026-09-14 22:46:14,825 P3261382 INFO Reconstruction-Specific Parameters:
2026-09-14 22:46:14,825 P3261382 INFO node_emb.linear.weight                   | shape: (8, 7)                    | params: 56
2026-09-14 22:46:14,825 P3261382 INFO node_emb.linear.bias                     | shape: (8,)                      | params: 8
2026-09-14 22:46:14,825 P3261382 INFO log_emb.linear.weight                    | shape: (32, 60)                  | params: 1,920
2026-09-14 22:46:14,825 P3261382 INFO log_emb.linear.bias                      | shape: (32,)                     | params: 32
2026-09-14 22:46:14,825 P3261382 INFO egde_emb.linear.weight                   | shape: (8, 2)                    | params: 16
2026-09-14 22:46:14,826 P3261382 INFO egde_emb.linear.bias                     | shape: (8,)                      | params: 8
2026-09-14 22:46:14,826 P3261382 INFO dense_node.weight                        | shape: (7, 8)                    | params: 56
2026-09-14 22:46:14,826 P3261382 INFO dense_node.bias                          | shape: (7,)                      | params: 7
2026-09-14 22:46:14,826 P3261382 INFO dense_log.weight                         | shape: (60, 32)                  | params: 1,920
2026-09-14 22:46:14,826 P3261382 INFO dense_log.bias                           | shape: (60,)                     | params: 60
2026-09-14 22:46:14,826 P3261382 INFO dense_edge.weight                        | shape: (2, 8)                    | params: 16
2026-09-14 22:46:14,826 P3261382 INFO dense_edge.bias                          | shape: (2,)                      | params: 2
2026-09-14 22:46:14,826 P3261382 INFO linear_attn.Wq.weight                    | shape: (10, 10)                  | params: 100
2026-09-14 22:46:14,826 P3261382 INFO linear_attn.Wk.weight                    | shape: (10, 10)                  | params: 100
2026-09-14 22:46:14,826 P3261382 INFO linear_attn.Wv.weight                    | shape: (10, 10)                  | params: 100
2026-09-14 22:46:14,826 P3261382 INFO linear_attn.out.weight                   | shape: (10, 10)                  | params: 100
2026-09-14 22:46:14,826 P3261382 INFO linear_attn.out.bias                     | shape: (10,)                     | params: 10
2026-09-14 22:46:14,826 P3261382 INFO linear_attn.norm.weight                  | shape: (10,)                     | params: 10
2026-09-14 22:46:14,826 P3261382 INFO linear_attn.norm.bias                    | shape: (10,)                     | params: 10
2026-09-14 22:46:14,826 P3261382 INFO shared_fits.normlin_W                    | shape: (3, 3)                    | params: 9
2026-09-14 22:46:14,826 P3261382 INFO shared_fits.freq_upsampler.weight        | shape: (3, 3)                    | params: 9
2026-09-14 22:46:14,827 P3261382 INFO shared_fits.freq_upsampler.bias          | shape: (3,)                      | params: 3
2026-09-14 22:46:14,827 P3261382 INFO modality_proj.node.weight                | shape: (10, 8)                   | params: 80
2026-09-14 22:46:14,827 P3261382 INFO modality_proj.node.bias                  | shape: (10,)                     | params: 10
2026-09-14 22:46:14,827 P3261382 INFO modality_proj.log.weight                 | shape: (10, 32)                  | params: 320
2026-09-14 22:46:14,827 P3261382 INFO modality_proj.log.bias                   | shape: (10,)                     | params: 10
2026-09-14 22:46:14,827 P3261382 INFO modality_proj.edge.weight                | shape: (10, 8)                   | params: 80
2026-09-14 22:46:14,827 P3261382 INFO modality_proj.edge.bias                  | shape: (10,)                     | params: 10
2026-09-14 22:46:14,827 P3261382 INFO modality_proj_out.node.weight            | shape: (8, 10)                   | params: 80
2026-09-14 22:46:14,827 P3261382 INFO modality_proj_out.node.bias              | shape: (8,)                      | params: 8
2026-09-14 22:46:14,827 P3261382 INFO modality_proj_out.log.weight             | shape: (32, 10)                  | params: 320
2026-09-14 22:46:14,827 P3261382 INFO modality_proj_out.log.bias               | shape: (32,)                     | params: 32
2026-09-14 22:46:14,827 P3261382 INFO modality_proj_out.edge.weight            | shape: (8, 10)                   | params: 80
2026-09-14 22:46:14,827 P3261382 INFO modality_proj_out.edge.bias              | shape: (8,)                      | params: 8
2026-09-14 22:46:14,827 P3261382 INFO Subtotal: 5,590
2026-09-14 22:46:14,827 P3261382 INFO --------------------------------------------------------------------------------
2026-09-14 22:46:14,828 P3261382 INFO Common Parameters:
2026-09-14 22:46:14,828 P3261382 INFO show.0.weight                            | shape: (128, 69)                 | params: 8,832
2026-09-14 22:46:14,828 P3261382 INFO show.0.bias                              | shape: (128,)                    | params: 128
2026-09-14 22:46:14,828 P3261382 INFO show.2.weight                            | shape: (2, 128)                  | params: 256
2026-09-14 22:46:14,828 P3261382 INFO show.2.bias                              | shape: (2,)                      | params: 2
2026-09-14 22:46:14,828 P3261382 INFO Subtotal: 9,218
2026-09-14 22:46:14,828 P3261382 INFO --------------------------------------------------------------------------------
2026-09-14 22:46:14,828 P3261382 INFO Total Trainable Parameters: 14,808

2026-09-14 22:46:14,828 P3261382 INFO Trainable Parameters: 14808, reconstruction: 5590, common: 9218
2026-09-14 22:46:14,828 P3261382 INFO model : init weight
2026-09-14 22:46:14,829 P3261382 INFO Using GPU...
2026-09-14 22:46:14,837 P3261382 INFO optimizer : using AdaBelief
2026-09-14 22:46:14,837 P3261382 INFO ----------------------------------------------------------------------------------------------------
2026-09-14 22:46:14,837 P3261382 INFO 0/50 starting... lr: 0.001 para:1.0
2026-09-14 22:46:45,168 P3261382 INFO Epoch 0/50, all_loss:4318.92383 cls_loss:448503.06250 rec_loss:4318.92383 [30.32s]; best loss:4318.92383, patience : 0
2026-09-14 22:46:45,169 P3261382 INFO ----------------------------------------------------------------------------------------------------
2026-09-14 22:46:45,169 P3261382 INFO 1/50 starting... lr: 0.001 para:0.5
2026-09-14 22:47:27,943 P3261382 INFO Epoch 1/50, all_loss:6609.28076 cls_loss:10316.85352 rec_loss:2901.70801 [42.77s]; best loss:6609.28076, patience : 0
2026-09-14 22:47:27,943 P3261382 INFO ----------------------------------------------------------------------------------------------------
2026-09-14 22:47:27,944 P3261382 INFO 2/50 starting... lr: 0.001 para:0.3333333432674408
2026-09-14 22:48:00,322 P3261382 INFO Epoch 2/50, all_loss:4057.74609 cls_loss:4637.18018 rec_loss:2898.87744 [32.37s]; best loss:4057.74609, patience : 0
2026-09-14 22:48:17,843 P3261382 INFO pr:0.1352  rc:0.0164  auc:0.5082 ap:0.5017 f1: 0.0293 pred_right: 1092006 pred_wrong:4194 actu_right: 1061712 actu_wrong: 34488
2026-09-14 22:48:25,468 P3261382 INFO pr:0.1316  rc:0.0158  auc:0.5080 ap:0.5017 f1: 0.0282 pred_right: 468022 pred_wrong:1778 actu_right: 454992 actu_wrong: 14808
2026-09-14 22:48:25,474 P3261382 INFO ----------------------------------------------------------------------------------------------------
2026-09-14 22:48:25,474 P3261382 INFO 3/50 starting... lr: 0.001 para:0.25
2026-09-14 22:49:00,273 P3261382 INFO Epoch 3/50, all_loss:4171.45459 cls_loss:4588.22363 rec_loss:2921.14648 [34.80s]; best loss:4057.74609, patience : 1
2026-09-14 22:49:30,956 P3261382 INFO pr:0.2197  rc:0.0182  auc:0.5116 ap:0.5034 f1: 0.0337 pred_right: 1093337 pred_wrong:2863 actu_right: 1061714 actu_wrong: 34486
2026-09-14 22:49:38,348 P3261382 INFO pr:0.2206  rc:0.0180  auc:0.5112 ap:0.5033 f1: 0.0332 pred_right: 468594 pred_wrong:1206 actu_right: 454992 actu_wrong: 14808
2026-09-14 22:49:38,354 P3261382 INFO ----------------------------------------------------------------------------------------------------
2026-09-14 22:49:38,354 P3261382 INFO 4/50 starting... lr: 0.001 para:0.20000000298023224
2026-09-14 22:50:13,227 P3261382 INFO Epoch 4/50, all_loss:3499.12256 cls_loss:3642.65356 rec_loss:2924.99658 [34.87s]; best loss:3499.12256, patience : 0
2026-09-14 22:50:30,275 P3261382 INFO pr:0.2160  rc:0.0536  auc:0.5279 ap:0.5080 f1: 0.0858 pred_right: 1087651 pred_wrong:8549 actu_right: 1061713 actu_wrong: 34487
2026-09-14 22:50:37,697 P3261382 INFO pr:0.2087  rc:0.0513  auc:0.5265 ap:0.5074 f1: 0.0823 pred_right: 466163 pred_wrong:3637 actu_right: 454992 actu_wrong: 14808
2026-09-14 22:50:37,704 P3261382 INFO ----------------------------------------------------------------------------------------------------
2026-09-14 22:50:37,704 P3261382 INFO 5/50 starting... lr: 0.001 para:0.1666666716337204
2026-09-14 22:51:13,839 P3261382 INFO Epoch 5/50, all_loss:3878.81616 cls_loss:4064.90430 rec_loss:2948.37769 [36.13s]; best loss:3499.12256, patience : 1
2026-09-14 22:51:43,896 P3261382 INFO pr:0.3035  rc:0.0546  auc:0.5294 ap:0.5104 f1: 0.0926 pred_right: 1089992 pred_wrong:6208 actu_right: 1061709 actu_wrong: 34491
2026-09-14 22:51:51,620 P3261382 INFO pr:0.3043  rc:0.0544  auc:0.5292 ap:0.5103 f1: 0.0922 pred_right: 467155 pred_wrong:2645 actu_right: 454992 actu_wrong: 14808
2026-09-14 22:51:51,626 P3261382 INFO ----------------------------------------------------------------------------------------------------
2026-09-14 22:51:51,626 P3261382 INFO 6/50 starting... lr: 0.001 para:0.1428571492433548
2026-09-14 22:52:26,312 P3261382 INFO Epoch 6/50, all_loss:3772.47192 cls_loss:3910.17261 rec_loss:2946.26733 [34.69s]; best loss:3499.12256, patience : 1
2026-09-14 22:52:43,558 P3261382 INFO pr:0.1641  rc:0.1203  auc:0.5522 ap:0.5121 f1: 0.1388 pred_right: 1070907 pred_wrong:25293 actu_right: 1061711 actu_wrong: 34489
2026-09-14 22:52:51,271 P3261382 INFO pr:0.1632  rc:0.1174  auc:0.5506 ap:0.5117 f1: 0.1365 pred_right: 459151 pred_wrong:10649 actu_right: 454992 actu_wrong: 14808
2026-09-14 22:52:51,277 P3261382 INFO ----------------------------------------------------------------------------------------------------
2026-09-14 22:52:51,277 P3261382 INFO 7/50 starting... lr: 0.001 para:0.125
2026-09-14 22:53:27,330 P3261382 INFO Epoch 7/50, all_loss:3758.54248 cls_loss:3864.12402 rec_loss:3019.47046 [36.05s]; best loss:3499.12256, patience : 1
2026-09-14 22:53:51,365 P3261382 INFO pr:0.3059  rc:0.0151  auc:0.5094 ap:0.5036 f1: 0.0288 pred_right: 1094497 pred_wrong:1703 actu_right: 1061715 actu_wrong: 34485
2026-09-14 22:54:02,239 P3261382 INFO pr:0.3131  rc:0.0160  auc:0.5099 ap:0.5039 f1: 0.0305 pred_right: 469043 pred_wrong:757 actu_right: 454992 actu_wrong: 14808
2026-09-14 22:54:02,240 P3261382 INFO ----------------------------------------------------------------------------------------------------
2026-09-14 22:54:02,241 P3261382 INFO 8/50 starting... lr: 0.001 para:0.1111111119389534
2026-09-14 22:54:37,558 P3261382 INFO Epoch 8/50, all_loss:3686.79053 cls_loss:3775.70557 rec_loss:2975.46729 [35.32s]; best loss:3499.12256, patience : 1
2026-09-14 22:54:55,693 P3261382 INFO pr:0.3251  rc:0.0380  auc:0.5207 ap:0.5079 f1: 0.0680 pred_right: 1092170 pred_wrong:4030 actu_right: 1061712 actu_wrong: 34488
2026-09-14 22:55:02,831 P3261382 INFO pr:0.3330  rc:0.0403  auc:0.5215 ap:0.5084 f1: 0.0719 pred_right: 468007 pred_wrong:1793 actu_right: 454992 actu_wrong: 14808
2026-09-14 22:55:02,832 P3261382 INFO ----------------------------------------------------------------------------------------------------
2026-09-14 22:55:02,832 P3261382 INFO 9/50 starting... lr: 0.001 para:0.10000000149011612
2026-09-14 22:55:40,346 P3261382 INFO Epoch 9/50, all_loss:3209.87964 cls_loss:3237.05786 rec_loss:2965.27710 [37.51s]; best loss:3209.87964, patience : 0
2026-09-14 22:55:53,875 P3261382 INFO pr:0.0513  rc:0.0135  auc:0.5035 ap:0.5003 f1: 0.0214 pred_right: 1087102 pred_wrong:9098 actu_right: 1061706 actu_wrong: 34494
2026-09-14 22:56:13,791 P3261382 INFO pr:0.0534  rc:0.0141  auc:0.5034 ap:0.5003 f1: 0.0223 pred_right: 465885 pred_wrong:3915 actu_right: 454992 actu_wrong: 14808
2026-09-14 22:56:13,792 P3261382 INFO ----------------------------------------------------------------------------------------------------
2026-09-14 22:56:13,792 P3261382 INFO 10/50 starting... lr: 0.001 para:0.09090909361839294
2026-09-14 22:56:48,769 P3261382 INFO Epoch 10/50, all_loss:3672.12744 cls_loss:3732.04224 rec_loss:3072.98267 [34.98s]; best loss:3209.87964, patience : 1
2026-09-14 22:57:06,582 P3261382 INFO pr:0.2521  rc:0.1273  auc:0.5615 ap:0.5183 f1: 0.1691 pred_right: 1078792 pred_wrong:17408 actu_right: 1061713 actu_wrong: 34487
2026-09-14 22:57:13,882 P3261382 INFO pr:0.2489  rc:0.1262  auc:0.5610 ap:0.5180 f1: 0.1675 pred_right: 462292 pred_wrong:7508 actu_right: 454992 actu_wrong: 14808
2026-09-14 22:57:13,888 P3261382 INFO ----------------------------------------------------------------------------------------------------
2026-09-14 22:57:13,888 P3261382 INFO 11/50 starting... lr: 0.001 para:0.0833333358168602
2026-09-14 22:57:49,823 P3261382 INFO Epoch 11/50, all_loss:3120.24097 cls_loss:3133.32935 rec_loss:2976.26489 [35.93s]; best loss:3120.24097, patience : 0
2026-09-14 22:58:05,285 P3261382 INFO pr:0.3633  rc:0.0379  auc:0.5212 ap:0.5089 f1: 0.0686 pred_right: 1092602 pred_wrong:3598 actu_right: 1061715 actu_wrong: 34485
2026-09-14 22:58:17,136 P3261382 INFO pr:0.3639  rc:0.0369  auc:0.5211 ap:0.5089 f1: 0.0671 pred_right: 468297 pred_wrong:1503 actu_right: 454992 actu_wrong: 14808
2026-09-14 22:58:17,139 P3261382 INFO ----------------------------------------------------------------------------------------------------
2026-09-14 22:58:17,139 P3261382 INFO 12/50 starting... lr: 0.001 para:0.07692307978868484
2026-09-14 22:58:57,758 P3261382 INFO Epoch 12/50, all_loss:3130.13110 cls_loss:3141.81836 rec_loss:2989.87817 [40.62s]; best loss:3120.24097, patience : 1
2026-09-14 22:59:14,005 P3261382 INFO pr:0.3867  rc:0.0444  auc:0.5283 ap:0.5133 f1: 0.0797 pred_right: 1092236 pred_wrong:3964 actu_right: 1061708 actu_wrong: 34492
2026-09-14 22:59:21,617 P3261382 INFO pr:0.3924  rc:0.0444  auc:0.5278 ap:0.5131 f1: 0.0798 pred_right: 468123 pred_wrong:1677 actu_right: 454992 actu_wrong: 14808
2026-09-14 22:59:21,618 P3261382 INFO ----------------------------------------------------------------------------------------------------
2026-09-14 22:59:21,618 P3261382 INFO 13/50 starting... lr: 0.001 para:0.0714285746216774
2026-09-14 22:59:56,658 P3261382 INFO Epoch 13/50, all_loss:3377.83862 cls_loss:3405.50610 rec_loss:3018.16748 [35.04s]; best loss:3120.24097, patience : 2
2026-09-14 23:00:13,177 P3261382 INFO pr:0.2376  rc:0.0770  auc:0.5404 ap:0.5118 f1: 0.1163 pred_right: 1085026 pred_wrong:11174 actu_right: 1061713 actu_wrong: 34487
2026-09-14 23:00:19,004 P3261382 INFO pr:0.2373  rc:0.0748  auc:0.5393 ap:0.5114 f1: 0.1137 pred_right: 465135 pred_wrong:4665 actu_right: 454992 actu_wrong: 14808
2026-09-14 23:00:19,005 P3261382 INFO ----------------------------------------------------------------------------------------------------
2026-09-14 23:00:19,006 P3261382 INFO 14/50 starting... lr: 0.001 para:0.06666667014360428
2026-09-14 23:01:05,609 P3261382 INFO Epoch 14/50, all_loss:2764.65918 cls_loss:2746.59229 rec_loss:3017.59155 [46.60s]; best loss:2764.65918, patience : 0
2026-09-14 23:01:22,140 P3261382 INFO pr:0.3905  rc:0.0062  auc:0.5050 ap:0.5025 f1: 0.0122 pred_right: 1095652 pred_wrong:548 actu_right: 1061711 actu_wrong: 34489
2026-09-14 23:01:29,503 P3261382 INFO pr:0.4008  rc:0.0064  auc:0.5048 ap:0.5024 f1: 0.0126 pred_right: 469563 pred_wrong:237 actu_right: 454992 actu_wrong: 14808
2026-09-14 23:01:29,504 P3261382 INFO ----------------------------------------------------------------------------------------------------
2026-09-14 23:01:29,504 P3261382 INFO 15/50 starting... lr: 0.001 para:0.0625
2026-09-14 23:02:05,013 P3261382 INFO Epoch 15/50, all_loss:2738.55518 cls_loss:2722.51050 rec_loss:2979.22534 [35.50s]; best loss:2738.55518, patience : 0
2026-09-14 23:02:23,319 P3261382 INFO pr:0.4900  rc:0.1549  auc:0.5832 ap:0.5459 f1: 0.2353 pred_right: 1085301 pred_wrong:10899 actu_right: 1061709 actu_wrong: 34491
2026-09-14 23:02:28,679 P3261382 INFO pr:0.4776  rc:0.1504  auc:0.5808 ap:0.5439 f1: 0.2288 pred_right: 465137 pred_wrong:4663 actu_right: 454992 actu_wrong: 14808
2026-09-14 23:02:28,685 P3261382 INFO ----------------------------------------------------------------------------------------------------
2026-09-14 23:02:28,685 P3261382 INFO 16/50 starting... lr: 0.001 para:0.05882352963089943
2026-09-14 23:03:13,319 P3261382 INFO Epoch 16/50, all_loss:2530.85229 cls_loss:2500.38135 rec_loss:3018.38574 [44.63s]; best loss:2530.85229, patience : 0
2026-09-14 23:03:30,265 P3261382 INFO pr:0.7882  rc:0.2769  auc:0.6386 ap:0.6151 f1: 0.4098 pred_right: 1084084 pred_wrong:12116 actu_right: 1061711 actu_wrong: 34489
2026-09-14 23:03:37,661 P3261382 INFO pr:0.7883  rc:0.2713  auc:0.6361 ap:0.6133 f1: 0.4036 pred_right: 464704 pred_wrong:5096 actu_right: 454992 actu_wrong: 14808
2026-09-14 23:03:37,669 P3261382 INFO ----------------------------------------------------------------------------------------------------
2026-09-14 23:03:37,670 P3261382 INFO 17/50 starting... lr: 0.001 para:0.0555555559694767
2026-09-14 23:04:12,704 P3261382 INFO Epoch 17/50, all_loss:2494.97583 cls_loss:2463.21216 rec_loss:3034.95972 [35.03s]; best loss:2494.97583, patience : 0
2026-09-14 23:04:30,863 P3261382 INFO pr:0.9185  rc:0.2576  auc:0.6293 ap:0.6204 f1: 0.4024 pred_right: 1086526 pred_wrong:9674 actu_right: 1061708 actu_wrong: 34492
2026-09-14 23:04:37,950 P3261382 INFO pr:0.9193  rc:0.2538  auc:0.6275 ap:0.6189 f1: 0.3978 pred_right: 465711 pred_wrong:4089 actu_right: 454992 actu_wrong: 14808
2026-09-14 23:04:37,951 P3261382 INFO ----------------------------------------------------------------------------------------------------
2026-09-14 23:04:37,951 P3261382 INFO 18/50 starting... lr: 0.001 para:0.05263157933950424
2026-09-14 23:05:21,678 P3261382 INFO Epoch 18/50, all_loss:2261.66138 cls_loss:2213.85547 rec_loss:3122.16992 [43.72s]; best loss:2261.66138, patience : 0
2026-09-14 23:05:39,101 P3261382 INFO pr:0.8213  rc:0.3020  auc:0.6520 ap:0.6325 f1: 0.4416 pred_right: 1083516 pred_wrong:12684 actu_right: 1061707 actu_wrong: 34493
2026-09-14 23:05:46,465 P3261382 INFO pr:0.8164  rc:0.2986  auc:0.6506 ap:0.6302 f1: 0.4372 pred_right: 464385 pred_wrong:5415 actu_right: 454992 actu_wrong: 14808
2026-09-14 23:05:46,471 P3261382 INFO ----------------------------------------------------------------------------------------------------
2026-09-14 23:05:46,472 P3261382 INFO 19/50 starting... lr: 0.001 para:0.05000000074505806
2026-09-14 23:06:23,097 P3261382 INFO Epoch 19/50, all_loss:2265.13672 cls_loss:2220.60645 rec_loss:3111.21069 [36.62s]; best loss:2261.66138, patience : 1
2026-09-14 23:06:41,151 P3261382 INFO pr:0.4258  rc:0.3479  auc:0.6753 ap:0.5892 f1: 0.3829 pred_right: 1068022 pred_wrong:28178 actu_right: 1061708 actu_wrong: 34492
2026-09-14 23:06:49,315 P3261382 INFO pr:0.4259  rc:0.3445  auc:0.6728 ap:0.5879 f1: 0.3809 pred_right: 457822 pred_wrong:11978 actu_right: 454992 actu_wrong: 14808
2026-09-14 23:06:49,316 P3261382 INFO ----------------------------------------------------------------------------------------------------
2026-09-14 23:06:49,316 P3261382 INFO 20/50 starting... lr: 0.001 para:0.0476190485060215
2026-09-14 23:07:31,970 P3261382 INFO Epoch 20/50, all_loss:1555.23865 cls_loss:1476.70056 rec_loss:3125.99805 [42.65s]; best loss:1555.23865, patience : 0
2026-09-14 23:07:48,647 P3261382 INFO pr:0.5232  rc:0.3326  auc:0.6657 ap:0.6005 f1: 0.4067 pred_right: 1074276 pred_wrong:21924 actu_right: 1061711 actu_wrong: 34489
2026-09-14 23:07:55,582 P3261382 INFO pr:0.5168  rc:0.3301  auc:0.6642 ap:0.5995 f1: 0.4029 pred_right: 460342 pred_wrong:9458 actu_right: 454992 actu_wrong: 14808
2026-09-14 23:07:55,584 P3261382 INFO ----------------------------------------------------------------------------------------------------
2026-09-14 23:07:55,584 P3261382 INFO 21/50 starting... lr: 0.001 para:0.04545454680919647
2026-09-14 23:08:30,328 P3261382 INFO Epoch 21/50, all_loss:1708.79834 cls_loss:1639.22876 rec_loss:3169.76440 [34.74s]; best loss:1555.23865, patience : 1
2026-09-14 23:08:48,867 P3261382 INFO pr:0.8838  rc:0.3181  auc:0.6609 ap:0.6464 f1: 0.4678 pred_right: 1083784 pred_wrong:12416 actu_right: 1061704 actu_wrong: 34496
2026-09-14 23:08:56,256 P3261382 INFO pr:0.8777  rc:0.3173  auc:0.6600 ap:0.6445 f1: 0.4661 pred_right: 464446 pred_wrong:5354 actu_right: 454992 actu_wrong: 14808
2026-09-14 23:08:56,265 P3261382 INFO ----------------------------------------------------------------------------------------------------
2026-09-14 23:08:56,265 P3261382 INFO 22/50 starting... lr: 0.001 para:0.043478261679410934
2026-09-14 23:09:39,910 P3261382 INFO Epoch 22/50, all_loss:1673.30237 cls_loss:1604.64551 rec_loss:3183.74854 [43.64s]; best loss:1555.23865, patience : 1
2026-09-14 23:09:57,444 P3261382 INFO pr:0.4573  rc:0.3716  auc:0.6947 ap:0.6029 f1: 0.4100 pred_right: 1068180 pred_wrong:28020 actu_right: 1061715 actu_wrong: 34485
2026-09-14 23:10:05,081 P3261382 INFO pr:0.4553  rc:0.3694  auc:0.6920 ap:0.6006 f1: 0.4079 pred_right: 457787 pred_wrong:12013 actu_right: 454992 actu_wrong: 14808
2026-09-14 23:10:05,082 P3261382 INFO ----------------------------------------------------------------------------------------------------
2026-09-14 23:10:05,082 P3261382 INFO 23/50 starting... lr: 0.001 para:0.0416666679084301
2026-09-14 23:10:39,948 P3261382 INFO Epoch 23/50, all_loss:1355.23096 cls_loss:1276.71509 rec_loss:3161.09741 [34.86s]; best loss:1355.23096, patience : 0
2026-09-14 23:10:58,012 P3261382 INFO pr:0.6809  rc:0.3723  auc:0.6977 ap:0.6464 f1: 0.4814 pred_right: 1077342 pred_wrong:18858 actu_right: 1061708 actu_wrong: 34492
2026-09-14 23:11:05,036 P3261382 INFO pr:0.6710  rc:0.3689  auc:0.6960 ap:0.6436 f1: 0.4760 pred_right: 461660 pred_wrong:8140 actu_right: 454992 actu_wrong: 14808
2026-09-14 23:11:05,042 P3261382 INFO ----------------------------------------------------------------------------------------------------
2026-09-14 23:11:05,042 P3261382 INFO 24/50 starting... lr: 0.001 para:0.03999999910593033
2026-09-14 23:11:42,981 P3261382 INFO Epoch 24/50, all_loss:1393.26428 cls_loss:1317.23621 rec_loss:3217.93970 [37.94s]; best loss:1355.23096, patience : 1
2026-09-14 23:12:06,671 P3261382 INFO pr:0.7022  rc:0.3787  auc:0.7042 ap:0.6569 f1: 0.4920 pred_right: 1077600 pred_wrong:18600 actu_right: 1061712 actu_wrong: 34488
2026-09-14 23:12:13,703 P3261382 INFO pr:0.6905  rc:0.3780  auc:0.7028 ap:0.6534 f1: 0.4886 pred_right: 461693 pred_wrong:8107 actu_right: 454992 actu_wrong: 14808
2026-09-14 23:12:13,709 P3261382 INFO ----------------------------------------------------------------------------------------------------
2026-09-14 23:12:13,709 P3261382 INFO 25/50 starting... lr: 0.001 para:0.03846153989434242
2026-09-14 23:12:48,561 P3261382 INFO Epoch 25/50, all_loss:1259.52551 cls_loss:1179.93494 rec_loss:3249.29028 [34.85s]; best loss:1259.52551, patience : 0
2026-09-14 23:13:05,688 P3261382 INFO pr:0.4736  rc:0.4372  auc:0.7360 ap:0.6275 f1: 0.4547 pred_right: 1064361 pred_wrong:31839 actu_right: 1061711 actu_wrong: 34489
2026-09-14 23:13:13,362 P3261382 INFO pr:0.4723  rc:0.4340  auc:0.7351 ap:0.6271 f1: 0.4523 pred_right: 456194 pred_wrong:13606 actu_right: 454992 actu_wrong: 14808
2026-09-14 23:13:13,363 P3261382 INFO ----------------------------------------------------------------------------------------------------
2026-09-14 23:13:13,363 P3261382 INFO 26/50 starting... lr: 0.001 para:0.03703703731298447
2026-09-14 23:13:46,515 P3261382 INFO Epoch 26/50, all_loss:1107.30347 cls_loss:1025.81616 rec_loss:3225.97046 [33.15s]; best loss:1107.30347, patience : 0
2026-09-14 23:14:17,822 P3261382 INFO pr:0.5525  rc:0.4661  auc:0.7492 ap:0.6521 f1: 0.5056 pred_right: 1067103 pred_wrong:29097 actu_right: 1061709 actu_wrong: 34491
2026-09-14 23:14:25,185 P3261382 INFO pr:0.5478  rc:0.4616  auc:0.7462 ap:0.6484 f1: 0.5011 pred_right: 457322 pred_wrong:12478 actu_right: 454992 actu_wrong: 14808
2026-09-14 23:14:25,190 P3261382 INFO ----------------------------------------------------------------------------------------------------
2026-09-14 23:14:25,191 P3261382 INFO 27/50 starting... lr: 0.001 para:0.0357142873108387
2026-09-14 23:14:59,056 P3261382 INFO Epoch 27/50, all_loss:1020.19440 cls_loss:938.41382 rec_loss:3228.27124 [33.86s]; best loss:1020.19440, patience : 0
2026-09-14 23:15:16,869 P3261382 INFO pr:0.5593  rc:0.4445  auc:0.7388 ap:0.6482 f1: 0.4953 pred_right: 1068787 pred_wrong:27413 actu_right: 1061709 actu_wrong: 34491
2026-09-14 23:15:24,696 P3261382 INFO pr:0.5560  rc:0.4417  auc:0.7375 ap:0.6459 f1: 0.4923 pred_right: 458037 pred_wrong:11763 actu_right: 454992 actu_wrong: 14808
2026-09-14 23:15:24,697 P3261382 INFO ----------------------------------------------------------------------------------------------------
2026-09-14 23:15:24,697 P3261382 INFO 28/50 starting... lr: 0.001 para:0.03448275849223137
2026-09-14 23:15:58,032 P3261382 INFO Epoch 28/50, all_loss:1013.96796 cls_loss:933.96674 rec_loss:3254.00195 [33.33s]; best loss:1013.96796, patience : 0
2026-09-14 23:16:27,369 P3261382 INFO pr:0.6468  rc:0.4100  auc:0.7203 ap:0.6558 f1: 0.5019 pred_right: 1074339 pred_wrong:21861 actu_right: 1061710 actu_wrong: 34490
2026-09-14 23:16:34,901 P3261382 INFO pr:0.6393  rc:0.4109  auc:0.7198 ap:0.6537 f1: 0.5003 pred_right: 460282 pred_wrong:9518 actu_right: 454992 actu_wrong: 14808
2026-09-14 23:16:34,902 P3261382 INFO ----------------------------------------------------------------------------------------------------
2026-09-14 23:16:34,902 P3261382 INFO 29/50 starting... lr: 0.001 para:0.03333333507180214
2026-09-14 23:17:09,234 P3261382 INFO Epoch 29/50, all_loss:892.30127 cls_loss:811.30359 rec_loss:3241.23608 [34.33s]; best loss:892.30127, patience : 0
2026-09-14 23:17:26,194 P3261382 INFO pr:0.4939  rc:0.5491  auc:0.7970 ap:0.6636 f1: 0.5201 pred_right: 1057864 pred_wrong:38336 actu_right: 1061713 actu_wrong: 34487
2026-09-14 23:17:32,972 P3261382 INFO pr:0.4888  rc:0.5483  auc:0.7960 ap:0.6618 f1: 0.5169 pred_right: 453191 pred_wrong:16609 actu_right: 454992 actu_wrong: 14808
2026-09-14 23:17:32,978 P3261382 INFO ----------------------------------------------------------------------------------------------------
2026-09-14 23:17:32,978 P3261382 INFO 30/50 starting... lr: 0.001 para:0.032258063554763794
2026-09-14 23:18:08,573 P3261382 INFO Epoch 30/50, all_loss:719.20483 cls_loss:634.41248 rec_loss:3262.97485 [35.59s]; best loss:719.20483, patience : 0
2026-09-14 23:18:33,207 P3261382 INFO pr:0.9923  rc:0.3219  auc:0.6623 ap:0.6622 f1: 0.4861 pred_right: 1085013 pred_wrong:11187 actu_right: 1061713 actu_wrong: 34487
2026-09-14 23:18:43,510 P3261382 INFO pr:0.9916  rc:0.3183  auc:0.6605 ap:0.6605 f1: 0.4820 pred_right: 465046 pred_wrong:4754 actu_right: 454992 actu_wrong: 14808
2026-09-14 23:18:43,511 P3261382 INFO ----------------------------------------------------------------------------------------------------
2026-09-14 23:18:43,512 P3261382 INFO 31/50 starting... lr: 0.001 para:0.03125
2026-09-14 23:19:18,774 P3261382 INFO Epoch 31/50, all_loss:691.44696 cls_loss:610.22559 rec_loss:3209.30859 [35.26s]; best loss:691.44696, patience : 0
2026-09-14 23:19:35,679 P3261382 INFO pr:0.7887  rc:0.3921  auc:0.7123 ap:0.6813 f1: 0.5238 pred_right: 1079053 pred_wrong:17147 actu_right: 1061710 actu_wrong: 34490
2026-09-14 23:19:42,887 P3261382 INFO pr:0.7922  rc:0.3877  auc:0.7109 ap:0.6813 f1: 0.5206 pred_right: 462553 pred_wrong:7247 actu_right: 454992 actu_wrong: 14808
2026-09-14 23:19:42,894 P3261382 INFO ----------------------------------------------------------------------------------------------------
2026-09-14 23:19:42,894 P3261382 INFO 32/50 starting... lr: 0.001 para:0.03030303120613098
2026-09-14 23:20:19,367 P3261382 INFO Epoch 32/50, all_loss:617.57349 cls_loss:535.33002 rec_loss:3249.36572 [36.47s]; best loss:617.57349, patience : 0
2026-09-14 23:20:34,487 P3261382 INFO pr:0.5702  rc:0.5311  auc:0.7972 ap:0.6900 f1: 0.5500 pred_right: 1064076 pred_wrong:32124 actu_right: 1061712 actu_wrong: 34488
2026-09-14 23:20:53,650 P3261382 INFO pr:0.5715  rc:0.5290  auc:0.7970 ap:0.6903 f1: 0.5494 pred_right: 456093 pred_wrong:13707 actu_right: 454992 actu_wrong: 14808
2026-09-14 23:20:53,657 P3261382 INFO ----------------------------------------------------------------------------------------------------
2026-09-14 23:20:53,658 P3261382 INFO 33/50 starting... lr: 0.001 para:0.029411764815449715
2026-09-14 23:21:28,612 P3261382 INFO Epoch 33/50, all_loss:514.17297 cls_loss:431.75354 rec_loss:3234.01416 [34.95s]; best loss:514.17297, patience : 0
2026-09-14 23:21:45,868 P3261382 INFO pr:0.4603  rc:0.5962  auc:0.8166 ap:0.6623 f1: 0.5195 pred_right: 1051533 pred_wrong:44667 actu_right: 1061712 actu_wrong: 34488
2026-09-14 23:21:52,871 P3261382 INFO pr:0.4604  rc:0.5968  auc:0.8177 ap:0.6629 f1: 0.5198 pred_right: 450606 pred_wrong:19194 actu_right: 454992 actu_wrong: 14808
2026-09-14 23:21:52,875 P3261382 INFO ----------------------------------------------------------------------------------------------------
2026-09-14 23:21:52,875 P3261382 INFO 34/50 starting... lr: 0.001 para:0.02857142873108387
2026-09-14 23:22:29,166 P3261382 INFO Epoch 34/50, all_loss:555.19879 cls_loss:476.15421 rec_loss:3242.71436 [36.29s]; best loss:514.17297, patience : 1
2026-09-14 23:22:44,662 P3261382 INFO pr:0.2873  rc:0.5217  auc:0.7582 ap:0.5841 f1: 0.3705 pred_right: 1033569 pred_wrong:62631 actu_right: 1061708 actu_wrong: 34492
2026-09-14 23:22:57,550 P3261382 INFO pr:0.2880  rc:0.5239  auc:0.7574 ap:0.5839 f1: 0.3717 pred_right: 442860 pred_wrong:26940 actu_right: 454992 actu_wrong: 14808
2026-09-14 23:22:57,552 P3261382 INFO ----------------------------------------------------------------------------------------------------
2026-09-14 23:22:57,552 P3261382 INFO 35/50 starting... lr: 0.001 para:0.02777777798473835
2026-09-14 23:23:38,809 P3261382 INFO Epoch 35/50, all_loss:538.47345 cls_loss:460.27109 rec_loss:3275.55444 [41.26s]; best loss:514.17297, patience : 1
2026-09-14 23:23:55,840 P3261382 INFO pr:0.6269  rc:0.5009  auc:0.7744 ap:0.6918 f1: 0.5568 pred_right: 1068647 pred_wrong:27553 actu_right: 1061714 actu_wrong: 34486
2026-09-14 23:24:03,196 P3261382 INFO pr:0.6262  rc:0.4957  auc:0.7714 ap:0.6892 f1: 0.5534 pred_right: 458079 pred_wrong:11721 actu_right: 454992 actu_wrong: 14808
2026-09-14 23:24:03,202 P3261382 INFO ----------------------------------------------------------------------------------------------------
2026-09-14 23:24:03,202 P3261382 INFO 36/50 starting... lr: 0.001 para:0.027027027681469917
2026-09-14 23:24:39,124 P3261382 INFO Epoch 36/50, all_loss:385.81653 cls_loss:308.94974 rec_loss:3153.02100 [35.91s]; best loss:385.81653, patience : 0
2026-09-14 23:24:55,267 P3261382 INFO pr:0.5866  rc:0.5434  auc:0.7977 ap:0.6961 f1: 0.5642 pred_right: 1064248 pred_wrong:31952 actu_right: 1061711 actu_wrong: 34489
2026-09-14 23:25:01,507 P3261382 INFO pr:0.5808  rc:0.5364  auc:0.7939 ap:0.6924 f1: 0.5577 pred_right: 456124 pred_wrong:13676 actu_right: 454992 actu_wrong: 14808
2026-09-14 23:25:01,514 P3261382 INFO ----------------------------------------------------------------------------------------------------
2026-09-14 23:25:01,514 P3261382 INFO 37/50 starting... lr: 0.001 para:0.02631578966975212
2026-09-14 23:25:47,543 P3261382 INFO Epoch 37/50, all_loss:323.35535 cls_loss:247.30017 rec_loss:3137.39526 [46.02s]; best loss:323.35535, patience : 0
2026-09-14 23:26:04,296 P3261382 INFO pr:0.5415  rc:0.6055  auc:0.8500 ap:0.7162 f1: 0.5717 pred_right: 1057630 pred_wrong:38570 actu_right: 1061708 actu_wrong: 34492
2026-09-14 23:26:12,245 P3261382 INFO pr:0.5396  rc:0.6077  auc:0.8494 ap:0.7143 f1: 0.5716 pred_right: 453122 pred_wrong:16678 actu_right: 454992 actu_wrong: 14808
2026-09-14 23:26:12,251 P3261382 INFO ----------------------------------------------------------------------------------------------------
2026-09-14 23:26:12,251 P3261382 INFO 38/50 starting... lr: 0.001 para:0.025641025975346565
2026-09-14 23:26:47,744 P3261382 INFO Epoch 38/50, all_loss:312.84494 cls_loss:239.25314 rec_loss:3109.33350 [35.49s]; best loss:312.84494, patience : 0
2026-09-14 23:27:06,203 P3261382 INFO pr:0.6842  rc:0.4955  auc:0.7768 ap:0.7102 f1: 0.5747 pred_right: 1071222 pred_wrong:24978 actu_right: 1061712 actu_wrong: 34488
2026-09-14 23:27:11,908 P3261382 INFO pr:0.6792  rc:0.4899  auc:0.7727 ap:0.7052 f1: 0.5692 pred_right: 459118 pred_wrong:10682 actu_right: 454992 actu_wrong: 14808
2026-09-14 23:27:11,913 P3261382 INFO ----------------------------------------------------------------------------------------------------
2026-09-14 23:27:11,913 P3261382 INFO 39/50 starting... lr: 0.001 para:0.02500000037252903
2026-09-14 23:27:57,848 P3261382 INFO Epoch 39/50, all_loss:260.65659 cls_loss:187.89131 rec_loss:3098.50244 [45.93s]; best loss:260.65659, patience : 0
2026-09-14 23:28:14,714 P3261382 INFO pr:0.4575  rc:0.7091  auc:0.8922 ap:0.7052 f1: 0.5561 pred_right: 1042741 pred_wrong:53459 actu_right: 1061711 actu_wrong: 34489
2026-09-14 23:28:22,124 P3261382 INFO pr:0.4573  rc:0.7121  auc:0.8926 ap:0.7048 f1: 0.5569 pred_right: 446740 pred_wrong:23060 actu_right: 454992 actu_wrong: 14808
2026-09-14 23:28:22,125 P3261382 INFO ----------------------------------------------------------------------------------------------------
2026-09-14 23:28:22,126 P3261382 INFO 40/50 starting... lr: 0.001 para:0.024390242993831635
2026-09-14 23:28:58,398 P3261382 INFO Epoch 40/50, all_loss:260.35257 cls_loss:191.02251 rec_loss:3033.55615 [36.26s]; best loss:260.35257, patience : 0
2026-09-14 23:29:16,841 P3261382 INFO pr:0.7856  rc:0.4103  auc:0.7884 ap:0.7591 f1: 0.5390 pred_right: 1078188 pred_wrong:18012 actu_right: 1061708 actu_wrong: 34492
2026-09-14 23:29:21,692 P3261382 INFO pr:0.7755  rc:0.4084  auc:0.7871 ap:0.7550 f1: 0.5351 pred_right: 462001 pred_wrong:7799 actu_right: 454992 actu_wrong: 14808
2026-09-14 23:29:21,693 P3261382 INFO ----------------------------------------------------------------------------------------------------
2026-09-14 23:29:21,693 P3261382 INFO 41/50 starting... lr: 0.001 para:0.02380952425301075
2026-09-14 23:30:06,203 P3261382 INFO Epoch 41/50, all_loss:251.59673 cls_loss:183.21196 rec_loss:3055.37305 [44.50s]; best loss:251.59673, patience : 0
2026-09-14 23:30:23,260 P3261382 INFO pr:0.9201  rc:0.3576  auc:0.7444 ap:0.7490 f1: 0.5151 pred_right: 1082795 pred_wrong:13405 actu_right: 1061713 actu_wrong: 34487
2026-09-14 23:30:29,966 P3261382 INFO pr:0.9181  rc:0.3556  auc:0.7428 ap:0.7474 f1: 0.5127 pred_right: 464064 pred_wrong:5736 actu_right: 454992 actu_wrong: 14808
2026-09-14 23:30:29,967 P3261382 INFO ----------------------------------------------------------------------------------------------------
2026-09-14 23:30:29,967 P3261382 INFO 42/50 starting... lr: 0.001 para:0.023255813866853714
2026-09-14 23:31:05,542 P3261382 INFO Epoch 42/50, all_loss:205.39511 cls_loss:138.61021 rec_loss:3010.36084 [35.57s]; best loss:205.39511, patience : 0
2026-09-14 23:31:23,169 P3261382 INFO pr:0.8985  rc:0.3612  auc:0.7676 ap:0.7682 f1: 0.5153 pred_right: 1082334 pred_wrong:13866 actu_right: 1061710 actu_wrong: 34490
2026-09-14 23:31:31,678 P3261382 INFO pr:0.8972  rc:0.3588  auc:0.7639 ap:0.7639 f1: 0.5126 pred_right: 463878 pred_wrong:5922 actu_right: 454992 actu_wrong: 14808
2026-09-14 23:31:31,679 P3261382 INFO ----------------------------------------------------------------------------------------------------
2026-09-14 23:31:31,679 P3261382 INFO 43/50 starting... lr: 0.001 para:0.022727273404598236
2026-09-14 23:32:14,379 P3261382 INFO Epoch 43/50, all_loss:168.29468 cls_loss:103.29964 rec_loss:2963.08154 [42.69s]; best loss:168.29468, patience : 0
2026-09-14 23:32:31,894 P3261382 INFO pr:0.5647  rc:0.5614  auc:0.8796 ap:0.7545 f1: 0.5631 pred_right: 1061910 pred_wrong:34290 actu_right: 1061712 actu_wrong: 34488
2026-09-14 23:32:39,607 P3261382 INFO pr:0.5670  rc:0.5617  auc:0.8794 ap:0.7542 f1: 0.5644 pred_right: 455131 pred_wrong:14669 actu_right: 454992 actu_wrong: 14808
2026-09-14 23:32:39,608 P3261382 INFO ----------------------------------------------------------------------------------------------------
2026-09-14 23:32:39,608 P3261382 INFO 44/50 starting... lr: 0.001 para:0.02222222276031971
2026-09-14 23:33:14,508 P3261382 INFO Epoch 44/50, all_loss:157.74907 cls_loss:94.49205 rec_loss:2941.05762 [34.89s]; best loss:157.74907, patience : 0
2026-09-14 23:33:32,786 P3261382 INFO pr:0.5064  rc:0.6762  auc:0.9240 ap:0.7496 f1: 0.5791 pred_right: 1050142 pred_wrong:46058 actu_right: 1061711 actu_wrong: 34489
2026-09-14 23:33:39,498 P3261382 INFO pr:0.5052  rc:0.6761  auc:0.9235 ap:0.7475 f1: 0.5783 pred_right: 449981 pred_wrong:19819 actu_right: 454992 actu_wrong: 14808
2026-09-14 23:33:39,503 P3261382 INFO ----------------------------------------------------------------------------------------------------
2026-09-14 23:33:39,503 P3261382 INFO 45/50 starting... lr: 0.001 para:0.021739130839705467
2026-09-14 23:34:23,611 P3261382 INFO Epoch 45/50, all_loss:120.27709 cls_loss:58.33088 rec_loss:2907.85645 [44.10s]; best loss:120.27709, patience : 0
2026-09-14 23:34:41,088 P3261382 INFO pr:0.7556  rc:0.4597  auc:0.8909 ap:0.8130 f1: 0.5716 pred_right: 1075215 pred_wrong:20985 actu_right: 1061710 actu_wrong: 34490
2026-09-14 23:34:48,126 P3261382 INFO pr:0.7567  rc:0.4560  auc:0.8900 ap:0.8114 f1: 0.5691 pred_right: 460876 pred_wrong:8924 actu_right: 454992 actu_wrong: 14808
2026-09-14 23:34:48,127 P3261382 INFO ----------------------------------------------------------------------------------------------------
2026-09-14 23:34:48,127 P3261382 INFO 46/50 starting... lr: 0.001 para:0.021276595070958138
2026-09-14 23:35:23,666 P3261382 INFO Epoch 46/50, all_loss:132.52713 cls_loss:73.00491 rec_loss:2870.54980 [35.54s]; best loss:120.27709, patience : 1
2026-09-14 23:35:42,753 P3261382 INFO pr:0.5463  rc:0.5854  auc:0.8714 ap:0.7405 f1: 0.5652 pred_right: 1059238 pred_wrong:36962 actu_right: 1061708 actu_wrong: 34492
2026-09-14 23:35:50,048 P3261382 INFO pr:0.5423  rc:0.5818  auc:0.8699 ap:0.7375 f1: 0.5613 pred_right: 453913 pred_wrong:15887 actu_right: 454992 actu_wrong: 14808
2026-09-14 23:35:50,049 P3261382 INFO ----------------------------------------------------------------------------------------------------
2026-09-14 23:35:50,049 P3261382 INFO 47/50 starting... lr: 0.001 para:0.02083333395421505
2026-09-14 23:36:32,805 P3261382 INFO Epoch 47/50, all_loss:143.50307 cls_loss:84.76633 rec_loss:2904.12891 [42.75s]; best loss:120.27709, patience : 2
2026-09-14 23:36:52,695 P3261382 INFO pr:0.8397  rc:0.3676  auc:0.7990 ap:0.7722 f1: 0.5113 pred_right: 1081101 pred_wrong:15099 actu_right: 1061708 actu_wrong: 34492
2026-09-14 23:36:59,750 P3261382 INFO pr:0.8406  rc:0.3622  auc:0.7953 ap:0.7687 f1: 0.5063 pred_right: 463419 pred_wrong:6381 actu_right: 454992 actu_wrong: 14808
2026-09-14 23:36:59,751 P3261382 INFO ----------------------------------------------------------------------------------------------------
2026-09-14 23:36:59,751 P3261382 INFO 48/50 starting... lr: 0.001 para:0.020408162847161293
2026-09-14 23:37:34,417 P3261382 INFO Epoch 48/50, all_loss:147.14365 cls_loss:87.79775 rec_loss:2995.74634 [34.67s]; best loss:120.27709, patience : 3
2026-09-14 23:37:53,210 P3261382 INFO pr:0.1389  rc:0.0937  auc:0.6302 ap:0.5342 f1: 0.1119 pred_right: 1072944 pred_wrong:23256 actu_right: 1061710 actu_wrong: 34490
2026-09-14 23:38:00,700 P3261382 INFO pr:0.1363  rc:0.0954  auc:0.6309 ap:0.5340 f1: 0.1123 pred_right: 459435 pred_wrong:10365 actu_right: 454992 actu_wrong: 14808
2026-09-14 23:38:00,701 P3261382 INFO ----------------------------------------------------------------------------------------------------
2026-09-14 23:38:00,701 P3261382 INFO 49/50 starting... lr: 0.001 para:0.019999999552965164
2026-09-14 23:38:42,347 P3261382 INFO Epoch 49/50, all_loss:175.09991 cls_loss:120.85028 rec_loss:2833.33105 [41.65s]; best loss:120.27709, patience : 4
2026-09-14 23:39:05,584 P3261382 INFO pr:0.3341  rc:0.0080  auc:0.5118 ap:0.5048 f1: 0.0156 pred_right: 1095374 pred_wrong:826 actu_right: 1061712 actu_wrong: 34488
2026-09-14 23:39:13,041 P3261382 INFO pr:0.3686  rc:0.0097  auc:0.5116 ap:0.5058 f1: 0.0188 pred_right: 469412 pred_wrong:388 actu_right: 454992 actu_wrong: 14808
2026-09-14 23:39:13,042 P3261382 INFO saving model...
2026-09-14 23:39:13,042 P3261382 INFO FITS_Legendre - loss  best score:120.27709197998047 at epoch 45
2026-09-14 23:39:13,062 P3261382 INFO FITS_Legendre - f1  best score:0.5790904689187679 at epoch 44
2026-09-14 23:39:13,070 P3261382 INFO Average training time per epoch: 37.65 seconds
2026-09-14 23:39:13,071 P3261382 INFO calculate scores...
2026-09-14 23:39:13,071 P3261382 INFO calculate label with loss...
2026-09-14 23:39:13,071 P3261382 INFO FITS_Legendre on ./result/server_only_exps/Ablations_updatedFreDF/FITS_Legendre-TT-Epochs50-Seed1-ExpNameRQ2z5_basis_degree_comparison-LPFLPF-Attnlinear_attn-NormLinTrue-RecLambda1.0-AuxiLambda0.2-lowshow-simplegraph-Degree3-BasisTypehermite loading...
2026-09-14 23:39:20,607 P3261382 INFO pr:0.7567  rc:0.4560  auc:0.8900 ap:0.8114 f1: 0.5691 pred_right: 460876 pred_wrong:8924 actu_right: 454992 actu_wrong: 14808
2026-09-14 23:39:32,344 P3261382 INFO pr:0.7567  rc:0.4560  auc:0.8900 ap:0.8114 f1: 0.5691 pred_right: 460876 pred_wrong:8924 actu_right: 454992 actu_wrong: 14808
2026-09-14 23:39:32,345 P3261382 INFO Performance Summary:
{'GPU': {'inference_time_per_sample_ms': 0.39376039910124855, 'throughput_samples_per_sec': 2539.615467381898, 'peak_memory_mb': 87.724609375, 'energy_per_sample_joules': 0.019070800529471223}, 'CPU': {'inference_time_per_sample_ms': 0.6327445142989043, 'throughput_samples_per_sec': 1580.4167043755776, 'peak_memory_mb': 5880.9453125, 'energy_per_sample_joules': 0.04112839342942878}}
2026-09-14 23:39:32,345 P3261382 INFO Starting clean-room hardware benchmarking...
2026-09-14 23:39:33,673 P3261382 INFO Performance with loss: pr:0.7567  rc:0.4560  auc:0.8900 ap:0.8114 f1: 0.5691 pred_right: 460876 pred_wrong:8924 actu_right: 454992 actu_wrong: 14808
2026-09-14 23:39:33,673 P3261382 INFO calculate label with f1...
2026-09-14 23:39:33,681 P3261382 INFO FITS_Legendre on ./result/server_only_exps/Ablations_updatedFreDF/FITS_Legendre-TT-Epochs50-Seed1-ExpNameRQ2z5_basis_degree_comparison-LPFLPF-Attnlinear_attn-NormLinTrue-RecLambda1.0-AuxiLambda0.2-lowshow-simplegraph-Degree3-BasisTypehermite loading...
2026-09-14 23:39:40,635 P3261382 INFO pr:0.5052  rc:0.6761  auc:0.9235 ap:0.7475 f1: 0.5783 pred_right: 449981 pred_wrong:19819 actu_right: 454992 actu_wrong: 14808
2026-09-14 23:39:51,811 P3261382 INFO pr:0.5052  rc:0.6761  auc:0.9235 ap:0.7475 f1: 0.5783 pred_right: 449981 pred_wrong:19819 actu_right: 454992 actu_wrong: 14808
2026-09-14 23:39:51,812 P3261382 INFO Performance Summary:
{'GPU': {'inference_time_per_sample_ms': 0.35991743506027557, 'throughput_samples_per_sec': 2778.4149990748006, 'peak_memory_mb': 87.220703125, 'energy_per_sample_joules': 0.01850515492362407}, 'CPU': {'inference_time_per_sample_ms': 0.6053702292020778, 'throughput_samples_per_sec': 1651.8816944765736, 'peak_memory_mb': 5358.2265625, 'energy_per_sample_joules': 0.039349064898135055}}
2026-09-14 23:39:51,812 P3261382 INFO Starting clean-room hardware benchmarking...
2026-09-14 23:39:53,009 P3261382 INFO Performance with f1: pr:0.5052  rc:0.6761  auc:0.9235 ap:0.7475 f1: 0.5783 pred_right: 449981 pred_wrong:19819 actu_right: 454992 actu_wrong: 14808
