2026-07-09 14:10:56,320 P1048959 INFO ---- Model: ----MSTGAD-680ba932----random_seed : 1----req_loss_approach : Legendre-style----rec_lambda : 1.0----auxi_lambda : 0.1----Freq Domain : FITS_Legendre----Multi Fits : false----train : True----evaluate : False
2026-07-09 14:10:56,321 P1048959 INFO Load from /home/db2003/Desktop/Amr/Tests/Eadro/codes/chunks/TT
2026-07-09 14:11:13,919 P1048959 INFO Fewshot: training with 1.0 of the 70% of the data
2026-07-09 14:11:23,542 P1048959 INFO Trainable Parameters Breakdown:
2026-07-09 14:11:23,542 P1048959 INFO --------------------------------------------------------------------------------
2026-07-09 14:11:23,542 P1048959 INFO Reconstruction-Specific Parameters:
2026-07-09 14:11:23,542 P1048959 INFO linear_attn.Wq.weight                    | shape: (10, 10)                  | params: 100
2026-07-09 14:11:23,542 P1048959 INFO linear_attn.Wk.weight                    | shape: (10, 10)                  | params: 100
2026-07-09 14:11:23,542 P1048959 INFO linear_attn.Wv.weight                    | shape: (10, 10)                  | params: 100
2026-07-09 14:11:23,542 P1048959 INFO linear_attn.out.weight                   | shape: (10, 10)                  | params: 100
2026-07-09 14:11:23,543 P1048959 INFO linear_attn.out.bias                     | shape: (10,)                     | params: 10
2026-07-09 14:11:23,543 P1048959 INFO linear_attn.norm.weight                  | shape: (10,)                     | params: 10
2026-07-09 14:11:23,543 P1048959 INFO linear_attn.norm.bias                    | shape: (10,)                     | params: 10
2026-07-09 14:11:23,543 P1048959 INFO shared_fits.normlin_W                    | shape: (1, 1)                    | params: 1
2026-07-09 14:11:23,543 P1048959 INFO shared_fits.freq_upsampler.weight        | shape: (1, 1)                    | params: 1
2026-07-09 14:11:23,543 P1048959 INFO shared_fits.freq_upsampler.bias          | shape: (1,)                      | params: 1
2026-07-09 14:11:23,543 P1048959 INFO modality_proj.node.weight                | shape: (10, 8)                   | params: 80
2026-07-09 14:11:23,543 P1048959 INFO modality_proj.node.bias                  | shape: (10,)                     | params: 10
2026-07-09 14:11:23,543 P1048959 INFO modality_proj.log.weight                 | shape: (10, 32)                  | params: 320
2026-07-09 14:11:23,543 P1048959 INFO modality_proj.log.bias                   | shape: (10,)                     | params: 10
2026-07-09 14:11:23,543 P1048959 INFO modality_proj.edge.weight                | shape: (10, 8)                   | params: 80
2026-07-09 14:11:23,543 P1048959 INFO modality_proj.edge.bias                  | shape: (10,)                     | params: 10
2026-07-09 14:11:23,543 P1048959 INFO modality_proj_out.node.weight            | shape: (8, 10)                   | params: 80
2026-07-09 14:11:23,543 P1048959 INFO modality_proj_out.node.bias              | shape: (8,)                      | params: 8
2026-07-09 14:11:23,543 P1048959 INFO modality_proj_out.log.weight             | shape: (32, 10)                  | params: 320
2026-07-09 14:11:23,543 P1048959 INFO modality_proj_out.log.bias               | shape: (32,)                     | params: 32
2026-07-09 14:11:23,543 P1048959 INFO modality_proj_out.edge.weight            | shape: (8, 10)                   | params: 80
2026-07-09 14:11:23,543 P1048959 INFO modality_proj_out.edge.bias              | shape: (8,)                      | params: 8
2026-07-09 14:11:23,543 P1048959 INFO Subtotal: 1,471
2026-07-09 14:11:23,543 P1048959 INFO --------------------------------------------------------------------------------
2026-07-09 14:11:23,543 P1048959 INFO Common Parameters:
2026-07-09 14:11:23,543 P1048959 INFO node_emb.linear.weight                   | shape: (8, 7)                    | params: 56
2026-07-09 14:11:23,544 P1048959 INFO node_emb.linear.bias                     | shape: (8,)                      | params: 8
2026-07-09 14:11:23,544 P1048959 INFO log_emb.linear.weight                    | shape: (32, 60)                  | params: 1,920
2026-07-09 14:11:23,544 P1048959 INFO log_emb.linear.bias                      | shape: (32,)                     | params: 32
2026-07-09 14:11:23,544 P1048959 INFO egde_emb.linear.weight                   | shape: (8, 2)                    | params: 16
2026-07-09 14:11:23,544 P1048959 INFO egde_emb.linear.bias                     | shape: (8,)                      | params: 8
2026-07-09 14:11:23,544 P1048959 INFO dense_node.weight                        | shape: (7, 8)                    | params: 56
2026-07-09 14:11:23,544 P1048959 INFO dense_node.bias                          | shape: (7,)                      | params: 7
2026-07-09 14:11:23,544 P1048959 INFO dense_log.weight                         | shape: (60, 32)                  | params: 1,920
2026-07-09 14:11:23,544 P1048959 INFO dense_log.bias                           | shape: (60,)                     | params: 60
2026-07-09 14:11:23,544 P1048959 INFO dense_edge.weight                        | shape: (2, 8)                    | params: 16
2026-07-09 14:11:23,544 P1048959 INFO dense_edge.bias                          | shape: (2,)                      | params: 2
2026-07-09 14:11:23,544 P1048959 INFO show.0.weight                            | shape: (128, 69)                 | params: 8,832
2026-07-09 14:11:23,544 P1048959 INFO show.0.bias                              | shape: (128,)                    | params: 128
2026-07-09 14:11:23,544 P1048959 INFO show.2.weight                            | shape: (2, 128)                  | params: 256
2026-07-09 14:11:23,544 P1048959 INFO show.2.bias                              | shape: (2,)                      | params: 2
2026-07-09 14:11:23,544 P1048959 INFO Subtotal: 13,319
2026-07-09 14:11:23,544 P1048959 INFO --------------------------------------------------------------------------------
2026-07-09 14:11:23,544 P1048959 INFO Total Trainable Parameters: 14,790

2026-07-09 14:11:23,544 P1048959 INFO Trainable Parameters: 14790, reconstruction: 1471, common: 13319
2026-07-09 14:11:23,544 P1048959 INFO model : init weight
2026-07-09 14:11:23,545 P1048959 INFO Using GPU...
2026-07-09 14:11:23,550 P1048959 INFO optimizer : using AdaBelief
2026-07-09 14:11:23,550 P1048959 INFO ----------------------------------------------------------------------------------------------------
2026-07-09 14:11:23,550 P1048959 INFO 0/50 starting... lr: 0.001 para:1.0
2026-07-09 14:11:45,703 P1048959 INFO Epoch 0/50, all_loss:0.07334 cls_loss:34.44152 rec_loss:0.07334 [22.15s]; best loss:0.07334, patience : 0
2026-07-09 14:11:45,703 P1048959 INFO ----------------------------------------------------------------------------------------------------
2026-07-09 14:11:45,704 P1048959 INFO 1/50 starting... lr: 0.001 para:0.5
2026-07-09 14:12:07,248 P1048959 INFO Epoch 1/50, all_loss:1.95918 cls_loss:3.69986 rec_loss:0.21849 [21.54s]; best loss:1.95918, patience : 0
2026-07-09 14:12:07,249 P1048959 INFO ----------------------------------------------------------------------------------------------------
2026-07-09 14:12:07,249 P1048959 INFO 2/50 starting... lr: 0.001 para:0.3333333432674408
2026-07-09 14:12:28,613 P1048959 INFO Epoch 2/50, all_loss:1.45120 cls_loss:2.05729 rec_loss:0.23904 [21.36s]; best loss:1.45120, patience : 0
2026-07-09 14:12:47,564 P1048959 INFO pr:0.8170  rc:0.6440  auc:0.9909 ap:0.9183 f1: 0.7203 pred_right: 1069014 pred_wrong:27186 actu_right: 1061711 actu_wrong: 34489
2026-07-09 14:12:52,698 P1048959 INFO pr:0.8211  rc:0.6454  auc:0.9911 ap:0.9194 f1: 0.7227 pred_right: 458161 pred_wrong:11639 actu_right: 454992 actu_wrong: 14808
2026-07-09 14:12:52,702 P1048959 INFO ----------------------------------------------------------------------------------------------------
2026-07-09 14:12:52,702 P1048959 INFO 3/50 starting... lr: 0.001 para:0.25
2026-07-09 14:13:14,699 P1048959 INFO Epoch 3/50, all_loss:1.41862 cls_loss:1.79995 rec_loss:0.27465 [21.99s]; best loss:1.41862, patience : 0
2026-07-09 14:13:26,004 P1048959 INFO pr:0.8621  rc:0.6498  auc:0.9926 ap:0.9288 f1: 0.7410 pred_right: 1070208 pred_wrong:25992 actu_right: 1061712 actu_wrong: 34488
2026-07-09 14:13:31,054 P1048959 INFO pr:0.8630  rc:0.6533  auc:0.9928 ap:0.9300 f1: 0.7436 pred_right: 458590 pred_wrong:11210 actu_right: 454992 actu_wrong: 14808
2026-07-09 14:13:31,060 P1048959 INFO ----------------------------------------------------------------------------------------------------
2026-07-09 14:13:31,060 P1048959 INFO 4/50 starting... lr: 0.001 para:0.20000000298023224
2026-07-09 14:13:53,063 P1048959 INFO Epoch 4/50, all_loss:1.37486 cls_loss:1.63953 rec_loss:0.31620 [22.00s]; best loss:1.37486, patience : 0
2026-07-09 14:14:04,298 P1048959 INFO pr:0.9415  rc:0.5914  auc:0.9938 ap:0.9416 f1: 0.7265 pred_right: 1074536 pred_wrong:21664 actu_right: 1061712 actu_wrong: 34488
2026-07-09 14:14:08,657 P1048959 INFO pr:0.9448  rc:0.5955  auc:0.9938 ap:0.9432 f1: 0.7305 pred_right: 460467 pred_wrong:9333 actu_right: 454992 actu_wrong: 14808
2026-07-09 14:14:08,658 P1048959 INFO ----------------------------------------------------------------------------------------------------
2026-07-09 14:14:08,658 P1048959 INFO 5/50 starting... lr: 0.001 para:0.1666666716337204
2026-07-09 14:14:38,612 P1048959 INFO Epoch 5/50, all_loss:1.31552 cls_loss:1.50401 rec_loss:0.37309 [29.95s]; best loss:1.31552, patience : 0
2026-07-09 14:14:49,819 P1048959 INFO pr:0.8607  rc:0.7549  auc:0.9951 ap:0.9522 f1: 0.8044 pred_right: 1065950 pred_wrong:30250 actu_right: 1061710 actu_wrong: 34490
2026-07-09 14:14:54,568 P1048959 INFO pr:0.8675  rc:0.7550  auc:0.9951 ap:0.9533 f1: 0.8074 pred_right: 456913 pred_wrong:12887 actu_right: 454992 actu_wrong: 14808
2026-07-09 14:14:54,573 P1048959 INFO ----------------------------------------------------------------------------------------------------
2026-07-09 14:14:54,573 P1048959 INFO 6/50 starting... lr: 0.001 para:0.1428571492433548
2026-07-09 14:15:16,731 P1048959 INFO Epoch 6/50, all_loss:1.20251 cls_loss:1.32556 rec_loss:0.46420 [22.15s]; best loss:1.20251, patience : 0
2026-07-09 14:15:28,419 P1048959 INFO pr:0.8859  rc:0.7621  auc:0.9964 ap:0.9606 f1: 0.8194 pred_right: 1066531 pred_wrong:29669 actu_right: 1061711 actu_wrong: 34489
2026-07-09 14:15:33,593 P1048959 INFO pr:0.8904  rc:0.7643  auc:0.9963 ap:0.9613 f1: 0.8226 pred_right: 457089 pred_wrong:12711 actu_right: 454992 actu_wrong: 14808
2026-07-09 14:15:33,597 P1048959 INFO ----------------------------------------------------------------------------------------------------
2026-07-09 14:15:33,597 P1048959 INFO 7/50 starting... lr: 0.001 para:0.125
2026-07-09 14:16:02,230 P1048959 INFO Epoch 7/50, all_loss:1.05285 cls_loss:1.11868 rec_loss:0.59205 [28.63s]; best loss:1.05285, patience : 0
2026-07-09 14:16:13,427 P1048959 INFO pr:0.8924  rc:0.8198  auc:0.9973 ap:0.9725 f1: 0.8545 pred_right: 1064517 pred_wrong:31683 actu_right: 1061712 actu_wrong: 34488
2026-07-09 14:16:18,204 P1048959 INFO pr:0.8974  rc:0.8144  auc:0.9972 ap:0.9730 f1: 0.8539 pred_right: 456363 pred_wrong:13437 actu_right: 454992 actu_wrong: 14808
2026-07-09 14:16:18,209 P1048959 INFO ----------------------------------------------------------------------------------------------------
2026-07-09 14:16:18,209 P1048959 INFO 8/50 starting... lr: 0.001 para:0.1111111119389534
2026-07-09 14:16:40,348 P1048959 INFO Epoch 8/50, all_loss:0.96552 cls_loss:0.99732 rec_loss:0.71109 [22.13s]; best loss:0.96552, patience : 0
2026-07-09 14:16:51,773 P1048959 INFO pr:0.8431  rc:0.9352  auc:0.9980 ap:0.9774 f1: 0.8868 pred_right: 1057948 pred_wrong:38252 actu_right: 1061714 actu_wrong: 34486
2026-07-09 14:16:56,535 P1048959 INFO pr:0.8475  rc:0.9352  auc:0.9978 ap:0.9777 f1: 0.8892 pred_right: 453461 pred_wrong:16339 actu_right: 454992 actu_wrong: 14808
2026-07-09 14:16:56,540 P1048959 INFO ----------------------------------------------------------------------------------------------------
2026-07-09 14:16:56,540 P1048959 INFO 9/50 starting... lr: 0.001 para:0.10000000149011612
2026-07-09 14:17:19,443 P1048959 INFO Epoch 9/50, all_loss:0.88317 cls_loss:0.89448 rec_loss:0.78142 [22.90s]; best loss:0.88317, patience : 0
2026-07-09 14:17:37,584 P1048959 INFO pr:0.8728  rc:0.8866  auc:0.9981 ap:0.9747 f1: 0.8796 pred_right: 1061166 pred_wrong:35034 actu_right: 1061713 actu_wrong: 34487
2026-07-09 14:17:42,478 P1048959 INFO pr:0.8773  rc:0.8857  auc:0.9981 ap:0.9747 f1: 0.8815 pred_right: 454849 pred_wrong:14951 actu_right: 454992 actu_wrong: 14808
2026-07-09 14:17:42,479 P1048959 INFO ----------------------------------------------------------------------------------------------------
2026-07-09 14:17:42,479 P1048959 INFO 10/50 starting... lr: 0.001 para:0.09090909361839294
2026-07-09 14:18:04,286 P1048959 INFO Epoch 10/50, all_loss:0.83510 cls_loss:0.83562 rec_loss:0.82982 [21.80s]; best loss:0.83510, patience : 0
2026-07-09 14:18:15,426 P1048959 INFO pr:0.8724  rc:0.9347  auc:0.9981 ap:0.9823 f1: 0.9025 pred_right: 1059247 pred_wrong:36953 actu_right: 1061709 actu_wrong: 34491
2026-07-09 14:18:19,941 P1048959 INFO pr:0.8751  rc:0.9328  auc:0.9977 ap:0.9818 f1: 0.9030 pred_right: 454015 pred_wrong:15785 actu_right: 454992 actu_wrong: 14808
2026-07-09 14:18:19,945 P1048959 INFO ----------------------------------------------------------------------------------------------------
2026-07-09 14:18:19,945 P1048959 INFO 11/50 starting... lr: 0.001 para:0.0833333358168602
2026-07-09 14:18:42,885 P1048959 INFO Epoch 11/50, all_loss:0.79691 cls_loss:0.79074 rec_loss:0.86480 [22.94s]; best loss:0.79691, patience : 0
2026-07-09 14:18:52,761 P1048959 INFO pr:0.8962  rc:0.9252  auc:0.9989 ap:0.9830 f1: 0.9105 pred_right: 1060595 pred_wrong:35605 actu_right: 1061711 actu_wrong: 34489
2026-07-09 14:19:02,976 P1048959 INFO pr:0.8969  rc:0.9250  auc:0.9988 ap:0.9819 f1: 0.9107 pred_right: 454527 pred_wrong:15273 actu_right: 454992 actu_wrong: 14808
2026-07-09 14:19:02,986 P1048959 INFO ----------------------------------------------------------------------------------------------------
2026-07-09 14:19:02,986 P1048959 INFO 12/50 starting... lr: 0.001 para:0.07692307978868484
2026-07-09 14:19:27,718 P1048959 INFO Epoch 12/50, all_loss:0.75551 cls_loss:0.74465 rec_loss:0.88587 [24.73s]; best loss:0.75551, patience : 0
2026-07-09 14:19:38,850 P1048959 INFO pr:0.9654  rc:0.7134  auc:0.9984 ap:0.9847 f1: 0.8205 pred_right: 1070717 pred_wrong:25483 actu_right: 1061715 actu_wrong: 34485
2026-07-09 14:19:43,627 P1048959 INFO pr:0.9644  rc:0.7123  auc:0.9981 ap:0.9843 f1: 0.8194 pred_right: 458864 pred_wrong:10936 actu_right: 454992 actu_wrong: 14808
2026-07-09 14:19:43,628 P1048959 INFO ----------------------------------------------------------------------------------------------------
2026-07-09 14:19:43,628 P1048959 INFO 13/50 starting... lr: 0.001 para:0.0714285746216774
2026-07-09 14:20:05,530 P1048959 INFO Epoch 13/50, all_loss:0.70964 cls_loss:0.69524 rec_loss:0.89678 [21.90s]; best loss:0.70964, patience : 0
2026-07-09 14:20:18,622 P1048959 INFO pr:0.9251  rc:0.8738  auc:0.9990 ap:0.9858 f1: 0.8987 pred_right: 1063625 pred_wrong:32575 actu_right: 1061712 actu_wrong: 34488
2026-07-09 14:20:22,496 P1048959 INFO pr:0.9245  rc:0.8712  auc:0.9990 ap:0.9850 f1: 0.8970 pred_right: 455847 pred_wrong:13953 actu_right: 454992 actu_wrong: 14808
2026-07-09 14:20:22,497 P1048959 INFO ----------------------------------------------------------------------------------------------------
2026-07-09 14:20:22,497 P1048959 INFO 14/50 starting... lr: 0.001 para:0.06666667014360428
2026-07-09 14:20:51,974 P1048959 INFO Epoch 14/50, all_loss:0.72623 cls_loss:0.71361 rec_loss:0.90288 [29.48s]; best loss:0.70964, patience : 1
2026-07-09 14:21:03,062 P1048959 INFO pr:0.9136  rc:0.9136  auc:0.9991 ap:0.9873 f1: 0.9136 pred_right: 1061706 pred_wrong:34494 actu_right: 1061706 actu_wrong: 34494
2026-07-09 14:21:07,522 P1048959 INFO pr:0.9158  rc:0.9127  auc:0.9990 ap:0.9868 f1: 0.9142 pred_right: 455042 pred_wrong:14758 actu_right: 454992 actu_wrong: 14808
2026-07-09 14:21:07,527 P1048959 INFO ----------------------------------------------------------------------------------------------------
2026-07-09 14:21:07,527 P1048959 INFO 15/50 starting... lr: 0.001 para:0.0625
2026-07-09 14:21:29,239 P1048959 INFO Epoch 15/50, all_loss:0.63839 cls_loss:0.62001 rec_loss:0.91405 [21.71s]; best loss:0.63839, patience : 0
2026-07-09 14:21:40,645 P1048959 INFO pr:0.8985  rc:0.9415  auc:0.9991 ap:0.9882 f1: 0.9195 pred_right: 1060064 pred_wrong:36136 actu_right: 1061713 actu_wrong: 34487
2026-07-09 14:21:45,426 P1048959 INFO pr:0.9003  rc:0.9423  auc:0.9990 ap:0.9881 f1: 0.9208 pred_right: 454300 pred_wrong:15500 actu_right: 454992 actu_wrong: 14808
2026-07-09 14:21:45,431 P1048959 INFO ----------------------------------------------------------------------------------------------------
2026-07-09 14:21:45,431 P1048959 INFO 16/50 starting... lr: 0.001 para:0.05882352963089943
2026-07-09 14:22:08,813 P1048959 INFO Epoch 16/50, all_loss:0.66931 cls_loss:0.65176 rec_loss:0.95002 [23.38s]; best loss:0.63839, patience : 1
2026-07-09 14:22:26,065 P1048959 INFO pr:0.9215  rc:0.9192  auc:0.9991 ap:0.9863 f1: 0.9203 pred_right: 1061800 pred_wrong:34400 actu_right: 1061715 actu_wrong: 34485
2026-07-09 14:22:30,856 P1048959 INFO pr:0.9192  rc:0.9162  auc:0.9990 ap:0.9843 f1: 0.9177 pred_right: 455041 pred_wrong:14759 actu_right: 454992 actu_wrong: 14808
2026-07-09 14:22:30,861 P1048959 INFO ----------------------------------------------------------------------------------------------------
2026-07-09 14:22:30,861 P1048959 INFO 17/50 starting... lr: 0.001 para:0.0555555559694767
2026-07-09 14:22:52,519 P1048959 INFO Epoch 17/50, all_loss:0.62877 cls_loss:0.60873 rec_loss:0.96940 [21.65s]; best loss:0.62877, patience : 0
2026-07-09 14:23:03,553 P1048959 INFO pr:0.9097  rc:0.9403  auc:0.9992 ap:0.9891 f1: 0.9248 pred_right: 1060549 pred_wrong:35651 actu_right: 1061708 actu_wrong: 34492
2026-07-09 14:23:08,442 P1048959 INFO pr:0.9096  rc:0.9367  auc:0.9991 ap:0.9882 f1: 0.9229 pred_right: 454551 pred_wrong:15249 actu_right: 454992 actu_wrong: 14808
2026-07-09 14:23:08,447 P1048959 INFO ----------------------------------------------------------------------------------------------------
2026-07-09 14:23:08,447 P1048959 INFO 18/50 starting... lr: 0.001 para:0.05263157933950424
2026-07-09 14:23:31,333 P1048959 INFO Epoch 18/50, all_loss:0.62898 cls_loss:0.61032 rec_loss:0.96495 [22.89s]; best loss:0.62877, patience : 1
2026-07-09 14:23:41,420 P1048959 INFO pr:0.9115  rc:0.9562  auc:0.9990 ap:0.9906 f1: 0.9333 pred_right: 1060019 pred_wrong:36181 actu_right: 1061713 actu_wrong: 34487
2026-07-09 14:23:51,569 P1048959 INFO pr:0.9125  rc:0.9533  auc:0.9988 ap:0.9900 f1: 0.9325 pred_right: 454329 pred_wrong:15471 actu_right: 454992 actu_wrong: 14808
2026-07-09 14:23:51,579 P1048959 INFO ----------------------------------------------------------------------------------------------------
2026-07-09 14:23:51,580 P1048959 INFO 19/50 starting... lr: 0.001 para:0.05000000074505806
2026-07-09 14:24:16,039 P1048959 INFO Epoch 19/50, all_loss:0.59751 cls_loss:0.57753 rec_loss:0.97707 [24.45s]; best loss:0.59751, patience : 0
2026-07-09 14:24:27,239 P1048959 INFO pr:0.9025  rc:0.9687  auc:0.9993 ap:0.9890 f1: 0.9344 pred_right: 1059182 pred_wrong:37018 actu_right: 1061711 actu_wrong: 34489
2026-07-09 14:24:31,768 P1048959 INFO pr:0.9007  rc:0.9674  auc:0.9991 ap:0.9878 f1: 0.9329 pred_right: 453896 pred_wrong:15904 actu_right: 454992 actu_wrong: 14808
2026-07-09 14:24:31,773 P1048959 INFO ----------------------------------------------------------------------------------------------------
2026-07-09 14:24:31,773 P1048959 INFO 20/50 starting... lr: 0.001 para:0.0476190485060215
2026-07-09 14:24:54,213 P1048959 INFO Epoch 20/50, all_loss:0.61550 cls_loss:0.59674 rec_loss:0.99065 [22.44s]; best loss:0.59751, patience : 1
2026-07-09 14:25:06,481 P1048959 INFO pr:0.8848  rc:0.9792  auc:0.9992 ap:0.9898 f1: 0.9296 pred_right: 1058031 pred_wrong:38169 actu_right: 1061709 actu_wrong: 34491
2026-07-09 14:25:10,359 P1048959 INFO pr:0.8853  rc:0.9783  auc:0.9992 ap:0.9886 f1: 0.9295 pred_right: 453437 pred_wrong:16363 actu_right: 454992 actu_wrong: 14808
2026-07-09 14:25:10,360 P1048959 INFO ----------------------------------------------------------------------------------------------------
2026-07-09 14:25:10,367 P1048959 INFO 21/50 starting... lr: 0.001 para:0.04545454680919647
2026-07-09 14:25:39,494 P1048959 INFO Epoch 21/50, all_loss:0.60044 cls_loss:0.58047 rec_loss:1.01980 [29.13s]; best loss:0.59751, patience : 1
2026-07-09 14:25:50,640 P1048959 INFO pr:0.9356  rc:0.9236  auc:0.9994 ap:0.9918 f1: 0.9296 pred_right: 1062151 pred_wrong:34049 actu_right: 1061711 actu_wrong: 34489
2026-07-09 14:25:55,300 P1048959 INFO pr:0.9354  rc:0.9215  auc:0.9992 ap:0.9912 f1: 0.9284 pred_right: 455213 pred_wrong:14587 actu_right: 454992 actu_wrong: 14808
2026-07-09 14:25:55,301 P1048959 INFO ----------------------------------------------------------------------------------------------------
2026-07-09 14:25:55,302 P1048959 INFO 22/50 starting... lr: 0.001 para:0.043478261679410934
2026-07-09 14:26:17,338 P1048959 INFO Epoch 22/50, all_loss:0.54638 cls_loss:0.52431 rec_loss:1.03200 [22.03s]; best loss:0.54638, patience : 0
2026-07-09 14:26:28,494 P1048959 INFO pr:0.9128  rc:0.9602  auc:0.9993 ap:0.9912 f1: 0.9359 pred_right: 1059917 pred_wrong:36283 actu_right: 1061708 actu_wrong: 34492
2026-07-09 14:26:33,126 P1048959 INFO pr:0.9128  rc:0.9577  auc:0.9992 ap:0.9901 f1: 0.9347 pred_right: 454264 pred_wrong:15536 actu_right: 454992 actu_wrong: 14808
2026-07-09 14:26:33,131 P1048959 INFO ----------------------------------------------------------------------------------------------------
2026-07-09 14:26:33,131 P1048959 INFO 23/50 starting... lr: 0.001 para:0.0416666679084301
2026-07-09 14:26:55,583 P1048959 INFO Epoch 23/50, all_loss:0.56191 cls_loss:0.54168 rec_loss:1.02710 [22.45s]; best loss:0.54638, patience : 1
2026-07-09 14:27:15,244 P1048959 INFO pr:0.9460  rc:0.8997  auc:0.9993 ap:0.9908 f1: 0.9222 pred_right: 1063396 pred_wrong:32804 actu_right: 1061707 actu_wrong: 34493
2026-07-09 14:27:20,036 P1048959 INFO pr:0.9441  rc:0.8972  auc:0.9993 ap:0.9894 f1: 0.9200 pred_right: 455728 pred_wrong:14072 actu_right: 454992 actu_wrong: 14808
2026-07-09 14:27:20,037 P1048959 INFO ----------------------------------------------------------------------------------------------------
2026-07-09 14:27:20,038 P1048959 INFO 24/50 starting... lr: 0.001 para:0.03999999910593033
2026-07-09 14:27:41,926 P1048959 INFO Epoch 24/50, all_loss:0.54372 cls_loss:0.52277 rec_loss:1.04647 [21.88s]; best loss:0.54372, patience : 0
2026-07-09 14:27:52,883 P1048959 INFO pr:0.9141  rc:0.9482  auc:0.9993 ap:0.9902 f1: 0.9308 pred_right: 1060420 pred_wrong:35780 actu_right: 1061708 actu_wrong: 34492
2026-07-09 14:27:57,593 P1048959 INFO pr:0.9134  rc:0.9448  auc:0.9992 ap:0.9898 f1: 0.9288 pred_right: 454484 pred_wrong:15316 actu_right: 454992 actu_wrong: 14808
2026-07-09 14:27:57,594 P1048959 INFO ----------------------------------------------------------------------------------------------------
2026-07-09 14:27:57,594 P1048959 INFO 25/50 starting... lr: 0.001 para:0.03846153989434242
2026-07-09 14:28:20,615 P1048959 INFO Epoch 25/50, all_loss:0.53672 cls_loss:0.51614 rec_loss:1.05121 [23.02s]; best loss:0.53672, patience : 0
2026-07-09 14:28:30,779 P1048959 INFO pr:0.9065  rc:0.9690  auc:0.9994 ap:0.9902 f1: 0.9367 pred_right: 1059333 pred_wrong:36867 actu_right: 1061711 actu_wrong: 34489
2026-07-09 14:28:40,775 P1048959 INFO pr:0.9093  rc:0.9677  auc:0.9993 ap:0.9899 f1: 0.9375 pred_right: 454041 pred_wrong:15759 actu_right: 454992 actu_wrong: 14808
2026-07-09 14:28:40,785 P1048959 INFO ----------------------------------------------------------------------------------------------------
2026-07-09 14:28:40,785 P1048959 INFO 26/50 starting... lr: 0.001 para:0.03703703731298447
2026-07-09 14:29:05,702 P1048959 INFO Epoch 26/50, all_loss:0.53778 cls_loss:0.51705 rec_loss:1.07696 [24.92s]; best loss:0.53672, patience : 1
2026-07-09 14:29:17,117 P1048959 INFO pr:0.9454  rc:0.9146  auc:0.9994 ap:0.9923 f1: 0.9298 pred_right: 1062829 pred_wrong:33371 actu_right: 1061704 actu_wrong: 34496
2026-07-09 14:29:21,738 P1048959 INFO pr:0.9464  rc:0.9124  auc:0.9993 ap:0.9918 f1: 0.9291 pred_right: 455524 pred_wrong:14276 actu_right: 454992 actu_wrong: 14808
2026-07-09 14:29:21,739 P1048959 INFO ----------------------------------------------------------------------------------------------------
2026-07-09 14:29:21,739 P1048959 INFO 27/50 starting... lr: 0.001 para:0.0357142873108387
2026-07-09 14:29:44,218 P1048959 INFO Epoch 27/50, all_loss:0.51219 cls_loss:0.49143 rec_loss:1.07272 [22.47s]; best loss:0.51219, patience : 0
2026-07-09 14:29:57,118 P1048959 INFO pr:0.9236  rc:0.9638  auc:0.9992 ap:0.9933 f1: 0.9433 pred_right: 1060212 pred_wrong:35988 actu_right: 1061715 actu_wrong: 34485
2026-07-09 14:30:00,881 P1048959 INFO pr:0.9231  rc:0.9616  auc:0.9993 ap:0.9926 f1: 0.9420 pred_right: 454374 pred_wrong:15426 actu_right: 454992 actu_wrong: 14808
2026-07-09 14:30:00,885 P1048959 INFO ----------------------------------------------------------------------------------------------------
2026-07-09 14:30:00,885 P1048959 INFO 28/50 starting... lr: 0.001 para:0.03448275849223137
2026-07-09 14:30:30,002 P1048959 INFO Epoch 28/50, all_loss:0.50510 cls_loss:0.48403 rec_loss:1.09493 [29.11s]; best loss:0.50510, patience : 0
2026-07-09 14:30:41,128 P1048959 INFO pr:0.9331  rc:0.9476  auc:0.9993 ap:0.9915 f1: 0.9403 pred_right: 1061172 pred_wrong:35028 actu_right: 1061708 actu_wrong: 34492
2026-07-09 14:30:45,775 P1048959 INFO pr:0.9335  rc:0.9435  auc:0.9991 ap:0.9910 f1: 0.9384 pred_right: 454833 pred_wrong:14967 actu_right: 454992 actu_wrong: 14808
2026-07-09 14:30:45,776 P1048959 INFO ----------------------------------------------------------------------------------------------------
2026-07-09 14:30:45,776 P1048959 INFO 29/50 starting... lr: 0.001 para:0.03333333507180214
2026-07-09 14:31:07,721 P1048959 INFO Epoch 29/50, all_loss:0.50838 cls_loss:0.48790 rec_loss:1.10248 [21.94s]; best loss:0.50510, patience : 1
2026-07-09 14:31:19,220 P1048959 INFO pr:0.9269  rc:0.9568  auc:0.9995 ap:0.9928 f1: 0.9416 pred_right: 1060598 pred_wrong:35602 actu_right: 1061712 actu_wrong: 34488
2026-07-09 14:31:24,147 P1048959 INFO pr:0.9239  rc:0.9525  auc:0.9994 ap:0.9918 f1: 0.9380 pred_right: 454535 pred_wrong:15265 actu_right: 454992 actu_wrong: 14808
2026-07-09 14:31:24,148 P1048959 INFO ----------------------------------------------------------------------------------------------------
2026-07-09 14:31:24,148 P1048959 INFO 30/50 starting... lr: 0.001 para:0.032258063554763794
2026-07-09 14:31:46,879 P1048959 INFO Epoch 30/50, all_loss:0.47714 cls_loss:0.45575 rec_loss:1.11873 [22.71s]; best loss:0.47714, patience : 0
2026-07-09 14:32:05,150 P1048959 INFO pr:0.9351  rc:0.9433  auc:0.9992 ap:0.9905 f1: 0.9392 pred_right: 1061409 pred_wrong:34791 actu_right: 1061711 actu_wrong: 34489
2026-07-09 14:32:09,816 P1048959 INFO pr:0.9335  rc:0.9406  auc:0.9992 ap:0.9893 f1: 0.9370 pred_right: 454880 pred_wrong:14920 actu_right: 454992 actu_wrong: 14808
2026-07-09 14:32:09,817 P1048959 INFO ----------------------------------------------------------------------------------------------------
2026-07-09 14:32:09,817 P1048959 INFO 31/50 starting... lr: 0.001 para:0.03125
2026-07-09 14:32:31,917 P1048959 INFO Epoch 31/50, all_loss:0.54511 cls_loss:0.52660 rec_loss:1.11882 [22.10s]; best loss:0.47714, patience : 1
2026-07-09 14:32:43,093 P1048959 INFO pr:0.9050  rc:0.9829  auc:0.9995 ap:0.9932 f1: 0.9423 pred_right: 1058741 pred_wrong:37459 actu_right: 1061709 actu_wrong: 34491
2026-07-09 14:32:47,607 P1048959 INFO pr:0.9045  rc:0.9779  auc:0.9994 ap:0.9916 f1: 0.9398 pred_right: 453790 pred_wrong:16010 actu_right: 454992 actu_wrong: 14808
2026-07-09 14:32:47,608 P1048959 INFO ----------------------------------------------------------------------------------------------------
2026-07-09 14:32:47,608 P1048959 INFO 32/50 starting... lr: 0.001 para:0.03030303120613098
2026-07-09 14:33:10,115 P1048959 INFO Epoch 32/50, all_loss:0.47275 cls_loss:0.45264 rec_loss:1.11610 [22.50s]; best loss:0.47275, patience : 0
2026-07-09 14:33:20,128 P1048959 INFO pr:0.9246  rc:0.9634  auc:0.9994 ap:0.9921 f1: 0.9436 pred_right: 1060263 pred_wrong:35937 actu_right: 1061709 actu_wrong: 34491
2026-07-09 14:33:30,456 P1048959 INFO pr:0.9262  rc:0.9578  auc:0.9993 ap:0.9916 f1: 0.9417 pred_right: 454487 pred_wrong:15313 actu_right: 454992 actu_wrong: 14808
2026-07-09 14:33:30,467 P1048959 INFO ----------------------------------------------------------------------------------------------------
2026-07-09 14:33:30,468 P1048959 INFO 33/50 starting... lr: 0.001 para:0.029411764815449715
2026-07-09 14:33:55,645 P1048959 INFO Epoch 33/50, all_loss:0.44472 cls_loss:0.42350 rec_loss:1.14491 [25.17s]; best loss:0.44472, patience : 0
2026-07-09 14:34:06,866 P1048959 INFO pr:0.9396  rc:0.9580  auc:0.9991 ap:0.9937 f1: 0.9487 pred_right: 1061034 pred_wrong:35166 actu_right: 1061710 actu_wrong: 34490
2026-07-09 14:34:11,452 P1048959 INFO pr:0.9394  rc:0.9529  auc:0.9986 ap:0.9928 f1: 0.9461 pred_right: 454779 pred_wrong:15021 actu_right: 454992 actu_wrong: 14808
2026-07-09 14:34:11,457 P1048959 INFO ----------------------------------------------------------------------------------------------------
2026-07-09 14:34:11,457 P1048959 INFO 34/50 starting... lr: 0.001 para:0.02857142873108387
2026-07-09 14:34:33,479 P1048959 INFO Epoch 34/50, all_loss:0.44514 cls_loss:0.42396 rec_loss:1.16534 [22.02s]; best loss:0.44472, patience : 1
2026-07-09 14:34:46,891 P1048959 INFO pr:0.9363  rc:0.9580  auc:0.9995 ap:0.9935 f1: 0.9471 pred_right: 1060913 pred_wrong:35287 actu_right: 1061713 actu_wrong: 34487
2026-07-09 14:34:50,536 P1048959 INFO pr:0.9353  rc:0.9554  auc:0.9993 ap:0.9924 f1: 0.9452 pred_right: 454674 pred_wrong:15126 actu_right: 454992 actu_wrong: 14808
2026-07-09 14:34:50,537 P1048959 INFO ----------------------------------------------------------------------------------------------------
2026-07-09 14:34:50,537 P1048959 INFO 35/50 starting... lr: 0.001 para:0.02777777798473835
2026-07-09 14:35:19,948 P1048959 INFO Epoch 35/50, all_loss:0.45413 cls_loss:0.43393 rec_loss:1.16129 [29.41s]; best loss:0.44472, patience : 2
2026-07-09 14:35:31,133 P1048959 INFO pr:0.9366  rc:0.9537  auc:0.9995 ap:0.9924 f1: 0.9451 pred_right: 1061082 pred_wrong:35118 actu_right: 1061713 actu_wrong: 34487
2026-07-09 14:35:36,097 P1048959 INFO pr:0.9364  rc:0.9504  auc:0.9994 ap:0.9913 f1: 0.9434 pred_right: 454770 pred_wrong:15030 actu_right: 454992 actu_wrong: 14808
2026-07-09 14:35:36,097 P1048959 INFO ----------------------------------------------------------------------------------------------------
2026-07-09 14:35:36,104 P1048959 INFO 36/50 starting... lr: 0.001 para:0.027027027681469917
2026-07-09 14:35:58,155 P1048959 INFO Epoch 36/50, all_loss:0.43756 cls_loss:0.41694 rec_loss:1.17985 [22.05s]; best loss:0.43756, patience : 0
2026-07-09 14:36:09,778 P1048959 INFO pr:0.9135  rc:0.9865  auc:0.9995 ap:0.9935 f1: 0.9486 pred_right: 1058951 pred_wrong:37249 actu_right: 1061710 actu_wrong: 34490
2026-07-09 14:36:14,723 P1048959 INFO pr:0.9122  rc:0.9830  auc:0.9994 ap:0.9921 f1: 0.9463 pred_right: 453843 pred_wrong:15957 actu_right: 454992 actu_wrong: 14808
2026-07-09 14:36:14,724 P1048959 INFO ----------------------------------------------------------------------------------------------------
2026-07-09 14:36:14,724 P1048959 INFO 37/50 starting... lr: 0.001 para:0.02631578966975212
2026-07-09 14:36:39,023 P1048959 INFO Epoch 37/50, all_loss:0.43344 cls_loss:0.41366 rec_loss:1.16515 [24.29s]; best loss:0.43344, patience : 0
2026-07-09 14:36:55,822 P1048959 INFO pr:0.9324  rc:0.9758  auc:0.9996 ap:0.9947 f1: 0.9536 pred_right: 1060108 pred_wrong:36092 actu_right: 1061712 actu_wrong: 34488
2026-07-09 14:37:00,648 P1048959 INFO pr:0.9311  rc:0.9706  auc:0.9994 ap:0.9934 f1: 0.9504 pred_right: 454363 pred_wrong:15437 actu_right: 454992 actu_wrong: 14808
2026-07-09 14:37:00,653 P1048959 INFO ----------------------------------------------------------------------------------------------------
2026-07-09 14:37:00,653 P1048959 INFO 38/50 starting... lr: 0.001 para:0.025641025975346565
2026-07-09 14:37:22,625 P1048959 INFO Epoch 38/50, all_loss:0.40997 cls_loss:0.38904 rec_loss:1.20547 [21.97s]; best loss:0.40997, patience : 0
2026-07-09 14:37:34,367 P1048959 INFO pr:0.9226  rc:0.9666  auc:0.9994 ap:0.9931 f1: 0.9441 pred_right: 1060070 pred_wrong:36130 actu_right: 1061712 actu_wrong: 34488
2026-07-09 14:37:39,238 P1048959 INFO pr:0.9206  rc:0.9641  auc:0.9992 ap:0.9916 f1: 0.9418 pred_right: 454292 pred_wrong:15508 actu_right: 454992 actu_wrong: 14808
2026-07-09 14:37:39,239 P1048959 INFO ----------------------------------------------------------------------------------------------------
2026-07-09 14:37:39,239 P1048959 INFO 39/50 starting... lr: 0.001 para:0.02500000037252903
2026-07-09 14:38:01,734 P1048959 INFO Epoch 39/50, all_loss:0.42394 cls_loss:0.40376 rec_loss:1.21105 [22.49s]; best loss:0.40997, patience : 1
2026-07-09 14:38:12,207 P1048959 INFO pr:0.9408  rc:0.9635  auc:0.9993 ap:0.9950 f1: 0.9520 pred_right: 1060874 pred_wrong:35326 actu_right: 1061708 actu_wrong: 34492
2026-07-09 14:38:22,166 P1048959 INFO pr:0.9410  rc:0.9604  auc:0.9993 ap:0.9944 f1: 0.9506 pred_right: 454686 pred_wrong:15114 actu_right: 454992 actu_wrong: 14808
2026-07-09 14:38:22,168 P1048959 INFO ----------------------------------------------------------------------------------------------------
2026-07-09 14:38:22,168 P1048959 INFO 40/50 starting... lr: 0.001 para:0.024390242993831635
2026-07-09 14:38:46,691 P1048959 INFO Epoch 40/50, all_loss:0.44323 cls_loss:0.42330 rec_loss:1.24044 [24.52s]; best loss:0.40997, patience : 2
2026-07-09 14:38:57,427 P1048959 INFO pr:0.9344  rc:0.9667  auc:0.9994 ap:0.9941 f1: 0.9503 pred_right: 1060522 pred_wrong:35678 actu_right: 1061714 actu_wrong: 34486
2026-07-09 14:39:02,242 P1048959 INFO pr:0.9333  rc:0.9625  auc:0.9991 ap:0.9932 f1: 0.9477 pred_right: 454530 pred_wrong:15270 actu_right: 454992 actu_wrong: 14808
2026-07-09 14:39:02,243 P1048959 INFO ----------------------------------------------------------------------------------------------------
2026-07-09 14:39:02,243 P1048959 INFO 41/50 starting... lr: 0.001 para:0.02380952425301075
2026-07-09 14:39:24,500 P1048959 INFO Epoch 41/50, all_loss:0.39240 cls_loss:0.37152 rec_loss:1.24824 [22.25s]; best loss:0.39240, patience : 0
2026-07-09 14:39:37,562 P1048959 INFO pr:0.9451  rc:0.9387  auc:0.9995 ap:0.9947 f1: 0.9419 pred_right: 1061944 pred_wrong:34256 actu_right: 1061711 actu_wrong: 34489
2026-07-09 14:39:41,415 P1048959 INFO pr:0.9433  rc:0.9344  auc:0.9993 ap:0.9939 f1: 0.9388 pred_right: 455132 pred_wrong:14668 actu_right: 454992 actu_wrong: 14808
2026-07-09 14:39:41,416 P1048959 INFO ----------------------------------------------------------------------------------------------------
2026-07-09 14:39:41,416 P1048959 INFO 42/50 starting... lr: 0.001 para:0.023255813866853714
2026-07-09 14:40:10,431 P1048959 INFO Epoch 42/50, all_loss:0.42136 cls_loss:0.40192 rec_loss:1.23796 [29.01s]; best loss:0.39240, patience : 1
2026-07-09 14:40:21,681 P1048959 INFO pr:0.9264  rc:0.9773  auc:0.9994 ap:0.9946 f1: 0.9512 pred_right: 1059815 pred_wrong:36385 actu_right: 1061708 actu_wrong: 34492
2026-07-09 14:40:26,351 P1048959 INFO pr:0.9288  rc:0.9743  auc:0.9992 ap:0.9941 f1: 0.9510 pred_right: 454266 pred_wrong:15534 actu_right: 454992 actu_wrong: 14808
2026-07-09 14:40:26,352 P1048959 INFO ----------------------------------------------------------------------------------------------------
2026-07-09 14:40:26,352 P1048959 INFO 43/50 starting... lr: 0.001 para:0.022727273404598236
2026-07-09 14:40:48,467 P1048959 INFO Epoch 43/50, all_loss:0.40365 cls_loss:0.38467 rec_loss:1.21983 [22.11s]; best loss:0.39240, patience : 1
2026-07-09 14:40:59,694 P1048959 INFO pr:0.9571  rc:0.9304  auc:0.9994 ap:0.9950 f1: 0.9435 pred_right: 1062672 pred_wrong:33528 actu_right: 1061712 actu_wrong: 34488
2026-07-09 14:41:04,427 P1048959 INFO pr:0.9568  rc:0.9209  auc:0.9991 ap:0.9939 f1: 0.9385 pred_right: 455547 pred_wrong:14253 actu_right: 454992 actu_wrong: 14808
2026-07-09 14:41:04,428 P1048959 INFO ----------------------------------------------------------------------------------------------------
2026-07-09 14:41:04,428 P1048959 INFO 44/50 starting... lr: 0.001 para:0.02222222276031971
2026-07-09 14:41:28,680 P1048959 INFO Epoch 44/50, all_loss:0.37592 cls_loss:0.35643 rec_loss:1.23357 [24.24s]; best loss:0.37592, patience : 0
2026-07-09 14:41:46,233 P1048959 INFO pr:0.9531  rc:0.9460  auc:0.9996 ap:0.9951 f1: 0.9495 pred_right: 1061969 pred_wrong:34231 actu_right: 1061711 actu_wrong: 34489
2026-07-09 14:41:51,021 P1048959 INFO pr:0.9531  rc:0.9378  auc:0.9994 ap:0.9943 f1: 0.9454 pred_right: 455230 pred_wrong:14570 actu_right: 454992 actu_wrong: 14808
2026-07-09 14:41:51,022 P1048959 INFO ----------------------------------------------------------------------------------------------------
2026-07-09 14:41:51,022 P1048959 INFO 45/50 starting... lr: 0.001 para:0.021739130839705467
2026-07-09 14:42:12,988 P1048959 INFO Epoch 45/50, all_loss:0.41036 cls_loss:0.39193 rec_loss:1.23952 [21.96s]; best loss:0.37592, patience : 1
2026-07-09 14:42:24,118 P1048959 INFO pr:0.9411  rc:0.9743  auc:0.9996 ap:0.9957 f1: 0.9574 pred_right: 1060493 pred_wrong:35707 actu_right: 1061708 actu_wrong: 34492
2026-07-09 14:42:29,047 P1048959 INFO pr:0.9409  rc:0.9708  auc:0.9995 ap:0.9950 f1: 0.9556 pred_right: 454522 pred_wrong:15278 actu_right: 454992 actu_wrong: 14808
2026-07-09 14:42:29,052 P1048959 INFO ----------------------------------------------------------------------------------------------------
2026-07-09 14:42:29,052 P1048959 INFO 46/50 starting... lr: 0.001 para:0.021276595070958138
2026-07-09 14:42:51,344 P1048959 INFO Epoch 46/50, all_loss:0.38124 cls_loss:0.36195 rec_loss:1.26889 [22.29s]; best loss:0.37592, patience : 1
2026-07-09 14:43:02,263 P1048959 INFO pr:0.9563  rc:0.9513  auc:0.9996 ap:0.9958 f1: 0.9538 pred_right: 1061892 pred_wrong:34308 actu_right: 1061713 actu_wrong: 34487
2026-07-09 14:43:12,514 P1048959 INFO pr:0.9538  rc:0.9442  auc:0.9994 ap:0.9948 f1: 0.9490 pred_right: 455142 pred_wrong:14658 actu_right: 454992 actu_wrong: 14808
2026-07-09 14:43:12,517 P1048959 INFO ----------------------------------------------------------------------------------------------------
2026-07-09 14:43:12,518 P1048959 INFO 47/50 starting... lr: 0.001 para:0.02083333395421505
2026-07-09 14:43:36,166 P1048959 INFO Epoch 47/50, all_loss:0.39391 cls_loss:0.37563 rec_loss:1.25328 [23.65s]; best loss:0.37592, patience : 2
2026-07-09 14:43:47,406 P1048959 INFO pr:0.9343  rc:0.9821  auc:0.9996 ap:0.9959 f1: 0.9576 pred_right: 1059946 pred_wrong:36254 actu_right: 1061710 actu_wrong: 34490
2026-07-09 14:43:52,244 P1048959 INFO pr:0.9322  rc:0.9781  auc:0.9994 ap:0.9951 f1: 0.9546 pred_right: 454264 pred_wrong:15536 actu_right: 454992 actu_wrong: 14808
2026-07-09 14:43:52,250 P1048959 INFO ----------------------------------------------------------------------------------------------------
2026-07-09 14:43:52,250 P1048959 INFO 48/50 starting... lr: 0.001 para:0.020408162847161293
2026-07-09 14:44:14,628 P1048959 INFO Epoch 48/50, all_loss:0.37032 cls_loss:0.35182 rec_loss:1.25823 [22.37s]; best loss:0.37032, patience : 0
2026-07-09 14:44:27,109 P1048959 INFO pr:0.9313  rc:0.9795  auc:0.9996 ap:0.9943 f1: 0.9548 pred_right: 1059928 pred_wrong:36272 actu_right: 1061712 actu_wrong: 34488
2026-07-09 14:44:30,897 P1048959 INFO pr:0.9299  rc:0.9736  auc:0.9995 ap:0.9927 f1: 0.9512 pred_right: 454296 pred_wrong:15504 actu_right: 454992 actu_wrong: 14808
2026-07-09 14:44:30,897 P1048959 INFO ----------------------------------------------------------------------------------------------------
2026-07-09 14:44:30,898 P1048959 INFO 49/50 starting... lr: 0.001 para:0.019999999552965164
2026-07-09 14:45:00,633 P1048959 INFO Epoch 49/50, all_loss:0.37507 cls_loss:0.35654 rec_loss:1.28312 [29.73s]; best loss:0.37032, patience : 1
2026-07-09 14:45:11,680 P1048959 INFO pr:0.9601  rc:0.9215  auc:0.9996 ap:0.9943 f1: 0.9404 pred_right: 1063101 pred_wrong:33099 actu_right: 1061711 actu_wrong: 34489
2026-07-09 14:45:16,273 P1048959 INFO pr:0.9587  rc:0.9160  auc:0.9994 ap:0.9936 f1: 0.9369 pred_right: 455652 pred_wrong:14148 actu_right: 454992 actu_wrong: 14808
2026-07-09 14:45:16,274 P1048959 INFO saving model...
2026-07-09 14:45:16,274 P1048959 INFO FITS_Legendre - loss  best score:0.3703222870826721 at epoch 48
2026-07-09 14:45:16,280 P1048959 INFO FITS_Legendre - f1  best score:0.9575653058916658 at epoch 47
2026-07-09 14:45:16,284 P1048959 INFO Average training time per epoch: 23.72 seconds
2026-07-09 14:45:16,285 P1048959 INFO calculate scores...
2026-07-09 14:45:16,285 P1048959 INFO calculate label with loss...
2026-07-09 14:45:16,285 P1048959 INFO FITS_Legendre on ./result/server_only_exps/Sensitivity/FITS_Legendre-TT-Epochs50-Seed1-ExpNameRQ3_sensitivity-LPFLPF-Attnlinear_attn-NormLinTrue-RecLambda1.0-AuxiLambda0.1-Degree1 loading...
2026-07-09 14:45:21,037 P1048959 INFO pr:0.9299  rc:0.9736  auc:0.9995 ap:0.9927 f1: 0.9512 pred_right: 454296 pred_wrong:15504 actu_right: 454992 actu_wrong: 14808
2026-07-09 14:45:35,195 P1048959 INFO pr:0.9299  rc:0.9736  auc:0.9995 ap:0.9927 f1: 0.9512 pred_right: 454296 pred_wrong:15504 actu_right: 454992 actu_wrong: 14808
2026-07-09 14:45:35,195 P1048959 INFO Performance Summary:
{'GPU': {'inference_time_per_sample_ms': 0.23967161824590988, 'throughput_samples_per_sec': 4172.375550007643, 'peak_memory_mb': 139.2978515625, 'energy_per_sample_joules': 0.013283320098043064}, 'CPU': {'inference_time_per_sample_ms': 0.7775035024921054, 'throughput_samples_per_sec': 1286.1678394949145, 'peak_memory_mb': 5907.5, 'energy_per_sample_joules': 0.05053772766198685}}
2026-07-09 14:45:35,196 P1048959 INFO Starting clean-room hardware benchmarking...
2026-07-09 14:45:36,279 P1048959 INFO Performance with loss: pr:0.9299  rc:0.9736  auc:0.9995 ap:0.9927 f1: 0.9512 pred_right: 454296 pred_wrong:15504 actu_right: 454992 actu_wrong: 14808
2026-07-09 14:45:36,279 P1048959 INFO calculate label with f1...
2026-07-09 14:45:36,279 P1048959 INFO FITS_Legendre on ./result/server_only_exps/Sensitivity/FITS_Legendre-TT-Epochs50-Seed1-ExpNameRQ3_sensitivity-LPFLPF-Attnlinear_attn-NormLinTrue-RecLambda1.0-AuxiLambda0.1-Degree1 loading...
2026-07-09 14:45:40,995 P1048959 INFO pr:0.9322  rc:0.9781  auc:0.9994 ap:0.9951 f1: 0.9546 pred_right: 454264 pred_wrong:15536 actu_right: 454992 actu_wrong: 14808
2026-07-09 14:45:55,255 P1048959 INFO pr:0.9322  rc:0.9781  auc:0.9994 ap:0.9951 f1: 0.9546 pred_right: 454264 pred_wrong:15536 actu_right: 454992 actu_wrong: 14808
2026-07-09 14:45:55,256 P1048959 INFO Performance Summary:
{'GPU': {'inference_time_per_sample_ms': 0.23765559409981343, 'throughput_samples_per_sec': 4207.769666806194, 'peak_memory_mb': 138.791015625, 'energy_per_sample_joules': 0.014770889312288656}, 'CPU': {'inference_time_per_sample_ms': 0.7833735403593044, 'throughput_samples_per_sec': 1276.5302227866123, 'peak_memory_mb': 5679.05859375, 'energy_per_sample_joules': 0.05091928012335478}}
2026-07-09 14:45:55,256 P1048959 INFO Starting clean-room hardware benchmarking...
2026-07-09 14:45:56,194 P1048959 INFO Performance with f1: pr:0.9322  rc:0.9781  auc:0.9994 ap:0.9951 f1: 0.9546 pred_right: 454264 pred_wrong:15536 actu_right: 454992 actu_wrong: 14808
